[2024-09-06T05:52:40.058+0000] {processor.py:186} INFO - Started process (PID=74) to work on /home/airflow/.local/lib/python3.12/site-packages/airflow/example_dags/example_complex.py
[2024-09-06T05:52:40.061+0000] {processor.py:914} INFO - Processing file /home/airflow/.local/lib/python3.12/site-packages/airflow/example_dags/example_complex.py for tasks to queue
[2024-09-06T05:52:40.069+0000] {logging_mixin.py:190} INFO - [2024-09-06T05:52:40.068+0000] {dagbag.py:587} INFO - Filling up the DagBag from /home/airflow/.local/lib/python3.12/site-packages/airflow/example_dags/example_complex.py
[2024-09-06T05:52:40.150+0000] {processor.py:925} INFO - DAG(s) 'example_complex' retrieved from /home/airflow/.local/lib/python3.12/site-packages/airflow/example_dags/example_complex.py
[2024-09-06T05:52:40.284+0000] {logging_mixin.py:190} INFO - [2024-09-06T05:52:40.283+0000] {dag.py:3211} INFO - Sync 1 DAGs
[2024-09-06T05:52:40.336+0000] {logging_mixin.py:190} INFO - [2024-09-06T05:52:40.335+0000] {dag.py:4138} INFO - Setting next_dagrun for example_complex to None, run_after=None
[2024-09-06T05:52:40.395+0000] {processor.py:208} INFO - Processing /home/airflow/.local/lib/python3.12/site-packages/airflow/example_dags/example_complex.py took 0.356 seconds
[2024-09-06T05:53:11.230+0000] {processor.py:186} INFO - Started process (PID=137) to work on /home/airflow/.local/lib/python3.12/site-packages/airflow/example_dags/example_complex.py
[2024-09-06T05:53:11.259+0000] {processor.py:914} INFO - Processing file /home/airflow/.local/lib/python3.12/site-packages/airflow/example_dags/example_complex.py for tasks to queue
[2024-09-06T05:53:11.267+0000] {logging_mixin.py:190} INFO - [2024-09-06T05:53:11.267+0000] {dagbag.py:587} INFO - Filling up the DagBag from /home/airflow/.local/lib/python3.12/site-packages/airflow/example_dags/example_complex.py
[2024-09-06T05:53:11.366+0000] {processor.py:925} INFO - DAG(s) 'example_complex' retrieved from /home/airflow/.local/lib/python3.12/site-packages/airflow/example_dags/example_complex.py
[2024-09-06T05:53:11.636+0000] {logging_mixin.py:190} INFO - [2024-09-06T05:53:11.636+0000] {dag.py:3211} INFO - Sync 1 DAGs
[2024-09-06T05:53:11.684+0000] {logging_mixin.py:190} INFO - [2024-09-06T05:53:11.683+0000] {dag.py:4138} INFO - Setting next_dagrun for example_complex to None, run_after=None
[2024-09-06T05:53:11.740+0000] {processor.py:208} INFO - Processing /home/airflow/.local/lib/python3.12/site-packages/airflow/example_dags/example_complex.py took 0.544 seconds
[2024-09-06T05:53:42.281+0000] {processor.py:186} INFO - Started process (PID=200) to work on /home/airflow/.local/lib/python3.12/site-packages/airflow/example_dags/example_complex.py
[2024-09-06T05:53:42.300+0000] {processor.py:914} INFO - Processing file /home/airflow/.local/lib/python3.12/site-packages/airflow/example_dags/example_complex.py for tasks to queue
[2024-09-06T05:53:42.309+0000] {logging_mixin.py:190} INFO - [2024-09-06T05:53:42.308+0000] {dagbag.py:587} INFO - Filling up the DagBag from /home/airflow/.local/lib/python3.12/site-packages/airflow/example_dags/example_complex.py
[2024-09-06T05:53:42.394+0000] {processor.py:925} INFO - DAG(s) 'example_complex' retrieved from /home/airflow/.local/lib/python3.12/site-packages/airflow/example_dags/example_complex.py
[2024-09-06T05:53:42.534+0000] {logging_mixin.py:190} INFO - [2024-09-06T05:53:42.534+0000] {dag.py:3211} INFO - Sync 1 DAGs
[2024-09-06T05:53:42.659+0000] {logging_mixin.py:190} INFO - [2024-09-06T05:53:42.658+0000] {dag.py:4138} INFO - Setting next_dagrun for example_complex to None, run_after=None
[2024-09-06T05:53:42.787+0000] {processor.py:208} INFO - Processing /home/airflow/.local/lib/python3.12/site-packages/airflow/example_dags/example_complex.py took 0.536 seconds
[2024-09-06T05:54:14.027+0000] {processor.py:186} INFO - Started process (PID=263) to work on /home/airflow/.local/lib/python3.12/site-packages/airflow/example_dags/example_complex.py
[2024-09-06T05:54:14.030+0000] {processor.py:914} INFO - Processing file /home/airflow/.local/lib/python3.12/site-packages/airflow/example_dags/example_complex.py for tasks to queue
[2024-09-06T05:54:14.054+0000] {logging_mixin.py:190} INFO - [2024-09-06T05:54:14.043+0000] {dagbag.py:587} INFO - Filling up the DagBag from /home/airflow/.local/lib/python3.12/site-packages/airflow/example_dags/example_complex.py
[2024-09-06T05:54:14.148+0000] {processor.py:925} INFO - DAG(s) 'example_complex' retrieved from /home/airflow/.local/lib/python3.12/site-packages/airflow/example_dags/example_complex.py
[2024-09-06T05:54:14.355+0000] {logging_mixin.py:190} INFO - [2024-09-06T05:54:14.355+0000] {dag.py:3211} INFO - Sync 1 DAGs
[2024-09-06T05:54:14.452+0000] {logging_mixin.py:190} INFO - [2024-09-06T05:54:14.451+0000] {dag.py:4138} INFO - Setting next_dagrun for example_complex to None, run_after=None
[2024-09-06T05:54:14.558+0000] {processor.py:208} INFO - Processing /home/airflow/.local/lib/python3.12/site-packages/airflow/example_dags/example_complex.py took 0.553 seconds
[2024-09-06T05:54:44.829+0000] {processor.py:186} INFO - Started process (PID=325) to work on /home/airflow/.local/lib/python3.12/site-packages/airflow/example_dags/example_complex.py
[2024-09-06T05:54:44.832+0000] {processor.py:914} INFO - Processing file /home/airflow/.local/lib/python3.12/site-packages/airflow/example_dags/example_complex.py for tasks to queue
[2024-09-06T05:54:44.841+0000] {logging_mixin.py:190} INFO - [2024-09-06T05:54:44.840+0000] {dagbag.py:587} INFO - Filling up the DagBag from /home/airflow/.local/lib/python3.12/site-packages/airflow/example_dags/example_complex.py
[2024-09-06T05:54:44.882+0000] {processor.py:925} INFO - DAG(s) 'example_complex' retrieved from /home/airflow/.local/lib/python3.12/site-packages/airflow/example_dags/example_complex.py
[2024-09-06T05:54:45.071+0000] {logging_mixin.py:190} INFO - [2024-09-06T05:54:45.070+0000] {dag.py:3211} INFO - Sync 1 DAGs
[2024-09-06T05:54:45.111+0000] {logging_mixin.py:190} INFO - [2024-09-06T05:54:45.111+0000] {dag.py:4138} INFO - Setting next_dagrun for example_complex to None, run_after=None
[2024-09-06T05:54:45.157+0000] {processor.py:208} INFO - Processing /home/airflow/.local/lib/python3.12/site-packages/airflow/example_dags/example_complex.py took 0.345 seconds
[2024-09-06T05:55:15.965+0000] {processor.py:186} INFO - Started process (PID=388) to work on /home/airflow/.local/lib/python3.12/site-packages/airflow/example_dags/example_complex.py
[2024-09-06T05:55:15.978+0000] {processor.py:914} INFO - Processing file /home/airflow/.local/lib/python3.12/site-packages/airflow/example_dags/example_complex.py for tasks to queue
[2024-09-06T05:55:15.996+0000] {logging_mixin.py:190} INFO - [2024-09-06T05:55:15.995+0000] {dagbag.py:587} INFO - Filling up the DagBag from /home/airflow/.local/lib/python3.12/site-packages/airflow/example_dags/example_complex.py
[2024-09-06T05:55:16.057+0000] {processor.py:925} INFO - DAG(s) 'example_complex' retrieved from /home/airflow/.local/lib/python3.12/site-packages/airflow/example_dags/example_complex.py
[2024-09-06T05:55:16.256+0000] {logging_mixin.py:190} INFO - [2024-09-06T05:55:16.256+0000] {dag.py:3211} INFO - Sync 1 DAGs
[2024-09-06T05:55:16.360+0000] {logging_mixin.py:190} INFO - [2024-09-06T05:55:16.354+0000] {dag.py:4138} INFO - Setting next_dagrun for example_complex to None, run_after=None
[2024-09-06T05:55:16.488+0000] {processor.py:208} INFO - Processing /home/airflow/.local/lib/python3.12/site-packages/airflow/example_dags/example_complex.py took 0.582 seconds
[2024-09-06T05:55:46.927+0000] {processor.py:186} INFO - Started process (PID=451) to work on /home/airflow/.local/lib/python3.12/site-packages/airflow/example_dags/example_complex.py
[2024-09-06T05:55:46.930+0000] {processor.py:914} INFO - Processing file /home/airflow/.local/lib/python3.12/site-packages/airflow/example_dags/example_complex.py for tasks to queue
[2024-09-06T05:55:46.936+0000] {logging_mixin.py:190} INFO - [2024-09-06T05:55:46.935+0000] {dagbag.py:587} INFO - Filling up the DagBag from /home/airflow/.local/lib/python3.12/site-packages/airflow/example_dags/example_complex.py
[2024-09-06T05:55:46.976+0000] {processor.py:925} INFO - DAG(s) 'example_complex' retrieved from /home/airflow/.local/lib/python3.12/site-packages/airflow/example_dags/example_complex.py
[2024-09-06T05:55:47.070+0000] {logging_mixin.py:190} INFO - [2024-09-06T05:55:47.069+0000] {dag.py:3211} INFO - Sync 1 DAGs
[2024-09-06T05:55:47.127+0000] {logging_mixin.py:190} INFO - [2024-09-06T05:55:47.126+0000] {dag.py:4138} INFO - Setting next_dagrun for example_complex to None, run_after=None
[2024-09-06T05:55:47.207+0000] {processor.py:208} INFO - Processing /home/airflow/.local/lib/python3.12/site-packages/airflow/example_dags/example_complex.py took 0.297 seconds
[2024-09-06T05:56:18.178+0000] {processor.py:186} INFO - Started process (PID=514) to work on /home/airflow/.local/lib/python3.12/site-packages/airflow/example_dags/example_complex.py
[2024-09-06T05:56:18.192+0000] {processor.py:914} INFO - Processing file /home/airflow/.local/lib/python3.12/site-packages/airflow/example_dags/example_complex.py for tasks to queue
[2024-09-06T05:56:18.226+0000] {logging_mixin.py:190} INFO - [2024-09-06T05:56:18.224+0000] {dagbag.py:587} INFO - Filling up the DagBag from /home/airflow/.local/lib/python3.12/site-packages/airflow/example_dags/example_complex.py
[2024-09-06T05:56:18.408+0000] {processor.py:925} INFO - DAG(s) 'example_complex' retrieved from /home/airflow/.local/lib/python3.12/site-packages/airflow/example_dags/example_complex.py
[2024-09-06T05:56:18.754+0000] {logging_mixin.py:190} INFO - [2024-09-06T05:56:18.753+0000] {dag.py:3211} INFO - Sync 1 DAGs
[2024-09-06T05:56:18.829+0000] {logging_mixin.py:190} INFO - [2024-09-06T05:56:18.828+0000] {dag.py:4138} INFO - Setting next_dagrun for example_complex to None, run_after=None
[2024-09-06T05:56:19.002+0000] {processor.py:208} INFO - Processing /home/airflow/.local/lib/python3.12/site-packages/airflow/example_dags/example_complex.py took 0.977 seconds
[2024-09-06T05:56:49.348+0000] {processor.py:186} INFO - Started process (PID=578) to work on /home/airflow/.local/lib/python3.12/site-packages/airflow/example_dags/example_complex.py
[2024-09-06T05:56:49.351+0000] {processor.py:914} INFO - Processing file /home/airflow/.local/lib/python3.12/site-packages/airflow/example_dags/example_complex.py for tasks to queue
[2024-09-06T05:56:49.357+0000] {logging_mixin.py:190} INFO - [2024-09-06T05:56:49.356+0000] {dagbag.py:587} INFO - Filling up the DagBag from /home/airflow/.local/lib/python3.12/site-packages/airflow/example_dags/example_complex.py
[2024-09-06T05:56:49.386+0000] {processor.py:925} INFO - DAG(s) 'example_complex' retrieved from /home/airflow/.local/lib/python3.12/site-packages/airflow/example_dags/example_complex.py
[2024-09-06T05:56:49.468+0000] {logging_mixin.py:190} INFO - [2024-09-06T05:56:49.468+0000] {dag.py:3211} INFO - Sync 1 DAGs
[2024-09-06T05:56:49.503+0000] {logging_mixin.py:190} INFO - [2024-09-06T05:56:49.502+0000] {dag.py:4138} INFO - Setting next_dagrun for example_complex to None, run_after=None
[2024-09-06T05:56:49.551+0000] {processor.py:208} INFO - Processing /home/airflow/.local/lib/python3.12/site-packages/airflow/example_dags/example_complex.py took 0.217 seconds
[2024-09-06T05:57:20.093+0000] {processor.py:186} INFO - Started process (PID=641) to work on /home/airflow/.local/lib/python3.12/site-packages/airflow/example_dags/example_complex.py
[2024-09-06T05:57:20.095+0000] {processor.py:914} INFO - Processing file /home/airflow/.local/lib/python3.12/site-packages/airflow/example_dags/example_complex.py for tasks to queue
[2024-09-06T05:57:20.105+0000] {logging_mixin.py:190} INFO - [2024-09-06T05:57:20.104+0000] {dagbag.py:587} INFO - Filling up the DagBag from /home/airflow/.local/lib/python3.12/site-packages/airflow/example_dags/example_complex.py
[2024-09-06T05:57:20.147+0000] {processor.py:925} INFO - DAG(s) 'example_complex' retrieved from /home/airflow/.local/lib/python3.12/site-packages/airflow/example_dags/example_complex.py
[2024-09-06T05:57:20.271+0000] {logging_mixin.py:190} INFO - [2024-09-06T05:57:20.270+0000] {dag.py:3211} INFO - Sync 1 DAGs
[2024-09-06T05:57:20.312+0000] {logging_mixin.py:190} INFO - [2024-09-06T05:57:20.312+0000] {dag.py:4138} INFO - Setting next_dagrun for example_complex to None, run_after=None
[2024-09-06T05:57:20.365+0000] {processor.py:208} INFO - Processing /home/airflow/.local/lib/python3.12/site-packages/airflow/example_dags/example_complex.py took 0.305 seconds
[2024-09-06T05:57:56.353+0000] {processor.py:186} INFO - Started process (PID=706) to work on /home/airflow/.local/lib/python3.12/site-packages/airflow/example_dags/example_complex.py
[2024-09-06T05:57:56.356+0000] {processor.py:914} INFO - Processing file /home/airflow/.local/lib/python3.12/site-packages/airflow/example_dags/example_complex.py for tasks to queue
[2024-09-06T05:57:56.366+0000] {logging_mixin.py:190} INFO - [2024-09-06T05:57:56.365+0000] {dagbag.py:587} INFO - Filling up the DagBag from /home/airflow/.local/lib/python3.12/site-packages/airflow/example_dags/example_complex.py
[2024-09-06T05:57:56.405+0000] {processor.py:925} INFO - DAG(s) 'example_complex' retrieved from /home/airflow/.local/lib/python3.12/site-packages/airflow/example_dags/example_complex.py
[2024-09-06T05:57:56.513+0000] {logging_mixin.py:190} INFO - [2024-09-06T05:57:56.512+0000] {dag.py:3211} INFO - Sync 1 DAGs
[2024-09-06T05:57:56.563+0000] {logging_mixin.py:190} INFO - [2024-09-06T05:57:56.563+0000] {dag.py:4138} INFO - Setting next_dagrun for example_complex to None, run_after=None
[2024-09-06T05:57:56.637+0000] {processor.py:208} INFO - Processing /home/airflow/.local/lib/python3.12/site-packages/airflow/example_dags/example_complex.py took 0.299 seconds
[2024-09-06T05:58:29.509+0000] {processor.py:186} INFO - Started process (PID=769) to work on /home/airflow/.local/lib/python3.12/site-packages/airflow/example_dags/example_complex.py
[2024-09-06T05:58:29.521+0000] {processor.py:914} INFO - Processing file /home/airflow/.local/lib/python3.12/site-packages/airflow/example_dags/example_complex.py for tasks to queue
[2024-09-06T05:58:29.528+0000] {logging_mixin.py:190} INFO - [2024-09-06T05:58:29.527+0000] {dagbag.py:587} INFO - Filling up the DagBag from /home/airflow/.local/lib/python3.12/site-packages/airflow/example_dags/example_complex.py
[2024-09-06T05:58:29.593+0000] {processor.py:925} INFO - DAG(s) 'example_complex' retrieved from /home/airflow/.local/lib/python3.12/site-packages/airflow/example_dags/example_complex.py
[2024-09-06T05:58:29.752+0000] {logging_mixin.py:190} INFO - [2024-09-06T05:58:29.752+0000] {dag.py:3211} INFO - Sync 1 DAGs
[2024-09-06T05:58:29.796+0000] {logging_mixin.py:190} INFO - [2024-09-06T05:58:29.796+0000] {dag.py:4138} INFO - Setting next_dagrun for example_complex to None, run_after=None
[2024-09-06T05:58:29.878+0000] {processor.py:208} INFO - Processing /home/airflow/.local/lib/python3.12/site-packages/airflow/example_dags/example_complex.py took 0.392 seconds
[2024-09-06T05:59:00.133+0000] {processor.py:186} INFO - Started process (PID=832) to work on /home/airflow/.local/lib/python3.12/site-packages/airflow/example_dags/example_complex.py
[2024-09-06T05:59:00.135+0000] {processor.py:914} INFO - Processing file /home/airflow/.local/lib/python3.12/site-packages/airflow/example_dags/example_complex.py for tasks to queue
[2024-09-06T05:59:00.141+0000] {logging_mixin.py:190} INFO - [2024-09-06T05:59:00.140+0000] {dagbag.py:587} INFO - Filling up the DagBag from /home/airflow/.local/lib/python3.12/site-packages/airflow/example_dags/example_complex.py
[2024-09-06T05:59:00.165+0000] {processor.py:925} INFO - DAG(s) 'example_complex' retrieved from /home/airflow/.local/lib/python3.12/site-packages/airflow/example_dags/example_complex.py
[2024-09-06T05:59:00.229+0000] {logging_mixin.py:190} INFO - [2024-09-06T05:59:00.229+0000] {dag.py:3211} INFO - Sync 1 DAGs
[2024-09-06T05:59:00.259+0000] {logging_mixin.py:190} INFO - [2024-09-06T05:59:00.259+0000] {dag.py:4138} INFO - Setting next_dagrun for example_complex to None, run_after=None
[2024-09-06T05:59:00.302+0000] {processor.py:208} INFO - Processing /home/airflow/.local/lib/python3.12/site-packages/airflow/example_dags/example_complex.py took 0.188 seconds
[2024-09-06T05:59:30.831+0000] {processor.py:186} INFO - Started process (PID=894) to work on /home/airflow/.local/lib/python3.12/site-packages/airflow/example_dags/example_complex.py
[2024-09-06T05:59:30.833+0000] {processor.py:914} INFO - Processing file /home/airflow/.local/lib/python3.12/site-packages/airflow/example_dags/example_complex.py for tasks to queue
[2024-09-06T05:59:30.839+0000] {logging_mixin.py:190} INFO - [2024-09-06T05:59:30.838+0000] {dagbag.py:587} INFO - Filling up the DagBag from /home/airflow/.local/lib/python3.12/site-packages/airflow/example_dags/example_complex.py
[2024-09-06T05:59:30.865+0000] {processor.py:925} INFO - DAG(s) 'example_complex' retrieved from /home/airflow/.local/lib/python3.12/site-packages/airflow/example_dags/example_complex.py
[2024-09-06T05:59:30.944+0000] {logging_mixin.py:190} INFO - [2024-09-06T05:59:30.944+0000] {dag.py:3211} INFO - Sync 1 DAGs
[2024-09-06T05:59:30.983+0000] {logging_mixin.py:190} INFO - [2024-09-06T05:59:30.983+0000] {dag.py:4138} INFO - Setting next_dagrun for example_complex to None, run_after=None
[2024-09-06T05:59:31.049+0000] {processor.py:208} INFO - Processing /home/airflow/.local/lib/python3.12/site-packages/airflow/example_dags/example_complex.py took 0.230 seconds
[2024-09-06T06:00:01.582+0000] {processor.py:186} INFO - Started process (PID=957) to work on /home/airflow/.local/lib/python3.12/site-packages/airflow/example_dags/example_complex.py
[2024-09-06T06:00:01.585+0000] {processor.py:914} INFO - Processing file /home/airflow/.local/lib/python3.12/site-packages/airflow/example_dags/example_complex.py for tasks to queue
[2024-09-06T06:00:01.591+0000] {logging_mixin.py:190} INFO - [2024-09-06T06:00:01.590+0000] {dagbag.py:587} INFO - Filling up the DagBag from /home/airflow/.local/lib/python3.12/site-packages/airflow/example_dags/example_complex.py
[2024-09-06T06:00:01.621+0000] {processor.py:925} INFO - DAG(s) 'example_complex' retrieved from /home/airflow/.local/lib/python3.12/site-packages/airflow/example_dags/example_complex.py
[2024-09-06T06:00:01.691+0000] {logging_mixin.py:190} INFO - [2024-09-06T06:00:01.691+0000] {dag.py:3211} INFO - Sync 1 DAGs
[2024-09-06T06:00:01.730+0000] {logging_mixin.py:190} INFO - [2024-09-06T06:00:01.729+0000] {dag.py:4138} INFO - Setting next_dagrun for example_complex to None, run_after=None
[2024-09-06T06:00:01.774+0000] {processor.py:208} INFO - Processing /home/airflow/.local/lib/python3.12/site-packages/airflow/example_dags/example_complex.py took 0.206 seconds
[2024-09-06T06:01:13.053+0000] {processor.py:186} INFO - Started process (PID=1021) to work on /home/airflow/.local/lib/python3.12/site-packages/airflow/example_dags/example_complex.py
[2024-09-06T06:01:13.097+0000] {processor.py:914} INFO - Processing file /home/airflow/.local/lib/python3.12/site-packages/airflow/example_dags/example_complex.py for tasks to queue
[2024-09-06T06:01:13.143+0000] {logging_mixin.py:190} INFO - [2024-09-06T06:01:13.142+0000] {dagbag.py:587} INFO - Filling up the DagBag from /home/airflow/.local/lib/python3.12/site-packages/airflow/example_dags/example_complex.py
[2024-09-06T06:01:13.387+0000] {processor.py:925} INFO - DAG(s) 'example_complex' retrieved from /home/airflow/.local/lib/python3.12/site-packages/airflow/example_dags/example_complex.py
[2024-09-06T06:01:13.867+0000] {logging_mixin.py:190} INFO - [2024-09-06T06:01:13.866+0000] {dag.py:3211} INFO - Sync 1 DAGs
[2024-09-06T06:01:14.069+0000] {logging_mixin.py:190} INFO - [2024-09-06T06:01:14.058+0000] {dag.py:4138} INFO - Setting next_dagrun for example_complex to None, run_after=None
[2024-09-06T06:01:14.292+0000] {processor.py:208} INFO - Processing /home/airflow/.local/lib/python3.12/site-packages/airflow/example_dags/example_complex.py took 1.321 seconds
[2024-09-06T06:01:45.017+0000] {processor.py:186} INFO - Started process (PID=1084) to work on /home/airflow/.local/lib/python3.12/site-packages/airflow/example_dags/example_complex.py
[2024-09-06T06:01:45.056+0000] {processor.py:914} INFO - Processing file /home/airflow/.local/lib/python3.12/site-packages/airflow/example_dags/example_complex.py for tasks to queue
[2024-09-06T06:01:45.123+0000] {logging_mixin.py:190} INFO - [2024-09-06T06:01:45.122+0000] {dagbag.py:587} INFO - Filling up the DagBag from /home/airflow/.local/lib/python3.12/site-packages/airflow/example_dags/example_complex.py
[2024-09-06T06:01:45.210+0000] {processor.py:925} INFO - DAG(s) 'example_complex' retrieved from /home/airflow/.local/lib/python3.12/site-packages/airflow/example_dags/example_complex.py
[2024-09-06T06:01:45.455+0000] {logging_mixin.py:190} INFO - [2024-09-06T06:01:45.455+0000] {dag.py:3211} INFO - Sync 1 DAGs
[2024-09-06T06:01:45.560+0000] {logging_mixin.py:190} INFO - [2024-09-06T06:01:45.559+0000] {dag.py:4138} INFO - Setting next_dagrun for example_complex to None, run_after=None
[2024-09-06T06:01:45.680+0000] {processor.py:208} INFO - Processing /home/airflow/.local/lib/python3.12/site-packages/airflow/example_dags/example_complex.py took 0.687 seconds
[2024-09-06T06:02:16.342+0000] {processor.py:186} INFO - Started process (PID=1148) to work on /home/airflow/.local/lib/python3.12/site-packages/airflow/example_dags/example_complex.py
[2024-09-06T06:02:16.394+0000] {processor.py:914} INFO - Processing file /home/airflow/.local/lib/python3.12/site-packages/airflow/example_dags/example_complex.py for tasks to queue
[2024-09-06T06:02:16.427+0000] {logging_mixin.py:190} INFO - [2024-09-06T06:02:16.426+0000] {dagbag.py:587} INFO - Filling up the DagBag from /home/airflow/.local/lib/python3.12/site-packages/airflow/example_dags/example_complex.py
[2024-09-06T06:02:16.481+0000] {processor.py:925} INFO - DAG(s) 'example_complex' retrieved from /home/airflow/.local/lib/python3.12/site-packages/airflow/example_dags/example_complex.py
[2024-09-06T06:02:16.662+0000] {logging_mixin.py:190} INFO - [2024-09-06T06:02:16.662+0000] {dag.py:3211} INFO - Sync 1 DAGs
[2024-09-06T06:02:16.705+0000] {logging_mixin.py:190} INFO - [2024-09-06T06:02:16.704+0000] {dag.py:4138} INFO - Setting next_dagrun for example_complex to None, run_after=None
[2024-09-06T06:02:16.755+0000] {processor.py:208} INFO - Processing /home/airflow/.local/lib/python3.12/site-packages/airflow/example_dags/example_complex.py took 0.456 seconds
[2024-09-06T06:02:47.227+0000] {processor.py:186} INFO - Started process (PID=1211) to work on /home/airflow/.local/lib/python3.12/site-packages/airflow/example_dags/example_complex.py
[2024-09-06T06:02:47.229+0000] {processor.py:914} INFO - Processing file /home/airflow/.local/lib/python3.12/site-packages/airflow/example_dags/example_complex.py for tasks to queue
[2024-09-06T06:02:47.233+0000] {logging_mixin.py:190} INFO - [2024-09-06T06:02:47.233+0000] {dagbag.py:587} INFO - Filling up the DagBag from /home/airflow/.local/lib/python3.12/site-packages/airflow/example_dags/example_complex.py
[2024-09-06T06:02:47.256+0000] {processor.py:925} INFO - DAG(s) 'example_complex' retrieved from /home/airflow/.local/lib/python3.12/site-packages/airflow/example_dags/example_complex.py
[2024-09-06T06:02:47.311+0000] {logging_mixin.py:190} INFO - [2024-09-06T06:02:47.310+0000] {dag.py:3211} INFO - Sync 1 DAGs
[2024-09-06T06:02:47.342+0000] {logging_mixin.py:190} INFO - [2024-09-06T06:02:47.341+0000] {dag.py:4138} INFO - Setting next_dagrun for example_complex to None, run_after=None
[2024-09-06T06:02:47.382+0000] {processor.py:208} INFO - Processing /home/airflow/.local/lib/python3.12/site-packages/airflow/example_dags/example_complex.py took 0.167 seconds
[2024-09-06T06:03:17.829+0000] {processor.py:186} INFO - Started process (PID=1274) to work on /home/airflow/.local/lib/python3.12/site-packages/airflow/example_dags/example_complex.py
[2024-09-06T06:03:17.832+0000] {processor.py:914} INFO - Processing file /home/airflow/.local/lib/python3.12/site-packages/airflow/example_dags/example_complex.py for tasks to queue
[2024-09-06T06:03:17.836+0000] {logging_mixin.py:190} INFO - [2024-09-06T06:03:17.836+0000] {dagbag.py:587} INFO - Filling up the DagBag from /home/airflow/.local/lib/python3.12/site-packages/airflow/example_dags/example_complex.py
[2024-09-06T06:03:17.860+0000] {processor.py:925} INFO - DAG(s) 'example_complex' retrieved from /home/airflow/.local/lib/python3.12/site-packages/airflow/example_dags/example_complex.py
[2024-09-06T06:03:17.919+0000] {logging_mixin.py:190} INFO - [2024-09-06T06:03:17.919+0000] {dag.py:3211} INFO - Sync 1 DAGs
[2024-09-06T06:03:17.952+0000] {logging_mixin.py:190} INFO - [2024-09-06T06:03:17.952+0000] {dag.py:4138} INFO - Setting next_dagrun for example_complex to None, run_after=None
[2024-09-06T06:03:17.996+0000] {processor.py:208} INFO - Processing /home/airflow/.local/lib/python3.12/site-packages/airflow/example_dags/example_complex.py took 0.185 seconds
[2024-09-06T06:03:48.426+0000] {processor.py:186} INFO - Started process (PID=1337) to work on /home/airflow/.local/lib/python3.12/site-packages/airflow/example_dags/example_complex.py
[2024-09-06T06:03:48.429+0000] {processor.py:914} INFO - Processing file /home/airflow/.local/lib/python3.12/site-packages/airflow/example_dags/example_complex.py for tasks to queue
[2024-09-06T06:03:48.434+0000] {logging_mixin.py:190} INFO - [2024-09-06T06:03:48.433+0000] {dagbag.py:587} INFO - Filling up the DagBag from /home/airflow/.local/lib/python3.12/site-packages/airflow/example_dags/example_complex.py
[2024-09-06T06:03:48.458+0000] {processor.py:925} INFO - DAG(s) 'example_complex' retrieved from /home/airflow/.local/lib/python3.12/site-packages/airflow/example_dags/example_complex.py
[2024-09-06T06:03:48.512+0000] {logging_mixin.py:190} INFO - [2024-09-06T06:03:48.511+0000] {dag.py:3211} INFO - Sync 1 DAGs
[2024-09-06T06:03:48.540+0000] {logging_mixin.py:190} INFO - [2024-09-06T06:03:48.540+0000] {dag.py:4138} INFO - Setting next_dagrun for example_complex to None, run_after=None
[2024-09-06T06:03:48.575+0000] {processor.py:208} INFO - Processing /home/airflow/.local/lib/python3.12/site-packages/airflow/example_dags/example_complex.py took 0.162 seconds
[2024-09-06T06:04:19.037+0000] {processor.py:186} INFO - Started process (PID=1400) to work on /home/airflow/.local/lib/python3.12/site-packages/airflow/example_dags/example_complex.py
[2024-09-06T06:04:19.039+0000] {processor.py:914} INFO - Processing file /home/airflow/.local/lib/python3.12/site-packages/airflow/example_dags/example_complex.py for tasks to queue
[2024-09-06T06:04:19.043+0000] {logging_mixin.py:190} INFO - [2024-09-06T06:04:19.043+0000] {dagbag.py:587} INFO - Filling up the DagBag from /home/airflow/.local/lib/python3.12/site-packages/airflow/example_dags/example_complex.py
[2024-09-06T06:04:19.065+0000] {processor.py:925} INFO - DAG(s) 'example_complex' retrieved from /home/airflow/.local/lib/python3.12/site-packages/airflow/example_dags/example_complex.py
[2024-09-06T06:04:19.123+0000] {logging_mixin.py:190} INFO - [2024-09-06T06:04:19.123+0000] {dag.py:3211} INFO - Sync 1 DAGs
[2024-09-06T06:04:19.154+0000] {logging_mixin.py:190} INFO - [2024-09-06T06:04:19.154+0000] {dag.py:4138} INFO - Setting next_dagrun for example_complex to None, run_after=None
[2024-09-06T06:04:19.193+0000] {processor.py:208} INFO - Processing /home/airflow/.local/lib/python3.12/site-packages/airflow/example_dags/example_complex.py took 0.167 seconds
[2024-09-06T06:04:49.530+0000] {processor.py:186} INFO - Started process (PID=1463) to work on /home/airflow/.local/lib/python3.12/site-packages/airflow/example_dags/example_complex.py
[2024-09-06T06:04:49.533+0000] {processor.py:914} INFO - Processing file /home/airflow/.local/lib/python3.12/site-packages/airflow/example_dags/example_complex.py for tasks to queue
[2024-09-06T06:04:49.542+0000] {logging_mixin.py:190} INFO - [2024-09-06T06:04:49.541+0000] {dagbag.py:587} INFO - Filling up the DagBag from /home/airflow/.local/lib/python3.12/site-packages/airflow/example_dags/example_complex.py
[2024-09-06T06:04:49.574+0000] {processor.py:925} INFO - DAG(s) 'example_complex' retrieved from /home/airflow/.local/lib/python3.12/site-packages/airflow/example_dags/example_complex.py
[2024-09-06T06:04:49.638+0000] {logging_mixin.py:190} INFO - [2024-09-06T06:04:49.638+0000] {dag.py:3211} INFO - Sync 1 DAGs
[2024-09-06T06:04:49.670+0000] {logging_mixin.py:190} INFO - [2024-09-06T06:04:49.670+0000] {dag.py:4138} INFO - Setting next_dagrun for example_complex to None, run_after=None
[2024-09-06T06:04:49.709+0000] {processor.py:208} INFO - Processing /home/airflow/.local/lib/python3.12/site-packages/airflow/example_dags/example_complex.py took 0.200 seconds
[2024-09-06T06:05:20.748+0000] {processor.py:186} INFO - Started process (PID=1526) to work on /home/airflow/.local/lib/python3.12/site-packages/airflow/example_dags/example_complex.py
[2024-09-06T06:05:20.757+0000] {processor.py:914} INFO - Processing file /home/airflow/.local/lib/python3.12/site-packages/airflow/example_dags/example_complex.py for tasks to queue
[2024-09-06T06:05:20.762+0000] {logging_mixin.py:190} INFO - [2024-09-06T06:05:20.762+0000] {dagbag.py:587} INFO - Filling up the DagBag from /home/airflow/.local/lib/python3.12/site-packages/airflow/example_dags/example_complex.py
[2024-09-06T06:05:20.798+0000] {processor.py:925} INFO - DAG(s) 'example_complex' retrieved from /home/airflow/.local/lib/python3.12/site-packages/airflow/example_dags/example_complex.py
[2024-09-06T06:05:20.871+0000] {logging_mixin.py:190} INFO - [2024-09-06T06:05:20.870+0000] {dag.py:3211} INFO - Sync 1 DAGs
[2024-09-06T06:05:20.910+0000] {logging_mixin.py:190} INFO - [2024-09-06T06:05:20.909+0000] {dag.py:4138} INFO - Setting next_dagrun for example_complex to None, run_after=None
[2024-09-06T06:05:20.952+0000] {processor.py:208} INFO - Processing /home/airflow/.local/lib/python3.12/site-packages/airflow/example_dags/example_complex.py took 0.222 seconds
[2024-09-06T06:05:51.575+0000] {processor.py:186} INFO - Started process (PID=1589) to work on /home/airflow/.local/lib/python3.12/site-packages/airflow/example_dags/example_complex.py
[2024-09-06T06:05:51.578+0000] {processor.py:914} INFO - Processing file /home/airflow/.local/lib/python3.12/site-packages/airflow/example_dags/example_complex.py for tasks to queue
[2024-09-06T06:05:51.583+0000] {logging_mixin.py:190} INFO - [2024-09-06T06:05:51.583+0000] {dagbag.py:587} INFO - Filling up the DagBag from /home/airflow/.local/lib/python3.12/site-packages/airflow/example_dags/example_complex.py
[2024-09-06T06:05:51.614+0000] {processor.py:925} INFO - DAG(s) 'example_complex' retrieved from /home/airflow/.local/lib/python3.12/site-packages/airflow/example_dags/example_complex.py
[2024-09-06T06:05:51.684+0000] {logging_mixin.py:190} INFO - [2024-09-06T06:05:51.684+0000] {dag.py:3211} INFO - Sync 1 DAGs
[2024-09-06T06:05:51.720+0000] {logging_mixin.py:190} INFO - [2024-09-06T06:05:51.720+0000] {dag.py:4138} INFO - Setting next_dagrun for example_complex to None, run_after=None
[2024-09-06T06:05:51.761+0000] {processor.py:208} INFO - Processing /home/airflow/.local/lib/python3.12/site-packages/airflow/example_dags/example_complex.py took 0.202 seconds
[2024-09-06T06:06:22.225+0000] {processor.py:186} INFO - Started process (PID=1652) to work on /home/airflow/.local/lib/python3.12/site-packages/airflow/example_dags/example_complex.py
[2024-09-06T06:06:22.227+0000] {processor.py:914} INFO - Processing file /home/airflow/.local/lib/python3.12/site-packages/airflow/example_dags/example_complex.py for tasks to queue
[2024-09-06T06:06:22.232+0000] {logging_mixin.py:190} INFO - [2024-09-06T06:06:22.231+0000] {dagbag.py:587} INFO - Filling up the DagBag from /home/airflow/.local/lib/python3.12/site-packages/airflow/example_dags/example_complex.py
[2024-09-06T06:06:22.255+0000] {processor.py:925} INFO - DAG(s) 'example_complex' retrieved from /home/airflow/.local/lib/python3.12/site-packages/airflow/example_dags/example_complex.py
[2024-09-06T06:06:22.309+0000] {logging_mixin.py:190} INFO - [2024-09-06T06:06:22.308+0000] {dag.py:3211} INFO - Sync 1 DAGs
[2024-09-06T06:06:22.339+0000] {logging_mixin.py:190} INFO - [2024-09-06T06:06:22.338+0000] {dag.py:4138} INFO - Setting next_dagrun for example_complex to None, run_after=None
[2024-09-06T06:06:22.375+0000] {processor.py:208} INFO - Processing /home/airflow/.local/lib/python3.12/site-packages/airflow/example_dags/example_complex.py took 0.161 seconds
[2024-09-06T06:06:52.705+0000] {processor.py:186} INFO - Started process (PID=1715) to work on /home/airflow/.local/lib/python3.12/site-packages/airflow/example_dags/example_complex.py
[2024-09-06T06:06:52.710+0000] {processor.py:914} INFO - Processing file /home/airflow/.local/lib/python3.12/site-packages/airflow/example_dags/example_complex.py for tasks to queue
[2024-09-06T06:06:52.717+0000] {logging_mixin.py:190} INFO - [2024-09-06T06:06:52.716+0000] {dagbag.py:587} INFO - Filling up the DagBag from /home/airflow/.local/lib/python3.12/site-packages/airflow/example_dags/example_complex.py
[2024-09-06T06:06:52.754+0000] {processor.py:925} INFO - DAG(s) 'example_complex' retrieved from /home/airflow/.local/lib/python3.12/site-packages/airflow/example_dags/example_complex.py
[2024-09-06T06:06:52.872+0000] {logging_mixin.py:190} INFO - [2024-09-06T06:06:52.870+0000] {dag.py:3211} INFO - Sync 1 DAGs
[2024-09-06T06:06:52.924+0000] {logging_mixin.py:190} INFO - [2024-09-06T06:06:52.924+0000] {dag.py:4138} INFO - Setting next_dagrun for example_complex to None, run_after=None
[2024-09-06T06:06:52.986+0000] {processor.py:208} INFO - Processing /home/airflow/.local/lib/python3.12/site-packages/airflow/example_dags/example_complex.py took 0.295 seconds
[2024-09-06T06:07:23.633+0000] {processor.py:186} INFO - Started process (PID=1778) to work on /home/airflow/.local/lib/python3.12/site-packages/airflow/example_dags/example_complex.py
[2024-09-06T06:07:23.639+0000] {processor.py:914} INFO - Processing file /home/airflow/.local/lib/python3.12/site-packages/airflow/example_dags/example_complex.py for tasks to queue
[2024-09-06T06:07:23.646+0000] {logging_mixin.py:190} INFO - [2024-09-06T06:07:23.645+0000] {dagbag.py:587} INFO - Filling up the DagBag from /home/airflow/.local/lib/python3.12/site-packages/airflow/example_dags/example_complex.py
[2024-09-06T06:07:23.684+0000] {processor.py:925} INFO - DAG(s) 'example_complex' retrieved from /home/airflow/.local/lib/python3.12/site-packages/airflow/example_dags/example_complex.py
[2024-09-06T06:07:23.771+0000] {logging_mixin.py:190} INFO - [2024-09-06T06:07:23.770+0000] {dag.py:3211} INFO - Sync 1 DAGs
[2024-09-06T06:07:23.821+0000] {logging_mixin.py:190} INFO - [2024-09-06T06:07:23.820+0000] {dag.py:4138} INFO - Setting next_dagrun for example_complex to None, run_after=None
[2024-09-06T06:07:23.931+0000] {processor.py:208} INFO - Processing /home/airflow/.local/lib/python3.12/site-packages/airflow/example_dags/example_complex.py took 0.311 seconds
[2024-09-06T06:07:54.305+0000] {processor.py:186} INFO - Started process (PID=1841) to work on /home/airflow/.local/lib/python3.12/site-packages/airflow/example_dags/example_complex.py
[2024-09-06T06:07:54.308+0000] {processor.py:914} INFO - Processing file /home/airflow/.local/lib/python3.12/site-packages/airflow/example_dags/example_complex.py for tasks to queue
[2024-09-06T06:07:54.313+0000] {logging_mixin.py:190} INFO - [2024-09-06T06:07:54.313+0000] {dagbag.py:587} INFO - Filling up the DagBag from /home/airflow/.local/lib/python3.12/site-packages/airflow/example_dags/example_complex.py
[2024-09-06T06:07:54.338+0000] {processor.py:925} INFO - DAG(s) 'example_complex' retrieved from /home/airflow/.local/lib/python3.12/site-packages/airflow/example_dags/example_complex.py
[2024-09-06T06:07:54.403+0000] {logging_mixin.py:190} INFO - [2024-09-06T06:07:54.402+0000] {dag.py:3211} INFO - Sync 1 DAGs
[2024-09-06T06:07:54.432+0000] {logging_mixin.py:190} INFO - [2024-09-06T06:07:54.432+0000] {dag.py:4138} INFO - Setting next_dagrun for example_complex to None, run_after=None
[2024-09-06T06:07:54.473+0000] {processor.py:208} INFO - Processing /home/airflow/.local/lib/python3.12/site-packages/airflow/example_dags/example_complex.py took 0.181 seconds
[2024-09-06T06:08:24.765+0000] {processor.py:186} INFO - Started process (PID=1904) to work on /home/airflow/.local/lib/python3.12/site-packages/airflow/example_dags/example_complex.py
[2024-09-06T06:08:24.768+0000] {processor.py:914} INFO - Processing file /home/airflow/.local/lib/python3.12/site-packages/airflow/example_dags/example_complex.py for tasks to queue
[2024-09-06T06:08:24.783+0000] {logging_mixin.py:190} INFO - [2024-09-06T06:08:24.782+0000] {dagbag.py:587} INFO - Filling up the DagBag from /home/airflow/.local/lib/python3.12/site-packages/airflow/example_dags/example_complex.py
[2024-09-06T06:08:24.815+0000] {processor.py:925} INFO - DAG(s) 'example_complex' retrieved from /home/airflow/.local/lib/python3.12/site-packages/airflow/example_dags/example_complex.py
[2024-09-06T06:08:24.905+0000] {logging_mixin.py:190} INFO - [2024-09-06T06:08:24.904+0000] {dag.py:3211} INFO - Sync 1 DAGs
[2024-09-06T06:08:24.943+0000] {logging_mixin.py:190} INFO - [2024-09-06T06:08:24.942+0000] {dag.py:4138} INFO - Setting next_dagrun for example_complex to None, run_after=None
[2024-09-06T06:08:24.981+0000] {processor.py:208} INFO - Processing /home/airflow/.local/lib/python3.12/site-packages/airflow/example_dags/example_complex.py took 0.234 seconds
[2024-09-06T06:08:55.388+0000] {processor.py:186} INFO - Started process (PID=1973) to work on /home/airflow/.local/lib/python3.12/site-packages/airflow/example_dags/example_complex.py
[2024-09-06T06:08:55.391+0000] {processor.py:914} INFO - Processing file /home/airflow/.local/lib/python3.12/site-packages/airflow/example_dags/example_complex.py for tasks to queue
[2024-09-06T06:08:55.396+0000] {logging_mixin.py:190} INFO - [2024-09-06T06:08:55.396+0000] {dagbag.py:587} INFO - Filling up the DagBag from /home/airflow/.local/lib/python3.12/site-packages/airflow/example_dags/example_complex.py
[2024-09-06T06:08:55.423+0000] {processor.py:925} INFO - DAG(s) 'example_complex' retrieved from /home/airflow/.local/lib/python3.12/site-packages/airflow/example_dags/example_complex.py
[2024-09-06T06:08:55.495+0000] {logging_mixin.py:190} INFO - [2024-09-06T06:08:55.495+0000] {dag.py:3211} INFO - Sync 1 DAGs
[2024-09-06T06:08:55.531+0000] {logging_mixin.py:190} INFO - [2024-09-06T06:08:55.531+0000] {dag.py:4138} INFO - Setting next_dagrun for example_complex to None, run_after=None
[2024-09-06T06:08:55.574+0000] {processor.py:208} INFO - Processing /home/airflow/.local/lib/python3.12/site-packages/airflow/example_dags/example_complex.py took 0.202 seconds
[2024-09-06T06:09:26.255+0000] {processor.py:186} INFO - Started process (PID=2037) to work on /home/airflow/.local/lib/python3.12/site-packages/airflow/example_dags/example_complex.py
[2024-09-06T06:09:26.258+0000] {processor.py:914} INFO - Processing file /home/airflow/.local/lib/python3.12/site-packages/airflow/example_dags/example_complex.py for tasks to queue
[2024-09-06T06:09:26.265+0000] {logging_mixin.py:190} INFO - [2024-09-06T06:09:26.264+0000] {dagbag.py:587} INFO - Filling up the DagBag from /home/airflow/.local/lib/python3.12/site-packages/airflow/example_dags/example_complex.py
[2024-09-06T06:09:26.287+0000] {processor.py:925} INFO - DAG(s) 'example_complex' retrieved from /home/airflow/.local/lib/python3.12/site-packages/airflow/example_dags/example_complex.py
[2024-09-06T06:09:26.345+0000] {logging_mixin.py:190} INFO - [2024-09-06T06:09:26.345+0000] {dag.py:3211} INFO - Sync 1 DAGs
[2024-09-06T06:09:26.374+0000] {logging_mixin.py:190} INFO - [2024-09-06T06:09:26.374+0000] {dag.py:4138} INFO - Setting next_dagrun for example_complex to None, run_after=None
[2024-09-06T06:09:26.411+0000] {processor.py:208} INFO - Processing /home/airflow/.local/lib/python3.12/site-packages/airflow/example_dags/example_complex.py took 0.177 seconds
[2024-09-06T06:09:56.935+0000] {processor.py:186} INFO - Started process (PID=2100) to work on /home/airflow/.local/lib/python3.12/site-packages/airflow/example_dags/example_complex.py
[2024-09-06T06:09:56.937+0000] {processor.py:914} INFO - Processing file /home/airflow/.local/lib/python3.12/site-packages/airflow/example_dags/example_complex.py for tasks to queue
[2024-09-06T06:09:56.943+0000] {logging_mixin.py:190} INFO - [2024-09-06T06:09:56.942+0000] {dagbag.py:587} INFO - Filling up the DagBag from /home/airflow/.local/lib/python3.12/site-packages/airflow/example_dags/example_complex.py
[2024-09-06T06:09:56.968+0000] {processor.py:925} INFO - DAG(s) 'example_complex' retrieved from /home/airflow/.local/lib/python3.12/site-packages/airflow/example_dags/example_complex.py
[2024-09-06T06:09:57.035+0000] {logging_mixin.py:190} INFO - [2024-09-06T06:09:57.035+0000] {dag.py:3211} INFO - Sync 1 DAGs
[2024-09-06T06:09:57.097+0000] {logging_mixin.py:190} INFO - [2024-09-06T06:09:57.096+0000] {dag.py:4138} INFO - Setting next_dagrun for example_complex to None, run_after=None
[2024-09-06T06:09:57.182+0000] {processor.py:208} INFO - Processing /home/airflow/.local/lib/python3.12/site-packages/airflow/example_dags/example_complex.py took 0.260 seconds
[2024-09-06T06:10:27.349+0000] {processor.py:186} INFO - Started process (PID=2163) to work on /home/airflow/.local/lib/python3.12/site-packages/airflow/example_dags/example_complex.py
[2024-09-06T06:10:27.351+0000] {processor.py:914} INFO - Processing file /home/airflow/.local/lib/python3.12/site-packages/airflow/example_dags/example_complex.py for tasks to queue
[2024-09-06T06:10:27.355+0000] {logging_mixin.py:190} INFO - [2024-09-06T06:10:27.355+0000] {dagbag.py:587} INFO - Filling up the DagBag from /home/airflow/.local/lib/python3.12/site-packages/airflow/example_dags/example_complex.py
[2024-09-06T06:10:27.380+0000] {processor.py:925} INFO - DAG(s) 'example_complex' retrieved from /home/airflow/.local/lib/python3.12/site-packages/airflow/example_dags/example_complex.py
[2024-09-06T06:10:27.449+0000] {logging_mixin.py:190} INFO - [2024-09-06T06:10:27.448+0000] {dag.py:3211} INFO - Sync 1 DAGs
[2024-09-06T06:10:27.478+0000] {logging_mixin.py:190} INFO - [2024-09-06T06:10:27.477+0000] {dag.py:4138} INFO - Setting next_dagrun for example_complex to None, run_after=None
[2024-09-06T06:10:27.513+0000] {processor.py:208} INFO - Processing /home/airflow/.local/lib/python3.12/site-packages/airflow/example_dags/example_complex.py took 0.176 seconds
[2024-09-06T06:10:57.856+0000] {processor.py:186} INFO - Started process (PID=2226) to work on /home/airflow/.local/lib/python3.12/site-packages/airflow/example_dags/example_complex.py
[2024-09-06T06:10:57.860+0000] {processor.py:914} INFO - Processing file /home/airflow/.local/lib/python3.12/site-packages/airflow/example_dags/example_complex.py for tasks to queue
[2024-09-06T06:10:57.870+0000] {logging_mixin.py:190} INFO - [2024-09-06T06:10:57.868+0000] {dagbag.py:587} INFO - Filling up the DagBag from /home/airflow/.local/lib/python3.12/site-packages/airflow/example_dags/example_complex.py
[2024-09-06T06:10:57.913+0000] {processor.py:925} INFO - DAG(s) 'example_complex' retrieved from /home/airflow/.local/lib/python3.12/site-packages/airflow/example_dags/example_complex.py
[2024-09-06T06:10:57.970+0000] {logging_mixin.py:190} INFO - [2024-09-06T06:10:57.970+0000] {dag.py:3211} INFO - Sync 1 DAGs
[2024-09-06T06:10:58.000+0000] {logging_mixin.py:190} INFO - [2024-09-06T06:10:58.000+0000] {dag.py:4138} INFO - Setting next_dagrun for example_complex to None, run_after=None
[2024-09-06T06:10:58.035+0000] {processor.py:208} INFO - Processing /home/airflow/.local/lib/python3.12/site-packages/airflow/example_dags/example_complex.py took 0.215 seconds
[2024-09-06T06:11:28.412+0000] {processor.py:186} INFO - Started process (PID=2289) to work on /home/airflow/.local/lib/python3.12/site-packages/airflow/example_dags/example_complex.py
[2024-09-06T06:11:28.416+0000] {processor.py:914} INFO - Processing file /home/airflow/.local/lib/python3.12/site-packages/airflow/example_dags/example_complex.py for tasks to queue
[2024-09-06T06:11:28.421+0000] {logging_mixin.py:190} INFO - [2024-09-06T06:11:28.421+0000] {dagbag.py:587} INFO - Filling up the DagBag from /home/airflow/.local/lib/python3.12/site-packages/airflow/example_dags/example_complex.py
[2024-09-06T06:11:28.443+0000] {processor.py:925} INFO - DAG(s) 'example_complex' retrieved from /home/airflow/.local/lib/python3.12/site-packages/airflow/example_dags/example_complex.py
[2024-09-06T06:11:28.502+0000] {logging_mixin.py:190} INFO - [2024-09-06T06:11:28.501+0000] {dag.py:3211} INFO - Sync 1 DAGs
[2024-09-06T06:11:28.532+0000] {logging_mixin.py:190} INFO - [2024-09-06T06:11:28.531+0000] {dag.py:4138} INFO - Setting next_dagrun for example_complex to None, run_after=None
[2024-09-06T06:11:28.571+0000] {processor.py:208} INFO - Processing /home/airflow/.local/lib/python3.12/site-packages/airflow/example_dags/example_complex.py took 0.185 seconds
[2024-09-06T06:11:59.048+0000] {processor.py:186} INFO - Started process (PID=2352) to work on /home/airflow/.local/lib/python3.12/site-packages/airflow/example_dags/example_complex.py
[2024-09-06T06:11:59.050+0000] {processor.py:914} INFO - Processing file /home/airflow/.local/lib/python3.12/site-packages/airflow/example_dags/example_complex.py for tasks to queue
[2024-09-06T06:11:59.056+0000] {logging_mixin.py:190} INFO - [2024-09-06T06:11:59.055+0000] {dagbag.py:587} INFO - Filling up the DagBag from /home/airflow/.local/lib/python3.12/site-packages/airflow/example_dags/example_complex.py
[2024-09-06T06:11:59.081+0000] {processor.py:925} INFO - DAG(s) 'example_complex' retrieved from /home/airflow/.local/lib/python3.12/site-packages/airflow/example_dags/example_complex.py
[2024-09-06T06:11:59.146+0000] {logging_mixin.py:190} INFO - [2024-09-06T06:11:59.145+0000] {dag.py:3211} INFO - Sync 1 DAGs
[2024-09-06T06:11:59.177+0000] {logging_mixin.py:190} INFO - [2024-09-06T06:11:59.176+0000] {dag.py:4138} INFO - Setting next_dagrun for example_complex to None, run_after=None
[2024-09-06T06:11:59.217+0000] {processor.py:208} INFO - Processing /home/airflow/.local/lib/python3.12/site-packages/airflow/example_dags/example_complex.py took 0.182 seconds
[2024-09-06T06:12:30.844+0000] {processor.py:186} INFO - Started process (PID=2416) to work on /home/airflow/.local/lib/python3.12/site-packages/airflow/example_dags/example_complex.py
[2024-09-06T06:12:30.852+0000] {processor.py:914} INFO - Processing file /home/airflow/.local/lib/python3.12/site-packages/airflow/example_dags/example_complex.py for tasks to queue
[2024-09-06T06:12:30.863+0000] {logging_mixin.py:190} INFO - [2024-09-06T06:12:30.862+0000] {dagbag.py:587} INFO - Filling up the DagBag from /home/airflow/.local/lib/python3.12/site-packages/airflow/example_dags/example_complex.py
[2024-09-06T06:12:30.959+0000] {processor.py:925} INFO - DAG(s) 'example_complex' retrieved from /home/airflow/.local/lib/python3.12/site-packages/airflow/example_dags/example_complex.py
[2024-09-06T06:12:31.221+0000] {logging_mixin.py:190} INFO - [2024-09-06T06:12:31.209+0000] {dag.py:3211} INFO - Sync 1 DAGs
[2024-09-06T06:12:31.339+0000] {logging_mixin.py:190} INFO - [2024-09-06T06:12:31.338+0000] {dag.py:4138} INFO - Setting next_dagrun for example_complex to None, run_after=None
[2024-09-06T06:12:31.456+0000] {processor.py:208} INFO - Processing /home/airflow/.local/lib/python3.12/site-packages/airflow/example_dags/example_complex.py took 0.649 seconds
[2024-09-06T06:13:01.672+0000] {processor.py:186} INFO - Started process (PID=2485) to work on /home/airflow/.local/lib/python3.12/site-packages/airflow/example_dags/example_complex.py
[2024-09-06T06:13:01.674+0000] {processor.py:914} INFO - Processing file /home/airflow/.local/lib/python3.12/site-packages/airflow/example_dags/example_complex.py for tasks to queue
[2024-09-06T06:13:01.679+0000] {logging_mixin.py:190} INFO - [2024-09-06T06:13:01.678+0000] {dagbag.py:587} INFO - Filling up the DagBag from /home/airflow/.local/lib/python3.12/site-packages/airflow/example_dags/example_complex.py
[2024-09-06T06:13:01.705+0000] {processor.py:925} INFO - DAG(s) 'example_complex' retrieved from /home/airflow/.local/lib/python3.12/site-packages/airflow/example_dags/example_complex.py
[2024-09-06T06:13:01.765+0000] {logging_mixin.py:190} INFO - [2024-09-06T06:13:01.764+0000] {dag.py:3211} INFO - Sync 1 DAGs
[2024-09-06T06:13:01.800+0000] {logging_mixin.py:190} INFO - [2024-09-06T06:13:01.799+0000] {dag.py:4138} INFO - Setting next_dagrun for example_complex to None, run_after=None
[2024-09-06T06:13:01.850+0000] {processor.py:208} INFO - Processing /home/airflow/.local/lib/python3.12/site-packages/airflow/example_dags/example_complex.py took 0.192 seconds
[2024-09-06T06:13:33.794+0000] {processor.py:186} INFO - Started process (PID=2567) to work on /home/airflow/.local/lib/python3.12/site-packages/airflow/example_dags/example_complex.py
[2024-09-06T06:13:33.796+0000] {processor.py:914} INFO - Processing file /home/airflow/.local/lib/python3.12/site-packages/airflow/example_dags/example_complex.py for tasks to queue
[2024-09-06T06:13:33.806+0000] {logging_mixin.py:190} INFO - [2024-09-06T06:13:33.805+0000] {dagbag.py:587} INFO - Filling up the DagBag from /home/airflow/.local/lib/python3.12/site-packages/airflow/example_dags/example_complex.py
[2024-09-06T06:13:33.835+0000] {processor.py:925} INFO - DAG(s) 'example_complex' retrieved from /home/airflow/.local/lib/python3.12/site-packages/airflow/example_dags/example_complex.py
[2024-09-06T06:13:33.908+0000] {logging_mixin.py:190} INFO - [2024-09-06T06:13:33.908+0000] {dag.py:3211} INFO - Sync 1 DAGs
[2024-09-06T06:13:33.941+0000] {logging_mixin.py:190} INFO - [2024-09-06T06:13:33.940+0000] {dag.py:4138} INFO - Setting next_dagrun for example_complex to None, run_after=None
[2024-09-06T06:13:33.982+0000] {processor.py:208} INFO - Processing /home/airflow/.local/lib/python3.12/site-packages/airflow/example_dags/example_complex.py took 0.201 seconds
[2024-09-06T06:14:04.424+0000] {processor.py:186} INFO - Started process (PID=2633) to work on /home/airflow/.local/lib/python3.12/site-packages/airflow/example_dags/example_complex.py
[2024-09-06T06:14:04.426+0000] {processor.py:914} INFO - Processing file /home/airflow/.local/lib/python3.12/site-packages/airflow/example_dags/example_complex.py for tasks to queue
[2024-09-06T06:14:04.431+0000] {logging_mixin.py:190} INFO - [2024-09-06T06:14:04.431+0000] {dagbag.py:587} INFO - Filling up the DagBag from /home/airflow/.local/lib/python3.12/site-packages/airflow/example_dags/example_complex.py
[2024-09-06T06:14:04.454+0000] {processor.py:925} INFO - DAG(s) 'example_complex' retrieved from /home/airflow/.local/lib/python3.12/site-packages/airflow/example_dags/example_complex.py
[2024-09-06T06:14:04.521+0000] {logging_mixin.py:190} INFO - [2024-09-06T06:14:04.520+0000] {dag.py:3211} INFO - Sync 1 DAGs
[2024-09-06T06:14:04.553+0000] {logging_mixin.py:190} INFO - [2024-09-06T06:14:04.552+0000] {dag.py:4138} INFO - Setting next_dagrun for example_complex to None, run_after=None
[2024-09-06T06:14:04.591+0000] {processor.py:208} INFO - Processing /home/airflow/.local/lib/python3.12/site-packages/airflow/example_dags/example_complex.py took 0.184 seconds
[2024-09-06T06:14:35.388+0000] {processor.py:186} INFO - Started process (PID=2707) to work on /home/airflow/.local/lib/python3.12/site-packages/airflow/example_dags/example_complex.py
[2024-09-06T06:14:35.390+0000] {processor.py:914} INFO - Processing file /home/airflow/.local/lib/python3.12/site-packages/airflow/example_dags/example_complex.py for tasks to queue
[2024-09-06T06:14:35.396+0000] {logging_mixin.py:190} INFO - [2024-09-06T06:14:35.395+0000] {dagbag.py:587} INFO - Filling up the DagBag from /home/airflow/.local/lib/python3.12/site-packages/airflow/example_dags/example_complex.py
[2024-09-06T06:14:35.419+0000] {processor.py:925} INFO - DAG(s) 'example_complex' retrieved from /home/airflow/.local/lib/python3.12/site-packages/airflow/example_dags/example_complex.py
[2024-09-06T06:14:35.475+0000] {logging_mixin.py:190} INFO - [2024-09-06T06:14:35.474+0000] {dag.py:3211} INFO - Sync 1 DAGs
[2024-09-06T06:14:35.503+0000] {logging_mixin.py:190} INFO - [2024-09-06T06:14:35.502+0000] {dag.py:4138} INFO - Setting next_dagrun for example_complex to None, run_after=None
[2024-09-06T06:14:35.539+0000] {processor.py:208} INFO - Processing /home/airflow/.local/lib/python3.12/site-packages/airflow/example_dags/example_complex.py took 0.168 seconds
[2024-09-06T06:15:10.963+0000] {processor.py:186} INFO - Started process (PID=2772) to work on /home/airflow/.local/lib/python3.12/site-packages/airflow/example_dags/example_complex.py
[2024-09-06T06:15:10.968+0000] {processor.py:914} INFO - Processing file /home/airflow/.local/lib/python3.12/site-packages/airflow/example_dags/example_complex.py for tasks to queue
[2024-09-06T06:15:10.974+0000] {logging_mixin.py:190} INFO - [2024-09-06T06:15:10.973+0000] {dagbag.py:587} INFO - Filling up the DagBag from /home/airflow/.local/lib/python3.12/site-packages/airflow/example_dags/example_complex.py
[2024-09-06T06:15:11.030+0000] {processor.py:925} INFO - DAG(s) 'example_complex' retrieved from /home/airflow/.local/lib/python3.12/site-packages/airflow/example_dags/example_complex.py
[2024-09-06T06:15:11.230+0000] {logging_mixin.py:190} INFO - [2024-09-06T06:15:11.229+0000] {dag.py:3211} INFO - Sync 1 DAGs
[2024-09-06T06:15:11.332+0000] {logging_mixin.py:190} INFO - [2024-09-06T06:15:11.331+0000] {dag.py:4138} INFO - Setting next_dagrun for example_complex to None, run_after=None
[2024-09-06T06:15:11.436+0000] {processor.py:208} INFO - Processing /home/airflow/.local/lib/python3.12/site-packages/airflow/example_dags/example_complex.py took 0.500 seconds
[2024-09-06T06:15:42.558+0000] {processor.py:186} INFO - Started process (PID=2839) to work on /home/airflow/.local/lib/python3.12/site-packages/airflow/example_dags/example_complex.py
[2024-09-06T06:15:42.560+0000] {processor.py:914} INFO - Processing file /home/airflow/.local/lib/python3.12/site-packages/airflow/example_dags/example_complex.py for tasks to queue
[2024-09-06T06:15:42.568+0000] {logging_mixin.py:190} INFO - [2024-09-06T06:15:42.567+0000] {dagbag.py:587} INFO - Filling up the DagBag from /home/airflow/.local/lib/python3.12/site-packages/airflow/example_dags/example_complex.py
[2024-09-06T06:15:42.596+0000] {processor.py:925} INFO - DAG(s) 'example_complex' retrieved from /home/airflow/.local/lib/python3.12/site-packages/airflow/example_dags/example_complex.py
[2024-09-06T06:15:42.663+0000] {logging_mixin.py:190} INFO - [2024-09-06T06:15:42.663+0000] {dag.py:3211} INFO - Sync 1 DAGs
[2024-09-06T06:15:42.696+0000] {logging_mixin.py:190} INFO - [2024-09-06T06:15:42.696+0000] {dag.py:4138} INFO - Setting next_dagrun for example_complex to None, run_after=None
[2024-09-06T06:15:42.738+0000] {processor.py:208} INFO - Processing /home/airflow/.local/lib/python3.12/site-packages/airflow/example_dags/example_complex.py took 0.197 seconds
[2024-09-06T06:16:13.501+0000] {processor.py:186} INFO - Started process (PID=2905) to work on /home/airflow/.local/lib/python3.12/site-packages/airflow/example_dags/example_complex.py
[2024-09-06T06:16:13.503+0000] {processor.py:914} INFO - Processing file /home/airflow/.local/lib/python3.12/site-packages/airflow/example_dags/example_complex.py for tasks to queue
[2024-09-06T06:16:13.508+0000] {logging_mixin.py:190} INFO - [2024-09-06T06:16:13.507+0000] {dagbag.py:587} INFO - Filling up the DagBag from /home/airflow/.local/lib/python3.12/site-packages/airflow/example_dags/example_complex.py
[2024-09-06T06:16:13.532+0000] {processor.py:925} INFO - DAG(s) 'example_complex' retrieved from /home/airflow/.local/lib/python3.12/site-packages/airflow/example_dags/example_complex.py
[2024-09-06T06:16:13.619+0000] {logging_mixin.py:190} INFO - [2024-09-06T06:16:13.619+0000] {dag.py:3211} INFO - Sync 1 DAGs
[2024-09-06T06:16:13.666+0000] {logging_mixin.py:190} INFO - [2024-09-06T06:16:13.666+0000] {dag.py:4138} INFO - Setting next_dagrun for example_complex to None, run_after=None
[2024-09-06T06:16:13.723+0000] {processor.py:208} INFO - Processing /home/airflow/.local/lib/python3.12/site-packages/airflow/example_dags/example_complex.py took 0.239 seconds
[2024-09-06T06:16:44.095+0000] {processor.py:186} INFO - Started process (PID=2967) to work on /home/airflow/.local/lib/python3.12/site-packages/airflow/example_dags/example_complex.py
[2024-09-06T06:16:44.097+0000] {processor.py:914} INFO - Processing file /home/airflow/.local/lib/python3.12/site-packages/airflow/example_dags/example_complex.py for tasks to queue
[2024-09-06T06:16:44.103+0000] {logging_mixin.py:190} INFO - [2024-09-06T06:16:44.102+0000] {dagbag.py:587} INFO - Filling up the DagBag from /home/airflow/.local/lib/python3.12/site-packages/airflow/example_dags/example_complex.py
[2024-09-06T06:16:44.130+0000] {processor.py:925} INFO - DAG(s) 'example_complex' retrieved from /home/airflow/.local/lib/python3.12/site-packages/airflow/example_dags/example_complex.py
[2024-09-06T06:16:44.234+0000] {logging_mixin.py:190} INFO - [2024-09-06T06:16:44.234+0000] {dag.py:3211} INFO - Sync 1 DAGs
[2024-09-06T06:16:44.309+0000] {logging_mixin.py:190} INFO - [2024-09-06T06:16:44.308+0000] {dag.py:4138} INFO - Setting next_dagrun for example_complex to None, run_after=None
[2024-09-06T06:16:44.373+0000] {processor.py:208} INFO - Processing /home/airflow/.local/lib/python3.12/site-packages/airflow/example_dags/example_complex.py took 0.300 seconds
[2024-09-06T06:17:14.496+0000] {processor.py:186} INFO - Started process (PID=3033) to work on /home/airflow/.local/lib/python3.12/site-packages/airflow/example_dags/example_complex.py
[2024-09-06T06:17:14.498+0000] {processor.py:914} INFO - Processing file /home/airflow/.local/lib/python3.12/site-packages/airflow/example_dags/example_complex.py for tasks to queue
[2024-09-06T06:17:14.503+0000] {logging_mixin.py:190} INFO - [2024-09-06T06:17:14.502+0000] {dagbag.py:587} INFO - Filling up the DagBag from /home/airflow/.local/lib/python3.12/site-packages/airflow/example_dags/example_complex.py
[2024-09-06T06:17:14.525+0000] {processor.py:925} INFO - DAG(s) 'example_complex' retrieved from /home/airflow/.local/lib/python3.12/site-packages/airflow/example_dags/example_complex.py
[2024-09-06T06:17:14.588+0000] {logging_mixin.py:190} INFO - [2024-09-06T06:17:14.587+0000] {dag.py:3211} INFO - Sync 1 DAGs
[2024-09-06T06:17:14.617+0000] {logging_mixin.py:190} INFO - [2024-09-06T06:17:14.617+0000] {dag.py:4138} INFO - Setting next_dagrun for example_complex to None, run_after=None
[2024-09-06T06:17:14.656+0000] {processor.py:208} INFO - Processing /home/airflow/.local/lib/python3.12/site-packages/airflow/example_dags/example_complex.py took 0.177 seconds
[2024-09-06T06:17:49.761+0000] {processor.py:186} INFO - Started process (PID=3099) to work on /home/airflow/.local/lib/python3.12/site-packages/airflow/example_dags/example_complex.py
[2024-09-06T06:17:49.770+0000] {processor.py:914} INFO - Processing file /home/airflow/.local/lib/python3.12/site-packages/airflow/example_dags/example_complex.py for tasks to queue
[2024-09-06T06:17:49.796+0000] {logging_mixin.py:190} INFO - [2024-09-06T06:17:49.794+0000] {dagbag.py:587} INFO - Filling up the DagBag from /home/airflow/.local/lib/python3.12/site-packages/airflow/example_dags/example_complex.py
[2024-09-06T06:17:49.898+0000] {processor.py:925} INFO - DAG(s) 'example_complex' retrieved from /home/airflow/.local/lib/python3.12/site-packages/airflow/example_dags/example_complex.py
[2024-09-06T06:17:50.178+0000] {logging_mixin.py:190} INFO - [2024-09-06T06:17:50.177+0000] {dag.py:3211} INFO - Sync 1 DAGs
[2024-09-06T06:17:50.336+0000] {logging_mixin.py:190} INFO - [2024-09-06T06:17:50.335+0000] {dag.py:4138} INFO - Setting next_dagrun for example_complex to None, run_after=None
[2024-09-06T06:17:50.551+0000] {processor.py:208} INFO - Processing /home/airflow/.local/lib/python3.12/site-packages/airflow/example_dags/example_complex.py took 0.951 seconds
[2024-09-06T06:18:38.879+0000] {processor.py:186} INFO - Started process (PID=3203) to work on /home/airflow/.local/lib/python3.12/site-packages/airflow/example_dags/example_complex.py
[2024-09-06T06:18:38.887+0000] {processor.py:914} INFO - Processing file /home/airflow/.local/lib/python3.12/site-packages/airflow/example_dags/example_complex.py for tasks to queue
[2024-09-06T06:18:38.895+0000] {logging_mixin.py:190} INFO - [2024-09-06T06:18:38.894+0000] {dagbag.py:587} INFO - Filling up the DagBag from /home/airflow/.local/lib/python3.12/site-packages/airflow/example_dags/example_complex.py
[2024-09-06T06:18:38.964+0000] {processor.py:925} INFO - DAG(s) 'example_complex' retrieved from /home/airflow/.local/lib/python3.12/site-packages/airflow/example_dags/example_complex.py
[2024-09-06T06:18:39.114+0000] {logging_mixin.py:190} INFO - [2024-09-06T06:18:39.114+0000] {dag.py:3211} INFO - Sync 1 DAGs
[2024-09-06T06:18:39.175+0000] {logging_mixin.py:190} INFO - [2024-09-06T06:18:39.175+0000] {dag.py:4138} INFO - Setting next_dagrun for example_complex to None, run_after=None
[2024-09-06T06:18:39.255+0000] {processor.py:208} INFO - Processing /home/airflow/.local/lib/python3.12/site-packages/airflow/example_dags/example_complex.py took 0.446 seconds
[2024-09-06T06:19:23.283+0000] {processor.py:186} INFO - Started process (PID=3274) to work on /home/airflow/.local/lib/python3.12/site-packages/airflow/example_dags/example_complex.py
[2024-09-06T06:19:23.289+0000] {processor.py:914} INFO - Processing file /home/airflow/.local/lib/python3.12/site-packages/airflow/example_dags/example_complex.py for tasks to queue
[2024-09-06T06:19:23.298+0000] {logging_mixin.py:190} INFO - [2024-09-06T06:19:23.298+0000] {dagbag.py:587} INFO - Filling up the DagBag from /home/airflow/.local/lib/python3.12/site-packages/airflow/example_dags/example_complex.py
[2024-09-06T06:19:23.343+0000] {processor.py:925} INFO - DAG(s) 'example_complex' retrieved from /home/airflow/.local/lib/python3.12/site-packages/airflow/example_dags/example_complex.py
[2024-09-06T06:19:23.504+0000] {logging_mixin.py:190} INFO - [2024-09-06T06:19:23.504+0000] {dag.py:3211} INFO - Sync 1 DAGs
[2024-09-06T06:19:24.420+0000] {logging_mixin.py:190} INFO - [2024-09-06T06:19:24.419+0000] {dag.py:4138} INFO - Setting next_dagrun for example_complex to None, run_after=None
[2024-09-06T06:19:24.504+0000] {processor.py:208} INFO - Processing /home/airflow/.local/lib/python3.12/site-packages/airflow/example_dags/example_complex.py took 1.254 seconds
