[2024-09-06T05:52:40.249+0000] {processor.py:186} INFO - Started process (PID=75) to work on /home/airflow/.local/lib/python3.12/site-packages/airflow/example_dags/example_latest_only.py
[2024-09-06T05:52:40.251+0000] {processor.py:914} INFO - Processing file /home/airflow/.local/lib/python3.12/site-packages/airflow/example_dags/example_latest_only.py for tasks to queue
[2024-09-06T05:52:40.257+0000] {logging_mixin.py:190} INFO - [2024-09-06T05:52:40.257+0000] {dagbag.py:587} INFO - Filling up the DagBag from /home/airflow/.local/lib/python3.12/site-packages/airflow/example_dags/example_latest_only.py
[2024-09-06T05:52:40.283+0000] {processor.py:925} INFO - DAG(s) 'latest_only' retrieved from /home/airflow/.local/lib/python3.12/site-packages/airflow/example_dags/example_latest_only.py
[2024-09-06T05:52:40.391+0000] {logging_mixin.py:190} INFO - [2024-09-06T05:52:40.390+0000] {dag.py:3211} INFO - Sync 1 DAGs
[2024-09-06T05:52:40.528+0000] {logging_mixin.py:190} INFO - [2024-09-06T05:52:40.528+0000] {dag.py:4138} INFO - Setting next_dagrun for latest_only to 2024-09-06 00:00:00+00:00, run_after=2024-09-06 04:00:00+00:00
[2024-09-06T05:52:40.600+0000] {processor.py:208} INFO - Processing /home/airflow/.local/lib/python3.12/site-packages/airflow/example_dags/example_latest_only.py took 0.366 seconds
[2024-09-06T05:53:11.780+0000] {processor.py:186} INFO - Started process (PID=138) to work on /home/airflow/.local/lib/python3.12/site-packages/airflow/example_dags/example_latest_only.py
[2024-09-06T05:53:11.782+0000] {processor.py:914} INFO - Processing file /home/airflow/.local/lib/python3.12/site-packages/airflow/example_dags/example_latest_only.py for tasks to queue
[2024-09-06T05:53:11.788+0000] {logging_mixin.py:190} INFO - [2024-09-06T05:53:11.787+0000] {dagbag.py:587} INFO - Filling up the DagBag from /home/airflow/.local/lib/python3.12/site-packages/airflow/example_dags/example_latest_only.py
[2024-09-06T05:53:11.809+0000] {processor.py:925} INFO - DAG(s) 'latest_only' retrieved from /home/airflow/.local/lib/python3.12/site-packages/airflow/example_dags/example_latest_only.py
[2024-09-06T05:53:11.873+0000] {logging_mixin.py:190} INFO - [2024-09-06T05:53:11.872+0000] {dag.py:3211} INFO - Sync 1 DAGs
[2024-09-06T05:53:11.948+0000] {logging_mixin.py:190} INFO - [2024-09-06T05:53:11.947+0000] {dag.py:4138} INFO - Setting next_dagrun for latest_only to 2024-09-06 00:00:00+00:00, run_after=2024-09-06 04:00:00+00:00
[2024-09-06T05:53:12.042+0000] {processor.py:208} INFO - Processing /home/airflow/.local/lib/python3.12/site-packages/airflow/example_dags/example_latest_only.py took 0.278 seconds
[2024-09-06T05:53:42.726+0000] {processor.py:186} INFO - Started process (PID=201) to work on /home/airflow/.local/lib/python3.12/site-packages/airflow/example_dags/example_latest_only.py
[2024-09-06T05:53:42.733+0000] {processor.py:914} INFO - Processing file /home/airflow/.local/lib/python3.12/site-packages/airflow/example_dags/example_latest_only.py for tasks to queue
[2024-09-06T05:53:42.753+0000] {logging_mixin.py:190} INFO - [2024-09-06T05:53:42.753+0000] {dagbag.py:587} INFO - Filling up the DagBag from /home/airflow/.local/lib/python3.12/site-packages/airflow/example_dags/example_latest_only.py
[2024-09-06T05:53:42.791+0000] {processor.py:925} INFO - DAG(s) 'latest_only' retrieved from /home/airflow/.local/lib/python3.12/site-packages/airflow/example_dags/example_latest_only.py
[2024-09-06T05:53:42.868+0000] {logging_mixin.py:190} INFO - [2024-09-06T05:53:42.868+0000] {dag.py:3211} INFO - Sync 1 DAGs
[2024-09-06T05:53:42.954+0000] {logging_mixin.py:190} INFO - [2024-09-06T05:53:42.954+0000] {dag.py:4138} INFO - Setting next_dagrun for latest_only to 2024-09-06 00:00:00+00:00, run_after=2024-09-06 04:00:00+00:00
[2024-09-06T05:53:43.048+0000] {processor.py:208} INFO - Processing /home/airflow/.local/lib/python3.12/site-packages/airflow/example_dags/example_latest_only.py took 0.363 seconds
[2024-09-06T05:54:14.618+0000] {processor.py:186} INFO - Started process (PID=264) to work on /home/airflow/.local/lib/python3.12/site-packages/airflow/example_dags/example_latest_only.py
[2024-09-06T05:54:14.626+0000] {processor.py:914} INFO - Processing file /home/airflow/.local/lib/python3.12/site-packages/airflow/example_dags/example_latest_only.py for tasks to queue
[2024-09-06T05:54:14.636+0000] {logging_mixin.py:190} INFO - [2024-09-06T05:54:14.635+0000] {dagbag.py:587} INFO - Filling up the DagBag from /home/airflow/.local/lib/python3.12/site-packages/airflow/example_dags/example_latest_only.py
[2024-09-06T05:54:14.684+0000] {processor.py:925} INFO - DAG(s) 'latest_only' retrieved from /home/airflow/.local/lib/python3.12/site-packages/airflow/example_dags/example_latest_only.py
[2024-09-06T05:54:14.808+0000] {logging_mixin.py:190} INFO - [2024-09-06T05:54:14.807+0000] {dag.py:3211} INFO - Sync 1 DAGs
[2024-09-06T05:54:15.007+0000] {logging_mixin.py:190} INFO - [2024-09-06T05:54:15.007+0000] {dag.py:4138} INFO - Setting next_dagrun for latest_only to 2024-09-06 00:00:00+00:00, run_after=2024-09-06 04:00:00+00:00
[2024-09-06T05:54:15.116+0000] {processor.py:208} INFO - Processing /home/airflow/.local/lib/python3.12/site-packages/airflow/example_dags/example_latest_only.py took 0.550 seconds
[2024-09-06T05:54:45.241+0000] {processor.py:186} INFO - Started process (PID=326) to work on /home/airflow/.local/lib/python3.12/site-packages/airflow/example_dags/example_latest_only.py
[2024-09-06T05:54:45.243+0000] {processor.py:914} INFO - Processing file /home/airflow/.local/lib/python3.12/site-packages/airflow/example_dags/example_latest_only.py for tasks to queue
[2024-09-06T05:54:45.252+0000] {logging_mixin.py:190} INFO - [2024-09-06T05:54:45.251+0000] {dagbag.py:587} INFO - Filling up the DagBag from /home/airflow/.local/lib/python3.12/site-packages/airflow/example_dags/example_latest_only.py
[2024-09-06T05:54:45.276+0000] {processor.py:925} INFO - DAG(s) 'latest_only' retrieved from /home/airflow/.local/lib/python3.12/site-packages/airflow/example_dags/example_latest_only.py
[2024-09-06T05:54:45.319+0000] {logging_mixin.py:190} INFO - [2024-09-06T05:54:45.318+0000] {dag.py:3211} INFO - Sync 1 DAGs
[2024-09-06T05:54:45.385+0000] {logging_mixin.py:190} INFO - [2024-09-06T05:54:45.384+0000] {dag.py:4138} INFO - Setting next_dagrun for latest_only to 2024-09-06 00:00:00+00:00, run_after=2024-09-06 04:00:00+00:00
[2024-09-06T05:54:45.446+0000] {processor.py:208} INFO - Processing /home/airflow/.local/lib/python3.12/site-packages/airflow/example_dags/example_latest_only.py took 0.219 seconds
[2024-09-06T05:55:16.337+0000] {processor.py:186} INFO - Started process (PID=389) to work on /home/airflow/.local/lib/python3.12/site-packages/airflow/example_dags/example_latest_only.py
[2024-09-06T05:55:16.353+0000] {processor.py:914} INFO - Processing file /home/airflow/.local/lib/python3.12/site-packages/airflow/example_dags/example_latest_only.py for tasks to queue
[2024-09-06T05:55:16.361+0000] {logging_mixin.py:190} INFO - [2024-09-06T05:55:16.360+0000] {dagbag.py:587} INFO - Filling up the DagBag from /home/airflow/.local/lib/python3.12/site-packages/airflow/example_dags/example_latest_only.py
[2024-09-06T05:55:16.398+0000] {processor.py:925} INFO - DAG(s) 'latest_only' retrieved from /home/airflow/.local/lib/python3.12/site-packages/airflow/example_dags/example_latest_only.py
[2024-09-06T05:55:16.571+0000] {logging_mixin.py:190} INFO - [2024-09-06T05:55:16.570+0000] {dag.py:3211} INFO - Sync 1 DAGs
[2024-09-06T05:55:16.702+0000] {logging_mixin.py:190} INFO - [2024-09-06T05:55:16.701+0000] {dag.py:4138} INFO - Setting next_dagrun for latest_only to 2024-09-06 00:00:00+00:00, run_after=2024-09-06 04:00:00+00:00
[2024-09-06T05:55:16.839+0000] {processor.py:208} INFO - Processing /home/airflow/.local/lib/python3.12/site-packages/airflow/example_dags/example_latest_only.py took 0.528 seconds
[2024-09-06T05:55:47.041+0000] {processor.py:186} INFO - Started process (PID=452) to work on /home/airflow/.local/lib/python3.12/site-packages/airflow/example_dags/example_latest_only.py
[2024-09-06T05:55:47.044+0000] {processor.py:914} INFO - Processing file /home/airflow/.local/lib/python3.12/site-packages/airflow/example_dags/example_latest_only.py for tasks to queue
[2024-09-06T05:55:47.051+0000] {logging_mixin.py:190} INFO - [2024-09-06T05:55:47.050+0000] {dagbag.py:587} INFO - Filling up the DagBag from /home/airflow/.local/lib/python3.12/site-packages/airflow/example_dags/example_latest_only.py
[2024-09-06T05:55:47.074+0000] {processor.py:925} INFO - DAG(s) 'latest_only' retrieved from /home/airflow/.local/lib/python3.12/site-packages/airflow/example_dags/example_latest_only.py
[2024-09-06T05:55:47.168+0000] {logging_mixin.py:190} INFO - [2024-09-06T05:55:47.167+0000] {dag.py:3211} INFO - Sync 1 DAGs
[2024-09-06T05:55:47.277+0000] {logging_mixin.py:190} INFO - [2024-09-06T05:55:47.277+0000] {dag.py:4138} INFO - Setting next_dagrun for latest_only to 2024-09-06 00:00:00+00:00, run_after=2024-09-06 04:00:00+00:00
[2024-09-06T05:55:47.336+0000] {processor.py:208} INFO - Processing /home/airflow/.local/lib/python3.12/site-packages/airflow/example_dags/example_latest_only.py took 0.310 seconds
[2024-09-06T05:56:18.862+0000] {processor.py:186} INFO - Started process (PID=515) to work on /home/airflow/.local/lib/python3.12/site-packages/airflow/example_dags/example_latest_only.py
[2024-09-06T05:56:18.884+0000] {processor.py:914} INFO - Processing file /home/airflow/.local/lib/python3.12/site-packages/airflow/example_dags/example_latest_only.py for tasks to queue
[2024-09-06T05:56:18.926+0000] {logging_mixin.py:190} INFO - [2024-09-06T05:56:18.925+0000] {dagbag.py:587} INFO - Filling up the DagBag from /home/airflow/.local/lib/python3.12/site-packages/airflow/example_dags/example_latest_only.py
[2024-09-06T05:56:19.041+0000] {processor.py:925} INFO - DAG(s) 'latest_only' retrieved from /home/airflow/.local/lib/python3.12/site-packages/airflow/example_dags/example_latest_only.py
[2024-09-06T05:56:19.141+0000] {logging_mixin.py:190} INFO - [2024-09-06T05:56:19.140+0000] {dag.py:3211} INFO - Sync 1 DAGs
[2024-09-06T05:56:19.265+0000] {logging_mixin.py:190} INFO - [2024-09-06T05:56:19.265+0000] {dag.py:4138} INFO - Setting next_dagrun for latest_only to 2024-09-06 00:00:00+00:00, run_after=2024-09-06 04:00:00+00:00
[2024-09-06T05:56:19.402+0000] {processor.py:208} INFO - Processing /home/airflow/.local/lib/python3.12/site-packages/airflow/example_dags/example_latest_only.py took 0.589 seconds
[2024-09-06T05:56:49.708+0000] {processor.py:186} INFO - Started process (PID=579) to work on /home/airflow/.local/lib/python3.12/site-packages/airflow/example_dags/example_latest_only.py
[2024-09-06T05:56:49.710+0000] {processor.py:914} INFO - Processing file /home/airflow/.local/lib/python3.12/site-packages/airflow/example_dags/example_latest_only.py for tasks to queue
[2024-09-06T05:56:49.716+0000] {logging_mixin.py:190} INFO - [2024-09-06T05:56:49.715+0000] {dagbag.py:587} INFO - Filling up the DagBag from /home/airflow/.local/lib/python3.12/site-packages/airflow/example_dags/example_latest_only.py
[2024-09-06T05:56:49.735+0000] {processor.py:925} INFO - DAG(s) 'latest_only' retrieved from /home/airflow/.local/lib/python3.12/site-packages/airflow/example_dags/example_latest_only.py
[2024-09-06T05:56:49.813+0000] {logging_mixin.py:190} INFO - [2024-09-06T05:56:49.807+0000] {dag.py:3211} INFO - Sync 1 DAGs
[2024-09-06T05:56:49.914+0000] {logging_mixin.py:190} INFO - [2024-09-06T05:56:49.913+0000] {dag.py:4138} INFO - Setting next_dagrun for latest_only to 2024-09-06 00:00:00+00:00, run_after=2024-09-06 04:00:00+00:00
[2024-09-06T05:56:49.981+0000] {processor.py:208} INFO - Processing /home/airflow/.local/lib/python3.12/site-packages/airflow/example_dags/example_latest_only.py took 0.294 seconds
[2024-09-06T05:57:20.445+0000] {processor.py:186} INFO - Started process (PID=642) to work on /home/airflow/.local/lib/python3.12/site-packages/airflow/example_dags/example_latest_only.py
[2024-09-06T05:57:20.448+0000] {processor.py:914} INFO - Processing file /home/airflow/.local/lib/python3.12/site-packages/airflow/example_dags/example_latest_only.py for tasks to queue
[2024-09-06T05:57:20.455+0000] {logging_mixin.py:190} INFO - [2024-09-06T05:57:20.454+0000] {dagbag.py:587} INFO - Filling up the DagBag from /home/airflow/.local/lib/python3.12/site-packages/airflow/example_dags/example_latest_only.py
[2024-09-06T05:57:20.475+0000] {processor.py:925} INFO - DAG(s) 'latest_only' retrieved from /home/airflow/.local/lib/python3.12/site-packages/airflow/example_dags/example_latest_only.py
[2024-09-06T05:57:20.530+0000] {logging_mixin.py:190} INFO - [2024-09-06T05:57:20.530+0000] {dag.py:3211} INFO - Sync 1 DAGs
[2024-09-06T05:57:20.603+0000] {logging_mixin.py:190} INFO - [2024-09-06T05:57:20.603+0000] {dag.py:4138} INFO - Setting next_dagrun for latest_only to 2024-09-06 00:00:00+00:00, run_after=2024-09-06 04:00:00+00:00
[2024-09-06T05:57:20.652+0000] {processor.py:208} INFO - Processing /home/airflow/.local/lib/python3.12/site-packages/airflow/example_dags/example_latest_only.py took 0.221 seconds
[2024-09-06T05:57:56.700+0000] {processor.py:186} INFO - Started process (PID=707) to work on /home/airflow/.local/lib/python3.12/site-packages/airflow/example_dags/example_latest_only.py
[2024-09-06T05:57:56.703+0000] {processor.py:914} INFO - Processing file /home/airflow/.local/lib/python3.12/site-packages/airflow/example_dags/example_latest_only.py for tasks to queue
[2024-09-06T05:57:56.734+0000] {logging_mixin.py:190} INFO - [2024-09-06T05:57:56.733+0000] {dagbag.py:587} INFO - Filling up the DagBag from /home/airflow/.local/lib/python3.12/site-packages/airflow/example_dags/example_latest_only.py
[2024-09-06T05:57:56.761+0000] {processor.py:925} INFO - DAG(s) 'latest_only' retrieved from /home/airflow/.local/lib/python3.12/site-packages/airflow/example_dags/example_latest_only.py
[2024-09-06T05:57:56.848+0000] {logging_mixin.py:190} INFO - [2024-09-06T05:57:56.848+0000] {dag.py:3211} INFO - Sync 1 DAGs
[2024-09-06T05:57:56.985+0000] {logging_mixin.py:190} INFO - [2024-09-06T05:57:56.985+0000] {dag.py:4138} INFO - Setting next_dagrun for latest_only to 2024-09-06 00:00:00+00:00, run_after=2024-09-06 04:00:00+00:00
[2024-09-06T05:57:57.086+0000] {processor.py:208} INFO - Processing /home/airflow/.local/lib/python3.12/site-packages/airflow/example_dags/example_latest_only.py took 0.411 seconds
[2024-09-06T05:58:29.785+0000] {processor.py:186} INFO - Started process (PID=770) to work on /home/airflow/.local/lib/python3.12/site-packages/airflow/example_dags/example_latest_only.py
[2024-09-06T05:58:29.790+0000] {processor.py:914} INFO - Processing file /home/airflow/.local/lib/python3.12/site-packages/airflow/example_dags/example_latest_only.py for tasks to queue
[2024-09-06T05:58:29.801+0000] {logging_mixin.py:190} INFO - [2024-09-06T05:58:29.800+0000] {dagbag.py:587} INFO - Filling up the DagBag from /home/airflow/.local/lib/python3.12/site-packages/airflow/example_dags/example_latest_only.py
[2024-09-06T05:58:29.826+0000] {processor.py:925} INFO - DAG(s) 'latest_only' retrieved from /home/airflow/.local/lib/python3.12/site-packages/airflow/example_dags/example_latest_only.py
[2024-09-06T05:58:29.928+0000] {logging_mixin.py:190} INFO - [2024-09-06T05:58:29.927+0000] {dag.py:3211} INFO - Sync 1 DAGs
[2024-09-06T05:58:30.085+0000] {logging_mixin.py:190} INFO - [2024-09-06T05:58:30.085+0000] {dag.py:4138} INFO - Setting next_dagrun for latest_only to 2024-09-06 00:00:00+00:00, run_after=2024-09-06 04:00:00+00:00
[2024-09-06T05:58:30.179+0000] {processor.py:208} INFO - Processing /home/airflow/.local/lib/python3.12/site-packages/airflow/example_dags/example_latest_only.py took 0.410 seconds
[2024-09-06T05:59:00.374+0000] {processor.py:186} INFO - Started process (PID=833) to work on /home/airflow/.local/lib/python3.12/site-packages/airflow/example_dags/example_latest_only.py
[2024-09-06T05:59:00.376+0000] {processor.py:914} INFO - Processing file /home/airflow/.local/lib/python3.12/site-packages/airflow/example_dags/example_latest_only.py for tasks to queue
[2024-09-06T05:59:00.383+0000] {logging_mixin.py:190} INFO - [2024-09-06T05:59:00.382+0000] {dagbag.py:587} INFO - Filling up the DagBag from /home/airflow/.local/lib/python3.12/site-packages/airflow/example_dags/example_latest_only.py
[2024-09-06T05:59:00.398+0000] {processor.py:925} INFO - DAG(s) 'latest_only' retrieved from /home/airflow/.local/lib/python3.12/site-packages/airflow/example_dags/example_latest_only.py
[2024-09-06T05:59:00.436+0000] {logging_mixin.py:190} INFO - [2024-09-06T05:59:00.436+0000] {dag.py:3211} INFO - Sync 1 DAGs
[2024-09-06T05:59:00.482+0000] {logging_mixin.py:190} INFO - [2024-09-06T05:59:00.482+0000] {dag.py:4138} INFO - Setting next_dagrun for latest_only to 2024-09-06 00:00:00+00:00, run_after=2024-09-06 04:00:00+00:00
[2024-09-06T05:59:00.518+0000] {processor.py:208} INFO - Processing /home/airflow/.local/lib/python3.12/site-packages/airflow/example_dags/example_latest_only.py took 0.156 seconds
[2024-09-06T05:59:31.170+0000] {processor.py:186} INFO - Started process (PID=895) to work on /home/airflow/.local/lib/python3.12/site-packages/airflow/example_dags/example_latest_only.py
[2024-09-06T05:59:31.172+0000] {processor.py:914} INFO - Processing file /home/airflow/.local/lib/python3.12/site-packages/airflow/example_dags/example_latest_only.py for tasks to queue
[2024-09-06T05:59:31.178+0000] {logging_mixin.py:190} INFO - [2024-09-06T05:59:31.177+0000] {dagbag.py:587} INFO - Filling up the DagBag from /home/airflow/.local/lib/python3.12/site-packages/airflow/example_dags/example_latest_only.py
[2024-09-06T05:59:31.194+0000] {processor.py:925} INFO - DAG(s) 'latest_only' retrieved from /home/airflow/.local/lib/python3.12/site-packages/airflow/example_dags/example_latest_only.py
[2024-09-06T05:59:31.244+0000] {logging_mixin.py:190} INFO - [2024-09-06T05:59:31.243+0000] {dag.py:3211} INFO - Sync 1 DAGs
[2024-09-06T05:59:31.326+0000] {logging_mixin.py:190} INFO - [2024-09-06T05:59:31.325+0000] {dag.py:4138} INFO - Setting next_dagrun for latest_only to 2024-09-06 00:00:00+00:00, run_after=2024-09-06 04:00:00+00:00
[2024-09-06T05:59:31.409+0000] {processor.py:208} INFO - Processing /home/airflow/.local/lib/python3.12/site-packages/airflow/example_dags/example_latest_only.py took 0.253 seconds
[2024-09-06T06:00:01.839+0000] {processor.py:186} INFO - Started process (PID=958) to work on /home/airflow/.local/lib/python3.12/site-packages/airflow/example_dags/example_latest_only.py
[2024-09-06T06:00:01.841+0000] {processor.py:914} INFO - Processing file /home/airflow/.local/lib/python3.12/site-packages/airflow/example_dags/example_latest_only.py for tasks to queue
[2024-09-06T06:00:01.846+0000] {logging_mixin.py:190} INFO - [2024-09-06T06:00:01.846+0000] {dagbag.py:587} INFO - Filling up the DagBag from /home/airflow/.local/lib/python3.12/site-packages/airflow/example_dags/example_latest_only.py
[2024-09-06T06:00:01.860+0000] {processor.py:925} INFO - DAG(s) 'latest_only' retrieved from /home/airflow/.local/lib/python3.12/site-packages/airflow/example_dags/example_latest_only.py
[2024-09-06T06:00:01.899+0000] {logging_mixin.py:190} INFO - [2024-09-06T06:00:01.898+0000] {dag.py:3211} INFO - Sync 1 DAGs
[2024-09-06T06:00:01.945+0000] {logging_mixin.py:190} INFO - [2024-09-06T06:00:01.945+0000] {dag.py:4138} INFO - Setting next_dagrun for latest_only to 2024-09-06 00:00:00+00:00, run_after=2024-09-06 04:00:00+00:00
[2024-09-06T06:00:01.985+0000] {processor.py:208} INFO - Processing /home/airflow/.local/lib/python3.12/site-packages/airflow/example_dags/example_latest_only.py took 0.160 seconds
[2024-09-06T06:01:14.731+0000] {processor.py:186} INFO - Started process (PID=1022) to work on /home/airflow/.local/lib/python3.12/site-packages/airflow/example_dags/example_latest_only.py
[2024-09-06T06:01:14.735+0000] {processor.py:914} INFO - Processing file /home/airflow/.local/lib/python3.12/site-packages/airflow/example_dags/example_latest_only.py for tasks to queue
[2024-09-06T06:01:14.770+0000] {logging_mixin.py:190} INFO - [2024-09-06T06:01:14.768+0000] {dagbag.py:587} INFO - Filling up the DagBag from /home/airflow/.local/lib/python3.12/site-packages/airflow/example_dags/example_latest_only.py
[2024-09-06T06:01:14.861+0000] {processor.py:925} INFO - DAG(s) 'latest_only' retrieved from /home/airflow/.local/lib/python3.12/site-packages/airflow/example_dags/example_latest_only.py
[2024-09-06T06:01:15.113+0000] {logging_mixin.py:190} INFO - [2024-09-06T06:01:15.113+0000] {dag.py:3211} INFO - Sync 1 DAGs
[2024-09-06T06:01:15.463+0000] {logging_mixin.py:190} INFO - [2024-09-06T06:01:15.463+0000] {dag.py:4138} INFO - Setting next_dagrun for latest_only to 2024-09-06 00:00:00+00:00, run_after=2024-09-06 04:00:00+00:00
[2024-09-06T06:01:15.850+0000] {processor.py:208} INFO - Processing /home/airflow/.local/lib/python3.12/site-packages/airflow/example_dags/example_latest_only.py took 1.182 seconds
[2024-09-06T06:01:46.836+0000] {processor.py:186} INFO - Started process (PID=1085) to work on /home/airflow/.local/lib/python3.12/site-packages/airflow/example_dags/example_latest_only.py
[2024-09-06T06:01:46.839+0000] {processor.py:914} INFO - Processing file /home/airflow/.local/lib/python3.12/site-packages/airflow/example_dags/example_latest_only.py for tasks to queue
[2024-09-06T06:01:46.847+0000] {logging_mixin.py:190} INFO - [2024-09-06T06:01:46.846+0000] {dagbag.py:587} INFO - Filling up the DagBag from /home/airflow/.local/lib/python3.12/site-packages/airflow/example_dags/example_latest_only.py
[2024-09-06T06:01:46.872+0000] {processor.py:925} INFO - DAG(s) 'latest_only' retrieved from /home/airflow/.local/lib/python3.12/site-packages/airflow/example_dags/example_latest_only.py
[2024-09-06T06:01:46.927+0000] {logging_mixin.py:190} INFO - [2024-09-06T06:01:46.924+0000] {dag.py:3211} INFO - Sync 1 DAGs
[2024-09-06T06:01:46.985+0000] {logging_mixin.py:190} INFO - [2024-09-06T06:01:46.984+0000] {dag.py:4138} INFO - Setting next_dagrun for latest_only to 2024-09-06 00:00:00+00:00, run_after=2024-09-06 04:00:00+00:00
[2024-09-06T06:01:47.023+0000] {processor.py:208} INFO - Processing /home/airflow/.local/lib/python3.12/site-packages/airflow/example_dags/example_latest_only.py took 0.204 seconds
[2024-09-06T06:02:17.902+0000] {processor.py:186} INFO - Started process (PID=1149) to work on /home/airflow/.local/lib/python3.12/site-packages/airflow/example_dags/example_latest_only.py
[2024-09-06T06:02:17.905+0000] {processor.py:914} INFO - Processing file /home/airflow/.local/lib/python3.12/site-packages/airflow/example_dags/example_latest_only.py for tasks to queue
[2024-09-06T06:02:17.910+0000] {logging_mixin.py:190} INFO - [2024-09-06T06:02:17.909+0000] {dagbag.py:587} INFO - Filling up the DagBag from /home/airflow/.local/lib/python3.12/site-packages/airflow/example_dags/example_latest_only.py
[2024-09-06T06:02:17.942+0000] {processor.py:925} INFO - DAG(s) 'latest_only' retrieved from /home/airflow/.local/lib/python3.12/site-packages/airflow/example_dags/example_latest_only.py
[2024-09-06T06:02:18.028+0000] {logging_mixin.py:190} INFO - [2024-09-06T06:02:18.028+0000] {dag.py:3211} INFO - Sync 1 DAGs
[2024-09-06T06:02:18.130+0000] {logging_mixin.py:190} INFO - [2024-09-06T06:02:18.130+0000] {dag.py:4138} INFO - Setting next_dagrun for latest_only to 2024-09-06 00:00:00+00:00, run_after=2024-09-06 04:00:00+00:00
[2024-09-06T06:02:18.195+0000] {processor.py:208} INFO - Processing /home/airflow/.local/lib/python3.12/site-packages/airflow/example_dags/example_latest_only.py took 0.311 seconds
[2024-09-06T06:02:48.615+0000] {processor.py:186} INFO - Started process (PID=1212) to work on /home/airflow/.local/lib/python3.12/site-packages/airflow/example_dags/example_latest_only.py
[2024-09-06T06:02:48.618+0000] {processor.py:914} INFO - Processing file /home/airflow/.local/lib/python3.12/site-packages/airflow/example_dags/example_latest_only.py for tasks to queue
[2024-09-06T06:02:48.625+0000] {logging_mixin.py:190} INFO - [2024-09-06T06:02:48.624+0000] {dagbag.py:587} INFO - Filling up the DagBag from /home/airflow/.local/lib/python3.12/site-packages/airflow/example_dags/example_latest_only.py
[2024-09-06T06:02:48.647+0000] {processor.py:925} INFO - DAG(s) 'latest_only' retrieved from /home/airflow/.local/lib/python3.12/site-packages/airflow/example_dags/example_latest_only.py
[2024-09-06T06:02:48.698+0000] {logging_mixin.py:190} INFO - [2024-09-06T06:02:48.698+0000] {dag.py:3211} INFO - Sync 1 DAGs
[2024-09-06T06:02:48.752+0000] {logging_mixin.py:190} INFO - [2024-09-06T06:02:48.751+0000] {dag.py:4138} INFO - Setting next_dagrun for latest_only to 2024-09-06 00:00:00+00:00, run_after=2024-09-06 04:00:00+00:00
[2024-09-06T06:02:48.790+0000] {processor.py:208} INFO - Processing /home/airflow/.local/lib/python3.12/site-packages/airflow/example_dags/example_latest_only.py took 0.211 seconds
[2024-09-06T06:03:19.086+0000] {processor.py:186} INFO - Started process (PID=1275) to work on /home/airflow/.local/lib/python3.12/site-packages/airflow/example_dags/example_latest_only.py
[2024-09-06T06:03:19.088+0000] {processor.py:914} INFO - Processing file /home/airflow/.local/lib/python3.12/site-packages/airflow/example_dags/example_latest_only.py for tasks to queue
[2024-09-06T06:03:19.093+0000] {logging_mixin.py:190} INFO - [2024-09-06T06:03:19.093+0000] {dagbag.py:587} INFO - Filling up the DagBag from /home/airflow/.local/lib/python3.12/site-packages/airflow/example_dags/example_latest_only.py
[2024-09-06T06:03:19.108+0000] {processor.py:925} INFO - DAG(s) 'latest_only' retrieved from /home/airflow/.local/lib/python3.12/site-packages/airflow/example_dags/example_latest_only.py
[2024-09-06T06:03:19.150+0000] {logging_mixin.py:190} INFO - [2024-09-06T06:03:19.149+0000] {dag.py:3211} INFO - Sync 1 DAGs
[2024-09-06T06:03:19.199+0000] {logging_mixin.py:190} INFO - [2024-09-06T06:03:19.198+0000] {dag.py:4138} INFO - Setting next_dagrun for latest_only to 2024-09-06 00:00:00+00:00, run_after=2024-09-06 04:00:00+00:00
[2024-09-06T06:03:19.235+0000] {processor.py:208} INFO - Processing /home/airflow/.local/lib/python3.12/site-packages/airflow/example_dags/example_latest_only.py took 0.164 seconds
[2024-09-06T06:03:49.678+0000] {processor.py:186} INFO - Started process (PID=1338) to work on /home/airflow/.local/lib/python3.12/site-packages/airflow/example_dags/example_latest_only.py
[2024-09-06T06:03:49.680+0000] {processor.py:914} INFO - Processing file /home/airflow/.local/lib/python3.12/site-packages/airflow/example_dags/example_latest_only.py for tasks to queue
[2024-09-06T06:03:49.684+0000] {logging_mixin.py:190} INFO - [2024-09-06T06:03:49.684+0000] {dagbag.py:587} INFO - Filling up the DagBag from /home/airflow/.local/lib/python3.12/site-packages/airflow/example_dags/example_latest_only.py
[2024-09-06T06:03:49.697+0000] {processor.py:925} INFO - DAG(s) 'latest_only' retrieved from /home/airflow/.local/lib/python3.12/site-packages/airflow/example_dags/example_latest_only.py
[2024-09-06T06:03:49.735+0000] {logging_mixin.py:190} INFO - [2024-09-06T06:03:49.735+0000] {dag.py:3211} INFO - Sync 1 DAGs
[2024-09-06T06:03:49.784+0000] {logging_mixin.py:190} INFO - [2024-09-06T06:03:49.784+0000] {dag.py:4138} INFO - Setting next_dagrun for latest_only to 2024-09-06 00:00:00+00:00, run_after=2024-09-06 04:00:00+00:00
[2024-09-06T06:03:49.819+0000] {processor.py:208} INFO - Processing /home/airflow/.local/lib/python3.12/site-packages/airflow/example_dags/example_latest_only.py took 0.156 seconds
[2024-09-06T06:04:20.315+0000] {processor.py:186} INFO - Started process (PID=1401) to work on /home/airflow/.local/lib/python3.12/site-packages/airflow/example_dags/example_latest_only.py
[2024-09-06T06:04:20.317+0000] {processor.py:914} INFO - Processing file /home/airflow/.local/lib/python3.12/site-packages/airflow/example_dags/example_latest_only.py for tasks to queue
[2024-09-06T06:04:20.322+0000] {logging_mixin.py:190} INFO - [2024-09-06T06:04:20.321+0000] {dagbag.py:587} INFO - Filling up the DagBag from /home/airflow/.local/lib/python3.12/site-packages/airflow/example_dags/example_latest_only.py
[2024-09-06T06:04:20.335+0000] {processor.py:925} INFO - DAG(s) 'latest_only' retrieved from /home/airflow/.local/lib/python3.12/site-packages/airflow/example_dags/example_latest_only.py
[2024-09-06T06:04:20.372+0000] {logging_mixin.py:190} INFO - [2024-09-06T06:04:20.372+0000] {dag.py:3211} INFO - Sync 1 DAGs
[2024-09-06T06:04:20.425+0000] {logging_mixin.py:190} INFO - [2024-09-06T06:04:20.424+0000] {dag.py:4138} INFO - Setting next_dagrun for latest_only to 2024-09-06 00:00:00+00:00, run_after=2024-09-06 04:00:00+00:00
[2024-09-06T06:04:20.460+0000] {processor.py:208} INFO - Processing /home/airflow/.local/lib/python3.12/site-packages/airflow/example_dags/example_latest_only.py took 0.156 seconds
[2024-09-06T06:04:50.895+0000] {processor.py:186} INFO - Started process (PID=1464) to work on /home/airflow/.local/lib/python3.12/site-packages/airflow/example_dags/example_latest_only.py
[2024-09-06T06:04:50.898+0000] {processor.py:914} INFO - Processing file /home/airflow/.local/lib/python3.12/site-packages/airflow/example_dags/example_latest_only.py for tasks to queue
[2024-09-06T06:04:50.905+0000] {logging_mixin.py:190} INFO - [2024-09-06T06:04:50.904+0000] {dagbag.py:587} INFO - Filling up the DagBag from /home/airflow/.local/lib/python3.12/site-packages/airflow/example_dags/example_latest_only.py
[2024-09-06T06:04:50.918+0000] {processor.py:925} INFO - DAG(s) 'latest_only' retrieved from /home/airflow/.local/lib/python3.12/site-packages/airflow/example_dags/example_latest_only.py
[2024-09-06T06:04:50.956+0000] {logging_mixin.py:190} INFO - [2024-09-06T06:04:50.955+0000] {dag.py:3211} INFO - Sync 1 DAGs
[2024-09-06T06:04:51.002+0000] {logging_mixin.py:190} INFO - [2024-09-06T06:04:51.002+0000] {dag.py:4138} INFO - Setting next_dagrun for latest_only to 2024-09-06 00:00:00+00:00, run_after=2024-09-06 04:00:00+00:00
[2024-09-06T06:04:51.036+0000] {processor.py:208} INFO - Processing /home/airflow/.local/lib/python3.12/site-packages/airflow/example_dags/example_latest_only.py took 0.169 seconds
[2024-09-06T06:05:22.035+0000] {processor.py:186} INFO - Started process (PID=1527) to work on /home/airflow/.local/lib/python3.12/site-packages/airflow/example_dags/example_latest_only.py
[2024-09-06T06:05:22.038+0000] {processor.py:914} INFO - Processing file /home/airflow/.local/lib/python3.12/site-packages/airflow/example_dags/example_latest_only.py for tasks to queue
[2024-09-06T06:05:22.044+0000] {logging_mixin.py:190} INFO - [2024-09-06T06:05:22.043+0000] {dagbag.py:587} INFO - Filling up the DagBag from /home/airflow/.local/lib/python3.12/site-packages/airflow/example_dags/example_latest_only.py
[2024-09-06T06:05:22.060+0000] {processor.py:925} INFO - DAG(s) 'latest_only' retrieved from /home/airflow/.local/lib/python3.12/site-packages/airflow/example_dags/example_latest_only.py
[2024-09-06T06:05:22.107+0000] {logging_mixin.py:190} INFO - [2024-09-06T06:05:22.106+0000] {dag.py:3211} INFO - Sync 1 DAGs
[2024-09-06T06:05:22.156+0000] {logging_mixin.py:190} INFO - [2024-09-06T06:05:22.156+0000] {dag.py:4138} INFO - Setting next_dagrun for latest_only to 2024-09-06 00:00:00+00:00, run_after=2024-09-06 04:00:00+00:00
[2024-09-06T06:05:22.193+0000] {processor.py:208} INFO - Processing /home/airflow/.local/lib/python3.12/site-packages/airflow/example_dags/example_latest_only.py took 0.176 seconds
[2024-09-06T06:05:52.842+0000] {processor.py:186} INFO - Started process (PID=1590) to work on /home/airflow/.local/lib/python3.12/site-packages/airflow/example_dags/example_latest_only.py
[2024-09-06T06:05:52.844+0000] {processor.py:914} INFO - Processing file /home/airflow/.local/lib/python3.12/site-packages/airflow/example_dags/example_latest_only.py for tasks to queue
[2024-09-06T06:05:52.850+0000] {logging_mixin.py:190} INFO - [2024-09-06T06:05:52.849+0000] {dagbag.py:587} INFO - Filling up the DagBag from /home/airflow/.local/lib/python3.12/site-packages/airflow/example_dags/example_latest_only.py
[2024-09-06T06:05:52.867+0000] {processor.py:925} INFO - DAG(s) 'latest_only' retrieved from /home/airflow/.local/lib/python3.12/site-packages/airflow/example_dags/example_latest_only.py
[2024-09-06T06:05:52.910+0000] {logging_mixin.py:190} INFO - [2024-09-06T06:05:52.909+0000] {dag.py:3211} INFO - Sync 1 DAGs
[2024-09-06T06:05:52.971+0000] {logging_mixin.py:190} INFO - [2024-09-06T06:05:52.971+0000] {dag.py:4138} INFO - Setting next_dagrun for latest_only to 2024-09-06 00:00:00+00:00, run_after=2024-09-06 04:00:00+00:00
[2024-09-06T06:05:53.025+0000] {processor.py:208} INFO - Processing /home/airflow/.local/lib/python3.12/site-packages/airflow/example_dags/example_latest_only.py took 0.197 seconds
[2024-09-06T06:06:23.440+0000] {processor.py:186} INFO - Started process (PID=1653) to work on /home/airflow/.local/lib/python3.12/site-packages/airflow/example_dags/example_latest_only.py
[2024-09-06T06:06:23.442+0000] {processor.py:914} INFO - Processing file /home/airflow/.local/lib/python3.12/site-packages/airflow/example_dags/example_latest_only.py for tasks to queue
[2024-09-06T06:06:23.446+0000] {logging_mixin.py:190} INFO - [2024-09-06T06:06:23.446+0000] {dagbag.py:587} INFO - Filling up the DagBag from /home/airflow/.local/lib/python3.12/site-packages/airflow/example_dags/example_latest_only.py
[2024-09-06T06:06:23.459+0000] {processor.py:925} INFO - DAG(s) 'latest_only' retrieved from /home/airflow/.local/lib/python3.12/site-packages/airflow/example_dags/example_latest_only.py
[2024-09-06T06:06:23.497+0000] {logging_mixin.py:190} INFO - [2024-09-06T06:06:23.497+0000] {dag.py:3211} INFO - Sync 1 DAGs
[2024-09-06T06:06:23.542+0000] {logging_mixin.py:190} INFO - [2024-09-06T06:06:23.542+0000] {dag.py:4138} INFO - Setting next_dagrun for latest_only to 2024-09-06 00:00:00+00:00, run_after=2024-09-06 04:00:00+00:00
[2024-09-06T06:06:23.577+0000] {processor.py:208} INFO - Processing /home/airflow/.local/lib/python3.12/site-packages/airflow/example_dags/example_latest_only.py took 0.149 seconds
[2024-09-06T06:06:54.143+0000] {processor.py:186} INFO - Started process (PID=1716) to work on /home/airflow/.local/lib/python3.12/site-packages/airflow/example_dags/example_latest_only.py
[2024-09-06T06:06:54.145+0000] {processor.py:914} INFO - Processing file /home/airflow/.local/lib/python3.12/site-packages/airflow/example_dags/example_latest_only.py for tasks to queue
[2024-09-06T06:06:54.151+0000] {logging_mixin.py:190} INFO - [2024-09-06T06:06:54.150+0000] {dagbag.py:587} INFO - Filling up the DagBag from /home/airflow/.local/lib/python3.12/site-packages/airflow/example_dags/example_latest_only.py
[2024-09-06T06:06:54.169+0000] {processor.py:925} INFO - DAG(s) 'latest_only' retrieved from /home/airflow/.local/lib/python3.12/site-packages/airflow/example_dags/example_latest_only.py
[2024-09-06T06:06:54.222+0000] {logging_mixin.py:190} INFO - [2024-09-06T06:06:54.221+0000] {dag.py:3211} INFO - Sync 1 DAGs
[2024-09-06T06:06:54.273+0000] {logging_mixin.py:190} INFO - [2024-09-06T06:06:54.273+0000] {dag.py:4138} INFO - Setting next_dagrun for latest_only to 2024-09-06 00:00:00+00:00, run_after=2024-09-06 04:00:00+00:00
[2024-09-06T06:06:54.307+0000] {processor.py:208} INFO - Processing /home/airflow/.local/lib/python3.12/site-packages/airflow/example_dags/example_latest_only.py took 0.177 seconds
[2024-09-06T06:07:25.057+0000] {processor.py:186} INFO - Started process (PID=1785) to work on /home/airflow/.local/lib/python3.12/site-packages/airflow/example_dags/example_latest_only.py
[2024-09-06T06:07:25.065+0000] {processor.py:914} INFO - Processing file /home/airflow/.local/lib/python3.12/site-packages/airflow/example_dags/example_latest_only.py for tasks to queue
[2024-09-06T06:07:25.085+0000] {logging_mixin.py:190} INFO - [2024-09-06T06:07:25.082+0000] {dagbag.py:587} INFO - Filling up the DagBag from /home/airflow/.local/lib/python3.12/site-packages/airflow/example_dags/example_latest_only.py
[2024-09-06T06:07:25.105+0000] {processor.py:925} INFO - DAG(s) 'latest_only' retrieved from /home/airflow/.local/lib/python3.12/site-packages/airflow/example_dags/example_latest_only.py
[2024-09-06T06:07:25.167+0000] {logging_mixin.py:190} INFO - [2024-09-06T06:07:25.166+0000] {dag.py:3211} INFO - Sync 1 DAGs
[2024-09-06T06:07:25.276+0000] {logging_mixin.py:190} INFO - [2024-09-06T06:07:25.276+0000] {dag.py:4138} INFO - Setting next_dagrun for latest_only to 2024-09-06 00:00:00+00:00, run_after=2024-09-06 04:00:00+00:00
[2024-09-06T06:07:25.335+0000] {processor.py:208} INFO - Processing /home/airflow/.local/lib/python3.12/site-packages/airflow/example_dags/example_latest_only.py took 0.297 seconds
[2024-09-06T06:07:55.557+0000] {processor.py:186} INFO - Started process (PID=1848) to work on /home/airflow/.local/lib/python3.12/site-packages/airflow/example_dags/example_latest_only.py
[2024-09-06T06:07:55.559+0000] {processor.py:914} INFO - Processing file /home/airflow/.local/lib/python3.12/site-packages/airflow/example_dags/example_latest_only.py for tasks to queue
[2024-09-06T06:07:55.564+0000] {logging_mixin.py:190} INFO - [2024-09-06T06:07:55.564+0000] {dagbag.py:587} INFO - Filling up the DagBag from /home/airflow/.local/lib/python3.12/site-packages/airflow/example_dags/example_latest_only.py
[2024-09-06T06:07:55.578+0000] {processor.py:925} INFO - DAG(s) 'latest_only' retrieved from /home/airflow/.local/lib/python3.12/site-packages/airflow/example_dags/example_latest_only.py
[2024-09-06T06:07:55.624+0000] {logging_mixin.py:190} INFO - [2024-09-06T06:07:55.624+0000] {dag.py:3211} INFO - Sync 1 DAGs
[2024-09-06T06:07:55.677+0000] {logging_mixin.py:190} INFO - [2024-09-06T06:07:55.676+0000] {dag.py:4138} INFO - Setting next_dagrun for latest_only to 2024-09-06 00:00:00+00:00, run_after=2024-09-06 04:00:00+00:00
[2024-09-06T06:07:55.717+0000] {processor.py:208} INFO - Processing /home/airflow/.local/lib/python3.12/site-packages/airflow/example_dags/example_latest_only.py took 0.172 seconds
[2024-09-06T06:08:26.104+0000] {processor.py:186} INFO - Started process (PID=1911) to work on /home/airflow/.local/lib/python3.12/site-packages/airflow/example_dags/example_latest_only.py
[2024-09-06T06:08:26.106+0000] {processor.py:914} INFO - Processing file /home/airflow/.local/lib/python3.12/site-packages/airflow/example_dags/example_latest_only.py for tasks to queue
[2024-09-06T06:08:26.122+0000] {logging_mixin.py:190} INFO - [2024-09-06T06:08:26.121+0000] {dagbag.py:587} INFO - Filling up the DagBag from /home/airflow/.local/lib/python3.12/site-packages/airflow/example_dags/example_latest_only.py
[2024-09-06T06:08:26.140+0000] {processor.py:925} INFO - DAG(s) 'latest_only' retrieved from /home/airflow/.local/lib/python3.12/site-packages/airflow/example_dags/example_latest_only.py
[2024-09-06T06:08:26.191+0000] {logging_mixin.py:190} INFO - [2024-09-06T06:08:26.190+0000] {dag.py:3211} INFO - Sync 1 DAGs
[2024-09-06T06:08:26.277+0000] {logging_mixin.py:190} INFO - [2024-09-06T06:08:26.277+0000] {dag.py:4138} INFO - Setting next_dagrun for latest_only to 2024-09-06 00:00:00+00:00, run_after=2024-09-06 04:00:00+00:00
[2024-09-06T06:08:26.319+0000] {processor.py:208} INFO - Processing /home/airflow/.local/lib/python3.12/site-packages/airflow/example_dags/example_latest_only.py took 0.244 seconds
[2024-09-06T06:08:56.675+0000] {processor.py:186} INFO - Started process (PID=1974) to work on /home/airflow/.local/lib/python3.12/site-packages/airflow/example_dags/example_latest_only.py
[2024-09-06T06:08:56.678+0000] {processor.py:914} INFO - Processing file /home/airflow/.local/lib/python3.12/site-packages/airflow/example_dags/example_latest_only.py for tasks to queue
[2024-09-06T06:08:56.684+0000] {logging_mixin.py:190} INFO - [2024-09-06T06:08:56.683+0000] {dagbag.py:587} INFO - Filling up the DagBag from /home/airflow/.local/lib/python3.12/site-packages/airflow/example_dags/example_latest_only.py
[2024-09-06T06:08:56.703+0000] {processor.py:925} INFO - DAG(s) 'latest_only' retrieved from /home/airflow/.local/lib/python3.12/site-packages/airflow/example_dags/example_latest_only.py
[2024-09-06T06:08:56.750+0000] {logging_mixin.py:190} INFO - [2024-09-06T06:08:56.750+0000] {dag.py:3211} INFO - Sync 1 DAGs
[2024-09-06T06:08:56.825+0000] {logging_mixin.py:190} INFO - [2024-09-06T06:08:56.824+0000] {dag.py:4138} INFO - Setting next_dagrun for latest_only to 2024-09-06 00:00:00+00:00, run_after=2024-09-06 04:00:00+00:00
[2024-09-06T06:08:56.875+0000] {processor.py:208} INFO - Processing /home/airflow/.local/lib/python3.12/site-packages/airflow/example_dags/example_latest_only.py took 0.214 seconds
[2024-09-06T06:09:27.487+0000] {processor.py:186} INFO - Started process (PID=2038) to work on /home/airflow/.local/lib/python3.12/site-packages/airflow/example_dags/example_latest_only.py
[2024-09-06T06:09:27.489+0000] {processor.py:914} INFO - Processing file /home/airflow/.local/lib/python3.12/site-packages/airflow/example_dags/example_latest_only.py for tasks to queue
[2024-09-06T06:09:27.495+0000] {logging_mixin.py:190} INFO - [2024-09-06T06:09:27.494+0000] {dagbag.py:587} INFO - Filling up the DagBag from /home/airflow/.local/lib/python3.12/site-packages/airflow/example_dags/example_latest_only.py
[2024-09-06T06:09:27.509+0000] {processor.py:925} INFO - DAG(s) 'latest_only' retrieved from /home/airflow/.local/lib/python3.12/site-packages/airflow/example_dags/example_latest_only.py
[2024-09-06T06:09:27.552+0000] {logging_mixin.py:190} INFO - [2024-09-06T06:09:27.551+0000] {dag.py:3211} INFO - Sync 1 DAGs
[2024-09-06T06:09:27.603+0000] {logging_mixin.py:190} INFO - [2024-09-06T06:09:27.603+0000] {dag.py:4138} INFO - Setting next_dagrun for latest_only to 2024-09-06 00:00:00+00:00, run_after=2024-09-06 04:00:00+00:00
[2024-09-06T06:09:27.644+0000] {processor.py:208} INFO - Processing /home/airflow/.local/lib/python3.12/site-packages/airflow/example_dags/example_latest_only.py took 0.170 seconds
[2024-09-06T06:09:58.319+0000] {processor.py:186} INFO - Started process (PID=2101) to work on /home/airflow/.local/lib/python3.12/site-packages/airflow/example_dags/example_latest_only.py
[2024-09-06T06:09:58.321+0000] {processor.py:914} INFO - Processing file /home/airflow/.local/lib/python3.12/site-packages/airflow/example_dags/example_latest_only.py for tasks to queue
[2024-09-06T06:09:58.327+0000] {logging_mixin.py:190} INFO - [2024-09-06T06:09:58.327+0000] {dagbag.py:587} INFO - Filling up the DagBag from /home/airflow/.local/lib/python3.12/site-packages/airflow/example_dags/example_latest_only.py
[2024-09-06T06:09:58.343+0000] {processor.py:925} INFO - DAG(s) 'latest_only' retrieved from /home/airflow/.local/lib/python3.12/site-packages/airflow/example_dags/example_latest_only.py
[2024-09-06T06:09:58.383+0000] {logging_mixin.py:190} INFO - [2024-09-06T06:09:58.383+0000] {dag.py:3211} INFO - Sync 1 DAGs
[2024-09-06T06:09:58.436+0000] {logging_mixin.py:190} INFO - [2024-09-06T06:09:58.436+0000] {dag.py:4138} INFO - Setting next_dagrun for latest_only to 2024-09-06 00:00:00+00:00, run_after=2024-09-06 04:00:00+00:00
[2024-09-06T06:09:58.483+0000] {processor.py:208} INFO - Processing /home/airflow/.local/lib/python3.12/site-packages/airflow/example_dags/example_latest_only.py took 0.177 seconds
[2024-09-06T06:10:28.670+0000] {processor.py:186} INFO - Started process (PID=2164) to work on /home/airflow/.local/lib/python3.12/site-packages/airflow/example_dags/example_latest_only.py
[2024-09-06T06:10:28.672+0000] {processor.py:914} INFO - Processing file /home/airflow/.local/lib/python3.12/site-packages/airflow/example_dags/example_latest_only.py for tasks to queue
[2024-09-06T06:10:28.677+0000] {logging_mixin.py:190} INFO - [2024-09-06T06:10:28.676+0000] {dagbag.py:587} INFO - Filling up the DagBag from /home/airflow/.local/lib/python3.12/site-packages/airflow/example_dags/example_latest_only.py
[2024-09-06T06:10:28.693+0000] {processor.py:925} INFO - DAG(s) 'latest_only' retrieved from /home/airflow/.local/lib/python3.12/site-packages/airflow/example_dags/example_latest_only.py
[2024-09-06T06:10:28.737+0000] {logging_mixin.py:190} INFO - [2024-09-06T06:10:28.736+0000] {dag.py:3211} INFO - Sync 1 DAGs
[2024-09-06T06:10:28.792+0000] {logging_mixin.py:190} INFO - [2024-09-06T06:10:28.792+0000] {dag.py:4138} INFO - Setting next_dagrun for latest_only to 2024-09-06 00:00:00+00:00, run_after=2024-09-06 04:00:00+00:00
[2024-09-06T06:10:28.837+0000] {processor.py:208} INFO - Processing /home/airflow/.local/lib/python3.12/site-packages/airflow/example_dags/example_latest_only.py took 0.191 seconds
[2024-09-06T06:10:59.156+0000] {processor.py:186} INFO - Started process (PID=2227) to work on /home/airflow/.local/lib/python3.12/site-packages/airflow/example_dags/example_latest_only.py
[2024-09-06T06:10:59.158+0000] {processor.py:914} INFO - Processing file /home/airflow/.local/lib/python3.12/site-packages/airflow/example_dags/example_latest_only.py for tasks to queue
[2024-09-06T06:10:59.163+0000] {logging_mixin.py:190} INFO - [2024-09-06T06:10:59.163+0000] {dagbag.py:587} INFO - Filling up the DagBag from /home/airflow/.local/lib/python3.12/site-packages/airflow/example_dags/example_latest_only.py
[2024-09-06T06:10:59.177+0000] {processor.py:925} INFO - DAG(s) 'latest_only' retrieved from /home/airflow/.local/lib/python3.12/site-packages/airflow/example_dags/example_latest_only.py
[2024-09-06T06:10:59.216+0000] {logging_mixin.py:190} INFO - [2024-09-06T06:10:59.216+0000] {dag.py:3211} INFO - Sync 1 DAGs
[2024-09-06T06:10:59.262+0000] {logging_mixin.py:190} INFO - [2024-09-06T06:10:59.262+0000] {dag.py:4138} INFO - Setting next_dagrun for latest_only to 2024-09-06 00:00:00+00:00, run_after=2024-09-06 04:00:00+00:00
[2024-09-06T06:10:59.298+0000] {processor.py:208} INFO - Processing /home/airflow/.local/lib/python3.12/site-packages/airflow/example_dags/example_latest_only.py took 0.154 seconds
[2024-09-06T06:11:29.702+0000] {processor.py:186} INFO - Started process (PID=2290) to work on /home/airflow/.local/lib/python3.12/site-packages/airflow/example_dags/example_latest_only.py
[2024-09-06T06:11:29.704+0000] {processor.py:914} INFO - Processing file /home/airflow/.local/lib/python3.12/site-packages/airflow/example_dags/example_latest_only.py for tasks to queue
[2024-09-06T06:11:29.711+0000] {logging_mixin.py:190} INFO - [2024-09-06T06:11:29.710+0000] {dagbag.py:587} INFO - Filling up the DagBag from /home/airflow/.local/lib/python3.12/site-packages/airflow/example_dags/example_latest_only.py
[2024-09-06T06:11:29.729+0000] {processor.py:925} INFO - DAG(s) 'latest_only' retrieved from /home/airflow/.local/lib/python3.12/site-packages/airflow/example_dags/example_latest_only.py
[2024-09-06T06:11:29.783+0000] {logging_mixin.py:190} INFO - [2024-09-06T06:11:29.782+0000] {dag.py:3211} INFO - Sync 1 DAGs
[2024-09-06T06:11:29.849+0000] {logging_mixin.py:190} INFO - [2024-09-06T06:11:29.848+0000] {dag.py:4138} INFO - Setting next_dagrun for latest_only to 2024-09-06 00:00:00+00:00, run_after=2024-09-06 04:00:00+00:00
[2024-09-06T06:11:29.900+0000] {processor.py:208} INFO - Processing /home/airflow/.local/lib/python3.12/site-packages/airflow/example_dags/example_latest_only.py took 0.215 seconds
[2024-09-06T06:12:00.306+0000] {processor.py:186} INFO - Started process (PID=2353) to work on /home/airflow/.local/lib/python3.12/site-packages/airflow/example_dags/example_latest_only.py
[2024-09-06T06:12:00.308+0000] {processor.py:914} INFO - Processing file /home/airflow/.local/lib/python3.12/site-packages/airflow/example_dags/example_latest_only.py for tasks to queue
[2024-09-06T06:12:00.313+0000] {logging_mixin.py:190} INFO - [2024-09-06T06:12:00.313+0000] {dagbag.py:587} INFO - Filling up the DagBag from /home/airflow/.local/lib/python3.12/site-packages/airflow/example_dags/example_latest_only.py
[2024-09-06T06:12:00.328+0000] {processor.py:925} INFO - DAG(s) 'latest_only' retrieved from /home/airflow/.local/lib/python3.12/site-packages/airflow/example_dags/example_latest_only.py
[2024-09-06T06:12:00.374+0000] {logging_mixin.py:190} INFO - [2024-09-06T06:12:00.373+0000] {dag.py:3211} INFO - Sync 1 DAGs
[2024-09-06T06:12:00.435+0000] {logging_mixin.py:190} INFO - [2024-09-06T06:12:00.434+0000] {dag.py:4138} INFO - Setting next_dagrun for latest_only to 2024-09-06 00:00:00+00:00, run_after=2024-09-06 04:00:00+00:00
[2024-09-06T06:12:00.563+0000] {processor.py:208} INFO - Processing /home/airflow/.local/lib/python3.12/site-packages/airflow/example_dags/example_latest_only.py took 0.270 seconds
[2024-09-06T06:12:31.748+0000] {processor.py:186} INFO - Started process (PID=2417) to work on /home/airflow/.local/lib/python3.12/site-packages/airflow/example_dags/example_latest_only.py
[2024-09-06T06:12:31.762+0000] {processor.py:914} INFO - Processing file /home/airflow/.local/lib/python3.12/site-packages/airflow/example_dags/example_latest_only.py for tasks to queue
[2024-09-06T06:12:31.769+0000] {logging_mixin.py:190} INFO - [2024-09-06T06:12:31.768+0000] {dagbag.py:587} INFO - Filling up the DagBag from /home/airflow/.local/lib/python3.12/site-packages/airflow/example_dags/example_latest_only.py
[2024-09-06T06:12:31.833+0000] {processor.py:925} INFO - DAG(s) 'latest_only' retrieved from /home/airflow/.local/lib/python3.12/site-packages/airflow/example_dags/example_latest_only.py
[2024-09-06T06:12:31.980+0000] {logging_mixin.py:190} INFO - [2024-09-06T06:12:31.980+0000] {dag.py:3211} INFO - Sync 1 DAGs
[2024-09-06T06:12:32.104+0000] {logging_mixin.py:190} INFO - [2024-09-06T06:12:32.103+0000] {dag.py:4138} INFO - Setting next_dagrun for latest_only to 2024-09-06 00:00:00+00:00, run_after=2024-09-06 04:00:00+00:00
[2024-09-06T06:12:32.174+0000] {processor.py:208} INFO - Processing /home/airflow/.local/lib/python3.12/site-packages/airflow/example_dags/example_latest_only.py took 0.512 seconds
[2024-09-06T06:13:02.751+0000] {processor.py:186} INFO - Started process (PID=2486) to work on /home/airflow/.local/lib/python3.12/site-packages/airflow/example_dags/example_latest_only.py
[2024-09-06T06:13:02.753+0000] {processor.py:914} INFO - Processing file /home/airflow/.local/lib/python3.12/site-packages/airflow/example_dags/example_latest_only.py for tasks to queue
[2024-09-06T06:13:02.762+0000] {logging_mixin.py:190} INFO - [2024-09-06T06:13:02.761+0000] {dagbag.py:587} INFO - Filling up the DagBag from /home/airflow/.local/lib/python3.12/site-packages/airflow/example_dags/example_latest_only.py
[2024-09-06T06:13:02.778+0000] {processor.py:925} INFO - DAG(s) 'latest_only' retrieved from /home/airflow/.local/lib/python3.12/site-packages/airflow/example_dags/example_latest_only.py
[2024-09-06T06:13:02.816+0000] {logging_mixin.py:190} INFO - [2024-09-06T06:13:02.816+0000] {dag.py:3211} INFO - Sync 1 DAGs
[2024-09-06T06:13:02.864+0000] {logging_mixin.py:190} INFO - [2024-09-06T06:13:02.864+0000] {dag.py:4138} INFO - Setting next_dagrun for latest_only to 2024-09-06 00:00:00+00:00, run_after=2024-09-06 04:00:00+00:00
[2024-09-06T06:13:02.901+0000] {processor.py:208} INFO - Processing /home/airflow/.local/lib/python3.12/site-packages/airflow/example_dags/example_latest_only.py took 0.164 seconds
[2024-09-06T06:13:33.908+0000] {processor.py:186} INFO - Started process (PID=2568) to work on /home/airflow/.local/lib/python3.12/site-packages/airflow/example_dags/example_latest_only.py
[2024-09-06T06:13:33.909+0000] {processor.py:914} INFO - Processing file /home/airflow/.local/lib/python3.12/site-packages/airflow/example_dags/example_latest_only.py for tasks to queue
[2024-09-06T06:13:33.914+0000] {logging_mixin.py:190} INFO - [2024-09-06T06:13:33.914+0000] {dagbag.py:587} INFO - Filling up the DagBag from /home/airflow/.local/lib/python3.12/site-packages/airflow/example_dags/example_latest_only.py
[2024-09-06T06:13:33.929+0000] {processor.py:925} INFO - DAG(s) 'latest_only' retrieved from /home/airflow/.local/lib/python3.12/site-packages/airflow/example_dags/example_latest_only.py
[2024-09-06T06:13:33.978+0000] {logging_mixin.py:190} INFO - [2024-09-06T06:13:33.978+0000] {dag.py:3211} INFO - Sync 1 DAGs
[2024-09-06T06:13:34.032+0000] {logging_mixin.py:190} INFO - [2024-09-06T06:13:34.031+0000] {dag.py:4138} INFO - Setting next_dagrun for latest_only to 2024-09-06 00:00:00+00:00, run_after=2024-09-06 04:00:00+00:00
[2024-09-06T06:13:34.068+0000] {processor.py:208} INFO - Processing /home/airflow/.local/lib/python3.12/site-packages/airflow/example_dags/example_latest_only.py took 0.172 seconds
[2024-09-06T06:14:04.659+0000] {processor.py:186} INFO - Started process (PID=2635) to work on /home/airflow/.local/lib/python3.12/site-packages/airflow/example_dags/example_latest_only.py
[2024-09-06T06:14:04.661+0000] {processor.py:914} INFO - Processing file /home/airflow/.local/lib/python3.12/site-packages/airflow/example_dags/example_latest_only.py for tasks to queue
[2024-09-06T06:14:04.666+0000] {logging_mixin.py:190} INFO - [2024-09-06T06:14:04.665+0000] {dagbag.py:587} INFO - Filling up the DagBag from /home/airflow/.local/lib/python3.12/site-packages/airflow/example_dags/example_latest_only.py
[2024-09-06T06:14:04.680+0000] {processor.py:925} INFO - DAG(s) 'latest_only' retrieved from /home/airflow/.local/lib/python3.12/site-packages/airflow/example_dags/example_latest_only.py
[2024-09-06T06:14:04.719+0000] {logging_mixin.py:190} INFO - [2024-09-06T06:14:04.719+0000] {dag.py:3211} INFO - Sync 1 DAGs
[2024-09-06T06:14:04.766+0000] {logging_mixin.py:190} INFO - [2024-09-06T06:14:04.766+0000] {dag.py:4138} INFO - Setting next_dagrun for latest_only to 2024-09-06 00:00:00+00:00, run_after=2024-09-06 04:00:00+00:00
[2024-09-06T06:14:04.825+0000] {processor.py:208} INFO - Processing /home/airflow/.local/lib/python3.12/site-packages/airflow/example_dags/example_latest_only.py took 0.184 seconds
[2024-09-06T06:14:35.633+0000] {processor.py:186} INFO - Started process (PID=2708) to work on /home/airflow/.local/lib/python3.12/site-packages/airflow/example_dags/example_latest_only.py
[2024-09-06T06:14:35.635+0000] {processor.py:914} INFO - Processing file /home/airflow/.local/lib/python3.12/site-packages/airflow/example_dags/example_latest_only.py for tasks to queue
[2024-09-06T06:14:35.640+0000] {logging_mixin.py:190} INFO - [2024-09-06T06:14:35.639+0000] {dagbag.py:587} INFO - Filling up the DagBag from /home/airflow/.local/lib/python3.12/site-packages/airflow/example_dags/example_latest_only.py
[2024-09-06T06:14:35.654+0000] {processor.py:925} INFO - DAG(s) 'latest_only' retrieved from /home/airflow/.local/lib/python3.12/site-packages/airflow/example_dags/example_latest_only.py
[2024-09-06T06:14:35.699+0000] {logging_mixin.py:190} INFO - [2024-09-06T06:14:35.699+0000] {dag.py:3211} INFO - Sync 1 DAGs
[2024-09-06T06:14:35.749+0000] {logging_mixin.py:190} INFO - [2024-09-06T06:14:35.749+0000] {dag.py:4138} INFO - Setting next_dagrun for latest_only to 2024-09-06 00:00:00+00:00, run_after=2024-09-06 04:00:00+00:00
[2024-09-06T06:14:35.785+0000] {processor.py:208} INFO - Processing /home/airflow/.local/lib/python3.12/site-packages/airflow/example_dags/example_latest_only.py took 0.169 seconds
[2024-09-06T06:15:11.522+0000] {processor.py:186} INFO - Started process (PID=2773) to work on /home/airflow/.local/lib/python3.12/site-packages/airflow/example_dags/example_latest_only.py
[2024-09-06T06:15:11.529+0000] {processor.py:914} INFO - Processing file /home/airflow/.local/lib/python3.12/site-packages/airflow/example_dags/example_latest_only.py for tasks to queue
[2024-09-06T06:15:11.535+0000] {logging_mixin.py:190} INFO - [2024-09-06T06:15:11.534+0000] {dagbag.py:587} INFO - Filling up the DagBag from /home/airflow/.local/lib/python3.12/site-packages/airflow/example_dags/example_latest_only.py
[2024-09-06T06:15:11.583+0000] {processor.py:925} INFO - DAG(s) 'latest_only' retrieved from /home/airflow/.local/lib/python3.12/site-packages/airflow/example_dags/example_latest_only.py
[2024-09-06T06:15:11.707+0000] {logging_mixin.py:190} INFO - [2024-09-06T06:15:11.707+0000] {dag.py:3211} INFO - Sync 1 DAGs
[2024-09-06T06:15:11.776+0000] {logging_mixin.py:190} INFO - [2024-09-06T06:15:11.775+0000] {dag.py:4138} INFO - Setting next_dagrun for latest_only to 2024-09-06 00:00:00+00:00, run_after=2024-09-06 04:00:00+00:00
[2024-09-06T06:15:11.813+0000] {processor.py:208} INFO - Processing /home/airflow/.local/lib/python3.12/site-packages/airflow/example_dags/example_latest_only.py took 0.311 seconds
[2024-09-06T06:15:42.581+0000] {processor.py:186} INFO - Started process (PID=2840) to work on /home/airflow/.local/lib/python3.12/site-packages/airflow/example_dags/example_latest_only.py
[2024-09-06T06:15:42.585+0000] {processor.py:914} INFO - Processing file /home/airflow/.local/lib/python3.12/site-packages/airflow/example_dags/example_latest_only.py for tasks to queue
[2024-09-06T06:15:42.592+0000] {logging_mixin.py:190} INFO - [2024-09-06T06:15:42.590+0000] {dagbag.py:587} INFO - Filling up the DagBag from /home/airflow/.local/lib/python3.12/site-packages/airflow/example_dags/example_latest_only.py
[2024-09-06T06:15:42.607+0000] {processor.py:925} INFO - DAG(s) 'latest_only' retrieved from /home/airflow/.local/lib/python3.12/site-packages/airflow/example_dags/example_latest_only.py
[2024-09-06T06:15:42.650+0000] {logging_mixin.py:190} INFO - [2024-09-06T06:15:42.649+0000] {dag.py:3211} INFO - Sync 1 DAGs
[2024-09-06T06:15:42.722+0000] {logging_mixin.py:190} INFO - [2024-09-06T06:15:42.721+0000] {dag.py:4138} INFO - Setting next_dagrun for latest_only to 2024-09-06 00:00:00+00:00, run_after=2024-09-06 04:00:00+00:00
[2024-09-06T06:15:42.766+0000] {processor.py:208} INFO - Processing /home/airflow/.local/lib/python3.12/site-packages/airflow/example_dags/example_latest_only.py took 0.207 seconds
[2024-09-06T06:16:13.792+0000] {processor.py:186} INFO - Started process (PID=2906) to work on /home/airflow/.local/lib/python3.12/site-packages/airflow/example_dags/example_latest_only.py
[2024-09-06T06:16:13.794+0000] {processor.py:914} INFO - Processing file /home/airflow/.local/lib/python3.12/site-packages/airflow/example_dags/example_latest_only.py for tasks to queue
[2024-09-06T06:16:13.800+0000] {logging_mixin.py:190} INFO - [2024-09-06T06:16:13.799+0000] {dagbag.py:587} INFO - Filling up the DagBag from /home/airflow/.local/lib/python3.12/site-packages/airflow/example_dags/example_latest_only.py
[2024-09-06T06:16:13.813+0000] {processor.py:925} INFO - DAG(s) 'latest_only' retrieved from /home/airflow/.local/lib/python3.12/site-packages/airflow/example_dags/example_latest_only.py
[2024-09-06T06:16:13.855+0000] {logging_mixin.py:190} INFO - [2024-09-06T06:16:13.854+0000] {dag.py:3211} INFO - Sync 1 DAGs
[2024-09-06T06:16:13.903+0000] {logging_mixin.py:190} INFO - [2024-09-06T06:16:13.903+0000] {dag.py:4138} INFO - Setting next_dagrun for latest_only to 2024-09-06 00:00:00+00:00, run_after=2024-09-06 04:00:00+00:00
[2024-09-06T06:16:13.942+0000] {processor.py:208} INFO - Processing /home/airflow/.local/lib/python3.12/site-packages/airflow/example_dags/example_latest_only.py took 0.168 seconds
[2024-09-06T06:16:44.110+0000] {processor.py:186} INFO - Started process (PID=2968) to work on /home/airflow/.local/lib/python3.12/site-packages/airflow/example_dags/example_latest_only.py
[2024-09-06T06:16:44.112+0000] {processor.py:914} INFO - Processing file /home/airflow/.local/lib/python3.12/site-packages/airflow/example_dags/example_latest_only.py for tasks to queue
[2024-09-06T06:16:44.119+0000] {logging_mixin.py:190} INFO - [2024-09-06T06:16:44.117+0000] {dagbag.py:587} INFO - Filling up the DagBag from /home/airflow/.local/lib/python3.12/site-packages/airflow/example_dags/example_latest_only.py
[2024-09-06T06:16:44.135+0000] {processor.py:925} INFO - DAG(s) 'latest_only' retrieved from /home/airflow/.local/lib/python3.12/site-packages/airflow/example_dags/example_latest_only.py
[2024-09-06T06:16:44.198+0000] {logging_mixin.py:190} INFO - [2024-09-06T06:16:44.197+0000] {dag.py:3211} INFO - Sync 1 DAGs
[2024-09-06T06:16:44.307+0000] {logging_mixin.py:190} INFO - [2024-09-06T06:16:44.304+0000] {dag.py:4138} INFO - Setting next_dagrun for latest_only to 2024-09-06 00:00:00+00:00, run_after=2024-09-06 04:00:00+00:00
[2024-09-06T06:16:44.389+0000] {processor.py:208} INFO - Processing /home/airflow/.local/lib/python3.12/site-packages/airflow/example_dags/example_latest_only.py took 0.299 seconds
[2024-09-06T06:17:14.498+0000] {processor.py:186} INFO - Started process (PID=3034) to work on /home/airflow/.local/lib/python3.12/site-packages/airflow/example_dags/example_latest_only.py
[2024-09-06T06:17:14.500+0000] {processor.py:914} INFO - Processing file /home/airflow/.local/lib/python3.12/site-packages/airflow/example_dags/example_latest_only.py for tasks to queue
[2024-09-06T06:17:14.505+0000] {logging_mixin.py:190} INFO - [2024-09-06T06:17:14.504+0000] {dagbag.py:587} INFO - Filling up the DagBag from /home/airflow/.local/lib/python3.12/site-packages/airflow/example_dags/example_latest_only.py
[2024-09-06T06:17:14.518+0000] {processor.py:925} INFO - DAG(s) 'latest_only' retrieved from /home/airflow/.local/lib/python3.12/site-packages/airflow/example_dags/example_latest_only.py
[2024-09-06T06:17:14.559+0000] {logging_mixin.py:190} INFO - [2024-09-06T06:17:14.559+0000] {dag.py:3211} INFO - Sync 1 DAGs
[2024-09-06T06:17:14.605+0000] {logging_mixin.py:190} INFO - [2024-09-06T06:17:14.604+0000] {dag.py:4138} INFO - Setting next_dagrun for latest_only to 2024-09-06 00:00:00+00:00, run_after=2024-09-06 04:00:00+00:00
[2024-09-06T06:17:14.640+0000] {processor.py:208} INFO - Processing /home/airflow/.local/lib/python3.12/site-packages/airflow/example_dags/example_latest_only.py took 0.159 seconds
[2024-09-06T06:17:50.619+0000] {processor.py:186} INFO - Started process (PID=3100) to work on /home/airflow/.local/lib/python3.12/site-packages/airflow/example_dags/example_latest_only.py
[2024-09-06T06:17:50.715+0000] {processor.py:914} INFO - Processing file /home/airflow/.local/lib/python3.12/site-packages/airflow/example_dags/example_latest_only.py for tasks to queue
[2024-09-06T06:17:50.735+0000] {logging_mixin.py:190} INFO - [2024-09-06T06:17:50.734+0000] {dagbag.py:587} INFO - Filling up the DagBag from /home/airflow/.local/lib/python3.12/site-packages/airflow/example_dags/example_latest_only.py
[2024-09-06T06:17:50.783+0000] {processor.py:925} INFO - DAG(s) 'latest_only' retrieved from /home/airflow/.local/lib/python3.12/site-packages/airflow/example_dags/example_latest_only.py
[2024-09-06T06:17:50.924+0000] {logging_mixin.py:190} INFO - [2024-09-06T06:17:50.923+0000] {dag.py:3211} INFO - Sync 1 DAGs
[2024-09-06T06:17:51.161+0000] {logging_mixin.py:190} INFO - [2024-09-06T06:17:51.160+0000] {dag.py:4138} INFO - Setting next_dagrun for latest_only to 2024-09-06 00:00:00+00:00, run_after=2024-09-06 04:00:00+00:00
[2024-09-06T06:17:51.354+0000] {processor.py:208} INFO - Processing /home/airflow/.local/lib/python3.12/site-packages/airflow/example_dags/example_latest_only.py took 0.816 seconds
[2024-09-06T06:18:39.122+0000] {processor.py:186} INFO - Started process (PID=3204) to work on /home/airflow/.local/lib/python3.12/site-packages/airflow/example_dags/example_latest_only.py
[2024-09-06T06:18:39.124+0000] {processor.py:914} INFO - Processing file /home/airflow/.local/lib/python3.12/site-packages/airflow/example_dags/example_latest_only.py for tasks to queue
[2024-09-06T06:18:39.130+0000] {logging_mixin.py:190} INFO - [2024-09-06T06:18:39.129+0000] {dagbag.py:587} INFO - Filling up the DagBag from /home/airflow/.local/lib/python3.12/site-packages/airflow/example_dags/example_latest_only.py
[2024-09-06T06:18:39.155+0000] {processor.py:925} INFO - DAG(s) 'latest_only' retrieved from /home/airflow/.local/lib/python3.12/site-packages/airflow/example_dags/example_latest_only.py
[2024-09-06T06:18:39.248+0000] {logging_mixin.py:190} INFO - [2024-09-06T06:18:39.248+0000] {dag.py:3211} INFO - Sync 1 DAGs
[2024-09-06T06:18:39.369+0000] {logging_mixin.py:190} INFO - [2024-09-06T06:18:39.369+0000] {dag.py:4138} INFO - Setting next_dagrun for latest_only to 2024-09-06 00:00:00+00:00, run_after=2024-09-06 04:00:00+00:00
[2024-09-06T06:18:39.439+0000] {processor.py:208} INFO - Processing /home/airflow/.local/lib/python3.12/site-packages/airflow/example_dags/example_latest_only.py took 0.341 seconds
[2024-09-06T06:19:24.341+0000] {processor.py:186} INFO - Started process (PID=3275) to work on /home/airflow/.local/lib/python3.12/site-packages/airflow/example_dags/example_latest_only.py
[2024-09-06T06:19:24.349+0000] {processor.py:914} INFO - Processing file /home/airflow/.local/lib/python3.12/site-packages/airflow/example_dags/example_latest_only.py for tasks to queue
[2024-09-06T06:19:24.365+0000] {logging_mixin.py:190} INFO - [2024-09-06T06:19:24.364+0000] {dagbag.py:587} INFO - Filling up the DagBag from /home/airflow/.local/lib/python3.12/site-packages/airflow/example_dags/example_latest_only.py
[2024-09-06T06:19:24.391+0000] {processor.py:925} INFO - DAG(s) 'latest_only' retrieved from /home/airflow/.local/lib/python3.12/site-packages/airflow/example_dags/example_latest_only.py
[2024-09-06T06:19:24.470+0000] {logging_mixin.py:190} INFO - [2024-09-06T06:19:24.469+0000] {dag.py:3211} INFO - Sync 1 DAGs
[2024-09-06T06:19:25.251+0000] {logging_mixin.py:190} INFO - [2024-09-06T06:19:25.250+0000] {dag.py:4138} INFO - Setting next_dagrun for latest_only to 2024-09-06 00:00:00+00:00, run_after=2024-09-06 04:00:00+00:00
[2024-09-06T06:19:25.430+0000] {processor.py:208} INFO - Processing /home/airflow/.local/lib/python3.12/site-packages/airflow/example_dags/example_latest_only.py took 1.120 seconds
