[2024-09-06T05:52:53.335+0000] {processor.py:186} INFO - Started process (PID=124) to work on /home/airflow/.local/lib/python3.12/site-packages/airflow/example_dags/example_display_name.py
[2024-09-06T05:52:53.337+0000] {processor.py:914} INFO - Processing file /home/airflow/.local/lib/python3.12/site-packages/airflow/example_dags/example_display_name.py for tasks to queue
[2024-09-06T05:52:53.344+0000] {logging_mixin.py:190} INFO - [2024-09-06T05:52:53.344+0000] {dagbag.py:587} INFO - Filling up the DagBag from /home/airflow/.local/lib/python3.12/site-packages/airflow/example_dags/example_display_name.py
[2024-09-06T05:52:53.368+0000] {processor.py:925} INFO - DAG(s) 'example_display_name' retrieved from /home/airflow/.local/lib/python3.12/site-packages/airflow/example_dags/example_display_name.py
[2024-09-06T05:52:53.470+0000] {logging_mixin.py:190} INFO - [2024-09-06T05:52:53.469+0000] {dag.py:3211} INFO - Sync 1 DAGs
[2024-09-06T05:52:53.516+0000] {logging_mixin.py:190} INFO - [2024-09-06T05:52:53.515+0000] {dag.py:4138} INFO - Setting next_dagrun for example_display_name to None, run_after=None
[2024-09-06T05:52:53.582+0000] {processor.py:208} INFO - Processing /home/airflow/.local/lib/python3.12/site-packages/airflow/example_dags/example_display_name.py took 0.267 seconds
[2024-09-06T05:53:29.849+0000] {processor.py:186} INFO - Started process (PID=187) to work on /home/airflow/.local/lib/python3.12/site-packages/airflow/example_dags/example_display_name.py
[2024-09-06T05:53:29.852+0000] {processor.py:914} INFO - Processing file /home/airflow/.local/lib/python3.12/site-packages/airflow/example_dags/example_display_name.py for tasks to queue
[2024-09-06T05:53:29.860+0000] {logging_mixin.py:190} INFO - [2024-09-06T05:53:29.859+0000] {dagbag.py:587} INFO - Filling up the DagBag from /home/airflow/.local/lib/python3.12/site-packages/airflow/example_dags/example_display_name.py
[2024-09-06T05:53:29.883+0000] {processor.py:925} INFO - DAG(s) 'example_display_name' retrieved from /home/airflow/.local/lib/python3.12/site-packages/airflow/example_dags/example_display_name.py
[2024-09-06T05:53:29.962+0000] {logging_mixin.py:190} INFO - [2024-09-06T05:53:29.961+0000] {dag.py:3211} INFO - Sync 1 DAGs
[2024-09-06T05:53:30.014+0000] {logging_mixin.py:190} INFO - [2024-09-06T05:53:30.013+0000] {dag.py:4138} INFO - Setting next_dagrun for example_display_name to None, run_after=None
[2024-09-06T05:53:30.076+0000] {processor.py:208} INFO - Processing /home/airflow/.local/lib/python3.12/site-packages/airflow/example_dags/example_display_name.py took 0.242 seconds
[2024-09-06T05:54:00.619+0000] {processor.py:186} INFO - Started process (PID=250) to work on /home/airflow/.local/lib/python3.12/site-packages/airflow/example_dags/example_display_name.py
[2024-09-06T05:54:00.622+0000] {processor.py:914} INFO - Processing file /home/airflow/.local/lib/python3.12/site-packages/airflow/example_dags/example_display_name.py for tasks to queue
[2024-09-06T05:54:00.630+0000] {logging_mixin.py:190} INFO - [2024-09-06T05:54:00.629+0000] {dagbag.py:587} INFO - Filling up the DagBag from /home/airflow/.local/lib/python3.12/site-packages/airflow/example_dags/example_display_name.py
[2024-09-06T05:54:00.654+0000] {processor.py:925} INFO - DAG(s) 'example_display_name' retrieved from /home/airflow/.local/lib/python3.12/site-packages/airflow/example_dags/example_display_name.py
[2024-09-06T05:54:00.724+0000] {logging_mixin.py:190} INFO - [2024-09-06T05:54:00.723+0000] {dag.py:3211} INFO - Sync 1 DAGs
[2024-09-06T05:54:00.766+0000] {logging_mixin.py:190} INFO - [2024-09-06T05:54:00.766+0000] {dag.py:4138} INFO - Setting next_dagrun for example_display_name to None, run_after=None
[2024-09-06T05:54:00.809+0000] {processor.py:208} INFO - Processing /home/airflow/.local/lib/python3.12/site-packages/airflow/example_dags/example_display_name.py took 0.205 seconds
[2024-09-06T05:54:34.564+0000] {processor.py:186} INFO - Started process (PID=312) to work on /home/airflow/.local/lib/python3.12/site-packages/airflow/example_dags/example_display_name.py
[2024-09-06T05:54:34.568+0000] {processor.py:914} INFO - Processing file /home/airflow/.local/lib/python3.12/site-packages/airflow/example_dags/example_display_name.py for tasks to queue
[2024-09-06T05:54:34.587+0000] {logging_mixin.py:190} INFO - [2024-09-06T05:54:34.586+0000] {dagbag.py:587} INFO - Filling up the DagBag from /home/airflow/.local/lib/python3.12/site-packages/airflow/example_dags/example_display_name.py
[2024-09-06T05:54:34.648+0000] {processor.py:925} INFO - DAG(s) 'example_display_name' retrieved from /home/airflow/.local/lib/python3.12/site-packages/airflow/example_dags/example_display_name.py
[2024-09-06T05:54:34.770+0000] {logging_mixin.py:190} INFO - [2024-09-06T05:54:34.770+0000] {dag.py:3211} INFO - Sync 1 DAGs
[2024-09-06T05:54:34.875+0000] {logging_mixin.py:190} INFO - [2024-09-06T05:54:34.874+0000] {dag.py:4138} INFO - Setting next_dagrun for example_display_name to None, run_after=None
[2024-09-06T05:54:34.973+0000] {processor.py:208} INFO - Processing /home/airflow/.local/lib/python3.12/site-packages/airflow/example_dags/example_display_name.py took 0.445 seconds
[2024-09-06T05:55:09.279+0000] {processor.py:186} INFO - Started process (PID=375) to work on /home/airflow/.local/lib/python3.12/site-packages/airflow/example_dags/example_display_name.py
[2024-09-06T05:55:09.308+0000] {processor.py:914} INFO - Processing file /home/airflow/.local/lib/python3.12/site-packages/airflow/example_dags/example_display_name.py for tasks to queue
[2024-09-06T05:55:09.331+0000] {logging_mixin.py:190} INFO - [2024-09-06T05:55:09.330+0000] {dagbag.py:587} INFO - Filling up the DagBag from /home/airflow/.local/lib/python3.12/site-packages/airflow/example_dags/example_display_name.py
[2024-09-06T05:55:09.371+0000] {processor.py:925} INFO - DAG(s) 'example_display_name' retrieved from /home/airflow/.local/lib/python3.12/site-packages/airflow/example_dags/example_display_name.py
[2024-09-06T05:55:09.475+0000] {logging_mixin.py:190} INFO - [2024-09-06T05:55:09.474+0000] {dag.py:3211} INFO - Sync 1 DAGs
[2024-09-06T05:55:09.557+0000] {logging_mixin.py:190} INFO - [2024-09-06T05:55:09.557+0000] {dag.py:4138} INFO - Setting next_dagrun for example_display_name to None, run_after=None
[2024-09-06T05:55:09.672+0000] {processor.py:208} INFO - Processing /home/airflow/.local/lib/python3.12/site-packages/airflow/example_dags/example_display_name.py took 0.439 seconds
[2024-09-06T05:55:39.865+0000] {processor.py:186} INFO - Started process (PID=438) to work on /home/airflow/.local/lib/python3.12/site-packages/airflow/example_dags/example_display_name.py
[2024-09-06T05:55:39.885+0000] {processor.py:914} INFO - Processing file /home/airflow/.local/lib/python3.12/site-packages/airflow/example_dags/example_display_name.py for tasks to queue
[2024-09-06T05:55:39.893+0000] {logging_mixin.py:190} INFO - [2024-09-06T05:55:39.893+0000] {dagbag.py:587} INFO - Filling up the DagBag from /home/airflow/.local/lib/python3.12/site-packages/airflow/example_dags/example_display_name.py
[2024-09-06T05:55:39.963+0000] {processor.py:925} INFO - DAG(s) 'example_display_name' retrieved from /home/airflow/.local/lib/python3.12/site-packages/airflow/example_dags/example_display_name.py
[2024-09-06T05:55:40.086+0000] {logging_mixin.py:190} INFO - [2024-09-06T05:55:40.085+0000] {dag.py:3211} INFO - Sync 1 DAGs
[2024-09-06T05:55:40.159+0000] {logging_mixin.py:190} INFO - [2024-09-06T05:55:40.158+0000] {dag.py:4138} INFO - Setting next_dagrun for example_display_name to None, run_after=None
[2024-09-06T05:55:40.303+0000] {processor.py:208} INFO - Processing /home/airflow/.local/lib/python3.12/site-packages/airflow/example_dags/example_display_name.py took 0.468 seconds
[2024-09-06T05:56:10.484+0000] {processor.py:186} INFO - Started process (PID=500) to work on /home/airflow/.local/lib/python3.12/site-packages/airflow/example_dags/example_display_name.py
[2024-09-06T05:56:10.485+0000] {processor.py:914} INFO - Processing file /home/airflow/.local/lib/python3.12/site-packages/airflow/example_dags/example_display_name.py for tasks to queue
[2024-09-06T05:56:10.495+0000] {logging_mixin.py:190} INFO - [2024-09-06T05:56:10.493+0000] {dagbag.py:587} INFO - Filling up the DagBag from /home/airflow/.local/lib/python3.12/site-packages/airflow/example_dags/example_display_name.py
[2024-09-06T05:56:10.538+0000] {processor.py:925} INFO - DAG(s) 'example_display_name' retrieved from /home/airflow/.local/lib/python3.12/site-packages/airflow/example_dags/example_display_name.py
[2024-09-06T05:56:10.612+0000] {logging_mixin.py:190} INFO - [2024-09-06T05:56:10.611+0000] {dag.py:3211} INFO - Sync 1 DAGs
[2024-09-06T05:56:10.678+0000] {logging_mixin.py:190} INFO - [2024-09-06T05:56:10.677+0000] {dag.py:4138} INFO - Setting next_dagrun for example_display_name to None, run_after=None
[2024-09-06T05:56:10.751+0000] {processor.py:208} INFO - Processing /home/airflow/.local/lib/python3.12/site-packages/airflow/example_dags/example_display_name.py took 0.295 seconds
[2024-09-06T05:56:45.709+0000] {processor.py:186} INFO - Started process (PID=565) to work on /home/airflow/.local/lib/python3.12/site-packages/airflow/example_dags/example_display_name.py
[2024-09-06T05:56:45.711+0000] {processor.py:914} INFO - Processing file /home/airflow/.local/lib/python3.12/site-packages/airflow/example_dags/example_display_name.py for tasks to queue
[2024-09-06T05:56:45.717+0000] {logging_mixin.py:190} INFO - [2024-09-06T05:56:45.717+0000] {dagbag.py:587} INFO - Filling up the DagBag from /home/airflow/.local/lib/python3.12/site-packages/airflow/example_dags/example_display_name.py
[2024-09-06T05:56:45.741+0000] {processor.py:925} INFO - DAG(s) 'example_display_name' retrieved from /home/airflow/.local/lib/python3.12/site-packages/airflow/example_dags/example_display_name.py
[2024-09-06T05:56:45.805+0000] {logging_mixin.py:190} INFO - [2024-09-06T05:56:45.804+0000] {dag.py:3211} INFO - Sync 1 DAGs
[2024-09-06T05:56:45.866+0000] {logging_mixin.py:190} INFO - [2024-09-06T05:56:45.865+0000] {dag.py:4138} INFO - Setting next_dagrun for example_display_name to None, run_after=None
[2024-09-06T05:56:45.927+0000] {processor.py:208} INFO - Processing /home/airflow/.local/lib/python3.12/site-packages/airflow/example_dags/example_display_name.py took 0.232 seconds
[2024-09-06T05:57:16.501+0000] {processor.py:186} INFO - Started process (PID=628) to work on /home/airflow/.local/lib/python3.12/site-packages/airflow/example_dags/example_display_name.py
[2024-09-06T05:57:16.504+0000] {processor.py:914} INFO - Processing file /home/airflow/.local/lib/python3.12/site-packages/airflow/example_dags/example_display_name.py for tasks to queue
[2024-09-06T05:57:16.511+0000] {logging_mixin.py:190} INFO - [2024-09-06T05:57:16.510+0000] {dagbag.py:587} INFO - Filling up the DagBag from /home/airflow/.local/lib/python3.12/site-packages/airflow/example_dags/example_display_name.py
[2024-09-06T05:57:16.536+0000] {processor.py:925} INFO - DAG(s) 'example_display_name' retrieved from /home/airflow/.local/lib/python3.12/site-packages/airflow/example_dags/example_display_name.py
[2024-09-06T05:57:16.620+0000] {logging_mixin.py:190} INFO - [2024-09-06T05:57:16.619+0000] {dag.py:3211} INFO - Sync 1 DAGs
[2024-09-06T05:57:16.655+0000] {logging_mixin.py:190} INFO - [2024-09-06T05:57:16.655+0000] {dag.py:4138} INFO - Setting next_dagrun for example_display_name to None, run_after=None
[2024-09-06T05:57:16.725+0000] {processor.py:208} INFO - Processing /home/airflow/.local/lib/python3.12/site-packages/airflow/example_dags/example_display_name.py took 0.237 seconds
[2024-09-06T05:57:54.091+0000] {processor.py:186} INFO - Started process (PID=699) to work on /home/airflow/.local/lib/python3.12/site-packages/airflow/example_dags/example_display_name.py
[2024-09-06T05:57:54.093+0000] {processor.py:914} INFO - Processing file /home/airflow/.local/lib/python3.12/site-packages/airflow/example_dags/example_display_name.py for tasks to queue
[2024-09-06T05:57:54.111+0000] {logging_mixin.py:190} INFO - [2024-09-06T05:57:54.110+0000] {dagbag.py:587} INFO - Filling up the DagBag from /home/airflow/.local/lib/python3.12/site-packages/airflow/example_dags/example_display_name.py
[2024-09-06T05:57:54.160+0000] {processor.py:925} INFO - DAG(s) 'example_display_name' retrieved from /home/airflow/.local/lib/python3.12/site-packages/airflow/example_dags/example_display_name.py
[2024-09-06T05:57:54.265+0000] {logging_mixin.py:190} INFO - [2024-09-06T05:57:54.265+0000] {dag.py:3211} INFO - Sync 1 DAGs
[2024-09-06T05:57:54.353+0000] {logging_mixin.py:190} INFO - [2024-09-06T05:57:54.352+0000] {dag.py:4138} INFO - Setting next_dagrun for example_display_name to None, run_after=None
[2024-09-06T05:57:54.455+0000] {processor.py:208} INFO - Processing /home/airflow/.local/lib/python3.12/site-packages/airflow/example_dags/example_display_name.py took 0.400 seconds
[2024-09-06T05:58:26.058+0000] {processor.py:186} INFO - Started process (PID=762) to work on /home/airflow/.local/lib/python3.12/site-packages/airflow/example_dags/example_display_name.py
[2024-09-06T05:58:26.062+0000] {processor.py:914} INFO - Processing file /home/airflow/.local/lib/python3.12/site-packages/airflow/example_dags/example_display_name.py for tasks to queue
[2024-09-06T05:58:26.090+0000] {logging_mixin.py:190} INFO - [2024-09-06T05:58:26.089+0000] {dagbag.py:587} INFO - Filling up the DagBag from /home/airflow/.local/lib/python3.12/site-packages/airflow/example_dags/example_display_name.py
[2024-09-06T05:58:26.203+0000] {processor.py:925} INFO - DAG(s) 'example_display_name' retrieved from /home/airflow/.local/lib/python3.12/site-packages/airflow/example_dags/example_display_name.py
[2024-09-06T05:58:26.394+0000] {logging_mixin.py:190} INFO - [2024-09-06T05:58:26.393+0000] {dag.py:3211} INFO - Sync 1 DAGs
[2024-09-06T05:58:26.533+0000] {logging_mixin.py:190} INFO - [2024-09-06T05:58:26.533+0000] {dag.py:4138} INFO - Setting next_dagrun for example_display_name to None, run_after=None
[2024-09-06T05:58:26.632+0000] {processor.py:208} INFO - Processing /home/airflow/.local/lib/python3.12/site-packages/airflow/example_dags/example_display_name.py took 0.629 seconds
[2024-09-06T05:58:56.807+0000] {processor.py:186} INFO - Started process (PID=825) to work on /home/airflow/.local/lib/python3.12/site-packages/airflow/example_dags/example_display_name.py
[2024-09-06T05:58:56.812+0000] {processor.py:914} INFO - Processing file /home/airflow/.local/lib/python3.12/site-packages/airflow/example_dags/example_display_name.py for tasks to queue
[2024-09-06T05:58:56.824+0000] {logging_mixin.py:190} INFO - [2024-09-06T05:58:56.823+0000] {dagbag.py:587} INFO - Filling up the DagBag from /home/airflow/.local/lib/python3.12/site-packages/airflow/example_dags/example_display_name.py
[2024-09-06T05:58:56.842+0000] {processor.py:925} INFO - DAG(s) 'example_display_name' retrieved from /home/airflow/.local/lib/python3.12/site-packages/airflow/example_dags/example_display_name.py
[2024-09-06T05:58:56.881+0000] {logging_mixin.py:190} INFO - [2024-09-06T05:58:56.881+0000] {dag.py:3211} INFO - Sync 1 DAGs
[2024-09-06T05:58:56.912+0000] {logging_mixin.py:190} INFO - [2024-09-06T05:58:56.912+0000] {dag.py:4138} INFO - Setting next_dagrun for example_display_name to None, run_after=None
[2024-09-06T05:58:56.951+0000] {processor.py:208} INFO - Processing /home/airflow/.local/lib/python3.12/site-packages/airflow/example_dags/example_display_name.py took 0.169 seconds
[2024-09-06T05:59:27.287+0000] {processor.py:186} INFO - Started process (PID=888) to work on /home/airflow/.local/lib/python3.12/site-packages/airflow/example_dags/example_display_name.py
[2024-09-06T05:59:27.289+0000] {processor.py:914} INFO - Processing file /home/airflow/.local/lib/python3.12/site-packages/airflow/example_dags/example_display_name.py for tasks to queue
[2024-09-06T05:59:27.293+0000] {logging_mixin.py:190} INFO - [2024-09-06T05:59:27.293+0000] {dagbag.py:587} INFO - Filling up the DagBag from /home/airflow/.local/lib/python3.12/site-packages/airflow/example_dags/example_display_name.py
[2024-09-06T05:59:27.311+0000] {processor.py:925} INFO - DAG(s) 'example_display_name' retrieved from /home/airflow/.local/lib/python3.12/site-packages/airflow/example_dags/example_display_name.py
[2024-09-06T05:59:27.349+0000] {logging_mixin.py:190} INFO - [2024-09-06T05:59:27.349+0000] {dag.py:3211} INFO - Sync 1 DAGs
[2024-09-06T05:59:27.377+0000] {logging_mixin.py:190} INFO - [2024-09-06T05:59:27.376+0000] {dag.py:4138} INFO - Setting next_dagrun for example_display_name to None, run_after=None
[2024-09-06T05:59:27.418+0000] {processor.py:208} INFO - Processing /home/airflow/.local/lib/python3.12/site-packages/airflow/example_dags/example_display_name.py took 0.142 seconds
[2024-09-06T05:59:57.858+0000] {processor.py:186} INFO - Started process (PID=951) to work on /home/airflow/.local/lib/python3.12/site-packages/airflow/example_dags/example_display_name.py
[2024-09-06T05:59:57.860+0000] {processor.py:914} INFO - Processing file /home/airflow/.local/lib/python3.12/site-packages/airflow/example_dags/example_display_name.py for tasks to queue
[2024-09-06T05:59:57.865+0000] {logging_mixin.py:190} INFO - [2024-09-06T05:59:57.864+0000] {dagbag.py:587} INFO - Filling up the DagBag from /home/airflow/.local/lib/python3.12/site-packages/airflow/example_dags/example_display_name.py
[2024-09-06T05:59:57.880+0000] {processor.py:925} INFO - DAG(s) 'example_display_name' retrieved from /home/airflow/.local/lib/python3.12/site-packages/airflow/example_dags/example_display_name.py
[2024-09-06T05:59:57.919+0000] {logging_mixin.py:190} INFO - [2024-09-06T05:59:57.918+0000] {dag.py:3211} INFO - Sync 1 DAGs
[2024-09-06T05:59:57.947+0000] {logging_mixin.py:190} INFO - [2024-09-06T05:59:57.947+0000] {dag.py:4138} INFO - Setting next_dagrun for example_display_name to None, run_after=None
[2024-09-06T05:59:57.984+0000] {processor.py:208} INFO - Processing /home/airflow/.local/lib/python3.12/site-packages/airflow/example_dags/example_display_name.py took 0.137 seconds
[2024-09-06T06:01:27.843+0000] {processor.py:186} INFO - Started process (PID=1057) to work on /home/airflow/.local/lib/python3.12/site-packages/airflow/example_dags/example_display_name.py
[2024-09-06T06:01:27.858+0000] {processor.py:914} INFO - Processing file /home/airflow/.local/lib/python3.12/site-packages/airflow/example_dags/example_display_name.py for tasks to queue
[2024-09-06T06:01:27.866+0000] {logging_mixin.py:190} INFO - [2024-09-06T06:01:27.865+0000] {dagbag.py:587} INFO - Filling up the DagBag from /home/airflow/.local/lib/python3.12/site-packages/airflow/example_dags/example_display_name.py
[2024-09-06T06:01:27.889+0000] {processor.py:925} INFO - DAG(s) 'example_display_name' retrieved from /home/airflow/.local/lib/python3.12/site-packages/airflow/example_dags/example_display_name.py
[2024-09-06T06:01:27.945+0000] {logging_mixin.py:190} INFO - [2024-09-06T06:01:27.945+0000] {dag.py:3211} INFO - Sync 1 DAGs
[2024-09-06T06:01:27.984+0000] {logging_mixin.py:190} INFO - [2024-09-06T06:01:27.983+0000] {dag.py:4138} INFO - Setting next_dagrun for example_display_name to None, run_after=None
[2024-09-06T06:01:28.051+0000] {processor.py:208} INFO - Processing /home/airflow/.local/lib/python3.12/site-packages/airflow/example_dags/example_display_name.py took 0.229 seconds
[2024-09-06T06:01:58.412+0000] {processor.py:186} INFO - Started process (PID=1121) to work on /home/airflow/.local/lib/python3.12/site-packages/airflow/example_dags/example_display_name.py
[2024-09-06T06:01:58.417+0000] {processor.py:914} INFO - Processing file /home/airflow/.local/lib/python3.12/site-packages/airflow/example_dags/example_display_name.py for tasks to queue
[2024-09-06T06:01:58.424+0000] {logging_mixin.py:190} INFO - [2024-09-06T06:01:58.423+0000] {dagbag.py:587} INFO - Filling up the DagBag from /home/airflow/.local/lib/python3.12/site-packages/airflow/example_dags/example_display_name.py
[2024-09-06T06:01:58.470+0000] {processor.py:925} INFO - DAG(s) 'example_display_name' retrieved from /home/airflow/.local/lib/python3.12/site-packages/airflow/example_dags/example_display_name.py
[2024-09-06T06:01:58.616+0000] {logging_mixin.py:190} INFO - [2024-09-06T06:01:58.606+0000] {dag.py:3211} INFO - Sync 1 DAGs
[2024-09-06T06:01:58.703+0000] {logging_mixin.py:190} INFO - [2024-09-06T06:01:58.703+0000] {dag.py:4138} INFO - Setting next_dagrun for example_display_name to None, run_after=None
[2024-09-06T06:01:58.828+0000] {processor.py:208} INFO - Processing /home/airflow/.local/lib/python3.12/site-packages/airflow/example_dags/example_display_name.py took 0.439 seconds
[2024-09-06T06:02:31.336+0000] {processor.py:186} INFO - Started process (PID=1184) to work on /home/airflow/.local/lib/python3.12/site-packages/airflow/example_dags/example_display_name.py
[2024-09-06T06:02:31.343+0000] {processor.py:914} INFO - Processing file /home/airflow/.local/lib/python3.12/site-packages/airflow/example_dags/example_display_name.py for tasks to queue
[2024-09-06T06:02:31.361+0000] {logging_mixin.py:190} INFO - [2024-09-06T06:02:31.360+0000] {dagbag.py:587} INFO - Filling up the DagBag from /home/airflow/.local/lib/python3.12/site-packages/airflow/example_dags/example_display_name.py
[2024-09-06T06:02:31.403+0000] {processor.py:925} INFO - DAG(s) 'example_display_name' retrieved from /home/airflow/.local/lib/python3.12/site-packages/airflow/example_dags/example_display_name.py
[2024-09-06T06:02:31.544+0000] {logging_mixin.py:190} INFO - [2024-09-06T06:02:31.543+0000] {dag.py:3211} INFO - Sync 1 DAGs
[2024-09-06T06:02:31.586+0000] {logging_mixin.py:190} INFO - [2024-09-06T06:02:31.586+0000] {dag.py:4138} INFO - Setting next_dagrun for example_display_name to None, run_after=None
[2024-09-06T06:02:31.631+0000] {processor.py:208} INFO - Processing /home/airflow/.local/lib/python3.12/site-packages/airflow/example_dags/example_display_name.py took 0.317 seconds
[2024-09-06T06:03:02.662+0000] {processor.py:186} INFO - Started process (PID=1248) to work on /home/airflow/.local/lib/python3.12/site-packages/airflow/example_dags/example_display_name.py
[2024-09-06T06:03:02.664+0000] {processor.py:914} INFO - Processing file /home/airflow/.local/lib/python3.12/site-packages/airflow/example_dags/example_display_name.py for tasks to queue
[2024-09-06T06:03:02.670+0000] {logging_mixin.py:190} INFO - [2024-09-06T06:03:02.669+0000] {dagbag.py:587} INFO - Filling up the DagBag from /home/airflow/.local/lib/python3.12/site-packages/airflow/example_dags/example_display_name.py
[2024-09-06T06:03:02.687+0000] {processor.py:925} INFO - DAG(s) 'example_display_name' retrieved from /home/airflow/.local/lib/python3.12/site-packages/airflow/example_dags/example_display_name.py
[2024-09-06T06:03:02.727+0000] {logging_mixin.py:190} INFO - [2024-09-06T06:03:02.726+0000] {dag.py:3211} INFO - Sync 1 DAGs
[2024-09-06T06:03:02.762+0000] {logging_mixin.py:190} INFO - [2024-09-06T06:03:02.762+0000] {dag.py:4138} INFO - Setting next_dagrun for example_display_name to None, run_after=None
[2024-09-06T06:03:02.829+0000] {processor.py:208} INFO - Processing /home/airflow/.local/lib/python3.12/site-packages/airflow/example_dags/example_display_name.py took 0.179 seconds
[2024-09-06T06:03:33.034+0000] {processor.py:186} INFO - Started process (PID=1311) to work on /home/airflow/.local/lib/python3.12/site-packages/airflow/example_dags/example_display_name.py
[2024-09-06T06:03:33.047+0000] {processor.py:914} INFO - Processing file /home/airflow/.local/lib/python3.12/site-packages/airflow/example_dags/example_display_name.py for tasks to queue
[2024-09-06T06:03:33.056+0000] {logging_mixin.py:190} INFO - [2024-09-06T06:03:33.056+0000] {dagbag.py:587} INFO - Filling up the DagBag from /home/airflow/.local/lib/python3.12/site-packages/airflow/example_dags/example_display_name.py
[2024-09-06T06:03:33.072+0000] {processor.py:925} INFO - DAG(s) 'example_display_name' retrieved from /home/airflow/.local/lib/python3.12/site-packages/airflow/example_dags/example_display_name.py
[2024-09-06T06:03:33.110+0000] {logging_mixin.py:190} INFO - [2024-09-06T06:03:33.110+0000] {dag.py:3211} INFO - Sync 1 DAGs
[2024-09-06T06:03:33.140+0000] {logging_mixin.py:190} INFO - [2024-09-06T06:03:33.139+0000] {dag.py:4138} INFO - Setting next_dagrun for example_display_name to None, run_after=None
[2024-09-06T06:03:33.176+0000] {processor.py:208} INFO - Processing /home/airflow/.local/lib/python3.12/site-packages/airflow/example_dags/example_display_name.py took 0.169 seconds
[2024-09-06T06:04:03.970+0000] {processor.py:186} INFO - Started process (PID=1374) to work on /home/airflow/.local/lib/python3.12/site-packages/airflow/example_dags/example_display_name.py
[2024-09-06T06:04:03.972+0000] {processor.py:914} INFO - Processing file /home/airflow/.local/lib/python3.12/site-packages/airflow/example_dags/example_display_name.py for tasks to queue
[2024-09-06T06:04:03.977+0000] {logging_mixin.py:190} INFO - [2024-09-06T06:04:03.976+0000] {dagbag.py:587} INFO - Filling up the DagBag from /home/airflow/.local/lib/python3.12/site-packages/airflow/example_dags/example_display_name.py
[2024-09-06T06:04:03.991+0000] {processor.py:925} INFO - DAG(s) 'example_display_name' retrieved from /home/airflow/.local/lib/python3.12/site-packages/airflow/example_dags/example_display_name.py
[2024-09-06T06:04:04.033+0000] {logging_mixin.py:190} INFO - [2024-09-06T06:04:04.033+0000] {dag.py:3211} INFO - Sync 1 DAGs
[2024-09-06T06:04:04.062+0000] {logging_mixin.py:190} INFO - [2024-09-06T06:04:04.061+0000] {dag.py:4138} INFO - Setting next_dagrun for example_display_name to None, run_after=None
[2024-09-06T06:04:04.100+0000] {processor.py:208} INFO - Processing /home/airflow/.local/lib/python3.12/site-packages/airflow/example_dags/example_display_name.py took 0.142 seconds
[2024-09-06T06:04:34.330+0000] {processor.py:186} INFO - Started process (PID=1437) to work on /home/airflow/.local/lib/python3.12/site-packages/airflow/example_dags/example_display_name.py
[2024-09-06T06:04:34.333+0000] {processor.py:914} INFO - Processing file /home/airflow/.local/lib/python3.12/site-packages/airflow/example_dags/example_display_name.py for tasks to queue
[2024-09-06T06:04:34.338+0000] {logging_mixin.py:190} INFO - [2024-09-06T06:04:34.337+0000] {dagbag.py:587} INFO - Filling up the DagBag from /home/airflow/.local/lib/python3.12/site-packages/airflow/example_dags/example_display_name.py
[2024-09-06T06:04:34.354+0000] {processor.py:925} INFO - DAG(s) 'example_display_name' retrieved from /home/airflow/.local/lib/python3.12/site-packages/airflow/example_dags/example_display_name.py
[2024-09-06T06:04:34.398+0000] {logging_mixin.py:190} INFO - [2024-09-06T06:04:34.396+0000] {dag.py:3211} INFO - Sync 1 DAGs
[2024-09-06T06:04:34.436+0000] {logging_mixin.py:190} INFO - [2024-09-06T06:04:34.435+0000] {dag.py:4138} INFO - Setting next_dagrun for example_display_name to None, run_after=None
[2024-09-06T06:04:34.479+0000] {processor.py:208} INFO - Processing /home/airflow/.local/lib/python3.12/site-packages/airflow/example_dags/example_display_name.py took 0.162 seconds
[2024-09-06T06:05:05.110+0000] {processor.py:186} INFO - Started process (PID=1500) to work on /home/airflow/.local/lib/python3.12/site-packages/airflow/example_dags/example_display_name.py
[2024-09-06T06:05:05.112+0000] {processor.py:914} INFO - Processing file /home/airflow/.local/lib/python3.12/site-packages/airflow/example_dags/example_display_name.py for tasks to queue
[2024-09-06T06:05:05.117+0000] {logging_mixin.py:190} INFO - [2024-09-06T06:05:05.116+0000] {dagbag.py:587} INFO - Filling up the DagBag from /home/airflow/.local/lib/python3.12/site-packages/airflow/example_dags/example_display_name.py
[2024-09-06T06:05:05.132+0000] {processor.py:925} INFO - DAG(s) 'example_display_name' retrieved from /home/airflow/.local/lib/python3.12/site-packages/airflow/example_dags/example_display_name.py
[2024-09-06T06:05:05.170+0000] {logging_mixin.py:190} INFO - [2024-09-06T06:05:05.169+0000] {dag.py:3211} INFO - Sync 1 DAGs
[2024-09-06T06:05:05.200+0000] {logging_mixin.py:190} INFO - [2024-09-06T06:05:05.199+0000] {dag.py:4138} INFO - Setting next_dagrun for example_display_name to None, run_after=None
[2024-09-06T06:05:05.234+0000] {processor.py:208} INFO - Processing /home/airflow/.local/lib/python3.12/site-packages/airflow/example_dags/example_display_name.py took 0.135 seconds
[2024-09-06T06:05:35.569+0000] {processor.py:186} INFO - Started process (PID=1563) to work on /home/airflow/.local/lib/python3.12/site-packages/airflow/example_dags/example_display_name.py
[2024-09-06T06:05:35.571+0000] {processor.py:914} INFO - Processing file /home/airflow/.local/lib/python3.12/site-packages/airflow/example_dags/example_display_name.py for tasks to queue
[2024-09-06T06:05:35.576+0000] {logging_mixin.py:190} INFO - [2024-09-06T06:05:35.575+0000] {dagbag.py:587} INFO - Filling up the DagBag from /home/airflow/.local/lib/python3.12/site-packages/airflow/example_dags/example_display_name.py
[2024-09-06T06:05:35.593+0000] {processor.py:925} INFO - DAG(s) 'example_display_name' retrieved from /home/airflow/.local/lib/python3.12/site-packages/airflow/example_dags/example_display_name.py
[2024-09-06T06:05:35.646+0000] {logging_mixin.py:190} INFO - [2024-09-06T06:05:35.645+0000] {dag.py:3211} INFO - Sync 1 DAGs
[2024-09-06T06:05:35.678+0000] {logging_mixin.py:190} INFO - [2024-09-06T06:05:35.677+0000] {dag.py:4138} INFO - Setting next_dagrun for example_display_name to None, run_after=None
[2024-09-06T06:05:35.715+0000] {processor.py:208} INFO - Processing /home/airflow/.local/lib/python3.12/site-packages/airflow/example_dags/example_display_name.py took 0.158 seconds
[2024-09-06T06:06:06.225+0000] {processor.py:186} INFO - Started process (PID=1626) to work on /home/airflow/.local/lib/python3.12/site-packages/airflow/example_dags/example_display_name.py
[2024-09-06T06:06:06.227+0000] {processor.py:914} INFO - Processing file /home/airflow/.local/lib/python3.12/site-packages/airflow/example_dags/example_display_name.py for tasks to queue
[2024-09-06T06:06:06.232+0000] {logging_mixin.py:190} INFO - [2024-09-06T06:06:06.231+0000] {dagbag.py:587} INFO - Filling up the DagBag from /home/airflow/.local/lib/python3.12/site-packages/airflow/example_dags/example_display_name.py
[2024-09-06T06:06:06.248+0000] {processor.py:925} INFO - DAG(s) 'example_display_name' retrieved from /home/airflow/.local/lib/python3.12/site-packages/airflow/example_dags/example_display_name.py
[2024-09-06T06:06:06.287+0000] {logging_mixin.py:190} INFO - [2024-09-06T06:06:06.287+0000] {dag.py:3211} INFO - Sync 1 DAGs
[2024-09-06T06:06:06.333+0000] {logging_mixin.py:190} INFO - [2024-09-06T06:06:06.333+0000] {dag.py:4138} INFO - Setting next_dagrun for example_display_name to None, run_after=None
[2024-09-06T06:06:06.372+0000] {processor.py:208} INFO - Processing /home/airflow/.local/lib/python3.12/site-packages/airflow/example_dags/example_display_name.py took 0.158 seconds
[2024-09-06T06:06:37.066+0000] {processor.py:186} INFO - Started process (PID=1689) to work on /home/airflow/.local/lib/python3.12/site-packages/airflow/example_dags/example_display_name.py
[2024-09-06T06:06:37.068+0000] {processor.py:914} INFO - Processing file /home/airflow/.local/lib/python3.12/site-packages/airflow/example_dags/example_display_name.py for tasks to queue
[2024-09-06T06:06:37.074+0000] {logging_mixin.py:190} INFO - [2024-09-06T06:06:37.073+0000] {dagbag.py:587} INFO - Filling up the DagBag from /home/airflow/.local/lib/python3.12/site-packages/airflow/example_dags/example_display_name.py
[2024-09-06T06:06:37.090+0000] {processor.py:925} INFO - DAG(s) 'example_display_name' retrieved from /home/airflow/.local/lib/python3.12/site-packages/airflow/example_dags/example_display_name.py
[2024-09-06T06:06:37.142+0000] {logging_mixin.py:190} INFO - [2024-09-06T06:06:37.141+0000] {dag.py:3211} INFO - Sync 1 DAGs
[2024-09-06T06:06:37.181+0000] {logging_mixin.py:190} INFO - [2024-09-06T06:06:37.180+0000] {dag.py:4138} INFO - Setting next_dagrun for example_display_name to None, run_after=None
[2024-09-06T06:06:37.228+0000] {processor.py:208} INFO - Processing /home/airflow/.local/lib/python3.12/site-packages/airflow/example_dags/example_display_name.py took 0.175 seconds
[2024-09-06T06:07:07.361+0000] {processor.py:186} INFO - Started process (PID=1751) to work on /home/airflow/.local/lib/python3.12/site-packages/airflow/example_dags/example_display_name.py
[2024-09-06T06:07:07.363+0000] {processor.py:914} INFO - Processing file /home/airflow/.local/lib/python3.12/site-packages/airflow/example_dags/example_display_name.py for tasks to queue
[2024-09-06T06:07:07.369+0000] {logging_mixin.py:190} INFO - [2024-09-06T06:07:07.368+0000] {dagbag.py:587} INFO - Filling up the DagBag from /home/airflow/.local/lib/python3.12/site-packages/airflow/example_dags/example_display_name.py
[2024-09-06T06:07:07.387+0000] {processor.py:925} INFO - DAG(s) 'example_display_name' retrieved from /home/airflow/.local/lib/python3.12/site-packages/airflow/example_dags/example_display_name.py
[2024-09-06T06:07:07.428+0000] {logging_mixin.py:190} INFO - [2024-09-06T06:07:07.428+0000] {dag.py:3211} INFO - Sync 1 DAGs
[2024-09-06T06:07:07.463+0000] {logging_mixin.py:190} INFO - [2024-09-06T06:07:07.462+0000] {dag.py:4138} INFO - Setting next_dagrun for example_display_name to None, run_after=None
[2024-09-06T06:07:07.504+0000] {processor.py:208} INFO - Processing /home/airflow/.local/lib/python3.12/site-packages/airflow/example_dags/example_display_name.py took 0.156 seconds
[2024-09-06T06:07:37.838+0000] {processor.py:186} INFO - Started process (PID=1814) to work on /home/airflow/.local/lib/python3.12/site-packages/airflow/example_dags/example_display_name.py
[2024-09-06T06:07:37.840+0000] {processor.py:914} INFO - Processing file /home/airflow/.local/lib/python3.12/site-packages/airflow/example_dags/example_display_name.py for tasks to queue
[2024-09-06T06:07:37.846+0000] {logging_mixin.py:190} INFO - [2024-09-06T06:07:37.845+0000] {dagbag.py:587} INFO - Filling up the DagBag from /home/airflow/.local/lib/python3.12/site-packages/airflow/example_dags/example_display_name.py
[2024-09-06T06:07:37.861+0000] {processor.py:925} INFO - DAG(s) 'example_display_name' retrieved from /home/airflow/.local/lib/python3.12/site-packages/airflow/example_dags/example_display_name.py
[2024-09-06T06:07:37.903+0000] {logging_mixin.py:190} INFO - [2024-09-06T06:07:37.903+0000] {dag.py:3211} INFO - Sync 1 DAGs
[2024-09-06T06:07:37.938+0000] {logging_mixin.py:190} INFO - [2024-09-06T06:07:37.938+0000] {dag.py:4138} INFO - Setting next_dagrun for example_display_name to None, run_after=None
[2024-09-06T06:07:37.980+0000] {processor.py:208} INFO - Processing /home/airflow/.local/lib/python3.12/site-packages/airflow/example_dags/example_display_name.py took 0.154 seconds
[2024-09-06T06:08:08.697+0000] {processor.py:186} INFO - Started process (PID=1877) to work on /home/airflow/.local/lib/python3.12/site-packages/airflow/example_dags/example_display_name.py
[2024-09-06T06:08:08.700+0000] {processor.py:914} INFO - Processing file /home/airflow/.local/lib/python3.12/site-packages/airflow/example_dags/example_display_name.py for tasks to queue
[2024-09-06T06:08:08.706+0000] {logging_mixin.py:190} INFO - [2024-09-06T06:08:08.706+0000] {dagbag.py:587} INFO - Filling up the DagBag from /home/airflow/.local/lib/python3.12/site-packages/airflow/example_dags/example_display_name.py
[2024-09-06T06:08:08.724+0000] {processor.py:925} INFO - DAG(s) 'example_display_name' retrieved from /home/airflow/.local/lib/python3.12/site-packages/airflow/example_dags/example_display_name.py
[2024-09-06T06:08:08.768+0000] {logging_mixin.py:190} INFO - [2024-09-06T06:08:08.764+0000] {dag.py:3211} INFO - Sync 1 DAGs
[2024-09-06T06:08:08.800+0000] {logging_mixin.py:190} INFO - [2024-09-06T06:08:08.800+0000] {dag.py:4138} INFO - Setting next_dagrun for example_display_name to None, run_after=None
[2024-09-06T06:08:08.837+0000] {processor.py:208} INFO - Processing /home/airflow/.local/lib/python3.12/site-packages/airflow/example_dags/example_display_name.py took 0.152 seconds
[2024-09-06T06:08:39.352+0000] {processor.py:186} INFO - Started process (PID=1941) to work on /home/airflow/.local/lib/python3.12/site-packages/airflow/example_dags/example_display_name.py
[2024-09-06T06:08:39.354+0000] {processor.py:914} INFO - Processing file /home/airflow/.local/lib/python3.12/site-packages/airflow/example_dags/example_display_name.py for tasks to queue
[2024-09-06T06:08:39.359+0000] {logging_mixin.py:190} INFO - [2024-09-06T06:08:39.358+0000] {dagbag.py:587} INFO - Filling up the DagBag from /home/airflow/.local/lib/python3.12/site-packages/airflow/example_dags/example_display_name.py
[2024-09-06T06:08:39.374+0000] {processor.py:925} INFO - DAG(s) 'example_display_name' retrieved from /home/airflow/.local/lib/python3.12/site-packages/airflow/example_dags/example_display_name.py
[2024-09-06T06:08:39.411+0000] {logging_mixin.py:190} INFO - [2024-09-06T06:08:39.411+0000] {dag.py:3211} INFO - Sync 1 DAGs
[2024-09-06T06:08:39.441+0000] {logging_mixin.py:190} INFO - [2024-09-06T06:08:39.440+0000] {dag.py:4138} INFO - Setting next_dagrun for example_display_name to None, run_after=None
[2024-09-06T06:08:39.477+0000] {processor.py:208} INFO - Processing /home/airflow/.local/lib/python3.12/site-packages/airflow/example_dags/example_display_name.py took 0.137 seconds
[2024-09-06T06:09:09.929+0000] {processor.py:186} INFO - Started process (PID=2004) to work on /home/airflow/.local/lib/python3.12/site-packages/airflow/example_dags/example_display_name.py
[2024-09-06T06:09:09.930+0000] {processor.py:914} INFO - Processing file /home/airflow/.local/lib/python3.12/site-packages/airflow/example_dags/example_display_name.py for tasks to queue
[2024-09-06T06:09:09.935+0000] {logging_mixin.py:190} INFO - [2024-09-06T06:09:09.935+0000] {dagbag.py:587} INFO - Filling up the DagBag from /home/airflow/.local/lib/python3.12/site-packages/airflow/example_dags/example_display_name.py
[2024-09-06T06:09:09.951+0000] {processor.py:925} INFO - DAG(s) 'example_display_name' retrieved from /home/airflow/.local/lib/python3.12/site-packages/airflow/example_dags/example_display_name.py
[2024-09-06T06:09:09.993+0000] {logging_mixin.py:190} INFO - [2024-09-06T06:09:09.992+0000] {dag.py:3211} INFO - Sync 1 DAGs
[2024-09-06T06:09:10.022+0000] {logging_mixin.py:190} INFO - [2024-09-06T06:09:10.022+0000] {dag.py:4138} INFO - Setting next_dagrun for example_display_name to None, run_after=None
[2024-09-06T06:09:10.059+0000] {processor.py:208} INFO - Processing /home/airflow/.local/lib/python3.12/site-packages/airflow/example_dags/example_display_name.py took 0.141 seconds
[2024-09-06T06:09:40.653+0000] {processor.py:186} INFO - Started process (PID=2068) to work on /home/airflow/.local/lib/python3.12/site-packages/airflow/example_dags/example_display_name.py
[2024-09-06T06:09:40.656+0000] {processor.py:914} INFO - Processing file /home/airflow/.local/lib/python3.12/site-packages/airflow/example_dags/example_display_name.py for tasks to queue
[2024-09-06T06:09:40.662+0000] {logging_mixin.py:190} INFO - [2024-09-06T06:09:40.661+0000] {dagbag.py:587} INFO - Filling up the DagBag from /home/airflow/.local/lib/python3.12/site-packages/airflow/example_dags/example_display_name.py
[2024-09-06T06:09:40.682+0000] {processor.py:925} INFO - DAG(s) 'example_display_name' retrieved from /home/airflow/.local/lib/python3.12/site-packages/airflow/example_dags/example_display_name.py
[2024-09-06T06:09:40.731+0000] {logging_mixin.py:190} INFO - [2024-09-06T06:09:40.730+0000] {dag.py:3211} INFO - Sync 1 DAGs
[2024-09-06T06:09:40.767+0000] {logging_mixin.py:190} INFO - [2024-09-06T06:09:40.766+0000] {dag.py:4138} INFO - Setting next_dagrun for example_display_name to None, run_after=None
[2024-09-06T06:09:40.802+0000] {processor.py:208} INFO - Processing /home/airflow/.local/lib/python3.12/site-packages/airflow/example_dags/example_display_name.py took 0.166 seconds
[2024-09-06T06:10:11.220+0000] {processor.py:186} INFO - Started process (PID=2131) to work on /home/airflow/.local/lib/python3.12/site-packages/airflow/example_dags/example_display_name.py
[2024-09-06T06:10:11.222+0000] {processor.py:914} INFO - Processing file /home/airflow/.local/lib/python3.12/site-packages/airflow/example_dags/example_display_name.py for tasks to queue
[2024-09-06T06:10:11.227+0000] {logging_mixin.py:190} INFO - [2024-09-06T06:10:11.227+0000] {dagbag.py:587} INFO - Filling up the DagBag from /home/airflow/.local/lib/python3.12/site-packages/airflow/example_dags/example_display_name.py
[2024-09-06T06:10:11.243+0000] {processor.py:925} INFO - DAG(s) 'example_display_name' retrieved from /home/airflow/.local/lib/python3.12/site-packages/airflow/example_dags/example_display_name.py
[2024-09-06T06:10:11.283+0000] {logging_mixin.py:190} INFO - [2024-09-06T06:10:11.283+0000] {dag.py:3211} INFO - Sync 1 DAGs
[2024-09-06T06:10:11.315+0000] {logging_mixin.py:190} INFO - [2024-09-06T06:10:11.315+0000] {dag.py:4138} INFO - Setting next_dagrun for example_display_name to None, run_after=None
[2024-09-06T06:10:11.354+0000] {processor.py:208} INFO - Processing /home/airflow/.local/lib/python3.12/site-packages/airflow/example_dags/example_display_name.py took 0.147 seconds
[2024-09-06T06:10:42.365+0000] {processor.py:186} INFO - Started process (PID=2194) to work on /home/airflow/.local/lib/python3.12/site-packages/airflow/example_dags/example_display_name.py
[2024-09-06T06:10:42.367+0000] {processor.py:914} INFO - Processing file /home/airflow/.local/lib/python3.12/site-packages/airflow/example_dags/example_display_name.py for tasks to queue
[2024-09-06T06:10:42.373+0000] {logging_mixin.py:190} INFO - [2024-09-06T06:10:42.373+0000] {dagbag.py:587} INFO - Filling up the DagBag from /home/airflow/.local/lib/python3.12/site-packages/airflow/example_dags/example_display_name.py
[2024-09-06T06:10:42.393+0000] {processor.py:925} INFO - DAG(s) 'example_display_name' retrieved from /home/airflow/.local/lib/python3.12/site-packages/airflow/example_dags/example_display_name.py
[2024-09-06T06:10:42.454+0000] {logging_mixin.py:190} INFO - [2024-09-06T06:10:42.448+0000] {dag.py:3211} INFO - Sync 1 DAGs
[2024-09-06T06:10:42.508+0000] {logging_mixin.py:190} INFO - [2024-09-06T06:10:42.508+0000] {dag.py:4138} INFO - Setting next_dagrun for example_display_name to None, run_after=None
[2024-09-06T06:10:42.573+0000] {processor.py:208} INFO - Processing /home/airflow/.local/lib/python3.12/site-packages/airflow/example_dags/example_display_name.py took 0.227 seconds
[2024-09-06T06:11:13.118+0000] {processor.py:186} INFO - Started process (PID=2257) to work on /home/airflow/.local/lib/python3.12/site-packages/airflow/example_dags/example_display_name.py
[2024-09-06T06:11:13.126+0000] {processor.py:914} INFO - Processing file /home/airflow/.local/lib/python3.12/site-packages/airflow/example_dags/example_display_name.py for tasks to queue
[2024-09-06T06:11:13.132+0000] {logging_mixin.py:190} INFO - [2024-09-06T06:11:13.131+0000] {dagbag.py:587} INFO - Filling up the DagBag from /home/airflow/.local/lib/python3.12/site-packages/airflow/example_dags/example_display_name.py
[2024-09-06T06:11:13.151+0000] {processor.py:925} INFO - DAG(s) 'example_display_name' retrieved from /home/airflow/.local/lib/python3.12/site-packages/airflow/example_dags/example_display_name.py
[2024-09-06T06:11:13.202+0000] {logging_mixin.py:190} INFO - [2024-09-06T06:11:13.201+0000] {dag.py:3211} INFO - Sync 1 DAGs
[2024-09-06T06:11:13.271+0000] {logging_mixin.py:190} INFO - [2024-09-06T06:11:13.270+0000] {dag.py:4138} INFO - Setting next_dagrun for example_display_name to None, run_after=None
[2024-09-06T06:11:13.370+0000] {processor.py:208} INFO - Processing /home/airflow/.local/lib/python3.12/site-packages/airflow/example_dags/example_display_name.py took 0.264 seconds
[2024-09-06T06:11:43.992+0000] {processor.py:186} INFO - Started process (PID=2319) to work on /home/airflow/.local/lib/python3.12/site-packages/airflow/example_dags/example_display_name.py
[2024-09-06T06:11:43.994+0000] {processor.py:914} INFO - Processing file /home/airflow/.local/lib/python3.12/site-packages/airflow/example_dags/example_display_name.py for tasks to queue
[2024-09-06T06:11:43.999+0000] {logging_mixin.py:190} INFO - [2024-09-06T06:11:43.998+0000] {dagbag.py:587} INFO - Filling up the DagBag from /home/airflow/.local/lib/python3.12/site-packages/airflow/example_dags/example_display_name.py
[2024-09-06T06:11:44.014+0000] {processor.py:925} INFO - DAG(s) 'example_display_name' retrieved from /home/airflow/.local/lib/python3.12/site-packages/airflow/example_dags/example_display_name.py
[2024-09-06T06:11:44.051+0000] {logging_mixin.py:190} INFO - [2024-09-06T06:11:44.051+0000] {dag.py:3211} INFO - Sync 1 DAGs
[2024-09-06T06:11:44.077+0000] {logging_mixin.py:190} INFO - [2024-09-06T06:11:44.076+0000] {dag.py:4138} INFO - Setting next_dagrun for example_display_name to None, run_after=None
[2024-09-06T06:11:44.108+0000] {processor.py:208} INFO - Processing /home/airflow/.local/lib/python3.12/site-packages/airflow/example_dags/example_display_name.py took 0.129 seconds
[2024-09-06T06:12:14.288+0000] {processor.py:186} INFO - Started process (PID=2382) to work on /home/airflow/.local/lib/python3.12/site-packages/airflow/example_dags/example_display_name.py
[2024-09-06T06:12:14.290+0000] {processor.py:914} INFO - Processing file /home/airflow/.local/lib/python3.12/site-packages/airflow/example_dags/example_display_name.py for tasks to queue
[2024-09-06T06:12:14.295+0000] {logging_mixin.py:190} INFO - [2024-09-06T06:12:14.294+0000] {dagbag.py:587} INFO - Filling up the DagBag from /home/airflow/.local/lib/python3.12/site-packages/airflow/example_dags/example_display_name.py
[2024-09-06T06:12:14.309+0000] {processor.py:925} INFO - DAG(s) 'example_display_name' retrieved from /home/airflow/.local/lib/python3.12/site-packages/airflow/example_dags/example_display_name.py
[2024-09-06T06:12:14.345+0000] {logging_mixin.py:190} INFO - [2024-09-06T06:12:14.345+0000] {dag.py:3211} INFO - Sync 1 DAGs
[2024-09-06T06:12:14.372+0000] {logging_mixin.py:190} INFO - [2024-09-06T06:12:14.372+0000] {dag.py:4138} INFO - Setting next_dagrun for example_display_name to None, run_after=None
[2024-09-06T06:12:14.416+0000] {processor.py:208} INFO - Processing /home/airflow/.local/lib/python3.12/site-packages/airflow/example_dags/example_display_name.py took 0.141 seconds
[2024-09-06T06:12:44.698+0000] {processor.py:186} INFO - Started process (PID=2446) to work on /home/airflow/.local/lib/python3.12/site-packages/airflow/example_dags/example_display_name.py
[2024-09-06T06:12:44.701+0000] {processor.py:914} INFO - Processing file /home/airflow/.local/lib/python3.12/site-packages/airflow/example_dags/example_display_name.py for tasks to queue
[2024-09-06T06:12:44.706+0000] {logging_mixin.py:190} INFO - [2024-09-06T06:12:44.705+0000] {dagbag.py:587} INFO - Filling up the DagBag from /home/airflow/.local/lib/python3.12/site-packages/airflow/example_dags/example_display_name.py
[2024-09-06T06:12:44.728+0000] {processor.py:925} INFO - DAG(s) 'example_display_name' retrieved from /home/airflow/.local/lib/python3.12/site-packages/airflow/example_dags/example_display_name.py
[2024-09-06T06:12:44.812+0000] {logging_mixin.py:190} INFO - [2024-09-06T06:12:44.812+0000] {dag.py:3211} INFO - Sync 1 DAGs
[2024-09-06T06:12:44.859+0000] {logging_mixin.py:190} INFO - [2024-09-06T06:12:44.859+0000] {dag.py:4138} INFO - Setting next_dagrun for example_display_name to None, run_after=None
[2024-09-06T06:12:44.929+0000] {processor.py:208} INFO - Processing /home/airflow/.local/lib/python3.12/site-packages/airflow/example_dags/example_display_name.py took 0.244 seconds
[2024-09-06T06:13:16.791+0000] {processor.py:186} INFO - Started process (PID=2518) to work on /home/airflow/.local/lib/python3.12/site-packages/airflow/example_dags/example_display_name.py
[2024-09-06T06:13:16.794+0000] {processor.py:914} INFO - Processing file /home/airflow/.local/lib/python3.12/site-packages/airflow/example_dags/example_display_name.py for tasks to queue
[2024-09-06T06:13:16.803+0000] {logging_mixin.py:190} INFO - [2024-09-06T06:13:16.802+0000] {dagbag.py:587} INFO - Filling up the DagBag from /home/airflow/.local/lib/python3.12/site-packages/airflow/example_dags/example_display_name.py
[2024-09-06T06:13:16.828+0000] {processor.py:925} INFO - DAG(s) 'example_display_name' retrieved from /home/airflow/.local/lib/python3.12/site-packages/airflow/example_dags/example_display_name.py
[2024-09-06T06:13:16.897+0000] {logging_mixin.py:190} INFO - [2024-09-06T06:13:16.896+0000] {dag.py:3211} INFO - Sync 1 DAGs
[2024-09-06T06:13:17.000+0000] {logging_mixin.py:190} INFO - [2024-09-06T06:13:17.000+0000] {dag.py:4138} INFO - Setting next_dagrun for example_display_name to None, run_after=None
[2024-09-06T06:13:17.105+0000] {processor.py:208} INFO - Processing /home/airflow/.local/lib/python3.12/site-packages/airflow/example_dags/example_display_name.py took 0.330 seconds
[2024-09-06T06:13:48.638+0000] {processor.py:186} INFO - Started process (PID=2601) to work on /home/airflow/.local/lib/python3.12/site-packages/airflow/example_dags/example_display_name.py
[2024-09-06T06:13:48.640+0000] {processor.py:914} INFO - Processing file /home/airflow/.local/lib/python3.12/site-packages/airflow/example_dags/example_display_name.py for tasks to queue
[2024-09-06T06:13:48.646+0000] {logging_mixin.py:190} INFO - [2024-09-06T06:13:48.645+0000] {dagbag.py:587} INFO - Filling up the DagBag from /home/airflow/.local/lib/python3.12/site-packages/airflow/example_dags/example_display_name.py
[2024-09-06T06:13:48.663+0000] {processor.py:925} INFO - DAG(s) 'example_display_name' retrieved from /home/airflow/.local/lib/python3.12/site-packages/airflow/example_dags/example_display_name.py
[2024-09-06T06:13:48.708+0000] {logging_mixin.py:190} INFO - [2024-09-06T06:13:48.707+0000] {dag.py:3211} INFO - Sync 1 DAGs
[2024-09-06T06:13:48.741+0000] {logging_mixin.py:190} INFO - [2024-09-06T06:13:48.740+0000] {dag.py:4138} INFO - Setting next_dagrun for example_display_name to None, run_after=None
[2024-09-06T06:13:48.782+0000] {processor.py:208} INFO - Processing /home/airflow/.local/lib/python3.12/site-packages/airflow/example_dags/example_display_name.py took 0.165 seconds
[2024-09-06T06:14:19.241+0000] {processor.py:186} INFO - Started process (PID=2676) to work on /home/airflow/.local/lib/python3.12/site-packages/airflow/example_dags/example_display_name.py
[2024-09-06T06:14:19.243+0000] {processor.py:914} INFO - Processing file /home/airflow/.local/lib/python3.12/site-packages/airflow/example_dags/example_display_name.py for tasks to queue
[2024-09-06T06:14:19.249+0000] {logging_mixin.py:190} INFO - [2024-09-06T06:14:19.248+0000] {dagbag.py:587} INFO - Filling up the DagBag from /home/airflow/.local/lib/python3.12/site-packages/airflow/example_dags/example_display_name.py
[2024-09-06T06:14:19.266+0000] {processor.py:925} INFO - DAG(s) 'example_display_name' retrieved from /home/airflow/.local/lib/python3.12/site-packages/airflow/example_dags/example_display_name.py
[2024-09-06T06:14:19.319+0000] {logging_mixin.py:190} INFO - [2024-09-06T06:14:19.318+0000] {dag.py:3211} INFO - Sync 1 DAGs
[2024-09-06T06:14:19.357+0000] {logging_mixin.py:190} INFO - [2024-09-06T06:14:19.356+0000] {dag.py:4138} INFO - Setting next_dagrun for example_display_name to None, run_after=None
[2024-09-06T06:14:19.408+0000] {processor.py:208} INFO - Processing /home/airflow/.local/lib/python3.12/site-packages/airflow/example_dags/example_display_name.py took 0.191 seconds
[2024-09-06T06:14:55.799+0000] {processor.py:186} INFO - Started process (PID=2742) to work on /home/airflow/.local/lib/python3.12/site-packages/airflow/example_dags/example_display_name.py
[2024-09-06T06:14:55.820+0000] {processor.py:914} INFO - Processing file /home/airflow/.local/lib/python3.12/site-packages/airflow/example_dags/example_display_name.py for tasks to queue
[2024-09-06T06:14:55.842+0000] {logging_mixin.py:190} INFO - [2024-09-06T06:14:55.841+0000] {dagbag.py:587} INFO - Filling up the DagBag from /home/airflow/.local/lib/python3.12/site-packages/airflow/example_dags/example_display_name.py
[2024-09-06T06:14:55.941+0000] {processor.py:925} INFO - DAG(s) 'example_display_name' retrieved from /home/airflow/.local/lib/python3.12/site-packages/airflow/example_dags/example_display_name.py
[2024-09-06T06:14:56.071+0000] {logging_mixin.py:190} INFO - [2024-09-06T06:14:56.070+0000] {dag.py:3211} INFO - Sync 1 DAGs
[2024-09-06T06:14:56.152+0000] {logging_mixin.py:190} INFO - [2024-09-06T06:14:56.151+0000] {dag.py:4138} INFO - Setting next_dagrun for example_display_name to None, run_after=None
[2024-09-06T06:14:56.455+0000] {processor.py:208} INFO - Processing /home/airflow/.local/lib/python3.12/site-packages/airflow/example_dags/example_display_name.py took 0.786 seconds
[2024-09-06T06:15:27.348+0000] {processor.py:186} INFO - Started process (PID=2814) to work on /home/airflow/.local/lib/python3.12/site-packages/airflow/example_dags/example_display_name.py
[2024-09-06T06:15:27.350+0000] {processor.py:914} INFO - Processing file /home/airflow/.local/lib/python3.12/site-packages/airflow/example_dags/example_display_name.py for tasks to queue
[2024-09-06T06:15:27.357+0000] {logging_mixin.py:190} INFO - [2024-09-06T06:15:27.356+0000] {dagbag.py:587} INFO - Filling up the DagBag from /home/airflow/.local/lib/python3.12/site-packages/airflow/example_dags/example_display_name.py
[2024-09-06T06:15:27.373+0000] {processor.py:925} INFO - DAG(s) 'example_display_name' retrieved from /home/airflow/.local/lib/python3.12/site-packages/airflow/example_dags/example_display_name.py
[2024-09-06T06:15:27.417+0000] {logging_mixin.py:190} INFO - [2024-09-06T06:15:27.417+0000] {dag.py:3211} INFO - Sync 1 DAGs
[2024-09-06T06:15:27.450+0000] {logging_mixin.py:190} INFO - [2024-09-06T06:15:27.449+0000] {dag.py:4138} INFO - Setting next_dagrun for example_display_name to None, run_after=None
[2024-09-06T06:15:27.490+0000] {processor.py:208} INFO - Processing /home/airflow/.local/lib/python3.12/site-packages/airflow/example_dags/example_display_name.py took 0.160 seconds
[2024-09-06T06:15:58.126+0000] {processor.py:186} INFO - Started process (PID=2880) to work on /home/airflow/.local/lib/python3.12/site-packages/airflow/example_dags/example_display_name.py
[2024-09-06T06:15:58.128+0000] {processor.py:914} INFO - Processing file /home/airflow/.local/lib/python3.12/site-packages/airflow/example_dags/example_display_name.py for tasks to queue
[2024-09-06T06:15:58.133+0000] {logging_mixin.py:190} INFO - [2024-09-06T06:15:58.133+0000] {dagbag.py:587} INFO - Filling up the DagBag from /home/airflow/.local/lib/python3.12/site-packages/airflow/example_dags/example_display_name.py
[2024-09-06T06:15:58.146+0000] {processor.py:925} INFO - DAG(s) 'example_display_name' retrieved from /home/airflow/.local/lib/python3.12/site-packages/airflow/example_dags/example_display_name.py
[2024-09-06T06:15:58.181+0000] {logging_mixin.py:190} INFO - [2024-09-06T06:15:58.181+0000] {dag.py:3211} INFO - Sync 1 DAGs
[2024-09-06T06:15:58.207+0000] {logging_mixin.py:190} INFO - [2024-09-06T06:15:58.207+0000] {dag.py:4138} INFO - Setting next_dagrun for example_display_name to None, run_after=None
[2024-09-06T06:15:58.240+0000] {processor.py:208} INFO - Processing /home/airflow/.local/lib/python3.12/site-packages/airflow/example_dags/example_display_name.py took 0.129 seconds
[2024-09-06T06:16:28.821+0000] {processor.py:186} INFO - Started process (PID=2946) to work on /home/airflow/.local/lib/python3.12/site-packages/airflow/example_dags/example_display_name.py
[2024-09-06T06:16:28.826+0000] {processor.py:914} INFO - Processing file /home/airflow/.local/lib/python3.12/site-packages/airflow/example_dags/example_display_name.py for tasks to queue
[2024-09-06T06:16:28.842+0000] {logging_mixin.py:190} INFO - [2024-09-06T06:16:28.840+0000] {dagbag.py:587} INFO - Filling up the DagBag from /home/airflow/.local/lib/python3.12/site-packages/airflow/example_dags/example_display_name.py
[2024-09-06T06:16:28.888+0000] {processor.py:925} INFO - DAG(s) 'example_display_name' retrieved from /home/airflow/.local/lib/python3.12/site-packages/airflow/example_dags/example_display_name.py
[2024-09-06T06:16:28.996+0000] {logging_mixin.py:190} INFO - [2024-09-06T06:16:28.995+0000] {dag.py:3211} INFO - Sync 1 DAGs
[2024-09-06T06:16:29.089+0000] {logging_mixin.py:190} INFO - [2024-09-06T06:16:29.088+0000] {dag.py:4138} INFO - Setting next_dagrun for example_display_name to None, run_after=None
[2024-09-06T06:16:29.200+0000] {processor.py:208} INFO - Processing /home/airflow/.local/lib/python3.12/site-packages/airflow/example_dags/example_display_name.py took 0.434 seconds
[2024-09-06T06:16:59.454+0000] {processor.py:186} INFO - Started process (PID=3012) to work on /home/airflow/.local/lib/python3.12/site-packages/airflow/example_dags/example_display_name.py
[2024-09-06T06:16:59.456+0000] {processor.py:914} INFO - Processing file /home/airflow/.local/lib/python3.12/site-packages/airflow/example_dags/example_display_name.py for tasks to queue
[2024-09-06T06:16:59.461+0000] {logging_mixin.py:190} INFO - [2024-09-06T06:16:59.460+0000] {dagbag.py:587} INFO - Filling up the DagBag from /home/airflow/.local/lib/python3.12/site-packages/airflow/example_dags/example_display_name.py
[2024-09-06T06:16:59.476+0000] {processor.py:925} INFO - DAG(s) 'example_display_name' retrieved from /home/airflow/.local/lib/python3.12/site-packages/airflow/example_dags/example_display_name.py
[2024-09-06T06:16:59.511+0000] {logging_mixin.py:190} INFO - [2024-09-06T06:16:59.511+0000] {dag.py:3211} INFO - Sync 1 DAGs
[2024-09-06T06:16:59.538+0000] {logging_mixin.py:190} INFO - [2024-09-06T06:16:59.537+0000] {dag.py:4138} INFO - Setting next_dagrun for example_display_name to None, run_after=None
[2024-09-06T06:16:59.575+0000] {processor.py:208} INFO - Processing /home/airflow/.local/lib/python3.12/site-packages/airflow/example_dags/example_display_name.py took 0.155 seconds
[2024-09-06T06:17:30.842+0000] {processor.py:186} INFO - Started process (PID=3078) to work on /home/airflow/.local/lib/python3.12/site-packages/airflow/example_dags/example_display_name.py
[2024-09-06T06:17:30.858+0000] {processor.py:914} INFO - Processing file /home/airflow/.local/lib/python3.12/site-packages/airflow/example_dags/example_display_name.py for tasks to queue
[2024-09-06T06:17:30.877+0000] {logging_mixin.py:190} INFO - [2024-09-06T06:17:30.876+0000] {dagbag.py:587} INFO - Filling up the DagBag from /home/airflow/.local/lib/python3.12/site-packages/airflow/example_dags/example_display_name.py
[2024-09-06T06:17:30.917+0000] {processor.py:925} INFO - DAG(s) 'example_display_name' retrieved from /home/airflow/.local/lib/python3.12/site-packages/airflow/example_dags/example_display_name.py
[2024-09-06T06:17:31.050+0000] {logging_mixin.py:190} INFO - [2024-09-06T06:17:31.050+0000] {dag.py:3211} INFO - Sync 1 DAGs
[2024-09-06T06:17:31.114+0000] {logging_mixin.py:190} INFO - [2024-09-06T06:17:31.113+0000] {dag.py:4138} INFO - Setting next_dagrun for example_display_name to None, run_after=None
[2024-09-06T06:17:31.318+0000] {processor.py:208} INFO - Processing /home/airflow/.local/lib/python3.12/site-packages/airflow/example_dags/example_display_name.py took 0.592 seconds
[2024-09-06T06:18:29.652+0000] {processor.py:186} INFO - Started process (PID=3187) to work on /home/airflow/.local/lib/python3.12/site-packages/airflow/example_dags/example_display_name.py
[2024-09-06T06:18:29.668+0000] {processor.py:914} INFO - Processing file /home/airflow/.local/lib/python3.12/site-packages/airflow/example_dags/example_display_name.py for tasks to queue
[2024-09-06T06:18:29.675+0000] {logging_mixin.py:190} INFO - [2024-09-06T06:18:29.674+0000] {dagbag.py:587} INFO - Filling up the DagBag from /home/airflow/.local/lib/python3.12/site-packages/airflow/example_dags/example_display_name.py
[2024-09-06T06:18:29.726+0000] {processor.py:925} INFO - DAG(s) 'example_display_name' retrieved from /home/airflow/.local/lib/python3.12/site-packages/airflow/example_dags/example_display_name.py
[2024-09-06T06:18:29.826+0000] {logging_mixin.py:190} INFO - [2024-09-06T06:18:29.825+0000] {dag.py:3211} INFO - Sync 1 DAGs
[2024-09-06T06:18:29.880+0000] {logging_mixin.py:190} INFO - [2024-09-06T06:18:29.879+0000] {dag.py:4138} INFO - Setting next_dagrun for example_display_name to None, run_after=None
[2024-09-06T06:18:29.968+0000] {processor.py:208} INFO - Processing /home/airflow/.local/lib/python3.12/site-packages/airflow/example_dags/example_display_name.py took 0.350 seconds
[2024-09-06T06:19:14.451+0000] {processor.py:186} INFO - Started process (PID=3258) to work on /home/airflow/.local/lib/python3.12/site-packages/airflow/example_dags/example_display_name.py
[2024-09-06T06:19:14.465+0000] {processor.py:914} INFO - Processing file /home/airflow/.local/lib/python3.12/site-packages/airflow/example_dags/example_display_name.py for tasks to queue
[2024-09-06T06:19:14.471+0000] {logging_mixin.py:190} INFO - [2024-09-06T06:19:14.470+0000] {dagbag.py:587} INFO - Filling up the DagBag from /home/airflow/.local/lib/python3.12/site-packages/airflow/example_dags/example_display_name.py
[2024-09-06T06:19:14.504+0000] {processor.py:925} INFO - DAG(s) 'example_display_name' retrieved from /home/airflow/.local/lib/python3.12/site-packages/airflow/example_dags/example_display_name.py
[2024-09-06T06:19:14.580+0000] {logging_mixin.py:190} INFO - [2024-09-06T06:19:14.579+0000] {dag.py:3211} INFO - Sync 1 DAGs
[2024-09-06T06:19:14.659+0000] {logging_mixin.py:190} INFO - [2024-09-06T06:19:14.658+0000] {dag.py:4138} INFO - Setting next_dagrun for example_display_name to None, run_after=None
[2024-09-06T06:19:14.737+0000] {processor.py:208} INFO - Processing /home/airflow/.local/lib/python3.12/site-packages/airflow/example_dags/example_display_name.py took 0.308 seconds
