[2024-09-06T05:52:43.714+0000] {processor.py:186} INFO - Started process (PID=84) to work on /home/airflow/.local/lib/python3.12/site-packages/airflow/example_dags/example_sensor_decorator.py
[2024-09-06T05:52:43.717+0000] {processor.py:914} INFO - Processing file /home/airflow/.local/lib/python3.12/site-packages/airflow/example_dags/example_sensor_decorator.py for tasks to queue
[2024-09-06T05:52:43.724+0000] {logging_mixin.py:190} INFO - [2024-09-06T05:52:43.723+0000] {dagbag.py:587} INFO - Filling up the DagBag from /home/airflow/.local/lib/python3.12/site-packages/airflow/example_dags/example_sensor_decorator.py
[2024-09-06T05:52:43.747+0000] {processor.py:925} INFO - DAG(s) 'example_sensor_decorator' retrieved from /home/airflow/.local/lib/python3.12/site-packages/airflow/example_dags/example_sensor_decorator.py
[2024-09-06T05:52:43.855+0000] {logging_mixin.py:190} INFO - [2024-09-06T05:52:43.854+0000] {dag.py:3211} INFO - Sync 1 DAGs
[2024-09-06T05:52:43.955+0000] {logging_mixin.py:190} INFO - [2024-09-06T05:52:43.954+0000] {dag.py:4138} INFO - Setting next_dagrun for example_sensor_decorator to None, run_after=None
[2024-09-06T05:52:44.054+0000] {processor.py:208} INFO - Processing /home/airflow/.local/lib/python3.12/site-packages/airflow/example_dags/example_sensor_decorator.py took 0.358 seconds
[2024-09-06T05:53:16.990+0000] {processor.py:186} INFO - Started process (PID=147) to work on /home/airflow/.local/lib/python3.12/site-packages/airflow/example_dags/example_sensor_decorator.py
[2024-09-06T05:53:16.993+0000] {processor.py:914} INFO - Processing file /home/airflow/.local/lib/python3.12/site-packages/airflow/example_dags/example_sensor_decorator.py for tasks to queue
[2024-09-06T05:53:16.999+0000] {logging_mixin.py:190} INFO - [2024-09-06T05:53:16.998+0000] {dagbag.py:587} INFO - Filling up the DagBag from /home/airflow/.local/lib/python3.12/site-packages/airflow/example_dags/example_sensor_decorator.py
[2024-09-06T05:53:17.045+0000] {processor.py:925} INFO - DAG(s) 'example_sensor_decorator' retrieved from /home/airflow/.local/lib/python3.12/site-packages/airflow/example_dags/example_sensor_decorator.py
[2024-09-06T05:53:17.138+0000] {logging_mixin.py:190} INFO - [2024-09-06T05:53:17.138+0000] {dag.py:3211} INFO - Sync 1 DAGs
[2024-09-06T05:53:17.207+0000] {logging_mixin.py:190} INFO - [2024-09-06T05:53:17.206+0000] {dag.py:4138} INFO - Setting next_dagrun for example_sensor_decorator to None, run_after=None
[2024-09-06T05:53:17.307+0000] {processor.py:208} INFO - Processing /home/airflow/.local/lib/python3.12/site-packages/airflow/example_dags/example_sensor_decorator.py took 0.349 seconds
[2024-09-06T05:53:47.993+0000] {processor.py:186} INFO - Started process (PID=210) to work on /home/airflow/.local/lib/python3.12/site-packages/airflow/example_dags/example_sensor_decorator.py
[2024-09-06T05:53:47.995+0000] {processor.py:914} INFO - Processing file /home/airflow/.local/lib/python3.12/site-packages/airflow/example_dags/example_sensor_decorator.py for tasks to queue
[2024-09-06T05:53:48.003+0000] {logging_mixin.py:190} INFO - [2024-09-06T05:53:48.002+0000] {dagbag.py:587} INFO - Filling up the DagBag from /home/airflow/.local/lib/python3.12/site-packages/airflow/example_dags/example_sensor_decorator.py
[2024-09-06T05:53:48.026+0000] {processor.py:925} INFO - DAG(s) 'example_sensor_decorator' retrieved from /home/airflow/.local/lib/python3.12/site-packages/airflow/example_dags/example_sensor_decorator.py
[2024-09-06T05:53:48.107+0000] {logging_mixin.py:190} INFO - [2024-09-06T05:53:48.106+0000] {dag.py:3211} INFO - Sync 1 DAGs
[2024-09-06T05:53:48.163+0000] {logging_mixin.py:190} INFO - [2024-09-06T05:53:48.163+0000] {dag.py:4138} INFO - Setting next_dagrun for example_sensor_decorator to None, run_after=None
[2024-09-06T05:53:48.278+0000] {processor.py:208} INFO - Processing /home/airflow/.local/lib/python3.12/site-packages/airflow/example_dags/example_sensor_decorator.py took 0.303 seconds
[2024-09-06T05:54:19.435+0000] {processor.py:186} INFO - Started process (PID=273) to work on /home/airflow/.local/lib/python3.12/site-packages/airflow/example_dags/example_sensor_decorator.py
[2024-09-06T05:54:19.439+0000] {processor.py:914} INFO - Processing file /home/airflow/.local/lib/python3.12/site-packages/airflow/example_dags/example_sensor_decorator.py for tasks to queue
[2024-09-06T05:54:19.464+0000] {logging_mixin.py:190} INFO - [2024-09-06T05:54:19.463+0000] {dagbag.py:587} INFO - Filling up the DagBag from /home/airflow/.local/lib/python3.12/site-packages/airflow/example_dags/example_sensor_decorator.py
[2024-09-06T05:54:19.503+0000] {processor.py:925} INFO - DAG(s) 'example_sensor_decorator' retrieved from /home/airflow/.local/lib/python3.12/site-packages/airflow/example_dags/example_sensor_decorator.py
[2024-09-06T05:54:19.667+0000] {logging_mixin.py:190} INFO - [2024-09-06T05:54:19.666+0000] {dag.py:3211} INFO - Sync 1 DAGs
[2024-09-06T05:54:19.754+0000] {logging_mixin.py:190} INFO - [2024-09-06T05:54:19.754+0000] {dag.py:4138} INFO - Setting next_dagrun for example_sensor_decorator to None, run_after=None
[2024-09-06T05:54:19.979+0000] {processor.py:208} INFO - Processing /home/airflow/.local/lib/python3.12/site-packages/airflow/example_dags/example_sensor_decorator.py took 0.592 seconds
[2024-09-06T05:54:50.629+0000] {processor.py:186} INFO - Started process (PID=341) to work on /home/airflow/.local/lib/python3.12/site-packages/airflow/example_dags/example_sensor_decorator.py
[2024-09-06T05:54:50.639+0000] {processor.py:914} INFO - Processing file /home/airflow/.local/lib/python3.12/site-packages/airflow/example_dags/example_sensor_decorator.py for tasks to queue
[2024-09-06T05:54:50.648+0000] {logging_mixin.py:190} INFO - [2024-09-06T05:54:50.648+0000] {dagbag.py:587} INFO - Filling up the DagBag from /home/airflow/.local/lib/python3.12/site-packages/airflow/example_dags/example_sensor_decorator.py
[2024-09-06T05:54:50.689+0000] {processor.py:925} INFO - DAG(s) 'example_sensor_decorator' retrieved from /home/airflow/.local/lib/python3.12/site-packages/airflow/example_dags/example_sensor_decorator.py
[2024-09-06T05:54:50.799+0000] {logging_mixin.py:190} INFO - [2024-09-06T05:54:50.798+0000] {dag.py:3211} INFO - Sync 1 DAGs
[2024-09-06T05:54:50.877+0000] {logging_mixin.py:190} INFO - [2024-09-06T05:54:50.876+0000] {dag.py:4138} INFO - Setting next_dagrun for example_sensor_decorator to None, run_after=None
[2024-09-06T05:54:50.975+0000] {processor.py:208} INFO - Processing /home/airflow/.local/lib/python3.12/site-packages/airflow/example_dags/example_sensor_decorator.py took 0.366 seconds
[2024-09-06T05:55:22.343+0000] {processor.py:186} INFO - Started process (PID=404) to work on /home/airflow/.local/lib/python3.12/site-packages/airflow/example_dags/example_sensor_decorator.py
[2024-09-06T05:55:22.357+0000] {processor.py:914} INFO - Processing file /home/airflow/.local/lib/python3.12/site-packages/airflow/example_dags/example_sensor_decorator.py for tasks to queue
[2024-09-06T05:55:22.389+0000] {logging_mixin.py:190} INFO - [2024-09-06T05:55:22.388+0000] {dagbag.py:587} INFO - Filling up the DagBag from /home/airflow/.local/lib/python3.12/site-packages/airflow/example_dags/example_sensor_decorator.py
[2024-09-06T05:55:22.495+0000] {processor.py:925} INFO - DAG(s) 'example_sensor_decorator' retrieved from /home/airflow/.local/lib/python3.12/site-packages/airflow/example_dags/example_sensor_decorator.py
[2024-09-06T05:55:22.633+0000] {logging_mixin.py:190} INFO - [2024-09-06T05:55:22.633+0000] {dag.py:3211} INFO - Sync 1 DAGs
[2024-09-06T05:55:22.749+0000] {logging_mixin.py:190} INFO - [2024-09-06T05:55:22.748+0000] {dag.py:4138} INFO - Setting next_dagrun for example_sensor_decorator to None, run_after=None
[2024-09-06T05:55:22.878+0000] {processor.py:208} INFO - Processing /home/airflow/.local/lib/python3.12/site-packages/airflow/example_dags/example_sensor_decorator.py took 0.571 seconds
[2024-09-06T05:55:53.314+0000] {processor.py:186} INFO - Started process (PID=467) to work on /home/airflow/.local/lib/python3.12/site-packages/airflow/example_dags/example_sensor_decorator.py
[2024-09-06T05:55:53.317+0000] {processor.py:914} INFO - Processing file /home/airflow/.local/lib/python3.12/site-packages/airflow/example_dags/example_sensor_decorator.py for tasks to queue
[2024-09-06T05:55:53.322+0000] {logging_mixin.py:190} INFO - [2024-09-06T05:55:53.322+0000] {dagbag.py:587} INFO - Filling up the DagBag from /home/airflow/.local/lib/python3.12/site-packages/airflow/example_dags/example_sensor_decorator.py
[2024-09-06T05:55:53.342+0000] {processor.py:925} INFO - DAG(s) 'example_sensor_decorator' retrieved from /home/airflow/.local/lib/python3.12/site-packages/airflow/example_dags/example_sensor_decorator.py
[2024-09-06T05:55:53.407+0000] {logging_mixin.py:190} INFO - [2024-09-06T05:55:53.406+0000] {dag.py:3211} INFO - Sync 1 DAGs
[2024-09-06T05:55:53.472+0000] {logging_mixin.py:190} INFO - [2024-09-06T05:55:53.472+0000] {dag.py:4138} INFO - Setting next_dagrun for example_sensor_decorator to None, run_after=None
[2024-09-06T05:55:53.515+0000] {processor.py:208} INFO - Processing /home/airflow/.local/lib/python3.12/site-packages/airflow/example_dags/example_sensor_decorator.py took 0.213 seconds
[2024-09-06T05:56:24.190+0000] {processor.py:186} INFO - Started process (PID=531) to work on /home/airflow/.local/lib/python3.12/site-packages/airflow/example_dags/example_sensor_decorator.py
[2024-09-06T05:56:24.264+0000] {processor.py:914} INFO - Processing file /home/airflow/.local/lib/python3.12/site-packages/airflow/example_dags/example_sensor_decorator.py for tasks to queue
[2024-09-06T05:56:24.331+0000] {logging_mixin.py:190} INFO - [2024-09-06T05:56:24.330+0000] {dagbag.py:587} INFO - Filling up the DagBag from /home/airflow/.local/lib/python3.12/site-packages/airflow/example_dags/example_sensor_decorator.py
[2024-09-06T05:56:24.468+0000] {processor.py:925} INFO - DAG(s) 'example_sensor_decorator' retrieved from /home/airflow/.local/lib/python3.12/site-packages/airflow/example_dags/example_sensor_decorator.py
[2024-09-06T05:56:24.663+0000] {logging_mixin.py:190} INFO - [2024-09-06T05:56:24.663+0000] {dag.py:3211} INFO - Sync 1 DAGs
[2024-09-06T05:56:24.815+0000] {logging_mixin.py:190} INFO - [2024-09-06T05:56:24.802+0000] {dag.py:4138} INFO - Setting next_dagrun for example_sensor_decorator to None, run_after=None
[2024-09-06T05:56:24.995+0000] {processor.py:208} INFO - Processing /home/airflow/.local/lib/python3.12/site-packages/airflow/example_dags/example_sensor_decorator.py took 0.860 seconds
[2024-09-06T05:56:55.220+0000] {processor.py:186} INFO - Started process (PID=594) to work on /home/airflow/.local/lib/python3.12/site-packages/airflow/example_dags/example_sensor_decorator.py
[2024-09-06T05:56:55.224+0000] {processor.py:914} INFO - Processing file /home/airflow/.local/lib/python3.12/site-packages/airflow/example_dags/example_sensor_decorator.py for tasks to queue
[2024-09-06T05:56:55.229+0000] {logging_mixin.py:190} INFO - [2024-09-06T05:56:55.229+0000] {dagbag.py:587} INFO - Filling up the DagBag from /home/airflow/.local/lib/python3.12/site-packages/airflow/example_dags/example_sensor_decorator.py
[2024-09-06T05:56:55.246+0000] {processor.py:925} INFO - DAG(s) 'example_sensor_decorator' retrieved from /home/airflow/.local/lib/python3.12/site-packages/airflow/example_dags/example_sensor_decorator.py
[2024-09-06T05:56:55.319+0000] {logging_mixin.py:190} INFO - [2024-09-06T05:56:55.318+0000] {dag.py:3211} INFO - Sync 1 DAGs
[2024-09-06T05:56:55.380+0000] {logging_mixin.py:190} INFO - [2024-09-06T05:56:55.379+0000] {dag.py:4138} INFO - Setting next_dagrun for example_sensor_decorator to None, run_after=None
[2024-09-06T05:56:55.426+0000] {processor.py:208} INFO - Processing /home/airflow/.local/lib/python3.12/site-packages/airflow/example_dags/example_sensor_decorator.py took 0.218 seconds
[2024-09-06T05:57:25.550+0000] {processor.py:186} INFO - Started process (PID=657) to work on /home/airflow/.local/lib/python3.12/site-packages/airflow/example_dags/example_sensor_decorator.py
[2024-09-06T05:57:25.553+0000] {processor.py:914} INFO - Processing file /home/airflow/.local/lib/python3.12/site-packages/airflow/example_dags/example_sensor_decorator.py for tasks to queue
[2024-09-06T05:57:25.559+0000] {logging_mixin.py:190} INFO - [2024-09-06T05:57:25.558+0000] {dagbag.py:587} INFO - Filling up the DagBag from /home/airflow/.local/lib/python3.12/site-packages/airflow/example_dags/example_sensor_decorator.py
[2024-09-06T05:57:25.581+0000] {processor.py:925} INFO - DAG(s) 'example_sensor_decorator' retrieved from /home/airflow/.local/lib/python3.12/site-packages/airflow/example_dags/example_sensor_decorator.py
[2024-09-06T05:57:25.655+0000] {logging_mixin.py:190} INFO - [2024-09-06T05:57:25.655+0000] {dag.py:3211} INFO - Sync 1 DAGs
[2024-09-06T05:57:25.722+0000] {logging_mixin.py:190} INFO - [2024-09-06T05:57:25.721+0000] {dag.py:4138} INFO - Setting next_dagrun for example_sensor_decorator to None, run_after=None
[2024-09-06T05:57:25.804+0000] {processor.py:208} INFO - Processing /home/airflow/.local/lib/python3.12/site-packages/airflow/example_dags/example_sensor_decorator.py took 0.270 seconds
[2024-09-06T05:57:59.227+0000] {processor.py:186} INFO - Started process (PID=721) to work on /home/airflow/.local/lib/python3.12/site-packages/airflow/example_dags/example_sensor_decorator.py
[2024-09-06T05:57:59.232+0000] {processor.py:914} INFO - Processing file /home/airflow/.local/lib/python3.12/site-packages/airflow/example_dags/example_sensor_decorator.py for tasks to queue
[2024-09-06T05:57:59.240+0000] {logging_mixin.py:190} INFO - [2024-09-06T05:57:59.239+0000] {dagbag.py:587} INFO - Filling up the DagBag from /home/airflow/.local/lib/python3.12/site-packages/airflow/example_dags/example_sensor_decorator.py
[2024-09-06T05:57:59.262+0000] {processor.py:925} INFO - DAG(s) 'example_sensor_decorator' retrieved from /home/airflow/.local/lib/python3.12/site-packages/airflow/example_dags/example_sensor_decorator.py
[2024-09-06T05:57:59.327+0000] {logging_mixin.py:190} INFO - [2024-09-06T05:57:59.326+0000] {dag.py:3211} INFO - Sync 1 DAGs
[2024-09-06T05:57:59.399+0000] {logging_mixin.py:190} INFO - [2024-09-06T05:57:59.394+0000] {dag.py:4138} INFO - Setting next_dagrun for example_sensor_decorator to None, run_after=None
[2024-09-06T05:57:59.474+0000] {processor.py:208} INFO - Processing /home/airflow/.local/lib/python3.12/site-packages/airflow/example_dags/example_sensor_decorator.py took 0.265 seconds
[2024-09-06T05:58:32.327+0000] {processor.py:186} INFO - Started process (PID=780) to work on /home/airflow/.local/lib/python3.12/site-packages/airflow/example_dags/example_sensor_decorator.py
[2024-09-06T05:58:32.339+0000] {processor.py:914} INFO - Processing file /home/airflow/.local/lib/python3.12/site-packages/airflow/example_dags/example_sensor_decorator.py for tasks to queue
[2024-09-06T05:58:32.356+0000] {logging_mixin.py:190} INFO - [2024-09-06T05:58:32.348+0000] {dagbag.py:587} INFO - Filling up the DagBag from /home/airflow/.local/lib/python3.12/site-packages/airflow/example_dags/example_sensor_decorator.py
[2024-09-06T05:58:32.410+0000] {processor.py:925} INFO - DAG(s) 'example_sensor_decorator' retrieved from /home/airflow/.local/lib/python3.12/site-packages/airflow/example_dags/example_sensor_decorator.py
[2024-09-06T05:58:32.536+0000] {logging_mixin.py:190} INFO - [2024-09-06T05:58:32.535+0000] {dag.py:3211} INFO - Sync 1 DAGs
[2024-09-06T05:58:32.625+0000] {logging_mixin.py:190} INFO - [2024-09-06T05:58:32.625+0000] {dag.py:4138} INFO - Setting next_dagrun for example_sensor_decorator to None, run_after=None
[2024-09-06T05:58:32.735+0000] {processor.py:208} INFO - Processing /home/airflow/.local/lib/python3.12/site-packages/airflow/example_dags/example_sensor_decorator.py took 0.433 seconds
[2024-09-06T05:59:03.604+0000] {processor.py:186} INFO - Started process (PID=843) to work on /home/airflow/.local/lib/python3.12/site-packages/airflow/example_dags/example_sensor_decorator.py
[2024-09-06T05:59:03.606+0000] {processor.py:914} INFO - Processing file /home/airflow/.local/lib/python3.12/site-packages/airflow/example_dags/example_sensor_decorator.py for tasks to queue
[2024-09-06T05:59:03.612+0000] {logging_mixin.py:190} INFO - [2024-09-06T05:59:03.611+0000] {dagbag.py:587} INFO - Filling up the DagBag from /home/airflow/.local/lib/python3.12/site-packages/airflow/example_dags/example_sensor_decorator.py
[2024-09-06T05:59:03.632+0000] {processor.py:925} INFO - DAG(s) 'example_sensor_decorator' retrieved from /home/airflow/.local/lib/python3.12/site-packages/airflow/example_dags/example_sensor_decorator.py
[2024-09-06T05:59:03.683+0000] {logging_mixin.py:190} INFO - [2024-09-06T05:59:03.682+0000] {dag.py:3211} INFO - Sync 1 DAGs
[2024-09-06T05:59:03.721+0000] {logging_mixin.py:190} INFO - [2024-09-06T05:59:03.721+0000] {dag.py:4138} INFO - Setting next_dagrun for example_sensor_decorator to None, run_after=None
[2024-09-06T05:59:03.766+0000] {processor.py:208} INFO - Processing /home/airflow/.local/lib/python3.12/site-packages/airflow/example_dags/example_sensor_decorator.py took 0.177 seconds
[2024-09-06T05:59:34.615+0000] {processor.py:186} INFO - Started process (PID=906) to work on /home/airflow/.local/lib/python3.12/site-packages/airflow/example_dags/example_sensor_decorator.py
[2024-09-06T05:59:34.625+0000] {processor.py:914} INFO - Processing file /home/airflow/.local/lib/python3.12/site-packages/airflow/example_dags/example_sensor_decorator.py for tasks to queue
[2024-09-06T05:59:34.635+0000] {logging_mixin.py:190} INFO - [2024-09-06T05:59:34.634+0000] {dagbag.py:587} INFO - Filling up the DagBag from /home/airflow/.local/lib/python3.12/site-packages/airflow/example_dags/example_sensor_decorator.py
[2024-09-06T05:59:34.660+0000] {processor.py:925} INFO - DAG(s) 'example_sensor_decorator' retrieved from /home/airflow/.local/lib/python3.12/site-packages/airflow/example_dags/example_sensor_decorator.py
[2024-09-06T05:59:34.753+0000] {logging_mixin.py:190} INFO - [2024-09-06T05:59:34.753+0000] {dag.py:3211} INFO - Sync 1 DAGs
[2024-09-06T05:59:34.802+0000] {logging_mixin.py:190} INFO - [2024-09-06T05:59:34.801+0000] {dag.py:4138} INFO - Setting next_dagrun for example_sensor_decorator to None, run_after=None
[2024-09-06T05:59:34.892+0000] {processor.py:208} INFO - Processing /home/airflow/.local/lib/python3.12/site-packages/airflow/example_dags/example_sensor_decorator.py took 0.318 seconds
[2024-09-06T06:00:05.230+0000] {processor.py:186} INFO - Started process (PID=969) to work on /home/airflow/.local/lib/python3.12/site-packages/airflow/example_dags/example_sensor_decorator.py
[2024-09-06T06:00:05.236+0000] {processor.py:914} INFO - Processing file /home/airflow/.local/lib/python3.12/site-packages/airflow/example_dags/example_sensor_decorator.py for tasks to queue
[2024-09-06T06:00:05.247+0000] {logging_mixin.py:190} INFO - [2024-09-06T06:00:05.243+0000] {dagbag.py:587} INFO - Filling up the DagBag from /home/airflow/.local/lib/python3.12/site-packages/airflow/example_dags/example_sensor_decorator.py
[2024-09-06T06:00:05.296+0000] {processor.py:925} INFO - DAG(s) 'example_sensor_decorator' retrieved from /home/airflow/.local/lib/python3.12/site-packages/airflow/example_dags/example_sensor_decorator.py
[2024-09-06T06:00:05.411+0000] {logging_mixin.py:190} INFO - [2024-09-06T06:00:05.409+0000] {dag.py:3211} INFO - Sync 1 DAGs
[2024-09-06T06:00:05.609+0000] {logging_mixin.py:190} INFO - [2024-09-06T06:00:05.608+0000] {dag.py:4138} INFO - Setting next_dagrun for example_sensor_decorator to None, run_after=None
[2024-09-06T06:00:06.688+0000] {processor.py:208} INFO - Processing /home/airflow/.local/lib/python3.12/site-packages/airflow/example_dags/example_sensor_decorator.py took 1.480 seconds
[2024-09-06T06:01:19.716+0000] {processor.py:186} INFO - Started process (PID=1031) to work on /home/airflow/.local/lib/python3.12/site-packages/airflow/example_dags/example_sensor_decorator.py
[2024-09-06T06:01:19.720+0000] {processor.py:914} INFO - Processing file /home/airflow/.local/lib/python3.12/site-packages/airflow/example_dags/example_sensor_decorator.py for tasks to queue
[2024-09-06T06:01:19.730+0000] {logging_mixin.py:190} INFO - [2024-09-06T06:01:19.729+0000] {dagbag.py:587} INFO - Filling up the DagBag from /home/airflow/.local/lib/python3.12/site-packages/airflow/example_dags/example_sensor_decorator.py
[2024-09-06T06:01:19.777+0000] {processor.py:925} INFO - DAG(s) 'example_sensor_decorator' retrieved from /home/airflow/.local/lib/python3.12/site-packages/airflow/example_dags/example_sensor_decorator.py
[2024-09-06T06:01:19.871+0000] {logging_mixin.py:190} INFO - [2024-09-06T06:01:19.871+0000] {dag.py:3211} INFO - Sync 1 DAGs
[2024-09-06T06:01:19.953+0000] {logging_mixin.py:190} INFO - [2024-09-06T06:01:19.952+0000] {dag.py:4138} INFO - Setting next_dagrun for example_sensor_decorator to None, run_after=None
[2024-09-06T06:01:20.054+0000] {processor.py:208} INFO - Processing /home/airflow/.local/lib/python3.12/site-packages/airflow/example_dags/example_sensor_decorator.py took 0.367 seconds
[2024-09-06T06:01:50.870+0000] {processor.py:186} INFO - Started process (PID=1094) to work on /home/airflow/.local/lib/python3.12/site-packages/airflow/example_dags/example_sensor_decorator.py
[2024-09-06T06:01:50.872+0000] {processor.py:914} INFO - Processing file /home/airflow/.local/lib/python3.12/site-packages/airflow/example_dags/example_sensor_decorator.py for tasks to queue
[2024-09-06T06:01:50.878+0000] {logging_mixin.py:190} INFO - [2024-09-06T06:01:50.877+0000] {dagbag.py:587} INFO - Filling up the DagBag from /home/airflow/.local/lib/python3.12/site-packages/airflow/example_dags/example_sensor_decorator.py
[2024-09-06T06:01:50.896+0000] {processor.py:925} INFO - DAG(s) 'example_sensor_decorator' retrieved from /home/airflow/.local/lib/python3.12/site-packages/airflow/example_dags/example_sensor_decorator.py
[2024-09-06T06:01:50.942+0000] {logging_mixin.py:190} INFO - [2024-09-06T06:01:50.942+0000] {dag.py:3211} INFO - Sync 1 DAGs
[2024-09-06T06:01:50.987+0000] {logging_mixin.py:190} INFO - [2024-09-06T06:01:50.987+0000] {dag.py:4138} INFO - Setting next_dagrun for example_sensor_decorator to None, run_after=None
[2024-09-06T06:01:51.030+0000] {processor.py:208} INFO - Processing /home/airflow/.local/lib/python3.12/site-packages/airflow/example_dags/example_sensor_decorator.py took 0.181 seconds
[2024-09-06T06:02:21.686+0000] {processor.py:186} INFO - Started process (PID=1158) to work on /home/airflow/.local/lib/python3.12/site-packages/airflow/example_dags/example_sensor_decorator.py
[2024-09-06T06:02:21.689+0000] {processor.py:914} INFO - Processing file /home/airflow/.local/lib/python3.12/site-packages/airflow/example_dags/example_sensor_decorator.py for tasks to queue
[2024-09-06T06:02:21.707+0000] {logging_mixin.py:190} INFO - [2024-09-06T06:02:21.696+0000] {dagbag.py:587} INFO - Filling up the DagBag from /home/airflow/.local/lib/python3.12/site-packages/airflow/example_dags/example_sensor_decorator.py
[2024-09-06T06:02:21.763+0000] {processor.py:925} INFO - DAG(s) 'example_sensor_decorator' retrieved from /home/airflow/.local/lib/python3.12/site-packages/airflow/example_dags/example_sensor_decorator.py
[2024-09-06T06:02:21.950+0000] {logging_mixin.py:190} INFO - [2024-09-06T06:02:21.938+0000] {dag.py:3211} INFO - Sync 1 DAGs
[2024-09-06T06:02:22.040+0000] {logging_mixin.py:190} INFO - [2024-09-06T06:02:22.035+0000] {dag.py:4138} INFO - Setting next_dagrun for example_sensor_decorator to None, run_after=None
[2024-09-06T06:02:22.124+0000] {processor.py:208} INFO - Processing /home/airflow/.local/lib/python3.12/site-packages/airflow/example_dags/example_sensor_decorator.py took 0.497 seconds
[2024-09-06T06:02:52.355+0000] {processor.py:186} INFO - Started process (PID=1221) to work on /home/airflow/.local/lib/python3.12/site-packages/airflow/example_dags/example_sensor_decorator.py
[2024-09-06T06:02:52.358+0000] {processor.py:914} INFO - Processing file /home/airflow/.local/lib/python3.12/site-packages/airflow/example_dags/example_sensor_decorator.py for tasks to queue
[2024-09-06T06:02:52.370+0000] {logging_mixin.py:190} INFO - [2024-09-06T06:02:52.369+0000] {dagbag.py:587} INFO - Filling up the DagBag from /home/airflow/.local/lib/python3.12/site-packages/airflow/example_dags/example_sensor_decorator.py
[2024-09-06T06:02:52.399+0000] {processor.py:925} INFO - DAG(s) 'example_sensor_decorator' retrieved from /home/airflow/.local/lib/python3.12/site-packages/airflow/example_dags/example_sensor_decorator.py
[2024-09-06T06:02:52.492+0000] {logging_mixin.py:190} INFO - [2024-09-06T06:02:52.492+0000] {dag.py:3211} INFO - Sync 1 DAGs
[2024-09-06T06:02:52.545+0000] {logging_mixin.py:190} INFO - [2024-09-06T06:02:52.544+0000] {dag.py:4138} INFO - Setting next_dagrun for example_sensor_decorator to None, run_after=None
[2024-09-06T06:02:52.608+0000] {processor.py:208} INFO - Processing /home/airflow/.local/lib/python3.12/site-packages/airflow/example_dags/example_sensor_decorator.py took 0.274 seconds
[2024-09-06T06:03:23.210+0000] {processor.py:186} INFO - Started process (PID=1284) to work on /home/airflow/.local/lib/python3.12/site-packages/airflow/example_dags/example_sensor_decorator.py
[2024-09-06T06:03:23.213+0000] {processor.py:914} INFO - Processing file /home/airflow/.local/lib/python3.12/site-packages/airflow/example_dags/example_sensor_decorator.py for tasks to queue
[2024-09-06T06:03:23.218+0000] {logging_mixin.py:190} INFO - [2024-09-06T06:03:23.217+0000] {dagbag.py:587} INFO - Filling up the DagBag from /home/airflow/.local/lib/python3.12/site-packages/airflow/example_dags/example_sensor_decorator.py
[2024-09-06T06:03:23.234+0000] {processor.py:925} INFO - DAG(s) 'example_sensor_decorator' retrieved from /home/airflow/.local/lib/python3.12/site-packages/airflow/example_dags/example_sensor_decorator.py
[2024-09-06T06:03:23.279+0000] {logging_mixin.py:190} INFO - [2024-09-06T06:03:23.279+0000] {dag.py:3211} INFO - Sync 1 DAGs
[2024-09-06T06:03:23.304+0000] {logging_mixin.py:190} INFO - [2024-09-06T06:03:23.303+0000] {dag.py:4138} INFO - Setting next_dagrun for example_sensor_decorator to None, run_after=None
[2024-09-06T06:03:23.344+0000] {processor.py:208} INFO - Processing /home/airflow/.local/lib/python3.12/site-packages/airflow/example_dags/example_sensor_decorator.py took 0.149 seconds
[2024-09-06T06:03:54.498+0000] {processor.py:186} INFO - Started process (PID=1353) to work on /home/airflow/.local/lib/python3.12/site-packages/airflow/example_dags/example_sensor_decorator.py
[2024-09-06T06:03:54.500+0000] {processor.py:914} INFO - Processing file /home/airflow/.local/lib/python3.12/site-packages/airflow/example_dags/example_sensor_decorator.py for tasks to queue
[2024-09-06T06:03:54.506+0000] {logging_mixin.py:190} INFO - [2024-09-06T06:03:54.505+0000] {dagbag.py:587} INFO - Filling up the DagBag from /home/airflow/.local/lib/python3.12/site-packages/airflow/example_dags/example_sensor_decorator.py
[2024-09-06T06:03:54.524+0000] {processor.py:925} INFO - DAG(s) 'example_sensor_decorator' retrieved from /home/airflow/.local/lib/python3.12/site-packages/airflow/example_dags/example_sensor_decorator.py
[2024-09-06T06:03:54.560+0000] {logging_mixin.py:190} INFO - [2024-09-06T06:03:54.560+0000] {dag.py:3211} INFO - Sync 1 DAGs
[2024-09-06T06:03:54.587+0000] {logging_mixin.py:190} INFO - [2024-09-06T06:03:54.587+0000] {dag.py:4138} INFO - Setting next_dagrun for example_sensor_decorator to None, run_after=None
[2024-09-06T06:03:54.618+0000] {processor.py:208} INFO - Processing /home/airflow/.local/lib/python3.12/site-packages/airflow/example_dags/example_sensor_decorator.py took 0.133 seconds
[2024-09-06T06:04:25.145+0000] {processor.py:186} INFO - Started process (PID=1416) to work on /home/airflow/.local/lib/python3.12/site-packages/airflow/example_dags/example_sensor_decorator.py
[2024-09-06T06:04:25.147+0000] {processor.py:914} INFO - Processing file /home/airflow/.local/lib/python3.12/site-packages/airflow/example_dags/example_sensor_decorator.py for tasks to queue
[2024-09-06T06:04:25.152+0000] {logging_mixin.py:190} INFO - [2024-09-06T06:04:25.152+0000] {dagbag.py:587} INFO - Filling up the DagBag from /home/airflow/.local/lib/python3.12/site-packages/airflow/example_dags/example_sensor_decorator.py
[2024-09-06T06:04:25.169+0000] {processor.py:925} INFO - DAG(s) 'example_sensor_decorator' retrieved from /home/airflow/.local/lib/python3.12/site-packages/airflow/example_dags/example_sensor_decorator.py
[2024-09-06T06:04:25.210+0000] {logging_mixin.py:190} INFO - [2024-09-06T06:04:25.209+0000] {dag.py:3211} INFO - Sync 1 DAGs
[2024-09-06T06:04:25.238+0000] {logging_mixin.py:190} INFO - [2024-09-06T06:04:25.238+0000] {dag.py:4138} INFO - Setting next_dagrun for example_sensor_decorator to None, run_after=None
[2024-09-06T06:04:25.274+0000] {processor.py:208} INFO - Processing /home/airflow/.local/lib/python3.12/site-packages/airflow/example_dags/example_sensor_decorator.py took 0.140 seconds
[2024-09-06T06:04:55.782+0000] {processor.py:186} INFO - Started process (PID=1479) to work on /home/airflow/.local/lib/python3.12/site-packages/airflow/example_dags/example_sensor_decorator.py
[2024-09-06T06:04:55.783+0000] {processor.py:914} INFO - Processing file /home/airflow/.local/lib/python3.12/site-packages/airflow/example_dags/example_sensor_decorator.py for tasks to queue
[2024-09-06T06:04:55.788+0000] {logging_mixin.py:190} INFO - [2024-09-06T06:04:55.787+0000] {dagbag.py:587} INFO - Filling up the DagBag from /home/airflow/.local/lib/python3.12/site-packages/airflow/example_dags/example_sensor_decorator.py
[2024-09-06T06:04:55.802+0000] {processor.py:925} INFO - DAG(s) 'example_sensor_decorator' retrieved from /home/airflow/.local/lib/python3.12/site-packages/airflow/example_dags/example_sensor_decorator.py
[2024-09-06T06:04:55.838+0000] {logging_mixin.py:190} INFO - [2024-09-06T06:04:55.837+0000] {dag.py:3211} INFO - Sync 1 DAGs
[2024-09-06T06:04:55.867+0000] {logging_mixin.py:190} INFO - [2024-09-06T06:04:55.867+0000] {dag.py:4138} INFO - Setting next_dagrun for example_sensor_decorator to None, run_after=None
[2024-09-06T06:04:55.902+0000] {processor.py:208} INFO - Processing /home/airflow/.local/lib/python3.12/site-packages/airflow/example_dags/example_sensor_decorator.py took 0.132 seconds
[2024-09-06T06:05:26.469+0000] {processor.py:186} INFO - Started process (PID=1542) to work on /home/airflow/.local/lib/python3.12/site-packages/airflow/example_dags/example_sensor_decorator.py
[2024-09-06T06:05:26.471+0000] {processor.py:914} INFO - Processing file /home/airflow/.local/lib/python3.12/site-packages/airflow/example_dags/example_sensor_decorator.py for tasks to queue
[2024-09-06T06:05:26.475+0000] {logging_mixin.py:190} INFO - [2024-09-06T06:05:26.475+0000] {dagbag.py:587} INFO - Filling up the DagBag from /home/airflow/.local/lib/python3.12/site-packages/airflow/example_dags/example_sensor_decorator.py
[2024-09-06T06:05:26.489+0000] {processor.py:925} INFO - DAG(s) 'example_sensor_decorator' retrieved from /home/airflow/.local/lib/python3.12/site-packages/airflow/example_dags/example_sensor_decorator.py
[2024-09-06T06:05:26.524+0000] {logging_mixin.py:190} INFO - [2024-09-06T06:05:26.524+0000] {dag.py:3211} INFO - Sync 1 DAGs
[2024-09-06T06:05:26.553+0000] {logging_mixin.py:190} INFO - [2024-09-06T06:05:26.553+0000] {dag.py:4138} INFO - Setting next_dagrun for example_sensor_decorator to None, run_after=None
[2024-09-06T06:05:26.590+0000] {processor.py:208} INFO - Processing /home/airflow/.local/lib/python3.12/site-packages/airflow/example_dags/example_sensor_decorator.py took 0.132 seconds
[2024-09-06T06:05:57.243+0000] {processor.py:186} INFO - Started process (PID=1605) to work on /home/airflow/.local/lib/python3.12/site-packages/airflow/example_dags/example_sensor_decorator.py
[2024-09-06T06:05:57.245+0000] {processor.py:914} INFO - Processing file /home/airflow/.local/lib/python3.12/site-packages/airflow/example_dags/example_sensor_decorator.py for tasks to queue
[2024-09-06T06:05:57.251+0000] {logging_mixin.py:190} INFO - [2024-09-06T06:05:57.250+0000] {dagbag.py:587} INFO - Filling up the DagBag from /home/airflow/.local/lib/python3.12/site-packages/airflow/example_dags/example_sensor_decorator.py
[2024-09-06T06:05:57.271+0000] {processor.py:925} INFO - DAG(s) 'example_sensor_decorator' retrieved from /home/airflow/.local/lib/python3.12/site-packages/airflow/example_dags/example_sensor_decorator.py
[2024-09-06T06:05:57.314+0000] {logging_mixin.py:190} INFO - [2024-09-06T06:05:57.314+0000] {dag.py:3211} INFO - Sync 1 DAGs
[2024-09-06T06:05:57.352+0000] {logging_mixin.py:190} INFO - [2024-09-06T06:05:57.351+0000] {dag.py:4138} INFO - Setting next_dagrun for example_sensor_decorator to None, run_after=None
[2024-09-06T06:05:57.396+0000] {processor.py:208} INFO - Processing /home/airflow/.local/lib/python3.12/site-packages/airflow/example_dags/example_sensor_decorator.py took 0.166 seconds
[2024-09-06T06:06:27.534+0000] {processor.py:186} INFO - Started process (PID=1668) to work on /home/airflow/.local/lib/python3.12/site-packages/airflow/example_dags/example_sensor_decorator.py
[2024-09-06T06:06:27.536+0000] {processor.py:914} INFO - Processing file /home/airflow/.local/lib/python3.12/site-packages/airflow/example_dags/example_sensor_decorator.py for tasks to queue
[2024-09-06T06:06:27.540+0000] {logging_mixin.py:190} INFO - [2024-09-06T06:06:27.540+0000] {dagbag.py:587} INFO - Filling up the DagBag from /home/airflow/.local/lib/python3.12/site-packages/airflow/example_dags/example_sensor_decorator.py
[2024-09-06T06:06:27.556+0000] {processor.py:925} INFO - DAG(s) 'example_sensor_decorator' retrieved from /home/airflow/.local/lib/python3.12/site-packages/airflow/example_dags/example_sensor_decorator.py
[2024-09-06T06:06:27.593+0000] {logging_mixin.py:190} INFO - [2024-09-06T06:06:27.592+0000] {dag.py:3211} INFO - Sync 1 DAGs
[2024-09-06T06:06:27.648+0000] {logging_mixin.py:190} INFO - [2024-09-06T06:06:27.648+0000] {dag.py:4138} INFO - Setting next_dagrun for example_sensor_decorator to None, run_after=None
[2024-09-06T06:06:27.701+0000] {processor.py:208} INFO - Processing /home/airflow/.local/lib/python3.12/site-packages/airflow/example_dags/example_sensor_decorator.py took 0.179 seconds
[2024-09-06T06:06:58.922+0000] {processor.py:186} INFO - Started process (PID=1731) to work on /home/airflow/.local/lib/python3.12/site-packages/airflow/example_dags/example_sensor_decorator.py
[2024-09-06T06:06:58.925+0000] {processor.py:914} INFO - Processing file /home/airflow/.local/lib/python3.12/site-packages/airflow/example_dags/example_sensor_decorator.py for tasks to queue
[2024-09-06T06:06:58.931+0000] {logging_mixin.py:190} INFO - [2024-09-06T06:06:58.930+0000] {dagbag.py:587} INFO - Filling up the DagBag from /home/airflow/.local/lib/python3.12/site-packages/airflow/example_dags/example_sensor_decorator.py
[2024-09-06T06:06:58.954+0000] {processor.py:925} INFO - DAG(s) 'example_sensor_decorator' retrieved from /home/airflow/.local/lib/python3.12/site-packages/airflow/example_dags/example_sensor_decorator.py
[2024-09-06T06:06:59.021+0000] {logging_mixin.py:190} INFO - [2024-09-06T06:06:59.021+0000] {dag.py:3211} INFO - Sync 1 DAGs
[2024-09-06T06:06:59.049+0000] {logging_mixin.py:190} INFO - [2024-09-06T06:06:59.048+0000] {dag.py:4138} INFO - Setting next_dagrun for example_sensor_decorator to None, run_after=None
[2024-09-06T06:06:59.105+0000] {processor.py:208} INFO - Processing /home/airflow/.local/lib/python3.12/site-packages/airflow/example_dags/example_sensor_decorator.py took 0.201 seconds
[2024-09-06T06:07:29.233+0000] {processor.py:186} INFO - Started process (PID=1794) to work on /home/airflow/.local/lib/python3.12/site-packages/airflow/example_dags/example_sensor_decorator.py
[2024-09-06T06:07:29.236+0000] {processor.py:914} INFO - Processing file /home/airflow/.local/lib/python3.12/site-packages/airflow/example_dags/example_sensor_decorator.py for tasks to queue
[2024-09-06T06:07:29.241+0000] {logging_mixin.py:190} INFO - [2024-09-06T06:07:29.240+0000] {dagbag.py:587} INFO - Filling up the DagBag from /home/airflow/.local/lib/python3.12/site-packages/airflow/example_dags/example_sensor_decorator.py
[2024-09-06T06:07:29.256+0000] {processor.py:925} INFO - DAG(s) 'example_sensor_decorator' retrieved from /home/airflow/.local/lib/python3.12/site-packages/airflow/example_dags/example_sensor_decorator.py
[2024-09-06T06:07:29.295+0000] {logging_mixin.py:190} INFO - [2024-09-06T06:07:29.294+0000] {dag.py:3211} INFO - Sync 1 DAGs
[2024-09-06T06:07:29.330+0000] {logging_mixin.py:190} INFO - [2024-09-06T06:07:29.330+0000] {dag.py:4138} INFO - Setting next_dagrun for example_sensor_decorator to None, run_after=None
[2024-09-06T06:07:29.367+0000] {processor.py:208} INFO - Processing /home/airflow/.local/lib/python3.12/site-packages/airflow/example_dags/example_sensor_decorator.py took 0.146 seconds
[2024-09-06T06:08:01.289+0000] {processor.py:186} INFO - Started process (PID=1857) to work on /home/airflow/.local/lib/python3.12/site-packages/airflow/example_dags/example_sensor_decorator.py
[2024-09-06T06:08:01.295+0000] {processor.py:914} INFO - Processing file /home/airflow/.local/lib/python3.12/site-packages/airflow/example_dags/example_sensor_decorator.py for tasks to queue
[2024-09-06T06:08:01.305+0000] {logging_mixin.py:190} INFO - [2024-09-06T06:08:01.305+0000] {dagbag.py:587} INFO - Filling up the DagBag from /home/airflow/.local/lib/python3.12/site-packages/airflow/example_dags/example_sensor_decorator.py
[2024-09-06T06:08:01.355+0000] {processor.py:925} INFO - DAG(s) 'example_sensor_decorator' retrieved from /home/airflow/.local/lib/python3.12/site-packages/airflow/example_dags/example_sensor_decorator.py
[2024-09-06T06:08:01.443+0000] {logging_mixin.py:190} INFO - [2024-09-06T06:08:01.443+0000] {dag.py:3211} INFO - Sync 1 DAGs
[2024-09-06T06:08:01.480+0000] {logging_mixin.py:190} INFO - [2024-09-06T06:08:01.479+0000] {dag.py:4138} INFO - Setting next_dagrun for example_sensor_decorator to None, run_after=None
[2024-09-06T06:08:01.530+0000] {processor.py:208} INFO - Processing /home/airflow/.local/lib/python3.12/site-packages/airflow/example_dags/example_sensor_decorator.py took 0.280 seconds
[2024-09-06T06:08:32.388+0000] {processor.py:186} INFO - Started process (PID=1920) to work on /home/airflow/.local/lib/python3.12/site-packages/airflow/example_dags/example_sensor_decorator.py
[2024-09-06T06:08:32.395+0000] {processor.py:914} INFO - Processing file /home/airflow/.local/lib/python3.12/site-packages/airflow/example_dags/example_sensor_decorator.py for tasks to queue
[2024-09-06T06:08:32.405+0000] {logging_mixin.py:190} INFO - [2024-09-06T06:08:32.404+0000] {dagbag.py:587} INFO - Filling up the DagBag from /home/airflow/.local/lib/python3.12/site-packages/airflow/example_dags/example_sensor_decorator.py
[2024-09-06T06:08:32.443+0000] {processor.py:925} INFO - DAG(s) 'example_sensor_decorator' retrieved from /home/airflow/.local/lib/python3.12/site-packages/airflow/example_dags/example_sensor_decorator.py
[2024-09-06T06:08:32.496+0000] {logging_mixin.py:190} INFO - [2024-09-06T06:08:32.495+0000] {dag.py:3211} INFO - Sync 1 DAGs
[2024-09-06T06:08:32.534+0000] {logging_mixin.py:190} INFO - [2024-09-06T06:08:32.534+0000] {dag.py:4138} INFO - Setting next_dagrun for example_sensor_decorator to None, run_after=None
[2024-09-06T06:08:32.577+0000] {processor.py:208} INFO - Processing /home/airflow/.local/lib/python3.12/site-packages/airflow/example_dags/example_sensor_decorator.py took 0.211 seconds
[2024-09-06T06:09:02.749+0000] {processor.py:186} INFO - Started process (PID=1983) to work on /home/airflow/.local/lib/python3.12/site-packages/airflow/example_dags/example_sensor_decorator.py
[2024-09-06T06:09:02.751+0000] {processor.py:914} INFO - Processing file /home/airflow/.local/lib/python3.12/site-packages/airflow/example_dags/example_sensor_decorator.py for tasks to queue
[2024-09-06T06:09:02.756+0000] {logging_mixin.py:190} INFO - [2024-09-06T06:09:02.756+0000] {dagbag.py:587} INFO - Filling up the DagBag from /home/airflow/.local/lib/python3.12/site-packages/airflow/example_dags/example_sensor_decorator.py
[2024-09-06T06:09:02.775+0000] {processor.py:925} INFO - DAG(s) 'example_sensor_decorator' retrieved from /home/airflow/.local/lib/python3.12/site-packages/airflow/example_dags/example_sensor_decorator.py
[2024-09-06T06:09:02.816+0000] {logging_mixin.py:190} INFO - [2024-09-06T06:09:02.816+0000] {dag.py:3211} INFO - Sync 1 DAGs
[2024-09-06T06:09:02.858+0000] {logging_mixin.py:190} INFO - [2024-09-06T06:09:02.857+0000] {dag.py:4138} INFO - Setting next_dagrun for example_sensor_decorator to None, run_after=None
[2024-09-06T06:09:02.891+0000] {processor.py:208} INFO - Processing /home/airflow/.local/lib/python3.12/site-packages/airflow/example_dags/example_sensor_decorator.py took 0.155 seconds
[2024-09-06T06:09:33.124+0000] {processor.py:186} INFO - Started process (PID=2047) to work on /home/airflow/.local/lib/python3.12/site-packages/airflow/example_dags/example_sensor_decorator.py
[2024-09-06T06:09:33.129+0000] {processor.py:914} INFO - Processing file /home/airflow/.local/lib/python3.12/site-packages/airflow/example_dags/example_sensor_decorator.py for tasks to queue
[2024-09-06T06:09:33.135+0000] {logging_mixin.py:190} INFO - [2024-09-06T06:09:33.134+0000] {dagbag.py:587} INFO - Filling up the DagBag from /home/airflow/.local/lib/python3.12/site-packages/airflow/example_dags/example_sensor_decorator.py
[2024-09-06T06:09:33.159+0000] {processor.py:925} INFO - DAG(s) 'example_sensor_decorator' retrieved from /home/airflow/.local/lib/python3.12/site-packages/airflow/example_dags/example_sensor_decorator.py
[2024-09-06T06:09:33.222+0000] {logging_mixin.py:190} INFO - [2024-09-06T06:09:33.221+0000] {dag.py:3211} INFO - Sync 1 DAGs
[2024-09-06T06:09:33.273+0000] {logging_mixin.py:190} INFO - [2024-09-06T06:09:33.272+0000] {dag.py:4138} INFO - Setting next_dagrun for example_sensor_decorator to None, run_after=None
[2024-09-06T06:09:33.319+0000] {processor.py:208} INFO - Processing /home/airflow/.local/lib/python3.12/site-packages/airflow/example_dags/example_sensor_decorator.py took 0.210 seconds
[2024-09-06T06:10:03.645+0000] {processor.py:186} INFO - Started process (PID=2110) to work on /home/airflow/.local/lib/python3.12/site-packages/airflow/example_dags/example_sensor_decorator.py
[2024-09-06T06:10:03.647+0000] {processor.py:914} INFO - Processing file /home/airflow/.local/lib/python3.12/site-packages/airflow/example_dags/example_sensor_decorator.py for tasks to queue
[2024-09-06T06:10:03.653+0000] {logging_mixin.py:190} INFO - [2024-09-06T06:10:03.652+0000] {dagbag.py:587} INFO - Filling up the DagBag from /home/airflow/.local/lib/python3.12/site-packages/airflow/example_dags/example_sensor_decorator.py
[2024-09-06T06:10:03.671+0000] {processor.py:925} INFO - DAG(s) 'example_sensor_decorator' retrieved from /home/airflow/.local/lib/python3.12/site-packages/airflow/example_dags/example_sensor_decorator.py
[2024-09-06T06:10:03.714+0000] {logging_mixin.py:190} INFO - [2024-09-06T06:10:03.713+0000] {dag.py:3211} INFO - Sync 1 DAGs
[2024-09-06T06:10:03.747+0000] {logging_mixin.py:190} INFO - [2024-09-06T06:10:03.747+0000] {dag.py:4138} INFO - Setting next_dagrun for example_sensor_decorator to None, run_after=None
[2024-09-06T06:10:03.789+0000] {processor.py:208} INFO - Processing /home/airflow/.local/lib/python3.12/site-packages/airflow/example_dags/example_sensor_decorator.py took 0.158 seconds
[2024-09-06T06:10:34.034+0000] {processor.py:186} INFO - Started process (PID=2173) to work on /home/airflow/.local/lib/python3.12/site-packages/airflow/example_dags/example_sensor_decorator.py
[2024-09-06T06:10:34.037+0000] {processor.py:914} INFO - Processing file /home/airflow/.local/lib/python3.12/site-packages/airflow/example_dags/example_sensor_decorator.py for tasks to queue
[2024-09-06T06:10:34.042+0000] {logging_mixin.py:190} INFO - [2024-09-06T06:10:34.041+0000] {dagbag.py:587} INFO - Filling up the DagBag from /home/airflow/.local/lib/python3.12/site-packages/airflow/example_dags/example_sensor_decorator.py
[2024-09-06T06:10:34.059+0000] {processor.py:925} INFO - DAG(s) 'example_sensor_decorator' retrieved from /home/airflow/.local/lib/python3.12/site-packages/airflow/example_dags/example_sensor_decorator.py
[2024-09-06T06:10:34.098+0000] {logging_mixin.py:190} INFO - [2024-09-06T06:10:34.097+0000] {dag.py:3211} INFO - Sync 1 DAGs
[2024-09-06T06:10:34.129+0000] {logging_mixin.py:190} INFO - [2024-09-06T06:10:34.129+0000] {dag.py:4138} INFO - Setting next_dagrun for example_sensor_decorator to None, run_after=None
[2024-09-06T06:10:34.168+0000] {processor.py:208} INFO - Processing /home/airflow/.local/lib/python3.12/site-packages/airflow/example_dags/example_sensor_decorator.py took 0.145 seconds
[2024-09-06T06:11:04.512+0000] {processor.py:186} INFO - Started process (PID=2236) to work on /home/airflow/.local/lib/python3.12/site-packages/airflow/example_dags/example_sensor_decorator.py
[2024-09-06T06:11:04.514+0000] {processor.py:914} INFO - Processing file /home/airflow/.local/lib/python3.12/site-packages/airflow/example_dags/example_sensor_decorator.py for tasks to queue
[2024-09-06T06:11:04.518+0000] {logging_mixin.py:190} INFO - [2024-09-06T06:11:04.518+0000] {dagbag.py:587} INFO - Filling up the DagBag from /home/airflow/.local/lib/python3.12/site-packages/airflow/example_dags/example_sensor_decorator.py
[2024-09-06T06:11:04.533+0000] {processor.py:925} INFO - DAG(s) 'example_sensor_decorator' retrieved from /home/airflow/.local/lib/python3.12/site-packages/airflow/example_dags/example_sensor_decorator.py
[2024-09-06T06:11:04.583+0000] {logging_mixin.py:190} INFO - [2024-09-06T06:11:04.581+0000] {dag.py:3211} INFO - Sync 1 DAGs
[2024-09-06T06:11:04.616+0000] {logging_mixin.py:190} INFO - [2024-09-06T06:11:04.615+0000] {dag.py:4138} INFO - Setting next_dagrun for example_sensor_decorator to None, run_after=None
[2024-09-06T06:11:04.660+0000] {processor.py:208} INFO - Processing /home/airflow/.local/lib/python3.12/site-packages/airflow/example_dags/example_sensor_decorator.py took 0.160 seconds
[2024-09-06T06:11:34.948+0000] {processor.py:186} INFO - Started process (PID=2299) to work on /home/airflow/.local/lib/python3.12/site-packages/airflow/example_dags/example_sensor_decorator.py
[2024-09-06T06:11:34.950+0000] {processor.py:914} INFO - Processing file /home/airflow/.local/lib/python3.12/site-packages/airflow/example_dags/example_sensor_decorator.py for tasks to queue
[2024-09-06T06:11:34.955+0000] {logging_mixin.py:190} INFO - [2024-09-06T06:11:34.954+0000] {dagbag.py:587} INFO - Filling up the DagBag from /home/airflow/.local/lib/python3.12/site-packages/airflow/example_dags/example_sensor_decorator.py
[2024-09-06T06:11:34.971+0000] {processor.py:925} INFO - DAG(s) 'example_sensor_decorator' retrieved from /home/airflow/.local/lib/python3.12/site-packages/airflow/example_dags/example_sensor_decorator.py
[2024-09-06T06:11:35.017+0000] {logging_mixin.py:190} INFO - [2024-09-06T06:11:35.016+0000] {dag.py:3211} INFO - Sync 1 DAGs
[2024-09-06T06:11:35.050+0000] {logging_mixin.py:190} INFO - [2024-09-06T06:11:35.050+0000] {dag.py:4138} INFO - Setting next_dagrun for example_sensor_decorator to None, run_after=None
[2024-09-06T06:11:35.101+0000] {processor.py:208} INFO - Processing /home/airflow/.local/lib/python3.12/site-packages/airflow/example_dags/example_sensor_decorator.py took 0.167 seconds
[2024-09-06T06:12:05.545+0000] {processor.py:186} INFO - Started process (PID=2362) to work on /home/airflow/.local/lib/python3.12/site-packages/airflow/example_dags/example_sensor_decorator.py
[2024-09-06T06:12:05.547+0000] {processor.py:914} INFO - Processing file /home/airflow/.local/lib/python3.12/site-packages/airflow/example_dags/example_sensor_decorator.py for tasks to queue
[2024-09-06T06:12:05.557+0000] {logging_mixin.py:190} INFO - [2024-09-06T06:12:05.555+0000] {dagbag.py:587} INFO - Filling up the DagBag from /home/airflow/.local/lib/python3.12/site-packages/airflow/example_dags/example_sensor_decorator.py
[2024-09-06T06:12:05.582+0000] {processor.py:925} INFO - DAG(s) 'example_sensor_decorator' retrieved from /home/airflow/.local/lib/python3.12/site-packages/airflow/example_dags/example_sensor_decorator.py
[2024-09-06T06:12:05.625+0000] {logging_mixin.py:190} INFO - [2024-09-06T06:12:05.625+0000] {dag.py:3211} INFO - Sync 1 DAGs
[2024-09-06T06:12:05.656+0000] {logging_mixin.py:190} INFO - [2024-09-06T06:12:05.655+0000] {dag.py:4138} INFO - Setting next_dagrun for example_sensor_decorator to None, run_after=None
[2024-09-06T06:12:05.694+0000] {processor.py:208} INFO - Processing /home/airflow/.local/lib/python3.12/site-packages/airflow/example_dags/example_sensor_decorator.py took 0.161 seconds
[2024-09-06T06:12:36.625+0000] {processor.py:186} INFO - Started process (PID=2426) to work on /home/airflow/.local/lib/python3.12/site-packages/airflow/example_dags/example_sensor_decorator.py
[2024-09-06T06:12:36.627+0000] {processor.py:914} INFO - Processing file /home/airflow/.local/lib/python3.12/site-packages/airflow/example_dags/example_sensor_decorator.py for tasks to queue
[2024-09-06T06:12:36.632+0000] {logging_mixin.py:190} INFO - [2024-09-06T06:12:36.631+0000] {dagbag.py:587} INFO - Filling up the DagBag from /home/airflow/.local/lib/python3.12/site-packages/airflow/example_dags/example_sensor_decorator.py
[2024-09-06T06:12:36.653+0000] {processor.py:925} INFO - DAG(s) 'example_sensor_decorator' retrieved from /home/airflow/.local/lib/python3.12/site-packages/airflow/example_dags/example_sensor_decorator.py
[2024-09-06T06:12:36.705+0000] {logging_mixin.py:190} INFO - [2024-09-06T06:12:36.705+0000] {dag.py:3211} INFO - Sync 1 DAGs
[2024-09-06T06:12:36.743+0000] {logging_mixin.py:190} INFO - [2024-09-06T06:12:36.743+0000] {dag.py:4138} INFO - Setting next_dagrun for example_sensor_decorator to None, run_after=None
[2024-09-06T06:12:36.794+0000] {processor.py:208} INFO - Processing /home/airflow/.local/lib/python3.12/site-packages/airflow/example_dags/example_sensor_decorator.py took 0.186 seconds
[2024-09-06T06:13:07.049+0000] {processor.py:186} INFO - Started process (PID=2496) to work on /home/airflow/.local/lib/python3.12/site-packages/airflow/example_dags/example_sensor_decorator.py
[2024-09-06T06:13:07.052+0000] {processor.py:914} INFO - Processing file /home/airflow/.local/lib/python3.12/site-packages/airflow/example_dags/example_sensor_decorator.py for tasks to queue
[2024-09-06T06:13:07.059+0000] {logging_mixin.py:190} INFO - [2024-09-06T06:13:07.058+0000] {dagbag.py:587} INFO - Filling up the DagBag from /home/airflow/.local/lib/python3.12/site-packages/airflow/example_dags/example_sensor_decorator.py
[2024-09-06T06:13:07.089+0000] {processor.py:925} INFO - DAG(s) 'example_sensor_decorator' retrieved from /home/airflow/.local/lib/python3.12/site-packages/airflow/example_dags/example_sensor_decorator.py
[2024-09-06T06:13:07.154+0000] {logging_mixin.py:190} INFO - [2024-09-06T06:13:07.153+0000] {dag.py:3211} INFO - Sync 1 DAGs
[2024-09-06T06:13:07.198+0000] {logging_mixin.py:190} INFO - [2024-09-06T06:13:07.197+0000] {dag.py:4138} INFO - Setting next_dagrun for example_sensor_decorator to None, run_after=None
[2024-09-06T06:13:07.264+0000] {processor.py:208} INFO - Processing /home/airflow/.local/lib/python3.12/site-packages/airflow/example_dags/example_sensor_decorator.py took 0.230 seconds
[2024-09-06T06:13:37.697+0000] {processor.py:186} INFO - Started process (PID=2578) to work on /home/airflow/.local/lib/python3.12/site-packages/airflow/example_dags/example_sensor_decorator.py
[2024-09-06T06:13:37.699+0000] {processor.py:914} INFO - Processing file /home/airflow/.local/lib/python3.12/site-packages/airflow/example_dags/example_sensor_decorator.py for tasks to queue
[2024-09-06T06:13:37.705+0000] {logging_mixin.py:190} INFO - [2024-09-06T06:13:37.704+0000] {dagbag.py:587} INFO - Filling up the DagBag from /home/airflow/.local/lib/python3.12/site-packages/airflow/example_dags/example_sensor_decorator.py
[2024-09-06T06:13:37.720+0000] {processor.py:925} INFO - DAG(s) 'example_sensor_decorator' retrieved from /home/airflow/.local/lib/python3.12/site-packages/airflow/example_dags/example_sensor_decorator.py
[2024-09-06T06:13:37.761+0000] {logging_mixin.py:190} INFO - [2024-09-06T06:13:37.761+0000] {dag.py:3211} INFO - Sync 1 DAGs
[2024-09-06T06:13:37.805+0000] {logging_mixin.py:190} INFO - [2024-09-06T06:13:37.805+0000] {dag.py:4138} INFO - Setting next_dagrun for example_sensor_decorator to None, run_after=None
[2024-09-06T06:13:37.844+0000] {processor.py:208} INFO - Processing /home/airflow/.local/lib/python3.12/site-packages/airflow/example_dags/example_sensor_decorator.py took 0.165 seconds
[2024-09-06T06:14:08.786+0000] {processor.py:186} INFO - Started process (PID=2645) to work on /home/airflow/.local/lib/python3.12/site-packages/airflow/example_dags/example_sensor_decorator.py
[2024-09-06T06:14:08.788+0000] {processor.py:914} INFO - Processing file /home/airflow/.local/lib/python3.12/site-packages/airflow/example_dags/example_sensor_decorator.py for tasks to queue
[2024-09-06T06:14:08.793+0000] {logging_mixin.py:190} INFO - [2024-09-06T06:14:08.793+0000] {dagbag.py:587} INFO - Filling up the DagBag from /home/airflow/.local/lib/python3.12/site-packages/airflow/example_dags/example_sensor_decorator.py
[2024-09-06T06:14:08.809+0000] {processor.py:925} INFO - DAG(s) 'example_sensor_decorator' retrieved from /home/airflow/.local/lib/python3.12/site-packages/airflow/example_dags/example_sensor_decorator.py
[2024-09-06T06:14:08.852+0000] {logging_mixin.py:190} INFO - [2024-09-06T06:14:08.851+0000] {dag.py:3211} INFO - Sync 1 DAGs
[2024-09-06T06:14:08.885+0000] {logging_mixin.py:190} INFO - [2024-09-06T06:14:08.885+0000] {dag.py:4138} INFO - Setting next_dagrun for example_sensor_decorator to None, run_after=None
[2024-09-06T06:14:08.924+0000] {processor.py:208} INFO - Processing /home/airflow/.local/lib/python3.12/site-packages/airflow/example_dags/example_sensor_decorator.py took 0.155 seconds
[2024-09-06T06:14:39.504+0000] {processor.py:186} INFO - Started process (PID=2719) to work on /home/airflow/.local/lib/python3.12/site-packages/airflow/example_dags/example_sensor_decorator.py
[2024-09-06T06:14:39.512+0000] {processor.py:914} INFO - Processing file /home/airflow/.local/lib/python3.12/site-packages/airflow/example_dags/example_sensor_decorator.py for tasks to queue
[2024-09-06T06:14:39.519+0000] {logging_mixin.py:190} INFO - [2024-09-06T06:14:39.517+0000] {dagbag.py:587} INFO - Filling up the DagBag from /home/airflow/.local/lib/python3.12/site-packages/airflow/example_dags/example_sensor_decorator.py
[2024-09-06T06:14:39.560+0000] {processor.py:925} INFO - DAG(s) 'example_sensor_decorator' retrieved from /home/airflow/.local/lib/python3.12/site-packages/airflow/example_dags/example_sensor_decorator.py
[2024-09-06T06:14:39.610+0000] {logging_mixin.py:190} INFO - [2024-09-06T06:14:39.609+0000] {dag.py:3211} INFO - Sync 1 DAGs
[2024-09-06T06:14:39.644+0000] {logging_mixin.py:190} INFO - [2024-09-06T06:14:39.643+0000] {dag.py:4138} INFO - Setting next_dagrun for example_sensor_decorator to None, run_after=None
[2024-09-06T06:14:39.684+0000] {processor.py:208} INFO - Processing /home/airflow/.local/lib/python3.12/site-packages/airflow/example_dags/example_sensor_decorator.py took 0.214 seconds
[2024-09-06T06:15:13.408+0000] {processor.py:186} INFO - Started process (PID=2782) to work on /home/airflow/.local/lib/python3.12/site-packages/airflow/example_dags/example_sensor_decorator.py
[2024-09-06T06:15:13.414+0000] {processor.py:914} INFO - Processing file /home/airflow/.local/lib/python3.12/site-packages/airflow/example_dags/example_sensor_decorator.py for tasks to queue
[2024-09-06T06:15:13.422+0000] {logging_mixin.py:190} INFO - [2024-09-06T06:15:13.421+0000] {dagbag.py:587} INFO - Filling up the DagBag from /home/airflow/.local/lib/python3.12/site-packages/airflow/example_dags/example_sensor_decorator.py
[2024-09-06T06:15:13.446+0000] {processor.py:925} INFO - DAG(s) 'example_sensor_decorator' retrieved from /home/airflow/.local/lib/python3.12/site-packages/airflow/example_dags/example_sensor_decorator.py
[2024-09-06T06:15:13.513+0000] {logging_mixin.py:190} INFO - [2024-09-06T06:15:13.513+0000] {dag.py:3211} INFO - Sync 1 DAGs
[2024-09-06T06:15:13.550+0000] {logging_mixin.py:190} INFO - [2024-09-06T06:15:13.550+0000] {dag.py:4138} INFO - Setting next_dagrun for example_sensor_decorator to None, run_after=None
[2024-09-06T06:15:13.657+0000] {processor.py:208} INFO - Processing /home/airflow/.local/lib/python3.12/site-packages/airflow/example_dags/example_sensor_decorator.py took 0.274 seconds
[2024-09-06T06:15:44.267+0000] {processor.py:186} INFO - Started process (PID=2849) to work on /home/airflow/.local/lib/python3.12/site-packages/airflow/example_dags/example_sensor_decorator.py
[2024-09-06T06:15:44.272+0000] {processor.py:914} INFO - Processing file /home/airflow/.local/lib/python3.12/site-packages/airflow/example_dags/example_sensor_decorator.py for tasks to queue
[2024-09-06T06:15:44.290+0000] {logging_mixin.py:190} INFO - [2024-09-06T06:15:44.289+0000] {dagbag.py:587} INFO - Filling up the DagBag from /home/airflow/.local/lib/python3.12/site-packages/airflow/example_dags/example_sensor_decorator.py
[2024-09-06T06:15:44.341+0000] {processor.py:925} INFO - DAG(s) 'example_sensor_decorator' retrieved from /home/airflow/.local/lib/python3.12/site-packages/airflow/example_dags/example_sensor_decorator.py
[2024-09-06T06:15:44.415+0000] {logging_mixin.py:190} INFO - [2024-09-06T06:15:44.414+0000] {dag.py:3211} INFO - Sync 1 DAGs
[2024-09-06T06:15:44.468+0000] {logging_mixin.py:190} INFO - [2024-09-06T06:15:44.468+0000] {dag.py:4138} INFO - Setting next_dagrun for example_sensor_decorator to None, run_after=None
[2024-09-06T06:15:44.522+0000] {processor.py:208} INFO - Processing /home/airflow/.local/lib/python3.12/site-packages/airflow/example_dags/example_sensor_decorator.py took 0.306 seconds
[2024-09-06T06:16:15.580+0000] {processor.py:186} INFO - Started process (PID=2915) to work on /home/airflow/.local/lib/python3.12/site-packages/airflow/example_dags/example_sensor_decorator.py
[2024-09-06T06:16:15.582+0000] {processor.py:914} INFO - Processing file /home/airflow/.local/lib/python3.12/site-packages/airflow/example_dags/example_sensor_decorator.py for tasks to queue
[2024-09-06T06:16:15.588+0000] {logging_mixin.py:190} INFO - [2024-09-06T06:16:15.587+0000] {dagbag.py:587} INFO - Filling up the DagBag from /home/airflow/.local/lib/python3.12/site-packages/airflow/example_dags/example_sensor_decorator.py
[2024-09-06T06:16:15.606+0000] {processor.py:925} INFO - DAG(s) 'example_sensor_decorator' retrieved from /home/airflow/.local/lib/python3.12/site-packages/airflow/example_dags/example_sensor_decorator.py
[2024-09-06T06:16:15.646+0000] {logging_mixin.py:190} INFO - [2024-09-06T06:16:15.646+0000] {dag.py:3211} INFO - Sync 1 DAGs
[2024-09-06T06:16:15.679+0000] {logging_mixin.py:190} INFO - [2024-09-06T06:16:15.678+0000] {dag.py:4138} INFO - Setting next_dagrun for example_sensor_decorator to None, run_after=None
[2024-09-06T06:16:15.721+0000] {processor.py:208} INFO - Processing /home/airflow/.local/lib/python3.12/site-packages/airflow/example_dags/example_sensor_decorator.py took 0.164 seconds
[2024-09-06T06:16:48.036+0000] {processor.py:186} INFO - Started process (PID=2981) to work on /home/airflow/.local/lib/python3.12/site-packages/airflow/example_dags/example_sensor_decorator.py
[2024-09-06T06:16:48.039+0000] {processor.py:914} INFO - Processing file /home/airflow/.local/lib/python3.12/site-packages/airflow/example_dags/example_sensor_decorator.py for tasks to queue
[2024-09-06T06:16:48.044+0000] {logging_mixin.py:190} INFO - [2024-09-06T06:16:48.043+0000] {dagbag.py:587} INFO - Filling up the DagBag from /home/airflow/.local/lib/python3.12/site-packages/airflow/example_dags/example_sensor_decorator.py
[2024-09-06T06:16:48.061+0000] {processor.py:925} INFO - DAG(s) 'example_sensor_decorator' retrieved from /home/airflow/.local/lib/python3.12/site-packages/airflow/example_dags/example_sensor_decorator.py
[2024-09-06T06:16:48.106+0000] {logging_mixin.py:190} INFO - [2024-09-06T06:16:48.105+0000] {dag.py:3211} INFO - Sync 1 DAGs
[2024-09-06T06:16:48.141+0000] {logging_mixin.py:190} INFO - [2024-09-06T06:16:48.140+0000] {dag.py:4138} INFO - Setting next_dagrun for example_sensor_decorator to None, run_after=None
[2024-09-06T06:16:48.196+0000] {processor.py:208} INFO - Processing /home/airflow/.local/lib/python3.12/site-packages/airflow/example_dags/example_sensor_decorator.py took 0.196 seconds
[2024-09-06T06:17:18.791+0000] {processor.py:186} INFO - Started process (PID=3047) to work on /home/airflow/.local/lib/python3.12/site-packages/airflow/example_dags/example_sensor_decorator.py
[2024-09-06T06:17:18.794+0000] {processor.py:914} INFO - Processing file /home/airflow/.local/lib/python3.12/site-packages/airflow/example_dags/example_sensor_decorator.py for tasks to queue
[2024-09-06T06:17:18.799+0000] {logging_mixin.py:190} INFO - [2024-09-06T06:17:18.798+0000] {dagbag.py:587} INFO - Filling up the DagBag from /home/airflow/.local/lib/python3.12/site-packages/airflow/example_dags/example_sensor_decorator.py
[2024-09-06T06:17:18.814+0000] {processor.py:925} INFO - DAG(s) 'example_sensor_decorator' retrieved from /home/airflow/.local/lib/python3.12/site-packages/airflow/example_dags/example_sensor_decorator.py
[2024-09-06T06:17:18.852+0000] {logging_mixin.py:190} INFO - [2024-09-06T06:17:18.852+0000] {dag.py:3211} INFO - Sync 1 DAGs
[2024-09-06T06:17:18.883+0000] {logging_mixin.py:190} INFO - [2024-09-06T06:17:18.883+0000] {dag.py:4138} INFO - Setting next_dagrun for example_sensor_decorator to None, run_after=None
[2024-09-06T06:17:18.920+0000] {processor.py:208} INFO - Processing /home/airflow/.local/lib/python3.12/site-packages/airflow/example_dags/example_sensor_decorator.py took 0.146 seconds
[2024-09-06T06:17:59.522+0000] {processor.py:186} INFO - Started process (PID=3128) to work on /home/airflow/.local/lib/python3.12/site-packages/airflow/example_dags/example_sensor_decorator.py
[2024-09-06T06:17:59.551+0000] {processor.py:914} INFO - Processing file /home/airflow/.local/lib/python3.12/site-packages/airflow/example_dags/example_sensor_decorator.py for tasks to queue
[2024-09-06T06:17:59.569+0000] {logging_mixin.py:190} INFO - [2024-09-06T06:17:59.568+0000] {dagbag.py:587} INFO - Filling up the DagBag from /home/airflow/.local/lib/python3.12/site-packages/airflow/example_dags/example_sensor_decorator.py
[2024-09-06T06:17:59.692+0000] {processor.py:925} INFO - DAG(s) 'example_sensor_decorator' retrieved from /home/airflow/.local/lib/python3.12/site-packages/airflow/example_dags/example_sensor_decorator.py
[2024-09-06T06:17:59.847+0000] {logging_mixin.py:190} INFO - [2024-09-06T06:17:59.847+0000] {dag.py:3211} INFO - Sync 1 DAGs
[2024-09-06T06:17:59.980+0000] {logging_mixin.py:190} INFO - [2024-09-06T06:17:59.980+0000] {dag.py:4138} INFO - Setting next_dagrun for example_sensor_decorator to None, run_after=None
[2024-09-06T06:18:00.144+0000] {processor.py:208} INFO - Processing /home/airflow/.local/lib/python3.12/site-packages/airflow/example_dags/example_sensor_decorator.py took 0.803 seconds
[2024-09-06T06:18:42.522+0000] {processor.py:186} INFO - Started process (PID=3213) to work on /home/airflow/.local/lib/python3.12/site-packages/airflow/example_dags/example_sensor_decorator.py
[2024-09-06T06:18:42.539+0000] {processor.py:914} INFO - Processing file /home/airflow/.local/lib/python3.12/site-packages/airflow/example_dags/example_sensor_decorator.py for tasks to queue
[2024-09-06T06:18:42.571+0000] {logging_mixin.py:190} INFO - [2024-09-06T06:18:42.568+0000] {dagbag.py:587} INFO - Filling up the DagBag from /home/airflow/.local/lib/python3.12/site-packages/airflow/example_dags/example_sensor_decorator.py
[2024-09-06T06:18:42.623+0000] {processor.py:925} INFO - DAG(s) 'example_sensor_decorator' retrieved from /home/airflow/.local/lib/python3.12/site-packages/airflow/example_dags/example_sensor_decorator.py
[2024-09-06T06:18:42.886+0000] {logging_mixin.py:190} INFO - [2024-09-06T06:18:42.885+0000] {dag.py:3211} INFO - Sync 1 DAGs
[2024-09-06T06:18:43.156+0000] {logging_mixin.py:190} INFO - [2024-09-06T06:18:43.155+0000] {dag.py:4138} INFO - Setting next_dagrun for example_sensor_decorator to None, run_after=None
[2024-09-06T06:18:43.326+0000] {processor.py:208} INFO - Processing /home/airflow/.local/lib/python3.12/site-packages/airflow/example_dags/example_sensor_decorator.py took 0.898 seconds
[2024-09-06T06:19:36.675+0000] {processor.py:186} INFO - Started process (PID=3290) to work on /home/airflow/.local/lib/python3.12/site-packages/airflow/example_dags/example_sensor_decorator.py
[2024-09-06T06:19:36.679+0000] {processor.py:914} INFO - Processing file /home/airflow/.local/lib/python3.12/site-packages/airflow/example_dags/example_sensor_decorator.py for tasks to queue
[2024-09-06T06:19:36.708+0000] {logging_mixin.py:190} INFO - [2024-09-06T06:19:36.706+0000] {dagbag.py:587} INFO - Filling up the DagBag from /home/airflow/.local/lib/python3.12/site-packages/airflow/example_dags/example_sensor_decorator.py
[2024-09-06T06:19:36.842+0000] {processor.py:925} INFO - DAG(s) 'example_sensor_decorator' retrieved from /home/airflow/.local/lib/python3.12/site-packages/airflow/example_dags/example_sensor_decorator.py
[2024-09-06T06:19:37.073+0000] {logging_mixin.py:190} INFO - [2024-09-06T06:19:37.072+0000] {dag.py:3211} INFO - Sync 1 DAGs
[2024-09-06T06:19:37.167+0000] {logging_mixin.py:190} INFO - [2024-09-06T06:19:37.166+0000] {dag.py:4138} INFO - Setting next_dagrun for example_sensor_decorator to None, run_after=None
[2024-09-06T06:19:37.274+0000] {processor.py:208} INFO - Processing /home/airflow/.local/lib/python3.12/site-packages/airflow/example_dags/example_sensor_decorator.py took 0.675 seconds
