[2024-09-06T05:52:48.032+0000] {processor.py:186} INFO - Started process (PID=103) to work on /home/airflow/.local/lib/python3.12/site-packages/airflow/example_dags/example_python_decorator.py
[2024-09-06T05:52:48.038+0000] {processor.py:914} INFO - Processing file /home/airflow/.local/lib/python3.12/site-packages/airflow/example_dags/example_python_decorator.py for tasks to queue
[2024-09-06T05:52:48.047+0000] {logging_mixin.py:190} INFO - [2024-09-06T05:52:48.044+0000] {dagbag.py:587} INFO - Filling up the DagBag from /home/airflow/.local/lib/python3.12/site-packages/airflow/example_dags/example_python_decorator.py
[2024-09-06T05:52:48.132+0000] {processor.py:925} INFO - DAG(s) 'example_python_decorator' retrieved from /home/airflow/.local/lib/python3.12/site-packages/airflow/example_dags/example_python_decorator.py
[2024-09-06T05:52:48.462+0000] {logging_mixin.py:190} INFO - [2024-09-06T05:52:48.461+0000] {dag.py:3211} INFO - Sync 1 DAGs
[2024-09-06T05:52:48.509+0000] {logging_mixin.py:190} INFO - [2024-09-06T05:52:48.508+0000] {dag.py:4138} INFO - Setting next_dagrun for example_python_decorator to None, run_after=None
[2024-09-06T05:52:48.599+0000] {processor.py:208} INFO - Processing /home/airflow/.local/lib/python3.12/site-packages/airflow/example_dags/example_python_decorator.py took 0.583 seconds
[2024-09-06T05:53:22.496+0000] {processor.py:186} INFO - Started process (PID=172) to work on /home/airflow/.local/lib/python3.12/site-packages/airflow/example_dags/example_python_decorator.py
[2024-09-06T05:53:22.499+0000] {processor.py:914} INFO - Processing file /home/airflow/.local/lib/python3.12/site-packages/airflow/example_dags/example_python_decorator.py for tasks to queue
[2024-09-06T05:53:22.505+0000] {logging_mixin.py:190} INFO - [2024-09-06T05:53:22.504+0000] {dagbag.py:587} INFO - Filling up the DagBag from /home/airflow/.local/lib/python3.12/site-packages/airflow/example_dags/example_python_decorator.py
[2024-09-06T05:53:22.549+0000] {processor.py:925} INFO - DAG(s) 'example_python_decorator' retrieved from /home/airflow/.local/lib/python3.12/site-packages/airflow/example_dags/example_python_decorator.py
[2024-09-06T05:53:22.612+0000] {logging_mixin.py:190} INFO - [2024-09-06T05:53:22.612+0000] {dag.py:3211} INFO - Sync 1 DAGs
[2024-09-06T05:53:22.672+0000] {logging_mixin.py:190} INFO - [2024-09-06T05:53:22.671+0000] {dag.py:4138} INFO - Setting next_dagrun for example_python_decorator to None, run_after=None
[2024-09-06T05:53:22.736+0000] {processor.py:208} INFO - Processing /home/airflow/.local/lib/python3.12/site-packages/airflow/example_dags/example_python_decorator.py took 0.256 seconds
[2024-09-06T05:53:54.463+0000] {processor.py:186} INFO - Started process (PID=235) to work on /home/airflow/.local/lib/python3.12/site-packages/airflow/example_dags/example_python_decorator.py
[2024-09-06T05:53:54.466+0000] {processor.py:914} INFO - Processing file /home/airflow/.local/lib/python3.12/site-packages/airflow/example_dags/example_python_decorator.py for tasks to queue
[2024-09-06T05:53:54.476+0000] {logging_mixin.py:190} INFO - [2024-09-06T05:53:54.474+0000] {dagbag.py:587} INFO - Filling up the DagBag from /home/airflow/.local/lib/python3.12/site-packages/airflow/example_dags/example_python_decorator.py
[2024-09-06T05:53:54.556+0000] {processor.py:925} INFO - DAG(s) 'example_python_decorator' retrieved from /home/airflow/.local/lib/python3.12/site-packages/airflow/example_dags/example_python_decorator.py
[2024-09-06T05:53:54.685+0000] {logging_mixin.py:190} INFO - [2024-09-06T05:53:54.673+0000] {dag.py:3211} INFO - Sync 1 DAGs
[2024-09-06T05:53:54.760+0000] {logging_mixin.py:190} INFO - [2024-09-06T05:53:54.760+0000] {dag.py:4138} INFO - Setting next_dagrun for example_python_decorator to None, run_after=None
[2024-09-06T05:53:54.846+0000] {processor.py:208} INFO - Processing /home/airflow/.local/lib/python3.12/site-packages/airflow/example_dags/example_python_decorator.py took 0.409 seconds
[2024-09-06T05:54:27.908+0000] {processor.py:186} INFO - Started process (PID=297) to work on /home/airflow/.local/lib/python3.12/site-packages/airflow/example_dags/example_python_decorator.py
[2024-09-06T05:54:27.925+0000] {processor.py:914} INFO - Processing file /home/airflow/.local/lib/python3.12/site-packages/airflow/example_dags/example_python_decorator.py for tasks to queue
[2024-09-06T05:54:27.953+0000] {logging_mixin.py:190} INFO - [2024-09-06T05:54:27.943+0000] {dagbag.py:587} INFO - Filling up the DagBag from /home/airflow/.local/lib/python3.12/site-packages/airflow/example_dags/example_python_decorator.py
[2024-09-06T05:54:28.055+0000] {processor.py:925} INFO - DAG(s) 'example_python_decorator' retrieved from /home/airflow/.local/lib/python3.12/site-packages/airflow/example_dags/example_python_decorator.py
[2024-09-06T05:54:28.176+0000] {logging_mixin.py:190} INFO - [2024-09-06T05:54:28.176+0000] {dag.py:3211} INFO - Sync 1 DAGs
[2024-09-06T05:54:28.245+0000] {logging_mixin.py:190} INFO - [2024-09-06T05:54:28.245+0000] {dag.py:4138} INFO - Setting next_dagrun for example_python_decorator to None, run_after=None
[2024-09-06T05:54:28.420+0000] {processor.py:208} INFO - Processing /home/airflow/.local/lib/python3.12/site-packages/airflow/example_dags/example_python_decorator.py took 0.544 seconds
[2024-09-06T05:54:59.020+0000] {processor.py:186} INFO - Started process (PID=360) to work on /home/airflow/.local/lib/python3.12/site-packages/airflow/example_dags/example_python_decorator.py
[2024-09-06T05:54:59.033+0000] {processor.py:914} INFO - Processing file /home/airflow/.local/lib/python3.12/site-packages/airflow/example_dags/example_python_decorator.py for tasks to queue
[2024-09-06T05:54:59.039+0000] {logging_mixin.py:190} INFO - [2024-09-06T05:54:59.038+0000] {dagbag.py:587} INFO - Filling up the DagBag from /home/airflow/.local/lib/python3.12/site-packages/airflow/example_dags/example_python_decorator.py
[2024-09-06T05:54:59.118+0000] {processor.py:925} INFO - DAG(s) 'example_python_decorator' retrieved from /home/airflow/.local/lib/python3.12/site-packages/airflow/example_dags/example_python_decorator.py
[2024-09-06T05:54:59.296+0000] {logging_mixin.py:190} INFO - [2024-09-06T05:54:59.296+0000] {dag.py:3211} INFO - Sync 1 DAGs
[2024-09-06T05:54:59.406+0000] {logging_mixin.py:190} INFO - [2024-09-06T05:54:59.405+0000] {dag.py:4138} INFO - Setting next_dagrun for example_python_decorator to None, run_after=None
[2024-09-06T05:54:59.503+0000] {processor.py:208} INFO - Processing /home/airflow/.local/lib/python3.12/site-packages/airflow/example_dags/example_python_decorator.py took 0.514 seconds
[2024-09-06T05:55:29.952+0000] {processor.py:186} INFO - Started process (PID=423) to work on /home/airflow/.local/lib/python3.12/site-packages/airflow/example_dags/example_python_decorator.py
[2024-09-06T05:55:29.954+0000] {processor.py:914} INFO - Processing file /home/airflow/.local/lib/python3.12/site-packages/airflow/example_dags/example_python_decorator.py for tasks to queue
[2024-09-06T05:55:29.960+0000] {logging_mixin.py:190} INFO - [2024-09-06T05:55:29.959+0000] {dagbag.py:587} INFO - Filling up the DagBag from /home/airflow/.local/lib/python3.12/site-packages/airflow/example_dags/example_python_decorator.py
[2024-09-06T05:55:29.998+0000] {processor.py:925} INFO - DAG(s) 'example_python_decorator' retrieved from /home/airflow/.local/lib/python3.12/site-packages/airflow/example_dags/example_python_decorator.py
[2024-09-06T05:55:30.068+0000] {logging_mixin.py:190} INFO - [2024-09-06T05:55:30.067+0000] {dag.py:3211} INFO - Sync 1 DAGs
[2024-09-06T05:55:30.119+0000] {logging_mixin.py:190} INFO - [2024-09-06T05:55:30.119+0000] {dag.py:4138} INFO - Setting next_dagrun for example_python_decorator to None, run_after=None
[2024-09-06T05:55:30.171+0000] {processor.py:208} INFO - Processing /home/airflow/.local/lib/python3.12/site-packages/airflow/example_dags/example_python_decorator.py took 0.249 seconds
[2024-09-06T05:56:02.617+0000] {processor.py:186} INFO - Started process (PID=486) to work on /home/airflow/.local/lib/python3.12/site-packages/airflow/example_dags/example_python_decorator.py
[2024-09-06T05:56:02.623+0000] {processor.py:914} INFO - Processing file /home/airflow/.local/lib/python3.12/site-packages/airflow/example_dags/example_python_decorator.py for tasks to queue
[2024-09-06T05:56:02.631+0000] {logging_mixin.py:190} INFO - [2024-09-06T05:56:02.630+0000] {dagbag.py:587} INFO - Filling up the DagBag from /home/airflow/.local/lib/python3.12/site-packages/airflow/example_dags/example_python_decorator.py
[2024-09-06T05:56:02.715+0000] {processor.py:925} INFO - DAG(s) 'example_python_decorator' retrieved from /home/airflow/.local/lib/python3.12/site-packages/airflow/example_dags/example_python_decorator.py
[2024-09-06T05:56:02.839+0000] {logging_mixin.py:190} INFO - [2024-09-06T05:56:02.828+0000] {dag.py:3211} INFO - Sync 1 DAGs
[2024-09-06T05:56:02.887+0000] {logging_mixin.py:190} INFO - [2024-09-06T05:56:02.887+0000] {dag.py:4138} INFO - Setting next_dagrun for example_python_decorator to None, run_after=None
[2024-09-06T05:56:02.985+0000] {processor.py:208} INFO - Processing /home/airflow/.local/lib/python3.12/site-packages/airflow/example_dags/example_python_decorator.py took 0.388 seconds
[2024-09-06T05:56:38.787+0000] {processor.py:186} INFO - Started process (PID=550) to work on /home/airflow/.local/lib/python3.12/site-packages/airflow/example_dags/example_python_decorator.py
[2024-09-06T05:56:38.876+0000] {processor.py:914} INFO - Processing file /home/airflow/.local/lib/python3.12/site-packages/airflow/example_dags/example_python_decorator.py for tasks to queue
[2024-09-06T05:56:38.913+0000] {logging_mixin.py:190} INFO - [2024-09-06T05:56:38.912+0000] {dagbag.py:587} INFO - Filling up the DagBag from /home/airflow/.local/lib/python3.12/site-packages/airflow/example_dags/example_python_decorator.py
[2024-09-06T05:56:39.078+0000] {processor.py:925} INFO - DAG(s) 'example_python_decorator' retrieved from /home/airflow/.local/lib/python3.12/site-packages/airflow/example_dags/example_python_decorator.py
[2024-09-06T05:56:39.383+0000] {logging_mixin.py:190} INFO - [2024-09-06T05:56:39.382+0000] {dag.py:3211} INFO - Sync 1 DAGs
[2024-09-06T05:56:39.591+0000] {logging_mixin.py:190} INFO - [2024-09-06T05:56:39.590+0000] {dag.py:4138} INFO - Setting next_dagrun for example_python_decorator to None, run_after=None
[2024-09-06T05:56:39.878+0000] {processor.py:208} INFO - Processing /home/airflow/.local/lib/python3.12/site-packages/airflow/example_dags/example_python_decorator.py took 1.123 seconds
[2024-09-06T05:57:10.424+0000] {processor.py:186} INFO - Started process (PID=613) to work on /home/airflow/.local/lib/python3.12/site-packages/airflow/example_dags/example_python_decorator.py
[2024-09-06T05:57:10.427+0000] {processor.py:914} INFO - Processing file /home/airflow/.local/lib/python3.12/site-packages/airflow/example_dags/example_python_decorator.py for tasks to queue
[2024-09-06T05:57:10.433+0000] {logging_mixin.py:190} INFO - [2024-09-06T05:57:10.432+0000] {dagbag.py:587} INFO - Filling up the DagBag from /home/airflow/.local/lib/python3.12/site-packages/airflow/example_dags/example_python_decorator.py
[2024-09-06T05:57:10.474+0000] {processor.py:925} INFO - DAG(s) 'example_python_decorator' retrieved from /home/airflow/.local/lib/python3.12/site-packages/airflow/example_dags/example_python_decorator.py
[2024-09-06T05:57:10.533+0000] {logging_mixin.py:190} INFO - [2024-09-06T05:57:10.532+0000] {dag.py:3211} INFO - Sync 1 DAGs
[2024-09-06T05:57:10.586+0000] {logging_mixin.py:190} INFO - [2024-09-06T05:57:10.586+0000] {dag.py:4138} INFO - Setting next_dagrun for example_python_decorator to None, run_after=None
[2024-09-06T05:57:10.655+0000] {processor.py:208} INFO - Processing /home/airflow/.local/lib/python3.12/site-packages/airflow/example_dags/example_python_decorator.py took 0.247 seconds
[2024-09-06T05:57:41.454+0000] {processor.py:186} INFO - Started process (PID=676) to work on /home/airflow/.local/lib/python3.12/site-packages/airflow/example_dags/example_python_decorator.py
[2024-09-06T05:57:41.473+0000] {processor.py:914} INFO - Processing file /home/airflow/.local/lib/python3.12/site-packages/airflow/example_dags/example_python_decorator.py for tasks to queue
[2024-09-06T05:57:41.554+0000] {logging_mixin.py:190} INFO - [2024-09-06T05:57:41.546+0000] {dagbag.py:587} INFO - Filling up the DagBag from /home/airflow/.local/lib/python3.12/site-packages/airflow/example_dags/example_python_decorator.py
[2024-09-06T05:57:41.797+0000] {processor.py:925} INFO - DAG(s) 'example_python_decorator' retrieved from /home/airflow/.local/lib/python3.12/site-packages/airflow/example_dags/example_python_decorator.py
[2024-09-06T05:57:42.078+0000] {logging_mixin.py:190} INFO - [2024-09-06T05:57:42.078+0000] {dag.py:3211} INFO - Sync 1 DAGs
[2024-09-06T05:57:42.296+0000] {logging_mixin.py:190} INFO - [2024-09-06T05:57:42.296+0000] {dag.py:4138} INFO - Setting next_dagrun for example_python_decorator to None, run_after=None
[2024-09-06T05:57:42.428+0000] {processor.py:208} INFO - Processing /home/airflow/.local/lib/python3.12/site-packages/airflow/example_dags/example_python_decorator.py took 1.071 seconds
[2024-09-06T05:58:13.110+0000] {processor.py:186} INFO - Started process (PID=740) to work on /home/airflow/.local/lib/python3.12/site-packages/airflow/example_dags/example_python_decorator.py
[2024-09-06T05:58:13.112+0000] {processor.py:914} INFO - Processing file /home/airflow/.local/lib/python3.12/site-packages/airflow/example_dags/example_python_decorator.py for tasks to queue
[2024-09-06T05:58:13.119+0000] {logging_mixin.py:190} INFO - [2024-09-06T05:58:13.118+0000] {dagbag.py:587} INFO - Filling up the DagBag from /home/airflow/.local/lib/python3.12/site-packages/airflow/example_dags/example_python_decorator.py
[2024-09-06T05:58:13.153+0000] {processor.py:925} INFO - DAG(s) 'example_python_decorator' retrieved from /home/airflow/.local/lib/python3.12/site-packages/airflow/example_dags/example_python_decorator.py
[2024-09-06T05:58:13.208+0000] {logging_mixin.py:190} INFO - [2024-09-06T05:58:13.208+0000] {dag.py:3211} INFO - Sync 1 DAGs
[2024-09-06T05:58:13.242+0000] {logging_mixin.py:190} INFO - [2024-09-06T05:58:13.242+0000] {dag.py:4138} INFO - Setting next_dagrun for example_python_decorator to None, run_after=None
[2024-09-06T05:58:13.295+0000] {processor.py:208} INFO - Processing /home/airflow/.local/lib/python3.12/site-packages/airflow/example_dags/example_python_decorator.py took 0.202 seconds
[2024-09-06T05:58:43.613+0000] {processor.py:186} INFO - Started process (PID=803) to work on /home/airflow/.local/lib/python3.12/site-packages/airflow/example_dags/example_python_decorator.py
[2024-09-06T05:58:43.615+0000] {processor.py:914} INFO - Processing file /home/airflow/.local/lib/python3.12/site-packages/airflow/example_dags/example_python_decorator.py for tasks to queue
[2024-09-06T05:58:43.621+0000] {logging_mixin.py:190} INFO - [2024-09-06T05:58:43.620+0000] {dagbag.py:587} INFO - Filling up the DagBag from /home/airflow/.local/lib/python3.12/site-packages/airflow/example_dags/example_python_decorator.py
[2024-09-06T05:58:43.661+0000] {processor.py:925} INFO - DAG(s) 'example_python_decorator' retrieved from /home/airflow/.local/lib/python3.12/site-packages/airflow/example_dags/example_python_decorator.py
[2024-09-06T05:58:43.708+0000] {logging_mixin.py:190} INFO - [2024-09-06T05:58:43.708+0000] {dag.py:3211} INFO - Sync 1 DAGs
[2024-09-06T05:58:43.738+0000] {logging_mixin.py:190} INFO - [2024-09-06T05:58:43.737+0000] {dag.py:4138} INFO - Setting next_dagrun for example_python_decorator to None, run_after=None
[2024-09-06T05:58:43.778+0000] {processor.py:208} INFO - Processing /home/airflow/.local/lib/python3.12/site-packages/airflow/example_dags/example_python_decorator.py took 0.181 seconds
[2024-09-06T05:59:13.914+0000] {processor.py:186} INFO - Started process (PID=866) to work on /home/airflow/.local/lib/python3.12/site-packages/airflow/example_dags/example_python_decorator.py
[2024-09-06T05:59:13.916+0000] {processor.py:914} INFO - Processing file /home/airflow/.local/lib/python3.12/site-packages/airflow/example_dags/example_python_decorator.py for tasks to queue
[2024-09-06T05:59:13.922+0000] {logging_mixin.py:190} INFO - [2024-09-06T05:59:13.921+0000] {dagbag.py:587} INFO - Filling up the DagBag from /home/airflow/.local/lib/python3.12/site-packages/airflow/example_dags/example_python_decorator.py
[2024-09-06T05:59:13.965+0000] {processor.py:925} INFO - DAG(s) 'example_python_decorator' retrieved from /home/airflow/.local/lib/python3.12/site-packages/airflow/example_dags/example_python_decorator.py
[2024-09-06T05:59:14.036+0000] {logging_mixin.py:190} INFO - [2024-09-06T05:59:14.036+0000] {dag.py:3211} INFO - Sync 1 DAGs
[2024-09-06T05:59:14.082+0000] {logging_mixin.py:190} INFO - [2024-09-06T05:59:14.082+0000] {dag.py:4138} INFO - Setting next_dagrun for example_python_decorator to None, run_after=None
[2024-09-06T05:59:14.145+0000] {processor.py:208} INFO - Processing /home/airflow/.local/lib/python3.12/site-packages/airflow/example_dags/example_python_decorator.py took 0.244 seconds
[2024-09-06T05:59:44.441+0000] {processor.py:186} INFO - Started process (PID=929) to work on /home/airflow/.local/lib/python3.12/site-packages/airflow/example_dags/example_python_decorator.py
[2024-09-06T05:59:44.443+0000] {processor.py:914} INFO - Processing file /home/airflow/.local/lib/python3.12/site-packages/airflow/example_dags/example_python_decorator.py for tasks to queue
[2024-09-06T05:59:44.449+0000] {logging_mixin.py:190} INFO - [2024-09-06T05:59:44.448+0000] {dagbag.py:587} INFO - Filling up the DagBag from /home/airflow/.local/lib/python3.12/site-packages/airflow/example_dags/example_python_decorator.py
[2024-09-06T05:59:44.492+0000] {processor.py:925} INFO - DAG(s) 'example_python_decorator' retrieved from /home/airflow/.local/lib/python3.12/site-packages/airflow/example_dags/example_python_decorator.py
[2024-09-06T05:59:44.556+0000] {logging_mixin.py:190} INFO - [2024-09-06T05:59:44.556+0000] {dag.py:3211} INFO - Sync 1 DAGs
[2024-09-06T05:59:44.593+0000] {logging_mixin.py:190} INFO - [2024-09-06T05:59:44.592+0000] {dag.py:4138} INFO - Setting next_dagrun for example_python_decorator to None, run_after=None
[2024-09-06T05:59:44.644+0000] {processor.py:208} INFO - Processing /home/airflow/.local/lib/python3.12/site-packages/airflow/example_dags/example_python_decorator.py took 0.219 seconds
[2024-09-06T06:00:36.944+0000] {processor.py:186} INFO - Started process (PID=998) to work on /home/airflow/.local/lib/python3.12/site-packages/airflow/example_dags/example_python_decorator.py
[2024-09-06T06:00:36.948+0000] {processor.py:914} INFO - Processing file /home/airflow/.local/lib/python3.12/site-packages/airflow/example_dags/example_python_decorator.py for tasks to queue
[2024-09-06T06:00:36.975+0000] {logging_mixin.py:190} INFO - [2024-09-06T06:00:36.974+0000] {dagbag.py:587} INFO - Filling up the DagBag from /home/airflow/.local/lib/python3.12/site-packages/airflow/example_dags/example_python_decorator.py
[2024-09-06T06:00:37.091+0000] {processor.py:925} INFO - DAG(s) 'example_python_decorator' retrieved from /home/airflow/.local/lib/python3.12/site-packages/airflow/example_dags/example_python_decorator.py
[2024-09-06T06:00:37.349+0000] {logging_mixin.py:190} INFO - [2024-09-06T06:00:37.349+0000] {dag.py:3211} INFO - Sync 1 DAGs
[2024-09-06T06:00:49.873+0000] {logging_mixin.py:190} INFO - [2024-09-06T06:00:49.873+0000] {dag.py:4138} INFO - Setting next_dagrun for example_python_decorator to None, run_after=None
[2024-09-06T06:00:50.155+0000] {processor.py:208} INFO - Processing /home/airflow/.local/lib/python3.12/site-packages/airflow/example_dags/example_python_decorator.py took 13.250 seconds
[2024-09-06T06:01:29.839+0000] {processor.py:186} INFO - Started process (PID=1066) to work on /home/airflow/.local/lib/python3.12/site-packages/airflow/example_dags/example_python_decorator.py
[2024-09-06T06:01:29.860+0000] {processor.py:914} INFO - Processing file /home/airflow/.local/lib/python3.12/site-packages/airflow/example_dags/example_python_decorator.py for tasks to queue
[2024-09-06T06:01:29.868+0000] {logging_mixin.py:190} INFO - [2024-09-06T06:01:29.867+0000] {dagbag.py:587} INFO - Filling up the DagBag from /home/airflow/.local/lib/python3.12/site-packages/airflow/example_dags/example_python_decorator.py
[2024-09-06T06:01:29.967+0000] {processor.py:925} INFO - DAG(s) 'example_python_decorator' retrieved from /home/airflow/.local/lib/python3.12/site-packages/airflow/example_dags/example_python_decorator.py
[2024-09-06T06:01:30.133+0000] {logging_mixin.py:190} INFO - [2024-09-06T06:01:30.133+0000] {dag.py:3211} INFO - Sync 1 DAGs
[2024-09-06T06:01:30.249+0000] {logging_mixin.py:190} INFO - [2024-09-06T06:01:30.248+0000] {dag.py:4138} INFO - Setting next_dagrun for example_python_decorator to None, run_after=None
[2024-09-06T06:01:30.383+0000] {processor.py:208} INFO - Processing /home/airflow/.local/lib/python3.12/site-packages/airflow/example_dags/example_python_decorator.py took 0.567 seconds
[2024-09-06T06:02:00.762+0000] {processor.py:186} INFO - Started process (PID=1128) to work on /home/airflow/.local/lib/python3.12/site-packages/airflow/example_dags/example_python_decorator.py
[2024-09-06T06:02:00.766+0000] {processor.py:914} INFO - Processing file /home/airflow/.local/lib/python3.12/site-packages/airflow/example_dags/example_python_decorator.py for tasks to queue
[2024-09-06T06:02:00.776+0000] {logging_mixin.py:190} INFO - [2024-09-06T06:02:00.774+0000] {dagbag.py:587} INFO - Filling up the DagBag from /home/airflow/.local/lib/python3.12/site-packages/airflow/example_dags/example_python_decorator.py
[2024-09-06T06:02:00.856+0000] {processor.py:925} INFO - DAG(s) 'example_python_decorator' retrieved from /home/airflow/.local/lib/python3.12/site-packages/airflow/example_dags/example_python_decorator.py
[2024-09-06T06:02:01.043+0000] {logging_mixin.py:190} INFO - [2024-09-06T06:02:01.042+0000] {dag.py:3211} INFO - Sync 1 DAGs
[2024-09-06T06:02:01.118+0000] {logging_mixin.py:190} INFO - [2024-09-06T06:02:01.118+0000] {dag.py:4138} INFO - Setting next_dagrun for example_python_decorator to None, run_after=None
[2024-09-06T06:02:01.190+0000] {processor.py:208} INFO - Processing /home/airflow/.local/lib/python3.12/site-packages/airflow/example_dags/example_python_decorator.py took 0.461 seconds
[2024-09-06T06:02:32.226+0000] {processor.py:186} INFO - Started process (PID=1189) to work on /home/airflow/.local/lib/python3.12/site-packages/airflow/example_dags/example_python_decorator.py
[2024-09-06T06:02:32.229+0000] {processor.py:914} INFO - Processing file /home/airflow/.local/lib/python3.12/site-packages/airflow/example_dags/example_python_decorator.py for tasks to queue
[2024-09-06T06:02:32.235+0000] {logging_mixin.py:190} INFO - [2024-09-06T06:02:32.234+0000] {dagbag.py:587} INFO - Filling up the DagBag from /home/airflow/.local/lib/python3.12/site-packages/airflow/example_dags/example_python_decorator.py
[2024-09-06T06:02:32.269+0000] {processor.py:925} INFO - DAG(s) 'example_python_decorator' retrieved from /home/airflow/.local/lib/python3.12/site-packages/airflow/example_dags/example_python_decorator.py
[2024-09-06T06:02:32.325+0000] {logging_mixin.py:190} INFO - [2024-09-06T06:02:32.324+0000] {dag.py:3211} INFO - Sync 1 DAGs
[2024-09-06T06:02:32.403+0000] {logging_mixin.py:190} INFO - [2024-09-06T06:02:32.403+0000] {dag.py:4138} INFO - Setting next_dagrun for example_python_decorator to None, run_after=None
[2024-09-06T06:02:32.482+0000] {processor.py:208} INFO - Processing /home/airflow/.local/lib/python3.12/site-packages/airflow/example_dags/example_python_decorator.py took 0.271 seconds
[2024-09-06T06:03:03.910+0000] {processor.py:186} INFO - Started process (PID=1252) to work on /home/airflow/.local/lib/python3.12/site-packages/airflow/example_dags/example_python_decorator.py
[2024-09-06T06:03:03.913+0000] {processor.py:914} INFO - Processing file /home/airflow/.local/lib/python3.12/site-packages/airflow/example_dags/example_python_decorator.py for tasks to queue
[2024-09-06T06:03:03.919+0000] {logging_mixin.py:190} INFO - [2024-09-06T06:03:03.918+0000] {dagbag.py:587} INFO - Filling up the DagBag from /home/airflow/.local/lib/python3.12/site-packages/airflow/example_dags/example_python_decorator.py
[2024-09-06T06:03:03.958+0000] {processor.py:925} INFO - DAG(s) 'example_python_decorator' retrieved from /home/airflow/.local/lib/python3.12/site-packages/airflow/example_dags/example_python_decorator.py
[2024-09-06T06:03:04.023+0000] {logging_mixin.py:190} INFO - [2024-09-06T06:03:04.022+0000] {dag.py:3211} INFO - Sync 1 DAGs
[2024-09-06T06:03:04.064+0000] {logging_mixin.py:190} INFO - [2024-09-06T06:03:04.063+0000] {dag.py:4138} INFO - Setting next_dagrun for example_python_decorator to None, run_after=None
[2024-09-06T06:03:04.119+0000] {processor.py:208} INFO - Processing /home/airflow/.local/lib/python3.12/site-packages/airflow/example_dags/example_python_decorator.py took 0.223 seconds
[2024-09-06T06:03:34.527+0000] {processor.py:186} INFO - Started process (PID=1315) to work on /home/airflow/.local/lib/python3.12/site-packages/airflow/example_dags/example_python_decorator.py
[2024-09-06T06:03:34.529+0000] {processor.py:914} INFO - Processing file /home/airflow/.local/lib/python3.12/site-packages/airflow/example_dags/example_python_decorator.py for tasks to queue
[2024-09-06T06:03:34.535+0000] {logging_mixin.py:190} INFO - [2024-09-06T06:03:34.534+0000] {dagbag.py:587} INFO - Filling up the DagBag from /home/airflow/.local/lib/python3.12/site-packages/airflow/example_dags/example_python_decorator.py
[2024-09-06T06:03:34.576+0000] {processor.py:925} INFO - DAG(s) 'example_python_decorator' retrieved from /home/airflow/.local/lib/python3.12/site-packages/airflow/example_dags/example_python_decorator.py
[2024-09-06T06:03:34.634+0000] {logging_mixin.py:190} INFO - [2024-09-06T06:03:34.633+0000] {dag.py:3211} INFO - Sync 1 DAGs
[2024-09-06T06:03:34.679+0000] {logging_mixin.py:190} INFO - [2024-09-06T06:03:34.678+0000] {dag.py:4138} INFO - Setting next_dagrun for example_python_decorator to None, run_after=None
[2024-09-06T06:03:34.734+0000] {processor.py:208} INFO - Processing /home/airflow/.local/lib/python3.12/site-packages/airflow/example_dags/example_python_decorator.py took 0.241 seconds
[2024-09-06T06:04:05.050+0000] {processor.py:186} INFO - Started process (PID=1375) to work on /home/airflow/.local/lib/python3.12/site-packages/airflow/example_dags/example_python_decorator.py
[2024-09-06T06:04:05.065+0000] {processor.py:914} INFO - Processing file /home/airflow/.local/lib/python3.12/site-packages/airflow/example_dags/example_python_decorator.py for tasks to queue
[2024-09-06T06:04:05.073+0000] {logging_mixin.py:190} INFO - [2024-09-06T06:04:05.070+0000] {dagbag.py:587} INFO - Filling up the DagBag from /home/airflow/.local/lib/python3.12/site-packages/airflow/example_dags/example_python_decorator.py
[2024-09-06T06:04:05.121+0000] {processor.py:925} INFO - DAG(s) 'example_python_decorator' retrieved from /home/airflow/.local/lib/python3.12/site-packages/airflow/example_dags/example_python_decorator.py
[2024-09-06T06:04:05.173+0000] {logging_mixin.py:190} INFO - [2024-09-06T06:04:05.173+0000] {dag.py:3211} INFO - Sync 1 DAGs
[2024-09-06T06:04:05.213+0000] {logging_mixin.py:190} INFO - [2024-09-06T06:04:05.212+0000] {dag.py:4138} INFO - Setting next_dagrun for example_python_decorator to None, run_after=None
[2024-09-06T06:04:05.260+0000] {processor.py:208} INFO - Processing /home/airflow/.local/lib/python3.12/site-packages/airflow/example_dags/example_python_decorator.py took 0.248 seconds
[2024-09-06T06:04:35.575+0000] {processor.py:186} INFO - Started process (PID=1439) to work on /home/airflow/.local/lib/python3.12/site-packages/airflow/example_dags/example_python_decorator.py
[2024-09-06T06:04:35.578+0000] {processor.py:914} INFO - Processing file /home/airflow/.local/lib/python3.12/site-packages/airflow/example_dags/example_python_decorator.py for tasks to queue
[2024-09-06T06:04:35.583+0000] {logging_mixin.py:190} INFO - [2024-09-06T06:04:35.582+0000] {dagbag.py:587} INFO - Filling up the DagBag from /home/airflow/.local/lib/python3.12/site-packages/airflow/example_dags/example_python_decorator.py
[2024-09-06T06:04:35.615+0000] {processor.py:925} INFO - DAG(s) 'example_python_decorator' retrieved from /home/airflow/.local/lib/python3.12/site-packages/airflow/example_dags/example_python_decorator.py
[2024-09-06T06:04:35.681+0000] {logging_mixin.py:190} INFO - [2024-09-06T06:04:35.681+0000] {dag.py:3211} INFO - Sync 1 DAGs
[2024-09-06T06:04:35.712+0000] {logging_mixin.py:190} INFO - [2024-09-06T06:04:35.711+0000] {dag.py:4138} INFO - Setting next_dagrun for example_python_decorator to None, run_after=None
[2024-09-06T06:04:35.749+0000] {processor.py:208} INFO - Processing /home/airflow/.local/lib/python3.12/site-packages/airflow/example_dags/example_python_decorator.py took 0.187 seconds
[2024-09-06T06:05:06.350+0000] {processor.py:186} INFO - Started process (PID=1501) to work on /home/airflow/.local/lib/python3.12/site-packages/airflow/example_dags/example_python_decorator.py
[2024-09-06T06:05:06.355+0000] {processor.py:914} INFO - Processing file /home/airflow/.local/lib/python3.12/site-packages/airflow/example_dags/example_python_decorator.py for tasks to queue
[2024-09-06T06:05:06.363+0000] {logging_mixin.py:190} INFO - [2024-09-06T06:05:06.362+0000] {dagbag.py:587} INFO - Filling up the DagBag from /home/airflow/.local/lib/python3.12/site-packages/airflow/example_dags/example_python_decorator.py
[2024-09-06T06:05:06.399+0000] {processor.py:925} INFO - DAG(s) 'example_python_decorator' retrieved from /home/airflow/.local/lib/python3.12/site-packages/airflow/example_dags/example_python_decorator.py
[2024-09-06T06:05:06.440+0000] {logging_mixin.py:190} INFO - [2024-09-06T06:05:06.440+0000] {dag.py:3211} INFO - Sync 1 DAGs
[2024-09-06T06:05:06.468+0000] {logging_mixin.py:190} INFO - [2024-09-06T06:05:06.468+0000] {dag.py:4138} INFO - Setting next_dagrun for example_python_decorator to None, run_after=None
[2024-09-06T06:05:06.503+0000] {processor.py:208} INFO - Processing /home/airflow/.local/lib/python3.12/site-packages/airflow/example_dags/example_python_decorator.py took 0.191 seconds
[2024-09-06T06:05:36.737+0000] {processor.py:186} INFO - Started process (PID=1564) to work on /home/airflow/.local/lib/python3.12/site-packages/airflow/example_dags/example_python_decorator.py
[2024-09-06T06:05:36.739+0000] {processor.py:914} INFO - Processing file /home/airflow/.local/lib/python3.12/site-packages/airflow/example_dags/example_python_decorator.py for tasks to queue
[2024-09-06T06:05:36.748+0000] {logging_mixin.py:190} INFO - [2024-09-06T06:05:36.747+0000] {dagbag.py:587} INFO - Filling up the DagBag from /home/airflow/.local/lib/python3.12/site-packages/airflow/example_dags/example_python_decorator.py
[2024-09-06T06:05:36.787+0000] {processor.py:925} INFO - DAG(s) 'example_python_decorator' retrieved from /home/airflow/.local/lib/python3.12/site-packages/airflow/example_dags/example_python_decorator.py
[2024-09-06T06:05:36.834+0000] {logging_mixin.py:190} INFO - [2024-09-06T06:05:36.834+0000] {dag.py:3211} INFO - Sync 1 DAGs
[2024-09-06T06:05:36.891+0000] {logging_mixin.py:190} INFO - [2024-09-06T06:05:36.890+0000] {dag.py:4138} INFO - Setting next_dagrun for example_python_decorator to None, run_after=None
[2024-09-06T06:05:36.947+0000] {processor.py:208} INFO - Processing /home/airflow/.local/lib/python3.12/site-packages/airflow/example_dags/example_python_decorator.py took 0.226 seconds
[2024-09-06T06:06:07.524+0000] {processor.py:186} INFO - Started process (PID=1627) to work on /home/airflow/.local/lib/python3.12/site-packages/airflow/example_dags/example_python_decorator.py
[2024-09-06T06:06:07.528+0000] {processor.py:914} INFO - Processing file /home/airflow/.local/lib/python3.12/site-packages/airflow/example_dags/example_python_decorator.py for tasks to queue
[2024-09-06T06:06:07.536+0000] {logging_mixin.py:190} INFO - [2024-09-06T06:06:07.535+0000] {dagbag.py:587} INFO - Filling up the DagBag from /home/airflow/.local/lib/python3.12/site-packages/airflow/example_dags/example_python_decorator.py
[2024-09-06T06:06:07.573+0000] {processor.py:925} INFO - DAG(s) 'example_python_decorator' retrieved from /home/airflow/.local/lib/python3.12/site-packages/airflow/example_dags/example_python_decorator.py
[2024-09-06T06:06:07.616+0000] {logging_mixin.py:190} INFO - [2024-09-06T06:06:07.615+0000] {dag.py:3211} INFO - Sync 1 DAGs
[2024-09-06T06:06:07.649+0000] {logging_mixin.py:190} INFO - [2024-09-06T06:06:07.649+0000] {dag.py:4138} INFO - Setting next_dagrun for example_python_decorator to None, run_after=None
[2024-09-06T06:06:07.693+0000] {processor.py:208} INFO - Processing /home/airflow/.local/lib/python3.12/site-packages/airflow/example_dags/example_python_decorator.py took 0.203 seconds
[2024-09-06T06:06:38.408+0000] {processor.py:186} INFO - Started process (PID=1690) to work on /home/airflow/.local/lib/python3.12/site-packages/airflow/example_dags/example_python_decorator.py
[2024-09-06T06:06:38.413+0000] {processor.py:914} INFO - Processing file /home/airflow/.local/lib/python3.12/site-packages/airflow/example_dags/example_python_decorator.py for tasks to queue
[2024-09-06T06:06:38.422+0000] {logging_mixin.py:190} INFO - [2024-09-06T06:06:38.421+0000] {dagbag.py:587} INFO - Filling up the DagBag from /home/airflow/.local/lib/python3.12/site-packages/airflow/example_dags/example_python_decorator.py
[2024-09-06T06:06:38.451+0000] {processor.py:925} INFO - DAG(s) 'example_python_decorator' retrieved from /home/airflow/.local/lib/python3.12/site-packages/airflow/example_dags/example_python_decorator.py
[2024-09-06T06:06:38.491+0000] {logging_mixin.py:190} INFO - [2024-09-06T06:06:38.491+0000] {dag.py:3211} INFO - Sync 1 DAGs
[2024-09-06T06:06:38.521+0000] {logging_mixin.py:190} INFO - [2024-09-06T06:06:38.521+0000] {dag.py:4138} INFO - Setting next_dagrun for example_python_decorator to None, run_after=None
[2024-09-06T06:06:38.557+0000] {processor.py:208} INFO - Processing /home/airflow/.local/lib/python3.12/site-packages/airflow/example_dags/example_python_decorator.py took 0.177 seconds
[2024-09-06T06:07:08.640+0000] {processor.py:186} INFO - Started process (PID=1753) to work on /home/airflow/.local/lib/python3.12/site-packages/airflow/example_dags/example_python_decorator.py
[2024-09-06T06:07:08.642+0000] {processor.py:914} INFO - Processing file /home/airflow/.local/lib/python3.12/site-packages/airflow/example_dags/example_python_decorator.py for tasks to queue
[2024-09-06T06:07:08.647+0000] {logging_mixin.py:190} INFO - [2024-09-06T06:07:08.646+0000] {dagbag.py:587} INFO - Filling up the DagBag from /home/airflow/.local/lib/python3.12/site-packages/airflow/example_dags/example_python_decorator.py
[2024-09-06T06:07:08.679+0000] {processor.py:925} INFO - DAG(s) 'example_python_decorator' retrieved from /home/airflow/.local/lib/python3.12/site-packages/airflow/example_dags/example_python_decorator.py
[2024-09-06T06:07:08.730+0000] {logging_mixin.py:190} INFO - [2024-09-06T06:07:08.730+0000] {dag.py:3211} INFO - Sync 1 DAGs
[2024-09-06T06:07:08.766+0000] {logging_mixin.py:190} INFO - [2024-09-06T06:07:08.765+0000] {dag.py:4138} INFO - Setting next_dagrun for example_python_decorator to None, run_after=None
[2024-09-06T06:07:08.811+0000] {processor.py:208} INFO - Processing /home/airflow/.local/lib/python3.12/site-packages/airflow/example_dags/example_python_decorator.py took 0.183 seconds
[2024-09-06T06:07:39.392+0000] {processor.py:186} INFO - Started process (PID=1816) to work on /home/airflow/.local/lib/python3.12/site-packages/airflow/example_dags/example_python_decorator.py
[2024-09-06T06:07:39.394+0000] {processor.py:914} INFO - Processing file /home/airflow/.local/lib/python3.12/site-packages/airflow/example_dags/example_python_decorator.py for tasks to queue
[2024-09-06T06:07:39.399+0000] {logging_mixin.py:190} INFO - [2024-09-06T06:07:39.398+0000] {dagbag.py:587} INFO - Filling up the DagBag from /home/airflow/.local/lib/python3.12/site-packages/airflow/example_dags/example_python_decorator.py
[2024-09-06T06:07:39.427+0000] {processor.py:925} INFO - DAG(s) 'example_python_decorator' retrieved from /home/airflow/.local/lib/python3.12/site-packages/airflow/example_dags/example_python_decorator.py
[2024-09-06T06:07:39.467+0000] {logging_mixin.py:190} INFO - [2024-09-06T06:07:39.467+0000] {dag.py:3211} INFO - Sync 1 DAGs
[2024-09-06T06:07:39.495+0000] {logging_mixin.py:190} INFO - [2024-09-06T06:07:39.495+0000] {dag.py:4138} INFO - Setting next_dagrun for example_python_decorator to None, run_after=None
[2024-09-06T06:07:39.534+0000] {processor.py:208} INFO - Processing /home/airflow/.local/lib/python3.12/site-packages/airflow/example_dags/example_python_decorator.py took 0.155 seconds
[2024-09-06T06:08:09.943+0000] {processor.py:186} INFO - Started process (PID=1879) to work on /home/airflow/.local/lib/python3.12/site-packages/airflow/example_dags/example_python_decorator.py
[2024-09-06T06:08:09.945+0000] {processor.py:914} INFO - Processing file /home/airflow/.local/lib/python3.12/site-packages/airflow/example_dags/example_python_decorator.py for tasks to queue
[2024-09-06T06:08:09.959+0000] {logging_mixin.py:190} INFO - [2024-09-06T06:08:09.959+0000] {dagbag.py:587} INFO - Filling up the DagBag from /home/airflow/.local/lib/python3.12/site-packages/airflow/example_dags/example_python_decorator.py
[2024-09-06T06:08:10.001+0000] {processor.py:925} INFO - DAG(s) 'example_python_decorator' retrieved from /home/airflow/.local/lib/python3.12/site-packages/airflow/example_dags/example_python_decorator.py
[2024-09-06T06:08:10.046+0000] {logging_mixin.py:190} INFO - [2024-09-06T06:08:10.045+0000] {dag.py:3211} INFO - Sync 1 DAGs
[2024-09-06T06:08:10.083+0000] {logging_mixin.py:190} INFO - [2024-09-06T06:08:10.083+0000] {dag.py:4138} INFO - Setting next_dagrun for example_python_decorator to None, run_after=None
[2024-09-06T06:08:10.125+0000] {processor.py:208} INFO - Processing /home/airflow/.local/lib/python3.12/site-packages/airflow/example_dags/example_python_decorator.py took 0.206 seconds
[2024-09-06T06:08:40.460+0000] {processor.py:186} INFO - Started process (PID=1942) to work on /home/airflow/.local/lib/python3.12/site-packages/airflow/example_dags/example_python_decorator.py
[2024-09-06T06:08:40.463+0000] {processor.py:914} INFO - Processing file /home/airflow/.local/lib/python3.12/site-packages/airflow/example_dags/example_python_decorator.py for tasks to queue
[2024-09-06T06:08:40.471+0000] {logging_mixin.py:190} INFO - [2024-09-06T06:08:40.470+0000] {dagbag.py:587} INFO - Filling up the DagBag from /home/airflow/.local/lib/python3.12/site-packages/airflow/example_dags/example_python_decorator.py
[2024-09-06T06:08:40.507+0000] {processor.py:925} INFO - DAG(s) 'example_python_decorator' retrieved from /home/airflow/.local/lib/python3.12/site-packages/airflow/example_dags/example_python_decorator.py
[2024-09-06T06:08:40.553+0000] {logging_mixin.py:190} INFO - [2024-09-06T06:08:40.552+0000] {dag.py:3211} INFO - Sync 1 DAGs
[2024-09-06T06:08:40.582+0000] {logging_mixin.py:190} INFO - [2024-09-06T06:08:40.582+0000] {dag.py:4138} INFO - Setting next_dagrun for example_python_decorator to None, run_after=None
[2024-09-06T06:08:40.618+0000] {processor.py:208} INFO - Processing /home/airflow/.local/lib/python3.12/site-packages/airflow/example_dags/example_python_decorator.py took 0.176 seconds
[2024-09-06T06:09:11.015+0000] {processor.py:186} INFO - Started process (PID=2005) to work on /home/airflow/.local/lib/python3.12/site-packages/airflow/example_dags/example_python_decorator.py
[2024-09-06T06:09:11.019+0000] {processor.py:914} INFO - Processing file /home/airflow/.local/lib/python3.12/site-packages/airflow/example_dags/example_python_decorator.py for tasks to queue
[2024-09-06T06:09:11.026+0000] {logging_mixin.py:190} INFO - [2024-09-06T06:09:11.025+0000] {dagbag.py:587} INFO - Filling up the DagBag from /home/airflow/.local/lib/python3.12/site-packages/airflow/example_dags/example_python_decorator.py
[2024-09-06T06:09:11.061+0000] {processor.py:925} INFO - DAG(s) 'example_python_decorator' retrieved from /home/airflow/.local/lib/python3.12/site-packages/airflow/example_dags/example_python_decorator.py
[2024-09-06T06:09:11.103+0000] {logging_mixin.py:190} INFO - [2024-09-06T06:09:11.102+0000] {dag.py:3211} INFO - Sync 1 DAGs
[2024-09-06T06:09:11.131+0000] {logging_mixin.py:190} INFO - [2024-09-06T06:09:11.131+0000] {dag.py:4138} INFO - Setting next_dagrun for example_python_decorator to None, run_after=None
[2024-09-06T06:09:11.169+0000] {processor.py:208} INFO - Processing /home/airflow/.local/lib/python3.12/site-packages/airflow/example_dags/example_python_decorator.py took 0.169 seconds
[2024-09-06T06:09:41.991+0000] {processor.py:186} INFO - Started process (PID=2069) to work on /home/airflow/.local/lib/python3.12/site-packages/airflow/example_dags/example_python_decorator.py
[2024-09-06T06:09:41.999+0000] {processor.py:914} INFO - Processing file /home/airflow/.local/lib/python3.12/site-packages/airflow/example_dags/example_python_decorator.py for tasks to queue
[2024-09-06T06:09:42.010+0000] {logging_mixin.py:190} INFO - [2024-09-06T06:09:42.009+0000] {dagbag.py:587} INFO - Filling up the DagBag from /home/airflow/.local/lib/python3.12/site-packages/airflow/example_dags/example_python_decorator.py
[2024-09-06T06:09:42.056+0000] {processor.py:925} INFO - DAG(s) 'example_python_decorator' retrieved from /home/airflow/.local/lib/python3.12/site-packages/airflow/example_dags/example_python_decorator.py
[2024-09-06T06:09:42.104+0000] {logging_mixin.py:190} INFO - [2024-09-06T06:09:42.103+0000] {dag.py:3211} INFO - Sync 1 DAGs
[2024-09-06T06:09:42.135+0000] {logging_mixin.py:190} INFO - [2024-09-06T06:09:42.134+0000] {dag.py:4138} INFO - Setting next_dagrun for example_python_decorator to None, run_after=None
[2024-09-06T06:09:42.173+0000] {processor.py:208} INFO - Processing /home/airflow/.local/lib/python3.12/site-packages/airflow/example_dags/example_python_decorator.py took 0.223 seconds
[2024-09-06T06:10:12.480+0000] {processor.py:186} INFO - Started process (PID=2132) to work on /home/airflow/.local/lib/python3.12/site-packages/airflow/example_dags/example_python_decorator.py
[2024-09-06T06:10:12.483+0000] {processor.py:914} INFO - Processing file /home/airflow/.local/lib/python3.12/site-packages/airflow/example_dags/example_python_decorator.py for tasks to queue
[2024-09-06T06:10:12.491+0000] {logging_mixin.py:190} INFO - [2024-09-06T06:10:12.490+0000] {dagbag.py:587} INFO - Filling up the DagBag from /home/airflow/.local/lib/python3.12/site-packages/airflow/example_dags/example_python_decorator.py
[2024-09-06T06:10:12.529+0000] {processor.py:925} INFO - DAG(s) 'example_python_decorator' retrieved from /home/airflow/.local/lib/python3.12/site-packages/airflow/example_dags/example_python_decorator.py
[2024-09-06T06:10:12.582+0000] {logging_mixin.py:190} INFO - [2024-09-06T06:10:12.581+0000] {dag.py:3211} INFO - Sync 1 DAGs
[2024-09-06T06:10:12.613+0000] {logging_mixin.py:190} INFO - [2024-09-06T06:10:12.613+0000] {dag.py:4138} INFO - Setting next_dagrun for example_python_decorator to None, run_after=None
[2024-09-06T06:10:12.653+0000] {processor.py:208} INFO - Processing /home/airflow/.local/lib/python3.12/site-packages/airflow/example_dags/example_python_decorator.py took 0.189 seconds
[2024-09-06T06:10:42.744+0000] {processor.py:186} INFO - Started process (PID=2195) to work on /home/airflow/.local/lib/python3.12/site-packages/airflow/example_dags/example_python_decorator.py
[2024-09-06T06:10:42.746+0000] {processor.py:914} INFO - Processing file /home/airflow/.local/lib/python3.12/site-packages/airflow/example_dags/example_python_decorator.py for tasks to queue
[2024-09-06T06:10:42.752+0000] {logging_mixin.py:190} INFO - [2024-09-06T06:10:42.751+0000] {dagbag.py:587} INFO - Filling up the DagBag from /home/airflow/.local/lib/python3.12/site-packages/airflow/example_dags/example_python_decorator.py
[2024-09-06T06:10:42.786+0000] {processor.py:925} INFO - DAG(s) 'example_python_decorator' retrieved from /home/airflow/.local/lib/python3.12/site-packages/airflow/example_dags/example_python_decorator.py
[2024-09-06T06:10:42.835+0000] {logging_mixin.py:190} INFO - [2024-09-06T06:10:42.834+0000] {dag.py:3211} INFO - Sync 1 DAGs
[2024-09-06T06:10:42.866+0000] {logging_mixin.py:190} INFO - [2024-09-06T06:10:42.866+0000] {dag.py:4138} INFO - Setting next_dagrun for example_python_decorator to None, run_after=None
[2024-09-06T06:10:42.906+0000] {processor.py:208} INFO - Processing /home/airflow/.local/lib/python3.12/site-packages/airflow/example_dags/example_python_decorator.py took 0.177 seconds
[2024-09-06T06:11:13.485+0000] {processor.py:186} INFO - Started process (PID=2258) to work on /home/airflow/.local/lib/python3.12/site-packages/airflow/example_dags/example_python_decorator.py
[2024-09-06T06:11:13.487+0000] {processor.py:914} INFO - Processing file /home/airflow/.local/lib/python3.12/site-packages/airflow/example_dags/example_python_decorator.py for tasks to queue
[2024-09-06T06:11:13.495+0000] {logging_mixin.py:190} INFO - [2024-09-06T06:11:13.493+0000] {dagbag.py:587} INFO - Filling up the DagBag from /home/airflow/.local/lib/python3.12/site-packages/airflow/example_dags/example_python_decorator.py
[2024-09-06T06:11:13.539+0000] {processor.py:925} INFO - DAG(s) 'example_python_decorator' retrieved from /home/airflow/.local/lib/python3.12/site-packages/airflow/example_dags/example_python_decorator.py
[2024-09-06T06:11:13.614+0000] {logging_mixin.py:190} INFO - [2024-09-06T06:11:13.613+0000] {dag.py:3211} INFO - Sync 1 DAGs
[2024-09-06T06:11:13.675+0000] {logging_mixin.py:190} INFO - [2024-09-06T06:11:13.675+0000] {dag.py:4138} INFO - Setting next_dagrun for example_python_decorator to None, run_after=None
[2024-09-06T06:11:13.816+0000] {processor.py:208} INFO - Processing /home/airflow/.local/lib/python3.12/site-packages/airflow/example_dags/example_python_decorator.py took 0.352 seconds
[2024-09-06T06:11:44.175+0000] {processor.py:186} INFO - Started process (PID=2321) to work on /home/airflow/.local/lib/python3.12/site-packages/airflow/example_dags/example_python_decorator.py
[2024-09-06T06:11:44.177+0000] {processor.py:914} INFO - Processing file /home/airflow/.local/lib/python3.12/site-packages/airflow/example_dags/example_python_decorator.py for tasks to queue
[2024-09-06T06:11:44.182+0000] {logging_mixin.py:190} INFO - [2024-09-06T06:11:44.182+0000] {dagbag.py:587} INFO - Filling up the DagBag from /home/airflow/.local/lib/python3.12/site-packages/airflow/example_dags/example_python_decorator.py
[2024-09-06T06:11:44.213+0000] {processor.py:925} INFO - DAG(s) 'example_python_decorator' retrieved from /home/airflow/.local/lib/python3.12/site-packages/airflow/example_dags/example_python_decorator.py
[2024-09-06T06:11:44.256+0000] {logging_mixin.py:190} INFO - [2024-09-06T06:11:44.255+0000] {dag.py:3211} INFO - Sync 1 DAGs
[2024-09-06T06:11:44.288+0000] {logging_mixin.py:190} INFO - [2024-09-06T06:11:44.287+0000] {dag.py:4138} INFO - Setting next_dagrun for example_python_decorator to None, run_after=None
[2024-09-06T06:11:44.323+0000] {processor.py:208} INFO - Processing /home/airflow/.local/lib/python3.12/site-packages/airflow/example_dags/example_python_decorator.py took 0.160 seconds
[2024-09-06T06:12:14.480+0000] {processor.py:186} INFO - Started process (PID=2383) to work on /home/airflow/.local/lib/python3.12/site-packages/airflow/example_dags/example_python_decorator.py
[2024-09-06T06:12:14.482+0000] {processor.py:914} INFO - Processing file /home/airflow/.local/lib/python3.12/site-packages/airflow/example_dags/example_python_decorator.py for tasks to queue
[2024-09-06T06:12:14.486+0000] {logging_mixin.py:190} INFO - [2024-09-06T06:12:14.486+0000] {dagbag.py:587} INFO - Filling up the DagBag from /home/airflow/.local/lib/python3.12/site-packages/airflow/example_dags/example_python_decorator.py
[2024-09-06T06:12:14.514+0000] {processor.py:925} INFO - DAG(s) 'example_python_decorator' retrieved from /home/airflow/.local/lib/python3.12/site-packages/airflow/example_dags/example_python_decorator.py
[2024-09-06T06:12:14.554+0000] {logging_mixin.py:190} INFO - [2024-09-06T06:12:14.554+0000] {dag.py:3211} INFO - Sync 1 DAGs
[2024-09-06T06:12:14.586+0000] {logging_mixin.py:190} INFO - [2024-09-06T06:12:14.585+0000] {dag.py:4138} INFO - Setting next_dagrun for example_python_decorator to None, run_after=None
[2024-09-06T06:12:14.628+0000] {processor.py:208} INFO - Processing /home/airflow/.local/lib/python3.12/site-packages/airflow/example_dags/example_python_decorator.py took 0.159 seconds
[2024-09-06T06:12:44.970+0000] {processor.py:186} INFO - Started process (PID=2447) to work on /home/airflow/.local/lib/python3.12/site-packages/airflow/example_dags/example_python_decorator.py
[2024-09-06T06:12:44.972+0000] {processor.py:914} INFO - Processing file /home/airflow/.local/lib/python3.12/site-packages/airflow/example_dags/example_python_decorator.py for tasks to queue
[2024-09-06T06:12:44.977+0000] {logging_mixin.py:190} INFO - [2024-09-06T06:12:44.976+0000] {dagbag.py:587} INFO - Filling up the DagBag from /home/airflow/.local/lib/python3.12/site-packages/airflow/example_dags/example_python_decorator.py
[2024-09-06T06:12:45.005+0000] {processor.py:925} INFO - DAG(s) 'example_python_decorator' retrieved from /home/airflow/.local/lib/python3.12/site-packages/airflow/example_dags/example_python_decorator.py
[2024-09-06T06:12:45.048+0000] {logging_mixin.py:190} INFO - [2024-09-06T06:12:45.047+0000] {dag.py:3211} INFO - Sync 1 DAGs
[2024-09-06T06:12:45.075+0000] {logging_mixin.py:190} INFO - [2024-09-06T06:12:45.074+0000] {dag.py:4138} INFO - Setting next_dagrun for example_python_decorator to None, run_after=None
[2024-09-06T06:12:45.108+0000] {processor.py:208} INFO - Processing /home/airflow/.local/lib/python3.12/site-packages/airflow/example_dags/example_python_decorator.py took 0.150 seconds
[2024-09-06T06:13:15.897+0000] {processor.py:186} INFO - Started process (PID=2514) to work on /home/airflow/.local/lib/python3.12/site-packages/airflow/example_dags/example_python_decorator.py
[2024-09-06T06:13:15.899+0000] {processor.py:914} INFO - Processing file /home/airflow/.local/lib/python3.12/site-packages/airflow/example_dags/example_python_decorator.py for tasks to queue
[2024-09-06T06:13:15.906+0000] {logging_mixin.py:190} INFO - [2024-09-06T06:13:15.905+0000] {dagbag.py:587} INFO - Filling up the DagBag from /home/airflow/.local/lib/python3.12/site-packages/airflow/example_dags/example_python_decorator.py
[2024-09-06T06:13:15.942+0000] {processor.py:925} INFO - DAG(s) 'example_python_decorator' retrieved from /home/airflow/.local/lib/python3.12/site-packages/airflow/example_dags/example_python_decorator.py
[2024-09-06T06:13:16.019+0000] {logging_mixin.py:190} INFO - [2024-09-06T06:13:16.018+0000] {dag.py:3211} INFO - Sync 1 DAGs
[2024-09-06T06:13:16.071+0000] {logging_mixin.py:190} INFO - [2024-09-06T06:13:16.071+0000] {dag.py:4138} INFO - Setting next_dagrun for example_python_decorator to None, run_after=None
[2024-09-06T06:13:16.132+0000] {processor.py:208} INFO - Processing /home/airflow/.local/lib/python3.12/site-packages/airflow/example_dags/example_python_decorator.py took 0.253 seconds
[2024-09-06T06:13:47.839+0000] {processor.py:186} INFO - Started process (PID=2596) to work on /home/airflow/.local/lib/python3.12/site-packages/airflow/example_dags/example_python_decorator.py
[2024-09-06T06:13:47.841+0000] {processor.py:914} INFO - Processing file /home/airflow/.local/lib/python3.12/site-packages/airflow/example_dags/example_python_decorator.py for tasks to queue
[2024-09-06T06:13:47.847+0000] {logging_mixin.py:190} INFO - [2024-09-06T06:13:47.846+0000] {dagbag.py:587} INFO - Filling up the DagBag from /home/airflow/.local/lib/python3.12/site-packages/airflow/example_dags/example_python_decorator.py
[2024-09-06T06:13:47.878+0000] {processor.py:925} INFO - DAG(s) 'example_python_decorator' retrieved from /home/airflow/.local/lib/python3.12/site-packages/airflow/example_dags/example_python_decorator.py
[2024-09-06T06:13:47.925+0000] {logging_mixin.py:190} INFO - [2024-09-06T06:13:47.925+0000] {dag.py:3211} INFO - Sync 1 DAGs
[2024-09-06T06:13:47.957+0000] {logging_mixin.py:190} INFO - [2024-09-06T06:13:47.957+0000] {dag.py:4138} INFO - Setting next_dagrun for example_python_decorator to None, run_after=None
[2024-09-06T06:13:47.998+0000] {processor.py:208} INFO - Processing /home/airflow/.local/lib/python3.12/site-packages/airflow/example_dags/example_python_decorator.py took 0.177 seconds
[2024-09-06T06:14:18.600+0000] {processor.py:186} INFO - Started process (PID=2671) to work on /home/airflow/.local/lib/python3.12/site-packages/airflow/example_dags/example_python_decorator.py
[2024-09-06T06:14:18.602+0000] {processor.py:914} INFO - Processing file /home/airflow/.local/lib/python3.12/site-packages/airflow/example_dags/example_python_decorator.py for tasks to queue
[2024-09-06T06:14:18.608+0000] {logging_mixin.py:190} INFO - [2024-09-06T06:14:18.608+0000] {dagbag.py:587} INFO - Filling up the DagBag from /home/airflow/.local/lib/python3.12/site-packages/airflow/example_dags/example_python_decorator.py
[2024-09-06T06:14:18.642+0000] {processor.py:925} INFO - DAG(s) 'example_python_decorator' retrieved from /home/airflow/.local/lib/python3.12/site-packages/airflow/example_dags/example_python_decorator.py
[2024-09-06T06:14:18.690+0000] {logging_mixin.py:190} INFO - [2024-09-06T06:14:18.689+0000] {dag.py:3211} INFO - Sync 1 DAGs
[2024-09-06T06:14:18.723+0000] {logging_mixin.py:190} INFO - [2024-09-06T06:14:18.723+0000] {dag.py:4138} INFO - Setting next_dagrun for example_python_decorator to None, run_after=None
[2024-09-06T06:14:18.770+0000] {processor.py:208} INFO - Processing /home/airflow/.local/lib/python3.12/site-packages/airflow/example_dags/example_python_decorator.py took 0.187 seconds
[2024-09-06T06:14:52.850+0000] {processor.py:186} INFO - Started process (PID=2737) to work on /home/airflow/.local/lib/python3.12/site-packages/airflow/example_dags/example_python_decorator.py
[2024-09-06T06:14:52.860+0000] {processor.py:914} INFO - Processing file /home/airflow/.local/lib/python3.12/site-packages/airflow/example_dags/example_python_decorator.py for tasks to queue
[2024-09-06T06:14:52.882+0000] {logging_mixin.py:190} INFO - [2024-09-06T06:14:52.881+0000] {dagbag.py:587} INFO - Filling up the DagBag from /home/airflow/.local/lib/python3.12/site-packages/airflow/example_dags/example_python_decorator.py
[2024-09-06T06:14:52.986+0000] {processor.py:925} INFO - DAG(s) 'example_python_decorator' retrieved from /home/airflow/.local/lib/python3.12/site-packages/airflow/example_dags/example_python_decorator.py
[2024-09-06T06:14:53.140+0000] {logging_mixin.py:190} INFO - [2024-09-06T06:14:53.140+0000] {dag.py:3211} INFO - Sync 1 DAGs
[2024-09-06T06:14:53.238+0000] {logging_mixin.py:190} INFO - [2024-09-06T06:14:53.237+0000] {dag.py:4138} INFO - Setting next_dagrun for example_python_decorator to None, run_after=None
[2024-09-06T06:14:53.341+0000] {processor.py:208} INFO - Processing /home/airflow/.local/lib/python3.12/site-packages/airflow/example_dags/example_python_decorator.py took 0.534 seconds
[2024-09-06T06:15:23.705+0000] {processor.py:186} INFO - Started process (PID=2802) to work on /home/airflow/.local/lib/python3.12/site-packages/airflow/example_dags/example_python_decorator.py
[2024-09-06T06:15:23.707+0000] {processor.py:914} INFO - Processing file /home/airflow/.local/lib/python3.12/site-packages/airflow/example_dags/example_python_decorator.py for tasks to queue
[2024-09-06T06:15:23.711+0000] {logging_mixin.py:190} INFO - [2024-09-06T06:15:23.711+0000] {dagbag.py:587} INFO - Filling up the DagBag from /home/airflow/.local/lib/python3.12/site-packages/airflow/example_dags/example_python_decorator.py
[2024-09-06T06:15:23.742+0000] {processor.py:925} INFO - DAG(s) 'example_python_decorator' retrieved from /home/airflow/.local/lib/python3.12/site-packages/airflow/example_dags/example_python_decorator.py
[2024-09-06T06:15:23.791+0000] {logging_mixin.py:190} INFO - [2024-09-06T06:15:23.791+0000] {dag.py:3211} INFO - Sync 1 DAGs
[2024-09-06T06:15:23.823+0000] {logging_mixin.py:190} INFO - [2024-09-06T06:15:23.822+0000] {dag.py:4138} INFO - Setting next_dagrun for example_python_decorator to None, run_after=None
[2024-09-06T06:15:23.869+0000] {processor.py:208} INFO - Processing /home/airflow/.local/lib/python3.12/site-packages/airflow/example_dags/example_python_decorator.py took 0.181 seconds
[2024-09-06T06:15:54.189+0000] {processor.py:186} INFO - Started process (PID=2869) to work on /home/airflow/.local/lib/python3.12/site-packages/airflow/example_dags/example_python_decorator.py
[2024-09-06T06:15:54.191+0000] {processor.py:914} INFO - Processing file /home/airflow/.local/lib/python3.12/site-packages/airflow/example_dags/example_python_decorator.py for tasks to queue
[2024-09-06T06:15:54.198+0000] {logging_mixin.py:190} INFO - [2024-09-06T06:15:54.197+0000] {dagbag.py:587} INFO - Filling up the DagBag from /home/airflow/.local/lib/python3.12/site-packages/airflow/example_dags/example_python_decorator.py
[2024-09-06T06:15:54.235+0000] {processor.py:925} INFO - DAG(s) 'example_python_decorator' retrieved from /home/airflow/.local/lib/python3.12/site-packages/airflow/example_dags/example_python_decorator.py
[2024-09-06T06:15:54.291+0000] {logging_mixin.py:190} INFO - [2024-09-06T06:15:54.290+0000] {dag.py:3211} INFO - Sync 1 DAGs
[2024-09-06T06:15:54.330+0000] {logging_mixin.py:190} INFO - [2024-09-06T06:15:54.330+0000] {dag.py:4138} INFO - Setting next_dagrun for example_python_decorator to None, run_after=None
[2024-09-06T06:15:54.372+0000] {processor.py:208} INFO - Processing /home/airflow/.local/lib/python3.12/site-packages/airflow/example_dags/example_python_decorator.py took 0.207 seconds
[2024-09-06T06:16:24.540+0000] {processor.py:186} INFO - Started process (PID=2934) to work on /home/airflow/.local/lib/python3.12/site-packages/airflow/example_dags/example_python_decorator.py
[2024-09-06T06:16:24.545+0000] {processor.py:914} INFO - Processing file /home/airflow/.local/lib/python3.12/site-packages/airflow/example_dags/example_python_decorator.py for tasks to queue
[2024-09-06T06:16:24.555+0000] {logging_mixin.py:190} INFO - [2024-09-06T06:16:24.554+0000] {dagbag.py:587} INFO - Filling up the DagBag from /home/airflow/.local/lib/python3.12/site-packages/airflow/example_dags/example_python_decorator.py
[2024-09-06T06:16:24.589+0000] {processor.py:925} INFO - DAG(s) 'example_python_decorator' retrieved from /home/airflow/.local/lib/python3.12/site-packages/airflow/example_dags/example_python_decorator.py
[2024-09-06T06:16:24.635+0000] {logging_mixin.py:190} INFO - [2024-09-06T06:16:24.635+0000] {dag.py:3211} INFO - Sync 1 DAGs
[2024-09-06T06:16:24.671+0000] {logging_mixin.py:190} INFO - [2024-09-06T06:16:24.671+0000] {dag.py:4138} INFO - Setting next_dagrun for example_python_decorator to None, run_after=None
[2024-09-06T06:16:24.710+0000] {processor.py:208} INFO - Processing /home/airflow/.local/lib/python3.12/site-packages/airflow/example_dags/example_python_decorator.py took 0.204 seconds
[2024-09-06T06:16:55.075+0000] {processor.py:186} INFO - Started process (PID=3000) to work on /home/airflow/.local/lib/python3.12/site-packages/airflow/example_dags/example_python_decorator.py
[2024-09-06T06:16:55.078+0000] {processor.py:914} INFO - Processing file /home/airflow/.local/lib/python3.12/site-packages/airflow/example_dags/example_python_decorator.py for tasks to queue
[2024-09-06T06:16:55.083+0000] {logging_mixin.py:190} INFO - [2024-09-06T06:16:55.082+0000] {dagbag.py:587} INFO - Filling up the DagBag from /home/airflow/.local/lib/python3.12/site-packages/airflow/example_dags/example_python_decorator.py
[2024-09-06T06:16:55.136+0000] {processor.py:925} INFO - DAG(s) 'example_python_decorator' retrieved from /home/airflow/.local/lib/python3.12/site-packages/airflow/example_dags/example_python_decorator.py
[2024-09-06T06:16:55.187+0000] {logging_mixin.py:190} INFO - [2024-09-06T06:16:55.186+0000] {dag.py:3211} INFO - Sync 1 DAGs
[2024-09-06T06:16:55.219+0000] {logging_mixin.py:190} INFO - [2024-09-06T06:16:55.219+0000] {dag.py:4138} INFO - Setting next_dagrun for example_python_decorator to None, run_after=None
[2024-09-06T06:16:55.260+0000] {processor.py:208} INFO - Processing /home/airflow/.local/lib/python3.12/site-packages/airflow/example_dags/example_python_decorator.py took 0.212 seconds
[2024-09-06T06:17:25.411+0000] {processor.py:186} INFO - Started process (PID=3065) to work on /home/airflow/.local/lib/python3.12/site-packages/airflow/example_dags/example_python_decorator.py
[2024-09-06T06:17:25.414+0000] {processor.py:914} INFO - Processing file /home/airflow/.local/lib/python3.12/site-packages/airflow/example_dags/example_python_decorator.py for tasks to queue
[2024-09-06T06:17:25.429+0000] {logging_mixin.py:190} INFO - [2024-09-06T06:17:25.428+0000] {dagbag.py:587} INFO - Filling up the DagBag from /home/airflow/.local/lib/python3.12/site-packages/airflow/example_dags/example_python_decorator.py
[2024-09-06T06:17:25.474+0000] {processor.py:925} INFO - DAG(s) 'example_python_decorator' retrieved from /home/airflow/.local/lib/python3.12/site-packages/airflow/example_dags/example_python_decorator.py
[2024-09-06T06:17:25.604+0000] {logging_mixin.py:190} INFO - [2024-09-06T06:17:25.603+0000] {dag.py:3211} INFO - Sync 1 DAGs
[2024-09-06T06:17:25.676+0000] {logging_mixin.py:190} INFO - [2024-09-06T06:17:25.675+0000] {dag.py:4138} INFO - Setting next_dagrun for example_python_decorator to None, run_after=None
[2024-09-06T06:17:25.762+0000] {processor.py:208} INFO - Processing /home/airflow/.local/lib/python3.12/site-packages/airflow/example_dags/example_python_decorator.py took 0.398 seconds
[2024-09-06T06:18:20.622+0000] {processor.py:186} INFO - Started process (PID=3170) to work on /home/airflow/.local/lib/python3.12/site-packages/airflow/example_dags/example_python_decorator.py
[2024-09-06T06:18:20.626+0000] {processor.py:914} INFO - Processing file /home/airflow/.local/lib/python3.12/site-packages/airflow/example_dags/example_python_decorator.py for tasks to queue
[2024-09-06T06:18:20.689+0000] {logging_mixin.py:190} INFO - [2024-09-06T06:18:20.674+0000] {dagbag.py:587} INFO - Filling up the DagBag from /home/airflow/.local/lib/python3.12/site-packages/airflow/example_dags/example_python_decorator.py
[2024-09-06T06:18:20.772+0000] {processor.py:925} INFO - DAG(s) 'example_python_decorator' retrieved from /home/airflow/.local/lib/python3.12/site-packages/airflow/example_dags/example_python_decorator.py
[2024-09-06T06:18:20.889+0000] {logging_mixin.py:190} INFO - [2024-09-06T06:18:20.888+0000] {dag.py:3211} INFO - Sync 1 DAGs
[2024-09-06T06:18:21.042+0000] {logging_mixin.py:190} INFO - [2024-09-06T06:18:21.042+0000] {dag.py:4138} INFO - Setting next_dagrun for example_python_decorator to None, run_after=None
[2024-09-06T06:18:21.170+0000] {processor.py:208} INFO - Processing /home/airflow/.local/lib/python3.12/site-packages/airflow/example_dags/example_python_decorator.py took 0.592 seconds
[2024-09-06T06:19:06.459+0000] {processor.py:186} INFO - Started process (PID=3242) to work on /home/airflow/.local/lib/python3.12/site-packages/airflow/example_dags/example_python_decorator.py
[2024-09-06T06:19:06.461+0000] {processor.py:914} INFO - Processing file /home/airflow/.local/lib/python3.12/site-packages/airflow/example_dags/example_python_decorator.py for tasks to queue
[2024-09-06T06:19:06.467+0000] {logging_mixin.py:190} INFO - [2024-09-06T06:19:06.466+0000] {dagbag.py:587} INFO - Filling up the DagBag from /home/airflow/.local/lib/python3.12/site-packages/airflow/example_dags/example_python_decorator.py
[2024-09-06T06:19:06.517+0000] {processor.py:925} INFO - DAG(s) 'example_python_decorator' retrieved from /home/airflow/.local/lib/python3.12/site-packages/airflow/example_dags/example_python_decorator.py
[2024-09-06T06:19:06.596+0000] {logging_mixin.py:190} INFO - [2024-09-06T06:19:06.596+0000] {dag.py:3211} INFO - Sync 1 DAGs
[2024-09-06T06:19:06.656+0000] {logging_mixin.py:190} INFO - [2024-09-06T06:19:06.656+0000] {dag.py:4138} INFO - Setting next_dagrun for example_python_decorator to None, run_after=None
[2024-09-06T06:19:06.746+0000] {processor.py:208} INFO - Processing /home/airflow/.local/lib/python3.12/site-packages/airflow/example_dags/example_python_decorator.py took 0.317 seconds
[2024-09-06T06:19:49.907+0000] {processor.py:186} INFO - Started process (PID=3310) to work on /home/airflow/.local/lib/python3.12/site-packages/airflow/example_dags/example_python_decorator.py
[2024-09-06T06:19:49.915+0000] {processor.py:914} INFO - Processing file /home/airflow/.local/lib/python3.12/site-packages/airflow/example_dags/example_python_decorator.py for tasks to queue
[2024-09-06T06:19:49.947+0000] {logging_mixin.py:190} INFO - [2024-09-06T06:19:49.945+0000] {dagbag.py:587} INFO - Filling up the DagBag from /home/airflow/.local/lib/python3.12/site-packages/airflow/example_dags/example_python_decorator.py
[2024-09-06T06:19:50.177+0000] {processor.py:925} INFO - DAG(s) 'example_python_decorator' retrieved from /home/airflow/.local/lib/python3.12/site-packages/airflow/example_dags/example_python_decorator.py
[2024-09-06T06:19:50.617+0000] {logging_mixin.py:190} INFO - [2024-09-06T06:19:50.614+0000] {dag.py:3211} INFO - Sync 1 DAGs
[2024-09-06T06:19:50.762+0000] {logging_mixin.py:190} INFO - [2024-09-06T06:19:50.761+0000] {dag.py:4138} INFO - Setting next_dagrun for example_python_decorator to None, run_after=None
[2024-09-06T06:19:50.918+0000] {processor.py:208} INFO - Processing /home/airflow/.local/lib/python3.12/site-packages/airflow/example_dags/example_python_decorator.py took 1.069 seconds
