[2024-09-06T05:52:43.610+0000] {processor.py:186} INFO - Started process (PID=83) to work on /home/airflow/.local/lib/python3.12/site-packages/airflow/example_dags/example_latest_only_with_trigger.py
[2024-09-06T05:52:43.617+0000] {processor.py:914} INFO - Processing file /home/airflow/.local/lib/python3.12/site-packages/airflow/example_dags/example_latest_only_with_trigger.py for tasks to queue
[2024-09-06T05:52:43.625+0000] {logging_mixin.py:190} INFO - [2024-09-06T05:52:43.623+0000] {dagbag.py:587} INFO - Filling up the DagBag from /home/airflow/.local/lib/python3.12/site-packages/airflow/example_dags/example_latest_only_with_trigger.py
[2024-09-06T05:52:43.661+0000] {processor.py:925} INFO - DAG(s) 'latest_only_with_trigger' retrieved from /home/airflow/.local/lib/python3.12/site-packages/airflow/example_dags/example_latest_only_with_trigger.py
[2024-09-06T05:52:43.753+0000] {logging_mixin.py:190} INFO - [2024-09-06T05:52:43.752+0000] {dag.py:3211} INFO - Sync 1 DAGs
[2024-09-06T05:52:43.867+0000] {logging_mixin.py:190} INFO - [2024-09-06T05:52:43.866+0000] {dag.py:4138} INFO - Setting next_dagrun for latest_only_with_trigger to 2024-09-06 00:00:00+00:00, run_after=2024-09-06 04:00:00+00:00
[2024-09-06T05:52:44.011+0000] {processor.py:208} INFO - Processing /home/airflow/.local/lib/python3.12/site-packages/airflow/example_dags/example_latest_only_with_trigger.py took 0.416 seconds
[2024-09-06T05:53:16.349+0000] {processor.py:186} INFO - Started process (PID=146) to work on /home/airflow/.local/lib/python3.12/site-packages/airflow/example_dags/example_latest_only_with_trigger.py
[2024-09-06T05:53:16.352+0000] {processor.py:914} INFO - Processing file /home/airflow/.local/lib/python3.12/site-packages/airflow/example_dags/example_latest_only_with_trigger.py for tasks to queue
[2024-09-06T05:53:16.366+0000] {logging_mixin.py:190} INFO - [2024-09-06T05:53:16.366+0000] {dagbag.py:587} INFO - Filling up the DagBag from /home/airflow/.local/lib/python3.12/site-packages/airflow/example_dags/example_latest_only_with_trigger.py
[2024-09-06T05:53:16.414+0000] {processor.py:925} INFO - DAG(s) 'latest_only_with_trigger' retrieved from /home/airflow/.local/lib/python3.12/site-packages/airflow/example_dags/example_latest_only_with_trigger.py
[2024-09-06T05:53:16.515+0000] {logging_mixin.py:190} INFO - [2024-09-06T05:53:16.514+0000] {dag.py:3211} INFO - Sync 1 DAGs
[2024-09-06T05:53:16.640+0000] {logging_mixin.py:190} INFO - [2024-09-06T05:53:16.639+0000] {dag.py:4138} INFO - Setting next_dagrun for latest_only_with_trigger to 2024-09-06 00:00:00+00:00, run_after=2024-09-06 04:00:00+00:00
[2024-09-06T05:53:16.709+0000] {processor.py:208} INFO - Processing /home/airflow/.local/lib/python3.12/site-packages/airflow/example_dags/example_latest_only_with_trigger.py took 0.383 seconds
[2024-09-06T05:53:47.592+0000] {processor.py:186} INFO - Started process (PID=209) to work on /home/airflow/.local/lib/python3.12/site-packages/airflow/example_dags/example_latest_only_with_trigger.py
[2024-09-06T05:53:47.594+0000] {processor.py:914} INFO - Processing file /home/airflow/.local/lib/python3.12/site-packages/airflow/example_dags/example_latest_only_with_trigger.py for tasks to queue
[2024-09-06T05:53:47.609+0000] {logging_mixin.py:190} INFO - [2024-09-06T05:53:47.608+0000] {dagbag.py:587} INFO - Filling up the DagBag from /home/airflow/.local/lib/python3.12/site-packages/airflow/example_dags/example_latest_only_with_trigger.py
[2024-09-06T05:53:47.637+0000] {processor.py:925} INFO - DAG(s) 'latest_only_with_trigger' retrieved from /home/airflow/.local/lib/python3.12/site-packages/airflow/example_dags/example_latest_only_with_trigger.py
[2024-09-06T05:53:47.690+0000] {logging_mixin.py:190} INFO - [2024-09-06T05:53:47.689+0000] {dag.py:3211} INFO - Sync 1 DAGs
[2024-09-06T05:53:47.815+0000] {logging_mixin.py:190} INFO - [2024-09-06T05:53:47.814+0000] {dag.py:4138} INFO - Setting next_dagrun for latest_only_with_trigger to 2024-09-06 00:00:00+00:00, run_after=2024-09-06 04:00:00+00:00
[2024-09-06T05:53:47.886+0000] {processor.py:208} INFO - Processing /home/airflow/.local/lib/python3.12/site-packages/airflow/example_dags/example_latest_only_with_trigger.py took 0.334 seconds
[2024-09-06T05:54:19.272+0000] {processor.py:186} INFO - Started process (PID=272) to work on /home/airflow/.local/lib/python3.12/site-packages/airflow/example_dags/example_latest_only_with_trigger.py
[2024-09-06T05:54:19.275+0000] {processor.py:914} INFO - Processing file /home/airflow/.local/lib/python3.12/site-packages/airflow/example_dags/example_latest_only_with_trigger.py for tasks to queue
[2024-09-06T05:54:19.290+0000] {logging_mixin.py:190} INFO - [2024-09-06T05:54:19.290+0000] {dagbag.py:587} INFO - Filling up the DagBag from /home/airflow/.local/lib/python3.12/site-packages/airflow/example_dags/example_latest_only_with_trigger.py
[2024-09-06T05:54:19.331+0000] {processor.py:925} INFO - DAG(s) 'latest_only_with_trigger' retrieved from /home/airflow/.local/lib/python3.12/site-packages/airflow/example_dags/example_latest_only_with_trigger.py
[2024-09-06T05:54:19.427+0000] {logging_mixin.py:190} INFO - [2024-09-06T05:54:19.427+0000] {dag.py:3211} INFO - Sync 1 DAGs
[2024-09-06T05:54:19.590+0000] {logging_mixin.py:190} INFO - [2024-09-06T05:54:19.590+0000] {dag.py:4138} INFO - Setting next_dagrun for latest_only_with_trigger to 2024-09-06 00:00:00+00:00, run_after=2024-09-06 04:00:00+00:00
[2024-09-06T05:54:19.701+0000] {processor.py:208} INFO - Processing /home/airflow/.local/lib/python3.12/site-packages/airflow/example_dags/example_latest_only_with_trigger.py took 0.450 seconds
[2024-09-06T05:54:50.329+0000] {processor.py:186} INFO - Started process (PID=340) to work on /home/airflow/.local/lib/python3.12/site-packages/airflow/example_dags/example_latest_only_with_trigger.py
[2024-09-06T05:54:50.332+0000] {processor.py:914} INFO - Processing file /home/airflow/.local/lib/python3.12/site-packages/airflow/example_dags/example_latest_only_with_trigger.py for tasks to queue
[2024-09-06T05:54:50.338+0000] {logging_mixin.py:190} INFO - [2024-09-06T05:54:50.338+0000] {dagbag.py:587} INFO - Filling up the DagBag from /home/airflow/.local/lib/python3.12/site-packages/airflow/example_dags/example_latest_only_with_trigger.py
[2024-09-06T05:54:50.359+0000] {processor.py:925} INFO - DAG(s) 'latest_only_with_trigger' retrieved from /home/airflow/.local/lib/python3.12/site-packages/airflow/example_dags/example_latest_only_with_trigger.py
[2024-09-06T05:54:50.406+0000] {logging_mixin.py:190} INFO - [2024-09-06T05:54:50.404+0000] {dag.py:3211} INFO - Sync 1 DAGs
[2024-09-06T05:54:50.482+0000] {logging_mixin.py:190} INFO - [2024-09-06T05:54:50.481+0000] {dag.py:4138} INFO - Setting next_dagrun for latest_only_with_trigger to 2024-09-06 00:00:00+00:00, run_after=2024-09-06 04:00:00+00:00
[2024-09-06T05:54:50.541+0000] {processor.py:208} INFO - Processing /home/airflow/.local/lib/python3.12/site-packages/airflow/example_dags/example_latest_only_with_trigger.py took 0.230 seconds
[2024-09-06T05:55:22.195+0000] {processor.py:186} INFO - Started process (PID=403) to work on /home/airflow/.local/lib/python3.12/site-packages/airflow/example_dags/example_latest_only_with_trigger.py
[2024-09-06T05:55:22.218+0000] {processor.py:914} INFO - Processing file /home/airflow/.local/lib/python3.12/site-packages/airflow/example_dags/example_latest_only_with_trigger.py for tasks to queue
[2024-09-06T05:55:22.244+0000] {logging_mixin.py:190} INFO - [2024-09-06T05:55:22.244+0000] {dagbag.py:587} INFO - Filling up the DagBag from /home/airflow/.local/lib/python3.12/site-packages/airflow/example_dags/example_latest_only_with_trigger.py
[2024-09-06T05:55:22.299+0000] {processor.py:925} INFO - DAG(s) 'latest_only_with_trigger' retrieved from /home/airflow/.local/lib/python3.12/site-packages/airflow/example_dags/example_latest_only_with_trigger.py
[2024-09-06T05:55:22.449+0000] {logging_mixin.py:190} INFO - [2024-09-06T05:55:22.448+0000] {dag.py:3211} INFO - Sync 1 DAGs
[2024-09-06T05:55:22.649+0000] {logging_mixin.py:190} INFO - [2024-09-06T05:55:22.648+0000] {dag.py:4138} INFO - Setting next_dagrun for latest_only_with_trigger to 2024-09-06 00:00:00+00:00, run_after=2024-09-06 04:00:00+00:00
[2024-09-06T05:55:22.778+0000] {processor.py:208} INFO - Processing /home/airflow/.local/lib/python3.12/site-packages/airflow/example_dags/example_latest_only_with_trigger.py took 0.608 seconds
[2024-09-06T05:55:53.301+0000] {processor.py:186} INFO - Started process (PID=466) to work on /home/airflow/.local/lib/python3.12/site-packages/airflow/example_dags/example_latest_only_with_trigger.py
[2024-09-06T05:55:53.303+0000] {processor.py:914} INFO - Processing file /home/airflow/.local/lib/python3.12/site-packages/airflow/example_dags/example_latest_only_with_trigger.py for tasks to queue
[2024-09-06T05:55:53.308+0000] {logging_mixin.py:190} INFO - [2024-09-06T05:55:53.307+0000] {dagbag.py:587} INFO - Filling up the DagBag from /home/airflow/.local/lib/python3.12/site-packages/airflow/example_dags/example_latest_only_with_trigger.py
[2024-09-06T05:55:53.327+0000] {processor.py:925} INFO - DAG(s) 'latest_only_with_trigger' retrieved from /home/airflow/.local/lib/python3.12/site-packages/airflow/example_dags/example_latest_only_with_trigger.py
[2024-09-06T05:55:53.383+0000] {logging_mixin.py:190} INFO - [2024-09-06T05:55:53.382+0000] {dag.py:3211} INFO - Sync 1 DAGs
[2024-09-06T05:55:53.476+0000] {logging_mixin.py:190} INFO - [2024-09-06T05:55:53.476+0000] {dag.py:4138} INFO - Setting next_dagrun for latest_only_with_trigger to 2024-09-06 00:00:00+00:00, run_after=2024-09-06 04:00:00+00:00
[2024-09-06T05:55:53.523+0000] {processor.py:208} INFO - Processing /home/airflow/.local/lib/python3.12/site-packages/airflow/example_dags/example_latest_only_with_trigger.py took 0.234 seconds
[2024-09-06T05:56:23.851+0000] {processor.py:186} INFO - Started process (PID=530) to work on /home/airflow/.local/lib/python3.12/site-packages/airflow/example_dags/example_latest_only_with_trigger.py
[2024-09-06T05:56:23.859+0000] {processor.py:914} INFO - Processing file /home/airflow/.local/lib/python3.12/site-packages/airflow/example_dags/example_latest_only_with_trigger.py for tasks to queue
[2024-09-06T05:56:23.894+0000] {logging_mixin.py:190} INFO - [2024-09-06T05:56:23.886+0000] {dagbag.py:587} INFO - Filling up the DagBag from /home/airflow/.local/lib/python3.12/site-packages/airflow/example_dags/example_latest_only_with_trigger.py
[2024-09-06T05:56:23.978+0000] {processor.py:925} INFO - DAG(s) 'latest_only_with_trigger' retrieved from /home/airflow/.local/lib/python3.12/site-packages/airflow/example_dags/example_latest_only_with_trigger.py
[2024-09-06T05:56:24.162+0000] {logging_mixin.py:190} INFO - [2024-09-06T05:56:24.162+0000] {dag.py:3211} INFO - Sync 1 DAGs
[2024-09-06T05:56:24.343+0000] {logging_mixin.py:190} INFO - [2024-09-06T05:56:24.342+0000] {dag.py:4138} INFO - Setting next_dagrun for latest_only_with_trigger to 2024-09-06 00:00:00+00:00, run_after=2024-09-06 04:00:00+00:00
[2024-09-06T05:56:24.536+0000] {processor.py:208} INFO - Processing /home/airflow/.local/lib/python3.12/site-packages/airflow/example_dags/example_latest_only_with_trigger.py took 0.756 seconds
[2024-09-06T05:56:55.222+0000] {processor.py:186} INFO - Started process (PID=593) to work on /home/airflow/.local/lib/python3.12/site-packages/airflow/example_dags/example_latest_only_with_trigger.py
[2024-09-06T05:56:55.224+0000] {processor.py:914} INFO - Processing file /home/airflow/.local/lib/python3.12/site-packages/airflow/example_dags/example_latest_only_with_trigger.py for tasks to queue
[2024-09-06T05:56:55.229+0000] {logging_mixin.py:190} INFO - [2024-09-06T05:56:55.229+0000] {dagbag.py:587} INFO - Filling up the DagBag from /home/airflow/.local/lib/python3.12/site-packages/airflow/example_dags/example_latest_only_with_trigger.py
[2024-09-06T05:56:55.246+0000] {processor.py:925} INFO - DAG(s) 'latest_only_with_trigger' retrieved from /home/airflow/.local/lib/python3.12/site-packages/airflow/example_dags/example_latest_only_with_trigger.py
[2024-09-06T05:56:55.323+0000] {logging_mixin.py:190} INFO - [2024-09-06T05:56:55.322+0000] {dag.py:3211} INFO - Sync 1 DAGs
[2024-09-06T05:56:55.400+0000] {logging_mixin.py:190} INFO - [2024-09-06T05:56:55.400+0000] {dag.py:4138} INFO - Setting next_dagrun for latest_only_with_trigger to 2024-09-06 00:00:00+00:00, run_after=2024-09-06 04:00:00+00:00
[2024-09-06T05:56:55.453+0000] {processor.py:208} INFO - Processing /home/airflow/.local/lib/python3.12/site-packages/airflow/example_dags/example_latest_only_with_trigger.py took 0.244 seconds
[2024-09-06T05:57:25.546+0000] {processor.py:186} INFO - Started process (PID=656) to work on /home/airflow/.local/lib/python3.12/site-packages/airflow/example_dags/example_latest_only_with_trigger.py
[2024-09-06T05:57:25.549+0000] {processor.py:914} INFO - Processing file /home/airflow/.local/lib/python3.12/site-packages/airflow/example_dags/example_latest_only_with_trigger.py for tasks to queue
[2024-09-06T05:57:25.555+0000] {logging_mixin.py:190} INFO - [2024-09-06T05:57:25.554+0000] {dagbag.py:587} INFO - Filling up the DagBag from /home/airflow/.local/lib/python3.12/site-packages/airflow/example_dags/example_latest_only_with_trigger.py
[2024-09-06T05:57:25.575+0000] {processor.py:925} INFO - DAG(s) 'latest_only_with_trigger' retrieved from /home/airflow/.local/lib/python3.12/site-packages/airflow/example_dags/example_latest_only_with_trigger.py
[2024-09-06T05:57:25.658+0000] {logging_mixin.py:190} INFO - [2024-09-06T05:57:25.657+0000] {dag.py:3211} INFO - Sync 1 DAGs
[2024-09-06T05:57:25.773+0000] {logging_mixin.py:190} INFO - [2024-09-06T05:57:25.773+0000] {dag.py:4138} INFO - Setting next_dagrun for latest_only_with_trigger to 2024-09-06 00:00:00+00:00, run_after=2024-09-06 04:00:00+00:00
[2024-09-06T05:57:25.852+0000] {processor.py:208} INFO - Processing /home/airflow/.local/lib/python3.12/site-packages/airflow/example_dags/example_latest_only_with_trigger.py took 0.321 seconds
[2024-09-06T05:57:59.227+0000] {processor.py:186} INFO - Started process (PID=720) to work on /home/airflow/.local/lib/python3.12/site-packages/airflow/example_dags/example_latest_only_with_trigger.py
[2024-09-06T05:57:59.230+0000] {processor.py:914} INFO - Processing file /home/airflow/.local/lib/python3.12/site-packages/airflow/example_dags/example_latest_only_with_trigger.py for tasks to queue
[2024-09-06T05:57:59.240+0000] {logging_mixin.py:190} INFO - [2024-09-06T05:57:59.239+0000] {dagbag.py:587} INFO - Filling up the DagBag from /home/airflow/.local/lib/python3.12/site-packages/airflow/example_dags/example_latest_only_with_trigger.py
[2024-09-06T05:57:59.260+0000] {processor.py:925} INFO - DAG(s) 'latest_only_with_trigger' retrieved from /home/airflow/.local/lib/python3.12/site-packages/airflow/example_dags/example_latest_only_with_trigger.py
[2024-09-06T05:57:59.361+0000] {logging_mixin.py:190} INFO - [2024-09-06T05:57:59.360+0000] {dag.py:3211} INFO - Sync 1 DAGs
[2024-09-06T05:57:59.471+0000] {logging_mixin.py:190} INFO - [2024-09-06T05:57:59.470+0000] {dag.py:4138} INFO - Setting next_dagrun for latest_only_with_trigger to 2024-09-06 00:00:00+00:00, run_after=2024-09-06 04:00:00+00:00
[2024-09-06T05:57:59.558+0000] {processor.py:208} INFO - Processing /home/airflow/.local/lib/python3.12/site-packages/airflow/example_dags/example_latest_only_with_trigger.py took 0.353 seconds
[2024-09-06T05:58:32.311+0000] {processor.py:186} INFO - Started process (PID=779) to work on /home/airflow/.local/lib/python3.12/site-packages/airflow/example_dags/example_latest_only_with_trigger.py
[2024-09-06T05:58:32.325+0000] {processor.py:914} INFO - Processing file /home/airflow/.local/lib/python3.12/site-packages/airflow/example_dags/example_latest_only_with_trigger.py for tasks to queue
[2024-09-06T05:58:32.338+0000] {logging_mixin.py:190} INFO - [2024-09-06T05:58:32.337+0000] {dagbag.py:587} INFO - Filling up the DagBag from /home/airflow/.local/lib/python3.12/site-packages/airflow/example_dags/example_latest_only_with_trigger.py
[2024-09-06T05:58:32.387+0000] {processor.py:925} INFO - DAG(s) 'latest_only_with_trigger' retrieved from /home/airflow/.local/lib/python3.12/site-packages/airflow/example_dags/example_latest_only_with_trigger.py
[2024-09-06T05:58:32.510+0000] {logging_mixin.py:190} INFO - [2024-09-06T05:58:32.509+0000] {dag.py:3211} INFO - Sync 1 DAGs
[2024-09-06T05:58:32.684+0000] {logging_mixin.py:190} INFO - [2024-09-06T05:58:32.683+0000] {dag.py:4138} INFO - Setting next_dagrun for latest_only_with_trigger to 2024-09-06 00:00:00+00:00, run_after=2024-09-06 04:00:00+00:00
[2024-09-06T05:58:32.806+0000] {processor.py:208} INFO - Processing /home/airflow/.local/lib/python3.12/site-packages/airflow/example_dags/example_latest_only_with_trigger.py took 0.527 seconds
[2024-09-06T05:59:03.601+0000] {processor.py:186} INFO - Started process (PID=842) to work on /home/airflow/.local/lib/python3.12/site-packages/airflow/example_dags/example_latest_only_with_trigger.py
[2024-09-06T05:59:03.603+0000] {processor.py:914} INFO - Processing file /home/airflow/.local/lib/python3.12/site-packages/airflow/example_dags/example_latest_only_with_trigger.py for tasks to queue
[2024-09-06T05:59:03.609+0000] {logging_mixin.py:190} INFO - [2024-09-06T05:59:03.608+0000] {dagbag.py:587} INFO - Filling up the DagBag from /home/airflow/.local/lib/python3.12/site-packages/airflow/example_dags/example_latest_only_with_trigger.py
[2024-09-06T05:59:03.627+0000] {processor.py:925} INFO - DAG(s) 'latest_only_with_trigger' retrieved from /home/airflow/.local/lib/python3.12/site-packages/airflow/example_dags/example_latest_only_with_trigger.py
[2024-09-06T05:59:03.686+0000] {logging_mixin.py:190} INFO - [2024-09-06T05:59:03.685+0000] {dag.py:3211} INFO - Sync 1 DAGs
[2024-09-06T05:59:03.742+0000] {logging_mixin.py:190} INFO - [2024-09-06T05:59:03.741+0000] {dag.py:4138} INFO - Setting next_dagrun for latest_only_with_trigger to 2024-09-06 00:00:00+00:00, run_after=2024-09-06 04:00:00+00:00
[2024-09-06T05:59:03.788+0000] {processor.py:208} INFO - Processing /home/airflow/.local/lib/python3.12/site-packages/airflow/example_dags/example_latest_only_with_trigger.py took 0.201 seconds
[2024-09-06T05:59:34.548+0000] {processor.py:186} INFO - Started process (PID=905) to work on /home/airflow/.local/lib/python3.12/site-packages/airflow/example_dags/example_latest_only_with_trigger.py
[2024-09-06T05:59:34.551+0000] {processor.py:914} INFO - Processing file /home/airflow/.local/lib/python3.12/site-packages/airflow/example_dags/example_latest_only_with_trigger.py for tasks to queue
[2024-09-06T05:59:34.565+0000] {logging_mixin.py:190} INFO - [2024-09-06T05:59:34.564+0000] {dagbag.py:587} INFO - Filling up the DagBag from /home/airflow/.local/lib/python3.12/site-packages/airflow/example_dags/example_latest_only_with_trigger.py
[2024-09-06T05:59:34.586+0000] {processor.py:925} INFO - DAG(s) 'latest_only_with_trigger' retrieved from /home/airflow/.local/lib/python3.12/site-packages/airflow/example_dags/example_latest_only_with_trigger.py
[2024-09-06T05:59:34.656+0000] {logging_mixin.py:190} INFO - [2024-09-06T05:59:34.653+0000] {dag.py:3211} INFO - Sync 1 DAGs
[2024-09-06T05:59:34.779+0000] {logging_mixin.py:190} INFO - [2024-09-06T05:59:34.778+0000] {dag.py:4138} INFO - Setting next_dagrun for latest_only_with_trigger to 2024-09-06 00:00:00+00:00, run_after=2024-09-06 04:00:00+00:00
[2024-09-06T05:59:34.851+0000] {processor.py:208} INFO - Processing /home/airflow/.local/lib/python3.12/site-packages/airflow/example_dags/example_latest_only_with_trigger.py took 0.324 seconds
[2024-09-06T06:00:05.233+0000] {processor.py:186} INFO - Started process (PID=968) to work on /home/airflow/.local/lib/python3.12/site-packages/airflow/example_dags/example_latest_only_with_trigger.py
[2024-09-06T06:00:05.244+0000] {processor.py:914} INFO - Processing file /home/airflow/.local/lib/python3.12/site-packages/airflow/example_dags/example_latest_only_with_trigger.py for tasks to queue
[2024-09-06T06:00:05.260+0000] {logging_mixin.py:190} INFO - [2024-09-06T06:00:05.259+0000] {dagbag.py:587} INFO - Filling up the DagBag from /home/airflow/.local/lib/python3.12/site-packages/airflow/example_dags/example_latest_only_with_trigger.py
[2024-09-06T06:00:05.287+0000] {processor.py:925} INFO - DAG(s) 'latest_only_with_trigger' retrieved from /home/airflow/.local/lib/python3.12/site-packages/airflow/example_dags/example_latest_only_with_trigger.py
[2024-09-06T06:00:05.435+0000] {logging_mixin.py:190} INFO - [2024-09-06T06:00:05.434+0000] {dag.py:3211} INFO - Sync 1 DAGs
[2024-09-06T06:00:05.684+0000] {logging_mixin.py:190} INFO - [2024-09-06T06:00:05.683+0000] {dag.py:4138} INFO - Setting next_dagrun for latest_only_with_trigger to 2024-09-06 00:00:00+00:00, run_after=2024-09-06 04:00:00+00:00
[2024-09-06T06:00:06.702+0000] {processor.py:208} INFO - Processing /home/airflow/.local/lib/python3.12/site-packages/airflow/example_dags/example_latest_only_with_trigger.py took 1.493 seconds
[2024-09-06T06:01:19.600+0000] {processor.py:186} INFO - Started process (PID=1030) to work on /home/airflow/.local/lib/python3.12/site-packages/airflow/example_dags/example_latest_only_with_trigger.py
[2024-09-06T06:01:19.603+0000] {processor.py:914} INFO - Processing file /home/airflow/.local/lib/python3.12/site-packages/airflow/example_dags/example_latest_only_with_trigger.py for tasks to queue
[2024-09-06T06:01:19.622+0000] {logging_mixin.py:190} INFO - [2024-09-06T06:01:19.621+0000] {dagbag.py:587} INFO - Filling up the DagBag from /home/airflow/.local/lib/python3.12/site-packages/airflow/example_dags/example_latest_only_with_trigger.py
[2024-09-06T06:01:19.675+0000] {processor.py:925} INFO - DAG(s) 'latest_only_with_trigger' retrieved from /home/airflow/.local/lib/python3.12/site-packages/airflow/example_dags/example_latest_only_with_trigger.py
[2024-09-06T06:01:19.847+0000] {logging_mixin.py:190} INFO - [2024-09-06T06:01:19.847+0000] {dag.py:3211} INFO - Sync 1 DAGs
[2024-09-06T06:01:19.989+0000] {logging_mixin.py:190} INFO - [2024-09-06T06:01:19.988+0000] {dag.py:4138} INFO - Setting next_dagrun for latest_only_with_trigger to 2024-09-06 00:00:00+00:00, run_after=2024-09-06 04:00:00+00:00
[2024-09-06T06:01:20.084+0000] {processor.py:208} INFO - Processing /home/airflow/.local/lib/python3.12/site-packages/airflow/example_dags/example_latest_only_with_trigger.py took 0.530 seconds
[2024-09-06T06:01:50.870+0000] {processor.py:186} INFO - Started process (PID=1093) to work on /home/airflow/.local/lib/python3.12/site-packages/airflow/example_dags/example_latest_only_with_trigger.py
[2024-09-06T06:01:50.872+0000] {processor.py:914} INFO - Processing file /home/airflow/.local/lib/python3.12/site-packages/airflow/example_dags/example_latest_only_with_trigger.py for tasks to queue
[2024-09-06T06:01:50.878+0000] {logging_mixin.py:190} INFO - [2024-09-06T06:01:50.877+0000] {dagbag.py:587} INFO - Filling up the DagBag from /home/airflow/.local/lib/python3.12/site-packages/airflow/example_dags/example_latest_only_with_trigger.py
[2024-09-06T06:01:50.895+0000] {processor.py:925} INFO - DAG(s) 'latest_only_with_trigger' retrieved from /home/airflow/.local/lib/python3.12/site-packages/airflow/example_dags/example_latest_only_with_trigger.py
[2024-09-06T06:01:50.944+0000] {logging_mixin.py:190} INFO - [2024-09-06T06:01:50.943+0000] {dag.py:3211} INFO - Sync 1 DAGs
[2024-09-06T06:01:51.011+0000] {logging_mixin.py:190} INFO - [2024-09-06T06:01:51.010+0000] {dag.py:4138} INFO - Setting next_dagrun for latest_only_with_trigger to 2024-09-06 00:00:00+00:00, run_after=2024-09-06 04:00:00+00:00
[2024-09-06T06:01:51.056+0000] {processor.py:208} INFO - Processing /home/airflow/.local/lib/python3.12/site-packages/airflow/example_dags/example_latest_only_with_trigger.py took 0.209 seconds
[2024-09-06T06:02:21.362+0000] {processor.py:186} INFO - Started process (PID=1157) to work on /home/airflow/.local/lib/python3.12/site-packages/airflow/example_dags/example_latest_only_with_trigger.py
[2024-09-06T06:02:21.376+0000] {processor.py:914} INFO - Processing file /home/airflow/.local/lib/python3.12/site-packages/airflow/example_dags/example_latest_only_with_trigger.py for tasks to queue
[2024-09-06T06:02:21.396+0000] {logging_mixin.py:190} INFO - [2024-09-06T06:02:21.395+0000] {dagbag.py:587} INFO - Filling up the DagBag from /home/airflow/.local/lib/python3.12/site-packages/airflow/example_dags/example_latest_only_with_trigger.py
[2024-09-06T06:02:21.460+0000] {processor.py:925} INFO - DAG(s) 'latest_only_with_trigger' retrieved from /home/airflow/.local/lib/python3.12/site-packages/airflow/example_dags/example_latest_only_with_trigger.py
[2024-09-06T06:02:21.582+0000] {logging_mixin.py:190} INFO - [2024-09-06T06:02:21.581+0000] {dag.py:3211} INFO - Sync 1 DAGs
[2024-09-06T06:02:21.744+0000] {logging_mixin.py:190} INFO - [2024-09-06T06:02:21.744+0000] {dag.py:4138} INFO - Setting next_dagrun for latest_only_with_trigger to 2024-09-06 00:00:00+00:00, run_after=2024-09-06 04:00:00+00:00
[2024-09-06T06:02:21.928+0000] {processor.py:208} INFO - Processing /home/airflow/.local/lib/python3.12/site-packages/airflow/example_dags/example_latest_only_with_trigger.py took 0.613 seconds
[2024-09-06T06:02:52.326+0000] {processor.py:186} INFO - Started process (PID=1220) to work on /home/airflow/.local/lib/python3.12/site-packages/airflow/example_dags/example_latest_only_with_trigger.py
[2024-09-06T06:02:52.329+0000] {processor.py:914} INFO - Processing file /home/airflow/.local/lib/python3.12/site-packages/airflow/example_dags/example_latest_only_with_trigger.py for tasks to queue
[2024-09-06T06:02:52.339+0000] {logging_mixin.py:190} INFO - [2024-09-06T06:02:52.336+0000] {dagbag.py:587} INFO - Filling up the DagBag from /home/airflow/.local/lib/python3.12/site-packages/airflow/example_dags/example_latest_only_with_trigger.py
[2024-09-06T06:02:52.371+0000] {processor.py:925} INFO - DAG(s) 'latest_only_with_trigger' retrieved from /home/airflow/.local/lib/python3.12/site-packages/airflow/example_dags/example_latest_only_with_trigger.py
[2024-09-06T06:02:52.454+0000] {logging_mixin.py:190} INFO - [2024-09-06T06:02:52.451+0000] {dag.py:3211} INFO - Sync 1 DAGs
[2024-09-06T06:02:52.534+0000] {logging_mixin.py:190} INFO - [2024-09-06T06:02:52.533+0000] {dag.py:4138} INFO - Setting next_dagrun for latest_only_with_trigger to 2024-09-06 00:00:00+00:00, run_after=2024-09-06 04:00:00+00:00
[2024-09-06T06:02:52.617+0000] {processor.py:208} INFO - Processing /home/airflow/.local/lib/python3.12/site-packages/airflow/example_dags/example_latest_only_with_trigger.py took 0.311 seconds
[2024-09-06T06:03:22.969+0000] {processor.py:186} INFO - Started process (PID=1283) to work on /home/airflow/.local/lib/python3.12/site-packages/airflow/example_dags/example_latest_only_with_trigger.py
[2024-09-06T06:03:22.971+0000] {processor.py:914} INFO - Processing file /home/airflow/.local/lib/python3.12/site-packages/airflow/example_dags/example_latest_only_with_trigger.py for tasks to queue
[2024-09-06T06:03:22.983+0000] {logging_mixin.py:190} INFO - [2024-09-06T06:03:22.982+0000] {dagbag.py:587} INFO - Filling up the DagBag from /home/airflow/.local/lib/python3.12/site-packages/airflow/example_dags/example_latest_only_with_trigger.py
[2024-09-06T06:03:22.998+0000] {processor.py:925} INFO - DAG(s) 'latest_only_with_trigger' retrieved from /home/airflow/.local/lib/python3.12/site-packages/airflow/example_dags/example_latest_only_with_trigger.py
[2024-09-06T06:03:23.047+0000] {logging_mixin.py:190} INFO - [2024-09-06T06:03:23.046+0000] {dag.py:3211} INFO - Sync 1 DAGs
[2024-09-06T06:03:23.092+0000] {logging_mixin.py:190} INFO - [2024-09-06T06:03:23.091+0000] {dag.py:4138} INFO - Setting next_dagrun for latest_only_with_trigger to 2024-09-06 00:00:00+00:00, run_after=2024-09-06 04:00:00+00:00
[2024-09-06T06:03:23.125+0000] {processor.py:208} INFO - Processing /home/airflow/.local/lib/python3.12/site-packages/airflow/example_dags/example_latest_only_with_trigger.py took 0.173 seconds
[2024-09-06T06:03:54.349+0000] {processor.py:186} INFO - Started process (PID=1352) to work on /home/airflow/.local/lib/python3.12/site-packages/airflow/example_dags/example_latest_only_with_trigger.py
[2024-09-06T06:03:54.351+0000] {processor.py:914} INFO - Processing file /home/airflow/.local/lib/python3.12/site-packages/airflow/example_dags/example_latest_only_with_trigger.py for tasks to queue
[2024-09-06T06:03:54.357+0000] {logging_mixin.py:190} INFO - [2024-09-06T06:03:54.356+0000] {dagbag.py:587} INFO - Filling up the DagBag from /home/airflow/.local/lib/python3.12/site-packages/airflow/example_dags/example_latest_only_with_trigger.py
[2024-09-06T06:03:54.375+0000] {processor.py:925} INFO - DAG(s) 'latest_only_with_trigger' retrieved from /home/airflow/.local/lib/python3.12/site-packages/airflow/example_dags/example_latest_only_with_trigger.py
[2024-09-06T06:03:54.425+0000] {logging_mixin.py:190} INFO - [2024-09-06T06:03:54.424+0000] {dag.py:3211} INFO - Sync 1 DAGs
[2024-09-06T06:03:54.488+0000] {logging_mixin.py:190} INFO - [2024-09-06T06:03:54.487+0000] {dag.py:4138} INFO - Setting next_dagrun for latest_only_with_trigger to 2024-09-06 00:00:00+00:00, run_after=2024-09-06 04:00:00+00:00
[2024-09-06T06:03:54.523+0000] {processor.py:208} INFO - Processing /home/airflow/.local/lib/python3.12/site-packages/airflow/example_dags/example_latest_only_with_trigger.py took 0.189 seconds
[2024-09-06T06:04:25.140+0000] {processor.py:186} INFO - Started process (PID=1415) to work on /home/airflow/.local/lib/python3.12/site-packages/airflow/example_dags/example_latest_only_with_trigger.py
[2024-09-06T06:04:25.142+0000] {processor.py:914} INFO - Processing file /home/airflow/.local/lib/python3.12/site-packages/airflow/example_dags/example_latest_only_with_trigger.py for tasks to queue
[2024-09-06T06:04:25.148+0000] {logging_mixin.py:190} INFO - [2024-09-06T06:04:25.147+0000] {dagbag.py:587} INFO - Filling up the DagBag from /home/airflow/.local/lib/python3.12/site-packages/airflow/example_dags/example_latest_only_with_trigger.py
[2024-09-06T06:04:25.164+0000] {processor.py:925} INFO - DAG(s) 'latest_only_with_trigger' retrieved from /home/airflow/.local/lib/python3.12/site-packages/airflow/example_dags/example_latest_only_with_trigger.py
[2024-09-06T06:04:25.204+0000] {logging_mixin.py:190} INFO - [2024-09-06T06:04:25.204+0000] {dag.py:3211} INFO - Sync 1 DAGs
[2024-09-06T06:04:25.251+0000] {logging_mixin.py:190} INFO - [2024-09-06T06:04:25.250+0000] {dag.py:4138} INFO - Setting next_dagrun for latest_only_with_trigger to 2024-09-06 00:00:00+00:00, run_after=2024-09-06 04:00:00+00:00
[2024-09-06T06:04:25.287+0000] {processor.py:208} INFO - Processing /home/airflow/.local/lib/python3.12/site-packages/airflow/example_dags/example_latest_only_with_trigger.py took 0.160 seconds
[2024-09-06T06:04:55.780+0000] {processor.py:186} INFO - Started process (PID=1478) to work on /home/airflow/.local/lib/python3.12/site-packages/airflow/example_dags/example_latest_only_with_trigger.py
[2024-09-06T06:04:55.782+0000] {processor.py:914} INFO - Processing file /home/airflow/.local/lib/python3.12/site-packages/airflow/example_dags/example_latest_only_with_trigger.py for tasks to queue
[2024-09-06T06:04:55.786+0000] {logging_mixin.py:190} INFO - [2024-09-06T06:04:55.786+0000] {dagbag.py:587} INFO - Filling up the DagBag from /home/airflow/.local/lib/python3.12/site-packages/airflow/example_dags/example_latest_only_with_trigger.py
[2024-09-06T06:04:55.800+0000] {processor.py:925} INFO - DAG(s) 'latest_only_with_trigger' retrieved from /home/airflow/.local/lib/python3.12/site-packages/airflow/example_dags/example_latest_only_with_trigger.py
[2024-09-06T06:04:55.839+0000] {logging_mixin.py:190} INFO - [2024-09-06T06:04:55.838+0000] {dag.py:3211} INFO - Sync 1 DAGs
[2024-09-06T06:04:55.885+0000] {logging_mixin.py:190} INFO - [2024-09-06T06:04:55.885+0000] {dag.py:4138} INFO - Setting next_dagrun for latest_only_with_trigger to 2024-09-06 00:00:00+00:00, run_after=2024-09-06 04:00:00+00:00
[2024-09-06T06:04:55.921+0000] {processor.py:208} INFO - Processing /home/airflow/.local/lib/python3.12/site-packages/airflow/example_dags/example_latest_only_with_trigger.py took 0.154 seconds
[2024-09-06T06:05:26.469+0000] {processor.py:186} INFO - Started process (PID=1541) to work on /home/airflow/.local/lib/python3.12/site-packages/airflow/example_dags/example_latest_only_with_trigger.py
[2024-09-06T06:05:26.471+0000] {processor.py:914} INFO - Processing file /home/airflow/.local/lib/python3.12/site-packages/airflow/example_dags/example_latest_only_with_trigger.py for tasks to queue
[2024-09-06T06:05:26.475+0000] {logging_mixin.py:190} INFO - [2024-09-06T06:05:26.475+0000] {dagbag.py:587} INFO - Filling up the DagBag from /home/airflow/.local/lib/python3.12/site-packages/airflow/example_dags/example_latest_only_with_trigger.py
[2024-09-06T06:05:26.489+0000] {processor.py:925} INFO - DAG(s) 'latest_only_with_trigger' retrieved from /home/airflow/.local/lib/python3.12/site-packages/airflow/example_dags/example_latest_only_with_trigger.py
[2024-09-06T06:05:26.525+0000] {logging_mixin.py:190} INFO - [2024-09-06T06:05:26.525+0000] {dag.py:3211} INFO - Sync 1 DAGs
[2024-09-06T06:05:26.570+0000] {logging_mixin.py:190} INFO - [2024-09-06T06:05:26.570+0000] {dag.py:4138} INFO - Setting next_dagrun for latest_only_with_trigger to 2024-09-06 00:00:00+00:00, run_after=2024-09-06 04:00:00+00:00
[2024-09-06T06:05:26.611+0000] {processor.py:208} INFO - Processing /home/airflow/.local/lib/python3.12/site-packages/airflow/example_dags/example_latest_only_with_trigger.py took 0.154 seconds
[2024-09-06T06:05:57.239+0000] {processor.py:186} INFO - Started process (PID=1604) to work on /home/airflow/.local/lib/python3.12/site-packages/airflow/example_dags/example_latest_only_with_trigger.py
[2024-09-06T06:05:57.241+0000] {processor.py:914} INFO - Processing file /home/airflow/.local/lib/python3.12/site-packages/airflow/example_dags/example_latest_only_with_trigger.py for tasks to queue
[2024-09-06T06:05:57.247+0000] {logging_mixin.py:190} INFO - [2024-09-06T06:05:57.246+0000] {dagbag.py:587} INFO - Filling up the DagBag from /home/airflow/.local/lib/python3.12/site-packages/airflow/example_dags/example_latest_only_with_trigger.py
[2024-09-06T06:05:57.264+0000] {processor.py:925} INFO - DAG(s) 'latest_only_with_trigger' retrieved from /home/airflow/.local/lib/python3.12/site-packages/airflow/example_dags/example_latest_only_with_trigger.py
[2024-09-06T06:05:57.310+0000] {logging_mixin.py:190} INFO - [2024-09-06T06:05:57.310+0000] {dag.py:3211} INFO - Sync 1 DAGs
[2024-09-06T06:05:57.370+0000] {logging_mixin.py:190} INFO - [2024-09-06T06:05:57.369+0000] {dag.py:4138} INFO - Setting next_dagrun for latest_only_with_trigger to 2024-09-06 00:00:00+00:00, run_after=2024-09-06 04:00:00+00:00
[2024-09-06T06:05:57.415+0000] {processor.py:208} INFO - Processing /home/airflow/.local/lib/python3.12/site-packages/airflow/example_dags/example_latest_only_with_trigger.py took 0.189 seconds
[2024-09-06T06:06:27.488+0000] {processor.py:186} INFO - Started process (PID=1667) to work on /home/airflow/.local/lib/python3.12/site-packages/airflow/example_dags/example_latest_only_with_trigger.py
[2024-09-06T06:06:27.490+0000] {processor.py:914} INFO - Processing file /home/airflow/.local/lib/python3.12/site-packages/airflow/example_dags/example_latest_only_with_trigger.py for tasks to queue
[2024-09-06T06:06:27.495+0000] {logging_mixin.py:190} INFO - [2024-09-06T06:06:27.494+0000] {dagbag.py:587} INFO - Filling up the DagBag from /home/airflow/.local/lib/python3.12/site-packages/airflow/example_dags/example_latest_only_with_trigger.py
[2024-09-06T06:06:27.510+0000] {processor.py:925} INFO - DAG(s) 'latest_only_with_trigger' retrieved from /home/airflow/.local/lib/python3.12/site-packages/airflow/example_dags/example_latest_only_with_trigger.py
[2024-09-06T06:06:27.548+0000] {logging_mixin.py:190} INFO - [2024-09-06T06:06:27.547+0000] {dag.py:3211} INFO - Sync 1 DAGs
[2024-09-06T06:06:27.594+0000] {logging_mixin.py:190} INFO - [2024-09-06T06:06:27.594+0000] {dag.py:4138} INFO - Setting next_dagrun for latest_only_with_trigger to 2024-09-06 00:00:00+00:00, run_after=2024-09-06 04:00:00+00:00
[2024-09-06T06:06:27.656+0000] {processor.py:208} INFO - Processing /home/airflow/.local/lib/python3.12/site-packages/airflow/example_dags/example_latest_only_with_trigger.py took 0.181 seconds
[2024-09-06T06:06:58.809+0000] {processor.py:186} INFO - Started process (PID=1730) to work on /home/airflow/.local/lib/python3.12/site-packages/airflow/example_dags/example_latest_only_with_trigger.py
[2024-09-06T06:06:58.821+0000] {processor.py:914} INFO - Processing file /home/airflow/.local/lib/python3.12/site-packages/airflow/example_dags/example_latest_only_with_trigger.py for tasks to queue
[2024-09-06T06:06:58.841+0000] {logging_mixin.py:190} INFO - [2024-09-06T06:06:58.840+0000] {dagbag.py:587} INFO - Filling up the DagBag from /home/airflow/.local/lib/python3.12/site-packages/airflow/example_dags/example_latest_only_with_trigger.py
[2024-09-06T06:06:58.895+0000] {processor.py:925} INFO - DAG(s) 'latest_only_with_trigger' retrieved from /home/airflow/.local/lib/python3.12/site-packages/airflow/example_dags/example_latest_only_with_trigger.py
[2024-09-06T06:06:58.973+0000] {logging_mixin.py:190} INFO - [2024-09-06T06:06:58.972+0000] {dag.py:3211} INFO - Sync 1 DAGs
[2024-09-06T06:06:59.036+0000] {logging_mixin.py:190} INFO - [2024-09-06T06:06:59.036+0000] {dag.py:4138} INFO - Setting next_dagrun for latest_only_with_trigger to 2024-09-06 00:00:00+00:00, run_after=2024-09-06 04:00:00+00:00
[2024-09-06T06:06:59.088+0000] {processor.py:208} INFO - Processing /home/airflow/.local/lib/python3.12/site-packages/airflow/example_dags/example_latest_only_with_trigger.py took 0.310 seconds
[2024-09-06T06:07:29.209+0000] {processor.py:186} INFO - Started process (PID=1793) to work on /home/airflow/.local/lib/python3.12/site-packages/airflow/example_dags/example_latest_only_with_trigger.py
[2024-09-06T06:07:29.211+0000] {processor.py:914} INFO - Processing file /home/airflow/.local/lib/python3.12/site-packages/airflow/example_dags/example_latest_only_with_trigger.py for tasks to queue
[2024-09-06T06:07:29.217+0000] {logging_mixin.py:190} INFO - [2024-09-06T06:07:29.216+0000] {dagbag.py:587} INFO - Filling up the DagBag from /home/airflow/.local/lib/python3.12/site-packages/airflow/example_dags/example_latest_only_with_trigger.py
[2024-09-06T06:07:29.231+0000] {processor.py:925} INFO - DAG(s) 'latest_only_with_trigger' retrieved from /home/airflow/.local/lib/python3.12/site-packages/airflow/example_dags/example_latest_only_with_trigger.py
[2024-09-06T06:07:29.268+0000] {logging_mixin.py:190} INFO - [2024-09-06T06:07:29.267+0000] {dag.py:3211} INFO - Sync 1 DAGs
[2024-09-06T06:07:29.315+0000] {logging_mixin.py:190} INFO - [2024-09-06T06:07:29.314+0000] {dag.py:4138} INFO - Setting next_dagrun for latest_only_with_trigger to 2024-09-06 00:00:00+00:00, run_after=2024-09-06 04:00:00+00:00
[2024-09-06T06:07:29.352+0000] {processor.py:208} INFO - Processing /home/airflow/.local/lib/python3.12/site-packages/airflow/example_dags/example_latest_only_with_trigger.py took 0.154 seconds
[2024-09-06T06:08:00.603+0000] {processor.py:186} INFO - Started process (PID=1856) to work on /home/airflow/.local/lib/python3.12/site-packages/airflow/example_dags/example_latest_only_with_trigger.py
[2024-09-06T06:08:00.605+0000] {processor.py:914} INFO - Processing file /home/airflow/.local/lib/python3.12/site-packages/airflow/example_dags/example_latest_only_with_trigger.py for tasks to queue
[2024-09-06T06:08:00.648+0000] {logging_mixin.py:190} INFO - [2024-09-06T06:08:00.637+0000] {dagbag.py:587} INFO - Filling up the DagBag from /home/airflow/.local/lib/python3.12/site-packages/airflow/example_dags/example_latest_only_with_trigger.py
[2024-09-06T06:08:00.698+0000] {processor.py:925} INFO - DAG(s) 'latest_only_with_trigger' retrieved from /home/airflow/.local/lib/python3.12/site-packages/airflow/example_dags/example_latest_only_with_trigger.py
[2024-09-06T06:08:00.828+0000] {logging_mixin.py:190} INFO - [2024-09-06T06:08:00.827+0000] {dag.py:3211} INFO - Sync 1 DAGs
[2024-09-06T06:08:01.019+0000] {logging_mixin.py:190} INFO - [2024-09-06T06:08:01.018+0000] {dag.py:4138} INFO - Setting next_dagrun for latest_only_with_trigger to 2024-09-06 00:00:00+00:00, run_after=2024-09-06 04:00:00+00:00
[2024-09-06T06:08:01.137+0000] {processor.py:208} INFO - Processing /home/airflow/.local/lib/python3.12/site-packages/airflow/example_dags/example_latest_only_with_trigger.py took 0.589 seconds
[2024-09-06T06:08:32.101+0000] {processor.py:186} INFO - Started process (PID=1919) to work on /home/airflow/.local/lib/python3.12/site-packages/airflow/example_dags/example_latest_only_with_trigger.py
[2024-09-06T06:08:32.103+0000] {processor.py:914} INFO - Processing file /home/airflow/.local/lib/python3.12/site-packages/airflow/example_dags/example_latest_only_with_trigger.py for tasks to queue
[2024-09-06T06:08:32.108+0000] {logging_mixin.py:190} INFO - [2024-09-06T06:08:32.107+0000] {dagbag.py:587} INFO - Filling up the DagBag from /home/airflow/.local/lib/python3.12/site-packages/airflow/example_dags/example_latest_only_with_trigger.py
[2024-09-06T06:08:32.123+0000] {processor.py:925} INFO - DAG(s) 'latest_only_with_trigger' retrieved from /home/airflow/.local/lib/python3.12/site-packages/airflow/example_dags/example_latest_only_with_trigger.py
[2024-09-06T06:08:32.161+0000] {logging_mixin.py:190} INFO - [2024-09-06T06:08:32.161+0000] {dag.py:3211} INFO - Sync 1 DAGs
[2024-09-06T06:08:32.213+0000] {logging_mixin.py:190} INFO - [2024-09-06T06:08:32.213+0000] {dag.py:4138} INFO - Setting next_dagrun for latest_only_with_trigger to 2024-09-06 00:00:00+00:00, run_after=2024-09-06 04:00:00+00:00
[2024-09-06T06:08:32.251+0000] {processor.py:208} INFO - Processing /home/airflow/.local/lib/python3.12/site-packages/airflow/example_dags/example_latest_only_with_trigger.py took 0.161 seconds
[2024-09-06T06:09:02.496+0000] {processor.py:186} INFO - Started process (PID=1982) to work on /home/airflow/.local/lib/python3.12/site-packages/airflow/example_dags/example_latest_only_with_trigger.py
[2024-09-06T06:09:02.498+0000] {processor.py:914} INFO - Processing file /home/airflow/.local/lib/python3.12/site-packages/airflow/example_dags/example_latest_only_with_trigger.py for tasks to queue
[2024-09-06T06:09:02.505+0000] {logging_mixin.py:190} INFO - [2024-09-06T06:09:02.504+0000] {dagbag.py:587} INFO - Filling up the DagBag from /home/airflow/.local/lib/python3.12/site-packages/airflow/example_dags/example_latest_only_with_trigger.py
[2024-09-06T06:09:02.528+0000] {processor.py:925} INFO - DAG(s) 'latest_only_with_trigger' retrieved from /home/airflow/.local/lib/python3.12/site-packages/airflow/example_dags/example_latest_only_with_trigger.py
[2024-09-06T06:09:02.590+0000] {logging_mixin.py:190} INFO - [2024-09-06T06:09:02.590+0000] {dag.py:3211} INFO - Sync 1 DAGs
[2024-09-06T06:09:02.653+0000] {logging_mixin.py:190} INFO - [2024-09-06T06:09:02.653+0000] {dag.py:4138} INFO - Setting next_dagrun for latest_only_with_trigger to 2024-09-06 00:00:00+00:00, run_after=2024-09-06 04:00:00+00:00
[2024-09-06T06:09:02.697+0000] {processor.py:208} INFO - Processing /home/airflow/.local/lib/python3.12/site-packages/airflow/example_dags/example_latest_only_with_trigger.py took 0.217 seconds
[2024-09-06T06:09:32.804+0000] {processor.py:186} INFO - Started process (PID=2046) to work on /home/airflow/.local/lib/python3.12/site-packages/airflow/example_dags/example_latest_only_with_trigger.py
[2024-09-06T06:09:32.806+0000] {processor.py:914} INFO - Processing file /home/airflow/.local/lib/python3.12/site-packages/airflow/example_dags/example_latest_only_with_trigger.py for tasks to queue
[2024-09-06T06:09:32.812+0000] {logging_mixin.py:190} INFO - [2024-09-06T06:09:32.811+0000] {dagbag.py:587} INFO - Filling up the DagBag from /home/airflow/.local/lib/python3.12/site-packages/airflow/example_dags/example_latest_only_with_trigger.py
[2024-09-06T06:09:32.828+0000] {processor.py:925} INFO - DAG(s) 'latest_only_with_trigger' retrieved from /home/airflow/.local/lib/python3.12/site-packages/airflow/example_dags/example_latest_only_with_trigger.py
[2024-09-06T06:09:32.919+0000] {logging_mixin.py:190} INFO - [2024-09-06T06:09:32.918+0000] {dag.py:3211} INFO - Sync 1 DAGs
[2024-09-06T06:09:32.992+0000] {logging_mixin.py:190} INFO - [2024-09-06T06:09:32.991+0000] {dag.py:4138} INFO - Setting next_dagrun for latest_only_with_trigger to 2024-09-06 00:00:00+00:00, run_after=2024-09-06 04:00:00+00:00
[2024-09-06T06:09:33.039+0000] {processor.py:208} INFO - Processing /home/airflow/.local/lib/python3.12/site-packages/airflow/example_dags/example_latest_only_with_trigger.py took 0.248 seconds
[2024-09-06T06:10:03.573+0000] {processor.py:186} INFO - Started process (PID=2109) to work on /home/airflow/.local/lib/python3.12/site-packages/airflow/example_dags/example_latest_only_with_trigger.py
[2024-09-06T06:10:03.576+0000] {processor.py:914} INFO - Processing file /home/airflow/.local/lib/python3.12/site-packages/airflow/example_dags/example_latest_only_with_trigger.py for tasks to queue
[2024-09-06T06:10:03.582+0000] {logging_mixin.py:190} INFO - [2024-09-06T06:10:03.581+0000] {dagbag.py:587} INFO - Filling up the DagBag from /home/airflow/.local/lib/python3.12/site-packages/airflow/example_dags/example_latest_only_with_trigger.py
[2024-09-06T06:10:03.598+0000] {processor.py:925} INFO - DAG(s) 'latest_only_with_trigger' retrieved from /home/airflow/.local/lib/python3.12/site-packages/airflow/example_dags/example_latest_only_with_trigger.py
[2024-09-06T06:10:03.652+0000] {logging_mixin.py:190} INFO - [2024-09-06T06:10:03.651+0000] {dag.py:3211} INFO - Sync 1 DAGs
[2024-09-06T06:10:03.707+0000] {logging_mixin.py:190} INFO - [2024-09-06T06:10:03.706+0000] {dag.py:4138} INFO - Setting next_dagrun for latest_only_with_trigger to 2024-09-06 00:00:00+00:00, run_after=2024-09-06 04:00:00+00:00
[2024-09-06T06:10:03.744+0000] {processor.py:208} INFO - Processing /home/airflow/.local/lib/python3.12/site-packages/airflow/example_dags/example_latest_only_with_trigger.py took 0.184 seconds
[2024-09-06T06:10:33.886+0000] {processor.py:186} INFO - Started process (PID=2172) to work on /home/airflow/.local/lib/python3.12/site-packages/airflow/example_dags/example_latest_only_with_trigger.py
[2024-09-06T06:10:33.888+0000] {processor.py:914} INFO - Processing file /home/airflow/.local/lib/python3.12/site-packages/airflow/example_dags/example_latest_only_with_trigger.py for tasks to queue
[2024-09-06T06:10:33.893+0000] {logging_mixin.py:190} INFO - [2024-09-06T06:10:33.893+0000] {dagbag.py:587} INFO - Filling up the DagBag from /home/airflow/.local/lib/python3.12/site-packages/airflow/example_dags/example_latest_only_with_trigger.py
[2024-09-06T06:10:33.908+0000] {processor.py:925} INFO - DAG(s) 'latest_only_with_trigger' retrieved from /home/airflow/.local/lib/python3.12/site-packages/airflow/example_dags/example_latest_only_with_trigger.py
[2024-09-06T06:10:33.949+0000] {logging_mixin.py:190} INFO - [2024-09-06T06:10:33.948+0000] {dag.py:3211} INFO - Sync 1 DAGs
[2024-09-06T06:10:34.005+0000] {logging_mixin.py:190} INFO - [2024-09-06T06:10:34.005+0000] {dag.py:4138} INFO - Setting next_dagrun for latest_only_with_trigger to 2024-09-06 00:00:00+00:00, run_after=2024-09-06 04:00:00+00:00
[2024-09-06T06:10:34.041+0000] {processor.py:208} INFO - Processing /home/airflow/.local/lib/python3.12/site-packages/airflow/example_dags/example_latest_only_with_trigger.py took 0.166 seconds
[2024-09-06T06:11:04.312+0000] {processor.py:186} INFO - Started process (PID=2235) to work on /home/airflow/.local/lib/python3.12/site-packages/airflow/example_dags/example_latest_only_with_trigger.py
[2024-09-06T06:11:04.314+0000] {processor.py:914} INFO - Processing file /home/airflow/.local/lib/python3.12/site-packages/airflow/example_dags/example_latest_only_with_trigger.py for tasks to queue
[2024-09-06T06:11:04.319+0000] {logging_mixin.py:190} INFO - [2024-09-06T06:11:04.318+0000] {dagbag.py:587} INFO - Filling up the DagBag from /home/airflow/.local/lib/python3.12/site-packages/airflow/example_dags/example_latest_only_with_trigger.py
[2024-09-06T06:11:04.333+0000] {processor.py:925} INFO - DAG(s) 'latest_only_with_trigger' retrieved from /home/airflow/.local/lib/python3.12/site-packages/airflow/example_dags/example_latest_only_with_trigger.py
[2024-09-06T06:11:04.373+0000] {logging_mixin.py:190} INFO - [2024-09-06T06:11:04.372+0000] {dag.py:3211} INFO - Sync 1 DAGs
[2024-09-06T06:11:04.419+0000] {logging_mixin.py:190} INFO - [2024-09-06T06:11:04.419+0000] {dag.py:4138} INFO - Setting next_dagrun for latest_only_with_trigger to 2024-09-06 00:00:00+00:00, run_after=2024-09-06 04:00:00+00:00
[2024-09-06T06:11:04.456+0000] {processor.py:208} INFO - Processing /home/airflow/.local/lib/python3.12/site-packages/airflow/example_dags/example_latest_only_with_trigger.py took 0.156 seconds
[2024-09-06T06:11:34.862+0000] {processor.py:186} INFO - Started process (PID=2298) to work on /home/airflow/.local/lib/python3.12/site-packages/airflow/example_dags/example_latest_only_with_trigger.py
[2024-09-06T06:11:34.865+0000] {processor.py:914} INFO - Processing file /home/airflow/.local/lib/python3.12/site-packages/airflow/example_dags/example_latest_only_with_trigger.py for tasks to queue
[2024-09-06T06:11:34.873+0000] {logging_mixin.py:190} INFO - [2024-09-06T06:11:34.872+0000] {dagbag.py:587} INFO - Filling up the DagBag from /home/airflow/.local/lib/python3.12/site-packages/airflow/example_dags/example_latest_only_with_trigger.py
[2024-09-06T06:11:34.895+0000] {processor.py:925} INFO - DAG(s) 'latest_only_with_trigger' retrieved from /home/airflow/.local/lib/python3.12/site-packages/airflow/example_dags/example_latest_only_with_trigger.py
[2024-09-06T06:11:34.957+0000] {logging_mixin.py:190} INFO - [2024-09-06T06:11:34.956+0000] {dag.py:3211} INFO - Sync 1 DAGs
[2024-09-06T06:11:35.010+0000] {logging_mixin.py:190} INFO - [2024-09-06T06:11:35.010+0000] {dag.py:4138} INFO - Setting next_dagrun for latest_only_with_trigger to 2024-09-06 00:00:00+00:00, run_after=2024-09-06 04:00:00+00:00
[2024-09-06T06:11:35.048+0000] {processor.py:208} INFO - Processing /home/airflow/.local/lib/python3.12/site-packages/airflow/example_dags/example_latest_only_with_trigger.py took 0.201 seconds
[2024-09-06T06:12:05.500+0000] {processor.py:186} INFO - Started process (PID=2361) to work on /home/airflow/.local/lib/python3.12/site-packages/airflow/example_dags/example_latest_only_with_trigger.py
[2024-09-06T06:12:05.502+0000] {processor.py:914} INFO - Processing file /home/airflow/.local/lib/python3.12/site-packages/airflow/example_dags/example_latest_only_with_trigger.py for tasks to queue
[2024-09-06T06:12:05.506+0000] {logging_mixin.py:190} INFO - [2024-09-06T06:12:05.506+0000] {dagbag.py:587} INFO - Filling up the DagBag from /home/airflow/.local/lib/python3.12/site-packages/airflow/example_dags/example_latest_only_with_trigger.py
[2024-09-06T06:12:05.521+0000] {processor.py:925} INFO - DAG(s) 'latest_only_with_trigger' retrieved from /home/airflow/.local/lib/python3.12/site-packages/airflow/example_dags/example_latest_only_with_trigger.py
[2024-09-06T06:12:05.579+0000] {logging_mixin.py:190} INFO - [2024-09-06T06:12:05.575+0000] {dag.py:3211} INFO - Sync 1 DAGs
[2024-09-06T06:12:05.630+0000] {logging_mixin.py:190} INFO - [2024-09-06T06:12:05.629+0000] {dag.py:4138} INFO - Setting next_dagrun for latest_only_with_trigger to 2024-09-06 00:00:00+00:00, run_after=2024-09-06 04:00:00+00:00
[2024-09-06T06:12:05.665+0000] {processor.py:208} INFO - Processing /home/airflow/.local/lib/python3.12/site-packages/airflow/example_dags/example_latest_only_with_trigger.py took 0.179 seconds
[2024-09-06T06:12:36.517+0000] {processor.py:186} INFO - Started process (PID=2425) to work on /home/airflow/.local/lib/python3.12/site-packages/airflow/example_dags/example_latest_only_with_trigger.py
[2024-09-06T06:12:36.520+0000] {processor.py:914} INFO - Processing file /home/airflow/.local/lib/python3.12/site-packages/airflow/example_dags/example_latest_only_with_trigger.py for tasks to queue
[2024-09-06T06:12:36.528+0000] {logging_mixin.py:190} INFO - [2024-09-06T06:12:36.527+0000] {dagbag.py:587} INFO - Filling up the DagBag from /home/airflow/.local/lib/python3.12/site-packages/airflow/example_dags/example_latest_only_with_trigger.py
[2024-09-06T06:12:36.566+0000] {processor.py:925} INFO - DAG(s) 'latest_only_with_trigger' retrieved from /home/airflow/.local/lib/python3.12/site-packages/airflow/example_dags/example_latest_only_with_trigger.py
[2024-09-06T06:12:36.635+0000] {logging_mixin.py:190} INFO - [2024-09-06T06:12:36.635+0000] {dag.py:3211} INFO - Sync 1 DAGs
[2024-09-06T06:12:36.695+0000] {logging_mixin.py:190} INFO - [2024-09-06T06:12:36.693+0000] {dag.py:4138} INFO - Setting next_dagrun for latest_only_with_trigger to 2024-09-06 00:00:00+00:00, run_after=2024-09-06 04:00:00+00:00
[2024-09-06T06:12:36.737+0000] {processor.py:208} INFO - Processing /home/airflow/.local/lib/python3.12/site-packages/airflow/example_dags/example_latest_only_with_trigger.py took 0.250 seconds
[2024-09-06T06:13:06.999+0000] {processor.py:186} INFO - Started process (PID=2495) to work on /home/airflow/.local/lib/python3.12/site-packages/airflow/example_dags/example_latest_only_with_trigger.py
[2024-09-06T06:13:07.001+0000] {processor.py:914} INFO - Processing file /home/airflow/.local/lib/python3.12/site-packages/airflow/example_dags/example_latest_only_with_trigger.py for tasks to queue
[2024-09-06T06:13:07.007+0000] {logging_mixin.py:190} INFO - [2024-09-06T06:13:07.006+0000] {dagbag.py:587} INFO - Filling up the DagBag from /home/airflow/.local/lib/python3.12/site-packages/airflow/example_dags/example_latest_only_with_trigger.py
[2024-09-06T06:13:07.024+0000] {processor.py:925} INFO - DAG(s) 'latest_only_with_trigger' retrieved from /home/airflow/.local/lib/python3.12/site-packages/airflow/example_dags/example_latest_only_with_trigger.py
[2024-09-06T06:13:07.082+0000] {logging_mixin.py:190} INFO - [2024-09-06T06:13:07.081+0000] {dag.py:3211} INFO - Sync 1 DAGs
[2024-09-06T06:13:07.158+0000] {logging_mixin.py:190} INFO - [2024-09-06T06:13:07.158+0000] {dag.py:4138} INFO - Setting next_dagrun for latest_only_with_trigger to 2024-09-06 00:00:00+00:00, run_after=2024-09-06 04:00:00+00:00
[2024-09-06T06:13:07.209+0000] {processor.py:208} INFO - Processing /home/airflow/.local/lib/python3.12/site-packages/airflow/example_dags/example_latest_only_with_trigger.py took 0.223 seconds
[2024-09-06T06:13:37.621+0000] {processor.py:186} INFO - Started process (PID=2577) to work on /home/airflow/.local/lib/python3.12/site-packages/airflow/example_dags/example_latest_only_with_trigger.py
[2024-09-06T06:13:37.625+0000] {processor.py:914} INFO - Processing file /home/airflow/.local/lib/python3.12/site-packages/airflow/example_dags/example_latest_only_with_trigger.py for tasks to queue
[2024-09-06T06:13:37.630+0000] {logging_mixin.py:190} INFO - [2024-09-06T06:13:37.630+0000] {dagbag.py:587} INFO - Filling up the DagBag from /home/airflow/.local/lib/python3.12/site-packages/airflow/example_dags/example_latest_only_with_trigger.py
[2024-09-06T06:13:37.648+0000] {processor.py:925} INFO - DAG(s) 'latest_only_with_trigger' retrieved from /home/airflow/.local/lib/python3.12/site-packages/airflow/example_dags/example_latest_only_with_trigger.py
[2024-09-06T06:13:37.691+0000] {logging_mixin.py:190} INFO - [2024-09-06T06:13:37.690+0000] {dag.py:3211} INFO - Sync 1 DAGs
[2024-09-06T06:13:37.742+0000] {logging_mixin.py:190} INFO - [2024-09-06T06:13:37.742+0000] {dag.py:4138} INFO - Setting next_dagrun for latest_only_with_trigger to 2024-09-06 00:00:00+00:00, run_after=2024-09-06 04:00:00+00:00
[2024-09-06T06:13:37.780+0000] {processor.py:208} INFO - Processing /home/airflow/.local/lib/python3.12/site-packages/airflow/example_dags/example_latest_only_with_trigger.py took 0.181 seconds
[2024-09-06T06:14:08.739+0000] {processor.py:186} INFO - Started process (PID=2644) to work on /home/airflow/.local/lib/python3.12/site-packages/airflow/example_dags/example_latest_only_with_trigger.py
[2024-09-06T06:14:08.742+0000] {processor.py:914} INFO - Processing file /home/airflow/.local/lib/python3.12/site-packages/airflow/example_dags/example_latest_only_with_trigger.py for tasks to queue
[2024-09-06T06:14:08.747+0000] {logging_mixin.py:190} INFO - [2024-09-06T06:14:08.746+0000] {dagbag.py:587} INFO - Filling up the DagBag from /home/airflow/.local/lib/python3.12/site-packages/airflow/example_dags/example_latest_only_with_trigger.py
[2024-09-06T06:14:08.762+0000] {processor.py:925} INFO - DAG(s) 'latest_only_with_trigger' retrieved from /home/airflow/.local/lib/python3.12/site-packages/airflow/example_dags/example_latest_only_with_trigger.py
[2024-09-06T06:14:08.804+0000] {logging_mixin.py:190} INFO - [2024-09-06T06:14:08.803+0000] {dag.py:3211} INFO - Sync 1 DAGs
[2024-09-06T06:14:08.855+0000] {logging_mixin.py:190} INFO - [2024-09-06T06:14:08.854+0000] {dag.py:4138} INFO - Setting next_dagrun for latest_only_with_trigger to 2024-09-06 00:00:00+00:00, run_after=2024-09-06 04:00:00+00:00
[2024-09-06T06:14:08.894+0000] {processor.py:208} INFO - Processing /home/airflow/.local/lib/python3.12/site-packages/airflow/example_dags/example_latest_only_with_trigger.py took 0.173 seconds
[2024-09-06T06:14:39.446+0000] {processor.py:186} INFO - Started process (PID=2718) to work on /home/airflow/.local/lib/python3.12/site-packages/airflow/example_dags/example_latest_only_with_trigger.py
[2024-09-06T06:14:39.448+0000] {processor.py:914} INFO - Processing file /home/airflow/.local/lib/python3.12/site-packages/airflow/example_dags/example_latest_only_with_trigger.py for tasks to queue
[2024-09-06T06:14:39.455+0000] {logging_mixin.py:190} INFO - [2024-09-06T06:14:39.454+0000] {dagbag.py:587} INFO - Filling up the DagBag from /home/airflow/.local/lib/python3.12/site-packages/airflow/example_dags/example_latest_only_with_trigger.py
[2024-09-06T06:14:39.473+0000] {processor.py:925} INFO - DAG(s) 'latest_only_with_trigger' retrieved from /home/airflow/.local/lib/python3.12/site-packages/airflow/example_dags/example_latest_only_with_trigger.py
[2024-09-06T06:14:39.559+0000] {logging_mixin.py:190} INFO - [2024-09-06T06:14:39.558+0000] {dag.py:3211} INFO - Sync 1 DAGs
[2024-09-06T06:14:39.619+0000] {logging_mixin.py:190} INFO - [2024-09-06T06:14:39.619+0000] {dag.py:4138} INFO - Setting next_dagrun for latest_only_with_trigger to 2024-09-06 00:00:00+00:00, run_after=2024-09-06 04:00:00+00:00
[2024-09-06T06:14:39.657+0000] {processor.py:208} INFO - Processing /home/airflow/.local/lib/python3.12/site-packages/airflow/example_dags/example_latest_only_with_trigger.py took 0.236 seconds
[2024-09-06T06:15:13.147+0000] {processor.py:186} INFO - Started process (PID=2781) to work on /home/airflow/.local/lib/python3.12/site-packages/airflow/example_dags/example_latest_only_with_trigger.py
[2024-09-06T06:15:13.149+0000] {processor.py:914} INFO - Processing file /home/airflow/.local/lib/python3.12/site-packages/airflow/example_dags/example_latest_only_with_trigger.py for tasks to queue
[2024-09-06T06:15:13.155+0000] {logging_mixin.py:190} INFO - [2024-09-06T06:15:13.154+0000] {dagbag.py:587} INFO - Filling up the DagBag from /home/airflow/.local/lib/python3.12/site-packages/airflow/example_dags/example_latest_only_with_trigger.py
[2024-09-06T06:15:13.172+0000] {processor.py:925} INFO - DAG(s) 'latest_only_with_trigger' retrieved from /home/airflow/.local/lib/python3.12/site-packages/airflow/example_dags/example_latest_only_with_trigger.py
[2024-09-06T06:15:13.228+0000] {logging_mixin.py:190} INFO - [2024-09-06T06:15:13.227+0000] {dag.py:3211} INFO - Sync 1 DAGs
[2024-09-06T06:15:13.330+0000] {logging_mixin.py:190} INFO - [2024-09-06T06:15:13.329+0000] {dag.py:4138} INFO - Setting next_dagrun for latest_only_with_trigger to 2024-09-06 00:00:00+00:00, run_after=2024-09-06 04:00:00+00:00
[2024-09-06T06:15:13.402+0000] {processor.py:208} INFO - Processing /home/airflow/.local/lib/python3.12/site-packages/airflow/example_dags/example_latest_only_with_trigger.py took 0.276 seconds
[2024-09-06T06:15:44.238+0000] {processor.py:186} INFO - Started process (PID=2848) to work on /home/airflow/.local/lib/python3.12/site-packages/airflow/example_dags/example_latest_only_with_trigger.py
[2024-09-06T06:15:44.240+0000] {processor.py:914} INFO - Processing file /home/airflow/.local/lib/python3.12/site-packages/airflow/example_dags/example_latest_only_with_trigger.py for tasks to queue
[2024-09-06T06:15:44.253+0000] {logging_mixin.py:190} INFO - [2024-09-06T06:15:44.246+0000] {dagbag.py:587} INFO - Filling up the DagBag from /home/airflow/.local/lib/python3.12/site-packages/airflow/example_dags/example_latest_only_with_trigger.py
[2024-09-06T06:15:44.289+0000] {processor.py:925} INFO - DAG(s) 'latest_only_with_trigger' retrieved from /home/airflow/.local/lib/python3.12/site-packages/airflow/example_dags/example_latest_only_with_trigger.py
[2024-09-06T06:15:44.387+0000] {logging_mixin.py:190} INFO - [2024-09-06T06:15:44.385+0000] {dag.py:3211} INFO - Sync 1 DAGs
[2024-09-06T06:15:44.464+0000] {logging_mixin.py:190} INFO - [2024-09-06T06:15:44.462+0000] {dag.py:4138} INFO - Setting next_dagrun for latest_only_with_trigger to 2024-09-06 00:00:00+00:00, run_after=2024-09-06 04:00:00+00:00
[2024-09-06T06:15:44.520+0000] {processor.py:208} INFO - Processing /home/airflow/.local/lib/python3.12/site-packages/airflow/example_dags/example_latest_only_with_trigger.py took 0.315 seconds
[2024-09-06T06:16:15.373+0000] {processor.py:186} INFO - Started process (PID=2914) to work on /home/airflow/.local/lib/python3.12/site-packages/airflow/example_dags/example_latest_only_with_trigger.py
[2024-09-06T06:16:15.378+0000] {processor.py:914} INFO - Processing file /home/airflow/.local/lib/python3.12/site-packages/airflow/example_dags/example_latest_only_with_trigger.py for tasks to queue
[2024-09-06T06:16:15.384+0000] {logging_mixin.py:190} INFO - [2024-09-06T06:16:15.383+0000] {dagbag.py:587} INFO - Filling up the DagBag from /home/airflow/.local/lib/python3.12/site-packages/airflow/example_dags/example_latest_only_with_trigger.py
[2024-09-06T06:16:15.400+0000] {processor.py:925} INFO - DAG(s) 'latest_only_with_trigger' retrieved from /home/airflow/.local/lib/python3.12/site-packages/airflow/example_dags/example_latest_only_with_trigger.py
[2024-09-06T06:16:15.454+0000] {logging_mixin.py:190} INFO - [2024-09-06T06:16:15.454+0000] {dag.py:3211} INFO - Sync 1 DAGs
[2024-09-06T06:16:15.510+0000] {logging_mixin.py:190} INFO - [2024-09-06T06:16:15.509+0000] {dag.py:4138} INFO - Setting next_dagrun for latest_only_with_trigger to 2024-09-06 00:00:00+00:00, run_after=2024-09-06 04:00:00+00:00
[2024-09-06T06:16:15.554+0000] {processor.py:208} INFO - Processing /home/airflow/.local/lib/python3.12/site-packages/airflow/example_dags/example_latest_only_with_trigger.py took 0.201 seconds
[2024-09-06T06:16:47.488+0000] {processor.py:186} INFO - Started process (PID=2980) to work on /home/airflow/.local/lib/python3.12/site-packages/airflow/example_dags/example_latest_only_with_trigger.py
[2024-09-06T06:16:47.490+0000] {processor.py:914} INFO - Processing file /home/airflow/.local/lib/python3.12/site-packages/airflow/example_dags/example_latest_only_with_trigger.py for tasks to queue
[2024-09-06T06:16:47.506+0000] {logging_mixin.py:190} INFO - [2024-09-06T06:16:47.506+0000] {dagbag.py:587} INFO - Filling up the DagBag from /home/airflow/.local/lib/python3.12/site-packages/airflow/example_dags/example_latest_only_with_trigger.py
[2024-09-06T06:16:47.536+0000] {processor.py:925} INFO - DAG(s) 'latest_only_with_trigger' retrieved from /home/airflow/.local/lib/python3.12/site-packages/airflow/example_dags/example_latest_only_with_trigger.py
[2024-09-06T06:16:47.637+0000] {logging_mixin.py:190} INFO - [2024-09-06T06:16:47.636+0000] {dag.py:3211} INFO - Sync 1 DAGs
[2024-09-06T06:16:47.769+0000] {logging_mixin.py:190} INFO - [2024-09-06T06:16:47.769+0000] {dag.py:4138} INFO - Setting next_dagrun for latest_only_with_trigger to 2024-09-06 00:00:00+00:00, run_after=2024-09-06 04:00:00+00:00
[2024-09-06T06:16:47.904+0000] {processor.py:208} INFO - Processing /home/airflow/.local/lib/python3.12/site-packages/airflow/example_dags/example_latest_only_with_trigger.py took 0.468 seconds
[2024-09-06T06:17:18.572+0000] {processor.py:186} INFO - Started process (PID=3046) to work on /home/airflow/.local/lib/python3.12/site-packages/airflow/example_dags/example_latest_only_with_trigger.py
[2024-09-06T06:17:18.574+0000] {processor.py:914} INFO - Processing file /home/airflow/.local/lib/python3.12/site-packages/airflow/example_dags/example_latest_only_with_trigger.py for tasks to queue
[2024-09-06T06:17:18.579+0000] {logging_mixin.py:190} INFO - [2024-09-06T06:17:18.579+0000] {dagbag.py:587} INFO - Filling up the DagBag from /home/airflow/.local/lib/python3.12/site-packages/airflow/example_dags/example_latest_only_with_trigger.py
[2024-09-06T06:17:18.594+0000] {processor.py:925} INFO - DAG(s) 'latest_only_with_trigger' retrieved from /home/airflow/.local/lib/python3.12/site-packages/airflow/example_dags/example_latest_only_with_trigger.py
[2024-09-06T06:17:18.634+0000] {logging_mixin.py:190} INFO - [2024-09-06T06:17:18.634+0000] {dag.py:3211} INFO - Sync 1 DAGs
[2024-09-06T06:17:18.681+0000] {logging_mixin.py:190} INFO - [2024-09-06T06:17:18.681+0000] {dag.py:4138} INFO - Setting next_dagrun for latest_only_with_trigger to 2024-09-06 00:00:00+00:00, run_after=2024-09-06 04:00:00+00:00
[2024-09-06T06:17:18.717+0000] {processor.py:208} INFO - Processing /home/airflow/.local/lib/python3.12/site-packages/airflow/example_dags/example_latest_only_with_trigger.py took 0.163 seconds
[2024-09-06T06:17:57.795+0000] {processor.py:186} INFO - Started process (PID=3116) to work on /home/airflow/.local/lib/python3.12/site-packages/airflow/example_dags/example_latest_only_with_trigger.py
[2024-09-06T06:17:57.811+0000] {processor.py:914} INFO - Processing file /home/airflow/.local/lib/python3.12/site-packages/airflow/example_dags/example_latest_only_with_trigger.py for tasks to queue
[2024-09-06T06:17:57.829+0000] {logging_mixin.py:190} INFO - [2024-09-06T06:17:57.827+0000] {dagbag.py:587} INFO - Filling up the DagBag from /home/airflow/.local/lib/python3.12/site-packages/airflow/example_dags/example_latest_only_with_trigger.py
[2024-09-06T06:17:57.886+0000] {processor.py:925} INFO - DAG(s) 'latest_only_with_trigger' retrieved from /home/airflow/.local/lib/python3.12/site-packages/airflow/example_dags/example_latest_only_with_trigger.py
[2024-09-06T06:17:58.048+0000] {logging_mixin.py:190} INFO - [2024-09-06T06:17:58.048+0000] {dag.py:3211} INFO - Sync 1 DAGs
[2024-09-06T06:17:58.435+0000] {logging_mixin.py:190} INFO - [2024-09-06T06:17:58.418+0000] {dag.py:4138} INFO - Setting next_dagrun for latest_only_with_trigger to 2024-09-06 00:00:00+00:00, run_after=2024-09-06 04:00:00+00:00
[2024-09-06T06:17:58.738+0000] {processor.py:208} INFO - Processing /home/airflow/.local/lib/python3.12/site-packages/airflow/example_dags/example_latest_only_with_trigger.py took 0.996 seconds
[2024-09-06T06:18:42.098+0000] {processor.py:186} INFO - Started process (PID=3212) to work on /home/airflow/.local/lib/python3.12/site-packages/airflow/example_dags/example_latest_only_with_trigger.py
[2024-09-06T06:18:42.101+0000] {processor.py:914} INFO - Processing file /home/airflow/.local/lib/python3.12/site-packages/airflow/example_dags/example_latest_only_with_trigger.py for tasks to queue
[2024-09-06T06:18:42.111+0000] {logging_mixin.py:190} INFO - [2024-09-06T06:18:42.109+0000] {dagbag.py:587} INFO - Filling up the DagBag from /home/airflow/.local/lib/python3.12/site-packages/airflow/example_dags/example_latest_only_with_trigger.py
[2024-09-06T06:18:42.143+0000] {processor.py:925} INFO - DAG(s) 'latest_only_with_trigger' retrieved from /home/airflow/.local/lib/python3.12/site-packages/airflow/example_dags/example_latest_only_with_trigger.py
[2024-09-06T06:18:42.340+0000] {logging_mixin.py:190} INFO - [2024-09-06T06:18:42.340+0000] {dag.py:3211} INFO - Sync 1 DAGs
[2024-09-06T06:18:42.429+0000] {logging_mixin.py:190} INFO - [2024-09-06T06:18:42.429+0000] {dag.py:4138} INFO - Setting next_dagrun for latest_only_with_trigger to 2024-09-06 00:00:00+00:00, run_after=2024-09-06 04:00:00+00:00
[2024-09-06T06:18:42.548+0000] {processor.py:208} INFO - Processing /home/airflow/.local/lib/python3.12/site-packages/airflow/example_dags/example_latest_only_with_trigger.py took 0.479 seconds
[2024-09-06T06:19:36.298+0000] {processor.py:186} INFO - Started process (PID=3289) to work on /home/airflow/.local/lib/python3.12/site-packages/airflow/example_dags/example_latest_only_with_trigger.py
[2024-09-06T06:19:36.300+0000] {processor.py:914} INFO - Processing file /home/airflow/.local/lib/python3.12/site-packages/airflow/example_dags/example_latest_only_with_trigger.py for tasks to queue
[2024-09-06T06:19:36.309+0000] {logging_mixin.py:190} INFO - [2024-09-06T06:19:36.308+0000] {dagbag.py:587} INFO - Filling up the DagBag from /home/airflow/.local/lib/python3.12/site-packages/airflow/example_dags/example_latest_only_with_trigger.py
[2024-09-06T06:19:36.388+0000] {processor.py:925} INFO - DAG(s) 'latest_only_with_trigger' retrieved from /home/airflow/.local/lib/python3.12/site-packages/airflow/example_dags/example_latest_only_with_trigger.py
[2024-09-06T06:19:36.574+0000] {logging_mixin.py:190} INFO - [2024-09-06T06:19:36.573+0000] {dag.py:3211} INFO - Sync 1 DAGs
[2024-09-06T06:19:36.740+0000] {logging_mixin.py:190} INFO - [2024-09-06T06:19:36.740+0000] {dag.py:4138} INFO - Setting next_dagrun for latest_only_with_trigger to 2024-09-06 00:00:00+00:00, run_after=2024-09-06 04:00:00+00:00
[2024-09-06T06:19:36.956+0000] {processor.py:208} INFO - Processing /home/airflow/.local/lib/python3.12/site-packages/airflow/example_dags/example_latest_only_with_trigger.py took 0.743 seconds
