[2024-09-06T05:52:46.337+0000] {processor.py:186} INFO - Started process (PID=95) to work on /home/airflow/.local/lib/python3.12/site-packages/airflow/example_dags/example_short_circuit_operator.py
[2024-09-06T05:52:46.340+0000] {processor.py:914} INFO - Processing file /home/airflow/.local/lib/python3.12/site-packages/airflow/example_dags/example_short_circuit_operator.py for tasks to queue
[2024-09-06T05:52:46.346+0000] {logging_mixin.py:190} INFO - [2024-09-06T05:52:46.345+0000] {dagbag.py:587} INFO - Filling up the DagBag from /home/airflow/.local/lib/python3.12/site-packages/airflow/example_dags/example_short_circuit_operator.py
[2024-09-06T05:52:46.380+0000] {processor.py:925} INFO - DAG(s) 'example_short_circuit_operator' retrieved from /home/airflow/.local/lib/python3.12/site-packages/airflow/example_dags/example_short_circuit_operator.py
[2024-09-06T05:52:46.439+0000] {logging_mixin.py:190} INFO - [2024-09-06T05:52:46.438+0000] {dag.py:3211} INFO - Sync 1 DAGs
[2024-09-06T05:52:46.502+0000] {logging_mixin.py:190} INFO - [2024-09-06T05:52:46.501+0000] {dag.py:4138} INFO - Setting next_dagrun for example_short_circuit_operator to 2024-09-05 00:00:00+00:00, run_after=2024-09-06 00:00:00+00:00
[2024-09-06T05:52:46.551+0000] {processor.py:208} INFO - Processing /home/airflow/.local/lib/python3.12/site-packages/airflow/example_dags/example_short_circuit_operator.py took 0.227 seconds
[2024-09-06T05:53:20.167+0000] {processor.py:186} INFO - Started process (PID=164) to work on /home/airflow/.local/lib/python3.12/site-packages/airflow/example_dags/example_short_circuit_operator.py
[2024-09-06T05:53:20.169+0000] {processor.py:914} INFO - Processing file /home/airflow/.local/lib/python3.12/site-packages/airflow/example_dags/example_short_circuit_operator.py for tasks to queue
[2024-09-06T05:53:20.176+0000] {logging_mixin.py:190} INFO - [2024-09-06T05:53:20.175+0000] {dagbag.py:587} INFO - Filling up the DagBag from /home/airflow/.local/lib/python3.12/site-packages/airflow/example_dags/example_short_circuit_operator.py
[2024-09-06T05:53:20.204+0000] {processor.py:925} INFO - DAG(s) 'example_short_circuit_operator' retrieved from /home/airflow/.local/lib/python3.12/site-packages/airflow/example_dags/example_short_circuit_operator.py
[2024-09-06T05:53:20.266+0000] {logging_mixin.py:190} INFO - [2024-09-06T05:53:20.266+0000] {dag.py:3211} INFO - Sync 1 DAGs
[2024-09-06T05:53:20.329+0000] {logging_mixin.py:190} INFO - [2024-09-06T05:53:20.329+0000] {dag.py:4138} INFO - Setting next_dagrun for example_short_circuit_operator to 2024-09-05 00:00:00+00:00, run_after=2024-09-06 00:00:00+00:00
[2024-09-06T05:53:20.388+0000] {processor.py:208} INFO - Processing /home/airflow/.local/lib/python3.12/site-packages/airflow/example_dags/example_short_circuit_operator.py took 0.242 seconds
[2024-09-06T05:53:51.718+0000] {processor.py:186} INFO - Started process (PID=227) to work on /home/airflow/.local/lib/python3.12/site-packages/airflow/example_dags/example_short_circuit_operator.py
[2024-09-06T05:53:51.728+0000] {processor.py:914} INFO - Processing file /home/airflow/.local/lib/python3.12/site-packages/airflow/example_dags/example_short_circuit_operator.py for tasks to queue
[2024-09-06T05:53:51.736+0000] {logging_mixin.py:190} INFO - [2024-09-06T05:53:51.735+0000] {dagbag.py:587} INFO - Filling up the DagBag from /home/airflow/.local/lib/python3.12/site-packages/airflow/example_dags/example_short_circuit_operator.py
[2024-09-06T05:53:51.776+0000] {processor.py:925} INFO - DAG(s) 'example_short_circuit_operator' retrieved from /home/airflow/.local/lib/python3.12/site-packages/airflow/example_dags/example_short_circuit_operator.py
[2024-09-06T05:53:51.873+0000] {logging_mixin.py:190} INFO - [2024-09-06T05:53:51.872+0000] {dag.py:3211} INFO - Sync 1 DAGs
[2024-09-06T05:53:51.984+0000] {logging_mixin.py:190} INFO - [2024-09-06T05:53:51.983+0000] {dag.py:4138} INFO - Setting next_dagrun for example_short_circuit_operator to 2024-09-05 00:00:00+00:00, run_after=2024-09-06 00:00:00+00:00
[2024-09-06T05:53:52.064+0000] {processor.py:208} INFO - Processing /home/airflow/.local/lib/python3.12/site-packages/airflow/example_dags/example_short_circuit_operator.py took 0.366 seconds
[2024-09-06T05:54:24.714+0000] {processor.py:186} INFO - Started process (PID=289) to work on /home/airflow/.local/lib/python3.12/site-packages/airflow/example_dags/example_short_circuit_operator.py
[2024-09-06T05:54:24.740+0000] {processor.py:914} INFO - Processing file /home/airflow/.local/lib/python3.12/site-packages/airflow/example_dags/example_short_circuit_operator.py for tasks to queue
[2024-09-06T05:54:24.755+0000] {logging_mixin.py:190} INFO - [2024-09-06T05:54:24.755+0000] {dagbag.py:587} INFO - Filling up the DagBag from /home/airflow/.local/lib/python3.12/site-packages/airflow/example_dags/example_short_circuit_operator.py
[2024-09-06T05:54:24.836+0000] {processor.py:925} INFO - DAG(s) 'example_short_circuit_operator' retrieved from /home/airflow/.local/lib/python3.12/site-packages/airflow/example_dags/example_short_circuit_operator.py
[2024-09-06T05:54:25.001+0000] {logging_mixin.py:190} INFO - [2024-09-06T05:54:25.000+0000] {dag.py:3211} INFO - Sync 1 DAGs
[2024-09-06T05:54:25.164+0000] {logging_mixin.py:190} INFO - [2024-09-06T05:54:25.163+0000] {dag.py:4138} INFO - Setting next_dagrun for example_short_circuit_operator to 2024-09-05 00:00:00+00:00, run_after=2024-09-06 00:00:00+00:00
[2024-09-06T05:54:25.344+0000] {processor.py:208} INFO - Processing /home/airflow/.local/lib/python3.12/site-packages/airflow/example_dags/example_short_circuit_operator.py took 0.665 seconds
[2024-09-06T05:54:55.680+0000] {processor.py:186} INFO - Started process (PID=352) to work on /home/airflow/.local/lib/python3.12/site-packages/airflow/example_dags/example_short_circuit_operator.py
[2024-09-06T05:54:55.683+0000] {processor.py:914} INFO - Processing file /home/airflow/.local/lib/python3.12/site-packages/airflow/example_dags/example_short_circuit_operator.py for tasks to queue
[2024-09-06T05:54:55.697+0000] {logging_mixin.py:190} INFO - [2024-09-06T05:54:55.696+0000] {dagbag.py:587} INFO - Filling up the DagBag from /home/airflow/.local/lib/python3.12/site-packages/airflow/example_dags/example_short_circuit_operator.py
[2024-09-06T05:54:55.747+0000] {processor.py:925} INFO - DAG(s) 'example_short_circuit_operator' retrieved from /home/airflow/.local/lib/python3.12/site-packages/airflow/example_dags/example_short_circuit_operator.py
[2024-09-06T05:54:55.901+0000] {logging_mixin.py:190} INFO - [2024-09-06T05:54:55.901+0000] {dag.py:3211} INFO - Sync 1 DAGs
[2024-09-06T05:54:56.036+0000] {logging_mixin.py:190} INFO - [2024-09-06T05:54:56.036+0000] {dag.py:4138} INFO - Setting next_dagrun for example_short_circuit_operator to 2024-09-05 00:00:00+00:00, run_after=2024-09-06 00:00:00+00:00
[2024-09-06T05:54:56.142+0000] {processor.py:208} INFO - Processing /home/airflow/.local/lib/python3.12/site-packages/airflow/example_dags/example_short_circuit_operator.py took 0.499 seconds
[2024-09-06T05:55:26.332+0000] {processor.py:186} INFO - Started process (PID=414) to work on /home/airflow/.local/lib/python3.12/site-packages/airflow/example_dags/example_short_circuit_operator.py
[2024-09-06T05:55:26.334+0000] {processor.py:914} INFO - Processing file /home/airflow/.local/lib/python3.12/site-packages/airflow/example_dags/example_short_circuit_operator.py for tasks to queue
[2024-09-06T05:55:26.340+0000] {logging_mixin.py:190} INFO - [2024-09-06T05:55:26.339+0000] {dagbag.py:587} INFO - Filling up the DagBag from /home/airflow/.local/lib/python3.12/site-packages/airflow/example_dags/example_short_circuit_operator.py
[2024-09-06T05:55:26.360+0000] {processor.py:925} INFO - DAG(s) 'example_short_circuit_operator' retrieved from /home/airflow/.local/lib/python3.12/site-packages/airflow/example_dags/example_short_circuit_operator.py
[2024-09-06T05:55:26.430+0000] {logging_mixin.py:190} INFO - [2024-09-06T05:55:26.430+0000] {dag.py:3211} INFO - Sync 1 DAGs
[2024-09-06T05:55:26.532+0000] {logging_mixin.py:190} INFO - [2024-09-06T05:55:26.531+0000] {dag.py:4138} INFO - Setting next_dagrun for example_short_circuit_operator to 2024-09-05 00:00:00+00:00, run_after=2024-09-06 00:00:00+00:00
[2024-09-06T05:55:26.586+0000] {processor.py:208} INFO - Processing /home/airflow/.local/lib/python3.12/site-packages/airflow/example_dags/example_short_circuit_operator.py took 0.273 seconds
[2024-09-06T05:55:59.381+0000] {processor.py:186} INFO - Started process (PID=478) to work on /home/airflow/.local/lib/python3.12/site-packages/airflow/example_dags/example_short_circuit_operator.py
[2024-09-06T05:55:59.397+0000] {processor.py:914} INFO - Processing file /home/airflow/.local/lib/python3.12/site-packages/airflow/example_dags/example_short_circuit_operator.py for tasks to queue
[2024-09-06T05:55:59.425+0000] {logging_mixin.py:190} INFO - [2024-09-06T05:55:59.420+0000] {dagbag.py:587} INFO - Filling up the DagBag from /home/airflow/.local/lib/python3.12/site-packages/airflow/example_dags/example_short_circuit_operator.py
[2024-09-06T05:55:59.484+0000] {processor.py:925} INFO - DAG(s) 'example_short_circuit_operator' retrieved from /home/airflow/.local/lib/python3.12/site-packages/airflow/example_dags/example_short_circuit_operator.py
[2024-09-06T05:55:59.596+0000] {logging_mixin.py:190} INFO - [2024-09-06T05:55:59.595+0000] {dag.py:3211} INFO - Sync 1 DAGs
[2024-09-06T05:55:59.738+0000] {logging_mixin.py:190} INFO - [2024-09-06T05:55:59.738+0000] {dag.py:4138} INFO - Setting next_dagrun for example_short_circuit_operator to 2024-09-05 00:00:00+00:00, run_after=2024-09-06 00:00:00+00:00
[2024-09-06T05:55:59.870+0000] {processor.py:208} INFO - Processing /home/airflow/.local/lib/python3.12/site-packages/airflow/example_dags/example_short_circuit_operator.py took 0.600 seconds
[2024-09-06T05:56:31.714+0000] {processor.py:186} INFO - Started process (PID=542) to work on /home/airflow/.local/lib/python3.12/site-packages/airflow/example_dags/example_short_circuit_operator.py
[2024-09-06T05:56:31.717+0000] {processor.py:914} INFO - Processing file /home/airflow/.local/lib/python3.12/site-packages/airflow/example_dags/example_short_circuit_operator.py for tasks to queue
[2024-09-06T05:56:31.730+0000] {logging_mixin.py:190} INFO - [2024-09-06T05:56:31.727+0000] {dagbag.py:587} INFO - Filling up the DagBag from /home/airflow/.local/lib/python3.12/site-packages/airflow/example_dags/example_short_circuit_operator.py
[2024-09-06T05:56:31.767+0000] {processor.py:925} INFO - DAG(s) 'example_short_circuit_operator' retrieved from /home/airflow/.local/lib/python3.12/site-packages/airflow/example_dags/example_short_circuit_operator.py
[2024-09-06T05:56:31.914+0000] {logging_mixin.py:190} INFO - [2024-09-06T05:56:31.913+0000] {dag.py:3211} INFO - Sync 1 DAGs
[2024-09-06T05:56:32.223+0000] {logging_mixin.py:190} INFO - [2024-09-06T05:56:32.218+0000] {dag.py:4138} INFO - Setting next_dagrun for example_short_circuit_operator to 2024-09-05 00:00:00+00:00, run_after=2024-09-06 00:00:00+00:00
[2024-09-06T05:56:32.380+0000] {processor.py:208} INFO - Processing /home/airflow/.local/lib/python3.12/site-packages/airflow/example_dags/example_short_circuit_operator.py took 0.708 seconds
[2024-09-06T05:57:03.245+0000] {processor.py:186} INFO - Started process (PID=604) to work on /home/airflow/.local/lib/python3.12/site-packages/airflow/example_dags/example_short_circuit_operator.py
[2024-09-06T05:57:03.248+0000] {processor.py:914} INFO - Processing file /home/airflow/.local/lib/python3.12/site-packages/airflow/example_dags/example_short_circuit_operator.py for tasks to queue
[2024-09-06T05:57:03.256+0000] {logging_mixin.py:190} INFO - [2024-09-06T05:57:03.254+0000] {dagbag.py:587} INFO - Filling up the DagBag from /home/airflow/.local/lib/python3.12/site-packages/airflow/example_dags/example_short_circuit_operator.py
[2024-09-06T05:57:03.281+0000] {processor.py:925} INFO - DAG(s) 'example_short_circuit_operator' retrieved from /home/airflow/.local/lib/python3.12/site-packages/airflow/example_dags/example_short_circuit_operator.py
[2024-09-06T05:57:03.357+0000] {logging_mixin.py:190} INFO - [2024-09-06T05:57:03.357+0000] {dag.py:3211} INFO - Sync 1 DAGs
[2024-09-06T05:57:03.564+0000] {logging_mixin.py:190} INFO - [2024-09-06T05:57:03.559+0000] {dag.py:4138} INFO - Setting next_dagrun for example_short_circuit_operator to 2024-09-05 00:00:00+00:00, run_after=2024-09-06 00:00:00+00:00
[2024-09-06T05:57:03.675+0000] {processor.py:208} INFO - Processing /home/airflow/.local/lib/python3.12/site-packages/airflow/example_dags/example_short_circuit_operator.py took 0.456 seconds
[2024-09-06T05:57:33.787+0000] {processor.py:186} INFO - Started process (PID=667) to work on /home/airflow/.local/lib/python3.12/site-packages/airflow/example_dags/example_short_circuit_operator.py
[2024-09-06T05:57:33.790+0000] {processor.py:914} INFO - Processing file /home/airflow/.local/lib/python3.12/site-packages/airflow/example_dags/example_short_circuit_operator.py for tasks to queue
[2024-09-06T05:57:33.795+0000] {logging_mixin.py:190} INFO - [2024-09-06T05:57:33.795+0000] {dagbag.py:587} INFO - Filling up the DagBag from /home/airflow/.local/lib/python3.12/site-packages/airflow/example_dags/example_short_circuit_operator.py
[2024-09-06T05:57:33.826+0000] {processor.py:925} INFO - DAG(s) 'example_short_circuit_operator' retrieved from /home/airflow/.local/lib/python3.12/site-packages/airflow/example_dags/example_short_circuit_operator.py
[2024-09-06T05:57:33.916+0000] {logging_mixin.py:190} INFO - [2024-09-06T05:57:33.916+0000] {dag.py:3211} INFO - Sync 1 DAGs
[2024-09-06T05:57:34.019+0000] {logging_mixin.py:190} INFO - [2024-09-06T05:57:34.019+0000] {dag.py:4138} INFO - Setting next_dagrun for example_short_circuit_operator to 2024-09-05 00:00:00+00:00, run_after=2024-09-06 00:00:00+00:00
[2024-09-06T05:57:34.069+0000] {processor.py:208} INFO - Processing /home/airflow/.local/lib/python3.12/site-packages/airflow/example_dags/example_short_circuit_operator.py took 0.302 seconds
[2024-09-06T05:58:04.606+0000] {processor.py:186} INFO - Started process (PID=731) to work on /home/airflow/.local/lib/python3.12/site-packages/airflow/example_dags/example_short_circuit_operator.py
[2024-09-06T05:58:04.617+0000] {processor.py:914} INFO - Processing file /home/airflow/.local/lib/python3.12/site-packages/airflow/example_dags/example_short_circuit_operator.py for tasks to queue
[2024-09-06T05:58:04.637+0000] {logging_mixin.py:190} INFO - [2024-09-06T05:58:04.636+0000] {dagbag.py:587} INFO - Filling up the DagBag from /home/airflow/.local/lib/python3.12/site-packages/airflow/example_dags/example_short_circuit_operator.py
[2024-09-06T05:58:04.706+0000] {processor.py:925} INFO - DAG(s) 'example_short_circuit_operator' retrieved from /home/airflow/.local/lib/python3.12/site-packages/airflow/example_dags/example_short_circuit_operator.py
[2024-09-06T05:58:04.853+0000] {logging_mixin.py:190} INFO - [2024-09-06T05:58:04.852+0000] {dag.py:3211} INFO - Sync 1 DAGs
[2024-09-06T05:58:05.029+0000] {logging_mixin.py:190} INFO - [2024-09-06T05:58:05.028+0000] {dag.py:4138} INFO - Setting next_dagrun for example_short_circuit_operator to 2024-09-05 00:00:00+00:00, run_after=2024-09-06 00:00:00+00:00
[2024-09-06T05:58:05.129+0000] {processor.py:208} INFO - Processing /home/airflow/.local/lib/python3.12/site-packages/airflow/example_dags/example_short_circuit_operator.py took 0.557 seconds
[2024-09-06T05:58:35.259+0000] {processor.py:186} INFO - Started process (PID=794) to work on /home/airflow/.local/lib/python3.12/site-packages/airflow/example_dags/example_short_circuit_operator.py
[2024-09-06T05:58:35.261+0000] {processor.py:914} INFO - Processing file /home/airflow/.local/lib/python3.12/site-packages/airflow/example_dags/example_short_circuit_operator.py for tasks to queue
[2024-09-06T05:58:35.266+0000] {logging_mixin.py:190} INFO - [2024-09-06T05:58:35.265+0000] {dagbag.py:587} INFO - Filling up the DagBag from /home/airflow/.local/lib/python3.12/site-packages/airflow/example_dags/example_short_circuit_operator.py
[2024-09-06T05:58:35.285+0000] {processor.py:925} INFO - DAG(s) 'example_short_circuit_operator' retrieved from /home/airflow/.local/lib/python3.12/site-packages/airflow/example_dags/example_short_circuit_operator.py
[2024-09-06T05:58:35.328+0000] {logging_mixin.py:190} INFO - [2024-09-06T05:58:35.328+0000] {dag.py:3211} INFO - Sync 1 DAGs
[2024-09-06T05:58:35.375+0000] {logging_mixin.py:190} INFO - [2024-09-06T05:58:35.375+0000] {dag.py:4138} INFO - Setting next_dagrun for example_short_circuit_operator to 2024-09-05 00:00:00+00:00, run_after=2024-09-06 00:00:00+00:00
[2024-09-06T05:58:35.410+0000] {processor.py:208} INFO - Processing /home/airflow/.local/lib/python3.12/site-packages/airflow/example_dags/example_short_circuit_operator.py took 0.163 seconds
[2024-09-06T05:59:05.669+0000] {processor.py:186} INFO - Started process (PID=857) to work on /home/airflow/.local/lib/python3.12/site-packages/airflow/example_dags/example_short_circuit_operator.py
[2024-09-06T05:59:05.672+0000] {processor.py:914} INFO - Processing file /home/airflow/.local/lib/python3.12/site-packages/airflow/example_dags/example_short_circuit_operator.py for tasks to queue
[2024-09-06T05:59:05.677+0000] {logging_mixin.py:190} INFO - [2024-09-06T05:59:05.676+0000] {dagbag.py:587} INFO - Filling up the DagBag from /home/airflow/.local/lib/python3.12/site-packages/airflow/example_dags/example_short_circuit_operator.py
[2024-09-06T05:59:05.698+0000] {processor.py:925} INFO - DAG(s) 'example_short_circuit_operator' retrieved from /home/airflow/.local/lib/python3.12/site-packages/airflow/example_dags/example_short_circuit_operator.py
[2024-09-06T05:59:05.750+0000] {logging_mixin.py:190} INFO - [2024-09-06T05:59:05.749+0000] {dag.py:3211} INFO - Sync 1 DAGs
[2024-09-06T05:59:05.809+0000] {logging_mixin.py:190} INFO - [2024-09-06T05:59:05.809+0000] {dag.py:4138} INFO - Setting next_dagrun for example_short_circuit_operator to 2024-09-05 00:00:00+00:00, run_after=2024-09-06 00:00:00+00:00
[2024-09-06T05:59:05.849+0000] {processor.py:208} INFO - Processing /home/airflow/.local/lib/python3.12/site-packages/airflow/example_dags/example_short_circuit_operator.py took 0.193 seconds
[2024-09-06T05:59:36.746+0000] {processor.py:186} INFO - Started process (PID=920) to work on /home/airflow/.local/lib/python3.12/site-packages/airflow/example_dags/example_short_circuit_operator.py
[2024-09-06T05:59:36.748+0000] {processor.py:914} INFO - Processing file /home/airflow/.local/lib/python3.12/site-packages/airflow/example_dags/example_short_circuit_operator.py for tasks to queue
[2024-09-06T05:59:36.755+0000] {logging_mixin.py:190} INFO - [2024-09-06T05:59:36.754+0000] {dagbag.py:587} INFO - Filling up the DagBag from /home/airflow/.local/lib/python3.12/site-packages/airflow/example_dags/example_short_circuit_operator.py
[2024-09-06T05:59:36.779+0000] {processor.py:925} INFO - DAG(s) 'example_short_circuit_operator' retrieved from /home/airflow/.local/lib/python3.12/site-packages/airflow/example_dags/example_short_circuit_operator.py
[2024-09-06T05:59:36.835+0000] {logging_mixin.py:190} INFO - [2024-09-06T05:59:36.835+0000] {dag.py:3211} INFO - Sync 1 DAGs
[2024-09-06T05:59:36.895+0000] {logging_mixin.py:190} INFO - [2024-09-06T05:59:36.894+0000] {dag.py:4138} INFO - Setting next_dagrun for example_short_circuit_operator to 2024-09-05 00:00:00+00:00, run_after=2024-09-06 00:00:00+00:00
[2024-09-06T05:59:36.996+0000] {processor.py:208} INFO - Processing /home/airflow/.local/lib/python3.12/site-packages/airflow/example_dags/example_short_circuit_operator.py took 0.264 seconds
[2024-09-06T06:00:18.731+0000] {processor.py:186} INFO - Started process (PID=980) to work on /home/airflow/.local/lib/python3.12/site-packages/airflow/example_dags/example_short_circuit_operator.py
[2024-09-06T06:00:18.745+0000] {processor.py:914} INFO - Processing file /home/airflow/.local/lib/python3.12/site-packages/airflow/example_dags/example_short_circuit_operator.py for tasks to queue
[2024-09-06T06:00:18.779+0000] {logging_mixin.py:190} INFO - [2024-09-06T06:00:18.777+0000] {dagbag.py:587} INFO - Filling up the DagBag from /home/airflow/.local/lib/python3.12/site-packages/airflow/example_dags/example_short_circuit_operator.py
[2024-09-06T06:00:18.944+0000] {processor.py:925} INFO - DAG(s) 'example_short_circuit_operator' retrieved from /home/airflow/.local/lib/python3.12/site-packages/airflow/example_dags/example_short_circuit_operator.py
[2024-09-06T06:00:19.245+0000] {logging_mixin.py:190} INFO - [2024-09-06T06:00:19.244+0000] {dag.py:3211} INFO - Sync 1 DAGs
[2024-09-06T06:00:19.444+0000] {logging_mixin.py:190} INFO - [2024-09-06T06:00:19.432+0000] {dag.py:4138} INFO - Setting next_dagrun for example_short_circuit_operator to 2024-09-05 00:00:00+00:00, run_after=2024-09-06 00:00:00+00:00
[2024-09-06T06:00:19.624+0000] {processor.py:208} INFO - Processing /home/airflow/.local/lib/python3.12/site-packages/airflow/example_dags/example_short_circuit_operator.py took 0.943 seconds
[2024-09-06T06:01:25.820+0000] {processor.py:186} INFO - Started process (PID=1048) to work on /home/airflow/.local/lib/python3.12/site-packages/airflow/example_dags/example_short_circuit_operator.py
[2024-09-06T06:01:25.822+0000] {processor.py:914} INFO - Processing file /home/airflow/.local/lib/python3.12/site-packages/airflow/example_dags/example_short_circuit_operator.py for tasks to queue
[2024-09-06T06:01:25.828+0000] {logging_mixin.py:190} INFO - [2024-09-06T06:01:25.828+0000] {dagbag.py:587} INFO - Filling up the DagBag from /home/airflow/.local/lib/python3.12/site-packages/airflow/example_dags/example_short_circuit_operator.py
[2024-09-06T06:01:25.851+0000] {processor.py:925} INFO - DAG(s) 'example_short_circuit_operator' retrieved from /home/airflow/.local/lib/python3.12/site-packages/airflow/example_dags/example_short_circuit_operator.py
[2024-09-06T06:01:25.912+0000] {logging_mixin.py:190} INFO - [2024-09-06T06:01:25.911+0000] {dag.py:3211} INFO - Sync 1 DAGs
[2024-09-06T06:01:26.020+0000] {logging_mixin.py:190} INFO - [2024-09-06T06:01:26.020+0000] {dag.py:4138} INFO - Setting next_dagrun for example_short_circuit_operator to 2024-09-05 00:00:00+00:00, run_after=2024-09-06 00:00:00+00:00
[2024-09-06T06:01:26.099+0000] {processor.py:208} INFO - Processing /home/airflow/.local/lib/python3.12/site-packages/airflow/example_dags/example_short_circuit_operator.py took 0.291 seconds
[2024-09-06T06:01:56.806+0000] {processor.py:186} INFO - Started process (PID=1112) to work on /home/airflow/.local/lib/python3.12/site-packages/airflow/example_dags/example_short_circuit_operator.py
[2024-09-06T06:01:56.808+0000] {processor.py:914} INFO - Processing file /home/airflow/.local/lib/python3.12/site-packages/airflow/example_dags/example_short_circuit_operator.py for tasks to queue
[2024-09-06T06:01:56.813+0000] {logging_mixin.py:190} INFO - [2024-09-06T06:01:56.813+0000] {dagbag.py:587} INFO - Filling up the DagBag from /home/airflow/.local/lib/python3.12/site-packages/airflow/example_dags/example_short_circuit_operator.py
[2024-09-06T06:01:56.834+0000] {processor.py:925} INFO - DAG(s) 'example_short_circuit_operator' retrieved from /home/airflow/.local/lib/python3.12/site-packages/airflow/example_dags/example_short_circuit_operator.py
[2024-09-06T06:01:56.884+0000] {logging_mixin.py:190} INFO - [2024-09-06T06:01:56.883+0000] {dag.py:3211} INFO - Sync 1 DAGs
[2024-09-06T06:01:56.944+0000] {logging_mixin.py:190} INFO - [2024-09-06T06:01:56.944+0000] {dag.py:4138} INFO - Setting next_dagrun for example_short_circuit_operator to 2024-09-05 00:00:00+00:00, run_after=2024-09-06 00:00:00+00:00
[2024-09-06T06:01:56.984+0000] {processor.py:208} INFO - Processing /home/airflow/.local/lib/python3.12/site-packages/airflow/example_dags/example_short_circuit_operator.py took 0.192 seconds
[2024-09-06T06:02:28.160+0000] {processor.py:186} INFO - Started process (PID=1175) to work on /home/airflow/.local/lib/python3.12/site-packages/airflow/example_dags/example_short_circuit_operator.py
[2024-09-06T06:02:28.172+0000] {processor.py:914} INFO - Processing file /home/airflow/.local/lib/python3.12/site-packages/airflow/example_dags/example_short_circuit_operator.py for tasks to queue
[2024-09-06T06:02:28.178+0000] {logging_mixin.py:190} INFO - [2024-09-06T06:02:28.177+0000] {dagbag.py:587} INFO - Filling up the DagBag from /home/airflow/.local/lib/python3.12/site-packages/airflow/example_dags/example_short_circuit_operator.py
[2024-09-06T06:02:28.234+0000] {processor.py:925} INFO - DAG(s) 'example_short_circuit_operator' retrieved from /home/airflow/.local/lib/python3.12/site-packages/airflow/example_dags/example_short_circuit_operator.py
[2024-09-06T06:02:28.340+0000] {logging_mixin.py:190} INFO - [2024-09-06T06:02:28.338+0000] {dag.py:3211} INFO - Sync 1 DAGs
[2024-09-06T06:02:28.460+0000] {logging_mixin.py:190} INFO - [2024-09-06T06:02:28.458+0000] {dag.py:4138} INFO - Setting next_dagrun for example_short_circuit_operator to 2024-09-05 00:00:00+00:00, run_after=2024-09-06 00:00:00+00:00
[2024-09-06T06:02:28.549+0000] {processor.py:208} INFO - Processing /home/airflow/.local/lib/python3.12/site-packages/airflow/example_dags/example_short_circuit_operator.py took 0.413 seconds
[2024-09-06T06:02:59.436+0000] {processor.py:186} INFO - Started process (PID=1238) to work on /home/airflow/.local/lib/python3.12/site-packages/airflow/example_dags/example_short_circuit_operator.py
[2024-09-06T06:02:59.441+0000] {processor.py:914} INFO - Processing file /home/airflow/.local/lib/python3.12/site-packages/airflow/example_dags/example_short_circuit_operator.py for tasks to queue
[2024-09-06T06:02:59.469+0000] {logging_mixin.py:190} INFO - [2024-09-06T06:02:59.468+0000] {dagbag.py:587} INFO - Filling up the DagBag from /home/airflow/.local/lib/python3.12/site-packages/airflow/example_dags/example_short_circuit_operator.py
[2024-09-06T06:02:59.538+0000] {processor.py:925} INFO - DAG(s) 'example_short_circuit_operator' retrieved from /home/airflow/.local/lib/python3.12/site-packages/airflow/example_dags/example_short_circuit_operator.py
[2024-09-06T06:02:59.661+0000] {logging_mixin.py:190} INFO - [2024-09-06T06:02:59.661+0000] {dag.py:3211} INFO - Sync 1 DAGs
[2024-09-06T06:02:59.823+0000] {logging_mixin.py:190} INFO - [2024-09-06T06:02:59.822+0000] {dag.py:4138} INFO - Setting next_dagrun for example_short_circuit_operator to 2024-09-05 00:00:00+00:00, run_after=2024-09-06 00:00:00+00:00
[2024-09-06T06:02:59.944+0000] {processor.py:208} INFO - Processing /home/airflow/.local/lib/python3.12/site-packages/airflow/example_dags/example_short_circuit_operator.py took 0.542 seconds
[2024-09-06T06:03:30.271+0000] {processor.py:186} INFO - Started process (PID=1300) to work on /home/airflow/.local/lib/python3.12/site-packages/airflow/example_dags/example_short_circuit_operator.py
[2024-09-06T06:03:30.273+0000] {processor.py:914} INFO - Processing file /home/airflow/.local/lib/python3.12/site-packages/airflow/example_dags/example_short_circuit_operator.py for tasks to queue
[2024-09-06T06:03:30.279+0000] {logging_mixin.py:190} INFO - [2024-09-06T06:03:30.279+0000] {dagbag.py:587} INFO - Filling up the DagBag from /home/airflow/.local/lib/python3.12/site-packages/airflow/example_dags/example_short_circuit_operator.py
[2024-09-06T06:03:30.305+0000] {processor.py:925} INFO - DAG(s) 'example_short_circuit_operator' retrieved from /home/airflow/.local/lib/python3.12/site-packages/airflow/example_dags/example_short_circuit_operator.py
[2024-09-06T06:03:30.359+0000] {logging_mixin.py:190} INFO - [2024-09-06T06:03:30.359+0000] {dag.py:3211} INFO - Sync 1 DAGs
[2024-09-06T06:03:30.408+0000] {logging_mixin.py:190} INFO - [2024-09-06T06:03:30.407+0000] {dag.py:4138} INFO - Setting next_dagrun for example_short_circuit_operator to 2024-09-05 00:00:00+00:00, run_after=2024-09-06 00:00:00+00:00
[2024-09-06T06:03:30.445+0000] {processor.py:208} INFO - Processing /home/airflow/.local/lib/python3.12/site-packages/airflow/example_dags/example_short_circuit_operator.py took 0.187 seconds
[2024-09-06T06:04:00.858+0000] {processor.py:186} INFO - Started process (PID=1363) to work on /home/airflow/.local/lib/python3.12/site-packages/airflow/example_dags/example_short_circuit_operator.py
[2024-09-06T06:04:00.862+0000] {processor.py:914} INFO - Processing file /home/airflow/.local/lib/python3.12/site-packages/airflow/example_dags/example_short_circuit_operator.py for tasks to queue
[2024-09-06T06:04:00.866+0000] {logging_mixin.py:190} INFO - [2024-09-06T06:04:00.866+0000] {dagbag.py:587} INFO - Filling up the DagBag from /home/airflow/.local/lib/python3.12/site-packages/airflow/example_dags/example_short_circuit_operator.py
[2024-09-06T06:04:00.882+0000] {processor.py:925} INFO - DAG(s) 'example_short_circuit_operator' retrieved from /home/airflow/.local/lib/python3.12/site-packages/airflow/example_dags/example_short_circuit_operator.py
[2024-09-06T06:04:00.920+0000] {logging_mixin.py:190} INFO - [2024-09-06T06:04:00.920+0000] {dag.py:3211} INFO - Sync 1 DAGs
[2024-09-06T06:04:00.961+0000] {logging_mixin.py:190} INFO - [2024-09-06T06:04:00.961+0000] {dag.py:4138} INFO - Setting next_dagrun for example_short_circuit_operator to 2024-09-05 00:00:00+00:00, run_after=2024-09-06 00:00:00+00:00
[2024-09-06T06:04:00.992+0000] {processor.py:208} INFO - Processing /home/airflow/.local/lib/python3.12/site-packages/airflow/example_dags/example_short_circuit_operator.py took 0.154 seconds
[2024-09-06T06:04:31.272+0000] {processor.py:186} INFO - Started process (PID=1426) to work on /home/airflow/.local/lib/python3.12/site-packages/airflow/example_dags/example_short_circuit_operator.py
[2024-09-06T06:04:31.277+0000] {processor.py:914} INFO - Processing file /home/airflow/.local/lib/python3.12/site-packages/airflow/example_dags/example_short_circuit_operator.py for tasks to queue
[2024-09-06T06:04:31.287+0000] {logging_mixin.py:190} INFO - [2024-09-06T06:04:31.286+0000] {dagbag.py:587} INFO - Filling up the DagBag from /home/airflow/.local/lib/python3.12/site-packages/airflow/example_dags/example_short_circuit_operator.py
[2024-09-06T06:04:31.318+0000] {processor.py:925} INFO - DAG(s) 'example_short_circuit_operator' retrieved from /home/airflow/.local/lib/python3.12/site-packages/airflow/example_dags/example_short_circuit_operator.py
[2024-09-06T06:04:31.395+0000] {logging_mixin.py:190} INFO - [2024-09-06T06:04:31.394+0000] {dag.py:3211} INFO - Sync 1 DAGs
[2024-09-06T06:04:31.441+0000] {logging_mixin.py:190} INFO - [2024-09-06T06:04:31.440+0000] {dag.py:4138} INFO - Setting next_dagrun for example_short_circuit_operator to 2024-09-05 00:00:00+00:00, run_after=2024-09-06 00:00:00+00:00
[2024-09-06T06:04:31.476+0000] {processor.py:208} INFO - Processing /home/airflow/.local/lib/python3.12/site-packages/airflow/example_dags/example_short_circuit_operator.py took 0.239 seconds
[2024-09-06T06:05:01.707+0000] {processor.py:186} INFO - Started process (PID=1489) to work on /home/airflow/.local/lib/python3.12/site-packages/airflow/example_dags/example_short_circuit_operator.py
[2024-09-06T06:05:01.710+0000] {processor.py:914} INFO - Processing file /home/airflow/.local/lib/python3.12/site-packages/airflow/example_dags/example_short_circuit_operator.py for tasks to queue
[2024-09-06T06:05:01.719+0000] {logging_mixin.py:190} INFO - [2024-09-06T06:05:01.718+0000] {dagbag.py:587} INFO - Filling up the DagBag from /home/airflow/.local/lib/python3.12/site-packages/airflow/example_dags/example_short_circuit_operator.py
[2024-09-06T06:05:01.750+0000] {processor.py:925} INFO - DAG(s) 'example_short_circuit_operator' retrieved from /home/airflow/.local/lib/python3.12/site-packages/airflow/example_dags/example_short_circuit_operator.py
[2024-09-06T06:05:01.825+0000] {logging_mixin.py:190} INFO - [2024-09-06T06:05:01.824+0000] {dag.py:3211} INFO - Sync 1 DAGs
[2024-09-06T06:05:01.880+0000] {logging_mixin.py:190} INFO - [2024-09-06T06:05:01.879+0000] {dag.py:4138} INFO - Setting next_dagrun for example_short_circuit_operator to 2024-09-05 00:00:00+00:00, run_after=2024-09-06 00:00:00+00:00
[2024-09-06T06:05:01.910+0000] {processor.py:208} INFO - Processing /home/airflow/.local/lib/python3.12/site-packages/airflow/example_dags/example_short_circuit_operator.py took 0.225 seconds
[2024-09-06T06:05:32.098+0000] {processor.py:186} INFO - Started process (PID=1552) to work on /home/airflow/.local/lib/python3.12/site-packages/airflow/example_dags/example_short_circuit_operator.py
[2024-09-06T06:05:32.102+0000] {processor.py:914} INFO - Processing file /home/airflow/.local/lib/python3.12/site-packages/airflow/example_dags/example_short_circuit_operator.py for tasks to queue
[2024-09-06T06:05:32.112+0000] {logging_mixin.py:190} INFO - [2024-09-06T06:05:32.111+0000] {dagbag.py:587} INFO - Filling up the DagBag from /home/airflow/.local/lib/python3.12/site-packages/airflow/example_dags/example_short_circuit_operator.py
[2024-09-06T06:05:32.144+0000] {processor.py:925} INFO - DAG(s) 'example_short_circuit_operator' retrieved from /home/airflow/.local/lib/python3.12/site-packages/airflow/example_dags/example_short_circuit_operator.py
[2024-09-06T06:05:32.221+0000] {logging_mixin.py:190} INFO - [2024-09-06T06:05:32.220+0000] {dag.py:3211} INFO - Sync 1 DAGs
[2024-09-06T06:05:32.273+0000] {logging_mixin.py:190} INFO - [2024-09-06T06:05:32.273+0000] {dag.py:4138} INFO - Setting next_dagrun for example_short_circuit_operator to 2024-09-05 00:00:00+00:00, run_after=2024-09-06 00:00:00+00:00
[2024-09-06T06:05:32.303+0000] {processor.py:208} INFO - Processing /home/airflow/.local/lib/python3.12/site-packages/airflow/example_dags/example_short_circuit_operator.py took 0.236 seconds
[2024-09-06T06:06:02.548+0000] {processor.py:186} INFO - Started process (PID=1615) to work on /home/airflow/.local/lib/python3.12/site-packages/airflow/example_dags/example_short_circuit_operator.py
[2024-09-06T06:06:02.556+0000] {processor.py:914} INFO - Processing file /home/airflow/.local/lib/python3.12/site-packages/airflow/example_dags/example_short_circuit_operator.py for tasks to queue
[2024-09-06T06:06:02.570+0000] {logging_mixin.py:190} INFO - [2024-09-06T06:06:02.568+0000] {dagbag.py:587} INFO - Filling up the DagBag from /home/airflow/.local/lib/python3.12/site-packages/airflow/example_dags/example_short_circuit_operator.py
[2024-09-06T06:06:02.619+0000] {processor.py:925} INFO - DAG(s) 'example_short_circuit_operator' retrieved from /home/airflow/.local/lib/python3.12/site-packages/airflow/example_dags/example_short_circuit_operator.py
[2024-09-06T06:06:02.708+0000] {logging_mixin.py:190} INFO - [2024-09-06T06:06:02.707+0000] {dag.py:3211} INFO - Sync 1 DAGs
[2024-09-06T06:06:02.757+0000] {logging_mixin.py:190} INFO - [2024-09-06T06:06:02.756+0000] {dag.py:4138} INFO - Setting next_dagrun for example_short_circuit_operator to 2024-09-05 00:00:00+00:00, run_after=2024-09-06 00:00:00+00:00
[2024-09-06T06:06:02.788+0000] {processor.py:208} INFO - Processing /home/airflow/.local/lib/python3.12/site-packages/airflow/example_dags/example_short_circuit_operator.py took 0.280 seconds
[2024-09-06T06:06:33.374+0000] {processor.py:186} INFO - Started process (PID=1678) to work on /home/airflow/.local/lib/python3.12/site-packages/airflow/example_dags/example_short_circuit_operator.py
[2024-09-06T06:06:33.377+0000] {processor.py:914} INFO - Processing file /home/airflow/.local/lib/python3.12/site-packages/airflow/example_dags/example_short_circuit_operator.py for tasks to queue
[2024-09-06T06:06:33.387+0000] {logging_mixin.py:190} INFO - [2024-09-06T06:06:33.386+0000] {dagbag.py:587} INFO - Filling up the DagBag from /home/airflow/.local/lib/python3.12/site-packages/airflow/example_dags/example_short_circuit_operator.py
[2024-09-06T06:06:33.426+0000] {processor.py:925} INFO - DAG(s) 'example_short_circuit_operator' retrieved from /home/airflow/.local/lib/python3.12/site-packages/airflow/example_dags/example_short_circuit_operator.py
[2024-09-06T06:06:33.499+0000] {logging_mixin.py:190} INFO - [2024-09-06T06:06:33.498+0000] {dag.py:3211} INFO - Sync 1 DAGs
[2024-09-06T06:06:33.544+0000] {logging_mixin.py:190} INFO - [2024-09-06T06:06:33.544+0000] {dag.py:4138} INFO - Setting next_dagrun for example_short_circuit_operator to 2024-09-05 00:00:00+00:00, run_after=2024-09-06 00:00:00+00:00
[2024-09-06T06:06:33.583+0000] {processor.py:208} INFO - Processing /home/airflow/.local/lib/python3.12/site-packages/airflow/example_dags/example_short_circuit_operator.py took 0.231 seconds
[2024-09-06T06:07:03.719+0000] {processor.py:186} INFO - Started process (PID=1741) to work on /home/airflow/.local/lib/python3.12/site-packages/airflow/example_dags/example_short_circuit_operator.py
[2024-09-06T06:07:03.732+0000] {processor.py:914} INFO - Processing file /home/airflow/.local/lib/python3.12/site-packages/airflow/example_dags/example_short_circuit_operator.py for tasks to queue
[2024-09-06T06:07:03.737+0000] {logging_mixin.py:190} INFO - [2024-09-06T06:07:03.737+0000] {dagbag.py:587} INFO - Filling up the DagBag from /home/airflow/.local/lib/python3.12/site-packages/airflow/example_dags/example_short_circuit_operator.py
[2024-09-06T06:07:03.758+0000] {processor.py:925} INFO - DAG(s) 'example_short_circuit_operator' retrieved from /home/airflow/.local/lib/python3.12/site-packages/airflow/example_dags/example_short_circuit_operator.py
[2024-09-06T06:07:03.808+0000] {logging_mixin.py:190} INFO - [2024-09-06T06:07:03.807+0000] {dag.py:3211} INFO - Sync 1 DAGs
[2024-09-06T06:07:03.861+0000] {logging_mixin.py:190} INFO - [2024-09-06T06:07:03.860+0000] {dag.py:4138} INFO - Setting next_dagrun for example_short_circuit_operator to 2024-09-05 00:00:00+00:00, run_after=2024-09-06 00:00:00+00:00
[2024-09-06T06:07:03.902+0000] {processor.py:208} INFO - Processing /home/airflow/.local/lib/python3.12/site-packages/airflow/example_dags/example_short_circuit_operator.py took 0.198 seconds
[2024-09-06T06:07:34.215+0000] {processor.py:186} INFO - Started process (PID=1804) to work on /home/airflow/.local/lib/python3.12/site-packages/airflow/example_dags/example_short_circuit_operator.py
[2024-09-06T06:07:34.218+0000] {processor.py:914} INFO - Processing file /home/airflow/.local/lib/python3.12/site-packages/airflow/example_dags/example_short_circuit_operator.py for tasks to queue
[2024-09-06T06:07:34.223+0000] {logging_mixin.py:190} INFO - [2024-09-06T06:07:34.223+0000] {dagbag.py:587} INFO - Filling up the DagBag from /home/airflow/.local/lib/python3.12/site-packages/airflow/example_dags/example_short_circuit_operator.py
[2024-09-06T06:07:34.243+0000] {processor.py:925} INFO - DAG(s) 'example_short_circuit_operator' retrieved from /home/airflow/.local/lib/python3.12/site-packages/airflow/example_dags/example_short_circuit_operator.py
[2024-09-06T06:07:34.288+0000] {logging_mixin.py:190} INFO - [2024-09-06T06:07:34.287+0000] {dag.py:3211} INFO - Sync 1 DAGs
[2024-09-06T06:07:34.330+0000] {logging_mixin.py:190} INFO - [2024-09-06T06:07:34.330+0000] {dag.py:4138} INFO - Setting next_dagrun for example_short_circuit_operator to 2024-09-05 00:00:00+00:00, run_after=2024-09-06 00:00:00+00:00
[2024-09-06T06:07:34.362+0000] {processor.py:208} INFO - Processing /home/airflow/.local/lib/python3.12/site-packages/airflow/example_dags/example_short_circuit_operator.py took 0.160 seconds
[2024-09-06T06:08:05.158+0000] {processor.py:186} INFO - Started process (PID=1867) to work on /home/airflow/.local/lib/python3.12/site-packages/airflow/example_dags/example_short_circuit_operator.py
[2024-09-06T06:08:05.163+0000] {processor.py:914} INFO - Processing file /home/airflow/.local/lib/python3.12/site-packages/airflow/example_dags/example_short_circuit_operator.py for tasks to queue
[2024-09-06T06:08:05.169+0000] {logging_mixin.py:190} INFO - [2024-09-06T06:08:05.168+0000] {dagbag.py:587} INFO - Filling up the DagBag from /home/airflow/.local/lib/python3.12/site-packages/airflow/example_dags/example_short_circuit_operator.py
[2024-09-06T06:08:05.196+0000] {processor.py:925} INFO - DAG(s) 'example_short_circuit_operator' retrieved from /home/airflow/.local/lib/python3.12/site-packages/airflow/example_dags/example_short_circuit_operator.py
[2024-09-06T06:08:05.250+0000] {logging_mixin.py:190} INFO - [2024-09-06T06:08:05.249+0000] {dag.py:3211} INFO - Sync 1 DAGs
[2024-09-06T06:08:05.320+0000] {logging_mixin.py:190} INFO - [2024-09-06T06:08:05.320+0000] {dag.py:4138} INFO - Setting next_dagrun for example_short_circuit_operator to 2024-09-05 00:00:00+00:00, run_after=2024-09-06 00:00:00+00:00
[2024-09-06T06:08:05.371+0000] {processor.py:208} INFO - Processing /home/airflow/.local/lib/python3.12/site-packages/airflow/example_dags/example_short_circuit_operator.py took 0.233 seconds
[2024-09-06T06:08:35.790+0000] {processor.py:186} INFO - Started process (PID=1930) to work on /home/airflow/.local/lib/python3.12/site-packages/airflow/example_dags/example_short_circuit_operator.py
[2024-09-06T06:08:35.792+0000] {processor.py:914} INFO - Processing file /home/airflow/.local/lib/python3.12/site-packages/airflow/example_dags/example_short_circuit_operator.py for tasks to queue
[2024-09-06T06:08:35.796+0000] {logging_mixin.py:190} INFO - [2024-09-06T06:08:35.796+0000] {dagbag.py:587} INFO - Filling up the DagBag from /home/airflow/.local/lib/python3.12/site-packages/airflow/example_dags/example_short_circuit_operator.py
[2024-09-06T06:08:35.813+0000] {processor.py:925} INFO - DAG(s) 'example_short_circuit_operator' retrieved from /home/airflow/.local/lib/python3.12/site-packages/airflow/example_dags/example_short_circuit_operator.py
[2024-09-06T06:08:35.859+0000] {logging_mixin.py:190} INFO - [2024-09-06T06:08:35.859+0000] {dag.py:3211} INFO - Sync 1 DAGs
[2024-09-06T06:08:35.919+0000] {logging_mixin.py:190} INFO - [2024-09-06T06:08:35.918+0000] {dag.py:4138} INFO - Setting next_dagrun for example_short_circuit_operator to 2024-09-05 00:00:00+00:00, run_after=2024-09-06 00:00:00+00:00
[2024-09-06T06:08:35.955+0000] {processor.py:208} INFO - Processing /home/airflow/.local/lib/python3.12/site-packages/airflow/example_dags/example_short_circuit_operator.py took 0.176 seconds
[2024-09-06T06:09:06.407+0000] {processor.py:186} INFO - Started process (PID=1993) to work on /home/airflow/.local/lib/python3.12/site-packages/airflow/example_dags/example_short_circuit_operator.py
[2024-09-06T06:09:06.410+0000] {processor.py:914} INFO - Processing file /home/airflow/.local/lib/python3.12/site-packages/airflow/example_dags/example_short_circuit_operator.py for tasks to queue
[2024-09-06T06:09:06.415+0000] {logging_mixin.py:190} INFO - [2024-09-06T06:09:06.414+0000] {dagbag.py:587} INFO - Filling up the DagBag from /home/airflow/.local/lib/python3.12/site-packages/airflow/example_dags/example_short_circuit_operator.py
[2024-09-06T06:09:06.436+0000] {processor.py:925} INFO - DAG(s) 'example_short_circuit_operator' retrieved from /home/airflow/.local/lib/python3.12/site-packages/airflow/example_dags/example_short_circuit_operator.py
[2024-09-06T06:09:06.498+0000] {logging_mixin.py:190} INFO - [2024-09-06T06:09:06.497+0000] {dag.py:3211} INFO - Sync 1 DAGs
[2024-09-06T06:09:06.561+0000] {logging_mixin.py:190} INFO - [2024-09-06T06:09:06.560+0000] {dag.py:4138} INFO - Setting next_dagrun for example_short_circuit_operator to 2024-09-05 00:00:00+00:00, run_after=2024-09-06 00:00:00+00:00
[2024-09-06T06:09:06.597+0000] {processor.py:208} INFO - Processing /home/airflow/.local/lib/python3.12/site-packages/airflow/example_dags/example_short_circuit_operator.py took 0.201 seconds
[2024-09-06T06:09:37.533+0000] {processor.py:186} INFO - Started process (PID=2057) to work on /home/airflow/.local/lib/python3.12/site-packages/airflow/example_dags/example_short_circuit_operator.py
[2024-09-06T06:09:37.536+0000] {processor.py:914} INFO - Processing file /home/airflow/.local/lib/python3.12/site-packages/airflow/example_dags/example_short_circuit_operator.py for tasks to queue
[2024-09-06T06:09:37.541+0000] {logging_mixin.py:190} INFO - [2024-09-06T06:09:37.540+0000] {dagbag.py:587} INFO - Filling up the DagBag from /home/airflow/.local/lib/python3.12/site-packages/airflow/example_dags/example_short_circuit_operator.py
[2024-09-06T06:09:37.559+0000] {processor.py:925} INFO - DAG(s) 'example_short_circuit_operator' retrieved from /home/airflow/.local/lib/python3.12/site-packages/airflow/example_dags/example_short_circuit_operator.py
[2024-09-06T06:09:37.605+0000] {logging_mixin.py:190} INFO - [2024-09-06T06:09:37.604+0000] {dag.py:3211} INFO - Sync 1 DAGs
[2024-09-06T06:09:37.654+0000] {logging_mixin.py:190} INFO - [2024-09-06T06:09:37.653+0000] {dag.py:4138} INFO - Setting next_dagrun for example_short_circuit_operator to 2024-09-05 00:00:00+00:00, run_after=2024-09-06 00:00:00+00:00
[2024-09-06T06:09:37.688+0000] {processor.py:208} INFO - Processing /home/airflow/.local/lib/python3.12/site-packages/airflow/example_dags/example_short_circuit_operator.py took 0.167 seconds
[2024-09-06T06:10:07.977+0000] {processor.py:186} INFO - Started process (PID=2119) to work on /home/airflow/.local/lib/python3.12/site-packages/airflow/example_dags/example_short_circuit_operator.py
[2024-09-06T06:10:07.979+0000] {processor.py:914} INFO - Processing file /home/airflow/.local/lib/python3.12/site-packages/airflow/example_dags/example_short_circuit_operator.py for tasks to queue
[2024-09-06T06:10:07.984+0000] {logging_mixin.py:190} INFO - [2024-09-06T06:10:07.984+0000] {dagbag.py:587} INFO - Filling up the DagBag from /home/airflow/.local/lib/python3.12/site-packages/airflow/example_dags/example_short_circuit_operator.py
[2024-09-06T06:10:08.002+0000] {processor.py:925} INFO - DAG(s) 'example_short_circuit_operator' retrieved from /home/airflow/.local/lib/python3.12/site-packages/airflow/example_dags/example_short_circuit_operator.py
[2024-09-06T06:10:08.044+0000] {logging_mixin.py:190} INFO - [2024-09-06T06:10:08.043+0000] {dag.py:3211} INFO - Sync 1 DAGs
[2024-09-06T06:10:08.086+0000] {logging_mixin.py:190} INFO - [2024-09-06T06:10:08.085+0000] {dag.py:4138} INFO - Setting next_dagrun for example_short_circuit_operator to 2024-09-05 00:00:00+00:00, run_after=2024-09-06 00:00:00+00:00
[2024-09-06T06:10:08.117+0000] {processor.py:208} INFO - Processing /home/airflow/.local/lib/python3.12/site-packages/airflow/example_dags/example_short_circuit_operator.py took 0.152 seconds
[2024-09-06T06:10:38.263+0000] {processor.py:186} INFO - Started process (PID=2182) to work on /home/airflow/.local/lib/python3.12/site-packages/airflow/example_dags/example_short_circuit_operator.py
[2024-09-06T06:10:38.265+0000] {processor.py:914} INFO - Processing file /home/airflow/.local/lib/python3.12/site-packages/airflow/example_dags/example_short_circuit_operator.py for tasks to queue
[2024-09-06T06:10:38.271+0000] {logging_mixin.py:190} INFO - [2024-09-06T06:10:38.270+0000] {dagbag.py:587} INFO - Filling up the DagBag from /home/airflow/.local/lib/python3.12/site-packages/airflow/example_dags/example_short_circuit_operator.py
[2024-09-06T06:10:38.292+0000] {processor.py:925} INFO - DAG(s) 'example_short_circuit_operator' retrieved from /home/airflow/.local/lib/python3.12/site-packages/airflow/example_dags/example_short_circuit_operator.py
[2024-09-06T06:10:38.341+0000] {logging_mixin.py:190} INFO - [2024-09-06T06:10:38.341+0000] {dag.py:3211} INFO - Sync 1 DAGs
[2024-09-06T06:10:38.405+0000] {logging_mixin.py:190} INFO - [2024-09-06T06:10:38.404+0000] {dag.py:4138} INFO - Setting next_dagrun for example_short_circuit_operator to 2024-09-05 00:00:00+00:00, run_after=2024-09-06 00:00:00+00:00
[2024-09-06T06:10:38.455+0000] {processor.py:208} INFO - Processing /home/airflow/.local/lib/python3.12/site-packages/airflow/example_dags/example_short_circuit_operator.py took 0.207 seconds
[2024-09-06T06:11:08.815+0000] {processor.py:186} INFO - Started process (PID=2245) to work on /home/airflow/.local/lib/python3.12/site-packages/airflow/example_dags/example_short_circuit_operator.py
[2024-09-06T06:11:08.817+0000] {processor.py:914} INFO - Processing file /home/airflow/.local/lib/python3.12/site-packages/airflow/example_dags/example_short_circuit_operator.py for tasks to queue
[2024-09-06T06:11:08.829+0000] {logging_mixin.py:190} INFO - [2024-09-06T06:11:08.828+0000] {dagbag.py:587} INFO - Filling up the DagBag from /home/airflow/.local/lib/python3.12/site-packages/airflow/example_dags/example_short_circuit_operator.py
[2024-09-06T06:11:08.860+0000] {processor.py:925} INFO - DAG(s) 'example_short_circuit_operator' retrieved from /home/airflow/.local/lib/python3.12/site-packages/airflow/example_dags/example_short_circuit_operator.py
[2024-09-06T06:11:08.914+0000] {logging_mixin.py:190} INFO - [2024-09-06T06:11:08.913+0000] {dag.py:3211} INFO - Sync 1 DAGs
[2024-09-06T06:11:08.973+0000] {logging_mixin.py:190} INFO - [2024-09-06T06:11:08.973+0000] {dag.py:4138} INFO - Setting next_dagrun for example_short_circuit_operator to 2024-09-05 00:00:00+00:00, run_after=2024-09-06 00:00:00+00:00
[2024-09-06T06:11:09.017+0000] {processor.py:208} INFO - Processing /home/airflow/.local/lib/python3.12/site-packages/airflow/example_dags/example_short_circuit_operator.py took 0.222 seconds
[2024-09-06T06:11:39.966+0000] {processor.py:186} INFO - Started process (PID=2308) to work on /home/airflow/.local/lib/python3.12/site-packages/airflow/example_dags/example_short_circuit_operator.py
[2024-09-06T06:11:39.968+0000] {processor.py:914} INFO - Processing file /home/airflow/.local/lib/python3.12/site-packages/airflow/example_dags/example_short_circuit_operator.py for tasks to queue
[2024-09-06T06:11:39.973+0000] {logging_mixin.py:190} INFO - [2024-09-06T06:11:39.972+0000] {dagbag.py:587} INFO - Filling up the DagBag from /home/airflow/.local/lib/python3.12/site-packages/airflow/example_dags/example_short_circuit_operator.py
[2024-09-06T06:11:39.989+0000] {processor.py:925} INFO - DAG(s) 'example_short_circuit_operator' retrieved from /home/airflow/.local/lib/python3.12/site-packages/airflow/example_dags/example_short_circuit_operator.py
[2024-09-06T06:11:40.032+0000] {logging_mixin.py:190} INFO - [2024-09-06T06:11:40.031+0000] {dag.py:3211} INFO - Sync 1 DAGs
[2024-09-06T06:11:40.078+0000] {logging_mixin.py:190} INFO - [2024-09-06T06:11:40.077+0000] {dag.py:4138} INFO - Setting next_dagrun for example_short_circuit_operator to 2024-09-05 00:00:00+00:00, run_after=2024-09-06 00:00:00+00:00
[2024-09-06T06:11:40.119+0000] {processor.py:208} INFO - Processing /home/airflow/.local/lib/python3.12/site-packages/airflow/example_dags/example_short_circuit_operator.py took 0.164 seconds
[2024-09-06T06:12:10.677+0000] {processor.py:186} INFO - Started process (PID=2371) to work on /home/airflow/.local/lib/python3.12/site-packages/airflow/example_dags/example_short_circuit_operator.py
[2024-09-06T06:12:10.694+0000] {processor.py:914} INFO - Processing file /home/airflow/.local/lib/python3.12/site-packages/airflow/example_dags/example_short_circuit_operator.py for tasks to queue
[2024-09-06T06:12:10.709+0000] {logging_mixin.py:190} INFO - [2024-09-06T06:12:10.708+0000] {dagbag.py:587} INFO - Filling up the DagBag from /home/airflow/.local/lib/python3.12/site-packages/airflow/example_dags/example_short_circuit_operator.py
[2024-09-06T06:12:10.778+0000] {processor.py:925} INFO - DAG(s) 'example_short_circuit_operator' retrieved from /home/airflow/.local/lib/python3.12/site-packages/airflow/example_dags/example_short_circuit_operator.py
[2024-09-06T06:12:10.948+0000] {logging_mixin.py:190} INFO - [2024-09-06T06:12:10.947+0000] {dag.py:3211} INFO - Sync 1 DAGs
[2024-09-06T06:12:11.182+0000] {logging_mixin.py:190} INFO - [2024-09-06T06:12:11.181+0000] {dag.py:4138} INFO - Setting next_dagrun for example_short_circuit_operator to 2024-09-05 00:00:00+00:00, run_after=2024-09-06 00:00:00+00:00
[2024-09-06T06:12:11.295+0000] {processor.py:208} INFO - Processing /home/airflow/.local/lib/python3.12/site-packages/airflow/example_dags/example_short_circuit_operator.py took 0.636 seconds
[2024-09-06T06:12:41.897+0000] {processor.py:186} INFO - Started process (PID=2435) to work on /home/airflow/.local/lib/python3.12/site-packages/airflow/example_dags/example_short_circuit_operator.py
[2024-09-06T06:12:41.901+0000] {processor.py:914} INFO - Processing file /home/airflow/.local/lib/python3.12/site-packages/airflow/example_dags/example_short_circuit_operator.py for tasks to queue
[2024-09-06T06:12:41.908+0000] {logging_mixin.py:190} INFO - [2024-09-06T06:12:41.908+0000] {dagbag.py:587} INFO - Filling up the DagBag from /home/airflow/.local/lib/python3.12/site-packages/airflow/example_dags/example_short_circuit_operator.py
[2024-09-06T06:12:41.942+0000] {processor.py:925} INFO - DAG(s) 'example_short_circuit_operator' retrieved from /home/airflow/.local/lib/python3.12/site-packages/airflow/example_dags/example_short_circuit_operator.py
[2024-09-06T06:12:41.998+0000] {logging_mixin.py:190} INFO - [2024-09-06T06:12:41.997+0000] {dag.py:3211} INFO - Sync 1 DAGs
[2024-09-06T06:12:42.055+0000] {logging_mixin.py:190} INFO - [2024-09-06T06:12:42.055+0000] {dag.py:4138} INFO - Setting next_dagrun for example_short_circuit_operator to 2024-09-05 00:00:00+00:00, run_after=2024-09-06 00:00:00+00:00
[2024-09-06T06:12:42.094+0000] {processor.py:208} INFO - Processing /home/airflow/.local/lib/python3.12/site-packages/airflow/example_dags/example_short_circuit_operator.py took 0.222 seconds
[2024-09-06T06:13:12.190+0000] {processor.py:186} INFO - Started process (PID=2505) to work on /home/airflow/.local/lib/python3.12/site-packages/airflow/example_dags/example_short_circuit_operator.py
[2024-09-06T06:13:12.192+0000] {processor.py:914} INFO - Processing file /home/airflow/.local/lib/python3.12/site-packages/airflow/example_dags/example_short_circuit_operator.py for tasks to queue
[2024-09-06T06:13:12.197+0000] {logging_mixin.py:190} INFO - [2024-09-06T06:13:12.196+0000] {dagbag.py:587} INFO - Filling up the DagBag from /home/airflow/.local/lib/python3.12/site-packages/airflow/example_dags/example_short_circuit_operator.py
[2024-09-06T06:13:12.215+0000] {processor.py:925} INFO - DAG(s) 'example_short_circuit_operator' retrieved from /home/airflow/.local/lib/python3.12/site-packages/airflow/example_dags/example_short_circuit_operator.py
[2024-09-06T06:13:12.264+0000] {logging_mixin.py:190} INFO - [2024-09-06T06:13:12.263+0000] {dag.py:3211} INFO - Sync 1 DAGs
[2024-09-06T06:13:12.318+0000] {logging_mixin.py:190} INFO - [2024-09-06T06:13:12.317+0000] {dag.py:4138} INFO - Setting next_dagrun for example_short_circuit_operator to 2024-09-05 00:00:00+00:00, run_after=2024-09-06 00:00:00+00:00
[2024-09-06T06:13:12.373+0000] {processor.py:208} INFO - Processing /home/airflow/.local/lib/python3.12/site-packages/airflow/example_dags/example_short_circuit_operator.py took 0.196 seconds
[2024-09-06T06:13:42.764+0000] {processor.py:186} INFO - Started process (PID=2587) to work on /home/airflow/.local/lib/python3.12/site-packages/airflow/example_dags/example_short_circuit_operator.py
[2024-09-06T06:13:42.767+0000] {processor.py:914} INFO - Processing file /home/airflow/.local/lib/python3.12/site-packages/airflow/example_dags/example_short_circuit_operator.py for tasks to queue
[2024-09-06T06:13:42.773+0000] {logging_mixin.py:190} INFO - [2024-09-06T06:13:42.772+0000] {dagbag.py:587} INFO - Filling up the DagBag from /home/airflow/.local/lib/python3.12/site-packages/airflow/example_dags/example_short_circuit_operator.py
[2024-09-06T06:13:42.798+0000] {processor.py:925} INFO - DAG(s) 'example_short_circuit_operator' retrieved from /home/airflow/.local/lib/python3.12/site-packages/airflow/example_dags/example_short_circuit_operator.py
[2024-09-06T06:13:42.853+0000] {logging_mixin.py:190} INFO - [2024-09-06T06:13:42.852+0000] {dag.py:3211} INFO - Sync 1 DAGs
[2024-09-06T06:13:43.002+0000] {logging_mixin.py:190} INFO - [2024-09-06T06:13:43.002+0000] {dag.py:4138} INFO - Setting next_dagrun for example_short_circuit_operator to 2024-09-05 00:00:00+00:00, run_after=2024-09-06 00:00:00+00:00
[2024-09-06T06:13:43.084+0000] {processor.py:208} INFO - Processing /home/airflow/.local/lib/python3.12/site-packages/airflow/example_dags/example_short_circuit_operator.py took 0.342 seconds
[2024-09-06T06:14:13.835+0000] {processor.py:186} INFO - Started process (PID=2654) to work on /home/airflow/.local/lib/python3.12/site-packages/airflow/example_dags/example_short_circuit_operator.py
[2024-09-06T06:14:13.837+0000] {processor.py:914} INFO - Processing file /home/airflow/.local/lib/python3.12/site-packages/airflow/example_dags/example_short_circuit_operator.py for tasks to queue
[2024-09-06T06:14:13.843+0000] {logging_mixin.py:190} INFO - [2024-09-06T06:14:13.842+0000] {dagbag.py:587} INFO - Filling up the DagBag from /home/airflow/.local/lib/python3.12/site-packages/airflow/example_dags/example_short_circuit_operator.py
[2024-09-06T06:14:13.864+0000] {processor.py:925} INFO - DAG(s) 'example_short_circuit_operator' retrieved from /home/airflow/.local/lib/python3.12/site-packages/airflow/example_dags/example_short_circuit_operator.py
[2024-09-06T06:14:13.916+0000] {logging_mixin.py:190} INFO - [2024-09-06T06:14:13.915+0000] {dag.py:3211} INFO - Sync 1 DAGs
[2024-09-06T06:14:13.968+0000] {logging_mixin.py:190} INFO - [2024-09-06T06:14:13.968+0000] {dag.py:4138} INFO - Setting next_dagrun for example_short_circuit_operator to 2024-09-05 00:00:00+00:00, run_after=2024-09-06 00:00:00+00:00
[2024-09-06T06:14:14.008+0000] {processor.py:208} INFO - Processing /home/airflow/.local/lib/python3.12/site-packages/airflow/example_dags/example_short_circuit_operator.py took 0.193 seconds
[2024-09-06T06:14:44.813+0000] {processor.py:186} INFO - Started process (PID=2728) to work on /home/airflow/.local/lib/python3.12/site-packages/airflow/example_dags/example_short_circuit_operator.py
[2024-09-06T06:14:44.816+0000] {processor.py:914} INFO - Processing file /home/airflow/.local/lib/python3.12/site-packages/airflow/example_dags/example_short_circuit_operator.py for tasks to queue
[2024-09-06T06:14:44.829+0000] {logging_mixin.py:190} INFO - [2024-09-06T06:14:44.827+0000] {dagbag.py:587} INFO - Filling up the DagBag from /home/airflow/.local/lib/python3.12/site-packages/airflow/example_dags/example_short_circuit_operator.py
[2024-09-06T06:14:44.858+0000] {processor.py:925} INFO - DAG(s) 'example_short_circuit_operator' retrieved from /home/airflow/.local/lib/python3.12/site-packages/airflow/example_dags/example_short_circuit_operator.py
[2024-09-06T06:14:44.989+0000] {logging_mixin.py:190} INFO - [2024-09-06T06:14:44.988+0000] {dag.py:3211} INFO - Sync 1 DAGs
[2024-09-06T06:14:45.058+0000] {logging_mixin.py:190} INFO - [2024-09-06T06:14:45.057+0000] {dag.py:4138} INFO - Setting next_dagrun for example_short_circuit_operator to 2024-09-05 00:00:00+00:00, run_after=2024-09-06 00:00:00+00:00
[2024-09-06T06:14:45.100+0000] {processor.py:208} INFO - Processing /home/airflow/.local/lib/python3.12/site-packages/airflow/example_dags/example_short_circuit_operator.py took 0.310 seconds
[2024-09-06T06:15:16.895+0000] {processor.py:186} INFO - Started process (PID=2793) to work on /home/airflow/.local/lib/python3.12/site-packages/airflow/example_dags/example_short_circuit_operator.py
[2024-09-06T06:15:16.899+0000] {processor.py:914} INFO - Processing file /home/airflow/.local/lib/python3.12/site-packages/airflow/example_dags/example_short_circuit_operator.py for tasks to queue
[2024-09-06T06:15:16.912+0000] {logging_mixin.py:190} INFO - [2024-09-06T06:15:16.907+0000] {dagbag.py:587} INFO - Filling up the DagBag from /home/airflow/.local/lib/python3.12/site-packages/airflow/example_dags/example_short_circuit_operator.py
[2024-09-06T06:15:16.970+0000] {processor.py:925} INFO - DAG(s) 'example_short_circuit_operator' retrieved from /home/airflow/.local/lib/python3.12/site-packages/airflow/example_dags/example_short_circuit_operator.py
[2024-09-06T06:15:17.131+0000] {logging_mixin.py:190} INFO - [2024-09-06T06:15:17.130+0000] {dag.py:3211} INFO - Sync 1 DAGs
[2024-09-06T06:15:17.330+0000] {logging_mixin.py:190} INFO - [2024-09-06T06:15:17.329+0000] {dag.py:4138} INFO - Setting next_dagrun for example_short_circuit_operator to 2024-09-05 00:00:00+00:00, run_after=2024-09-06 00:00:00+00:00
[2024-09-06T06:15:17.446+0000] {processor.py:208} INFO - Processing /home/airflow/.local/lib/python3.12/site-packages/airflow/example_dags/example_short_circuit_operator.py took 0.591 seconds
[2024-09-06T06:15:47.903+0000] {processor.py:186} INFO - Started process (PID=2860) to work on /home/airflow/.local/lib/python3.12/site-packages/airflow/example_dags/example_short_circuit_operator.py
[2024-09-06T06:15:47.905+0000] {processor.py:914} INFO - Processing file /home/airflow/.local/lib/python3.12/site-packages/airflow/example_dags/example_short_circuit_operator.py for tasks to queue
[2024-09-06T06:15:47.910+0000] {logging_mixin.py:190} INFO - [2024-09-06T06:15:47.910+0000] {dagbag.py:587} INFO - Filling up the DagBag from /home/airflow/.local/lib/python3.12/site-packages/airflow/example_dags/example_short_circuit_operator.py
[2024-09-06T06:15:47.929+0000] {processor.py:925} INFO - DAG(s) 'example_short_circuit_operator' retrieved from /home/airflow/.local/lib/python3.12/site-packages/airflow/example_dags/example_short_circuit_operator.py
[2024-09-06T06:15:47.972+0000] {logging_mixin.py:190} INFO - [2024-09-06T06:15:47.971+0000] {dag.py:3211} INFO - Sync 1 DAGs
[2024-09-06T06:15:48.020+0000] {logging_mixin.py:190} INFO - [2024-09-06T06:15:48.019+0000] {dag.py:4138} INFO - Setting next_dagrun for example_short_circuit_operator to 2024-09-05 00:00:00+00:00, run_after=2024-09-06 00:00:00+00:00
[2024-09-06T06:15:48.057+0000] {processor.py:208} INFO - Processing /home/airflow/.local/lib/python3.12/site-packages/airflow/example_dags/example_short_circuit_operator.py took 0.190 seconds
[2024-09-06T06:16:18.475+0000] {processor.py:186} INFO - Started process (PID=2926) to work on /home/airflow/.local/lib/python3.12/site-packages/airflow/example_dags/example_short_circuit_operator.py
[2024-09-06T06:16:18.477+0000] {processor.py:914} INFO - Processing file /home/airflow/.local/lib/python3.12/site-packages/airflow/example_dags/example_short_circuit_operator.py for tasks to queue
[2024-09-06T06:16:18.482+0000] {logging_mixin.py:190} INFO - [2024-09-06T06:16:18.481+0000] {dagbag.py:587} INFO - Filling up the DagBag from /home/airflow/.local/lib/python3.12/site-packages/airflow/example_dags/example_short_circuit_operator.py
[2024-09-06T06:16:18.501+0000] {processor.py:925} INFO - DAG(s) 'example_short_circuit_operator' retrieved from /home/airflow/.local/lib/python3.12/site-packages/airflow/example_dags/example_short_circuit_operator.py
[2024-09-06T06:16:18.557+0000] {logging_mixin.py:190} INFO - [2024-09-06T06:16:18.557+0000] {dag.py:3211} INFO - Sync 1 DAGs
[2024-09-06T06:16:18.613+0000] {logging_mixin.py:190} INFO - [2024-09-06T06:16:18.612+0000] {dag.py:4138} INFO - Setting next_dagrun for example_short_circuit_operator to 2024-09-05 00:00:00+00:00, run_after=2024-09-06 00:00:00+00:00
[2024-09-06T06:16:18.651+0000] {processor.py:208} INFO - Processing /home/airflow/.local/lib/python3.12/site-packages/airflow/example_dags/example_short_circuit_operator.py took 0.195 seconds
[2024-09-06T06:16:51.654+0000] {processor.py:186} INFO - Started process (PID=2992) to work on /home/airflow/.local/lib/python3.12/site-packages/airflow/example_dags/example_short_circuit_operator.py
[2024-09-06T06:16:51.659+0000] {processor.py:914} INFO - Processing file /home/airflow/.local/lib/python3.12/site-packages/airflow/example_dags/example_short_circuit_operator.py for tasks to queue
[2024-09-06T06:16:51.664+0000] {logging_mixin.py:190} INFO - [2024-09-06T06:16:51.663+0000] {dagbag.py:587} INFO - Filling up the DagBag from /home/airflow/.local/lib/python3.12/site-packages/airflow/example_dags/example_short_circuit_operator.py
[2024-09-06T06:16:51.695+0000] {processor.py:925} INFO - DAG(s) 'example_short_circuit_operator' retrieved from /home/airflow/.local/lib/python3.12/site-packages/airflow/example_dags/example_short_circuit_operator.py
[2024-09-06T06:16:51.803+0000] {logging_mixin.py:190} INFO - [2024-09-06T06:16:51.802+0000] {dag.py:3211} INFO - Sync 1 DAGs
[2024-09-06T06:16:51.891+0000] {logging_mixin.py:190} INFO - [2024-09-06T06:16:51.890+0000] {dag.py:4138} INFO - Setting next_dagrun for example_short_circuit_operator to 2024-09-05 00:00:00+00:00, run_after=2024-09-06 00:00:00+00:00
[2024-09-06T06:16:51.960+0000] {processor.py:208} INFO - Processing /home/airflow/.local/lib/python3.12/site-packages/airflow/example_dags/example_short_circuit_operator.py took 0.330 seconds
[2024-09-06T06:17:22.798+0000] {processor.py:186} INFO - Started process (PID=3058) to work on /home/airflow/.local/lib/python3.12/site-packages/airflow/example_dags/example_short_circuit_operator.py
[2024-09-06T06:17:22.800+0000] {processor.py:914} INFO - Processing file /home/airflow/.local/lib/python3.12/site-packages/airflow/example_dags/example_short_circuit_operator.py for tasks to queue
[2024-09-06T06:17:22.806+0000] {logging_mixin.py:190} INFO - [2024-09-06T06:17:22.805+0000] {dagbag.py:587} INFO - Filling up the DagBag from /home/airflow/.local/lib/python3.12/site-packages/airflow/example_dags/example_short_circuit_operator.py
[2024-09-06T06:17:22.825+0000] {processor.py:925} INFO - DAG(s) 'example_short_circuit_operator' retrieved from /home/airflow/.local/lib/python3.12/site-packages/airflow/example_dags/example_short_circuit_operator.py
[2024-09-06T06:17:22.877+0000] {logging_mixin.py:190} INFO - [2024-09-06T06:17:22.876+0000] {dag.py:3211} INFO - Sync 1 DAGs
[2024-09-06T06:17:22.931+0000] {logging_mixin.py:190} INFO - [2024-09-06T06:17:22.930+0000] {dag.py:4138} INFO - Setting next_dagrun for example_short_circuit_operator to 2024-09-05 00:00:00+00:00, run_after=2024-09-06 00:00:00+00:00
[2024-09-06T06:17:22.995+0000] {processor.py:208} INFO - Processing /home/airflow/.local/lib/python3.12/site-packages/airflow/example_dags/example_short_circuit_operator.py took 0.216 seconds
[2024-09-06T06:18:13.772+0000] {processor.py:186} INFO - Started process (PID=3154) to work on /home/airflow/.local/lib/python3.12/site-packages/airflow/example_dags/example_short_circuit_operator.py
[2024-09-06T06:18:13.782+0000] {processor.py:914} INFO - Processing file /home/airflow/.local/lib/python3.12/site-packages/airflow/example_dags/example_short_circuit_operator.py for tasks to queue
[2024-09-06T06:18:13.792+0000] {logging_mixin.py:190} INFO - [2024-09-06T06:18:13.791+0000] {dagbag.py:587} INFO - Filling up the DagBag from /home/airflow/.local/lib/python3.12/site-packages/airflow/example_dags/example_short_circuit_operator.py
[2024-09-06T06:18:13.824+0000] {processor.py:925} INFO - DAG(s) 'example_short_circuit_operator' retrieved from /home/airflow/.local/lib/python3.12/site-packages/airflow/example_dags/example_short_circuit_operator.py
[2024-09-06T06:18:13.952+0000] {logging_mixin.py:190} INFO - [2024-09-06T06:18:13.951+0000] {dag.py:3211} INFO - Sync 1 DAGs
[2024-09-06T06:18:14.145+0000] {logging_mixin.py:190} INFO - [2024-09-06T06:18:14.145+0000] {dag.py:4138} INFO - Setting next_dagrun for example_short_circuit_operator to 2024-09-05 00:00:00+00:00, run_after=2024-09-06 00:00:00+00:00
[2024-09-06T06:18:14.341+0000] {processor.py:208} INFO - Processing /home/airflow/.local/lib/python3.12/site-packages/airflow/example_dags/example_short_circuit_operator.py took 0.658 seconds
[2024-09-06T06:18:53.999+0000] {processor.py:186} INFO - Started process (PID=3228) to work on /home/airflow/.local/lib/python3.12/site-packages/airflow/example_dags/example_short_circuit_operator.py
[2024-09-06T06:18:54.002+0000] {processor.py:914} INFO - Processing file /home/airflow/.local/lib/python3.12/site-packages/airflow/example_dags/example_short_circuit_operator.py for tasks to queue
[2024-09-06T06:18:54.011+0000] {logging_mixin.py:190} INFO - [2024-09-06T06:18:54.010+0000] {dagbag.py:587} INFO - Filling up the DagBag from /home/airflow/.local/lib/python3.12/site-packages/airflow/example_dags/example_short_circuit_operator.py
[2024-09-06T06:18:54.038+0000] {processor.py:925} INFO - DAG(s) 'example_short_circuit_operator' retrieved from /home/airflow/.local/lib/python3.12/site-packages/airflow/example_dags/example_short_circuit_operator.py
[2024-09-06T06:18:54.194+0000] {logging_mixin.py:190} INFO - [2024-09-06T06:18:54.193+0000] {dag.py:3211} INFO - Sync 1 DAGs
[2024-09-06T06:18:54.319+0000] {logging_mixin.py:190} INFO - [2024-09-06T06:18:54.318+0000] {dag.py:4138} INFO - Setting next_dagrun for example_short_circuit_operator to 2024-09-05 00:00:00+00:00, run_after=2024-09-06 00:00:00+00:00
[2024-09-06T06:18:54.434+0000] {processor.py:208} INFO - Processing /home/airflow/.local/lib/python3.12/site-packages/airflow/example_dags/example_short_circuit_operator.py took 0.460 seconds
[2024-09-06T06:19:46.877+0000] {processor.py:186} INFO - Started process (PID=3302) to work on /home/airflow/.local/lib/python3.12/site-packages/airflow/example_dags/example_short_circuit_operator.py
[2024-09-06T06:19:46.883+0000] {processor.py:914} INFO - Processing file /home/airflow/.local/lib/python3.12/site-packages/airflow/example_dags/example_short_circuit_operator.py for tasks to queue
[2024-09-06T06:19:46.893+0000] {logging_mixin.py:190} INFO - [2024-09-06T06:19:46.892+0000] {dagbag.py:587} INFO - Filling up the DagBag from /home/airflow/.local/lib/python3.12/site-packages/airflow/example_dags/example_short_circuit_operator.py
[2024-09-06T06:19:46.960+0000] {processor.py:925} INFO - DAG(s) 'example_short_circuit_operator' retrieved from /home/airflow/.local/lib/python3.12/site-packages/airflow/example_dags/example_short_circuit_operator.py
[2024-09-06T06:19:47.086+0000] {logging_mixin.py:190} INFO - [2024-09-06T06:19:47.085+0000] {dag.py:3211} INFO - Sync 1 DAGs
[2024-09-06T06:19:47.186+0000] {logging_mixin.py:190} INFO - [2024-09-06T06:19:47.186+0000] {dag.py:4138} INFO - Setting next_dagrun for example_short_circuit_operator to 2024-09-05 00:00:00+00:00, run_after=2024-09-06 00:00:00+00:00
[2024-09-06T06:19:47.274+0000] {processor.py:208} INFO - Processing /home/airflow/.local/lib/python3.12/site-packages/airflow/example_dags/example_short_circuit_operator.py took 0.431 seconds
