[2024-09-06T05:52:45.207+0000] {processor.py:186} INFO - Started process (PID=89) to work on /home/airflow/.local/lib/python3.12/site-packages/airflow/example_dags/example_task_group.py
[2024-09-06T05:52:45.210+0000] {processor.py:914} INFO - Processing file /home/airflow/.local/lib/python3.12/site-packages/airflow/example_dags/example_task_group.py for tasks to queue
[2024-09-06T05:52:45.216+0000] {logging_mixin.py:190} INFO - [2024-09-06T05:52:45.215+0000] {dagbag.py:587} INFO - Filling up the DagBag from /home/airflow/.local/lib/python3.12/site-packages/airflow/example_dags/example_task_group.py
[2024-09-06T05:52:45.239+0000] {processor.py:925} INFO - DAG(s) 'example_task_group' retrieved from /home/airflow/.local/lib/python3.12/site-packages/airflow/example_dags/example_task_group.py
[2024-09-06T05:52:45.294+0000] {logging_mixin.py:190} INFO - [2024-09-06T05:52:45.293+0000] {dag.py:3211} INFO - Sync 1 DAGs
[2024-09-06T05:52:45.348+0000] {logging_mixin.py:190} INFO - [2024-09-06T05:52:45.347+0000] {dag.py:4138} INFO - Setting next_dagrun for example_task_group to 2024-09-05 00:00:00+00:00, run_after=2024-09-06 00:00:00+00:00
[2024-09-06T05:52:45.395+0000] {processor.py:208} INFO - Processing /home/airflow/.local/lib/python3.12/site-packages/airflow/example_dags/example_task_group.py took 0.202 seconds
[2024-09-06T05:53:18.432+0000] {processor.py:186} INFO - Started process (PID=152) to work on /home/airflow/.local/lib/python3.12/site-packages/airflow/example_dags/example_task_group.py
[2024-09-06T05:53:18.435+0000] {processor.py:914} INFO - Processing file /home/airflow/.local/lib/python3.12/site-packages/airflow/example_dags/example_task_group.py for tasks to queue
[2024-09-06T05:53:18.446+0000] {logging_mixin.py:190} INFO - [2024-09-06T05:53:18.445+0000] {dagbag.py:587} INFO - Filling up the DagBag from /home/airflow/.local/lib/python3.12/site-packages/airflow/example_dags/example_task_group.py
[2024-09-06T05:53:18.473+0000] {processor.py:925} INFO - DAG(s) 'example_task_group' retrieved from /home/airflow/.local/lib/python3.12/site-packages/airflow/example_dags/example_task_group.py
[2024-09-06T05:53:18.527+0000] {logging_mixin.py:190} INFO - [2024-09-06T05:53:18.526+0000] {dag.py:3211} INFO - Sync 1 DAGs
[2024-09-06T05:53:18.584+0000] {logging_mixin.py:190} INFO - [2024-09-06T05:53:18.584+0000] {dag.py:4138} INFO - Setting next_dagrun for example_task_group to 2024-09-05 00:00:00+00:00, run_after=2024-09-06 00:00:00+00:00
[2024-09-06T05:53:18.653+0000] {processor.py:208} INFO - Processing /home/airflow/.local/lib/python3.12/site-packages/airflow/example_dags/example_task_group.py took 0.237 seconds
[2024-09-06T05:53:49.321+0000] {processor.py:186} INFO - Started process (PID=215) to work on /home/airflow/.local/lib/python3.12/site-packages/airflow/example_dags/example_task_group.py
[2024-09-06T05:53:49.323+0000] {processor.py:914} INFO - Processing file /home/airflow/.local/lib/python3.12/site-packages/airflow/example_dags/example_task_group.py for tasks to queue
[2024-09-06T05:53:49.329+0000] {logging_mixin.py:190} INFO - [2024-09-06T05:53:49.328+0000] {dagbag.py:587} INFO - Filling up the DagBag from /home/airflow/.local/lib/python3.12/site-packages/airflow/example_dags/example_task_group.py
[2024-09-06T05:53:49.355+0000] {processor.py:925} INFO - DAG(s) 'example_task_group' retrieved from /home/airflow/.local/lib/python3.12/site-packages/airflow/example_dags/example_task_group.py
[2024-09-06T05:53:49.403+0000] {logging_mixin.py:190} INFO - [2024-09-06T05:53:49.403+0000] {dag.py:3211} INFO - Sync 1 DAGs
[2024-09-06T05:53:49.460+0000] {logging_mixin.py:190} INFO - [2024-09-06T05:53:49.460+0000] {dag.py:4138} INFO - Setting next_dagrun for example_task_group to 2024-09-05 00:00:00+00:00, run_after=2024-09-06 00:00:00+00:00
[2024-09-06T05:53:49.533+0000] {processor.py:208} INFO - Processing /home/airflow/.local/lib/python3.12/site-packages/airflow/example_dags/example_task_group.py took 0.225 seconds
[2024-09-06T05:54:22.198+0000] {processor.py:186} INFO - Started process (PID=283) to work on /home/airflow/.local/lib/python3.12/site-packages/airflow/example_dags/example_task_group.py
[2024-09-06T05:54:22.205+0000] {processor.py:914} INFO - Processing file /home/airflow/.local/lib/python3.12/site-packages/airflow/example_dags/example_task_group.py for tasks to queue
[2024-09-06T05:54:22.214+0000] {logging_mixin.py:190} INFO - [2024-09-06T05:54:22.214+0000] {dagbag.py:587} INFO - Filling up the DagBag from /home/airflow/.local/lib/python3.12/site-packages/airflow/example_dags/example_task_group.py
[2024-09-06T05:54:22.271+0000] {processor.py:925} INFO - DAG(s) 'example_task_group' retrieved from /home/airflow/.local/lib/python3.12/site-packages/airflow/example_dags/example_task_group.py
[2024-09-06T05:54:22.397+0000] {logging_mixin.py:190} INFO - [2024-09-06T05:54:22.385+0000] {dag.py:3211} INFO - Sync 1 DAGs
[2024-09-06T05:54:22.588+0000] {logging_mixin.py:190} INFO - [2024-09-06T05:54:22.587+0000] {dag.py:4138} INFO - Setting next_dagrun for example_task_group to 2024-09-05 00:00:00+00:00, run_after=2024-09-06 00:00:00+00:00
[2024-09-06T05:54:22.696+0000] {processor.py:208} INFO - Processing /home/airflow/.local/lib/python3.12/site-packages/airflow/example_dags/example_task_group.py took 0.518 seconds
[2024-09-06T05:54:52.868+0000] {processor.py:186} INFO - Started process (PID=346) to work on /home/airflow/.local/lib/python3.12/site-packages/airflow/example_dags/example_task_group.py
[2024-09-06T05:54:52.882+0000] {processor.py:914} INFO - Processing file /home/airflow/.local/lib/python3.12/site-packages/airflow/example_dags/example_task_group.py for tasks to queue
[2024-09-06T05:54:52.907+0000] {logging_mixin.py:190} INFO - [2024-09-06T05:54:52.906+0000] {dagbag.py:587} INFO - Filling up the DagBag from /home/airflow/.local/lib/python3.12/site-packages/airflow/example_dags/example_task_group.py
[2024-09-06T05:54:53.006+0000] {processor.py:925} INFO - DAG(s) 'example_task_group' retrieved from /home/airflow/.local/lib/python3.12/site-packages/airflow/example_dags/example_task_group.py
[2024-09-06T05:54:53.109+0000] {logging_mixin.py:190} INFO - [2024-09-06T05:54:53.101+0000] {dag.py:3211} INFO - Sync 1 DAGs
[2024-09-06T05:54:53.237+0000] {logging_mixin.py:190} INFO - [2024-09-06T05:54:53.237+0000] {dag.py:4138} INFO - Setting next_dagrun for example_task_group to 2024-09-05 00:00:00+00:00, run_after=2024-09-06 00:00:00+00:00
[2024-09-06T05:54:53.360+0000] {processor.py:208} INFO - Processing /home/airflow/.local/lib/python3.12/site-packages/airflow/example_dags/example_task_group.py took 0.528 seconds
[2024-09-06T05:55:24.249+0000] {processor.py:186} INFO - Started process (PID=409) to work on /home/airflow/.local/lib/python3.12/site-packages/airflow/example_dags/example_task_group.py
[2024-09-06T05:55:24.255+0000] {processor.py:914} INFO - Processing file /home/airflow/.local/lib/python3.12/site-packages/airflow/example_dags/example_task_group.py for tasks to queue
[2024-09-06T05:55:24.263+0000] {logging_mixin.py:190} INFO - [2024-09-06T05:55:24.262+0000] {dagbag.py:587} INFO - Filling up the DagBag from /home/airflow/.local/lib/python3.12/site-packages/airflow/example_dags/example_task_group.py
[2024-09-06T05:55:24.329+0000] {processor.py:925} INFO - DAG(s) 'example_task_group' retrieved from /home/airflow/.local/lib/python3.12/site-packages/airflow/example_dags/example_task_group.py
[2024-09-06T05:55:24.500+0000] {logging_mixin.py:190} INFO - [2024-09-06T05:55:24.499+0000] {dag.py:3211} INFO - Sync 1 DAGs
[2024-09-06T05:55:24.676+0000] {logging_mixin.py:190} INFO - [2024-09-06T05:55:24.676+0000] {dag.py:4138} INFO - Setting next_dagrun for example_task_group to 2024-09-05 00:00:00+00:00, run_after=2024-09-06 00:00:00+00:00
[2024-09-06T05:55:24.872+0000] {processor.py:208} INFO - Processing /home/airflow/.local/lib/python3.12/site-packages/airflow/example_dags/example_task_group.py took 0.649 seconds
[2024-09-06T05:55:55.425+0000] {processor.py:186} INFO - Started process (PID=471) to work on /home/airflow/.local/lib/python3.12/site-packages/airflow/example_dags/example_task_group.py
[2024-09-06T05:55:55.429+0000] {processor.py:914} INFO - Processing file /home/airflow/.local/lib/python3.12/site-packages/airflow/example_dags/example_task_group.py for tasks to queue
[2024-09-06T05:55:55.452+0000] {logging_mixin.py:190} INFO - [2024-09-06T05:55:55.451+0000] {dagbag.py:587} INFO - Filling up the DagBag from /home/airflow/.local/lib/python3.12/site-packages/airflow/example_dags/example_task_group.py
[2024-09-06T05:55:55.511+0000] {processor.py:925} INFO - DAG(s) 'example_task_group' retrieved from /home/airflow/.local/lib/python3.12/site-packages/airflow/example_dags/example_task_group.py
[2024-09-06T05:55:55.648+0000] {logging_mixin.py:190} INFO - [2024-09-06T05:55:55.648+0000] {dag.py:3211} INFO - Sync 1 DAGs
[2024-09-06T05:55:55.843+0000] {logging_mixin.py:190} INFO - [2024-09-06T05:55:55.843+0000] {dag.py:4138} INFO - Setting next_dagrun for example_task_group to 2024-09-05 00:00:00+00:00, run_after=2024-09-06 00:00:00+00:00
[2024-09-06T05:55:55.964+0000] {processor.py:208} INFO - Processing /home/airflow/.local/lib/python3.12/site-packages/airflow/example_dags/example_task_group.py took 0.578 seconds
[2024-09-06T05:56:26.666+0000] {processor.py:186} INFO - Started process (PID=535) to work on /home/airflow/.local/lib/python3.12/site-packages/airflow/example_dags/example_task_group.py
[2024-09-06T05:56:26.678+0000] {processor.py:914} INFO - Processing file /home/airflow/.local/lib/python3.12/site-packages/airflow/example_dags/example_task_group.py for tasks to queue
[2024-09-06T05:56:26.684+0000] {logging_mixin.py:190} INFO - [2024-09-06T05:56:26.684+0000] {dagbag.py:587} INFO - Filling up the DagBag from /home/airflow/.local/lib/python3.12/site-packages/airflow/example_dags/example_task_group.py
[2024-09-06T05:56:26.716+0000] {processor.py:925} INFO - DAG(s) 'example_task_group' retrieved from /home/airflow/.local/lib/python3.12/site-packages/airflow/example_dags/example_task_group.py
[2024-09-06T05:56:26.903+0000] {logging_mixin.py:190} INFO - [2024-09-06T05:56:26.887+0000] {dag.py:3211} INFO - Sync 1 DAGs
[2024-09-06T05:56:27.069+0000] {logging_mixin.py:190} INFO - [2024-09-06T05:56:27.069+0000] {dag.py:4138} INFO - Setting next_dagrun for example_task_group to 2024-09-05 00:00:00+00:00, run_after=2024-09-06 00:00:00+00:00
[2024-09-06T05:56:27.217+0000] {processor.py:208} INFO - Processing /home/airflow/.local/lib/python3.12/site-packages/airflow/example_dags/example_task_group.py took 0.577 seconds
[2024-09-06T05:56:58.059+0000] {processor.py:186} INFO - Started process (PID=598) to work on /home/airflow/.local/lib/python3.12/site-packages/airflow/example_dags/example_task_group.py
[2024-09-06T05:56:58.102+0000] {processor.py:914} INFO - Processing file /home/airflow/.local/lib/python3.12/site-packages/airflow/example_dags/example_task_group.py for tasks to queue
[2024-09-06T05:56:58.114+0000] {logging_mixin.py:190} INFO - [2024-09-06T05:56:58.112+0000] {dagbag.py:587} INFO - Filling up the DagBag from /home/airflow/.local/lib/python3.12/site-packages/airflow/example_dags/example_task_group.py
[2024-09-06T05:56:58.171+0000] {processor.py:925} INFO - DAG(s) 'example_task_group' retrieved from /home/airflow/.local/lib/python3.12/site-packages/airflow/example_dags/example_task_group.py
[2024-09-06T05:56:58.252+0000] {logging_mixin.py:190} INFO - [2024-09-06T05:56:58.251+0000] {dag.py:3211} INFO - Sync 1 DAGs
[2024-09-06T05:56:58.333+0000] {logging_mixin.py:190} INFO - [2024-09-06T05:56:58.332+0000] {dag.py:4138} INFO - Setting next_dagrun for example_task_group to 2024-09-05 00:00:00+00:00, run_after=2024-09-06 00:00:00+00:00
[2024-09-06T05:56:58.417+0000] {processor.py:208} INFO - Processing /home/airflow/.local/lib/python3.12/site-packages/airflow/example_dags/example_task_group.py took 0.389 seconds
[2024-09-06T05:57:28.570+0000] {processor.py:186} INFO - Started process (PID=661) to work on /home/airflow/.local/lib/python3.12/site-packages/airflow/example_dags/example_task_group.py
[2024-09-06T05:57:28.572+0000] {processor.py:914} INFO - Processing file /home/airflow/.local/lib/python3.12/site-packages/airflow/example_dags/example_task_group.py for tasks to queue
[2024-09-06T05:57:28.577+0000] {logging_mixin.py:190} INFO - [2024-09-06T05:57:28.577+0000] {dagbag.py:587} INFO - Filling up the DagBag from /home/airflow/.local/lib/python3.12/site-packages/airflow/example_dags/example_task_group.py
[2024-09-06T05:57:28.595+0000] {processor.py:925} INFO - DAG(s) 'example_task_group' retrieved from /home/airflow/.local/lib/python3.12/site-packages/airflow/example_dags/example_task_group.py
[2024-09-06T05:57:28.646+0000] {logging_mixin.py:190} INFO - [2024-09-06T05:57:28.646+0000] {dag.py:3211} INFO - Sync 1 DAGs
[2024-09-06T05:57:28.698+0000] {logging_mixin.py:190} INFO - [2024-09-06T05:57:28.697+0000] {dag.py:4138} INFO - Setting next_dagrun for example_task_group to 2024-09-05 00:00:00+00:00, run_after=2024-09-06 00:00:00+00:00
[2024-09-06T05:57:28.737+0000] {processor.py:208} INFO - Processing /home/airflow/.local/lib/python3.12/site-packages/airflow/example_dags/example_task_group.py took 0.178 seconds
[2024-09-06T05:58:00.179+0000] {processor.py:186} INFO - Started process (PID=725) to work on /home/airflow/.local/lib/python3.12/site-packages/airflow/example_dags/example_task_group.py
[2024-09-06T05:58:00.189+0000] {processor.py:914} INFO - Processing file /home/airflow/.local/lib/python3.12/site-packages/airflow/example_dags/example_task_group.py for tasks to queue
[2024-09-06T05:58:00.202+0000] {logging_mixin.py:190} INFO - [2024-09-06T05:58:00.201+0000] {dagbag.py:587} INFO - Filling up the DagBag from /home/airflow/.local/lib/python3.12/site-packages/airflow/example_dags/example_task_group.py
[2024-09-06T05:58:00.280+0000] {processor.py:925} INFO - DAG(s) 'example_task_group' retrieved from /home/airflow/.local/lib/python3.12/site-packages/airflow/example_dags/example_task_group.py
[2024-09-06T05:58:00.626+0000] {logging_mixin.py:190} INFO - [2024-09-06T05:58:00.625+0000] {dag.py:3211} INFO - Sync 1 DAGs
[2024-09-06T05:58:00.774+0000] {logging_mixin.py:190} INFO - [2024-09-06T05:58:00.773+0000] {dag.py:4138} INFO - Setting next_dagrun for example_task_group to 2024-09-05 00:00:00+00:00, run_after=2024-09-06 00:00:00+00:00
[2024-09-06T05:58:00.929+0000] {processor.py:208} INFO - Processing /home/airflow/.local/lib/python3.12/site-packages/airflow/example_dags/example_task_group.py took 0.775 seconds
[2024-09-06T05:58:33.387+0000] {processor.py:186} INFO - Started process (PID=784) to work on /home/airflow/.local/lib/python3.12/site-packages/airflow/example_dags/example_task_group.py
[2024-09-06T05:58:33.389+0000] {processor.py:914} INFO - Processing file /home/airflow/.local/lib/python3.12/site-packages/airflow/example_dags/example_task_group.py for tasks to queue
[2024-09-06T05:58:33.395+0000] {logging_mixin.py:190} INFO - [2024-09-06T05:58:33.394+0000] {dagbag.py:587} INFO - Filling up the DagBag from /home/airflow/.local/lib/python3.12/site-packages/airflow/example_dags/example_task_group.py
[2024-09-06T05:58:33.419+0000] {processor.py:925} INFO - DAG(s) 'example_task_group' retrieved from /home/airflow/.local/lib/python3.12/site-packages/airflow/example_dags/example_task_group.py
[2024-09-06T05:58:33.540+0000] {logging_mixin.py:190} INFO - [2024-09-06T05:58:33.540+0000] {dag.py:3211} INFO - Sync 1 DAGs
[2024-09-06T05:58:33.697+0000] {logging_mixin.py:190} INFO - [2024-09-06T05:58:33.697+0000] {dag.py:4138} INFO - Setting next_dagrun for example_task_group to 2024-09-05 00:00:00+00:00, run_after=2024-09-06 00:00:00+00:00
[2024-09-06T05:58:33.771+0000] {processor.py:208} INFO - Processing /home/airflow/.local/lib/python3.12/site-packages/airflow/example_dags/example_task_group.py took 0.397 seconds
[2024-09-06T05:59:04.189+0000] {processor.py:186} INFO - Started process (PID=847) to work on /home/airflow/.local/lib/python3.12/site-packages/airflow/example_dags/example_task_group.py
[2024-09-06T05:59:04.192+0000] {processor.py:914} INFO - Processing file /home/airflow/.local/lib/python3.12/site-packages/airflow/example_dags/example_task_group.py for tasks to queue
[2024-09-06T05:59:04.201+0000] {logging_mixin.py:190} INFO - [2024-09-06T05:59:04.200+0000] {dagbag.py:587} INFO - Filling up the DagBag from /home/airflow/.local/lib/python3.12/site-packages/airflow/example_dags/example_task_group.py
[2024-09-06T05:59:04.236+0000] {processor.py:925} INFO - DAG(s) 'example_task_group' retrieved from /home/airflow/.local/lib/python3.12/site-packages/airflow/example_dags/example_task_group.py
[2024-09-06T05:59:04.308+0000] {logging_mixin.py:190} INFO - [2024-09-06T05:59:04.307+0000] {dag.py:3211} INFO - Sync 1 DAGs
[2024-09-06T05:59:04.407+0000] {logging_mixin.py:190} INFO - [2024-09-06T05:59:04.406+0000] {dag.py:4138} INFO - Setting next_dagrun for example_task_group to 2024-09-05 00:00:00+00:00, run_after=2024-09-06 00:00:00+00:00
[2024-09-06T05:59:04.496+0000] {processor.py:208} INFO - Processing /home/airflow/.local/lib/python3.12/site-packages/airflow/example_dags/example_task_group.py took 0.326 seconds
[2024-09-06T05:59:35.548+0000] {processor.py:186} INFO - Started process (PID=910) to work on /home/airflow/.local/lib/python3.12/site-packages/airflow/example_dags/example_task_group.py
[2024-09-06T05:59:35.550+0000] {processor.py:914} INFO - Processing file /home/airflow/.local/lib/python3.12/site-packages/airflow/example_dags/example_task_group.py for tasks to queue
[2024-09-06T05:59:35.556+0000] {logging_mixin.py:190} INFO - [2024-09-06T05:59:35.555+0000] {dagbag.py:587} INFO - Filling up the DagBag from /home/airflow/.local/lib/python3.12/site-packages/airflow/example_dags/example_task_group.py
[2024-09-06T05:59:35.578+0000] {processor.py:925} INFO - DAG(s) 'example_task_group' retrieved from /home/airflow/.local/lib/python3.12/site-packages/airflow/example_dags/example_task_group.py
[2024-09-06T05:59:35.630+0000] {logging_mixin.py:190} INFO - [2024-09-06T05:59:35.629+0000] {dag.py:3211} INFO - Sync 1 DAGs
[2024-09-06T05:59:35.696+0000] {logging_mixin.py:190} INFO - [2024-09-06T05:59:35.695+0000] {dag.py:4138} INFO - Setting next_dagrun for example_task_group to 2024-09-05 00:00:00+00:00, run_after=2024-09-06 00:00:00+00:00
[2024-09-06T05:59:35.750+0000] {processor.py:208} INFO - Processing /home/airflow/.local/lib/python3.12/site-packages/airflow/example_dags/example_task_group.py took 0.215 seconds
[2024-09-06T06:00:09.365+0000] {processor.py:186} INFO - Started process (PID=973) to work on /home/airflow/.local/lib/python3.12/site-packages/airflow/example_dags/example_task_group.py
[2024-09-06T06:00:09.368+0000] {processor.py:914} INFO - Processing file /home/airflow/.local/lib/python3.12/site-packages/airflow/example_dags/example_task_group.py for tasks to queue
[2024-09-06T06:00:09.398+0000] {logging_mixin.py:190} INFO - [2024-09-06T06:00:09.397+0000] {dagbag.py:587} INFO - Filling up the DagBag from /home/airflow/.local/lib/python3.12/site-packages/airflow/example_dags/example_task_group.py
[2024-09-06T06:00:09.506+0000] {processor.py:925} INFO - DAG(s) 'example_task_group' retrieved from /home/airflow/.local/lib/python3.12/site-packages/airflow/example_dags/example_task_group.py
[2024-09-06T06:00:09.668+0000] {logging_mixin.py:190} INFO - [2024-09-06T06:00:09.657+0000] {dag.py:3211} INFO - Sync 1 DAGs
[2024-09-06T06:00:09.833+0000] {logging_mixin.py:190} INFO - [2024-09-06T06:00:09.832+0000] {dag.py:4138} INFO - Setting next_dagrun for example_task_group to 2024-09-05 00:00:00+00:00, run_after=2024-09-06 00:00:00+00:00
[2024-09-06T06:00:10.049+0000] {processor.py:208} INFO - Processing /home/airflow/.local/lib/python3.12/site-packages/airflow/example_dags/example_task_group.py took 0.739 seconds
[2024-09-06T06:01:23.592+0000] {processor.py:186} INFO - Started process (PID=1036) to work on /home/airflow/.local/lib/python3.12/site-packages/airflow/example_dags/example_task_group.py
[2024-09-06T06:01:23.602+0000] {processor.py:914} INFO - Processing file /home/airflow/.local/lib/python3.12/site-packages/airflow/example_dags/example_task_group.py for tasks to queue
[2024-09-06T06:01:23.629+0000] {logging_mixin.py:190} INFO - [2024-09-06T06:01:23.627+0000] {dagbag.py:587} INFO - Filling up the DagBag from /home/airflow/.local/lib/python3.12/site-packages/airflow/example_dags/example_task_group.py
[2024-09-06T06:01:23.698+0000] {processor.py:925} INFO - DAG(s) 'example_task_group' retrieved from /home/airflow/.local/lib/python3.12/site-packages/airflow/example_dags/example_task_group.py
[2024-09-06T06:01:23.858+0000] {logging_mixin.py:190} INFO - [2024-09-06T06:01:23.858+0000] {dag.py:3211} INFO - Sync 1 DAGs
[2024-09-06T06:01:23.946+0000] {logging_mixin.py:190} INFO - [2024-09-06T06:01:23.944+0000] {dag.py:4138} INFO - Setting next_dagrun for example_task_group to 2024-09-05 00:00:00+00:00, run_after=2024-09-06 00:00:00+00:00
[2024-09-06T06:01:24.021+0000] {processor.py:208} INFO - Processing /home/airflow/.local/lib/python3.12/site-packages/airflow/example_dags/example_task_group.py took 0.515 seconds
[2024-09-06T06:01:54.112+0000] {processor.py:186} INFO - Started process (PID=1106) to work on /home/airflow/.local/lib/python3.12/site-packages/airflow/example_dags/example_task_group.py
[2024-09-06T06:01:54.113+0000] {processor.py:914} INFO - Processing file /home/airflow/.local/lib/python3.12/site-packages/airflow/example_dags/example_task_group.py for tasks to queue
[2024-09-06T06:01:54.119+0000] {logging_mixin.py:190} INFO - [2024-09-06T06:01:54.119+0000] {dagbag.py:587} INFO - Filling up the DagBag from /home/airflow/.local/lib/python3.12/site-packages/airflow/example_dags/example_task_group.py
[2024-09-06T06:01:54.138+0000] {processor.py:925} INFO - DAG(s) 'example_task_group' retrieved from /home/airflow/.local/lib/python3.12/site-packages/airflow/example_dags/example_task_group.py
[2024-09-06T06:01:54.198+0000] {logging_mixin.py:190} INFO - [2024-09-06T06:01:54.198+0000] {dag.py:3211} INFO - Sync 1 DAGs
[2024-09-06T06:01:54.294+0000] {logging_mixin.py:190} INFO - [2024-09-06T06:01:54.294+0000] {dag.py:4138} INFO - Setting next_dagrun for example_task_group to 2024-09-05 00:00:00+00:00, run_after=2024-09-06 00:00:00+00:00
[2024-09-06T06:01:54.380+0000] {processor.py:208} INFO - Processing /home/airflow/.local/lib/python3.12/site-packages/airflow/example_dags/example_task_group.py took 0.281 seconds
[2024-09-06T06:02:25.507+0000] {processor.py:186} INFO - Started process (PID=1169) to work on /home/airflow/.local/lib/python3.12/site-packages/airflow/example_dags/example_task_group.py
[2024-09-06T06:02:25.514+0000] {processor.py:914} INFO - Processing file /home/airflow/.local/lib/python3.12/site-packages/airflow/example_dags/example_task_group.py for tasks to queue
[2024-09-06T06:02:25.524+0000] {logging_mixin.py:190} INFO - [2024-09-06T06:02:25.523+0000] {dagbag.py:587} INFO - Filling up the DagBag from /home/airflow/.local/lib/python3.12/site-packages/airflow/example_dags/example_task_group.py
[2024-09-06T06:02:25.573+0000] {processor.py:925} INFO - DAG(s) 'example_task_group' retrieved from /home/airflow/.local/lib/python3.12/site-packages/airflow/example_dags/example_task_group.py
[2024-09-06T06:02:25.673+0000] {logging_mixin.py:190} INFO - [2024-09-06T06:02:25.673+0000] {dag.py:3211} INFO - Sync 1 DAGs
[2024-09-06T06:02:25.793+0000] {logging_mixin.py:190} INFO - [2024-09-06T06:02:25.792+0000] {dag.py:4138} INFO - Setting next_dagrun for example_task_group to 2024-09-05 00:00:00+00:00, run_after=2024-09-06 00:00:00+00:00
[2024-09-06T06:02:25.872+0000] {processor.py:208} INFO - Processing /home/airflow/.local/lib/python3.12/site-packages/airflow/example_dags/example_task_group.py took 0.388 seconds
[2024-09-06T06:02:56.522+0000] {processor.py:186} INFO - Started process (PID=1232) to work on /home/airflow/.local/lib/python3.12/site-packages/airflow/example_dags/example_task_group.py
[2024-09-06T06:02:56.525+0000] {processor.py:914} INFO - Processing file /home/airflow/.local/lib/python3.12/site-packages/airflow/example_dags/example_task_group.py for tasks to queue
[2024-09-06T06:02:56.531+0000] {logging_mixin.py:190} INFO - [2024-09-06T06:02:56.530+0000] {dagbag.py:587} INFO - Filling up the DagBag from /home/airflow/.local/lib/python3.12/site-packages/airflow/example_dags/example_task_group.py
[2024-09-06T06:02:56.552+0000] {processor.py:925} INFO - DAG(s) 'example_task_group' retrieved from /home/airflow/.local/lib/python3.12/site-packages/airflow/example_dags/example_task_group.py
[2024-09-06T06:02:56.620+0000] {logging_mixin.py:190} INFO - [2024-09-06T06:02:56.619+0000] {dag.py:3211} INFO - Sync 1 DAGs
[2024-09-06T06:02:56.709+0000] {logging_mixin.py:190} INFO - [2024-09-06T06:02:56.709+0000] {dag.py:4138} INFO - Setting next_dagrun for example_task_group to 2024-09-05 00:00:00+00:00, run_after=2024-09-06 00:00:00+00:00
[2024-09-06T06:02:56.813+0000] {processor.py:208} INFO - Processing /home/airflow/.local/lib/python3.12/site-packages/airflow/example_dags/example_task_group.py took 0.306 seconds
[2024-09-06T06:03:27.005+0000] {processor.py:186} INFO - Started process (PID=1295) to work on /home/airflow/.local/lib/python3.12/site-packages/airflow/example_dags/example_task_group.py
[2024-09-06T06:03:27.007+0000] {processor.py:914} INFO - Processing file /home/airflow/.local/lib/python3.12/site-packages/airflow/example_dags/example_task_group.py for tasks to queue
[2024-09-06T06:03:27.014+0000] {logging_mixin.py:190} INFO - [2024-09-06T06:03:27.013+0000] {dagbag.py:587} INFO - Filling up the DagBag from /home/airflow/.local/lib/python3.12/site-packages/airflow/example_dags/example_task_group.py
[2024-09-06T06:03:27.034+0000] {processor.py:925} INFO - DAG(s) 'example_task_group' retrieved from /home/airflow/.local/lib/python3.12/site-packages/airflow/example_dags/example_task_group.py
[2024-09-06T06:03:27.083+0000] {logging_mixin.py:190} INFO - [2024-09-06T06:03:27.083+0000] {dag.py:3211} INFO - Sync 1 DAGs
[2024-09-06T06:03:27.137+0000] {logging_mixin.py:190} INFO - [2024-09-06T06:03:27.136+0000] {dag.py:4138} INFO - Setting next_dagrun for example_task_group to 2024-09-05 00:00:00+00:00, run_after=2024-09-06 00:00:00+00:00
[2024-09-06T06:03:27.174+0000] {processor.py:208} INFO - Processing /home/airflow/.local/lib/python3.12/site-packages/airflow/example_dags/example_task_group.py took 0.180 seconds
[2024-09-06T06:03:58.074+0000] {processor.py:186} INFO - Started process (PID=1358) to work on /home/airflow/.local/lib/python3.12/site-packages/airflow/example_dags/example_task_group.py
[2024-09-06T06:03:58.076+0000] {processor.py:914} INFO - Processing file /home/airflow/.local/lib/python3.12/site-packages/airflow/example_dags/example_task_group.py for tasks to queue
[2024-09-06T06:03:58.081+0000] {logging_mixin.py:190} INFO - [2024-09-06T06:03:58.081+0000] {dagbag.py:587} INFO - Filling up the DagBag from /home/airflow/.local/lib/python3.12/site-packages/airflow/example_dags/example_task_group.py
[2024-09-06T06:03:58.097+0000] {processor.py:925} INFO - DAG(s) 'example_task_group' retrieved from /home/airflow/.local/lib/python3.12/site-packages/airflow/example_dags/example_task_group.py
[2024-09-06T06:03:58.137+0000] {logging_mixin.py:190} INFO - [2024-09-06T06:03:58.136+0000] {dag.py:3211} INFO - Sync 1 DAGs
[2024-09-06T06:03:58.183+0000] {logging_mixin.py:190} INFO - [2024-09-06T06:03:58.183+0000] {dag.py:4138} INFO - Setting next_dagrun for example_task_group to 2024-09-05 00:00:00+00:00, run_after=2024-09-06 00:00:00+00:00
[2024-09-06T06:03:58.219+0000] {processor.py:208} INFO - Processing /home/airflow/.local/lib/python3.12/site-packages/airflow/example_dags/example_task_group.py took 0.164 seconds
[2024-09-06T06:04:28.729+0000] {processor.py:186} INFO - Started process (PID=1421) to work on /home/airflow/.local/lib/python3.12/site-packages/airflow/example_dags/example_task_group.py
[2024-09-06T06:04:28.732+0000] {processor.py:914} INFO - Processing file /home/airflow/.local/lib/python3.12/site-packages/airflow/example_dags/example_task_group.py for tasks to queue
[2024-09-06T06:04:28.739+0000] {logging_mixin.py:190} INFO - [2024-09-06T06:04:28.739+0000] {dagbag.py:587} INFO - Filling up the DagBag from /home/airflow/.local/lib/python3.12/site-packages/airflow/example_dags/example_task_group.py
[2024-09-06T06:04:28.761+0000] {processor.py:925} INFO - DAG(s) 'example_task_group' retrieved from /home/airflow/.local/lib/python3.12/site-packages/airflow/example_dags/example_task_group.py
[2024-09-06T06:04:28.801+0000] {logging_mixin.py:190} INFO - [2024-09-06T06:04:28.800+0000] {dag.py:3211} INFO - Sync 1 DAGs
[2024-09-06T06:04:28.848+0000] {logging_mixin.py:190} INFO - [2024-09-06T06:04:28.847+0000] {dag.py:4138} INFO - Setting next_dagrun for example_task_group to 2024-09-05 00:00:00+00:00, run_after=2024-09-06 00:00:00+00:00
[2024-09-06T06:04:28.884+0000] {processor.py:208} INFO - Processing /home/airflow/.local/lib/python3.12/site-packages/airflow/example_dags/example_task_group.py took 0.169 seconds
[2024-09-06T06:04:59.319+0000] {processor.py:186} INFO - Started process (PID=1483) to work on /home/airflow/.local/lib/python3.12/site-packages/airflow/example_dags/example_task_group.py
[2024-09-06T06:04:59.321+0000] {processor.py:914} INFO - Processing file /home/airflow/.local/lib/python3.12/site-packages/airflow/example_dags/example_task_group.py for tasks to queue
[2024-09-06T06:04:59.327+0000] {logging_mixin.py:190} INFO - [2024-09-06T06:04:59.326+0000] {dagbag.py:587} INFO - Filling up the DagBag from /home/airflow/.local/lib/python3.12/site-packages/airflow/example_dags/example_task_group.py
[2024-09-06T06:04:59.346+0000] {processor.py:925} INFO - DAG(s) 'example_task_group' retrieved from /home/airflow/.local/lib/python3.12/site-packages/airflow/example_dags/example_task_group.py
[2024-09-06T06:04:59.394+0000] {logging_mixin.py:190} INFO - [2024-09-06T06:04:59.393+0000] {dag.py:3211} INFO - Sync 1 DAGs
[2024-09-06T06:04:59.460+0000] {logging_mixin.py:190} INFO - [2024-09-06T06:04:59.460+0000] {dag.py:4138} INFO - Setting next_dagrun for example_task_group to 2024-09-05 00:00:00+00:00, run_after=2024-09-06 00:00:00+00:00
[2024-09-06T06:04:59.509+0000] {processor.py:208} INFO - Processing /home/airflow/.local/lib/python3.12/site-packages/airflow/example_dags/example_task_group.py took 0.204 seconds
[2024-09-06T06:05:30.019+0000] {processor.py:186} INFO - Started process (PID=1546) to work on /home/airflow/.local/lib/python3.12/site-packages/airflow/example_dags/example_task_group.py
[2024-09-06T06:05:30.022+0000] {processor.py:914} INFO - Processing file /home/airflow/.local/lib/python3.12/site-packages/airflow/example_dags/example_task_group.py for tasks to queue
[2024-09-06T06:05:30.028+0000] {logging_mixin.py:190} INFO - [2024-09-06T06:05:30.027+0000] {dagbag.py:587} INFO - Filling up the DagBag from /home/airflow/.local/lib/python3.12/site-packages/airflow/example_dags/example_task_group.py
[2024-09-06T06:05:30.044+0000] {processor.py:925} INFO - DAG(s) 'example_task_group' retrieved from /home/airflow/.local/lib/python3.12/site-packages/airflow/example_dags/example_task_group.py
[2024-09-06T06:05:30.079+0000] {logging_mixin.py:190} INFO - [2024-09-06T06:05:30.079+0000] {dag.py:3211} INFO - Sync 1 DAGs
[2024-09-06T06:05:30.121+0000] {logging_mixin.py:190} INFO - [2024-09-06T06:05:30.121+0000] {dag.py:4138} INFO - Setting next_dagrun for example_task_group to 2024-09-05 00:00:00+00:00, run_after=2024-09-06 00:00:00+00:00
[2024-09-06T06:05:30.153+0000] {processor.py:208} INFO - Processing /home/airflow/.local/lib/python3.12/site-packages/airflow/example_dags/example_task_group.py took 0.144 seconds
[2024-09-06T06:06:00.314+0000] {processor.py:186} INFO - Started process (PID=1609) to work on /home/airflow/.local/lib/python3.12/site-packages/airflow/example_dags/example_task_group.py
[2024-09-06T06:06:00.316+0000] {processor.py:914} INFO - Processing file /home/airflow/.local/lib/python3.12/site-packages/airflow/example_dags/example_task_group.py for tasks to queue
[2024-09-06T06:06:00.322+0000] {logging_mixin.py:190} INFO - [2024-09-06T06:06:00.321+0000] {dagbag.py:587} INFO - Filling up the DagBag from /home/airflow/.local/lib/python3.12/site-packages/airflow/example_dags/example_task_group.py
[2024-09-06T06:06:00.339+0000] {processor.py:925} INFO - DAG(s) 'example_task_group' retrieved from /home/airflow/.local/lib/python3.12/site-packages/airflow/example_dags/example_task_group.py
[2024-09-06T06:06:00.386+0000] {logging_mixin.py:190} INFO - [2024-09-06T06:06:00.385+0000] {dag.py:3211} INFO - Sync 1 DAGs
[2024-09-06T06:06:00.435+0000] {logging_mixin.py:190} INFO - [2024-09-06T06:06:00.435+0000] {dag.py:4138} INFO - Setting next_dagrun for example_task_group to 2024-09-05 00:00:00+00:00, run_after=2024-09-06 00:00:00+00:00
[2024-09-06T06:06:00.468+0000] {processor.py:208} INFO - Processing /home/airflow/.local/lib/python3.12/site-packages/airflow/example_dags/example_task_group.py took 0.167 seconds
[2024-09-06T06:06:31.059+0000] {processor.py:186} INFO - Started process (PID=1672) to work on /home/airflow/.local/lib/python3.12/site-packages/airflow/example_dags/example_task_group.py
[2024-09-06T06:06:31.061+0000] {processor.py:914} INFO - Processing file /home/airflow/.local/lib/python3.12/site-packages/airflow/example_dags/example_task_group.py for tasks to queue
[2024-09-06T06:06:31.068+0000] {logging_mixin.py:190} INFO - [2024-09-06T06:06:31.067+0000] {dagbag.py:587} INFO - Filling up the DagBag from /home/airflow/.local/lib/python3.12/site-packages/airflow/example_dags/example_task_group.py
[2024-09-06T06:06:31.087+0000] {processor.py:925} INFO - DAG(s) 'example_task_group' retrieved from /home/airflow/.local/lib/python3.12/site-packages/airflow/example_dags/example_task_group.py
[2024-09-06T06:06:31.133+0000] {logging_mixin.py:190} INFO - [2024-09-06T06:06:31.132+0000] {dag.py:3211} INFO - Sync 1 DAGs
[2024-09-06T06:06:31.181+0000] {logging_mixin.py:190} INFO - [2024-09-06T06:06:31.181+0000] {dag.py:4138} INFO - Setting next_dagrun for example_task_group to 2024-09-05 00:00:00+00:00, run_after=2024-09-06 00:00:00+00:00
[2024-09-06T06:06:31.220+0000] {processor.py:208} INFO - Processing /home/airflow/.local/lib/python3.12/site-packages/airflow/example_dags/example_task_group.py took 0.172 seconds
[2024-09-06T06:07:01.977+0000] {processor.py:186} INFO - Started process (PID=1735) to work on /home/airflow/.local/lib/python3.12/site-packages/airflow/example_dags/example_task_group.py
[2024-09-06T06:07:01.979+0000] {processor.py:914} INFO - Processing file /home/airflow/.local/lib/python3.12/site-packages/airflow/example_dags/example_task_group.py for tasks to queue
[2024-09-06T06:07:01.984+0000] {logging_mixin.py:190} INFO - [2024-09-06T06:07:01.984+0000] {dagbag.py:587} INFO - Filling up the DagBag from /home/airflow/.local/lib/python3.12/site-packages/airflow/example_dags/example_task_group.py
[2024-09-06T06:07:02.006+0000] {processor.py:925} INFO - DAG(s) 'example_task_group' retrieved from /home/airflow/.local/lib/python3.12/site-packages/airflow/example_dags/example_task_group.py
[2024-09-06T06:07:02.054+0000] {logging_mixin.py:190} INFO - [2024-09-06T06:07:02.054+0000] {dag.py:3211} INFO - Sync 1 DAGs
[2024-09-06T06:07:02.109+0000] {logging_mixin.py:190} INFO - [2024-09-06T06:07:02.108+0000] {dag.py:4138} INFO - Setting next_dagrun for example_task_group to 2024-09-05 00:00:00+00:00, run_after=2024-09-06 00:00:00+00:00
[2024-09-06T06:07:02.166+0000] {processor.py:208} INFO - Processing /home/airflow/.local/lib/python3.12/site-packages/airflow/example_dags/example_task_group.py took 0.202 seconds
[2024-09-06T06:07:32.780+0000] {processor.py:186} INFO - Started process (PID=1798) to work on /home/airflow/.local/lib/python3.12/site-packages/airflow/example_dags/example_task_group.py
[2024-09-06T06:07:32.781+0000] {processor.py:914} INFO - Processing file /home/airflow/.local/lib/python3.12/site-packages/airflow/example_dags/example_task_group.py for tasks to queue
[2024-09-06T06:07:32.788+0000] {logging_mixin.py:190} INFO - [2024-09-06T06:07:32.787+0000] {dagbag.py:587} INFO - Filling up the DagBag from /home/airflow/.local/lib/python3.12/site-packages/airflow/example_dags/example_task_group.py
[2024-09-06T06:07:32.804+0000] {processor.py:925} INFO - DAG(s) 'example_task_group' retrieved from /home/airflow/.local/lib/python3.12/site-packages/airflow/example_dags/example_task_group.py
[2024-09-06T06:07:32.844+0000] {logging_mixin.py:190} INFO - [2024-09-06T06:07:32.844+0000] {dag.py:3211} INFO - Sync 1 DAGs
[2024-09-06T06:07:32.894+0000] {logging_mixin.py:190} INFO - [2024-09-06T06:07:32.893+0000] {dag.py:4138} INFO - Setting next_dagrun for example_task_group to 2024-09-05 00:00:00+00:00, run_after=2024-09-06 00:00:00+00:00
[2024-09-06T06:07:32.929+0000] {processor.py:208} INFO - Processing /home/airflow/.local/lib/python3.12/site-packages/airflow/example_dags/example_task_group.py took 0.160 seconds
[2024-09-06T06:08:03.880+0000] {processor.py:186} INFO - Started process (PID=1861) to work on /home/airflow/.local/lib/python3.12/site-packages/airflow/example_dags/example_task_group.py
[2024-09-06T06:08:03.882+0000] {processor.py:914} INFO - Processing file /home/airflow/.local/lib/python3.12/site-packages/airflow/example_dags/example_task_group.py for tasks to queue
[2024-09-06T06:08:03.888+0000] {logging_mixin.py:190} INFO - [2024-09-06T06:08:03.887+0000] {dagbag.py:587} INFO - Filling up the DagBag from /home/airflow/.local/lib/python3.12/site-packages/airflow/example_dags/example_task_group.py
[2024-09-06T06:08:03.905+0000] {processor.py:925} INFO - DAG(s) 'example_task_group' retrieved from /home/airflow/.local/lib/python3.12/site-packages/airflow/example_dags/example_task_group.py
[2024-09-06T06:08:03.946+0000] {logging_mixin.py:190} INFO - [2024-09-06T06:08:03.945+0000] {dag.py:3211} INFO - Sync 1 DAGs
[2024-09-06T06:08:04.000+0000] {logging_mixin.py:190} INFO - [2024-09-06T06:08:03.999+0000] {dag.py:4138} INFO - Setting next_dagrun for example_task_group to 2024-09-05 00:00:00+00:00, run_after=2024-09-06 00:00:00+00:00
[2024-09-06T06:08:04.069+0000] {processor.py:208} INFO - Processing /home/airflow/.local/lib/python3.12/site-packages/airflow/example_dags/example_task_group.py took 0.201 seconds
[2024-09-06T06:08:34.896+0000] {processor.py:186} INFO - Started process (PID=1924) to work on /home/airflow/.local/lib/python3.12/site-packages/airflow/example_dags/example_task_group.py
[2024-09-06T06:08:34.898+0000] {processor.py:914} INFO - Processing file /home/airflow/.local/lib/python3.12/site-packages/airflow/example_dags/example_task_group.py for tasks to queue
[2024-09-06T06:08:34.905+0000] {logging_mixin.py:190} INFO - [2024-09-06T06:08:34.904+0000] {dagbag.py:587} INFO - Filling up the DagBag from /home/airflow/.local/lib/python3.12/site-packages/airflow/example_dags/example_task_group.py
[2024-09-06T06:08:34.923+0000] {processor.py:925} INFO - DAG(s) 'example_task_group' retrieved from /home/airflow/.local/lib/python3.12/site-packages/airflow/example_dags/example_task_group.py
[2024-09-06T06:08:34.962+0000] {logging_mixin.py:190} INFO - [2024-09-06T06:08:34.961+0000] {dag.py:3211} INFO - Sync 1 DAGs
[2024-09-06T06:08:35.009+0000] {logging_mixin.py:190} INFO - [2024-09-06T06:08:35.009+0000] {dag.py:4138} INFO - Setting next_dagrun for example_task_group to 2024-09-05 00:00:00+00:00, run_after=2024-09-06 00:00:00+00:00
[2024-09-06T06:08:35.044+0000] {processor.py:208} INFO - Processing /home/airflow/.local/lib/python3.12/site-packages/airflow/example_dags/example_task_group.py took 0.161 seconds
[2024-09-06T06:09:05.333+0000] {processor.py:186} INFO - Started process (PID=1987) to work on /home/airflow/.local/lib/python3.12/site-packages/airflow/example_dags/example_task_group.py
[2024-09-06T06:09:05.335+0000] {processor.py:914} INFO - Processing file /home/airflow/.local/lib/python3.12/site-packages/airflow/example_dags/example_task_group.py for tasks to queue
[2024-09-06T06:09:05.340+0000] {logging_mixin.py:190} INFO - [2024-09-06T06:09:05.340+0000] {dagbag.py:587} INFO - Filling up the DagBag from /home/airflow/.local/lib/python3.12/site-packages/airflow/example_dags/example_task_group.py
[2024-09-06T06:09:05.356+0000] {processor.py:925} INFO - DAG(s) 'example_task_group' retrieved from /home/airflow/.local/lib/python3.12/site-packages/airflow/example_dags/example_task_group.py
[2024-09-06T06:09:05.393+0000] {logging_mixin.py:190} INFO - [2024-09-06T06:09:05.392+0000] {dag.py:3211} INFO - Sync 1 DAGs
[2024-09-06T06:09:05.436+0000] {logging_mixin.py:190} INFO - [2024-09-06T06:09:05.436+0000] {dag.py:4138} INFO - Setting next_dagrun for example_task_group to 2024-09-05 00:00:00+00:00, run_after=2024-09-06 00:00:00+00:00
[2024-09-06T06:09:05.471+0000] {processor.py:208} INFO - Processing /home/airflow/.local/lib/python3.12/site-packages/airflow/example_dags/example_task_group.py took 0.149 seconds
[2024-09-06T06:09:35.654+0000] {processor.py:186} INFO - Started process (PID=2051) to work on /home/airflow/.local/lib/python3.12/site-packages/airflow/example_dags/example_task_group.py
[2024-09-06T06:09:35.656+0000] {processor.py:914} INFO - Processing file /home/airflow/.local/lib/python3.12/site-packages/airflow/example_dags/example_task_group.py for tasks to queue
[2024-09-06T06:09:35.662+0000] {logging_mixin.py:190} INFO - [2024-09-06T06:09:35.661+0000] {dagbag.py:587} INFO - Filling up the DagBag from /home/airflow/.local/lib/python3.12/site-packages/airflow/example_dags/example_task_group.py
[2024-09-06T06:09:35.680+0000] {processor.py:925} INFO - DAG(s) 'example_task_group' retrieved from /home/airflow/.local/lib/python3.12/site-packages/airflow/example_dags/example_task_group.py
[2024-09-06T06:09:35.726+0000] {logging_mixin.py:190} INFO - [2024-09-06T06:09:35.725+0000] {dag.py:3211} INFO - Sync 1 DAGs
[2024-09-06T06:09:35.778+0000] {logging_mixin.py:190} INFO - [2024-09-06T06:09:35.777+0000] {dag.py:4138} INFO - Setting next_dagrun for example_task_group to 2024-09-05 00:00:00+00:00, run_after=2024-09-06 00:00:00+00:00
[2024-09-06T06:09:35.820+0000] {processor.py:208} INFO - Processing /home/airflow/.local/lib/python3.12/site-packages/airflow/example_dags/example_task_group.py took 0.177 seconds
[2024-09-06T06:10:06.107+0000] {processor.py:186} INFO - Started process (PID=2114) to work on /home/airflow/.local/lib/python3.12/site-packages/airflow/example_dags/example_task_group.py
[2024-09-06T06:10:06.109+0000] {processor.py:914} INFO - Processing file /home/airflow/.local/lib/python3.12/site-packages/airflow/example_dags/example_task_group.py for tasks to queue
[2024-09-06T06:10:06.115+0000] {logging_mixin.py:190} INFO - [2024-09-06T06:10:06.114+0000] {dagbag.py:587} INFO - Filling up the DagBag from /home/airflow/.local/lib/python3.12/site-packages/airflow/example_dags/example_task_group.py
[2024-09-06T06:10:06.136+0000] {processor.py:925} INFO - DAG(s) 'example_task_group' retrieved from /home/airflow/.local/lib/python3.12/site-packages/airflow/example_dags/example_task_group.py
[2024-09-06T06:10:06.181+0000] {logging_mixin.py:190} INFO - [2024-09-06T06:10:06.180+0000] {dag.py:3211} INFO - Sync 1 DAGs
[2024-09-06T06:10:06.243+0000] {logging_mixin.py:190} INFO - [2024-09-06T06:10:06.243+0000] {dag.py:4138} INFO - Setting next_dagrun for example_task_group to 2024-09-05 00:00:00+00:00, run_after=2024-09-06 00:00:00+00:00
[2024-09-06T06:10:06.283+0000] {processor.py:208} INFO - Processing /home/airflow/.local/lib/python3.12/site-packages/airflow/example_dags/example_task_group.py took 0.189 seconds
[2024-09-06T06:10:36.515+0000] {processor.py:186} INFO - Started process (PID=2177) to work on /home/airflow/.local/lib/python3.12/site-packages/airflow/example_dags/example_task_group.py
[2024-09-06T06:10:36.517+0000] {processor.py:914} INFO - Processing file /home/airflow/.local/lib/python3.12/site-packages/airflow/example_dags/example_task_group.py for tasks to queue
[2024-09-06T06:10:36.524+0000] {logging_mixin.py:190} INFO - [2024-09-06T06:10:36.523+0000] {dagbag.py:587} INFO - Filling up the DagBag from /home/airflow/.local/lib/python3.12/site-packages/airflow/example_dags/example_task_group.py
[2024-09-06T06:10:36.544+0000] {processor.py:925} INFO - DAG(s) 'example_task_group' retrieved from /home/airflow/.local/lib/python3.12/site-packages/airflow/example_dags/example_task_group.py
[2024-09-06T06:10:36.607+0000] {logging_mixin.py:190} INFO - [2024-09-06T06:10:36.606+0000] {dag.py:3211} INFO - Sync 1 DAGs
[2024-09-06T06:10:36.656+0000] {logging_mixin.py:190} INFO - [2024-09-06T06:10:36.655+0000] {dag.py:4138} INFO - Setting next_dagrun for example_task_group to 2024-09-05 00:00:00+00:00, run_after=2024-09-06 00:00:00+00:00
[2024-09-06T06:10:36.692+0000] {processor.py:208} INFO - Processing /home/airflow/.local/lib/python3.12/site-packages/airflow/example_dags/example_task_group.py took 0.189 seconds
[2024-09-06T06:11:06.966+0000] {processor.py:186} INFO - Started process (PID=2240) to work on /home/airflow/.local/lib/python3.12/site-packages/airflow/example_dags/example_task_group.py
[2024-09-06T06:11:06.968+0000] {processor.py:914} INFO - Processing file /home/airflow/.local/lib/python3.12/site-packages/airflow/example_dags/example_task_group.py for tasks to queue
[2024-09-06T06:11:06.974+0000] {logging_mixin.py:190} INFO - [2024-09-06T06:11:06.972+0000] {dagbag.py:587} INFO - Filling up the DagBag from /home/airflow/.local/lib/python3.12/site-packages/airflow/example_dags/example_task_group.py
[2024-09-06T06:11:06.994+0000] {processor.py:925} INFO - DAG(s) 'example_task_group' retrieved from /home/airflow/.local/lib/python3.12/site-packages/airflow/example_dags/example_task_group.py
[2024-09-06T06:11:07.032+0000] {logging_mixin.py:190} INFO - [2024-09-06T06:11:07.032+0000] {dag.py:3211} INFO - Sync 1 DAGs
[2024-09-06T06:11:07.074+0000] {logging_mixin.py:190} INFO - [2024-09-06T06:11:07.074+0000] {dag.py:4138} INFO - Setting next_dagrun for example_task_group to 2024-09-05 00:00:00+00:00, run_after=2024-09-06 00:00:00+00:00
[2024-09-06T06:11:07.106+0000] {processor.py:208} INFO - Processing /home/airflow/.local/lib/python3.12/site-packages/airflow/example_dags/example_task_group.py took 0.153 seconds
[2024-09-06T06:11:37.425+0000] {processor.py:186} INFO - Started process (PID=2303) to work on /home/airflow/.local/lib/python3.12/site-packages/airflow/example_dags/example_task_group.py
[2024-09-06T06:11:37.427+0000] {processor.py:914} INFO - Processing file /home/airflow/.local/lib/python3.12/site-packages/airflow/example_dags/example_task_group.py for tasks to queue
[2024-09-06T06:11:37.433+0000] {logging_mixin.py:190} INFO - [2024-09-06T06:11:37.432+0000] {dagbag.py:587} INFO - Filling up the DagBag from /home/airflow/.local/lib/python3.12/site-packages/airflow/example_dags/example_task_group.py
[2024-09-06T06:11:37.450+0000] {processor.py:925} INFO - DAG(s) 'example_task_group' retrieved from /home/airflow/.local/lib/python3.12/site-packages/airflow/example_dags/example_task_group.py
[2024-09-06T06:11:37.490+0000] {logging_mixin.py:190} INFO - [2024-09-06T06:11:37.490+0000] {dag.py:3211} INFO - Sync 1 DAGs
[2024-09-06T06:11:37.537+0000] {logging_mixin.py:190} INFO - [2024-09-06T06:11:37.536+0000] {dag.py:4138} INFO - Setting next_dagrun for example_task_group to 2024-09-05 00:00:00+00:00, run_after=2024-09-06 00:00:00+00:00
[2024-09-06T06:11:37.572+0000] {processor.py:208} INFO - Processing /home/airflow/.local/lib/python3.12/site-packages/airflow/example_dags/example_task_group.py took 0.170 seconds
[2024-09-06T06:12:08.084+0000] {processor.py:186} INFO - Started process (PID=2366) to work on /home/airflow/.local/lib/python3.12/site-packages/airflow/example_dags/example_task_group.py
[2024-09-06T06:12:08.086+0000] {processor.py:914} INFO - Processing file /home/airflow/.local/lib/python3.12/site-packages/airflow/example_dags/example_task_group.py for tasks to queue
[2024-09-06T06:12:08.091+0000] {logging_mixin.py:190} INFO - [2024-09-06T06:12:08.091+0000] {dagbag.py:587} INFO - Filling up the DagBag from /home/airflow/.local/lib/python3.12/site-packages/airflow/example_dags/example_task_group.py
[2024-09-06T06:12:08.108+0000] {processor.py:925} INFO - DAG(s) 'example_task_group' retrieved from /home/airflow/.local/lib/python3.12/site-packages/airflow/example_dags/example_task_group.py
[2024-09-06T06:12:08.150+0000] {logging_mixin.py:190} INFO - [2024-09-06T06:12:08.150+0000] {dag.py:3211} INFO - Sync 1 DAGs
[2024-09-06T06:12:08.201+0000] {logging_mixin.py:190} INFO - [2024-09-06T06:12:08.201+0000] {dag.py:4138} INFO - Setting next_dagrun for example_task_group to 2024-09-05 00:00:00+00:00, run_after=2024-09-06 00:00:00+00:00
[2024-09-06T06:12:08.240+0000] {processor.py:208} INFO - Processing /home/airflow/.local/lib/python3.12/site-packages/airflow/example_dags/example_task_group.py took 0.168 seconds
[2024-09-06T06:12:39.103+0000] {processor.py:186} INFO - Started process (PID=2430) to work on /home/airflow/.local/lib/python3.12/site-packages/airflow/example_dags/example_task_group.py
[2024-09-06T06:12:39.105+0000] {processor.py:914} INFO - Processing file /home/airflow/.local/lib/python3.12/site-packages/airflow/example_dags/example_task_group.py for tasks to queue
[2024-09-06T06:12:39.111+0000] {logging_mixin.py:190} INFO - [2024-09-06T06:12:39.111+0000] {dagbag.py:587} INFO - Filling up the DagBag from /home/airflow/.local/lib/python3.12/site-packages/airflow/example_dags/example_task_group.py
[2024-09-06T06:12:39.131+0000] {processor.py:925} INFO - DAG(s) 'example_task_group' retrieved from /home/airflow/.local/lib/python3.12/site-packages/airflow/example_dags/example_task_group.py
[2024-09-06T06:12:39.177+0000] {logging_mixin.py:190} INFO - [2024-09-06T06:12:39.177+0000] {dag.py:3211} INFO - Sync 1 DAGs
[2024-09-06T06:12:39.229+0000] {logging_mixin.py:190} INFO - [2024-09-06T06:12:39.229+0000] {dag.py:4138} INFO - Setting next_dagrun for example_task_group to 2024-09-05 00:00:00+00:00, run_after=2024-09-06 00:00:00+00:00
[2024-09-06T06:12:39.275+0000] {processor.py:208} INFO - Processing /home/airflow/.local/lib/python3.12/site-packages/airflow/example_dags/example_task_group.py took 0.184 seconds
[2024-09-06T06:13:09.690+0000] {processor.py:186} INFO - Started process (PID=2500) to work on /home/airflow/.local/lib/python3.12/site-packages/airflow/example_dags/example_task_group.py
[2024-09-06T06:13:09.692+0000] {processor.py:914} INFO - Processing file /home/airflow/.local/lib/python3.12/site-packages/airflow/example_dags/example_task_group.py for tasks to queue
[2024-09-06T06:13:09.698+0000] {logging_mixin.py:190} INFO - [2024-09-06T06:13:09.698+0000] {dagbag.py:587} INFO - Filling up the DagBag from /home/airflow/.local/lib/python3.12/site-packages/airflow/example_dags/example_task_group.py
[2024-09-06T06:13:09.717+0000] {processor.py:925} INFO - DAG(s) 'example_task_group' retrieved from /home/airflow/.local/lib/python3.12/site-packages/airflow/example_dags/example_task_group.py
[2024-09-06T06:13:09.761+0000] {logging_mixin.py:190} INFO - [2024-09-06T06:13:09.760+0000] {dag.py:3211} INFO - Sync 1 DAGs
[2024-09-06T06:13:09.809+0000] {logging_mixin.py:190} INFO - [2024-09-06T06:13:09.809+0000] {dag.py:4138} INFO - Setting next_dagrun for example_task_group to 2024-09-05 00:00:00+00:00, run_after=2024-09-06 00:00:00+00:00
[2024-09-06T06:13:09.845+0000] {processor.py:208} INFO - Processing /home/airflow/.local/lib/python3.12/site-packages/airflow/example_dags/example_task_group.py took 0.166 seconds
[2024-09-06T06:13:40.218+0000] {processor.py:186} INFO - Started process (PID=2582) to work on /home/airflow/.local/lib/python3.12/site-packages/airflow/example_dags/example_task_group.py
[2024-09-06T06:13:40.220+0000] {processor.py:914} INFO - Processing file /home/airflow/.local/lib/python3.12/site-packages/airflow/example_dags/example_task_group.py for tasks to queue
[2024-09-06T06:13:40.225+0000] {logging_mixin.py:190} INFO - [2024-09-06T06:13:40.224+0000] {dagbag.py:587} INFO - Filling up the DagBag from /home/airflow/.local/lib/python3.12/site-packages/airflow/example_dags/example_task_group.py
[2024-09-06T06:13:40.243+0000] {processor.py:925} INFO - DAG(s) 'example_task_group' retrieved from /home/airflow/.local/lib/python3.12/site-packages/airflow/example_dags/example_task_group.py
[2024-09-06T06:13:40.290+0000] {logging_mixin.py:190} INFO - [2024-09-06T06:13:40.289+0000] {dag.py:3211} INFO - Sync 1 DAGs
[2024-09-06T06:13:40.340+0000] {logging_mixin.py:190} INFO - [2024-09-06T06:13:40.340+0000] {dag.py:4138} INFO - Setting next_dagrun for example_task_group to 2024-09-05 00:00:00+00:00, run_after=2024-09-06 00:00:00+00:00
[2024-09-06T06:13:40.380+0000] {processor.py:208} INFO - Processing /home/airflow/.local/lib/python3.12/site-packages/airflow/example_dags/example_task_group.py took 0.180 seconds
[2024-09-06T06:14:11.303+0000] {processor.py:186} INFO - Started process (PID=2649) to work on /home/airflow/.local/lib/python3.12/site-packages/airflow/example_dags/example_task_group.py
[2024-09-06T06:14:11.305+0000] {processor.py:914} INFO - Processing file /home/airflow/.local/lib/python3.12/site-packages/airflow/example_dags/example_task_group.py for tasks to queue
[2024-09-06T06:14:11.311+0000] {logging_mixin.py:190} INFO - [2024-09-06T06:14:11.310+0000] {dagbag.py:587} INFO - Filling up the DagBag from /home/airflow/.local/lib/python3.12/site-packages/airflow/example_dags/example_task_group.py
[2024-09-06T06:14:11.334+0000] {processor.py:925} INFO - DAG(s) 'example_task_group' retrieved from /home/airflow/.local/lib/python3.12/site-packages/airflow/example_dags/example_task_group.py
[2024-09-06T06:14:11.385+0000] {logging_mixin.py:190} INFO - [2024-09-06T06:14:11.385+0000] {dag.py:3211} INFO - Sync 1 DAGs
[2024-09-06T06:14:11.437+0000] {logging_mixin.py:190} INFO - [2024-09-06T06:14:11.437+0000] {dag.py:4138} INFO - Setting next_dagrun for example_task_group to 2024-09-05 00:00:00+00:00, run_after=2024-09-06 00:00:00+00:00
[2024-09-06T06:14:11.474+0000] {processor.py:208} INFO - Processing /home/airflow/.local/lib/python3.12/site-packages/airflow/example_dags/example_task_group.py took 0.194 seconds
[2024-09-06T06:14:42.062+0000] {processor.py:186} INFO - Started process (PID=2723) to work on /home/airflow/.local/lib/python3.12/site-packages/airflow/example_dags/example_task_group.py
[2024-09-06T06:14:42.065+0000] {processor.py:914} INFO - Processing file /home/airflow/.local/lib/python3.12/site-packages/airflow/example_dags/example_task_group.py for tasks to queue
[2024-09-06T06:14:42.070+0000] {logging_mixin.py:190} INFO - [2024-09-06T06:14:42.070+0000] {dagbag.py:587} INFO - Filling up the DagBag from /home/airflow/.local/lib/python3.12/site-packages/airflow/example_dags/example_task_group.py
[2024-09-06T06:14:42.087+0000] {processor.py:925} INFO - DAG(s) 'example_task_group' retrieved from /home/airflow/.local/lib/python3.12/site-packages/airflow/example_dags/example_task_group.py
[2024-09-06T06:14:42.133+0000] {logging_mixin.py:190} INFO - [2024-09-06T06:14:42.133+0000] {dag.py:3211} INFO - Sync 1 DAGs
[2024-09-06T06:14:42.195+0000] {logging_mixin.py:190} INFO - [2024-09-06T06:14:42.194+0000] {dag.py:4138} INFO - Setting next_dagrun for example_task_group to 2024-09-05 00:00:00+00:00, run_after=2024-09-06 00:00:00+00:00
[2024-09-06T06:14:42.232+0000] {processor.py:208} INFO - Processing /home/airflow/.local/lib/python3.12/site-packages/airflow/example_dags/example_task_group.py took 0.188 seconds
[2024-09-06T06:15:15.424+0000] {processor.py:186} INFO - Started process (PID=2788) to work on /home/airflow/.local/lib/python3.12/site-packages/airflow/example_dags/example_task_group.py
[2024-09-06T06:15:15.426+0000] {processor.py:914} INFO - Processing file /home/airflow/.local/lib/python3.12/site-packages/airflow/example_dags/example_task_group.py for tasks to queue
[2024-09-06T06:15:15.434+0000] {logging_mixin.py:190} INFO - [2024-09-06T06:15:15.433+0000] {dagbag.py:587} INFO - Filling up the DagBag from /home/airflow/.local/lib/python3.12/site-packages/airflow/example_dags/example_task_group.py
[2024-09-06T06:15:15.453+0000] {processor.py:925} INFO - DAG(s) 'example_task_group' retrieved from /home/airflow/.local/lib/python3.12/site-packages/airflow/example_dags/example_task_group.py
[2024-09-06T06:15:15.496+0000] {logging_mixin.py:190} INFO - [2024-09-06T06:15:15.495+0000] {dag.py:3211} INFO - Sync 1 DAGs
[2024-09-06T06:15:15.546+0000] {logging_mixin.py:190} INFO - [2024-09-06T06:15:15.545+0000] {dag.py:4138} INFO - Setting next_dagrun for example_task_group to 2024-09-05 00:00:00+00:00, run_after=2024-09-06 00:00:00+00:00
[2024-09-06T06:15:15.583+0000] {processor.py:208} INFO - Processing /home/airflow/.local/lib/python3.12/site-packages/airflow/example_dags/example_task_group.py took 0.192 seconds
[2024-09-06T06:15:45.946+0000] {processor.py:186} INFO - Started process (PID=2855) to work on /home/airflow/.local/lib/python3.12/site-packages/airflow/example_dags/example_task_group.py
[2024-09-06T06:15:45.948+0000] {processor.py:914} INFO - Processing file /home/airflow/.local/lib/python3.12/site-packages/airflow/example_dags/example_task_group.py for tasks to queue
[2024-09-06T06:15:45.954+0000] {logging_mixin.py:190} INFO - [2024-09-06T06:15:45.953+0000] {dagbag.py:587} INFO - Filling up the DagBag from /home/airflow/.local/lib/python3.12/site-packages/airflow/example_dags/example_task_group.py
[2024-09-06T06:15:45.973+0000] {processor.py:925} INFO - DAG(s) 'example_task_group' retrieved from /home/airflow/.local/lib/python3.12/site-packages/airflow/example_dags/example_task_group.py
[2024-09-06T06:15:46.017+0000] {logging_mixin.py:190} INFO - [2024-09-06T06:15:46.016+0000] {dag.py:3211} INFO - Sync 1 DAGs
[2024-09-06T06:15:46.066+0000] {logging_mixin.py:190} INFO - [2024-09-06T06:15:46.066+0000] {dag.py:4138} INFO - Setting next_dagrun for example_task_group to 2024-09-05 00:00:00+00:00, run_after=2024-09-06 00:00:00+00:00
[2024-09-06T06:15:46.133+0000] {processor.py:208} INFO - Processing /home/airflow/.local/lib/python3.12/site-packages/airflow/example_dags/example_task_group.py took 0.204 seconds
[2024-09-06T06:16:17.847+0000] {processor.py:186} INFO - Started process (PID=2921) to work on /home/airflow/.local/lib/python3.12/site-packages/airflow/example_dags/example_task_group.py
[2024-09-06T06:16:17.850+0000] {processor.py:914} INFO - Processing file /home/airflow/.local/lib/python3.12/site-packages/airflow/example_dags/example_task_group.py for tasks to queue
[2024-09-06T06:16:17.855+0000] {logging_mixin.py:190} INFO - [2024-09-06T06:16:17.854+0000] {dagbag.py:587} INFO - Filling up the DagBag from /home/airflow/.local/lib/python3.12/site-packages/airflow/example_dags/example_task_group.py
[2024-09-06T06:16:17.873+0000] {processor.py:925} INFO - DAG(s) 'example_task_group' retrieved from /home/airflow/.local/lib/python3.12/site-packages/airflow/example_dags/example_task_group.py
[2024-09-06T06:16:17.924+0000] {logging_mixin.py:190} INFO - [2024-09-06T06:16:17.924+0000] {dag.py:3211} INFO - Sync 1 DAGs
[2024-09-06T06:16:17.981+0000] {logging_mixin.py:190} INFO - [2024-09-06T06:16:17.981+0000] {dag.py:4138} INFO - Setting next_dagrun for example_task_group to 2024-09-05 00:00:00+00:00, run_after=2024-09-06 00:00:00+00:00
[2024-09-06T06:16:18.023+0000] {processor.py:208} INFO - Processing /home/airflow/.local/lib/python3.12/site-packages/airflow/example_dags/example_task_group.py took 0.193 seconds
[2024-09-06T06:16:48.875+0000] {processor.py:186} INFO - Started process (PID=2985) to work on /home/airflow/.local/lib/python3.12/site-packages/airflow/example_dags/example_task_group.py
[2024-09-06T06:16:48.877+0000] {processor.py:914} INFO - Processing file /home/airflow/.local/lib/python3.12/site-packages/airflow/example_dags/example_task_group.py for tasks to queue
[2024-09-06T06:16:48.884+0000] {logging_mixin.py:190} INFO - [2024-09-06T06:16:48.883+0000] {dagbag.py:587} INFO - Filling up the DagBag from /home/airflow/.local/lib/python3.12/site-packages/airflow/example_dags/example_task_group.py
[2024-09-06T06:16:48.904+0000] {processor.py:925} INFO - DAG(s) 'example_task_group' retrieved from /home/airflow/.local/lib/python3.12/site-packages/airflow/example_dags/example_task_group.py
[2024-09-06T06:16:48.948+0000] {logging_mixin.py:190} INFO - [2024-09-06T06:16:48.947+0000] {dag.py:3211} INFO - Sync 1 DAGs
[2024-09-06T06:16:49.003+0000] {logging_mixin.py:190} INFO - [2024-09-06T06:16:49.002+0000] {dag.py:4138} INFO - Setting next_dagrun for example_task_group to 2024-09-05 00:00:00+00:00, run_after=2024-09-06 00:00:00+00:00
[2024-09-06T06:16:49.058+0000] {processor.py:208} INFO - Processing /home/airflow/.local/lib/python3.12/site-packages/airflow/example_dags/example_task_group.py took 0.204 seconds
[2024-09-06T06:17:19.353+0000] {processor.py:186} INFO - Started process (PID=3051) to work on /home/airflow/.local/lib/python3.12/site-packages/airflow/example_dags/example_task_group.py
[2024-09-06T06:17:19.355+0000] {processor.py:914} INFO - Processing file /home/airflow/.local/lib/python3.12/site-packages/airflow/example_dags/example_task_group.py for tasks to queue
[2024-09-06T06:17:19.362+0000] {logging_mixin.py:190} INFO - [2024-09-06T06:17:19.361+0000] {dagbag.py:587} INFO - Filling up the DagBag from /home/airflow/.local/lib/python3.12/site-packages/airflow/example_dags/example_task_group.py
[2024-09-06T06:17:19.382+0000] {processor.py:925} INFO - DAG(s) 'example_task_group' retrieved from /home/airflow/.local/lib/python3.12/site-packages/airflow/example_dags/example_task_group.py
[2024-09-06T06:17:19.423+0000] {logging_mixin.py:190} INFO - [2024-09-06T06:17:19.423+0000] {dag.py:3211} INFO - Sync 1 DAGs
[2024-09-06T06:17:19.469+0000] {logging_mixin.py:190} INFO - [2024-09-06T06:17:19.469+0000] {dag.py:4138} INFO - Setting next_dagrun for example_task_group to 2024-09-05 00:00:00+00:00, run_after=2024-09-06 00:00:00+00:00
[2024-09-06T06:17:19.500+0000] {processor.py:208} INFO - Processing /home/airflow/.local/lib/python3.12/site-packages/airflow/example_dags/example_task_group.py took 0.171 seconds
[2024-09-06T06:18:03.648+0000] {processor.py:186} INFO - Started process (PID=3137) to work on /home/airflow/.local/lib/python3.12/site-packages/airflow/example_dags/example_task_group.py
[2024-09-06T06:18:03.869+0000] {processor.py:914} INFO - Processing file /home/airflow/.local/lib/python3.12/site-packages/airflow/example_dags/example_task_group.py for tasks to queue
[2024-09-06T06:18:03.958+0000] {logging_mixin.py:190} INFO - [2024-09-06T06:18:03.893+0000] {dagbag.py:587} INFO - Filling up the DagBag from /home/airflow/.local/lib/python3.12/site-packages/airflow/example_dags/example_task_group.py
[2024-09-06T06:18:04.251+0000] {processor.py:925} INFO - DAG(s) 'example_task_group' retrieved from /home/airflow/.local/lib/python3.12/site-packages/airflow/example_dags/example_task_group.py
[2024-09-06T06:18:04.657+0000] {logging_mixin.py:190} INFO - [2024-09-06T06:18:04.645+0000] {dag.py:3211} INFO - Sync 1 DAGs
[2024-09-06T06:18:05.335+0000] {logging_mixin.py:190} INFO - [2024-09-06T06:18:05.334+0000] {dag.py:4138} INFO - Setting next_dagrun for example_task_group to 2024-09-05 00:00:00+00:00, run_after=2024-09-06 00:00:00+00:00
[2024-09-06T06:18:06.165+0000] {processor.py:208} INFO - Processing /home/airflow/.local/lib/python3.12/site-packages/airflow/example_dags/example_task_group.py took 2.582 seconds
[2024-09-06T06:18:50.554+0000] {processor.py:186} INFO - Started process (PID=3222) to work on /home/airflow/.local/lib/python3.12/site-packages/airflow/example_dags/example_task_group.py
[2024-09-06T06:18:50.568+0000] {processor.py:914} INFO - Processing file /home/airflow/.local/lib/python3.12/site-packages/airflow/example_dags/example_task_group.py for tasks to queue
[2024-09-06T06:18:50.573+0000] {logging_mixin.py:190} INFO - [2024-09-06T06:18:50.573+0000] {dagbag.py:587} INFO - Filling up the DagBag from /home/airflow/.local/lib/python3.12/site-packages/airflow/example_dags/example_task_group.py
[2024-09-06T06:18:50.653+0000] {processor.py:925} INFO - DAG(s) 'example_task_group' retrieved from /home/airflow/.local/lib/python3.12/site-packages/airflow/example_dags/example_task_group.py
[2024-09-06T06:18:50.890+0000] {logging_mixin.py:190} INFO - [2024-09-06T06:18:50.889+0000] {dag.py:3211} INFO - Sync 1 DAGs
[2024-09-06T06:18:51.177+0000] {logging_mixin.py:190} INFO - [2024-09-06T06:18:51.176+0000] {dag.py:4138} INFO - Setting next_dagrun for example_task_group to 2024-09-05 00:00:00+00:00, run_after=2024-09-06 00:00:00+00:00
[2024-09-06T06:18:51.372+0000] {processor.py:208} INFO - Processing /home/airflow/.local/lib/python3.12/site-packages/airflow/example_dags/example_task_group.py took 0.917 seconds
[2024-09-06T06:19:39.552+0000] {processor.py:186} INFO - Started process (PID=3296) to work on /home/airflow/.local/lib/python3.12/site-packages/airflow/example_dags/example_task_group.py
[2024-09-06T06:19:39.560+0000] {processor.py:914} INFO - Processing file /home/airflow/.local/lib/python3.12/site-packages/airflow/example_dags/example_task_group.py for tasks to queue
[2024-09-06T06:19:39.592+0000] {logging_mixin.py:190} INFO - [2024-09-06T06:19:39.591+0000] {dagbag.py:587} INFO - Filling up the DagBag from /home/airflow/.local/lib/python3.12/site-packages/airflow/example_dags/example_task_group.py
[2024-09-06T06:19:39.815+0000] {processor.py:925} INFO - DAG(s) 'example_task_group' retrieved from /home/airflow/.local/lib/python3.12/site-packages/airflow/example_dags/example_task_group.py
[2024-09-06T06:19:40.140+0000] {logging_mixin.py:190} INFO - [2024-09-06T06:19:40.139+0000] {dag.py:3211} INFO - Sync 1 DAGs
[2024-09-06T06:19:40.451+0000] {logging_mixin.py:190} INFO - [2024-09-06T06:19:40.449+0000] {dag.py:4138} INFO - Setting next_dagrun for example_task_group to 2024-09-05 00:00:00+00:00, run_after=2024-09-06 00:00:00+00:00
[2024-09-06T06:19:40.547+0000] {processor.py:208} INFO - Processing /home/airflow/.local/lib/python3.12/site-packages/airflow/example_dags/example_task_group.py took 1.052 seconds
