[2024-09-06T05:52:47.398+0000] {processor.py:186} INFO - Started process (PID=100) to work on /home/airflow/.local/lib/python3.12/site-packages/airflow/example_dags/example_short_circuit_decorator.py
[2024-09-06T05:52:47.400+0000] {processor.py:914} INFO - Processing file /home/airflow/.local/lib/python3.12/site-packages/airflow/example_dags/example_short_circuit_decorator.py for tasks to queue
[2024-09-06T05:52:47.409+0000] {logging_mixin.py:190} INFO - [2024-09-06T05:52:47.409+0000] {dagbag.py:587} INFO - Filling up the DagBag from /home/airflow/.local/lib/python3.12/site-packages/airflow/example_dags/example_short_circuit_decorator.py
[2024-09-06T05:52:47.438+0000] {processor.py:925} INFO - DAG(s) 'example_short_circuit_decorator' retrieved from /home/airflow/.local/lib/python3.12/site-packages/airflow/example_dags/example_short_circuit_decorator.py
[2024-09-06T05:52:47.506+0000] {logging_mixin.py:190} INFO - [2024-09-06T05:52:47.506+0000] {dag.py:3211} INFO - Sync 1 DAGs
[2024-09-06T05:52:47.574+0000] {logging_mixin.py:190} INFO - [2024-09-06T05:52:47.574+0000] {dag.py:4138} INFO - Setting next_dagrun for example_short_circuit_decorator to 2024-09-05 00:00:00+00:00, run_after=2024-09-06 00:00:00+00:00
[2024-09-06T05:52:47.626+0000] {processor.py:208} INFO - Processing /home/airflow/.local/lib/python3.12/site-packages/airflow/example_dags/example_short_circuit_decorator.py took 0.245 seconds
[2024-09-06T05:53:21.720+0000] {processor.py:186} INFO - Started process (PID=169) to work on /home/airflow/.local/lib/python3.12/site-packages/airflow/example_dags/example_short_circuit_decorator.py
[2024-09-06T05:53:21.723+0000] {processor.py:914} INFO - Processing file /home/airflow/.local/lib/python3.12/site-packages/airflow/example_dags/example_short_circuit_decorator.py for tasks to queue
[2024-09-06T05:53:21.737+0000] {logging_mixin.py:190} INFO - [2024-09-06T05:53:21.737+0000] {dagbag.py:587} INFO - Filling up the DagBag from /home/airflow/.local/lib/python3.12/site-packages/airflow/example_dags/example_short_circuit_decorator.py
[2024-09-06T05:53:21.769+0000] {processor.py:925} INFO - DAG(s) 'example_short_circuit_decorator' retrieved from /home/airflow/.local/lib/python3.12/site-packages/airflow/example_dags/example_short_circuit_decorator.py
[2024-09-06T05:53:21.831+0000] {logging_mixin.py:190} INFO - [2024-09-06T05:53:21.831+0000] {dag.py:3211} INFO - Sync 1 DAGs
[2024-09-06T05:53:21.906+0000] {logging_mixin.py:190} INFO - [2024-09-06T05:53:21.905+0000] {dag.py:4138} INFO - Setting next_dagrun for example_short_circuit_decorator to 2024-09-05 00:00:00+00:00, run_after=2024-09-06 00:00:00+00:00
[2024-09-06T05:53:21.988+0000] {processor.py:208} INFO - Processing /home/airflow/.local/lib/python3.12/site-packages/airflow/example_dags/example_short_circuit_decorator.py took 0.290 seconds
[2024-09-06T05:53:53.253+0000] {processor.py:186} INFO - Started process (PID=232) to work on /home/airflow/.local/lib/python3.12/site-packages/airflow/example_dags/example_short_circuit_decorator.py
[2024-09-06T05:53:53.265+0000] {processor.py:914} INFO - Processing file /home/airflow/.local/lib/python3.12/site-packages/airflow/example_dags/example_short_circuit_decorator.py for tasks to queue
[2024-09-06T05:53:53.284+0000] {logging_mixin.py:190} INFO - [2024-09-06T05:53:53.282+0000] {dagbag.py:587} INFO - Filling up the DagBag from /home/airflow/.local/lib/python3.12/site-packages/airflow/example_dags/example_short_circuit_decorator.py
[2024-09-06T05:53:53.331+0000] {processor.py:925} INFO - DAG(s) 'example_short_circuit_decorator' retrieved from /home/airflow/.local/lib/python3.12/site-packages/airflow/example_dags/example_short_circuit_decorator.py
[2024-09-06T05:53:53.447+0000] {logging_mixin.py:190} INFO - [2024-09-06T05:53:53.446+0000] {dag.py:3211} INFO - Sync 1 DAGs
[2024-09-06T05:53:53.540+0000] {logging_mixin.py:190} INFO - [2024-09-06T05:53:53.539+0000] {dag.py:4138} INFO - Setting next_dagrun for example_short_circuit_decorator to 2024-09-05 00:00:00+00:00, run_after=2024-09-06 00:00:00+00:00
[2024-09-06T05:53:53.975+0000] {processor.py:208} INFO - Processing /home/airflow/.local/lib/python3.12/site-packages/airflow/example_dags/example_short_circuit_decorator.py took 0.746 seconds
[2024-09-06T05:54:26.534+0000] {processor.py:186} INFO - Started process (PID=294) to work on /home/airflow/.local/lib/python3.12/site-packages/airflow/example_dags/example_short_circuit_decorator.py
[2024-09-06T05:54:26.537+0000] {processor.py:914} INFO - Processing file /home/airflow/.local/lib/python3.12/site-packages/airflow/example_dags/example_short_circuit_decorator.py for tasks to queue
[2024-09-06T05:54:26.542+0000] {logging_mixin.py:190} INFO - [2024-09-06T05:54:26.541+0000] {dagbag.py:587} INFO - Filling up the DagBag from /home/airflow/.local/lib/python3.12/site-packages/airflow/example_dags/example_short_circuit_decorator.py
[2024-09-06T05:54:26.595+0000] {processor.py:925} INFO - DAG(s) 'example_short_circuit_decorator' retrieved from /home/airflow/.local/lib/python3.12/site-packages/airflow/example_dags/example_short_circuit_decorator.py
[2024-09-06T05:54:26.752+0000] {logging_mixin.py:190} INFO - [2024-09-06T05:54:26.749+0000] {dag.py:3211} INFO - Sync 1 DAGs
[2024-09-06T05:54:26.873+0000] {logging_mixin.py:190} INFO - [2024-09-06T05:54:26.872+0000] {dag.py:4138} INFO - Setting next_dagrun for example_short_circuit_decorator to 2024-09-05 00:00:00+00:00, run_after=2024-09-06 00:00:00+00:00
[2024-09-06T05:54:26.978+0000] {processor.py:208} INFO - Processing /home/airflow/.local/lib/python3.12/site-packages/airflow/example_dags/example_short_circuit_decorator.py took 0.478 seconds
[2024-09-06T05:54:57.249+0000] {processor.py:186} INFO - Started process (PID=357) to work on /home/airflow/.local/lib/python3.12/site-packages/airflow/example_dags/example_short_circuit_decorator.py
[2024-09-06T05:54:57.252+0000] {processor.py:914} INFO - Processing file /home/airflow/.local/lib/python3.12/site-packages/airflow/example_dags/example_short_circuit_decorator.py for tasks to queue
[2024-09-06T05:54:57.264+0000] {logging_mixin.py:190} INFO - [2024-09-06T05:54:57.262+0000] {dagbag.py:587} INFO - Filling up the DagBag from /home/airflow/.local/lib/python3.12/site-packages/airflow/example_dags/example_short_circuit_decorator.py
[2024-09-06T05:54:57.295+0000] {processor.py:925} INFO - DAG(s) 'example_short_circuit_decorator' retrieved from /home/airflow/.local/lib/python3.12/site-packages/airflow/example_dags/example_short_circuit_decorator.py
[2024-09-06T05:54:57.363+0000] {logging_mixin.py:190} INFO - [2024-09-06T05:54:57.363+0000] {dag.py:3211} INFO - Sync 1 DAGs
[2024-09-06T05:54:57.493+0000] {logging_mixin.py:190} INFO - [2024-09-06T05:54:57.493+0000] {dag.py:4138} INFO - Setting next_dagrun for example_short_circuit_decorator to 2024-09-05 00:00:00+00:00, run_after=2024-09-06 00:00:00+00:00
[2024-09-06T05:54:57.578+0000] {processor.py:208} INFO - Processing /home/airflow/.local/lib/python3.12/site-packages/airflow/example_dags/example_short_circuit_decorator.py took 0.370 seconds
[2024-09-06T05:55:28.216+0000] {processor.py:186} INFO - Started process (PID=420) to work on /home/airflow/.local/lib/python3.12/site-packages/airflow/example_dags/example_short_circuit_decorator.py
[2024-09-06T05:55:28.222+0000] {processor.py:914} INFO - Processing file /home/airflow/.local/lib/python3.12/site-packages/airflow/example_dags/example_short_circuit_decorator.py for tasks to queue
[2024-09-06T05:55:28.238+0000] {logging_mixin.py:190} INFO - [2024-09-06T05:55:28.237+0000] {dagbag.py:587} INFO - Filling up the DagBag from /home/airflow/.local/lib/python3.12/site-packages/airflow/example_dags/example_short_circuit_decorator.py
[2024-09-06T05:55:28.274+0000] {processor.py:925} INFO - DAG(s) 'example_short_circuit_decorator' retrieved from /home/airflow/.local/lib/python3.12/site-packages/airflow/example_dags/example_short_circuit_decorator.py
[2024-09-06T05:55:28.371+0000] {logging_mixin.py:190} INFO - [2024-09-06T05:55:28.371+0000] {dag.py:3211} INFO - Sync 1 DAGs
[2024-09-06T05:55:28.447+0000] {logging_mixin.py:190} INFO - [2024-09-06T05:55:28.446+0000] {dag.py:4138} INFO - Setting next_dagrun for example_short_circuit_decorator to 2024-09-05 00:00:00+00:00, run_after=2024-09-06 00:00:00+00:00
[2024-09-06T05:55:28.494+0000] {processor.py:208} INFO - Processing /home/airflow/.local/lib/python3.12/site-packages/airflow/example_dags/example_short_circuit_decorator.py took 0.294 seconds
[2024-09-06T05:56:01.537+0000] {processor.py:186} INFO - Started process (PID=483) to work on /home/airflow/.local/lib/python3.12/site-packages/airflow/example_dags/example_short_circuit_decorator.py
[2024-09-06T05:56:01.542+0000] {processor.py:914} INFO - Processing file /home/airflow/.local/lib/python3.12/site-packages/airflow/example_dags/example_short_circuit_decorator.py for tasks to queue
[2024-09-06T05:56:01.589+0000] {logging_mixin.py:190} INFO - [2024-09-06T05:56:01.589+0000] {dagbag.py:587} INFO - Filling up the DagBag from /home/airflow/.local/lib/python3.12/site-packages/airflow/example_dags/example_short_circuit_decorator.py
[2024-09-06T05:56:01.824+0000] {processor.py:925} INFO - DAG(s) 'example_short_circuit_decorator' retrieved from /home/airflow/.local/lib/python3.12/site-packages/airflow/example_dags/example_short_circuit_decorator.py
[2024-09-06T05:56:02.043+0000] {logging_mixin.py:190} INFO - [2024-09-06T05:56:02.042+0000] {dag.py:3211} INFO - Sync 1 DAGs
[2024-09-06T05:56:02.179+0000] {logging_mixin.py:190} INFO - [2024-09-06T05:56:02.178+0000] {dag.py:4138} INFO - Setting next_dagrun for example_short_circuit_decorator to 2024-09-05 00:00:00+00:00, run_after=2024-09-06 00:00:00+00:00
[2024-09-06T05:56:02.265+0000] {processor.py:208} INFO - Processing /home/airflow/.local/lib/python3.12/site-packages/airflow/example_dags/example_short_circuit_decorator.py took 0.806 seconds
[2024-09-06T05:56:35.768+0000] {processor.py:186} INFO - Started process (PID=547) to work on /home/airflow/.local/lib/python3.12/site-packages/airflow/example_dags/example_short_circuit_decorator.py
[2024-09-06T05:56:35.771+0000] {processor.py:914} INFO - Processing file /home/airflow/.local/lib/python3.12/site-packages/airflow/example_dags/example_short_circuit_decorator.py for tasks to queue
[2024-09-06T05:56:35.790+0000] {logging_mixin.py:190} INFO - [2024-09-06T05:56:35.789+0000] {dagbag.py:587} INFO - Filling up the DagBag from /home/airflow/.local/lib/python3.12/site-packages/airflow/example_dags/example_short_circuit_decorator.py
[2024-09-06T05:56:35.915+0000] {processor.py:925} INFO - DAG(s) 'example_short_circuit_decorator' retrieved from /home/airflow/.local/lib/python3.12/site-packages/airflow/example_dags/example_short_circuit_decorator.py
[2024-09-06T05:56:36.101+0000] {logging_mixin.py:190} INFO - [2024-09-06T05:56:36.101+0000] {dag.py:3211} INFO - Sync 1 DAGs
[2024-09-06T05:56:36.245+0000] {logging_mixin.py:190} INFO - [2024-09-06T05:56:36.245+0000] {dag.py:4138} INFO - Setting next_dagrun for example_short_circuit_decorator to 2024-09-05 00:00:00+00:00, run_after=2024-09-06 00:00:00+00:00
[2024-09-06T05:56:36.512+0000] {processor.py:208} INFO - Processing /home/airflow/.local/lib/python3.12/site-packages/airflow/example_dags/example_short_circuit_decorator.py took 0.779 seconds
[2024-09-06T05:57:07.541+0000] {processor.py:186} INFO - Started process (PID=610) to work on /home/airflow/.local/lib/python3.12/site-packages/airflow/example_dags/example_short_circuit_decorator.py
[2024-09-06T05:57:07.543+0000] {processor.py:914} INFO - Processing file /home/airflow/.local/lib/python3.12/site-packages/airflow/example_dags/example_short_circuit_decorator.py for tasks to queue
[2024-09-06T05:57:07.549+0000] {logging_mixin.py:190} INFO - [2024-09-06T05:57:07.549+0000] {dagbag.py:587} INFO - Filling up the DagBag from /home/airflow/.local/lib/python3.12/site-packages/airflow/example_dags/example_short_circuit_decorator.py
[2024-09-06T05:57:07.573+0000] {processor.py:925} INFO - DAG(s) 'example_short_circuit_decorator' retrieved from /home/airflow/.local/lib/python3.12/site-packages/airflow/example_dags/example_short_circuit_decorator.py
[2024-09-06T05:57:07.737+0000] {logging_mixin.py:190} INFO - [2024-09-06T05:57:07.714+0000] {dag.py:3211} INFO - Sync 1 DAGs
[2024-09-06T05:57:07.853+0000] {logging_mixin.py:190} INFO - [2024-09-06T05:57:07.853+0000] {dag.py:4138} INFO - Setting next_dagrun for example_short_circuit_decorator to 2024-09-05 00:00:00+00:00, run_after=2024-09-06 00:00:00+00:00
[2024-09-06T05:57:07.919+0000] {processor.py:208} INFO - Processing /home/airflow/.local/lib/python3.12/site-packages/airflow/example_dags/example_short_circuit_decorator.py took 0.394 seconds
[2024-09-06T05:57:38.142+0000] {processor.py:186} INFO - Started process (PID=673) to work on /home/airflow/.local/lib/python3.12/site-packages/airflow/example_dags/example_short_circuit_decorator.py
[2024-09-06T05:57:38.157+0000] {processor.py:914} INFO - Processing file /home/airflow/.local/lib/python3.12/site-packages/airflow/example_dags/example_short_circuit_decorator.py for tasks to queue
[2024-09-06T05:57:38.163+0000] {logging_mixin.py:190} INFO - [2024-09-06T05:57:38.162+0000] {dagbag.py:587} INFO - Filling up the DagBag from /home/airflow/.local/lib/python3.12/site-packages/airflow/example_dags/example_short_circuit_decorator.py
[2024-09-06T05:57:38.198+0000] {processor.py:925} INFO - DAG(s) 'example_short_circuit_decorator' retrieved from /home/airflow/.local/lib/python3.12/site-packages/airflow/example_dags/example_short_circuit_decorator.py
[2024-09-06T05:57:38.286+0000] {logging_mixin.py:190} INFO - [2024-09-06T05:57:38.286+0000] {dag.py:3211} INFO - Sync 1 DAGs
[2024-09-06T05:57:38.375+0000] {logging_mixin.py:190} INFO - [2024-09-06T05:57:38.375+0000] {dag.py:4138} INFO - Setting next_dagrun for example_short_circuit_decorator to 2024-09-05 00:00:00+00:00, run_after=2024-09-06 00:00:00+00:00
[2024-09-06T05:57:38.464+0000] {processor.py:208} INFO - Processing /home/airflow/.local/lib/python3.12/site-packages/airflow/example_dags/example_short_circuit_decorator.py took 0.356 seconds
[2024-09-06T05:58:08.660+0000] {processor.py:186} INFO - Started process (PID=737) to work on /home/airflow/.local/lib/python3.12/site-packages/airflow/example_dags/example_short_circuit_decorator.py
[2024-09-06T05:58:08.663+0000] {processor.py:914} INFO - Processing file /home/airflow/.local/lib/python3.12/site-packages/airflow/example_dags/example_short_circuit_decorator.py for tasks to queue
[2024-09-06T05:58:08.669+0000] {logging_mixin.py:190} INFO - [2024-09-06T05:58:08.668+0000] {dagbag.py:587} INFO - Filling up the DagBag from /home/airflow/.local/lib/python3.12/site-packages/airflow/example_dags/example_short_circuit_decorator.py
[2024-09-06T05:58:08.696+0000] {processor.py:925} INFO - DAG(s) 'example_short_circuit_decorator' retrieved from /home/airflow/.local/lib/python3.12/site-packages/airflow/example_dags/example_short_circuit_decorator.py
[2024-09-06T05:58:08.753+0000] {logging_mixin.py:190} INFO - [2024-09-06T05:58:08.752+0000] {dag.py:3211} INFO - Sync 1 DAGs
[2024-09-06T05:58:08.811+0000] {logging_mixin.py:190} INFO - [2024-09-06T05:58:08.810+0000] {dag.py:4138} INFO - Setting next_dagrun for example_short_circuit_decorator to 2024-09-05 00:00:00+00:00, run_after=2024-09-06 00:00:00+00:00
[2024-09-06T05:58:08.854+0000] {processor.py:208} INFO - Processing /home/airflow/.local/lib/python3.12/site-packages/airflow/example_dags/example_short_circuit_decorator.py took 0.210 seconds
[2024-09-06T05:58:39.039+0000] {processor.py:186} INFO - Started process (PID=800) to work on /home/airflow/.local/lib/python3.12/site-packages/airflow/example_dags/example_short_circuit_decorator.py
[2024-09-06T05:58:39.041+0000] {processor.py:914} INFO - Processing file /home/airflow/.local/lib/python3.12/site-packages/airflow/example_dags/example_short_circuit_decorator.py for tasks to queue
[2024-09-06T05:58:39.045+0000] {logging_mixin.py:190} INFO - [2024-09-06T05:58:39.045+0000] {dagbag.py:587} INFO - Filling up the DagBag from /home/airflow/.local/lib/python3.12/site-packages/airflow/example_dags/example_short_circuit_decorator.py
[2024-09-06T05:58:39.065+0000] {processor.py:925} INFO - DAG(s) 'example_short_circuit_decorator' retrieved from /home/airflow/.local/lib/python3.12/site-packages/airflow/example_dags/example_short_circuit_decorator.py
[2024-09-06T05:58:39.108+0000] {logging_mixin.py:190} INFO - [2024-09-06T05:58:39.108+0000] {dag.py:3211} INFO - Sync 1 DAGs
[2024-09-06T05:58:39.152+0000] {logging_mixin.py:190} INFO - [2024-09-06T05:58:39.152+0000] {dag.py:4138} INFO - Setting next_dagrun for example_short_circuit_decorator to 2024-09-05 00:00:00+00:00, run_after=2024-09-06 00:00:00+00:00
[2024-09-06T05:58:39.189+0000] {processor.py:208} INFO - Processing /home/airflow/.local/lib/python3.12/site-packages/airflow/example_dags/example_short_circuit_decorator.py took 0.162 seconds
[2024-09-06T05:59:09.443+0000] {processor.py:186} INFO - Started process (PID=863) to work on /home/airflow/.local/lib/python3.12/site-packages/airflow/example_dags/example_short_circuit_decorator.py
[2024-09-06T05:59:09.445+0000] {processor.py:914} INFO - Processing file /home/airflow/.local/lib/python3.12/site-packages/airflow/example_dags/example_short_circuit_decorator.py for tasks to queue
[2024-09-06T05:59:09.450+0000] {logging_mixin.py:190} INFO - [2024-09-06T05:59:09.449+0000] {dagbag.py:587} INFO - Filling up the DagBag from /home/airflow/.local/lib/python3.12/site-packages/airflow/example_dags/example_short_circuit_decorator.py
[2024-09-06T05:59:09.472+0000] {processor.py:925} INFO - DAG(s) 'example_short_circuit_decorator' retrieved from /home/airflow/.local/lib/python3.12/site-packages/airflow/example_dags/example_short_circuit_decorator.py
[2024-09-06T05:59:09.516+0000] {logging_mixin.py:190} INFO - [2024-09-06T05:59:09.516+0000] {dag.py:3211} INFO - Sync 1 DAGs
[2024-09-06T05:59:09.563+0000] {logging_mixin.py:190} INFO - [2024-09-06T05:59:09.562+0000] {dag.py:4138} INFO - Setting next_dagrun for example_short_circuit_decorator to 2024-09-05 00:00:00+00:00, run_after=2024-09-06 00:00:00+00:00
[2024-09-06T05:59:09.600+0000] {processor.py:208} INFO - Processing /home/airflow/.local/lib/python3.12/site-packages/airflow/example_dags/example_short_circuit_decorator.py took 0.169 seconds
[2024-09-06T05:59:39.830+0000] {processor.py:186} INFO - Started process (PID=926) to work on /home/airflow/.local/lib/python3.12/site-packages/airflow/example_dags/example_short_circuit_decorator.py
[2024-09-06T05:59:39.832+0000] {processor.py:914} INFO - Processing file /home/airflow/.local/lib/python3.12/site-packages/airflow/example_dags/example_short_circuit_decorator.py for tasks to queue
[2024-09-06T05:59:39.837+0000] {logging_mixin.py:190} INFO - [2024-09-06T05:59:39.837+0000] {dagbag.py:587} INFO - Filling up the DagBag from /home/airflow/.local/lib/python3.12/site-packages/airflow/example_dags/example_short_circuit_decorator.py
[2024-09-06T05:59:39.866+0000] {processor.py:925} INFO - DAG(s) 'example_short_circuit_decorator' retrieved from /home/airflow/.local/lib/python3.12/site-packages/airflow/example_dags/example_short_circuit_decorator.py
[2024-09-06T05:59:39.950+0000] {logging_mixin.py:190} INFO - [2024-09-06T05:59:39.949+0000] {dag.py:3211} INFO - Sync 1 DAGs
[2024-09-06T05:59:40.004+0000] {logging_mixin.py:190} INFO - [2024-09-06T05:59:40.004+0000] {dag.py:4138} INFO - Setting next_dagrun for example_short_circuit_decorator to 2024-09-05 00:00:00+00:00, run_after=2024-09-06 00:00:00+00:00
[2024-09-06T05:59:40.061+0000] {processor.py:208} INFO - Processing /home/airflow/.local/lib/python3.12/site-packages/airflow/example_dags/example_short_circuit_decorator.py took 0.243 seconds
[2024-09-06T06:00:25.001+0000] {processor.py:186} INFO - Started process (PID=990) to work on /home/airflow/.local/lib/python3.12/site-packages/airflow/example_dags/example_short_circuit_decorator.py
[2024-09-06T06:00:25.080+0000] {processor.py:914} INFO - Processing file /home/airflow/.local/lib/python3.12/site-packages/airflow/example_dags/example_short_circuit_decorator.py for tasks to queue
[2024-09-06T06:00:25.111+0000] {logging_mixin.py:190} INFO - [2024-09-06T06:00:25.110+0000] {dagbag.py:587} INFO - Filling up the DagBag from /home/airflow/.local/lib/python3.12/site-packages/airflow/example_dags/example_short_circuit_decorator.py
[2024-09-06T06:00:25.769+0000] {processor.py:925} INFO - DAG(s) 'example_short_circuit_decorator' retrieved from /home/airflow/.local/lib/python3.12/site-packages/airflow/example_dags/example_short_circuit_decorator.py
[2024-09-06T06:00:26.012+0000] {logging_mixin.py:190} INFO - [2024-09-06T06:00:26.012+0000] {dag.py:3211} INFO - Sync 1 DAGs
[2024-09-06T06:00:26.298+0000] {logging_mixin.py:190} INFO - [2024-09-06T06:00:26.297+0000] {dag.py:4138} INFO - Setting next_dagrun for example_short_circuit_decorator to 2024-09-05 00:00:00+00:00, run_after=2024-09-06 00:00:00+00:00
[2024-09-06T06:00:26.602+0000] {processor.py:208} INFO - Processing /home/airflow/.local/lib/python3.12/site-packages/airflow/example_dags/example_short_circuit_decorator.py took 1.647 seconds
[2024-09-06T06:01:26.702+0000] {processor.py:186} INFO - Started process (PID=1053) to work on /home/airflow/.local/lib/python3.12/site-packages/airflow/example_dags/example_short_circuit_decorator.py
[2024-09-06T06:01:26.704+0000] {processor.py:914} INFO - Processing file /home/airflow/.local/lib/python3.12/site-packages/airflow/example_dags/example_short_circuit_decorator.py for tasks to queue
[2024-09-06T06:01:26.709+0000] {logging_mixin.py:190} INFO - [2024-09-06T06:01:26.709+0000] {dagbag.py:587} INFO - Filling up the DagBag from /home/airflow/.local/lib/python3.12/site-packages/airflow/example_dags/example_short_circuit_decorator.py
[2024-09-06T06:01:26.733+0000] {processor.py:925} INFO - DAG(s) 'example_short_circuit_decorator' retrieved from /home/airflow/.local/lib/python3.12/site-packages/airflow/example_dags/example_short_circuit_decorator.py
[2024-09-06T06:01:26.800+0000] {logging_mixin.py:190} INFO - [2024-09-06T06:01:26.799+0000] {dag.py:3211} INFO - Sync 1 DAGs
[2024-09-06T06:01:26.912+0000] {logging_mixin.py:190} INFO - [2024-09-06T06:01:26.907+0000] {dag.py:4138} INFO - Setting next_dagrun for example_short_circuit_decorator to 2024-09-05 00:00:00+00:00, run_after=2024-09-06 00:00:00+00:00
[2024-09-06T06:01:26.995+0000] {processor.py:208} INFO - Processing /home/airflow/.local/lib/python3.12/site-packages/airflow/example_dags/example_short_circuit_decorator.py took 0.308 seconds
[2024-09-06T06:01:57.574+0000] {processor.py:186} INFO - Started process (PID=1117) to work on /home/airflow/.local/lib/python3.12/site-packages/airflow/example_dags/example_short_circuit_decorator.py
[2024-09-06T06:01:57.576+0000] {processor.py:914} INFO - Processing file /home/airflow/.local/lib/python3.12/site-packages/airflow/example_dags/example_short_circuit_decorator.py for tasks to queue
[2024-09-06T06:01:57.582+0000] {logging_mixin.py:190} INFO - [2024-09-06T06:01:57.581+0000] {dagbag.py:587} INFO - Filling up the DagBag from /home/airflow/.local/lib/python3.12/site-packages/airflow/example_dags/example_short_circuit_decorator.py
[2024-09-06T06:01:57.606+0000] {processor.py:925} INFO - DAG(s) 'example_short_circuit_decorator' retrieved from /home/airflow/.local/lib/python3.12/site-packages/airflow/example_dags/example_short_circuit_decorator.py
[2024-09-06T06:01:57.659+0000] {logging_mixin.py:190} INFO - [2024-09-06T06:01:57.659+0000] {dag.py:3211} INFO - Sync 1 DAGs
[2024-09-06T06:01:57.714+0000] {logging_mixin.py:190} INFO - [2024-09-06T06:01:57.713+0000] {dag.py:4138} INFO - Setting next_dagrun for example_short_circuit_decorator to 2024-09-05 00:00:00+00:00, run_after=2024-09-06 00:00:00+00:00
[2024-09-06T06:01:57.759+0000] {processor.py:208} INFO - Processing /home/airflow/.local/lib/python3.12/site-packages/airflow/example_dags/example_short_circuit_decorator.py took 0.197 seconds
[2024-09-06T06:02:30.346+0000] {processor.py:186} INFO - Started process (PID=1180) to work on /home/airflow/.local/lib/python3.12/site-packages/airflow/example_dags/example_short_circuit_decorator.py
[2024-09-06T06:02:30.348+0000] {processor.py:914} INFO - Processing file /home/airflow/.local/lib/python3.12/site-packages/airflow/example_dags/example_short_circuit_decorator.py for tasks to queue
[2024-09-06T06:02:30.362+0000] {logging_mixin.py:190} INFO - [2024-09-06T06:02:30.361+0000] {dagbag.py:587} INFO - Filling up the DagBag from /home/airflow/.local/lib/python3.12/site-packages/airflow/example_dags/example_short_circuit_decorator.py
[2024-09-06T06:02:30.402+0000] {processor.py:925} INFO - DAG(s) 'example_short_circuit_decorator' retrieved from /home/airflow/.local/lib/python3.12/site-packages/airflow/example_dags/example_short_circuit_decorator.py
[2024-09-06T06:02:30.519+0000] {logging_mixin.py:190} INFO - [2024-09-06T06:02:30.519+0000] {dag.py:3211} INFO - Sync 1 DAGs
[2024-09-06T06:02:30.632+0000] {logging_mixin.py:190} INFO - [2024-09-06T06:02:30.631+0000] {dag.py:4138} INFO - Setting next_dagrun for example_short_circuit_decorator to 2024-09-05 00:00:00+00:00, run_after=2024-09-06 00:00:00+00:00
[2024-09-06T06:02:30.716+0000] {processor.py:208} INFO - Processing /home/airflow/.local/lib/python3.12/site-packages/airflow/example_dags/example_short_circuit_decorator.py took 0.407 seconds
[2024-09-06T06:03:00.973+0000] {processor.py:186} INFO - Started process (PID=1243) to work on /home/airflow/.local/lib/python3.12/site-packages/airflow/example_dags/example_short_circuit_decorator.py
[2024-09-06T06:03:00.975+0000] {processor.py:914} INFO - Processing file /home/airflow/.local/lib/python3.12/site-packages/airflow/example_dags/example_short_circuit_decorator.py for tasks to queue
[2024-09-06T06:03:00.981+0000] {logging_mixin.py:190} INFO - [2024-09-06T06:03:00.980+0000] {dagbag.py:587} INFO - Filling up the DagBag from /home/airflow/.local/lib/python3.12/site-packages/airflow/example_dags/example_short_circuit_decorator.py
[2024-09-06T06:03:01.003+0000] {processor.py:925} INFO - DAG(s) 'example_short_circuit_decorator' retrieved from /home/airflow/.local/lib/python3.12/site-packages/airflow/example_dags/example_short_circuit_decorator.py
[2024-09-06T06:03:01.052+0000] {logging_mixin.py:190} INFO - [2024-09-06T06:03:01.052+0000] {dag.py:3211} INFO - Sync 1 DAGs
[2024-09-06T06:03:01.108+0000] {logging_mixin.py:190} INFO - [2024-09-06T06:03:01.107+0000] {dag.py:4138} INFO - Setting next_dagrun for example_short_circuit_decorator to 2024-09-05 00:00:00+00:00, run_after=2024-09-06 00:00:00+00:00
[2024-09-06T06:03:01.144+0000] {processor.py:208} INFO - Processing /home/airflow/.local/lib/python3.12/site-packages/airflow/example_dags/example_short_circuit_decorator.py took 0.183 seconds
[2024-09-06T06:03:32.197+0000] {processor.py:186} INFO - Started process (PID=1306) to work on /home/airflow/.local/lib/python3.12/site-packages/airflow/example_dags/example_short_circuit_decorator.py
[2024-09-06T06:03:32.199+0000] {processor.py:914} INFO - Processing file /home/airflow/.local/lib/python3.12/site-packages/airflow/example_dags/example_short_circuit_decorator.py for tasks to queue
[2024-09-06T06:03:32.204+0000] {logging_mixin.py:190} INFO - [2024-09-06T06:03:32.204+0000] {dagbag.py:587} INFO - Filling up the DagBag from /home/airflow/.local/lib/python3.12/site-packages/airflow/example_dags/example_short_circuit_decorator.py
[2024-09-06T06:03:32.225+0000] {processor.py:925} INFO - DAG(s) 'example_short_circuit_decorator' retrieved from /home/airflow/.local/lib/python3.12/site-packages/airflow/example_dags/example_short_circuit_decorator.py
[2024-09-06T06:03:32.273+0000] {logging_mixin.py:190} INFO - [2024-09-06T06:03:32.272+0000] {dag.py:3211} INFO - Sync 1 DAGs
[2024-09-06T06:03:32.325+0000] {logging_mixin.py:190} INFO - [2024-09-06T06:03:32.324+0000] {dag.py:4138} INFO - Setting next_dagrun for example_short_circuit_decorator to 2024-09-05 00:00:00+00:00, run_after=2024-09-06 00:00:00+00:00
[2024-09-06T06:03:32.375+0000] {processor.py:208} INFO - Processing /home/airflow/.local/lib/python3.12/site-packages/airflow/example_dags/example_short_circuit_decorator.py took 0.190 seconds
[2024-09-06T06:04:02.816+0000] {processor.py:186} INFO - Started process (PID=1369) to work on /home/airflow/.local/lib/python3.12/site-packages/airflow/example_dags/example_short_circuit_decorator.py
[2024-09-06T06:04:02.818+0000] {processor.py:914} INFO - Processing file /home/airflow/.local/lib/python3.12/site-packages/airflow/example_dags/example_short_circuit_decorator.py for tasks to queue
[2024-09-06T06:04:02.827+0000] {logging_mixin.py:190} INFO - [2024-09-06T06:04:02.826+0000] {dagbag.py:587} INFO - Filling up the DagBag from /home/airflow/.local/lib/python3.12/site-packages/airflow/example_dags/example_short_circuit_decorator.py
[2024-09-06T06:04:02.854+0000] {processor.py:925} INFO - DAG(s) 'example_short_circuit_decorator' retrieved from /home/airflow/.local/lib/python3.12/site-packages/airflow/example_dags/example_short_circuit_decorator.py
[2024-09-06T06:04:02.921+0000] {logging_mixin.py:190} INFO - [2024-09-06T06:04:02.921+0000] {dag.py:3211} INFO - Sync 1 DAGs
[2024-09-06T06:04:03.001+0000] {logging_mixin.py:190} INFO - [2024-09-06T06:04:03.001+0000] {dag.py:4138} INFO - Setting next_dagrun for example_short_circuit_decorator to 2024-09-05 00:00:00+00:00, run_after=2024-09-06 00:00:00+00:00
[2024-09-06T06:04:03.047+0000] {processor.py:208} INFO - Processing /home/airflow/.local/lib/python3.12/site-packages/airflow/example_dags/example_short_circuit_decorator.py took 0.244 seconds
[2024-09-06T06:04:33.419+0000] {processor.py:186} INFO - Started process (PID=1432) to work on /home/airflow/.local/lib/python3.12/site-packages/airflow/example_dags/example_short_circuit_decorator.py
[2024-09-06T06:04:33.421+0000] {processor.py:914} INFO - Processing file /home/airflow/.local/lib/python3.12/site-packages/airflow/example_dags/example_short_circuit_decorator.py for tasks to queue
[2024-09-06T06:04:33.425+0000] {logging_mixin.py:190} INFO - [2024-09-06T06:04:33.425+0000] {dagbag.py:587} INFO - Filling up the DagBag from /home/airflow/.local/lib/python3.12/site-packages/airflow/example_dags/example_short_circuit_decorator.py
[2024-09-06T06:04:33.447+0000] {processor.py:925} INFO - DAG(s) 'example_short_circuit_decorator' retrieved from /home/airflow/.local/lib/python3.12/site-packages/airflow/example_dags/example_short_circuit_decorator.py
[2024-09-06T06:04:33.487+0000] {logging_mixin.py:190} INFO - [2024-09-06T06:04:33.487+0000] {dag.py:3211} INFO - Sync 1 DAGs
[2024-09-06T06:04:33.534+0000] {logging_mixin.py:190} INFO - [2024-09-06T06:04:33.534+0000] {dag.py:4138} INFO - Setting next_dagrun for example_short_circuit_decorator to 2024-09-05 00:00:00+00:00, run_after=2024-09-06 00:00:00+00:00
[2024-09-06T06:04:33.573+0000] {processor.py:208} INFO - Processing /home/airflow/.local/lib/python3.12/site-packages/airflow/example_dags/example_short_circuit_decorator.py took 0.165 seconds
[2024-09-06T06:05:04.498+0000] {processor.py:186} INFO - Started process (PID=1495) to work on /home/airflow/.local/lib/python3.12/site-packages/airflow/example_dags/example_short_circuit_decorator.py
[2024-09-06T06:05:04.501+0000] {processor.py:914} INFO - Processing file /home/airflow/.local/lib/python3.12/site-packages/airflow/example_dags/example_short_circuit_decorator.py for tasks to queue
[2024-09-06T06:05:04.505+0000] {logging_mixin.py:190} INFO - [2024-09-06T06:05:04.505+0000] {dagbag.py:587} INFO - Filling up the DagBag from /home/airflow/.local/lib/python3.12/site-packages/airflow/example_dags/example_short_circuit_decorator.py
[2024-09-06T06:05:04.531+0000] {processor.py:925} INFO - DAG(s) 'example_short_circuit_decorator' retrieved from /home/airflow/.local/lib/python3.12/site-packages/airflow/example_dags/example_short_circuit_decorator.py
[2024-09-06T06:05:04.582+0000] {logging_mixin.py:190} INFO - [2024-09-06T06:05:04.581+0000] {dag.py:3211} INFO - Sync 1 DAGs
[2024-09-06T06:05:04.637+0000] {logging_mixin.py:190} INFO - [2024-09-06T06:05:04.637+0000] {dag.py:4138} INFO - Setting next_dagrun for example_short_circuit_decorator to 2024-09-05 00:00:00+00:00, run_after=2024-09-06 00:00:00+00:00
[2024-09-06T06:05:04.687+0000] {processor.py:208} INFO - Processing /home/airflow/.local/lib/python3.12/site-packages/airflow/example_dags/example_short_circuit_decorator.py took 0.206 seconds
[2024-09-06T06:05:34.884+0000] {processor.py:186} INFO - Started process (PID=1558) to work on /home/airflow/.local/lib/python3.12/site-packages/airflow/example_dags/example_short_circuit_decorator.py
[2024-09-06T06:05:34.887+0000] {processor.py:914} INFO - Processing file /home/airflow/.local/lib/python3.12/site-packages/airflow/example_dags/example_short_circuit_decorator.py for tasks to queue
[2024-09-06T06:05:34.894+0000] {logging_mixin.py:190} INFO - [2024-09-06T06:05:34.894+0000] {dagbag.py:587} INFO - Filling up the DagBag from /home/airflow/.local/lib/python3.12/site-packages/airflow/example_dags/example_short_circuit_decorator.py
[2024-09-06T06:05:34.917+0000] {processor.py:925} INFO - DAG(s) 'example_short_circuit_decorator' retrieved from /home/airflow/.local/lib/python3.12/site-packages/airflow/example_dags/example_short_circuit_decorator.py
[2024-09-06T06:05:34.965+0000] {logging_mixin.py:190} INFO - [2024-09-06T06:05:34.965+0000] {dag.py:3211} INFO - Sync 1 DAGs
[2024-09-06T06:05:35.015+0000] {logging_mixin.py:190} INFO - [2024-09-06T06:05:35.015+0000] {dag.py:4138} INFO - Setting next_dagrun for example_short_circuit_decorator to 2024-09-05 00:00:00+00:00, run_after=2024-09-06 00:00:00+00:00
[2024-09-06T06:05:35.054+0000] {processor.py:208} INFO - Processing /home/airflow/.local/lib/python3.12/site-packages/airflow/example_dags/example_short_circuit_decorator.py took 0.187 seconds
[2024-09-06T06:06:05.574+0000] {processor.py:186} INFO - Started process (PID=1621) to work on /home/airflow/.local/lib/python3.12/site-packages/airflow/example_dags/example_short_circuit_decorator.py
[2024-09-06T06:06:05.576+0000] {processor.py:914} INFO - Processing file /home/airflow/.local/lib/python3.12/site-packages/airflow/example_dags/example_short_circuit_decorator.py for tasks to queue
[2024-09-06T06:06:05.581+0000] {logging_mixin.py:190} INFO - [2024-09-06T06:06:05.580+0000] {dagbag.py:587} INFO - Filling up the DagBag from /home/airflow/.local/lib/python3.12/site-packages/airflow/example_dags/example_short_circuit_decorator.py
[2024-09-06T06:06:05.604+0000] {processor.py:925} INFO - DAG(s) 'example_short_circuit_decorator' retrieved from /home/airflow/.local/lib/python3.12/site-packages/airflow/example_dags/example_short_circuit_decorator.py
[2024-09-06T06:06:05.658+0000] {logging_mixin.py:190} INFO - [2024-09-06T06:06:05.658+0000] {dag.py:3211} INFO - Sync 1 DAGs
[2024-09-06T06:06:05.721+0000] {logging_mixin.py:190} INFO - [2024-09-06T06:06:05.720+0000] {dag.py:4138} INFO - Setting next_dagrun for example_short_circuit_decorator to 2024-09-05 00:00:00+00:00, run_after=2024-09-06 00:00:00+00:00
[2024-09-06T06:06:05.789+0000] {processor.py:208} INFO - Processing /home/airflow/.local/lib/python3.12/site-packages/airflow/example_dags/example_short_circuit_decorator.py took 0.227 seconds
[2024-09-06T06:06:35.972+0000] {processor.py:186} INFO - Started process (PID=1684) to work on /home/airflow/.local/lib/python3.12/site-packages/airflow/example_dags/example_short_circuit_decorator.py
[2024-09-06T06:06:35.974+0000] {processor.py:914} INFO - Processing file /home/airflow/.local/lib/python3.12/site-packages/airflow/example_dags/example_short_circuit_decorator.py for tasks to queue
[2024-09-06T06:06:35.980+0000] {logging_mixin.py:190} INFO - [2024-09-06T06:06:35.979+0000] {dagbag.py:587} INFO - Filling up the DagBag from /home/airflow/.local/lib/python3.12/site-packages/airflow/example_dags/example_short_circuit_decorator.py
[2024-09-06T06:06:36.003+0000] {processor.py:925} INFO - DAG(s) 'example_short_circuit_decorator' retrieved from /home/airflow/.local/lib/python3.12/site-packages/airflow/example_dags/example_short_circuit_decorator.py
[2024-09-06T06:06:36.050+0000] {logging_mixin.py:190} INFO - [2024-09-06T06:06:36.049+0000] {dag.py:3211} INFO - Sync 1 DAGs
[2024-09-06T06:06:36.102+0000] {logging_mixin.py:190} INFO - [2024-09-06T06:06:36.101+0000] {dag.py:4138} INFO - Setting next_dagrun for example_short_circuit_decorator to 2024-09-05 00:00:00+00:00, run_after=2024-09-06 00:00:00+00:00
[2024-09-06T06:06:36.138+0000] {processor.py:208} INFO - Processing /home/airflow/.local/lib/python3.12/site-packages/airflow/example_dags/example_short_circuit_decorator.py took 0.177 seconds
[2024-09-06T06:07:06.345+0000] {processor.py:186} INFO - Started process (PID=1746) to work on /home/airflow/.local/lib/python3.12/site-packages/airflow/example_dags/example_short_circuit_decorator.py
[2024-09-06T06:07:06.348+0000] {processor.py:914} INFO - Processing file /home/airflow/.local/lib/python3.12/site-packages/airflow/example_dags/example_short_circuit_decorator.py for tasks to queue
[2024-09-06T06:07:06.353+0000] {logging_mixin.py:190} INFO - [2024-09-06T06:07:06.352+0000] {dagbag.py:587} INFO - Filling up the DagBag from /home/airflow/.local/lib/python3.12/site-packages/airflow/example_dags/example_short_circuit_decorator.py
[2024-09-06T06:07:06.375+0000] {processor.py:925} INFO - DAG(s) 'example_short_circuit_decorator' retrieved from /home/airflow/.local/lib/python3.12/site-packages/airflow/example_dags/example_short_circuit_decorator.py
[2024-09-06T06:07:06.419+0000] {logging_mixin.py:190} INFO - [2024-09-06T06:07:06.419+0000] {dag.py:3211} INFO - Sync 1 DAGs
[2024-09-06T06:07:06.469+0000] {logging_mixin.py:190} INFO - [2024-09-06T06:07:06.468+0000] {dag.py:4138} INFO - Setting next_dagrun for example_short_circuit_decorator to 2024-09-05 00:00:00+00:00, run_after=2024-09-06 00:00:00+00:00
[2024-09-06T06:07:06.506+0000] {processor.py:208} INFO - Processing /home/airflow/.local/lib/python3.12/site-packages/airflow/example_dags/example_short_circuit_decorator.py took 0.173 seconds
[2024-09-06T06:07:36.892+0000] {processor.py:186} INFO - Started process (PID=1809) to work on /home/airflow/.local/lib/python3.12/site-packages/airflow/example_dags/example_short_circuit_decorator.py
[2024-09-06T06:07:36.894+0000] {processor.py:914} INFO - Processing file /home/airflow/.local/lib/python3.12/site-packages/airflow/example_dags/example_short_circuit_decorator.py for tasks to queue
[2024-09-06T06:07:36.899+0000] {logging_mixin.py:190} INFO - [2024-09-06T06:07:36.898+0000] {dagbag.py:587} INFO - Filling up the DagBag from /home/airflow/.local/lib/python3.12/site-packages/airflow/example_dags/example_short_circuit_decorator.py
[2024-09-06T06:07:36.926+0000] {processor.py:925} INFO - DAG(s) 'example_short_circuit_decorator' retrieved from /home/airflow/.local/lib/python3.12/site-packages/airflow/example_dags/example_short_circuit_decorator.py
[2024-09-06T06:07:36.979+0000] {logging_mixin.py:190} INFO - [2024-09-06T06:07:36.979+0000] {dag.py:3211} INFO - Sync 1 DAGs
[2024-09-06T06:07:37.050+0000] {logging_mixin.py:190} INFO - [2024-09-06T06:07:37.049+0000] {dag.py:4138} INFO - Setting next_dagrun for example_short_circuit_decorator to 2024-09-05 00:00:00+00:00, run_after=2024-09-06 00:00:00+00:00
[2024-09-06T06:07:37.082+0000] {processor.py:208} INFO - Processing /home/airflow/.local/lib/python3.12/site-packages/airflow/example_dags/example_short_circuit_decorator.py took 0.205 seconds
[2024-09-06T06:08:08.005+0000] {processor.py:186} INFO - Started process (PID=1872) to work on /home/airflow/.local/lib/python3.12/site-packages/airflow/example_dags/example_short_circuit_decorator.py
[2024-09-06T06:08:08.007+0000] {processor.py:914} INFO - Processing file /home/airflow/.local/lib/python3.12/site-packages/airflow/example_dags/example_short_circuit_decorator.py for tasks to queue
[2024-09-06T06:08:08.013+0000] {logging_mixin.py:190} INFO - [2024-09-06T06:08:08.012+0000] {dagbag.py:587} INFO - Filling up the DagBag from /home/airflow/.local/lib/python3.12/site-packages/airflow/example_dags/example_short_circuit_decorator.py
[2024-09-06T06:08:08.036+0000] {processor.py:925} INFO - DAG(s) 'example_short_circuit_decorator' retrieved from /home/airflow/.local/lib/python3.12/site-packages/airflow/example_dags/example_short_circuit_decorator.py
[2024-09-06T06:08:08.077+0000] {logging_mixin.py:190} INFO - [2024-09-06T06:08:08.077+0000] {dag.py:3211} INFO - Sync 1 DAGs
[2024-09-06T06:08:08.126+0000] {logging_mixin.py:190} INFO - [2024-09-06T06:08:08.126+0000] {dag.py:4138} INFO - Setting next_dagrun for example_short_circuit_decorator to 2024-09-05 00:00:00+00:00, run_after=2024-09-06 00:00:00+00:00
[2024-09-06T06:08:08.162+0000] {processor.py:208} INFO - Processing /home/airflow/.local/lib/python3.12/site-packages/airflow/example_dags/example_short_circuit_decorator.py took 0.169 seconds
[2024-09-06T06:08:38.624+0000] {processor.py:186} INFO - Started process (PID=1935) to work on /home/airflow/.local/lib/python3.12/site-packages/airflow/example_dags/example_short_circuit_decorator.py
[2024-09-06T06:08:38.626+0000] {processor.py:914} INFO - Processing file /home/airflow/.local/lib/python3.12/site-packages/airflow/example_dags/example_short_circuit_decorator.py for tasks to queue
[2024-09-06T06:08:38.632+0000] {logging_mixin.py:190} INFO - [2024-09-06T06:08:38.631+0000] {dagbag.py:587} INFO - Filling up the DagBag from /home/airflow/.local/lib/python3.12/site-packages/airflow/example_dags/example_short_circuit_decorator.py
[2024-09-06T06:08:38.654+0000] {processor.py:925} INFO - DAG(s) 'example_short_circuit_decorator' retrieved from /home/airflow/.local/lib/python3.12/site-packages/airflow/example_dags/example_short_circuit_decorator.py
[2024-09-06T06:08:38.699+0000] {logging_mixin.py:190} INFO - [2024-09-06T06:08:38.699+0000] {dag.py:3211} INFO - Sync 1 DAGs
[2024-09-06T06:08:38.749+0000] {logging_mixin.py:190} INFO - [2024-09-06T06:08:38.749+0000] {dag.py:4138} INFO - Setting next_dagrun for example_short_circuit_decorator to 2024-09-05 00:00:00+00:00, run_after=2024-09-06 00:00:00+00:00
[2024-09-06T06:08:38.784+0000] {processor.py:208} INFO - Processing /home/airflow/.local/lib/python3.12/site-packages/airflow/example_dags/example_short_circuit_decorator.py took 0.172 seconds
[2024-09-06T06:09:09.184+0000] {processor.py:186} INFO - Started process (PID=1998) to work on /home/airflow/.local/lib/python3.12/site-packages/airflow/example_dags/example_short_circuit_decorator.py
[2024-09-06T06:09:09.186+0000] {processor.py:914} INFO - Processing file /home/airflow/.local/lib/python3.12/site-packages/airflow/example_dags/example_short_circuit_decorator.py for tasks to queue
[2024-09-06T06:09:09.191+0000] {logging_mixin.py:190} INFO - [2024-09-06T06:09:09.190+0000] {dagbag.py:587} INFO - Filling up the DagBag from /home/airflow/.local/lib/python3.12/site-packages/airflow/example_dags/example_short_circuit_decorator.py
[2024-09-06T06:09:09.213+0000] {processor.py:925} INFO - DAG(s) 'example_short_circuit_decorator' retrieved from /home/airflow/.local/lib/python3.12/site-packages/airflow/example_dags/example_short_circuit_decorator.py
[2024-09-06T06:09:09.254+0000] {logging_mixin.py:190} INFO - [2024-09-06T06:09:09.253+0000] {dag.py:3211} INFO - Sync 1 DAGs
[2024-09-06T06:09:09.301+0000] {logging_mixin.py:190} INFO - [2024-09-06T06:09:09.301+0000] {dag.py:4138} INFO - Setting next_dagrun for example_short_circuit_decorator to 2024-09-05 00:00:00+00:00, run_after=2024-09-06 00:00:00+00:00
[2024-09-06T06:09:09.340+0000] {processor.py:208} INFO - Processing /home/airflow/.local/lib/python3.12/site-packages/airflow/example_dags/example_short_circuit_decorator.py took 0.168 seconds
[2024-09-06T06:09:39.595+0000] {processor.py:186} INFO - Started process (PID=2062) to work on /home/airflow/.local/lib/python3.12/site-packages/airflow/example_dags/example_short_circuit_decorator.py
[2024-09-06T06:09:39.597+0000] {processor.py:914} INFO - Processing file /home/airflow/.local/lib/python3.12/site-packages/airflow/example_dags/example_short_circuit_decorator.py for tasks to queue
[2024-09-06T06:09:39.601+0000] {logging_mixin.py:190} INFO - [2024-09-06T06:09:39.601+0000] {dagbag.py:587} INFO - Filling up the DagBag from /home/airflow/.local/lib/python3.12/site-packages/airflow/example_dags/example_short_circuit_decorator.py
[2024-09-06T06:09:39.622+0000] {processor.py:925} INFO - DAG(s) 'example_short_circuit_decorator' retrieved from /home/airflow/.local/lib/python3.12/site-packages/airflow/example_dags/example_short_circuit_decorator.py
[2024-09-06T06:09:39.664+0000] {logging_mixin.py:190} INFO - [2024-09-06T06:09:39.663+0000] {dag.py:3211} INFO - Sync 1 DAGs
[2024-09-06T06:09:39.711+0000] {logging_mixin.py:190} INFO - [2024-09-06T06:09:39.711+0000] {dag.py:4138} INFO - Setting next_dagrun for example_short_circuit_decorator to 2024-09-05 00:00:00+00:00, run_after=2024-09-06 00:00:00+00:00
[2024-09-06T06:09:39.746+0000] {processor.py:208} INFO - Processing /home/airflow/.local/lib/python3.12/site-packages/airflow/example_dags/example_short_circuit_decorator.py took 0.163 seconds
[2024-09-06T06:10:10.411+0000] {processor.py:186} INFO - Started process (PID=2125) to work on /home/airflow/.local/lib/python3.12/site-packages/airflow/example_dags/example_short_circuit_decorator.py
[2024-09-06T06:10:10.413+0000] {processor.py:914} INFO - Processing file /home/airflow/.local/lib/python3.12/site-packages/airflow/example_dags/example_short_circuit_decorator.py for tasks to queue
[2024-09-06T06:10:10.419+0000] {logging_mixin.py:190} INFO - [2024-09-06T06:10:10.417+0000] {dagbag.py:587} INFO - Filling up the DagBag from /home/airflow/.local/lib/python3.12/site-packages/airflow/example_dags/example_short_circuit_decorator.py
[2024-09-06T06:10:10.444+0000] {processor.py:925} INFO - DAG(s) 'example_short_circuit_decorator' retrieved from /home/airflow/.local/lib/python3.12/site-packages/airflow/example_dags/example_short_circuit_decorator.py
[2024-09-06T06:10:10.499+0000] {logging_mixin.py:190} INFO - [2024-09-06T06:10:10.498+0000] {dag.py:3211} INFO - Sync 1 DAGs
[2024-09-06T06:10:10.559+0000] {logging_mixin.py:190} INFO - [2024-09-06T06:10:10.558+0000] {dag.py:4138} INFO - Setting next_dagrun for example_short_circuit_decorator to 2024-09-05 00:00:00+00:00, run_after=2024-09-06 00:00:00+00:00
[2024-09-06T06:10:10.608+0000] {processor.py:208} INFO - Processing /home/airflow/.local/lib/python3.12/site-packages/airflow/example_dags/example_short_circuit_decorator.py took 0.210 seconds
[2024-09-06T06:10:41.465+0000] {processor.py:186} INFO - Started process (PID=2188) to work on /home/airflow/.local/lib/python3.12/site-packages/airflow/example_dags/example_short_circuit_decorator.py
[2024-09-06T06:10:41.467+0000] {processor.py:914} INFO - Processing file /home/airflow/.local/lib/python3.12/site-packages/airflow/example_dags/example_short_circuit_decorator.py for tasks to queue
[2024-09-06T06:10:41.473+0000] {logging_mixin.py:190} INFO - [2024-09-06T06:10:41.472+0000] {dagbag.py:587} INFO - Filling up the DagBag from /home/airflow/.local/lib/python3.12/site-packages/airflow/example_dags/example_short_circuit_decorator.py
[2024-09-06T06:10:41.497+0000] {processor.py:925} INFO - DAG(s) 'example_short_circuit_decorator' retrieved from /home/airflow/.local/lib/python3.12/site-packages/airflow/example_dags/example_short_circuit_decorator.py
[2024-09-06T06:10:41.544+0000] {logging_mixin.py:190} INFO - [2024-09-06T06:10:41.544+0000] {dag.py:3211} INFO - Sync 1 DAGs
[2024-09-06T06:10:41.598+0000] {logging_mixin.py:190} INFO - [2024-09-06T06:10:41.597+0000] {dag.py:4138} INFO - Setting next_dagrun for example_short_circuit_decorator to 2024-09-05 00:00:00+00:00, run_after=2024-09-06 00:00:00+00:00
[2024-09-06T06:10:41.641+0000] {processor.py:208} INFO - Processing /home/airflow/.local/lib/python3.12/site-packages/airflow/example_dags/example_short_circuit_decorator.py took 0.193 seconds
[2024-09-06T06:11:12.099+0000] {processor.py:186} INFO - Started process (PID=2251) to work on /home/airflow/.local/lib/python3.12/site-packages/airflow/example_dags/example_short_circuit_decorator.py
[2024-09-06T06:11:12.101+0000] {processor.py:914} INFO - Processing file /home/airflow/.local/lib/python3.12/site-packages/airflow/example_dags/example_short_circuit_decorator.py for tasks to queue
[2024-09-06T06:11:12.108+0000] {logging_mixin.py:190} INFO - [2024-09-06T06:11:12.107+0000] {dagbag.py:587} INFO - Filling up the DagBag from /home/airflow/.local/lib/python3.12/site-packages/airflow/example_dags/example_short_circuit_decorator.py
[2024-09-06T06:11:12.141+0000] {processor.py:925} INFO - DAG(s) 'example_short_circuit_decorator' retrieved from /home/airflow/.local/lib/python3.12/site-packages/airflow/example_dags/example_short_circuit_decorator.py
[2024-09-06T06:11:12.184+0000] {logging_mixin.py:190} INFO - [2024-09-06T06:11:12.184+0000] {dag.py:3211} INFO - Sync 1 DAGs
[2024-09-06T06:11:12.242+0000] {logging_mixin.py:190} INFO - [2024-09-06T06:11:12.241+0000] {dag.py:4138} INFO - Setting next_dagrun for example_short_circuit_decorator to 2024-09-05 00:00:00+00:00, run_after=2024-09-06 00:00:00+00:00
[2024-09-06T06:11:12.284+0000] {processor.py:208} INFO - Processing /home/airflow/.local/lib/python3.12/site-packages/airflow/example_dags/example_short_circuit_decorator.py took 0.197 seconds
[2024-09-06T06:11:42.484+0000] {processor.py:186} INFO - Started process (PID=2314) to work on /home/airflow/.local/lib/python3.12/site-packages/airflow/example_dags/example_short_circuit_decorator.py
[2024-09-06T06:11:42.486+0000] {processor.py:914} INFO - Processing file /home/airflow/.local/lib/python3.12/site-packages/airflow/example_dags/example_short_circuit_decorator.py for tasks to queue
[2024-09-06T06:11:42.491+0000] {logging_mixin.py:190} INFO - [2024-09-06T06:11:42.490+0000] {dagbag.py:587} INFO - Filling up the DagBag from /home/airflow/.local/lib/python3.12/site-packages/airflow/example_dags/example_short_circuit_decorator.py
[2024-09-06T06:11:42.511+0000] {processor.py:925} INFO - DAG(s) 'example_short_circuit_decorator' retrieved from /home/airflow/.local/lib/python3.12/site-packages/airflow/example_dags/example_short_circuit_decorator.py
[2024-09-06T06:11:42.554+0000] {logging_mixin.py:190} INFO - [2024-09-06T06:11:42.553+0000] {dag.py:3211} INFO - Sync 1 DAGs
[2024-09-06T06:11:42.605+0000] {logging_mixin.py:190} INFO - [2024-09-06T06:11:42.605+0000] {dag.py:4138} INFO - Setting next_dagrun for example_short_circuit_decorator to 2024-09-05 00:00:00+00:00, run_after=2024-09-06 00:00:00+00:00
[2024-09-06T06:11:42.648+0000] {processor.py:208} INFO - Processing /home/airflow/.local/lib/python3.12/site-packages/airflow/example_dags/example_short_circuit_decorator.py took 0.174 seconds
[2024-09-06T06:12:13.549+0000] {processor.py:186} INFO - Started process (PID=2377) to work on /home/airflow/.local/lib/python3.12/site-packages/airflow/example_dags/example_short_circuit_decorator.py
[2024-09-06T06:12:13.551+0000] {processor.py:914} INFO - Processing file /home/airflow/.local/lib/python3.12/site-packages/airflow/example_dags/example_short_circuit_decorator.py for tasks to queue
[2024-09-06T06:12:13.557+0000] {logging_mixin.py:190} INFO - [2024-09-06T06:12:13.556+0000] {dagbag.py:587} INFO - Filling up the DagBag from /home/airflow/.local/lib/python3.12/site-packages/airflow/example_dags/example_short_circuit_decorator.py
[2024-09-06T06:12:13.582+0000] {processor.py:925} INFO - DAG(s) 'example_short_circuit_decorator' retrieved from /home/airflow/.local/lib/python3.12/site-packages/airflow/example_dags/example_short_circuit_decorator.py
[2024-09-06T06:12:13.627+0000] {logging_mixin.py:190} INFO - [2024-09-06T06:12:13.626+0000] {dag.py:3211} INFO - Sync 1 DAGs
[2024-09-06T06:12:13.673+0000] {logging_mixin.py:190} INFO - [2024-09-06T06:12:13.673+0000] {dag.py:4138} INFO - Setting next_dagrun for example_short_circuit_decorator to 2024-09-05 00:00:00+00:00, run_after=2024-09-06 00:00:00+00:00
[2024-09-06T06:12:13.709+0000] {processor.py:208} INFO - Processing /home/airflow/.local/lib/python3.12/site-packages/airflow/example_dags/example_short_circuit_decorator.py took 0.174 seconds
[2024-09-06T06:12:44.149+0000] {processor.py:186} INFO - Started process (PID=2441) to work on /home/airflow/.local/lib/python3.12/site-packages/airflow/example_dags/example_short_circuit_decorator.py
[2024-09-06T06:12:44.151+0000] {processor.py:914} INFO - Processing file /home/airflow/.local/lib/python3.12/site-packages/airflow/example_dags/example_short_circuit_decorator.py for tasks to queue
[2024-09-06T06:12:44.156+0000] {logging_mixin.py:190} INFO - [2024-09-06T06:12:44.156+0000] {dagbag.py:587} INFO - Filling up the DagBag from /home/airflow/.local/lib/python3.12/site-packages/airflow/example_dags/example_short_circuit_decorator.py
[2024-09-06T06:12:44.178+0000] {processor.py:925} INFO - DAG(s) 'example_short_circuit_decorator' retrieved from /home/airflow/.local/lib/python3.12/site-packages/airflow/example_dags/example_short_circuit_decorator.py
[2024-09-06T06:12:44.223+0000] {logging_mixin.py:190} INFO - [2024-09-06T06:12:44.222+0000] {dag.py:3211} INFO - Sync 1 DAGs
[2024-09-06T06:12:44.270+0000] {logging_mixin.py:190} INFO - [2024-09-06T06:12:44.269+0000] {dag.py:4138} INFO - Setting next_dagrun for example_short_circuit_decorator to 2024-09-05 00:00:00+00:00, run_after=2024-09-06 00:00:00+00:00
[2024-09-06T06:12:44.306+0000] {processor.py:208} INFO - Processing /home/airflow/.local/lib/python3.12/site-packages/airflow/example_dags/example_short_circuit_decorator.py took 0.173 seconds
[2024-09-06T06:13:15.404+0000] {processor.py:186} INFO - Started process (PID=2511) to work on /home/airflow/.local/lib/python3.12/site-packages/airflow/example_dags/example_short_circuit_decorator.py
[2024-09-06T06:13:15.406+0000] {processor.py:914} INFO - Processing file /home/airflow/.local/lib/python3.12/site-packages/airflow/example_dags/example_short_circuit_decorator.py for tasks to queue
[2024-09-06T06:13:15.411+0000] {logging_mixin.py:190} INFO - [2024-09-06T06:13:15.410+0000] {dagbag.py:587} INFO - Filling up the DagBag from /home/airflow/.local/lib/python3.12/site-packages/airflow/example_dags/example_short_circuit_decorator.py
[2024-09-06T06:13:15.434+0000] {processor.py:925} INFO - DAG(s) 'example_short_circuit_decorator' retrieved from /home/airflow/.local/lib/python3.12/site-packages/airflow/example_dags/example_short_circuit_decorator.py
[2024-09-06T06:13:15.491+0000] {logging_mixin.py:190} INFO - [2024-09-06T06:13:15.491+0000] {dag.py:3211} INFO - Sync 1 DAGs
[2024-09-06T06:13:15.542+0000] {logging_mixin.py:190} INFO - [2024-09-06T06:13:15.541+0000] {dag.py:4138} INFO - Setting next_dagrun for example_short_circuit_decorator to 2024-09-05 00:00:00+00:00, run_after=2024-09-06 00:00:00+00:00
[2024-09-06T06:13:15.588+0000] {processor.py:208} INFO - Processing /home/airflow/.local/lib/python3.12/site-packages/airflow/example_dags/example_short_circuit_decorator.py took 0.197 seconds
[2024-09-06T06:13:46.371+0000] {processor.py:186} INFO - Started process (PID=2593) to work on /home/airflow/.local/lib/python3.12/site-packages/airflow/example_dags/example_short_circuit_decorator.py
[2024-09-06T06:13:46.375+0000] {processor.py:914} INFO - Processing file /home/airflow/.local/lib/python3.12/site-packages/airflow/example_dags/example_short_circuit_decorator.py for tasks to queue
[2024-09-06T06:13:46.387+0000] {logging_mixin.py:190} INFO - [2024-09-06T06:13:46.386+0000] {dagbag.py:587} INFO - Filling up the DagBag from /home/airflow/.local/lib/python3.12/site-packages/airflow/example_dags/example_short_circuit_decorator.py
[2024-09-06T06:13:46.456+0000] {processor.py:925} INFO - DAG(s) 'example_short_circuit_decorator' retrieved from /home/airflow/.local/lib/python3.12/site-packages/airflow/example_dags/example_short_circuit_decorator.py
[2024-09-06T06:13:46.618+0000] {logging_mixin.py:190} INFO - [2024-09-06T06:13:46.618+0000] {dag.py:3211} INFO - Sync 1 DAGs
[2024-09-06T06:13:46.789+0000] {logging_mixin.py:190} INFO - [2024-09-06T06:13:46.789+0000] {dag.py:4138} INFO - Setting next_dagrun for example_short_circuit_decorator to 2024-09-05 00:00:00+00:00, run_after=2024-09-06 00:00:00+00:00
[2024-09-06T06:13:46.880+0000] {processor.py:208} INFO - Processing /home/airflow/.local/lib/python3.12/site-packages/airflow/example_dags/example_short_circuit_decorator.py took 0.552 seconds
[2024-09-06T06:14:17.075+0000] {processor.py:186} INFO - Started process (PID=2659) to work on /home/airflow/.local/lib/python3.12/site-packages/airflow/example_dags/example_short_circuit_decorator.py
[2024-09-06T06:14:17.077+0000] {processor.py:914} INFO - Processing file /home/airflow/.local/lib/python3.12/site-packages/airflow/example_dags/example_short_circuit_decorator.py for tasks to queue
[2024-09-06T06:14:17.082+0000] {logging_mixin.py:190} INFO - [2024-09-06T06:14:17.081+0000] {dagbag.py:587} INFO - Filling up the DagBag from /home/airflow/.local/lib/python3.12/site-packages/airflow/example_dags/example_short_circuit_decorator.py
[2024-09-06T06:14:17.103+0000] {processor.py:925} INFO - DAG(s) 'example_short_circuit_decorator' retrieved from /home/airflow/.local/lib/python3.12/site-packages/airflow/example_dags/example_short_circuit_decorator.py
[2024-09-06T06:14:17.149+0000] {logging_mixin.py:190} INFO - [2024-09-06T06:14:17.149+0000] {dag.py:3211} INFO - Sync 1 DAGs
[2024-09-06T06:14:17.205+0000] {logging_mixin.py:190} INFO - [2024-09-06T06:14:17.205+0000] {dag.py:4138} INFO - Setting next_dagrun for example_short_circuit_decorator to 2024-09-05 00:00:00+00:00, run_after=2024-09-06 00:00:00+00:00
[2024-09-06T06:14:17.281+0000] {processor.py:208} INFO - Processing /home/airflow/.local/lib/python3.12/site-packages/airflow/example_dags/example_short_circuit_decorator.py took 0.222 seconds
[2024-09-06T06:14:49.769+0000] {processor.py:186} INFO - Started process (PID=2734) to work on /home/airflow/.local/lib/python3.12/site-packages/airflow/example_dags/example_short_circuit_decorator.py
[2024-09-06T06:14:49.774+0000] {processor.py:914} INFO - Processing file /home/airflow/.local/lib/python3.12/site-packages/airflow/example_dags/example_short_circuit_decorator.py for tasks to queue
[2024-09-06T06:14:49.817+0000] {logging_mixin.py:190} INFO - [2024-09-06T06:14:49.815+0000] {dagbag.py:587} INFO - Filling up the DagBag from /home/airflow/.local/lib/python3.12/site-packages/airflow/example_dags/example_short_circuit_decorator.py
[2024-09-06T06:14:49.924+0000] {processor.py:925} INFO - DAG(s) 'example_short_circuit_decorator' retrieved from /home/airflow/.local/lib/python3.12/site-packages/airflow/example_dags/example_short_circuit_decorator.py
[2024-09-06T06:14:50.091+0000] {logging_mixin.py:190} INFO - [2024-09-06T06:14:50.090+0000] {dag.py:3211} INFO - Sync 1 DAGs
[2024-09-06T06:14:50.492+0000] {logging_mixin.py:190} INFO - [2024-09-06T06:14:50.486+0000] {dag.py:4138} INFO - Setting next_dagrun for example_short_circuit_decorator to 2024-09-05 00:00:00+00:00, run_after=2024-09-06 00:00:00+00:00
[2024-09-06T06:14:50.650+0000] {processor.py:208} INFO - Processing /home/airflow/.local/lib/python3.12/site-packages/airflow/example_dags/example_short_circuit_decorator.py took 0.955 seconds
[2024-09-06T06:15:21.289+0000] {processor.py:186} INFO - Started process (PID=2798) to work on /home/airflow/.local/lib/python3.12/site-packages/airflow/example_dags/example_short_circuit_decorator.py
[2024-09-06T06:15:21.292+0000] {processor.py:914} INFO - Processing file /home/airflow/.local/lib/python3.12/site-packages/airflow/example_dags/example_short_circuit_decorator.py for tasks to queue
[2024-09-06T06:15:21.309+0000] {logging_mixin.py:190} INFO - [2024-09-06T06:15:21.308+0000] {dagbag.py:587} INFO - Filling up the DagBag from /home/airflow/.local/lib/python3.12/site-packages/airflow/example_dags/example_short_circuit_decorator.py
[2024-09-06T06:15:21.343+0000] {processor.py:925} INFO - DAG(s) 'example_short_circuit_decorator' retrieved from /home/airflow/.local/lib/python3.12/site-packages/airflow/example_dags/example_short_circuit_decorator.py
[2024-09-06T06:15:21.417+0000] {logging_mixin.py:190} INFO - [2024-09-06T06:15:21.417+0000] {dag.py:3211} INFO - Sync 1 DAGs
[2024-09-06T06:15:21.502+0000] {logging_mixin.py:190} INFO - [2024-09-06T06:15:21.501+0000] {dag.py:4138} INFO - Setting next_dagrun for example_short_circuit_decorator to 2024-09-05 00:00:00+00:00, run_after=2024-09-06 00:00:00+00:00
[2024-09-06T06:15:21.569+0000] {processor.py:208} INFO - Processing /home/airflow/.local/lib/python3.12/site-packages/airflow/example_dags/example_short_circuit_decorator.py took 0.303 seconds
[2024-09-06T06:15:52.682+0000] {processor.py:186} INFO - Started process (PID=2865) to work on /home/airflow/.local/lib/python3.12/site-packages/airflow/example_dags/example_short_circuit_decorator.py
[2024-09-06T06:15:52.686+0000] {processor.py:914} INFO - Processing file /home/airflow/.local/lib/python3.12/site-packages/airflow/example_dags/example_short_circuit_decorator.py for tasks to queue
[2024-09-06T06:15:52.696+0000] {logging_mixin.py:190} INFO - [2024-09-06T06:15:52.695+0000] {dagbag.py:587} INFO - Filling up the DagBag from /home/airflow/.local/lib/python3.12/site-packages/airflow/example_dags/example_short_circuit_decorator.py
[2024-09-06T06:15:52.725+0000] {processor.py:925} INFO - DAG(s) 'example_short_circuit_decorator' retrieved from /home/airflow/.local/lib/python3.12/site-packages/airflow/example_dags/example_short_circuit_decorator.py
[2024-09-06T06:15:52.764+0000] {logging_mixin.py:190} INFO - [2024-09-06T06:15:52.763+0000] {dag.py:3211} INFO - Sync 1 DAGs
[2024-09-06T06:15:52.807+0000] {logging_mixin.py:190} INFO - [2024-09-06T06:15:52.807+0000] {dag.py:4138} INFO - Setting next_dagrun for example_short_circuit_decorator to 2024-09-05 00:00:00+00:00, run_after=2024-09-06 00:00:00+00:00
[2024-09-06T06:15:52.839+0000] {processor.py:208} INFO - Processing /home/airflow/.local/lib/python3.12/site-packages/airflow/example_dags/example_short_circuit_decorator.py took 0.207 seconds
[2024-09-06T06:16:23.203+0000] {processor.py:186} INFO - Started process (PID=2931) to work on /home/airflow/.local/lib/python3.12/site-packages/airflow/example_dags/example_short_circuit_decorator.py
[2024-09-06T06:16:23.205+0000] {processor.py:914} INFO - Processing file /home/airflow/.local/lib/python3.12/site-packages/airflow/example_dags/example_short_circuit_decorator.py for tasks to queue
[2024-09-06T06:16:23.210+0000] {logging_mixin.py:190} INFO - [2024-09-06T06:16:23.209+0000] {dagbag.py:587} INFO - Filling up the DagBag from /home/airflow/.local/lib/python3.12/site-packages/airflow/example_dags/example_short_circuit_decorator.py
[2024-09-06T06:16:23.235+0000] {processor.py:925} INFO - DAG(s) 'example_short_circuit_decorator' retrieved from /home/airflow/.local/lib/python3.12/site-packages/airflow/example_dags/example_short_circuit_decorator.py
[2024-09-06T06:16:23.286+0000] {logging_mixin.py:190} INFO - [2024-09-06T06:16:23.285+0000] {dag.py:3211} INFO - Sync 1 DAGs
[2024-09-06T06:16:23.337+0000] {logging_mixin.py:190} INFO - [2024-09-06T06:16:23.337+0000] {dag.py:4138} INFO - Setting next_dagrun for example_short_circuit_decorator to 2024-09-05 00:00:00+00:00, run_after=2024-09-06 00:00:00+00:00
[2024-09-06T06:16:23.381+0000] {processor.py:208} INFO - Processing /home/airflow/.local/lib/python3.12/site-packages/airflow/example_dags/example_short_circuit_decorator.py took 0.199 seconds
[2024-09-06T06:16:53.569+0000] {processor.py:186} INFO - Started process (PID=2997) to work on /home/airflow/.local/lib/python3.12/site-packages/airflow/example_dags/example_short_circuit_decorator.py
[2024-09-06T06:16:53.571+0000] {processor.py:914} INFO - Processing file /home/airflow/.local/lib/python3.12/site-packages/airflow/example_dags/example_short_circuit_decorator.py for tasks to queue
[2024-09-06T06:16:53.581+0000] {logging_mixin.py:190} INFO - [2024-09-06T06:16:53.580+0000] {dagbag.py:587} INFO - Filling up the DagBag from /home/airflow/.local/lib/python3.12/site-packages/airflow/example_dags/example_short_circuit_decorator.py
[2024-09-06T06:16:53.616+0000] {processor.py:925} INFO - DAG(s) 'example_short_circuit_decorator' retrieved from /home/airflow/.local/lib/python3.12/site-packages/airflow/example_dags/example_short_circuit_decorator.py
[2024-09-06T06:16:53.760+0000] {logging_mixin.py:190} INFO - [2024-09-06T06:16:53.760+0000] {dag.py:3211} INFO - Sync 1 DAGs
[2024-09-06T06:16:53.873+0000] {logging_mixin.py:190} INFO - [2024-09-06T06:16:53.873+0000] {dag.py:4138} INFO - Setting next_dagrun for example_short_circuit_decorator to 2024-09-05 00:00:00+00:00, run_after=2024-09-06 00:00:00+00:00
[2024-09-06T06:16:53.940+0000] {processor.py:208} INFO - Processing /home/airflow/.local/lib/python3.12/site-packages/airflow/example_dags/example_short_circuit_decorator.py took 0.404 seconds
[2024-09-06T06:17:24.688+0000] {processor.py:186} INFO - Started process (PID=3063) to work on /home/airflow/.local/lib/python3.12/site-packages/airflow/example_dags/example_short_circuit_decorator.py
[2024-09-06T06:17:24.692+0000] {processor.py:914} INFO - Processing file /home/airflow/.local/lib/python3.12/site-packages/airflow/example_dags/example_short_circuit_decorator.py for tasks to queue
[2024-09-06T06:17:24.704+0000] {logging_mixin.py:190} INFO - [2024-09-06T06:17:24.703+0000] {dagbag.py:587} INFO - Filling up the DagBag from /home/airflow/.local/lib/python3.12/site-packages/airflow/example_dags/example_short_circuit_decorator.py
[2024-09-06T06:17:24.755+0000] {processor.py:925} INFO - DAG(s) 'example_short_circuit_decorator' retrieved from /home/airflow/.local/lib/python3.12/site-packages/airflow/example_dags/example_short_circuit_decorator.py
[2024-09-06T06:17:24.948+0000] {logging_mixin.py:190} INFO - [2024-09-06T06:17:24.948+0000] {dag.py:3211} INFO - Sync 1 DAGs
[2024-09-06T06:17:25.146+0000] {logging_mixin.py:190} INFO - [2024-09-06T06:17:25.144+0000] {dag.py:4138} INFO - Setting next_dagrun for example_short_circuit_decorator to 2024-09-05 00:00:00+00:00, run_after=2024-09-06 00:00:00+00:00
[2024-09-06T06:17:25.244+0000] {processor.py:208} INFO - Processing /home/airflow/.local/lib/python3.12/site-packages/airflow/example_dags/example_short_circuit_decorator.py took 0.584 seconds
[2024-09-06T06:18:16.304+0000] {processor.py:186} INFO - Started process (PID=3163) to work on /home/airflow/.local/lib/python3.12/site-packages/airflow/example_dags/example_short_circuit_decorator.py
[2024-09-06T06:18:16.324+0000] {processor.py:914} INFO - Processing file /home/airflow/.local/lib/python3.12/site-packages/airflow/example_dags/example_short_circuit_decorator.py for tasks to queue
[2024-09-06T06:18:16.332+0000] {logging_mixin.py:190} INFO - [2024-09-06T06:18:16.331+0000] {dagbag.py:587} INFO - Filling up the DagBag from /home/airflow/.local/lib/python3.12/site-packages/airflow/example_dags/example_short_circuit_decorator.py
[2024-09-06T06:18:16.362+0000] {processor.py:925} INFO - DAG(s) 'example_short_circuit_decorator' retrieved from /home/airflow/.local/lib/python3.12/site-packages/airflow/example_dags/example_short_circuit_decorator.py
[2024-09-06T06:18:17.277+0000] {logging_mixin.py:190} INFO - [2024-09-06T06:18:17.276+0000] {dag.py:3211} INFO - Sync 1 DAGs
[2024-09-06T06:18:18.204+0000] {logging_mixin.py:190} INFO - [2024-09-06T06:18:18.204+0000] {dag.py:4138} INFO - Setting next_dagrun for example_short_circuit_decorator to 2024-09-05 00:00:00+00:00, run_after=2024-09-06 00:00:00+00:00
[2024-09-06T06:18:18.652+0000] {processor.py:208} INFO - Processing /home/airflow/.local/lib/python3.12/site-packages/airflow/example_dags/example_short_circuit_decorator.py took 2.543 seconds
[2024-09-06T06:19:05.463+0000] {processor.py:186} INFO - Started process (PID=3239) to work on /home/airflow/.local/lib/python3.12/site-packages/airflow/example_dags/example_short_circuit_decorator.py
[2024-09-06T06:19:05.488+0000] {processor.py:914} INFO - Processing file /home/airflow/.local/lib/python3.12/site-packages/airflow/example_dags/example_short_circuit_decorator.py for tasks to queue
[2024-09-06T06:19:05.494+0000] {logging_mixin.py:190} INFO - [2024-09-06T06:19:05.493+0000] {dagbag.py:587} INFO - Filling up the DagBag from /home/airflow/.local/lib/python3.12/site-packages/airflow/example_dags/example_short_circuit_decorator.py
[2024-09-06T06:19:05.607+0000] {processor.py:925} INFO - DAG(s) 'example_short_circuit_decorator' retrieved from /home/airflow/.local/lib/python3.12/site-packages/airflow/example_dags/example_short_circuit_decorator.py
[2024-09-06T06:19:05.742+0000] {logging_mixin.py:190} INFO - [2024-09-06T06:19:05.742+0000] {dag.py:3211} INFO - Sync 1 DAGs
[2024-09-06T06:19:05.928+0000] {logging_mixin.py:190} INFO - [2024-09-06T06:19:05.927+0000] {dag.py:4138} INFO - Setting next_dagrun for example_short_circuit_decorator to 2024-09-05 00:00:00+00:00, run_after=2024-09-06 00:00:00+00:00
[2024-09-06T06:19:06.052+0000] {processor.py:208} INFO - Processing /home/airflow/.local/lib/python3.12/site-packages/airflow/example_dags/example_short_circuit_decorator.py took 0.622 seconds
[2024-09-06T06:19:48.388+0000] {processor.py:186} INFO - Started process (PID=3307) to work on /home/airflow/.local/lib/python3.12/site-packages/airflow/example_dags/example_short_circuit_decorator.py
[2024-09-06T06:19:48.404+0000] {processor.py:914} INFO - Processing file /home/airflow/.local/lib/python3.12/site-packages/airflow/example_dags/example_short_circuit_decorator.py for tasks to queue
[2024-09-06T06:19:48.442+0000] {logging_mixin.py:190} INFO - [2024-09-06T06:19:48.440+0000] {dagbag.py:587} INFO - Filling up the DagBag from /home/airflow/.local/lib/python3.12/site-packages/airflow/example_dags/example_short_circuit_decorator.py
[2024-09-06T06:19:48.549+0000] {processor.py:925} INFO - DAG(s) 'example_short_circuit_decorator' retrieved from /home/airflow/.local/lib/python3.12/site-packages/airflow/example_dags/example_short_circuit_decorator.py
[2024-09-06T06:19:48.791+0000] {logging_mixin.py:190} INFO - [2024-09-06T06:19:48.782+0000] {dag.py:3211} INFO - Sync 1 DAGs
[2024-09-06T06:19:49.133+0000] {logging_mixin.py:190} INFO - [2024-09-06T06:19:49.122+0000] {dag.py:4138} INFO - Setting next_dagrun for example_short_circuit_decorator to 2024-09-05 00:00:00+00:00, run_after=2024-09-06 00:00:00+00:00
[2024-09-06T06:19:49.312+0000] {processor.py:208} INFO - Processing /home/airflow/.local/lib/python3.12/site-packages/airflow/example_dags/example_short_circuit_decorator.py took 1.026 seconds
