[2024-09-06T05:52:39.259+0000] {processor.py:186} INFO - Started process (PID=72) to work on /home/airflow/.local/lib/python3.12/site-packages/airflow/example_dags/example_sensors.py
[2024-09-06T05:52:39.262+0000] {processor.py:914} INFO - Processing file /home/airflow/.local/lib/python3.12/site-packages/airflow/example_dags/example_sensors.py for tasks to queue
[2024-09-06T05:52:39.269+0000] {logging_mixin.py:190} INFO - [2024-09-06T05:52:39.268+0000] {dagbag.py:587} INFO - Filling up the DagBag from /home/airflow/.local/lib/python3.12/site-packages/airflow/example_dags/example_sensors.py
[2024-09-06T05:52:39.321+0000] {processor.py:925} INFO - DAG(s) 'example_sensors' retrieved from /home/airflow/.local/lib/python3.12/site-packages/airflow/example_dags/example_sensors.py
[2024-09-06T05:52:39.460+0000] {logging_mixin.py:190} INFO - [2024-09-06T05:52:39.459+0000] {dag.py:3211} INFO - Sync 1 DAGs
[2024-09-06T05:52:39.531+0000] {logging_mixin.py:190} INFO - [2024-09-06T05:52:39.530+0000] {dag.py:4138} INFO - Setting next_dagrun for example_sensors to None, run_after=None
[2024-09-06T05:52:39.616+0000] {processor.py:208} INFO - Processing /home/airflow/.local/lib/python3.12/site-packages/airflow/example_dags/example_sensors.py took 0.374 seconds
[2024-09-06T05:53:10.520+0000] {processor.py:186} INFO - Started process (PID=135) to work on /home/airflow/.local/lib/python3.12/site-packages/airflow/example_dags/example_sensors.py
[2024-09-06T05:53:10.532+0000] {processor.py:914} INFO - Processing file /home/airflow/.local/lib/python3.12/site-packages/airflow/example_dags/example_sensors.py for tasks to queue
[2024-09-06T05:53:10.549+0000] {logging_mixin.py:190} INFO - [2024-09-06T05:53:10.539+0000] {dagbag.py:587} INFO - Filling up the DagBag from /home/airflow/.local/lib/python3.12/site-packages/airflow/example_dags/example_sensors.py
[2024-09-06T05:53:10.628+0000] {processor.py:925} INFO - DAG(s) 'example_sensors' retrieved from /home/airflow/.local/lib/python3.12/site-packages/airflow/example_dags/example_sensors.py
[2024-09-06T05:53:10.763+0000] {logging_mixin.py:190} INFO - [2024-09-06T05:53:10.762+0000] {dag.py:3211} INFO - Sync 1 DAGs
[2024-09-06T05:53:10.856+0000] {logging_mixin.py:190} INFO - [2024-09-06T05:53:10.856+0000] {dag.py:4138} INFO - Setting next_dagrun for example_sensors to None, run_after=None
[2024-09-06T05:53:10.977+0000] {processor.py:208} INFO - Processing /home/airflow/.local/lib/python3.12/site-packages/airflow/example_dags/example_sensors.py took 0.494 seconds
[2024-09-06T05:53:41.768+0000] {processor.py:186} INFO - Started process (PID=198) to work on /home/airflow/.local/lib/python3.12/site-packages/airflow/example_dags/example_sensors.py
[2024-09-06T05:53:41.772+0000] {processor.py:914} INFO - Processing file /home/airflow/.local/lib/python3.12/site-packages/airflow/example_dags/example_sensors.py for tasks to queue
[2024-09-06T05:53:41.780+0000] {logging_mixin.py:190} INFO - [2024-09-06T05:53:41.779+0000] {dagbag.py:587} INFO - Filling up the DagBag from /home/airflow/.local/lib/python3.12/site-packages/airflow/example_dags/example_sensors.py
[2024-09-06T05:53:41.853+0000] {processor.py:925} INFO - DAG(s) 'example_sensors' retrieved from /home/airflow/.local/lib/python3.12/site-packages/airflow/example_dags/example_sensors.py
[2024-09-06T05:53:41.972+0000] {logging_mixin.py:190} INFO - [2024-09-06T05:53:41.972+0000] {dag.py:3211} INFO - Sync 1 DAGs
[2024-09-06T05:53:42.020+0000] {logging_mixin.py:190} INFO - [2024-09-06T05:53:42.019+0000] {dag.py:4138} INFO - Setting next_dagrun for example_sensors to None, run_after=None
[2024-09-06T05:53:42.084+0000] {processor.py:208} INFO - Processing /home/airflow/.local/lib/python3.12/site-packages/airflow/example_dags/example_sensors.py took 0.331 seconds
[2024-09-06T05:54:12.922+0000] {processor.py:186} INFO - Started process (PID=261) to work on /home/airflow/.local/lib/python3.12/site-packages/airflow/example_dags/example_sensors.py
[2024-09-06T05:54:12.936+0000] {processor.py:914} INFO - Processing file /home/airflow/.local/lib/python3.12/site-packages/airflow/example_dags/example_sensors.py for tasks to queue
[2024-09-06T05:54:12.947+0000] {logging_mixin.py:190} INFO - [2024-09-06T05:54:12.946+0000] {dagbag.py:587} INFO - Filling up the DagBag from /home/airflow/.local/lib/python3.12/site-packages/airflow/example_dags/example_sensors.py
[2024-09-06T05:54:13.012+0000] {processor.py:925} INFO - DAG(s) 'example_sensors' retrieved from /home/airflow/.local/lib/python3.12/site-packages/airflow/example_dags/example_sensors.py
[2024-09-06T05:54:13.157+0000] {logging_mixin.py:190} INFO - [2024-09-06T05:54:13.156+0000] {dag.py:3211} INFO - Sync 1 DAGs
[2024-09-06T05:54:13.234+0000] {logging_mixin.py:190} INFO - [2024-09-06T05:54:13.234+0000] {dag.py:4138} INFO - Setting next_dagrun for example_sensors to None, run_after=None
[2024-09-06T05:54:13.342+0000] {processor.py:208} INFO - Processing /home/airflow/.local/lib/python3.12/site-packages/airflow/example_dags/example_sensors.py took 0.443 seconds
[2024-09-06T05:54:43.740+0000] {processor.py:186} INFO - Started process (PID=323) to work on /home/airflow/.local/lib/python3.12/site-packages/airflow/example_dags/example_sensors.py
[2024-09-06T05:54:43.742+0000] {processor.py:914} INFO - Processing file /home/airflow/.local/lib/python3.12/site-packages/airflow/example_dags/example_sensors.py for tasks to queue
[2024-09-06T05:54:43.747+0000] {logging_mixin.py:190} INFO - [2024-09-06T05:54:43.746+0000] {dagbag.py:587} INFO - Filling up the DagBag from /home/airflow/.local/lib/python3.12/site-packages/airflow/example_dags/example_sensors.py
[2024-09-06T05:54:43.769+0000] {processor.py:925} INFO - DAG(s) 'example_sensors' retrieved from /home/airflow/.local/lib/python3.12/site-packages/airflow/example_dags/example_sensors.py
[2024-09-06T05:54:43.835+0000] {logging_mixin.py:190} INFO - [2024-09-06T05:54:43.832+0000] {dag.py:3211} INFO - Sync 1 DAGs
[2024-09-06T05:54:43.872+0000] {logging_mixin.py:190} INFO - [2024-09-06T05:54:43.872+0000] {dag.py:4138} INFO - Setting next_dagrun for example_sensors to None, run_after=None
[2024-09-06T05:54:43.925+0000] {processor.py:208} INFO - Processing /home/airflow/.local/lib/python3.12/site-packages/airflow/example_dags/example_sensors.py took 0.199 seconds
[2024-09-06T05:55:15.386+0000] {processor.py:186} INFO - Started process (PID=386) to work on /home/airflow/.local/lib/python3.12/site-packages/airflow/example_dags/example_sensors.py
[2024-09-06T05:55:15.404+0000] {processor.py:914} INFO - Processing file /home/airflow/.local/lib/python3.12/site-packages/airflow/example_dags/example_sensors.py for tasks to queue
[2024-09-06T05:55:15.425+0000] {logging_mixin.py:190} INFO - [2024-09-06T05:55:15.424+0000] {dagbag.py:587} INFO - Filling up the DagBag from /home/airflow/.local/lib/python3.12/site-packages/airflow/example_dags/example_sensors.py
[2024-09-06T05:55:15.470+0000] {processor.py:925} INFO - DAG(s) 'example_sensors' retrieved from /home/airflow/.local/lib/python3.12/site-packages/airflow/example_dags/example_sensors.py
[2024-09-06T05:55:15.559+0000] {logging_mixin.py:190} INFO - [2024-09-06T05:55:15.559+0000] {dag.py:3211} INFO - Sync 1 DAGs
[2024-09-06T05:55:15.613+0000] {logging_mixin.py:190} INFO - [2024-09-06T05:55:15.611+0000] {dag.py:4138} INFO - Setting next_dagrun for example_sensors to None, run_after=None
[2024-09-06T05:55:15.696+0000] {processor.py:208} INFO - Processing /home/airflow/.local/lib/python3.12/site-packages/airflow/example_dags/example_sensors.py took 0.334 seconds
[2024-09-06T05:55:46.565+0000] {processor.py:186} INFO - Started process (PID=449) to work on /home/airflow/.local/lib/python3.12/site-packages/airflow/example_dags/example_sensors.py
[2024-09-06T05:55:46.568+0000] {processor.py:914} INFO - Processing file /home/airflow/.local/lib/python3.12/site-packages/airflow/example_dags/example_sensors.py for tasks to queue
[2024-09-06T05:55:46.573+0000] {logging_mixin.py:190} INFO - [2024-09-06T05:55:46.572+0000] {dagbag.py:587} INFO - Filling up the DagBag from /home/airflow/.local/lib/python3.12/site-packages/airflow/example_dags/example_sensors.py
[2024-09-06T05:55:46.621+0000] {processor.py:925} INFO - DAG(s) 'example_sensors' retrieved from /home/airflow/.local/lib/python3.12/site-packages/airflow/example_dags/example_sensors.py
[2024-09-06T05:55:46.734+0000] {logging_mixin.py:190} INFO - [2024-09-06T05:55:46.734+0000] {dag.py:3211} INFO - Sync 1 DAGs
[2024-09-06T05:55:46.794+0000] {logging_mixin.py:190} INFO - [2024-09-06T05:55:46.793+0000] {dag.py:4138} INFO - Setting next_dagrun for example_sensors to None, run_after=None
[2024-09-06T05:55:46.843+0000] {processor.py:208} INFO - Processing /home/airflow/.local/lib/python3.12/site-packages/airflow/example_dags/example_sensors.py took 0.296 seconds
[2024-09-06T05:56:17.222+0000] {processor.py:186} INFO - Started process (PID=512) to work on /home/airflow/.local/lib/python3.12/site-packages/airflow/example_dags/example_sensors.py
[2024-09-06T05:56:17.225+0000] {processor.py:914} INFO - Processing file /home/airflow/.local/lib/python3.12/site-packages/airflow/example_dags/example_sensors.py for tasks to queue
[2024-09-06T05:56:17.240+0000] {logging_mixin.py:190} INFO - [2024-09-06T05:56:17.239+0000] {dagbag.py:587} INFO - Filling up the DagBag from /home/airflow/.local/lib/python3.12/site-packages/airflow/example_dags/example_sensors.py
[2024-09-06T05:56:17.298+0000] {processor.py:925} INFO - DAG(s) 'example_sensors' retrieved from /home/airflow/.local/lib/python3.12/site-packages/airflow/example_dags/example_sensors.py
[2024-09-06T05:56:17.439+0000] {logging_mixin.py:190} INFO - [2024-09-06T05:56:17.439+0000] {dag.py:3211} INFO - Sync 1 DAGs
[2024-09-06T05:56:17.506+0000] {logging_mixin.py:190} INFO - [2024-09-06T05:56:17.505+0000] {dag.py:4138} INFO - Setting next_dagrun for example_sensors to None, run_after=None
[2024-09-06T05:56:17.667+0000] {processor.py:208} INFO - Processing /home/airflow/.local/lib/python3.12/site-packages/airflow/example_dags/example_sensors.py took 0.473 seconds
[2024-09-06T05:56:48.354+0000] {processor.py:186} INFO - Started process (PID=576) to work on /home/airflow/.local/lib/python3.12/site-packages/airflow/example_dags/example_sensors.py
[2024-09-06T05:56:48.357+0000] {processor.py:914} INFO - Processing file /home/airflow/.local/lib/python3.12/site-packages/airflow/example_dags/example_sensors.py for tasks to queue
[2024-09-06T05:56:48.366+0000] {logging_mixin.py:190} INFO - [2024-09-06T05:56:48.365+0000] {dagbag.py:587} INFO - Filling up the DagBag from /home/airflow/.local/lib/python3.12/site-packages/airflow/example_dags/example_sensors.py
[2024-09-06T05:56:48.414+0000] {processor.py:925} INFO - DAG(s) 'example_sensors' retrieved from /home/airflow/.local/lib/python3.12/site-packages/airflow/example_dags/example_sensors.py
[2024-09-06T05:56:48.519+0000] {logging_mixin.py:190} INFO - [2024-09-06T05:56:48.518+0000] {dag.py:3211} INFO - Sync 1 DAGs
[2024-09-06T05:56:48.579+0000] {logging_mixin.py:190} INFO - [2024-09-06T05:56:48.579+0000] {dag.py:4138} INFO - Setting next_dagrun for example_sensors to None, run_after=None
[2024-09-06T05:56:48.625+0000] {processor.py:208} INFO - Processing /home/airflow/.local/lib/python3.12/site-packages/airflow/example_dags/example_sensors.py took 0.296 seconds
[2024-09-06T05:57:19.037+0000] {processor.py:186} INFO - Started process (PID=639) to work on /home/airflow/.local/lib/python3.12/site-packages/airflow/example_dags/example_sensors.py
[2024-09-06T05:57:19.039+0000] {processor.py:914} INFO - Processing file /home/airflow/.local/lib/python3.12/site-packages/airflow/example_dags/example_sensors.py for tasks to queue
[2024-09-06T05:57:19.045+0000] {logging_mixin.py:190} INFO - [2024-09-06T05:57:19.044+0000] {dagbag.py:587} INFO - Filling up the DagBag from /home/airflow/.local/lib/python3.12/site-packages/airflow/example_dags/example_sensors.py
[2024-09-06T05:57:19.069+0000] {processor.py:925} INFO - DAG(s) 'example_sensors' retrieved from /home/airflow/.local/lib/python3.12/site-packages/airflow/example_dags/example_sensors.py
[2024-09-06T05:57:19.132+0000] {logging_mixin.py:190} INFO - [2024-09-06T05:57:19.131+0000] {dag.py:3211} INFO - Sync 1 DAGs
[2024-09-06T05:57:19.168+0000] {logging_mixin.py:190} INFO - [2024-09-06T05:57:19.168+0000] {dag.py:4138} INFO - Setting next_dagrun for example_sensors to None, run_after=None
[2024-09-06T05:57:19.212+0000] {processor.py:208} INFO - Processing /home/airflow/.local/lib/python3.12/site-packages/airflow/example_dags/example_sensors.py took 0.191 seconds
[2024-09-06T05:57:55.685+0000] {processor.py:186} INFO - Started process (PID=704) to work on /home/airflow/.local/lib/python3.12/site-packages/airflow/example_dags/example_sensors.py
[2024-09-06T05:57:55.687+0000] {processor.py:914} INFO - Processing file /home/airflow/.local/lib/python3.12/site-packages/airflow/example_dags/example_sensors.py for tasks to queue
[2024-09-06T05:57:55.714+0000] {logging_mixin.py:190} INFO - [2024-09-06T05:57:55.702+0000] {dagbag.py:587} INFO - Filling up the DagBag from /home/airflow/.local/lib/python3.12/site-packages/airflow/example_dags/example_sensors.py
[2024-09-06T05:57:55.762+0000] {processor.py:925} INFO - DAG(s) 'example_sensors' retrieved from /home/airflow/.local/lib/python3.12/site-packages/airflow/example_dags/example_sensors.py
[2024-09-06T05:57:55.968+0000] {logging_mixin.py:190} INFO - [2024-09-06T05:57:55.962+0000] {dag.py:3211} INFO - Sync 1 DAGs
[2024-09-06T05:57:56.064+0000] {logging_mixin.py:190} INFO - [2024-09-06T05:57:56.063+0000] {dag.py:4138} INFO - Setting next_dagrun for example_sensors to None, run_after=None
[2024-09-06T05:57:56.222+0000] {processor.py:208} INFO - Processing /home/airflow/.local/lib/python3.12/site-packages/airflow/example_dags/example_sensors.py took 0.561 seconds
[2024-09-06T05:58:27.213+0000] {processor.py:186} INFO - Started process (PID=765) to work on /home/airflow/.local/lib/python3.12/site-packages/airflow/example_dags/example_sensors.py
[2024-09-06T05:58:27.850+0000] {processor.py:914} INFO - Processing file /home/airflow/.local/lib/python3.12/site-packages/airflow/example_dags/example_sensors.py for tasks to queue
[2024-09-06T05:58:27.860+0000] {logging_mixin.py:190} INFO - [2024-09-06T05:58:27.859+0000] {dagbag.py:587} INFO - Filling up the DagBag from /home/airflow/.local/lib/python3.12/site-packages/airflow/example_dags/example_sensors.py
[2024-09-06T05:58:27.916+0000] {processor.py:925} INFO - DAG(s) 'example_sensors' retrieved from /home/airflow/.local/lib/python3.12/site-packages/airflow/example_dags/example_sensors.py
[2024-09-06T05:58:28.095+0000] {logging_mixin.py:190} INFO - [2024-09-06T05:58:28.094+0000] {dag.py:3211} INFO - Sync 1 DAGs
[2024-09-06T05:58:28.177+0000] {logging_mixin.py:190} INFO - [2024-09-06T05:58:28.171+0000] {dag.py:4138} INFO - Setting next_dagrun for example_sensors to None, run_after=None
[2024-09-06T05:58:28.326+0000] {processor.py:208} INFO - Processing /home/airflow/.local/lib/python3.12/site-packages/airflow/example_dags/example_sensors.py took 1.153 seconds
[2024-09-06T05:58:58.586+0000] {processor.py:186} INFO - Started process (PID=828) to work on /home/airflow/.local/lib/python3.12/site-packages/airflow/example_dags/example_sensors.py
[2024-09-06T05:58:58.589+0000] {processor.py:914} INFO - Processing file /home/airflow/.local/lib/python3.12/site-packages/airflow/example_dags/example_sensors.py for tasks to queue
[2024-09-06T05:58:58.594+0000] {logging_mixin.py:190} INFO - [2024-09-06T05:58:58.593+0000] {dagbag.py:587} INFO - Filling up the DagBag from /home/airflow/.local/lib/python3.12/site-packages/airflow/example_dags/example_sensors.py
[2024-09-06T05:58:58.619+0000] {processor.py:925} INFO - DAG(s) 'example_sensors' retrieved from /home/airflow/.local/lib/python3.12/site-packages/airflow/example_dags/example_sensors.py
[2024-09-06T05:58:58.698+0000] {logging_mixin.py:190} INFO - [2024-09-06T05:58:58.698+0000] {dag.py:3211} INFO - Sync 1 DAGs
[2024-09-06T05:58:58.727+0000] {logging_mixin.py:190} INFO - [2024-09-06T05:58:58.727+0000] {dag.py:4138} INFO - Setting next_dagrun for example_sensors to None, run_after=None
[2024-09-06T05:58:58.763+0000] {processor.py:208} INFO - Processing /home/airflow/.local/lib/python3.12/site-packages/airflow/example_dags/example_sensors.py took 0.191 seconds
[2024-09-06T05:59:29.514+0000] {processor.py:186} INFO - Started process (PID=891) to work on /home/airflow/.local/lib/python3.12/site-packages/airflow/example_dags/example_sensors.py
[2024-09-06T05:59:29.516+0000] {processor.py:914} INFO - Processing file /home/airflow/.local/lib/python3.12/site-packages/airflow/example_dags/example_sensors.py for tasks to queue
[2024-09-06T05:59:29.521+0000] {logging_mixin.py:190} INFO - [2024-09-06T05:59:29.521+0000] {dagbag.py:587} INFO - Filling up the DagBag from /home/airflow/.local/lib/python3.12/site-packages/airflow/example_dags/example_sensors.py
[2024-09-06T05:59:29.548+0000] {processor.py:925} INFO - DAG(s) 'example_sensors' retrieved from /home/airflow/.local/lib/python3.12/site-packages/airflow/example_dags/example_sensors.py
[2024-09-06T05:59:29.607+0000] {logging_mixin.py:190} INFO - [2024-09-06T05:59:29.606+0000] {dag.py:3211} INFO - Sync 1 DAGs
[2024-09-06T05:59:29.645+0000] {logging_mixin.py:190} INFO - [2024-09-06T05:59:29.645+0000] {dag.py:4138} INFO - Setting next_dagrun for example_sensors to None, run_after=None
[2024-09-06T05:59:29.688+0000] {processor.py:208} INFO - Processing /home/airflow/.local/lib/python3.12/site-packages/airflow/example_dags/example_sensors.py took 0.189 seconds
[2024-09-06T06:00:00.123+0000] {processor.py:186} INFO - Started process (PID=954) to work on /home/airflow/.local/lib/python3.12/site-packages/airflow/example_dags/example_sensors.py
[2024-09-06T06:00:00.125+0000] {processor.py:914} INFO - Processing file /home/airflow/.local/lib/python3.12/site-packages/airflow/example_dags/example_sensors.py for tasks to queue
[2024-09-06T06:00:00.131+0000] {logging_mixin.py:190} INFO - [2024-09-06T06:00:00.130+0000] {dagbag.py:587} INFO - Filling up the DagBag from /home/airflow/.local/lib/python3.12/site-packages/airflow/example_dags/example_sensors.py
[2024-09-06T06:00:00.169+0000] {processor.py:925} INFO - DAG(s) 'example_sensors' retrieved from /home/airflow/.local/lib/python3.12/site-packages/airflow/example_dags/example_sensors.py
[2024-09-06T06:00:00.258+0000] {logging_mixin.py:190} INFO - [2024-09-06T06:00:00.257+0000] {dag.py:3211} INFO - Sync 1 DAGs
[2024-09-06T06:00:00.316+0000] {logging_mixin.py:190} INFO - [2024-09-06T06:00:00.316+0000] {dag.py:4138} INFO - Setting next_dagrun for example_sensors to None, run_after=None
[2024-09-06T06:00:00.382+0000] {processor.py:208} INFO - Processing /home/airflow/.local/lib/python3.12/site-packages/airflow/example_dags/example_sensors.py took 0.288 seconds
[2024-09-06T06:01:11.672+0000] {processor.py:186} INFO - Started process (PID=1019) to work on /home/airflow/.local/lib/python3.12/site-packages/airflow/example_dags/example_sensors.py
[2024-09-06T06:01:11.686+0000] {processor.py:914} INFO - Processing file /home/airflow/.local/lib/python3.12/site-packages/airflow/example_dags/example_sensors.py for tasks to queue
[2024-09-06T06:01:11.703+0000] {logging_mixin.py:190} INFO - [2024-09-06T06:01:11.698+0000] {dagbag.py:587} INFO - Filling up the DagBag from /home/airflow/.local/lib/python3.12/site-packages/airflow/example_dags/example_sensors.py
[2024-09-06T06:01:11.848+0000] {processor.py:925} INFO - DAG(s) 'example_sensors' retrieved from /home/airflow/.local/lib/python3.12/site-packages/airflow/example_dags/example_sensors.py
[2024-09-06T06:01:12.135+0000] {logging_mixin.py:190} INFO - [2024-09-06T06:01:12.134+0000] {dag.py:3211} INFO - Sync 1 DAGs
[2024-09-06T06:01:12.306+0000] {logging_mixin.py:190} INFO - [2024-09-06T06:01:12.293+0000] {dag.py:4138} INFO - Setting next_dagrun for example_sensors to None, run_after=None
[2024-09-06T06:01:12.473+0000] {processor.py:208} INFO - Processing /home/airflow/.local/lib/python3.12/site-packages/airflow/example_dags/example_sensors.py took 0.836 seconds
[2024-09-06T06:01:43.306+0000] {processor.py:186} INFO - Started process (PID=1082) to work on /home/airflow/.local/lib/python3.12/site-packages/airflow/example_dags/example_sensors.py
[2024-09-06T06:01:43.308+0000] {processor.py:914} INFO - Processing file /home/airflow/.local/lib/python3.12/site-packages/airflow/example_dags/example_sensors.py for tasks to queue
[2024-09-06T06:01:43.314+0000] {logging_mixin.py:190} INFO - [2024-09-06T06:01:43.313+0000] {dagbag.py:587} INFO - Filling up the DagBag from /home/airflow/.local/lib/python3.12/site-packages/airflow/example_dags/example_sensors.py
[2024-09-06T06:01:43.344+0000] {processor.py:925} INFO - DAG(s) 'example_sensors' retrieved from /home/airflow/.local/lib/python3.12/site-packages/airflow/example_dags/example_sensors.py
[2024-09-06T06:01:43.444+0000] {logging_mixin.py:190} INFO - [2024-09-06T06:01:43.441+0000] {dag.py:3211} INFO - Sync 1 DAGs
[2024-09-06T06:01:43.516+0000] {logging_mixin.py:190} INFO - [2024-09-06T06:01:43.515+0000] {dag.py:4138} INFO - Setting next_dagrun for example_sensors to None, run_after=None
[2024-09-06T06:01:43.664+0000] {processor.py:208} INFO - Processing /home/airflow/.local/lib/python3.12/site-packages/airflow/example_dags/example_sensors.py took 0.380 seconds
[2024-09-06T06:02:14.156+0000] {processor.py:186} INFO - Started process (PID=1145) to work on /home/airflow/.local/lib/python3.12/site-packages/airflow/example_dags/example_sensors.py
[2024-09-06T06:02:14.164+0000] {processor.py:914} INFO - Processing file /home/airflow/.local/lib/python3.12/site-packages/airflow/example_dags/example_sensors.py for tasks to queue
[2024-09-06T06:02:14.176+0000] {logging_mixin.py:190} INFO - [2024-09-06T06:02:14.175+0000] {dagbag.py:587} INFO - Filling up the DagBag from /home/airflow/.local/lib/python3.12/site-packages/airflow/example_dags/example_sensors.py
[2024-09-06T06:02:14.271+0000] {processor.py:925} INFO - DAG(s) 'example_sensors' retrieved from /home/airflow/.local/lib/python3.12/site-packages/airflow/example_dags/example_sensors.py
[2024-09-06T06:02:14.485+0000] {logging_mixin.py:190} INFO - [2024-09-06T06:02:14.485+0000] {dag.py:3211} INFO - Sync 1 DAGs
[2024-09-06T06:02:14.587+0000] {logging_mixin.py:190} INFO - [2024-09-06T06:02:14.586+0000] {dag.py:4138} INFO - Setting next_dagrun for example_sensors to None, run_after=None
[2024-09-06T06:02:15.016+0000] {processor.py:208} INFO - Processing /home/airflow/.local/lib/python3.12/site-packages/airflow/example_dags/example_sensors.py took 0.915 seconds
[2024-09-06T06:02:45.964+0000] {processor.py:186} INFO - Started process (PID=1209) to work on /home/airflow/.local/lib/python3.12/site-packages/airflow/example_dags/example_sensors.py
[2024-09-06T06:02:45.968+0000] {processor.py:914} INFO - Processing file /home/airflow/.local/lib/python3.12/site-packages/airflow/example_dags/example_sensors.py for tasks to queue
[2024-09-06T06:02:45.977+0000] {logging_mixin.py:190} INFO - [2024-09-06T06:02:45.976+0000] {dagbag.py:587} INFO - Filling up the DagBag from /home/airflow/.local/lib/python3.12/site-packages/airflow/example_dags/example_sensors.py
[2024-09-06T06:02:46.002+0000] {processor.py:925} INFO - DAG(s) 'example_sensors' retrieved from /home/airflow/.local/lib/python3.12/site-packages/airflow/example_dags/example_sensors.py
[2024-09-06T06:02:46.049+0000] {logging_mixin.py:190} INFO - [2024-09-06T06:02:46.048+0000] {dag.py:3211} INFO - Sync 1 DAGs
[2024-09-06T06:02:46.078+0000] {logging_mixin.py:190} INFO - [2024-09-06T06:02:46.078+0000] {dag.py:4138} INFO - Setting next_dagrun for example_sensors to None, run_after=None
[2024-09-06T06:02:46.115+0000] {processor.py:208} INFO - Processing /home/airflow/.local/lib/python3.12/site-packages/airflow/example_dags/example_sensors.py took 0.170 seconds
[2024-09-06T06:03:16.457+0000] {processor.py:186} INFO - Started process (PID=1272) to work on /home/airflow/.local/lib/python3.12/site-packages/airflow/example_dags/example_sensors.py
[2024-09-06T06:03:16.461+0000] {processor.py:914} INFO - Processing file /home/airflow/.local/lib/python3.12/site-packages/airflow/example_dags/example_sensors.py for tasks to queue
[2024-09-06T06:03:16.466+0000] {logging_mixin.py:190} INFO - [2024-09-06T06:03:16.466+0000] {dagbag.py:587} INFO - Filling up the DagBag from /home/airflow/.local/lib/python3.12/site-packages/airflow/example_dags/example_sensors.py
[2024-09-06T06:03:16.492+0000] {processor.py:925} INFO - DAG(s) 'example_sensors' retrieved from /home/airflow/.local/lib/python3.12/site-packages/airflow/example_dags/example_sensors.py
[2024-09-06T06:03:16.561+0000] {logging_mixin.py:190} INFO - [2024-09-06T06:03:16.560+0000] {dag.py:3211} INFO - Sync 1 DAGs
[2024-09-06T06:03:16.599+0000] {logging_mixin.py:190} INFO - [2024-09-06T06:03:16.598+0000] {dag.py:4138} INFO - Setting next_dagrun for example_sensors to None, run_after=None
[2024-09-06T06:03:16.647+0000] {processor.py:208} INFO - Processing /home/airflow/.local/lib/python3.12/site-packages/airflow/example_dags/example_sensors.py took 0.214 seconds
[2024-09-06T06:03:47.053+0000] {processor.py:186} INFO - Started process (PID=1335) to work on /home/airflow/.local/lib/python3.12/site-packages/airflow/example_dags/example_sensors.py
[2024-09-06T06:03:47.056+0000] {processor.py:914} INFO - Processing file /home/airflow/.local/lib/python3.12/site-packages/airflow/example_dags/example_sensors.py for tasks to queue
[2024-09-06T06:03:47.061+0000] {logging_mixin.py:190} INFO - [2024-09-06T06:03:47.060+0000] {dagbag.py:587} INFO - Filling up the DagBag from /home/airflow/.local/lib/python3.12/site-packages/airflow/example_dags/example_sensors.py
[2024-09-06T06:03:47.105+0000] {processor.py:925} INFO - DAG(s) 'example_sensors' retrieved from /home/airflow/.local/lib/python3.12/site-packages/airflow/example_dags/example_sensors.py
[2024-09-06T06:03:47.209+0000] {logging_mixin.py:190} INFO - [2024-09-06T06:03:47.209+0000] {dag.py:3211} INFO - Sync 1 DAGs
[2024-09-06T06:03:47.239+0000] {logging_mixin.py:190} INFO - [2024-09-06T06:03:47.238+0000] {dag.py:4138} INFO - Setting next_dagrun for example_sensors to None, run_after=None
[2024-09-06T06:03:47.279+0000] {processor.py:208} INFO - Processing /home/airflow/.local/lib/python3.12/site-packages/airflow/example_dags/example_sensors.py took 0.236 seconds
[2024-09-06T06:04:17.712+0000] {processor.py:186} INFO - Started process (PID=1398) to work on /home/airflow/.local/lib/python3.12/site-packages/airflow/example_dags/example_sensors.py
[2024-09-06T06:04:17.715+0000] {processor.py:914} INFO - Processing file /home/airflow/.local/lib/python3.12/site-packages/airflow/example_dags/example_sensors.py for tasks to queue
[2024-09-06T06:04:17.724+0000] {logging_mixin.py:190} INFO - [2024-09-06T06:04:17.723+0000] {dagbag.py:587} INFO - Filling up the DagBag from /home/airflow/.local/lib/python3.12/site-packages/airflow/example_dags/example_sensors.py
[2024-09-06T06:04:17.759+0000] {processor.py:925} INFO - DAG(s) 'example_sensors' retrieved from /home/airflow/.local/lib/python3.12/site-packages/airflow/example_dags/example_sensors.py
[2024-09-06T06:04:17.807+0000] {logging_mixin.py:190} INFO - [2024-09-06T06:04:17.806+0000] {dag.py:3211} INFO - Sync 1 DAGs
[2024-09-06T06:04:17.835+0000] {logging_mixin.py:190} INFO - [2024-09-06T06:04:17.835+0000] {dag.py:4138} INFO - Setting next_dagrun for example_sensors to None, run_after=None
[2024-09-06T06:04:17.874+0000] {processor.py:208} INFO - Processing /home/airflow/.local/lib/python3.12/site-packages/airflow/example_dags/example_sensors.py took 0.185 seconds
[2024-09-06T06:04:48.206+0000] {processor.py:186} INFO - Started process (PID=1461) to work on /home/airflow/.local/lib/python3.12/site-packages/airflow/example_dags/example_sensors.py
[2024-09-06T06:04:48.212+0000] {processor.py:914} INFO - Processing file /home/airflow/.local/lib/python3.12/site-packages/airflow/example_dags/example_sensors.py for tasks to queue
[2024-09-06T06:04:48.218+0000] {logging_mixin.py:190} INFO - [2024-09-06T06:04:48.217+0000] {dagbag.py:587} INFO - Filling up the DagBag from /home/airflow/.local/lib/python3.12/site-packages/airflow/example_dags/example_sensors.py
[2024-09-06T06:04:48.240+0000] {processor.py:925} INFO - DAG(s) 'example_sensors' retrieved from /home/airflow/.local/lib/python3.12/site-packages/airflow/example_dags/example_sensors.py
[2024-09-06T06:04:48.295+0000] {logging_mixin.py:190} INFO - [2024-09-06T06:04:48.294+0000] {dag.py:3211} INFO - Sync 1 DAGs
[2024-09-06T06:04:48.325+0000] {logging_mixin.py:190} INFO - [2024-09-06T06:04:48.325+0000] {dag.py:4138} INFO - Setting next_dagrun for example_sensors to None, run_after=None
[2024-09-06T06:04:48.367+0000] {processor.py:208} INFO - Processing /home/airflow/.local/lib/python3.12/site-packages/airflow/example_dags/example_sensors.py took 0.173 seconds
[2024-09-06T06:05:18.472+0000] {processor.py:186} INFO - Started process (PID=1524) to work on /home/airflow/.local/lib/python3.12/site-packages/airflow/example_dags/example_sensors.py
[2024-09-06T06:05:18.474+0000] {processor.py:914} INFO - Processing file /home/airflow/.local/lib/python3.12/site-packages/airflow/example_dags/example_sensors.py for tasks to queue
[2024-09-06T06:05:18.480+0000] {logging_mixin.py:190} INFO - [2024-09-06T06:05:18.479+0000] {dagbag.py:587} INFO - Filling up the DagBag from /home/airflow/.local/lib/python3.12/site-packages/airflow/example_dags/example_sensors.py
[2024-09-06T06:05:18.503+0000] {processor.py:925} INFO - DAG(s) 'example_sensors' retrieved from /home/airflow/.local/lib/python3.12/site-packages/airflow/example_dags/example_sensors.py
[2024-09-06T06:05:18.562+0000] {logging_mixin.py:190} INFO - [2024-09-06T06:05:18.562+0000] {dag.py:3211} INFO - Sync 1 DAGs
[2024-09-06T06:05:18.596+0000] {logging_mixin.py:190} INFO - [2024-09-06T06:05:18.596+0000] {dag.py:4138} INFO - Setting next_dagrun for example_sensors to None, run_after=None
[2024-09-06T06:05:18.636+0000] {processor.py:208} INFO - Processing /home/airflow/.local/lib/python3.12/site-packages/airflow/example_dags/example_sensors.py took 0.177 seconds
[2024-09-06T06:05:49.243+0000] {processor.py:186} INFO - Started process (PID=1587) to work on /home/airflow/.local/lib/python3.12/site-packages/airflow/example_dags/example_sensors.py
[2024-09-06T06:05:49.247+0000] {processor.py:914} INFO - Processing file /home/airflow/.local/lib/python3.12/site-packages/airflow/example_dags/example_sensors.py for tasks to queue
[2024-09-06T06:05:49.257+0000] {logging_mixin.py:190} INFO - [2024-09-06T06:05:49.256+0000] {dagbag.py:587} INFO - Filling up the DagBag from /home/airflow/.local/lib/python3.12/site-packages/airflow/example_dags/example_sensors.py
[2024-09-06T06:05:49.278+0000] {processor.py:925} INFO - DAG(s) 'example_sensors' retrieved from /home/airflow/.local/lib/python3.12/site-packages/airflow/example_dags/example_sensors.py
[2024-09-06T06:05:49.323+0000] {logging_mixin.py:190} INFO - [2024-09-06T06:05:49.323+0000] {dag.py:3211} INFO - Sync 1 DAGs
[2024-09-06T06:05:49.350+0000] {logging_mixin.py:190} INFO - [2024-09-06T06:05:49.350+0000] {dag.py:4138} INFO - Setting next_dagrun for example_sensors to None, run_after=None
[2024-09-06T06:05:49.384+0000] {processor.py:208} INFO - Processing /home/airflow/.local/lib/python3.12/site-packages/airflow/example_dags/example_sensors.py took 0.166 seconds
[2024-09-06T06:06:19.958+0000] {processor.py:186} INFO - Started process (PID=1650) to work on /home/airflow/.local/lib/python3.12/site-packages/airflow/example_dags/example_sensors.py
[2024-09-06T06:06:19.960+0000] {processor.py:914} INFO - Processing file /home/airflow/.local/lib/python3.12/site-packages/airflow/example_dags/example_sensors.py for tasks to queue
[2024-09-06T06:06:19.964+0000] {logging_mixin.py:190} INFO - [2024-09-06T06:06:19.964+0000] {dagbag.py:587} INFO - Filling up the DagBag from /home/airflow/.local/lib/python3.12/site-packages/airflow/example_dags/example_sensors.py
[2024-09-06T06:06:19.984+0000] {processor.py:925} INFO - DAG(s) 'example_sensors' retrieved from /home/airflow/.local/lib/python3.12/site-packages/airflow/example_dags/example_sensors.py
[2024-09-06T06:06:20.031+0000] {logging_mixin.py:190} INFO - [2024-09-06T06:06:20.030+0000] {dag.py:3211} INFO - Sync 1 DAGs
[2024-09-06T06:06:20.058+0000] {logging_mixin.py:190} INFO - [2024-09-06T06:06:20.058+0000] {dag.py:4138} INFO - Setting next_dagrun for example_sensors to None, run_after=None
[2024-09-06T06:06:20.093+0000] {processor.py:208} INFO - Processing /home/airflow/.local/lib/python3.12/site-packages/airflow/example_dags/example_sensors.py took 0.147 seconds
[2024-09-06T06:06:50.344+0000] {processor.py:186} INFO - Started process (PID=1713) to work on /home/airflow/.local/lib/python3.12/site-packages/airflow/example_dags/example_sensors.py
[2024-09-06T06:06:50.346+0000] {processor.py:914} INFO - Processing file /home/airflow/.local/lib/python3.12/site-packages/airflow/example_dags/example_sensors.py for tasks to queue
[2024-09-06T06:06:50.351+0000] {logging_mixin.py:190} INFO - [2024-09-06T06:06:50.350+0000] {dagbag.py:587} INFO - Filling up the DagBag from /home/airflow/.local/lib/python3.12/site-packages/airflow/example_dags/example_sensors.py
[2024-09-06T06:06:50.373+0000] {processor.py:925} INFO - DAG(s) 'example_sensors' retrieved from /home/airflow/.local/lib/python3.12/site-packages/airflow/example_dags/example_sensors.py
[2024-09-06T06:06:50.424+0000] {logging_mixin.py:190} INFO - [2024-09-06T06:06:50.424+0000] {dag.py:3211} INFO - Sync 1 DAGs
[2024-09-06T06:06:50.456+0000] {logging_mixin.py:190} INFO - [2024-09-06T06:06:50.455+0000] {dag.py:4138} INFO - Setting next_dagrun for example_sensors to None, run_after=None
[2024-09-06T06:06:50.499+0000] {processor.py:208} INFO - Processing /home/airflow/.local/lib/python3.12/site-packages/airflow/example_dags/example_sensors.py took 0.167 seconds
[2024-09-06T06:07:21.317+0000] {processor.py:186} INFO - Started process (PID=1776) to work on /home/airflow/.local/lib/python3.12/site-packages/airflow/example_dags/example_sensors.py
[2024-09-06T06:07:21.319+0000] {processor.py:914} INFO - Processing file /home/airflow/.local/lib/python3.12/site-packages/airflow/example_dags/example_sensors.py for tasks to queue
[2024-09-06T06:07:21.325+0000] {logging_mixin.py:190} INFO - [2024-09-06T06:07:21.324+0000] {dagbag.py:587} INFO - Filling up the DagBag from /home/airflow/.local/lib/python3.12/site-packages/airflow/example_dags/example_sensors.py
[2024-09-06T06:07:21.353+0000] {processor.py:925} INFO - DAG(s) 'example_sensors' retrieved from /home/airflow/.local/lib/python3.12/site-packages/airflow/example_dags/example_sensors.py
[2024-09-06T06:07:21.422+0000] {logging_mixin.py:190} INFO - [2024-09-06T06:07:21.421+0000] {dag.py:3211} INFO - Sync 1 DAGs
[2024-09-06T06:07:21.460+0000] {logging_mixin.py:190} INFO - [2024-09-06T06:07:21.460+0000] {dag.py:4138} INFO - Setting next_dagrun for example_sensors to None, run_after=None
[2024-09-06T06:07:21.508+0000] {processor.py:208} INFO - Processing /home/airflow/.local/lib/python3.12/site-packages/airflow/example_dags/example_sensors.py took 0.204 seconds
[2024-09-06T06:07:52.025+0000] {processor.py:186} INFO - Started process (PID=1839) to work on /home/airflow/.local/lib/python3.12/site-packages/airflow/example_dags/example_sensors.py
[2024-09-06T06:07:52.030+0000] {processor.py:914} INFO - Processing file /home/airflow/.local/lib/python3.12/site-packages/airflow/example_dags/example_sensors.py for tasks to queue
[2024-09-06T06:07:52.041+0000] {logging_mixin.py:190} INFO - [2024-09-06T06:07:52.040+0000] {dagbag.py:587} INFO - Filling up the DagBag from /home/airflow/.local/lib/python3.12/site-packages/airflow/example_dags/example_sensors.py
[2024-09-06T06:07:52.067+0000] {processor.py:925} INFO - DAG(s) 'example_sensors' retrieved from /home/airflow/.local/lib/python3.12/site-packages/airflow/example_dags/example_sensors.py
[2024-09-06T06:07:52.119+0000] {logging_mixin.py:190} INFO - [2024-09-06T06:07:52.119+0000] {dag.py:3211} INFO - Sync 1 DAGs
[2024-09-06T06:07:52.148+0000] {logging_mixin.py:190} INFO - [2024-09-06T06:07:52.147+0000] {dag.py:4138} INFO - Setting next_dagrun for example_sensors to None, run_after=None
[2024-09-06T06:07:52.183+0000] {processor.py:208} INFO - Processing /home/airflow/.local/lib/python3.12/site-packages/airflow/example_dags/example_sensors.py took 0.190 seconds
[2024-09-06T06:08:22.443+0000] {processor.py:186} INFO - Started process (PID=1902) to work on /home/airflow/.local/lib/python3.12/site-packages/airflow/example_dags/example_sensors.py
[2024-09-06T06:08:22.445+0000] {processor.py:914} INFO - Processing file /home/airflow/.local/lib/python3.12/site-packages/airflow/example_dags/example_sensors.py for tasks to queue
[2024-09-06T06:08:22.452+0000] {logging_mixin.py:190} INFO - [2024-09-06T06:08:22.451+0000] {dagbag.py:587} INFO - Filling up the DagBag from /home/airflow/.local/lib/python3.12/site-packages/airflow/example_dags/example_sensors.py
[2024-09-06T06:08:22.485+0000] {processor.py:925} INFO - DAG(s) 'example_sensors' retrieved from /home/airflow/.local/lib/python3.12/site-packages/airflow/example_dags/example_sensors.py
[2024-09-06T06:08:22.549+0000] {logging_mixin.py:190} INFO - [2024-09-06T06:08:22.549+0000] {dag.py:3211} INFO - Sync 1 DAGs
[2024-09-06T06:08:22.581+0000] {logging_mixin.py:190} INFO - [2024-09-06T06:08:22.580+0000] {dag.py:4138} INFO - Setting next_dagrun for example_sensors to None, run_after=None
[2024-09-06T06:08:22.618+0000] {processor.py:208} INFO - Processing /home/airflow/.local/lib/python3.12/site-packages/airflow/example_dags/example_sensors.py took 0.189 seconds
[2024-09-06T06:08:53.055+0000] {processor.py:186} INFO - Started process (PID=1965) to work on /home/airflow/.local/lib/python3.12/site-packages/airflow/example_dags/example_sensors.py
[2024-09-06T06:08:53.057+0000] {processor.py:914} INFO - Processing file /home/airflow/.local/lib/python3.12/site-packages/airflow/example_dags/example_sensors.py for tasks to queue
[2024-09-06T06:08:53.069+0000] {logging_mixin.py:190} INFO - [2024-09-06T06:08:53.068+0000] {dagbag.py:587} INFO - Filling up the DagBag from /home/airflow/.local/lib/python3.12/site-packages/airflow/example_dags/example_sensors.py
[2024-09-06T06:08:53.100+0000] {processor.py:925} INFO - DAG(s) 'example_sensors' retrieved from /home/airflow/.local/lib/python3.12/site-packages/airflow/example_dags/example_sensors.py
[2024-09-06T06:08:53.175+0000] {logging_mixin.py:190} INFO - [2024-09-06T06:08:53.175+0000] {dag.py:3211} INFO - Sync 1 DAGs
[2024-09-06T06:08:53.222+0000] {logging_mixin.py:190} INFO - [2024-09-06T06:08:53.222+0000] {dag.py:4138} INFO - Setting next_dagrun for example_sensors to None, run_after=None
[2024-09-06T06:08:53.274+0000] {processor.py:208} INFO - Processing /home/airflow/.local/lib/python3.12/site-packages/airflow/example_dags/example_sensors.py took 0.233 seconds
[2024-09-06T06:09:23.949+0000] {processor.py:186} INFO - Started process (PID=2028) to work on /home/airflow/.local/lib/python3.12/site-packages/airflow/example_dags/example_sensors.py
[2024-09-06T06:09:23.951+0000] {processor.py:914} INFO - Processing file /home/airflow/.local/lib/python3.12/site-packages/airflow/example_dags/example_sensors.py for tasks to queue
[2024-09-06T06:09:23.955+0000] {logging_mixin.py:190} INFO - [2024-09-06T06:09:23.955+0000] {dagbag.py:587} INFO - Filling up the DagBag from /home/airflow/.local/lib/python3.12/site-packages/airflow/example_dags/example_sensors.py
[2024-09-06T06:09:23.976+0000] {processor.py:925} INFO - DAG(s) 'example_sensors' retrieved from /home/airflow/.local/lib/python3.12/site-packages/airflow/example_dags/example_sensors.py
[2024-09-06T06:09:24.025+0000] {logging_mixin.py:190} INFO - [2024-09-06T06:09:24.025+0000] {dag.py:3211} INFO - Sync 1 DAGs
[2024-09-06T06:09:24.053+0000] {logging_mixin.py:190} INFO - [2024-09-06T06:09:24.053+0000] {dag.py:4138} INFO - Setting next_dagrun for example_sensors to None, run_after=None
[2024-09-06T06:09:24.087+0000] {processor.py:208} INFO - Processing /home/airflow/.local/lib/python3.12/site-packages/airflow/example_dags/example_sensors.py took 0.157 seconds
[2024-09-06T06:09:54.534+0000] {processor.py:186} INFO - Started process (PID=2092) to work on /home/airflow/.local/lib/python3.12/site-packages/airflow/example_dags/example_sensors.py
[2024-09-06T06:09:54.538+0000] {processor.py:914} INFO - Processing file /home/airflow/.local/lib/python3.12/site-packages/airflow/example_dags/example_sensors.py for tasks to queue
[2024-09-06T06:09:54.545+0000] {logging_mixin.py:190} INFO - [2024-09-06T06:09:54.544+0000] {dagbag.py:587} INFO - Filling up the DagBag from /home/airflow/.local/lib/python3.12/site-packages/airflow/example_dags/example_sensors.py
[2024-09-06T06:09:54.574+0000] {processor.py:925} INFO - DAG(s) 'example_sensors' retrieved from /home/airflow/.local/lib/python3.12/site-packages/airflow/example_dags/example_sensors.py
[2024-09-06T06:09:54.648+0000] {logging_mixin.py:190} INFO - [2024-09-06T06:09:54.648+0000] {dag.py:3211} INFO - Sync 1 DAGs
[2024-09-06T06:09:54.695+0000] {logging_mixin.py:190} INFO - [2024-09-06T06:09:54.695+0000] {dag.py:4138} INFO - Setting next_dagrun for example_sensors to None, run_after=None
[2024-09-06T06:09:54.756+0000] {processor.py:208} INFO - Processing /home/airflow/.local/lib/python3.12/site-packages/airflow/example_dags/example_sensors.py took 0.236 seconds
[2024-09-06T06:10:25.156+0000] {processor.py:186} INFO - Started process (PID=2155) to work on /home/airflow/.local/lib/python3.12/site-packages/airflow/example_dags/example_sensors.py
[2024-09-06T06:10:25.158+0000] {processor.py:914} INFO - Processing file /home/airflow/.local/lib/python3.12/site-packages/airflow/example_dags/example_sensors.py for tasks to queue
[2024-09-06T06:10:25.163+0000] {logging_mixin.py:190} INFO - [2024-09-06T06:10:25.163+0000] {dagbag.py:587} INFO - Filling up the DagBag from /home/airflow/.local/lib/python3.12/site-packages/airflow/example_dags/example_sensors.py
[2024-09-06T06:10:25.185+0000] {processor.py:925} INFO - DAG(s) 'example_sensors' retrieved from /home/airflow/.local/lib/python3.12/site-packages/airflow/example_dags/example_sensors.py
[2024-09-06T06:10:25.244+0000] {logging_mixin.py:190} INFO - [2024-09-06T06:10:25.243+0000] {dag.py:3211} INFO - Sync 1 DAGs
[2024-09-06T06:10:25.273+0000] {logging_mixin.py:190} INFO - [2024-09-06T06:10:25.273+0000] {dag.py:4138} INFO - Setting next_dagrun for example_sensors to None, run_after=None
[2024-09-06T06:10:25.326+0000] {processor.py:208} INFO - Processing /home/airflow/.local/lib/python3.12/site-packages/airflow/example_dags/example_sensors.py took 0.182 seconds
[2024-09-06T06:10:55.737+0000] {processor.py:186} INFO - Started process (PID=2223) to work on /home/airflow/.local/lib/python3.12/site-packages/airflow/example_dags/example_sensors.py
[2024-09-06T06:10:55.739+0000] {processor.py:914} INFO - Processing file /home/airflow/.local/lib/python3.12/site-packages/airflow/example_dags/example_sensors.py for tasks to queue
[2024-09-06T06:10:55.744+0000] {logging_mixin.py:190} INFO - [2024-09-06T06:10:55.743+0000] {dagbag.py:587} INFO - Filling up the DagBag from /home/airflow/.local/lib/python3.12/site-packages/airflow/example_dags/example_sensors.py
[2024-09-06T06:10:55.764+0000] {processor.py:925} INFO - DAG(s) 'example_sensors' retrieved from /home/airflow/.local/lib/python3.12/site-packages/airflow/example_dags/example_sensors.py
[2024-09-06T06:10:55.812+0000] {logging_mixin.py:190} INFO - [2024-09-06T06:10:55.812+0000] {dag.py:3211} INFO - Sync 1 DAGs
[2024-09-06T06:10:55.840+0000] {logging_mixin.py:190} INFO - [2024-09-06T06:10:55.839+0000] {dag.py:4138} INFO - Setting next_dagrun for example_sensors to None, run_after=None
[2024-09-06T06:10:55.875+0000] {processor.py:208} INFO - Processing /home/airflow/.local/lib/python3.12/site-packages/airflow/example_dags/example_sensors.py took 0.149 seconds
[2024-09-06T06:11:26.047+0000] {processor.py:186} INFO - Started process (PID=2286) to work on /home/airflow/.local/lib/python3.12/site-packages/airflow/example_dags/example_sensors.py
[2024-09-06T06:11:26.051+0000] {processor.py:914} INFO - Processing file /home/airflow/.local/lib/python3.12/site-packages/airflow/example_dags/example_sensors.py for tasks to queue
[2024-09-06T06:11:26.056+0000] {logging_mixin.py:190} INFO - [2024-09-06T06:11:26.055+0000] {dagbag.py:587} INFO - Filling up the DagBag from /home/airflow/.local/lib/python3.12/site-packages/airflow/example_dags/example_sensors.py
[2024-09-06T06:11:26.080+0000] {processor.py:925} INFO - DAG(s) 'example_sensors' retrieved from /home/airflow/.local/lib/python3.12/site-packages/airflow/example_dags/example_sensors.py
[2024-09-06T06:11:26.135+0000] {logging_mixin.py:190} INFO - [2024-09-06T06:11:26.135+0000] {dag.py:3211} INFO - Sync 1 DAGs
[2024-09-06T06:11:26.166+0000] {logging_mixin.py:190} INFO - [2024-09-06T06:11:26.165+0000] {dag.py:4138} INFO - Setting next_dagrun for example_sensors to None, run_after=None
[2024-09-06T06:11:26.207+0000] {processor.py:208} INFO - Processing /home/airflow/.local/lib/python3.12/site-packages/airflow/example_dags/example_sensors.py took 0.173 seconds
[2024-09-06T06:11:56.802+0000] {processor.py:186} INFO - Started process (PID=2349) to work on /home/airflow/.local/lib/python3.12/site-packages/airflow/example_dags/example_sensors.py
[2024-09-06T06:11:56.805+0000] {processor.py:914} INFO - Processing file /home/airflow/.local/lib/python3.12/site-packages/airflow/example_dags/example_sensors.py for tasks to queue
[2024-09-06T06:11:56.810+0000] {logging_mixin.py:190} INFO - [2024-09-06T06:11:56.809+0000] {dagbag.py:587} INFO - Filling up the DagBag from /home/airflow/.local/lib/python3.12/site-packages/airflow/example_dags/example_sensors.py
[2024-09-06T06:11:56.830+0000] {processor.py:925} INFO - DAG(s) 'example_sensors' retrieved from /home/airflow/.local/lib/python3.12/site-packages/airflow/example_dags/example_sensors.py
[2024-09-06T06:11:56.873+0000] {logging_mixin.py:190} INFO - [2024-09-06T06:11:56.873+0000] {dag.py:3211} INFO - Sync 1 DAGs
[2024-09-06T06:11:56.902+0000] {logging_mixin.py:190} INFO - [2024-09-06T06:11:56.901+0000] {dag.py:4138} INFO - Setting next_dagrun for example_sensors to None, run_after=None
[2024-09-06T06:11:56.933+0000] {processor.py:208} INFO - Processing /home/airflow/.local/lib/python3.12/site-packages/airflow/example_dags/example_sensors.py took 0.144 seconds
[2024-09-06T06:12:29.746+0000] {processor.py:186} INFO - Started process (PID=2413) to work on /home/airflow/.local/lib/python3.12/site-packages/airflow/example_dags/example_sensors.py
[2024-09-06T06:12:29.748+0000] {processor.py:914} INFO - Processing file /home/airflow/.local/lib/python3.12/site-packages/airflow/example_dags/example_sensors.py for tasks to queue
[2024-09-06T06:12:29.758+0000] {logging_mixin.py:190} INFO - [2024-09-06T06:12:29.755+0000] {dagbag.py:587} INFO - Filling up the DagBag from /home/airflow/.local/lib/python3.12/site-packages/airflow/example_dags/example_sensors.py
[2024-09-06T06:12:29.810+0000] {processor.py:925} INFO - DAG(s) 'example_sensors' retrieved from /home/airflow/.local/lib/python3.12/site-packages/airflow/example_dags/example_sensors.py
[2024-09-06T06:12:29.919+0000] {logging_mixin.py:190} INFO - [2024-09-06T06:12:29.918+0000] {dag.py:3211} INFO - Sync 1 DAGs
[2024-09-06T06:12:30.003+0000] {logging_mixin.py:190} INFO - [2024-09-06T06:12:30.002+0000] {dag.py:4138} INFO - Setting next_dagrun for example_sensors to None, run_after=None
[2024-09-06T06:12:30.093+0000] {processor.py:208} INFO - Processing /home/airflow/.local/lib/python3.12/site-packages/airflow/example_dags/example_sensors.py took 0.366 seconds
[2024-09-06T06:13:00.213+0000] {processor.py:186} INFO - Started process (PID=2483) to work on /home/airflow/.local/lib/python3.12/site-packages/airflow/example_dags/example_sensors.py
[2024-09-06T06:13:00.216+0000] {processor.py:914} INFO - Processing file /home/airflow/.local/lib/python3.12/site-packages/airflow/example_dags/example_sensors.py for tasks to queue
[2024-09-06T06:13:00.221+0000] {logging_mixin.py:190} INFO - [2024-09-06T06:13:00.220+0000] {dagbag.py:587} INFO - Filling up the DagBag from /home/airflow/.local/lib/python3.12/site-packages/airflow/example_dags/example_sensors.py
[2024-09-06T06:13:00.242+0000] {processor.py:925} INFO - DAG(s) 'example_sensors' retrieved from /home/airflow/.local/lib/python3.12/site-packages/airflow/example_dags/example_sensors.py
[2024-09-06T06:13:00.290+0000] {logging_mixin.py:190} INFO - [2024-09-06T06:13:00.290+0000] {dag.py:3211} INFO - Sync 1 DAGs
[2024-09-06T06:13:00.319+0000] {logging_mixin.py:190} INFO - [2024-09-06T06:13:00.319+0000] {dag.py:4138} INFO - Setting next_dagrun for example_sensors to None, run_after=None
[2024-09-06T06:13:00.365+0000] {processor.py:208} INFO - Processing /home/airflow/.local/lib/python3.12/site-packages/airflow/example_dags/example_sensors.py took 0.164 seconds
[2024-09-06T06:13:33.508+0000] {processor.py:186} INFO - Started process (PID=2565) to work on /home/airflow/.local/lib/python3.12/site-packages/airflow/example_dags/example_sensors.py
[2024-09-06T06:13:33.514+0000] {processor.py:914} INFO - Processing file /home/airflow/.local/lib/python3.12/site-packages/airflow/example_dags/example_sensors.py for tasks to queue
[2024-09-06T06:13:33.524+0000] {logging_mixin.py:190} INFO - [2024-09-06T06:13:33.523+0000] {dagbag.py:587} INFO - Filling up the DagBag from /home/airflow/.local/lib/python3.12/site-packages/airflow/example_dags/example_sensors.py
[2024-09-06T06:13:33.569+0000] {processor.py:925} INFO - DAG(s) 'example_sensors' retrieved from /home/airflow/.local/lib/python3.12/site-packages/airflow/example_dags/example_sensors.py
[2024-09-06T06:13:33.637+0000] {logging_mixin.py:190} INFO - [2024-09-06T06:13:33.636+0000] {dag.py:3211} INFO - Sync 1 DAGs
[2024-09-06T06:13:33.675+0000] {logging_mixin.py:190} INFO - [2024-09-06T06:13:33.674+0000] {dag.py:4138} INFO - Setting next_dagrun for example_sensors to None, run_after=None
[2024-09-06T06:13:33.722+0000] {processor.py:208} INFO - Processing /home/airflow/.local/lib/python3.12/site-packages/airflow/example_dags/example_sensors.py took 0.262 seconds
[2024-09-06T06:14:04.169+0000] {processor.py:186} INFO - Started process (PID=2631) to work on /home/airflow/.local/lib/python3.12/site-packages/airflow/example_dags/example_sensors.py
[2024-09-06T06:14:04.171+0000] {processor.py:914} INFO - Processing file /home/airflow/.local/lib/python3.12/site-packages/airflow/example_dags/example_sensors.py for tasks to queue
[2024-09-06T06:14:04.176+0000] {logging_mixin.py:190} INFO - [2024-09-06T06:14:04.175+0000] {dagbag.py:587} INFO - Filling up the DagBag from /home/airflow/.local/lib/python3.12/site-packages/airflow/example_dags/example_sensors.py
[2024-09-06T06:14:04.201+0000] {processor.py:925} INFO - DAG(s) 'example_sensors' retrieved from /home/airflow/.local/lib/python3.12/site-packages/airflow/example_dags/example_sensors.py
[2024-09-06T06:14:04.256+0000] {logging_mixin.py:190} INFO - [2024-09-06T06:14:04.256+0000] {dag.py:3211} INFO - Sync 1 DAGs
[2024-09-06T06:14:04.287+0000] {logging_mixin.py:190} INFO - [2024-09-06T06:14:04.287+0000] {dag.py:4138} INFO - Setting next_dagrun for example_sensors to None, run_after=None
[2024-09-06T06:14:04.323+0000] {processor.py:208} INFO - Processing /home/airflow/.local/lib/python3.12/site-packages/airflow/example_dags/example_sensors.py took 0.187 seconds
[2024-09-06T06:14:34.850+0000] {processor.py:186} INFO - Started process (PID=2705) to work on /home/airflow/.local/lib/python3.12/site-packages/airflow/example_dags/example_sensors.py
[2024-09-06T06:14:34.852+0000] {processor.py:914} INFO - Processing file /home/airflow/.local/lib/python3.12/site-packages/airflow/example_dags/example_sensors.py for tasks to queue
[2024-09-06T06:14:34.858+0000] {logging_mixin.py:190} INFO - [2024-09-06T06:14:34.857+0000] {dagbag.py:587} INFO - Filling up the DagBag from /home/airflow/.local/lib/python3.12/site-packages/airflow/example_dags/example_sensors.py
[2024-09-06T06:14:34.892+0000] {processor.py:925} INFO - DAG(s) 'example_sensors' retrieved from /home/airflow/.local/lib/python3.12/site-packages/airflow/example_dags/example_sensors.py
[2024-09-06T06:14:34.986+0000] {logging_mixin.py:190} INFO - [2024-09-06T06:14:34.983+0000] {dag.py:3211} INFO - Sync 1 DAGs
[2024-09-06T06:14:35.035+0000] {logging_mixin.py:190} INFO - [2024-09-06T06:14:35.035+0000] {dag.py:4138} INFO - Setting next_dagrun for example_sensors to None, run_after=None
[2024-09-06T06:14:35.087+0000] {processor.py:208} INFO - Processing /home/airflow/.local/lib/python3.12/site-packages/airflow/example_dags/example_sensors.py took 0.257 seconds
[2024-09-06T06:15:10.634+0000] {processor.py:186} INFO - Started process (PID=2770) to work on /home/airflow/.local/lib/python3.12/site-packages/airflow/example_dags/example_sensors.py
[2024-09-06T06:15:10.636+0000] {processor.py:914} INFO - Processing file /home/airflow/.local/lib/python3.12/site-packages/airflow/example_dags/example_sensors.py for tasks to queue
[2024-09-06T06:15:10.643+0000] {logging_mixin.py:190} INFO - [2024-09-06T06:15:10.642+0000] {dagbag.py:587} INFO - Filling up the DagBag from /home/airflow/.local/lib/python3.12/site-packages/airflow/example_dags/example_sensors.py
[2024-09-06T06:15:10.665+0000] {processor.py:925} INFO - DAG(s) 'example_sensors' retrieved from /home/airflow/.local/lib/python3.12/site-packages/airflow/example_dags/example_sensors.py
[2024-09-06T06:15:10.727+0000] {logging_mixin.py:190} INFO - [2024-09-06T06:15:10.727+0000] {dag.py:3211} INFO - Sync 1 DAGs
[2024-09-06T06:15:10.767+0000] {logging_mixin.py:190} INFO - [2024-09-06T06:15:10.767+0000] {dag.py:4138} INFO - Setting next_dagrun for example_sensors to None, run_after=None
[2024-09-06T06:15:10.829+0000] {processor.py:208} INFO - Processing /home/airflow/.local/lib/python3.12/site-packages/airflow/example_dags/example_sensors.py took 0.222 seconds
[2024-09-06T06:15:41.964+0000] {processor.py:186} INFO - Started process (PID=2837) to work on /home/airflow/.local/lib/python3.12/site-packages/airflow/example_dags/example_sensors.py
[2024-09-06T06:15:41.966+0000] {processor.py:914} INFO - Processing file /home/airflow/.local/lib/python3.12/site-packages/airflow/example_dags/example_sensors.py for tasks to queue
[2024-09-06T06:15:41.971+0000] {logging_mixin.py:190} INFO - [2024-09-06T06:15:41.971+0000] {dagbag.py:587} INFO - Filling up the DagBag from /home/airflow/.local/lib/python3.12/site-packages/airflow/example_dags/example_sensors.py
[2024-09-06T06:15:41.994+0000] {processor.py:925} INFO - DAG(s) 'example_sensors' retrieved from /home/airflow/.local/lib/python3.12/site-packages/airflow/example_dags/example_sensors.py
[2024-09-06T06:15:42.050+0000] {logging_mixin.py:190} INFO - [2024-09-06T06:15:42.049+0000] {dag.py:3211} INFO - Sync 1 DAGs
[2024-09-06T06:15:42.083+0000] {logging_mixin.py:190} INFO - [2024-09-06T06:15:42.082+0000] {dag.py:4138} INFO - Setting next_dagrun for example_sensors to None, run_after=None
[2024-09-06T06:15:42.131+0000] {processor.py:208} INFO - Processing /home/airflow/.local/lib/python3.12/site-packages/airflow/example_dags/example_sensors.py took 0.186 seconds
[2024-09-06T06:16:12.977+0000] {processor.py:186} INFO - Started process (PID=2903) to work on /home/airflow/.local/lib/python3.12/site-packages/airflow/example_dags/example_sensors.py
[2024-09-06T06:16:12.979+0000] {processor.py:914} INFO - Processing file /home/airflow/.local/lib/python3.12/site-packages/airflow/example_dags/example_sensors.py for tasks to queue
[2024-09-06T06:16:12.985+0000] {logging_mixin.py:190} INFO - [2024-09-06T06:16:12.984+0000] {dagbag.py:587} INFO - Filling up the DagBag from /home/airflow/.local/lib/python3.12/site-packages/airflow/example_dags/example_sensors.py
[2024-09-06T06:16:13.005+0000] {processor.py:925} INFO - DAG(s) 'example_sensors' retrieved from /home/airflow/.local/lib/python3.12/site-packages/airflow/example_dags/example_sensors.py
[2024-09-06T06:16:13.057+0000] {logging_mixin.py:190} INFO - [2024-09-06T06:16:13.056+0000] {dag.py:3211} INFO - Sync 1 DAGs
[2024-09-06T06:16:13.086+0000] {logging_mixin.py:190} INFO - [2024-09-06T06:16:13.086+0000] {dag.py:4138} INFO - Setting next_dagrun for example_sensors to None, run_after=None
[2024-09-06T06:16:13.129+0000] {processor.py:208} INFO - Processing /home/airflow/.local/lib/python3.12/site-packages/airflow/example_dags/example_sensors.py took 0.173 seconds
[2024-09-06T06:16:43.406+0000] {processor.py:186} INFO - Started process (PID=2965) to work on /home/airflow/.local/lib/python3.12/site-packages/airflow/example_dags/example_sensors.py
[2024-09-06T06:16:43.409+0000] {processor.py:914} INFO - Processing file /home/airflow/.local/lib/python3.12/site-packages/airflow/example_dags/example_sensors.py for tasks to queue
[2024-09-06T06:16:43.414+0000] {logging_mixin.py:190} INFO - [2024-09-06T06:16:43.414+0000] {dagbag.py:587} INFO - Filling up the DagBag from /home/airflow/.local/lib/python3.12/site-packages/airflow/example_dags/example_sensors.py
[2024-09-06T06:16:43.442+0000] {processor.py:925} INFO - DAG(s) 'example_sensors' retrieved from /home/airflow/.local/lib/python3.12/site-packages/airflow/example_dags/example_sensors.py
[2024-09-06T06:16:43.518+0000] {logging_mixin.py:190} INFO - [2024-09-06T06:16:43.517+0000] {dag.py:3211} INFO - Sync 1 DAGs
[2024-09-06T06:16:43.554+0000] {logging_mixin.py:190} INFO - [2024-09-06T06:16:43.553+0000] {dag.py:4138} INFO - Setting next_dagrun for example_sensors to None, run_after=None
[2024-09-06T06:16:43.602+0000] {processor.py:208} INFO - Processing /home/airflow/.local/lib/python3.12/site-packages/airflow/example_dags/example_sensors.py took 0.217 seconds
[2024-09-06T06:17:14.017+0000] {processor.py:186} INFO - Started process (PID=3031) to work on /home/airflow/.local/lib/python3.12/site-packages/airflow/example_dags/example_sensors.py
[2024-09-06T06:17:14.020+0000] {processor.py:914} INFO - Processing file /home/airflow/.local/lib/python3.12/site-packages/airflow/example_dags/example_sensors.py for tasks to queue
[2024-09-06T06:17:14.026+0000] {logging_mixin.py:190} INFO - [2024-09-06T06:17:14.026+0000] {dagbag.py:587} INFO - Filling up the DagBag from /home/airflow/.local/lib/python3.12/site-packages/airflow/example_dags/example_sensors.py
[2024-09-06T06:17:14.051+0000] {processor.py:925} INFO - DAG(s) 'example_sensors' retrieved from /home/airflow/.local/lib/python3.12/site-packages/airflow/example_dags/example_sensors.py
[2024-09-06T06:17:14.101+0000] {logging_mixin.py:190} INFO - [2024-09-06T06:17:14.100+0000] {dag.py:3211} INFO - Sync 1 DAGs
[2024-09-06T06:17:14.132+0000] {logging_mixin.py:190} INFO - [2024-09-06T06:17:14.132+0000] {dag.py:4138} INFO - Setting next_dagrun for example_sensors to None, run_after=None
[2024-09-06T06:17:14.171+0000] {processor.py:208} INFO - Processing /home/airflow/.local/lib/python3.12/site-packages/airflow/example_dags/example_sensors.py took 0.176 seconds
[2024-09-06T06:17:47.582+0000] {processor.py:186} INFO - Started process (PID=3097) to work on /home/airflow/.local/lib/python3.12/site-packages/airflow/example_dags/example_sensors.py
[2024-09-06T06:17:47.611+0000] {processor.py:914} INFO - Processing file /home/airflow/.local/lib/python3.12/site-packages/airflow/example_dags/example_sensors.py for tasks to queue
[2024-09-06T06:17:47.620+0000] {logging_mixin.py:190} INFO - [2024-09-06T06:17:47.618+0000] {dagbag.py:587} INFO - Filling up the DagBag from /home/airflow/.local/lib/python3.12/site-packages/airflow/example_dags/example_sensors.py
[2024-09-06T06:17:47.930+0000] {processor.py:925} INFO - DAG(s) 'example_sensors' retrieved from /home/airflow/.local/lib/python3.12/site-packages/airflow/example_dags/example_sensors.py
[2024-09-06T06:17:48.311+0000] {logging_mixin.py:190} INFO - [2024-09-06T06:17:48.310+0000] {dag.py:3211} INFO - Sync 1 DAGs
[2024-09-06T06:17:48.482+0000] {logging_mixin.py:190} INFO - [2024-09-06T06:17:48.481+0000] {dag.py:4138} INFO - Setting next_dagrun for example_sensors to None, run_after=None
[2024-09-06T06:17:49.035+0000] {processor.py:208} INFO - Processing /home/airflow/.local/lib/python3.12/site-packages/airflow/example_dags/example_sensors.py took 1.514 seconds
[2024-09-06T06:18:37.374+0000] {processor.py:186} INFO - Started process (PID=3201) to work on /home/airflow/.local/lib/python3.12/site-packages/airflow/example_dags/example_sensors.py
[2024-09-06T06:18:37.377+0000] {processor.py:914} INFO - Processing file /home/airflow/.local/lib/python3.12/site-packages/airflow/example_dags/example_sensors.py for tasks to queue
[2024-09-06T06:18:37.391+0000] {logging_mixin.py:190} INFO - [2024-09-06T06:18:37.391+0000] {dagbag.py:587} INFO - Filling up the DagBag from /home/airflow/.local/lib/python3.12/site-packages/airflow/example_dags/example_sensors.py
[2024-09-06T06:18:37.450+0000] {processor.py:925} INFO - DAG(s) 'example_sensors' retrieved from /home/airflow/.local/lib/python3.12/site-packages/airflow/example_dags/example_sensors.py
[2024-09-06T06:18:37.576+0000] {logging_mixin.py:190} INFO - [2024-09-06T06:18:37.575+0000] {dag.py:3211} INFO - Sync 1 DAGs
[2024-09-06T06:18:38.523+0000] {logging_mixin.py:190} INFO - [2024-09-06T06:18:38.522+0000] {dag.py:4138} INFO - Setting next_dagrun for example_sensors to None, run_after=None
[2024-09-06T06:18:38.610+0000] {processor.py:208} INFO - Processing /home/airflow/.local/lib/python3.12/site-packages/airflow/example_dags/example_sensors.py took 1.280 seconds
[2024-09-06T06:19:21.831+0000] {processor.py:186} INFO - Started process (PID=3272) to work on /home/airflow/.local/lib/python3.12/site-packages/airflow/example_dags/example_sensors.py
[2024-09-06T06:19:21.837+0000] {processor.py:914} INFO - Processing file /home/airflow/.local/lib/python3.12/site-packages/airflow/example_dags/example_sensors.py for tasks to queue
[2024-09-06T06:19:21.847+0000] {logging_mixin.py:190} INFO - [2024-09-06T06:19:21.846+0000] {dagbag.py:587} INFO - Filling up the DagBag from /home/airflow/.local/lib/python3.12/site-packages/airflow/example_dags/example_sensors.py
[2024-09-06T06:19:21.888+0000] {processor.py:925} INFO - DAG(s) 'example_sensors' retrieved from /home/airflow/.local/lib/python3.12/site-packages/airflow/example_dags/example_sensors.py
[2024-09-06T06:19:22.113+0000] {logging_mixin.py:190} INFO - [2024-09-06T06:19:22.112+0000] {dag.py:3211} INFO - Sync 1 DAGs
[2024-09-06T06:19:23.049+0000] {logging_mixin.py:190} INFO - [2024-09-06T06:19:23.049+0000] {dag.py:4138} INFO - Setting next_dagrun for example_sensors to None, run_after=None
[2024-09-06T06:19:23.151+0000] {processor.py:208} INFO - Processing /home/airflow/.local/lib/python3.12/site-packages/airflow/example_dags/example_sensors.py took 1.362 seconds
