[2024-09-12T15:15:48.734+0000] {local_task_job_runner.py:123} INFO - ::group::Pre task execution logs
[2024-09-12T15:15:52.274+0000] {taskinstance.py:2603} INFO - Dependencies all met for dep_context=non-requeueable deps ti=<TaskInstance: car_price_prediction.pipeline scheduled__2022-07-22T15:00:00+00:00 [queued]>
[2024-09-12T15:15:52.720+0000] {taskinstance.py:2603} INFO - Dependencies all met for dep_context=requeueable deps ti=<TaskInstance: car_price_prediction.pipeline scheduled__2022-07-22T15:00:00+00:00 [queued]>
[2024-09-12T15:15:52.755+0000] {taskinstance.py:2856} INFO - Starting attempt 2 of 2
[2024-09-12T15:15:53.045+0000] {taskinstance.py:2879} INFO - Executing <Task(PythonOperator): pipeline> on 2022-07-22 15:00:00+00:00
[2024-09-12T15:15:53.291+0000] {warnings.py:112} WARNING - /home/***/.local/lib/python3.12/site-packages/***/task/task_runner/standard_task_runner.py:70: DeprecationWarning: This process (pid=69) is multi-threaded, use of fork() may lead to deadlocks in the child.
  pid = os.fork()

[2024-09-12T15:15:53.309+0000] {standard_task_runner.py:72} INFO - Started process 101 to run task
[2024-09-12T15:15:53.347+0000] {standard_task_runner.py:104} INFO - Running: ['***', 'tasks', 'run', 'car_price_prediction', 'pipeline', 'scheduled__2022-07-22T15:00:00+00:00', '--job-id', '31', '--raw', '--subdir', 'DAGS_FOLDER/hw_dag.py', '--cfg-path', '/tmp/tmpqq41jnqp']
[2024-09-12T15:15:53.401+0000] {standard_task_runner.py:105} INFO - Job 31: Subtask pipeline
[2024-09-12T15:15:54.717+0000] {task_command.py:467} INFO - Running <TaskInstance: car_price_prediction.pipeline scheduled__2022-07-22T15:00:00+00:00 [running]> on host 6d94a8a19157
[2024-09-12T15:15:57.044+0000] {taskinstance.py:3122} INFO - Exporting env vars: AIRFLOW_CTX_DAG_OWNER='***' AIRFLOW_CTX_DAG_ID='car_price_prediction' AIRFLOW_CTX_TASK_ID='pipeline' AIRFLOW_CTX_EXECUTION_DATE='2022-07-22T15:00:00+00:00' AIRFLOW_CTX_TRY_NUMBER='2' AIRFLOW_CTX_DAG_RUN_ID='scheduled__2022-07-22T15:00:00+00:00'
[2024-09-12T15:15:57.054+0000] {logging_mixin.py:190} INFO - Task instance is in running state
[2024-09-12T15:15:57.073+0000] {logging_mixin.py:190} INFO -  Previous state of the Task instance: queued
[2024-09-12T15:15:57.076+0000] {logging_mixin.py:190} INFO - Current task name:pipeline state:running start_date:2024-09-12 15:15:52.275299+00:00
[2024-09-12T15:15:57.077+0000] {logging_mixin.py:190} INFO - Dag name:car_price_prediction and current dag run status:running
[2024-09-12T15:15:57.114+0000] {taskinstance.py:731} INFO - ::endgroup::
[2024-09-12T15:15:59.433+0000] {job.py:229} INFO - Heartbeat recovered after 11.66 seconds
[2024-09-12T15:16:51.305+0000] {pipeline.py:116} INFO - model: LogisticRegression, acc_mean: 0.7591, acc_std: 0.0075
[2024-09-12T15:25:52.996+0000] {job.py:229} INFO - Heartbeat recovered after 15.56 seconds
[2024-09-12T15:30:40.019+0000] {job.py:229} INFO - Heartbeat recovered after 34.70 seconds
[2024-09-12T15:32:37.380+0000] {pipeline.py:116} INFO - model: RandomForestClassifier, acc_mean: 0.7783, acc_std: 0.0051
[2024-09-12T15:32:53.961+0000] {job.py:229} INFO - Heartbeat recovered after 15.07 seconds
[2024-09-12T15:36:18.938+0000] {job.py:229} INFO - Heartbeat recovered after 11.56 seconds
[2024-09-12T15:40:41.232+0000] {job.py:229} INFO - Heartbeat recovered after 15.04 seconds
[2024-09-12T15:44:16.924+0000] {job.py:229} INFO - Heartbeat recovered after 119.81 seconds
[2024-09-12T15:49:51.143+0000] {pipeline.py:116} INFO - model: SVC, acc_mean: 0.7871, acc_std: 0.0042
[2024-09-12T15:49:51.502+0000] {pipeline.py:121} INFO - best model: SVC, accuracy: 0.7871
[2024-09-12T15:51:02.271+0000] {job.py:229} INFO - Heartbeat recovered after 13.23 seconds
[2024-09-12T15:51:13.353+0000] {job.py:229} INFO - Heartbeat recovered after 11.18 seconds
[2024-09-12T15:52:51.308+0000] {local_task_job_runner.py:261} INFO - Task exited with return code -9For more information, see https://***.apache.org/docs/apache-***/stable/troubleshooting.html#LocalTaskJob-killed
[2024-09-12T15:52:53.784+0000] {taskinstance.py:3891} INFO - 0 downstream tasks scheduled from follow-on schedule check
[2024-09-12T15:52:53.816+0000] {local_task_job_runner.py:240} INFO - ::endgroup::
