[2024-09-02T04:14:05.647+0000] {processor.py:186} INFO - Started process (PID=133) to work on /home/airflow/.local/lib/python3.12/site-packages/airflow/example_dags/example_python_operator.py
[2024-09-02T04:14:05.650+0000] {processor.py:914} INFO - Processing file /home/airflow/.local/lib/python3.12/site-packages/airflow/example_dags/example_python_operator.py for tasks to queue
[2024-09-02T04:14:05.658+0000] {logging_mixin.py:190} INFO - [2024-09-02T04:14:05.657+0000] {dagbag.py:587} INFO - Filling up the DagBag from /home/airflow/.local/lib/python3.12/site-packages/airflow/example_dags/example_python_operator.py
[2024-09-02T04:14:05.704+0000] {processor.py:925} INFO - DAG(s) 'example_python_operator' retrieved from /home/airflow/.local/lib/python3.12/site-packages/airflow/example_dags/example_python_operator.py
[2024-09-02T04:14:06.261+0000] {logging_mixin.py:190} INFO - [2024-09-02T04:14:06.260+0000] {override.py:1858} INFO - Created Permission View: can read on DAG:example_python_operator
[2024-09-02T04:14:06.312+0000] {logging_mixin.py:190} INFO - [2024-09-02T04:14:06.312+0000] {override.py:1858} INFO - Created Permission View: can delete on DAG:example_python_operator
[2024-09-02T04:14:06.336+0000] {logging_mixin.py:190} INFO - [2024-09-02T04:14:06.335+0000] {override.py:1858} INFO - Created Permission View: can edit on DAG:example_python_operator
[2024-09-02T04:14:06.338+0000] {logging_mixin.py:190} INFO - [2024-09-02T04:14:06.337+0000] {dag.py:3211} INFO - Sync 1 DAGs
[2024-09-02T04:14:06.378+0000] {logging_mixin.py:190} INFO - [2024-09-02T04:14:06.378+0000] {dag.py:3234} INFO - Creating ORM DAG for example_python_operator
[2024-09-02T04:14:06.382+0000] {logging_mixin.py:190} INFO - [2024-09-02T04:14:06.382+0000] {dag.py:4138} INFO - Setting next_dagrun for example_python_operator to None, run_after=None
[2024-09-02T04:14:06.482+0000] {processor.py:208} INFO - Processing /home/airflow/.local/lib/python3.12/site-packages/airflow/example_dags/example_python_operator.py took 0.850 seconds
[2024-09-02T04:14:36.975+0000] {processor.py:186} INFO - Started process (PID=196) to work on /home/airflow/.local/lib/python3.12/site-packages/airflow/example_dags/example_python_operator.py
[2024-09-02T04:14:36.979+0000] {processor.py:914} INFO - Processing file /home/airflow/.local/lib/python3.12/site-packages/airflow/example_dags/example_python_operator.py for tasks to queue
[2024-09-02T04:14:36.984+0000] {logging_mixin.py:190} INFO - [2024-09-02T04:14:36.983+0000] {dagbag.py:587} INFO - Filling up the DagBag from /home/airflow/.local/lib/python3.12/site-packages/airflow/example_dags/example_python_operator.py
[2024-09-02T04:14:37.016+0000] {processor.py:925} INFO - DAG(s) 'example_python_operator' retrieved from /home/airflow/.local/lib/python3.12/site-packages/airflow/example_dags/example_python_operator.py
[2024-09-02T04:14:37.078+0000] {logging_mixin.py:190} INFO - [2024-09-02T04:14:37.078+0000] {dag.py:3211} INFO - Sync 1 DAGs
[2024-09-02T04:14:37.117+0000] {logging_mixin.py:190} INFO - [2024-09-02T04:14:37.116+0000] {dag.py:4138} INFO - Setting next_dagrun for example_python_operator to None, run_after=None
[2024-09-02T04:14:37.162+0000] {processor.py:208} INFO - Processing /home/airflow/.local/lib/python3.12/site-packages/airflow/example_dags/example_python_operator.py took 0.201 seconds
[2024-09-02T04:15:07.487+0000] {processor.py:186} INFO - Started process (PID=259) to work on /home/airflow/.local/lib/python3.12/site-packages/airflow/example_dags/example_python_operator.py
[2024-09-02T04:15:07.490+0000] {processor.py:914} INFO - Processing file /home/airflow/.local/lib/python3.12/site-packages/airflow/example_dags/example_python_operator.py for tasks to queue
[2024-09-02T04:15:07.498+0000] {logging_mixin.py:190} INFO - [2024-09-02T04:15:07.497+0000] {dagbag.py:587} INFO - Filling up the DagBag from /home/airflow/.local/lib/python3.12/site-packages/airflow/example_dags/example_python_operator.py
[2024-09-02T04:15:07.537+0000] {processor.py:925} INFO - DAG(s) 'example_python_operator' retrieved from /home/airflow/.local/lib/python3.12/site-packages/airflow/example_dags/example_python_operator.py
[2024-09-02T04:15:07.642+0000] {logging_mixin.py:190} INFO - [2024-09-02T04:15:07.641+0000] {dag.py:3211} INFO - Sync 1 DAGs
[2024-09-02T04:15:07.675+0000] {logging_mixin.py:190} INFO - [2024-09-02T04:15:07.674+0000] {dag.py:4138} INFO - Setting next_dagrun for example_python_operator to None, run_after=None
[2024-09-02T04:15:07.717+0000] {processor.py:208} INFO - Processing /home/airflow/.local/lib/python3.12/site-packages/airflow/example_dags/example_python_operator.py took 0.245 seconds
[2024-09-02T04:15:38.133+0000] {processor.py:186} INFO - Started process (PID=321) to work on /home/airflow/.local/lib/python3.12/site-packages/airflow/example_dags/example_python_operator.py
[2024-09-02T04:15:38.137+0000] {processor.py:914} INFO - Processing file /home/airflow/.local/lib/python3.12/site-packages/airflow/example_dags/example_python_operator.py for tasks to queue
[2024-09-02T04:15:38.144+0000] {logging_mixin.py:190} INFO - [2024-09-02T04:15:38.142+0000] {dagbag.py:587} INFO - Filling up the DagBag from /home/airflow/.local/lib/python3.12/site-packages/airflow/example_dags/example_python_operator.py
[2024-09-02T04:15:38.184+0000] {processor.py:925} INFO - DAG(s) 'example_python_operator' retrieved from /home/airflow/.local/lib/python3.12/site-packages/airflow/example_dags/example_python_operator.py
[2024-09-02T04:15:38.251+0000] {logging_mixin.py:190} INFO - [2024-09-02T04:15:38.251+0000] {dag.py:3211} INFO - Sync 1 DAGs
[2024-09-02T04:15:38.303+0000] {logging_mixin.py:190} INFO - [2024-09-02T04:15:38.302+0000] {dag.py:4138} INFO - Setting next_dagrun for example_python_operator to None, run_after=None
[2024-09-02T04:15:38.375+0000] {processor.py:208} INFO - Processing /home/airflow/.local/lib/python3.12/site-packages/airflow/example_dags/example_python_operator.py took 0.264 seconds
[2024-09-02T04:16:08.787+0000] {processor.py:186} INFO - Started process (PID=384) to work on /home/airflow/.local/lib/python3.12/site-packages/airflow/example_dags/example_python_operator.py
[2024-09-02T04:16:08.789+0000] {processor.py:914} INFO - Processing file /home/airflow/.local/lib/python3.12/site-packages/airflow/example_dags/example_python_operator.py for tasks to queue
[2024-09-02T04:16:08.795+0000] {logging_mixin.py:190} INFO - [2024-09-02T04:16:08.794+0000] {dagbag.py:587} INFO - Filling up the DagBag from /home/airflow/.local/lib/python3.12/site-packages/airflow/example_dags/example_python_operator.py
[2024-09-02T04:16:08.824+0000] {processor.py:925} INFO - DAG(s) 'example_python_operator' retrieved from /home/airflow/.local/lib/python3.12/site-packages/airflow/example_dags/example_python_operator.py
[2024-09-02T04:16:08.876+0000] {logging_mixin.py:190} INFO - [2024-09-02T04:16:08.876+0000] {dag.py:3211} INFO - Sync 1 DAGs
[2024-09-02T04:16:08.912+0000] {logging_mixin.py:190} INFO - [2024-09-02T04:16:08.911+0000] {dag.py:4138} INFO - Setting next_dagrun for example_python_operator to None, run_after=None
[2024-09-02T04:16:08.954+0000] {processor.py:208} INFO - Processing /home/airflow/.local/lib/python3.12/site-packages/airflow/example_dags/example_python_operator.py took 0.182 seconds
[2024-09-02T04:16:39.430+0000] {processor.py:186} INFO - Started process (PID=447) to work on /home/airflow/.local/lib/python3.12/site-packages/airflow/example_dags/example_python_operator.py
[2024-09-02T04:16:39.432+0000] {processor.py:914} INFO - Processing file /home/airflow/.local/lib/python3.12/site-packages/airflow/example_dags/example_python_operator.py for tasks to queue
[2024-09-02T04:16:39.438+0000] {logging_mixin.py:190} INFO - [2024-09-02T04:16:39.437+0000] {dagbag.py:587} INFO - Filling up the DagBag from /home/airflow/.local/lib/python3.12/site-packages/airflow/example_dags/example_python_operator.py
[2024-09-02T04:16:39.464+0000] {processor.py:925} INFO - DAG(s) 'example_python_operator' retrieved from /home/airflow/.local/lib/python3.12/site-packages/airflow/example_dags/example_python_operator.py
[2024-09-02T04:16:39.518+0000] {logging_mixin.py:190} INFO - [2024-09-02T04:16:39.518+0000] {dag.py:3211} INFO - Sync 1 DAGs
[2024-09-02T04:16:39.577+0000] {logging_mixin.py:190} INFO - [2024-09-02T04:16:39.577+0000] {dag.py:4138} INFO - Setting next_dagrun for example_python_operator to None, run_after=None
[2024-09-02T04:16:39.653+0000] {processor.py:208} INFO - Processing /home/airflow/.local/lib/python3.12/site-packages/airflow/example_dags/example_python_operator.py took 0.235 seconds
[2024-09-02T04:17:09.730+0000] {processor.py:186} INFO - Started process (PID=509) to work on /home/airflow/.local/lib/python3.12/site-packages/airflow/example_dags/example_python_operator.py
[2024-09-02T04:17:09.732+0000] {processor.py:914} INFO - Processing file /home/airflow/.local/lib/python3.12/site-packages/airflow/example_dags/example_python_operator.py for tasks to queue
[2024-09-02T04:17:09.737+0000] {logging_mixin.py:190} INFO - [2024-09-02T04:17:09.736+0000] {dagbag.py:587} INFO - Filling up the DagBag from /home/airflow/.local/lib/python3.12/site-packages/airflow/example_dags/example_python_operator.py
[2024-09-02T04:17:09.760+0000] {processor.py:925} INFO - DAG(s) 'example_python_operator' retrieved from /home/airflow/.local/lib/python3.12/site-packages/airflow/example_dags/example_python_operator.py
[2024-09-02T04:17:09.801+0000] {logging_mixin.py:190} INFO - [2024-09-02T04:17:09.800+0000] {dag.py:3211} INFO - Sync 1 DAGs
[2024-09-02T04:17:09.828+0000] {logging_mixin.py:190} INFO - [2024-09-02T04:17:09.828+0000] {dag.py:4138} INFO - Setting next_dagrun for example_python_operator to None, run_after=None
[2024-09-02T04:17:09.862+0000] {processor.py:208} INFO - Processing /home/airflow/.local/lib/python3.12/site-packages/airflow/example_dags/example_python_operator.py took 0.144 seconds
[2024-09-02T04:17:41.089+0000] {processor.py:186} INFO - Started process (PID=573) to work on /home/airflow/.local/lib/python3.12/site-packages/airflow/example_dags/example_python_operator.py
[2024-09-02T04:17:41.091+0000] {processor.py:914} INFO - Processing file /home/airflow/.local/lib/python3.12/site-packages/airflow/example_dags/example_python_operator.py for tasks to queue
[2024-09-02T04:17:41.096+0000] {logging_mixin.py:190} INFO - [2024-09-02T04:17:41.095+0000] {dagbag.py:587} INFO - Filling up the DagBag from /home/airflow/.local/lib/python3.12/site-packages/airflow/example_dags/example_python_operator.py
[2024-09-02T04:17:41.121+0000] {processor.py:925} INFO - DAG(s) 'example_python_operator' retrieved from /home/airflow/.local/lib/python3.12/site-packages/airflow/example_dags/example_python_operator.py
[2024-09-02T04:17:41.167+0000] {logging_mixin.py:190} INFO - [2024-09-02T04:17:41.166+0000] {dag.py:3211} INFO - Sync 1 DAGs
[2024-09-02T04:17:41.198+0000] {logging_mixin.py:190} INFO - [2024-09-02T04:17:41.198+0000] {dag.py:4138} INFO - Setting next_dagrun for example_python_operator to None, run_after=None
[2024-09-02T04:17:41.235+0000] {processor.py:208} INFO - Processing /home/airflow/.local/lib/python3.12/site-packages/airflow/example_dags/example_python_operator.py took 0.158 seconds
[2024-09-02T04:18:12.051+0000] {processor.py:186} INFO - Started process (PID=636) to work on /home/airflow/.local/lib/python3.12/site-packages/airflow/example_dags/example_python_operator.py
[2024-09-02T04:18:12.053+0000] {processor.py:914} INFO - Processing file /home/airflow/.local/lib/python3.12/site-packages/airflow/example_dags/example_python_operator.py for tasks to queue
[2024-09-02T04:18:12.058+0000] {logging_mixin.py:190} INFO - [2024-09-02T04:18:12.058+0000] {dagbag.py:587} INFO - Filling up the DagBag from /home/airflow/.local/lib/python3.12/site-packages/airflow/example_dags/example_python_operator.py
[2024-09-02T04:18:12.087+0000] {processor.py:925} INFO - DAG(s) 'example_python_operator' retrieved from /home/airflow/.local/lib/python3.12/site-packages/airflow/example_dags/example_python_operator.py
[2024-09-02T04:18:12.141+0000] {logging_mixin.py:190} INFO - [2024-09-02T04:18:12.141+0000] {dag.py:3211} INFO - Sync 1 DAGs
[2024-09-02T04:18:12.199+0000] {logging_mixin.py:190} INFO - [2024-09-02T04:18:12.198+0000] {dag.py:4138} INFO - Setting next_dagrun for example_python_operator to None, run_after=None
[2024-09-02T04:18:12.449+0000] {processor.py:208} INFO - Processing /home/airflow/.local/lib/python3.12/site-packages/airflow/example_dags/example_python_operator.py took 0.412 seconds
[2024-09-02T04:18:42.773+0000] {processor.py:186} INFO - Started process (PID=699) to work on /home/airflow/.local/lib/python3.12/site-packages/airflow/example_dags/example_python_operator.py
[2024-09-02T04:18:42.775+0000] {processor.py:914} INFO - Processing file /home/airflow/.local/lib/python3.12/site-packages/airflow/example_dags/example_python_operator.py for tasks to queue
[2024-09-02T04:18:42.780+0000] {logging_mixin.py:190} INFO - [2024-09-02T04:18:42.779+0000] {dagbag.py:587} INFO - Filling up the DagBag from /home/airflow/.local/lib/python3.12/site-packages/airflow/example_dags/example_python_operator.py
[2024-09-02T04:18:42.806+0000] {processor.py:925} INFO - DAG(s) 'example_python_operator' retrieved from /home/airflow/.local/lib/python3.12/site-packages/airflow/example_dags/example_python_operator.py
[2024-09-02T04:18:42.855+0000] {logging_mixin.py:190} INFO - [2024-09-02T04:18:42.854+0000] {dag.py:3211} INFO - Sync 1 DAGs
[2024-09-02T04:18:42.884+0000] {logging_mixin.py:190} INFO - [2024-09-02T04:18:42.883+0000] {dag.py:4138} INFO - Setting next_dagrun for example_python_operator to None, run_after=None
[2024-09-02T04:18:42.918+0000] {processor.py:208} INFO - Processing /home/airflow/.local/lib/python3.12/site-packages/airflow/example_dags/example_python_operator.py took 0.157 seconds
[2024-09-02T04:19:14.628+0000] {processor.py:186} INFO - Started process (PID=762) to work on /home/airflow/.local/lib/python3.12/site-packages/airflow/example_dags/example_python_operator.py
[2024-09-02T04:19:14.631+0000] {processor.py:914} INFO - Processing file /home/airflow/.local/lib/python3.12/site-packages/airflow/example_dags/example_python_operator.py for tasks to queue
[2024-09-02T04:19:14.637+0000] {logging_mixin.py:190} INFO - [2024-09-02T04:19:14.636+0000] {dagbag.py:587} INFO - Filling up the DagBag from /home/airflow/.local/lib/python3.12/site-packages/airflow/example_dags/example_python_operator.py
[2024-09-02T04:19:14.665+0000] {processor.py:925} INFO - DAG(s) 'example_python_operator' retrieved from /home/airflow/.local/lib/python3.12/site-packages/airflow/example_dags/example_python_operator.py
[2024-09-02T04:19:14.737+0000] {logging_mixin.py:190} INFO - [2024-09-02T04:19:14.736+0000] {dag.py:3211} INFO - Sync 1 DAGs
[2024-09-02T04:19:14.837+0000] {logging_mixin.py:190} INFO - [2024-09-02T04:19:14.825+0000] {dag.py:4138} INFO - Setting next_dagrun for example_python_operator to None, run_after=None
[2024-09-02T04:19:15.010+0000] {processor.py:208} INFO - Processing /home/airflow/.local/lib/python3.12/site-packages/airflow/example_dags/example_python_operator.py took 0.399 seconds
[2024-09-02T04:19:46.045+0000] {processor.py:186} INFO - Started process (PID=824) to work on /home/airflow/.local/lib/python3.12/site-packages/airflow/example_dags/example_python_operator.py
[2024-09-02T04:19:46.048+0000] {processor.py:914} INFO - Processing file /home/airflow/.local/lib/python3.12/site-packages/airflow/example_dags/example_python_operator.py for tasks to queue
[2024-09-02T04:19:46.054+0000] {logging_mixin.py:190} INFO - [2024-09-02T04:19:46.053+0000] {dagbag.py:587} INFO - Filling up the DagBag from /home/airflow/.local/lib/python3.12/site-packages/airflow/example_dags/example_python_operator.py
[2024-09-02T04:19:46.096+0000] {processor.py:925} INFO - DAG(s) 'example_python_operator' retrieved from /home/airflow/.local/lib/python3.12/site-packages/airflow/example_dags/example_python_operator.py
[2024-09-02T04:19:46.171+0000] {logging_mixin.py:190} INFO - [2024-09-02T04:19:46.171+0000] {dag.py:3211} INFO - Sync 1 DAGs
[2024-09-02T04:19:46.243+0000] {logging_mixin.py:190} INFO - [2024-09-02T04:19:46.243+0000] {dag.py:4138} INFO - Setting next_dagrun for example_python_operator to None, run_after=None
[2024-09-02T04:19:46.345+0000] {processor.py:208} INFO - Processing /home/airflow/.local/lib/python3.12/site-packages/airflow/example_dags/example_python_operator.py took 0.323 seconds
[2024-09-02T04:20:16.537+0000] {processor.py:186} INFO - Started process (PID=886) to work on /home/airflow/.local/lib/python3.12/site-packages/airflow/example_dags/example_python_operator.py
[2024-09-02T04:20:16.541+0000] {processor.py:914} INFO - Processing file /home/airflow/.local/lib/python3.12/site-packages/airflow/example_dags/example_python_operator.py for tasks to queue
[2024-09-02T04:20:16.552+0000] {logging_mixin.py:190} INFO - [2024-09-02T04:20:16.551+0000] {dagbag.py:587} INFO - Filling up the DagBag from /home/airflow/.local/lib/python3.12/site-packages/airflow/example_dags/example_python_operator.py
[2024-09-02T04:20:16.613+0000] {processor.py:925} INFO - DAG(s) 'example_python_operator' retrieved from /home/airflow/.local/lib/python3.12/site-packages/airflow/example_dags/example_python_operator.py
[2024-09-02T04:20:16.749+0000] {logging_mixin.py:190} INFO - [2024-09-02T04:20:16.749+0000] {dag.py:3211} INFO - Sync 1 DAGs
[2024-09-02T04:20:16.826+0000] {logging_mixin.py:190} INFO - [2024-09-02T04:20:16.825+0000] {dag.py:4138} INFO - Setting next_dagrun for example_python_operator to None, run_after=None
[2024-09-02T04:20:16.896+0000] {processor.py:208} INFO - Processing /home/airflow/.local/lib/python3.12/site-packages/airflow/example_dags/example_python_operator.py took 0.387 seconds
[2024-09-02T04:20:47.651+0000] {processor.py:186} INFO - Started process (PID=956) to work on /home/airflow/.local/lib/python3.12/site-packages/airflow/example_dags/example_python_operator.py
[2024-09-02T04:20:47.663+0000] {processor.py:914} INFO - Processing file /home/airflow/.local/lib/python3.12/site-packages/airflow/example_dags/example_python_operator.py for tasks to queue
[2024-09-02T04:20:47.670+0000] {logging_mixin.py:190} INFO - [2024-09-02T04:20:47.669+0000] {dagbag.py:587} INFO - Filling up the DagBag from /home/airflow/.local/lib/python3.12/site-packages/airflow/example_dags/example_python_operator.py
[2024-09-02T04:20:47.773+0000] {processor.py:925} INFO - DAG(s) 'example_python_operator' retrieved from /home/airflow/.local/lib/python3.12/site-packages/airflow/example_dags/example_python_operator.py
[2024-09-02T04:20:47.890+0000] {logging_mixin.py:190} INFO - [2024-09-02T04:20:47.889+0000] {dag.py:3211} INFO - Sync 1 DAGs
[2024-09-02T04:20:47.989+0000] {logging_mixin.py:190} INFO - [2024-09-02T04:20:47.989+0000] {dag.py:4138} INFO - Setting next_dagrun for example_python_operator to None, run_after=None
[2024-09-02T04:20:48.138+0000] {processor.py:208} INFO - Processing /home/airflow/.local/lib/python3.12/site-packages/airflow/example_dags/example_python_operator.py took 0.525 seconds
[2024-09-02T04:21:24.162+0000] {processor.py:186} INFO - Started process (PID=1020) to work on /home/airflow/.local/lib/python3.12/site-packages/airflow/example_dags/example_python_operator.py
[2024-09-02T04:21:24.181+0000] {processor.py:914} INFO - Processing file /home/airflow/.local/lib/python3.12/site-packages/airflow/example_dags/example_python_operator.py for tasks to queue
[2024-09-02T04:21:24.215+0000] {logging_mixin.py:190} INFO - [2024-09-02T04:21:24.212+0000] {dagbag.py:587} INFO - Filling up the DagBag from /home/airflow/.local/lib/python3.12/site-packages/airflow/example_dags/example_python_operator.py
[2024-09-02T04:21:24.337+0000] {processor.py:925} INFO - DAG(s) 'example_python_operator' retrieved from /home/airflow/.local/lib/python3.12/site-packages/airflow/example_dags/example_python_operator.py
[2024-09-02T04:21:24.491+0000] {logging_mixin.py:190} INFO - [2024-09-02T04:21:24.490+0000] {dag.py:3211} INFO - Sync 1 DAGs
[2024-09-02T04:21:24.640+0000] {logging_mixin.py:190} INFO - [2024-09-02T04:21:24.640+0000] {dag.py:4138} INFO - Setting next_dagrun for example_python_operator to None, run_after=None
[2024-09-02T04:21:24.973+0000] {processor.py:208} INFO - Processing /home/airflow/.local/lib/python3.12/site-packages/airflow/example_dags/example_python_operator.py took 0.870 seconds
[2024-09-02T04:21:55.733+0000] {processor.py:186} INFO - Started process (PID=1083) to work on /home/airflow/.local/lib/python3.12/site-packages/airflow/example_dags/example_python_operator.py
[2024-09-02T04:21:55.762+0000] {processor.py:914} INFO - Processing file /home/airflow/.local/lib/python3.12/site-packages/airflow/example_dags/example_python_operator.py for tasks to queue
[2024-09-02T04:21:55.771+0000] {logging_mixin.py:190} INFO - [2024-09-02T04:21:55.770+0000] {dagbag.py:587} INFO - Filling up the DagBag from /home/airflow/.local/lib/python3.12/site-packages/airflow/example_dags/example_python_operator.py
[2024-09-02T04:21:55.884+0000] {processor.py:925} INFO - DAG(s) 'example_python_operator' retrieved from /home/airflow/.local/lib/python3.12/site-packages/airflow/example_dags/example_python_operator.py
[2024-09-02T04:21:56.028+0000] {logging_mixin.py:190} INFO - [2024-09-02T04:21:56.027+0000] {dag.py:3211} INFO - Sync 1 DAGs
[2024-09-02T04:21:56.146+0000] {logging_mixin.py:190} INFO - [2024-09-02T04:21:56.146+0000] {dag.py:4138} INFO - Setting next_dagrun for example_python_operator to None, run_after=None
[2024-09-02T04:21:56.240+0000] {processor.py:208} INFO - Processing /home/airflow/.local/lib/python3.12/site-packages/airflow/example_dags/example_python_operator.py took 0.530 seconds
[2024-09-02T04:22:55.120+0000] {processor.py:186} INFO - Started process (PID=1152) to work on /home/airflow/.local/lib/python3.12/site-packages/airflow/example_dags/example_python_operator.py
[2024-09-02T04:22:55.149+0000] {processor.py:914} INFO - Processing file /home/airflow/.local/lib/python3.12/site-packages/airflow/example_dags/example_python_operator.py for tasks to queue
[2024-09-02T04:22:55.167+0000] {logging_mixin.py:190} INFO - [2024-09-02T04:22:55.166+0000] {dagbag.py:587} INFO - Filling up the DagBag from /home/airflow/.local/lib/python3.12/site-packages/airflow/example_dags/example_python_operator.py
[2024-09-02T04:22:55.295+0000] {processor.py:925} INFO - DAG(s) 'example_python_operator' retrieved from /home/airflow/.local/lib/python3.12/site-packages/airflow/example_dags/example_python_operator.py
[2024-09-02T04:22:55.553+0000] {logging_mixin.py:190} INFO - [2024-09-02T04:22:55.553+0000] {dag.py:3211} INFO - Sync 1 DAGs
[2024-09-02T04:22:55.822+0000] {logging_mixin.py:190} INFO - [2024-09-02T04:22:55.821+0000] {dag.py:4138} INFO - Setting next_dagrun for example_python_operator to None, run_after=None
[2024-09-02T04:22:56.001+0000] {processor.py:208} INFO - Processing /home/airflow/.local/lib/python3.12/site-packages/airflow/example_dags/example_python_operator.py took 0.931 seconds
[2024-09-02T04:26:46.061+0000] {processor.py:186} INFO - Started process (PID=122) to work on /home/airflow/.local/lib/python3.12/site-packages/airflow/example_dags/example_python_operator.py
[2024-09-02T04:26:46.077+0000] {processor.py:914} INFO - Processing file /home/airflow/.local/lib/python3.12/site-packages/airflow/example_dags/example_python_operator.py for tasks to queue
[2024-09-02T04:26:46.092+0000] {logging_mixin.py:190} INFO - [2024-09-02T04:26:46.091+0000] {dagbag.py:587} INFO - Filling up the DagBag from /home/airflow/.local/lib/python3.12/site-packages/airflow/example_dags/example_python_operator.py
[2024-09-02T04:26:46.236+0000] {processor.py:925} INFO - DAG(s) 'example_python_operator' retrieved from /home/airflow/.local/lib/python3.12/site-packages/airflow/example_dags/example_python_operator.py
[2024-09-02T04:26:47.606+0000] {logging_mixin.py:190} INFO - [2024-09-02T04:26:47.605+0000] {dag.py:3211} INFO - Sync 1 DAGs
[2024-09-02T04:26:47.764+0000] {logging_mixin.py:190} INFO - [2024-09-02T04:26:47.763+0000] {dag.py:4138} INFO - Setting next_dagrun for example_python_operator to None, run_after=None
[2024-09-02T04:26:47.925+0000] {processor.py:208} INFO - Processing /home/airflow/.local/lib/python3.12/site-packages/airflow/example_dags/example_python_operator.py took 1.916 seconds
[2024-09-02T04:27:18.161+0000] {processor.py:186} INFO - Started process (PID=185) to work on /home/airflow/.local/lib/python3.12/site-packages/airflow/example_dags/example_python_operator.py
[2024-09-02T04:27:18.164+0000] {processor.py:914} INFO - Processing file /home/airflow/.local/lib/python3.12/site-packages/airflow/example_dags/example_python_operator.py for tasks to queue
[2024-09-02T04:27:18.169+0000] {logging_mixin.py:190} INFO - [2024-09-02T04:27:18.168+0000] {dagbag.py:587} INFO - Filling up the DagBag from /home/airflow/.local/lib/python3.12/site-packages/airflow/example_dags/example_python_operator.py
[2024-09-02T04:27:18.198+0000] {processor.py:925} INFO - DAG(s) 'example_python_operator' retrieved from /home/airflow/.local/lib/python3.12/site-packages/airflow/example_dags/example_python_operator.py
[2024-09-02T04:27:18.255+0000] {logging_mixin.py:190} INFO - [2024-09-02T04:27:18.254+0000] {dag.py:3211} INFO - Sync 1 DAGs
[2024-09-02T04:27:18.312+0000] {logging_mixin.py:190} INFO - [2024-09-02T04:27:18.312+0000] {dag.py:4138} INFO - Setting next_dagrun for example_python_operator to None, run_after=None
[2024-09-02T04:27:18.374+0000] {processor.py:208} INFO - Processing /home/airflow/.local/lib/python3.12/site-packages/airflow/example_dags/example_python_operator.py took 0.227 seconds
[2024-09-02T04:27:48.495+0000] {processor.py:186} INFO - Started process (PID=248) to work on /home/airflow/.local/lib/python3.12/site-packages/airflow/example_dags/example_python_operator.py
[2024-09-02T04:27:48.497+0000] {processor.py:914} INFO - Processing file /home/airflow/.local/lib/python3.12/site-packages/airflow/example_dags/example_python_operator.py for tasks to queue
[2024-09-02T04:27:48.502+0000] {logging_mixin.py:190} INFO - [2024-09-02T04:27:48.502+0000] {dagbag.py:587} INFO - Filling up the DagBag from /home/airflow/.local/lib/python3.12/site-packages/airflow/example_dags/example_python_operator.py
[2024-09-02T04:27:48.534+0000] {processor.py:925} INFO - DAG(s) 'example_python_operator' retrieved from /home/airflow/.local/lib/python3.12/site-packages/airflow/example_dags/example_python_operator.py
[2024-09-02T04:27:48.593+0000] {logging_mixin.py:190} INFO - [2024-09-02T04:27:48.592+0000] {dag.py:3211} INFO - Sync 1 DAGs
[2024-09-02T04:27:48.631+0000] {logging_mixin.py:190} INFO - [2024-09-02T04:27:48.630+0000] {dag.py:4138} INFO - Setting next_dagrun for example_python_operator to None, run_after=None
[2024-09-02T04:27:48.677+0000] {processor.py:208} INFO - Processing /home/airflow/.local/lib/python3.12/site-packages/airflow/example_dags/example_python_operator.py took 0.195 seconds
[2024-09-02T04:28:25.916+0000] {processor.py:186} INFO - Started process (PID=311) to work on /home/airflow/.local/lib/python3.12/site-packages/airflow/example_dags/example_python_operator.py
[2024-09-02T04:28:25.919+0000] {processor.py:914} INFO - Processing file /home/airflow/.local/lib/python3.12/site-packages/airflow/example_dags/example_python_operator.py for tasks to queue
[2024-09-02T04:28:25.943+0000] {logging_mixin.py:190} INFO - [2024-09-02T04:28:25.942+0000] {dagbag.py:587} INFO - Filling up the DagBag from /home/airflow/.local/lib/python3.12/site-packages/airflow/example_dags/example_python_operator.py
[2024-09-02T04:28:26.033+0000] {processor.py:925} INFO - DAG(s) 'example_python_operator' retrieved from /home/airflow/.local/lib/python3.12/site-packages/airflow/example_dags/example_python_operator.py
[2024-09-02T04:28:26.172+0000] {logging_mixin.py:190} INFO - [2024-09-02T04:28:26.171+0000] {dag.py:3211} INFO - Sync 1 DAGs
[2024-09-02T04:28:26.253+0000] {logging_mixin.py:190} INFO - [2024-09-02T04:28:26.252+0000] {dag.py:4138} INFO - Setting next_dagrun for example_python_operator to None, run_after=None
[2024-09-02T04:28:26.372+0000] {processor.py:208} INFO - Processing /home/airflow/.local/lib/python3.12/site-packages/airflow/example_dags/example_python_operator.py took 0.487 seconds
[2024-09-02T04:28:57.765+0000] {processor.py:186} INFO - Started process (PID=375) to work on /home/airflow/.local/lib/python3.12/site-packages/airflow/example_dags/example_python_operator.py
[2024-09-02T04:28:57.775+0000] {processor.py:914} INFO - Processing file /home/airflow/.local/lib/python3.12/site-packages/airflow/example_dags/example_python_operator.py for tasks to queue
[2024-09-02T04:28:57.791+0000] {logging_mixin.py:190} INFO - [2024-09-02T04:28:57.790+0000] {dagbag.py:587} INFO - Filling up the DagBag from /home/airflow/.local/lib/python3.12/site-packages/airflow/example_dags/example_python_operator.py
[2024-09-02T04:28:57.861+0000] {processor.py:925} INFO - DAG(s) 'example_python_operator' retrieved from /home/airflow/.local/lib/python3.12/site-packages/airflow/example_dags/example_python_operator.py
[2024-09-02T04:28:58.023+0000] {logging_mixin.py:190} INFO - [2024-09-02T04:28:58.022+0000] {dag.py:3211} INFO - Sync 1 DAGs
[2024-09-02T04:28:58.097+0000] {logging_mixin.py:190} INFO - [2024-09-02T04:28:58.096+0000] {dag.py:4138} INFO - Setting next_dagrun for example_python_operator to None, run_after=None
[2024-09-02T04:28:58.200+0000] {processor.py:208} INFO - Processing /home/airflow/.local/lib/python3.12/site-packages/airflow/example_dags/example_python_operator.py took 0.460 seconds
[2024-09-02T04:29:28.938+0000] {processor.py:186} INFO - Started process (PID=438) to work on /home/airflow/.local/lib/python3.12/site-packages/airflow/example_dags/example_python_operator.py
[2024-09-02T04:29:28.942+0000] {processor.py:914} INFO - Processing file /home/airflow/.local/lib/python3.12/site-packages/airflow/example_dags/example_python_operator.py for tasks to queue
[2024-09-02T04:29:28.968+0000] {logging_mixin.py:190} INFO - [2024-09-02T04:29:28.967+0000] {dagbag.py:587} INFO - Filling up the DagBag from /home/airflow/.local/lib/python3.12/site-packages/airflow/example_dags/example_python_operator.py
[2024-09-02T04:29:29.065+0000] {processor.py:925} INFO - DAG(s) 'example_python_operator' retrieved from /home/airflow/.local/lib/python3.12/site-packages/airflow/example_dags/example_python_operator.py
[2024-09-02T04:29:29.206+0000] {logging_mixin.py:190} INFO - [2024-09-02T04:29:29.206+0000] {dag.py:3211} INFO - Sync 1 DAGs
[2024-09-02T04:29:29.303+0000] {logging_mixin.py:190} INFO - [2024-09-02T04:29:29.302+0000] {dag.py:4138} INFO - Setting next_dagrun for example_python_operator to None, run_after=None
[2024-09-02T04:29:29.398+0000] {processor.py:208} INFO - Processing /home/airflow/.local/lib/python3.12/site-packages/airflow/example_dags/example_python_operator.py took 0.496 seconds
[2024-09-02T04:29:59.759+0000] {processor.py:186} INFO - Started process (PID=500) to work on /home/airflow/.local/lib/python3.12/site-packages/airflow/example_dags/example_python_operator.py
[2024-09-02T04:29:59.761+0000] {processor.py:914} INFO - Processing file /home/airflow/.local/lib/python3.12/site-packages/airflow/example_dags/example_python_operator.py for tasks to queue
[2024-09-02T04:29:59.773+0000] {logging_mixin.py:190} INFO - [2024-09-02T04:29:59.772+0000] {dagbag.py:587} INFO - Filling up the DagBag from /home/airflow/.local/lib/python3.12/site-packages/airflow/example_dags/example_python_operator.py
[2024-09-02T04:29:59.806+0000] {processor.py:925} INFO - DAG(s) 'example_python_operator' retrieved from /home/airflow/.local/lib/python3.12/site-packages/airflow/example_dags/example_python_operator.py
[2024-09-02T04:29:59.868+0000] {logging_mixin.py:190} INFO - [2024-09-02T04:29:59.868+0000] {dag.py:3211} INFO - Sync 1 DAGs
[2024-09-02T04:29:59.915+0000] {logging_mixin.py:190} INFO - [2024-09-02T04:29:59.914+0000] {dag.py:4138} INFO - Setting next_dagrun for example_python_operator to None, run_after=None
[2024-09-02T04:29:59.972+0000] {processor.py:208} INFO - Processing /home/airflow/.local/lib/python3.12/site-packages/airflow/example_dags/example_python_operator.py took 0.251 seconds
[2024-09-02T04:30:30.251+0000] {processor.py:186} INFO - Started process (PID=563) to work on /home/airflow/.local/lib/python3.12/site-packages/airflow/example_dags/example_python_operator.py
[2024-09-02T04:30:30.253+0000] {processor.py:914} INFO - Processing file /home/airflow/.local/lib/python3.12/site-packages/airflow/example_dags/example_python_operator.py for tasks to queue
[2024-09-02T04:30:30.259+0000] {logging_mixin.py:190} INFO - [2024-09-02T04:30:30.258+0000] {dagbag.py:587} INFO - Filling up the DagBag from /home/airflow/.local/lib/python3.12/site-packages/airflow/example_dags/example_python_operator.py
[2024-09-02T04:30:30.288+0000] {processor.py:925} INFO - DAG(s) 'example_python_operator' retrieved from /home/airflow/.local/lib/python3.12/site-packages/airflow/example_dags/example_python_operator.py
[2024-09-02T04:30:30.347+0000] {logging_mixin.py:190} INFO - [2024-09-02T04:30:30.346+0000] {dag.py:3211} INFO - Sync 1 DAGs
[2024-09-02T04:30:30.384+0000] {logging_mixin.py:190} INFO - [2024-09-02T04:30:30.383+0000] {dag.py:4138} INFO - Setting next_dagrun for example_python_operator to None, run_after=None
[2024-09-02T04:30:30.429+0000] {processor.py:208} INFO - Processing /home/airflow/.local/lib/python3.12/site-packages/airflow/example_dags/example_python_operator.py took 0.191 seconds
[2024-09-02T04:31:02.297+0000] {processor.py:186} INFO - Started process (PID=626) to work on /home/airflow/.local/lib/python3.12/site-packages/airflow/example_dags/example_python_operator.py
[2024-09-02T04:31:02.310+0000] {processor.py:914} INFO - Processing file /home/airflow/.local/lib/python3.12/site-packages/airflow/example_dags/example_python_operator.py for tasks to queue
[2024-09-02T04:31:02.316+0000] {logging_mixin.py:190} INFO - [2024-09-02T04:31:02.316+0000] {dagbag.py:587} INFO - Filling up the DagBag from /home/airflow/.local/lib/python3.12/site-packages/airflow/example_dags/example_python_operator.py
[2024-09-02T04:31:02.424+0000] {processor.py:925} INFO - DAG(s) 'example_python_operator' retrieved from /home/airflow/.local/lib/python3.12/site-packages/airflow/example_dags/example_python_operator.py
[2024-09-02T04:31:02.587+0000] {logging_mixin.py:190} INFO - [2024-09-02T04:31:02.586+0000] {dag.py:3211} INFO - Sync 1 DAGs
[2024-09-02T04:31:02.660+0000] {logging_mixin.py:190} INFO - [2024-09-02T04:31:02.660+0000] {dag.py:4138} INFO - Setting next_dagrun for example_python_operator to None, run_after=None
[2024-09-02T04:31:02.772+0000] {processor.py:208} INFO - Processing /home/airflow/.local/lib/python3.12/site-packages/airflow/example_dags/example_python_operator.py took 0.512 seconds
[2024-09-02T04:31:33.191+0000] {processor.py:186} INFO - Started process (PID=689) to work on /home/airflow/.local/lib/python3.12/site-packages/airflow/example_dags/example_python_operator.py
[2024-09-02T04:31:33.193+0000] {processor.py:914} INFO - Processing file /home/airflow/.local/lib/python3.12/site-packages/airflow/example_dags/example_python_operator.py for tasks to queue
[2024-09-02T04:31:33.211+0000] {logging_mixin.py:190} INFO - [2024-09-02T04:31:33.210+0000] {dagbag.py:587} INFO - Filling up the DagBag from /home/airflow/.local/lib/python3.12/site-packages/airflow/example_dags/example_python_operator.py
[2024-09-02T04:31:33.274+0000] {processor.py:925} INFO - DAG(s) 'example_python_operator' retrieved from /home/airflow/.local/lib/python3.12/site-packages/airflow/example_dags/example_python_operator.py
[2024-09-02T04:31:33.368+0000] {logging_mixin.py:190} INFO - [2024-09-02T04:31:33.368+0000] {dag.py:3211} INFO - Sync 1 DAGs
[2024-09-02T04:31:33.436+0000] {logging_mixin.py:190} INFO - [2024-09-02T04:31:33.435+0000] {dag.py:4138} INFO - Setting next_dagrun for example_python_operator to None, run_after=None
[2024-09-02T04:31:33.511+0000] {processor.py:208} INFO - Processing /home/airflow/.local/lib/python3.12/site-packages/airflow/example_dags/example_python_operator.py took 0.354 seconds
[2024-09-02T04:32:05.053+0000] {processor.py:186} INFO - Started process (PID=752) to work on /home/airflow/.local/lib/python3.12/site-packages/airflow/example_dags/example_python_operator.py
[2024-09-02T04:32:05.055+0000] {processor.py:914} INFO - Processing file /home/airflow/.local/lib/python3.12/site-packages/airflow/example_dags/example_python_operator.py for tasks to queue
[2024-09-02T04:32:05.070+0000] {logging_mixin.py:190} INFO - [2024-09-02T04:32:05.069+0000] {dagbag.py:587} INFO - Filling up the DagBag from /home/airflow/.local/lib/python3.12/site-packages/airflow/example_dags/example_python_operator.py
[2024-09-02T04:32:05.142+0000] {processor.py:925} INFO - DAG(s) 'example_python_operator' retrieved from /home/airflow/.local/lib/python3.12/site-packages/airflow/example_dags/example_python_operator.py
[2024-09-02T04:32:05.306+0000] {logging_mixin.py:190} INFO - [2024-09-02T04:32:05.305+0000] {dag.py:3211} INFO - Sync 1 DAGs
[2024-09-02T04:32:05.397+0000] {logging_mixin.py:190} INFO - [2024-09-02T04:32:05.397+0000] {dag.py:4138} INFO - Setting next_dagrun for example_python_operator to None, run_after=None
[2024-09-02T04:32:05.507+0000] {processor.py:208} INFO - Processing /home/airflow/.local/lib/python3.12/site-packages/airflow/example_dags/example_python_operator.py took 0.509 seconds
[2024-09-02T04:32:36.718+0000] {processor.py:186} INFO - Started process (PID=815) to work on /home/airflow/.local/lib/python3.12/site-packages/airflow/example_dags/example_python_operator.py
[2024-09-02T04:32:36.721+0000] {processor.py:914} INFO - Processing file /home/airflow/.local/lib/python3.12/site-packages/airflow/example_dags/example_python_operator.py for tasks to queue
[2024-09-02T04:32:36.733+0000] {logging_mixin.py:190} INFO - [2024-09-02T04:32:36.727+0000] {dagbag.py:587} INFO - Filling up the DagBag from /home/airflow/.local/lib/python3.12/site-packages/airflow/example_dags/example_python_operator.py
[2024-09-02T04:32:36.852+0000] {processor.py:925} INFO - DAG(s) 'example_python_operator' retrieved from /home/airflow/.local/lib/python3.12/site-packages/airflow/example_dags/example_python_operator.py
[2024-09-02T04:32:36.980+0000] {logging_mixin.py:190} INFO - [2024-09-02T04:32:36.979+0000] {dag.py:3211} INFO - Sync 1 DAGs
[2024-09-02T04:32:37.055+0000] {logging_mixin.py:190} INFO - [2024-09-02T04:32:37.054+0000] {dag.py:4138} INFO - Setting next_dagrun for example_python_operator to None, run_after=None
[2024-09-02T04:32:37.147+0000] {processor.py:208} INFO - Processing /home/airflow/.local/lib/python3.12/site-packages/airflow/example_dags/example_python_operator.py took 0.458 seconds
[2024-09-02T04:33:10.944+0000] {processor.py:186} INFO - Started process (PID=884) to work on /home/airflow/.local/lib/python3.12/site-packages/airflow/example_dags/example_python_operator.py
[2024-09-02T04:33:10.959+0000] {processor.py:914} INFO - Processing file /home/airflow/.local/lib/python3.12/site-packages/airflow/example_dags/example_python_operator.py for tasks to queue
[2024-09-02T04:33:10.978+0000] {logging_mixin.py:190} INFO - [2024-09-02T04:33:10.966+0000] {dagbag.py:587} INFO - Filling up the DagBag from /home/airflow/.local/lib/python3.12/site-packages/airflow/example_dags/example_python_operator.py
[2024-09-02T04:33:11.050+0000] {processor.py:925} INFO - DAG(s) 'example_python_operator' retrieved from /home/airflow/.local/lib/python3.12/site-packages/airflow/example_dags/example_python_operator.py
[2024-09-02T04:33:11.239+0000] {logging_mixin.py:190} INFO - [2024-09-02T04:33:11.239+0000] {dag.py:3211} INFO - Sync 1 DAGs
[2024-09-02T04:33:11.424+0000] {logging_mixin.py:190} INFO - [2024-09-02T04:33:11.423+0000] {dag.py:4138} INFO - Setting next_dagrun for example_python_operator to None, run_after=None
[2024-09-02T04:33:11.629+0000] {processor.py:208} INFO - Processing /home/airflow/.local/lib/python3.12/site-packages/airflow/example_dags/example_python_operator.py took 0.735 seconds
[2024-09-02T04:33:42.659+0000] {processor.py:186} INFO - Started process (PID=947) to work on /home/airflow/.local/lib/python3.12/site-packages/airflow/example_dags/example_python_operator.py
[2024-09-02T04:33:42.670+0000] {processor.py:914} INFO - Processing file /home/airflow/.local/lib/python3.12/site-packages/airflow/example_dags/example_python_operator.py for tasks to queue
[2024-09-02T04:33:42.676+0000] {logging_mixin.py:190} INFO - [2024-09-02T04:33:42.675+0000] {dagbag.py:587} INFO - Filling up the DagBag from /home/airflow/.local/lib/python3.12/site-packages/airflow/example_dags/example_python_operator.py
[2024-09-02T04:33:42.768+0000] {processor.py:925} INFO - DAG(s) 'example_python_operator' retrieved from /home/airflow/.local/lib/python3.12/site-packages/airflow/example_dags/example_python_operator.py
[2024-09-02T04:33:42.911+0000] {logging_mixin.py:190} INFO - [2024-09-02T04:33:42.911+0000] {dag.py:3211} INFO - Sync 1 DAGs
[2024-09-02T04:33:43.043+0000] {logging_mixin.py:190} INFO - [2024-09-02T04:33:43.043+0000] {dag.py:4138} INFO - Setting next_dagrun for example_python_operator to None, run_after=None
[2024-09-02T04:33:43.206+0000] {processor.py:208} INFO - Processing /home/airflow/.local/lib/python3.12/site-packages/airflow/example_dags/example_python_operator.py took 0.580 seconds
[2024-09-02T04:34:13.647+0000] {processor.py:186} INFO - Started process (PID=1009) to work on /home/airflow/.local/lib/python3.12/site-packages/airflow/example_dags/example_python_operator.py
[2024-09-02T04:34:13.649+0000] {processor.py:914} INFO - Processing file /home/airflow/.local/lib/python3.12/site-packages/airflow/example_dags/example_python_operator.py for tasks to queue
[2024-09-02T04:34:13.655+0000] {logging_mixin.py:190} INFO - [2024-09-02T04:34:13.654+0000] {dagbag.py:587} INFO - Filling up the DagBag from /home/airflow/.local/lib/python3.12/site-packages/airflow/example_dags/example_python_operator.py
[2024-09-02T04:34:13.686+0000] {processor.py:925} INFO - DAG(s) 'example_python_operator' retrieved from /home/airflow/.local/lib/python3.12/site-packages/airflow/example_dags/example_python_operator.py
[2024-09-02T04:34:13.744+0000] {logging_mixin.py:190} INFO - [2024-09-02T04:34:13.743+0000] {dag.py:3211} INFO - Sync 1 DAGs
[2024-09-02T04:34:13.786+0000] {logging_mixin.py:190} INFO - [2024-09-02T04:34:13.786+0000] {dag.py:4138} INFO - Setting next_dagrun for example_python_operator to None, run_after=None
[2024-09-02T04:34:13.839+0000] {processor.py:208} INFO - Processing /home/airflow/.local/lib/python3.12/site-packages/airflow/example_dags/example_python_operator.py took 0.211 seconds
[2024-09-02T04:34:51.820+0000] {processor.py:186} INFO - Started process (PID=1074) to work on /home/airflow/.local/lib/python3.12/site-packages/airflow/example_dags/example_python_operator.py
[2024-09-02T04:34:51.822+0000] {processor.py:914} INFO - Processing file /home/airflow/.local/lib/python3.12/site-packages/airflow/example_dags/example_python_operator.py for tasks to queue
[2024-09-02T04:34:51.838+0000] {logging_mixin.py:190} INFO - [2024-09-02T04:34:51.837+0000] {dagbag.py:587} INFO - Filling up the DagBag from /home/airflow/.local/lib/python3.12/site-packages/airflow/example_dags/example_python_operator.py
[2024-09-02T04:34:51.945+0000] {processor.py:925} INFO - DAG(s) 'example_python_operator' retrieved from /home/airflow/.local/lib/python3.12/site-packages/airflow/example_dags/example_python_operator.py
[2024-09-02T04:34:52.111+0000] {logging_mixin.py:190} INFO - [2024-09-02T04:34:52.111+0000] {dag.py:3211} INFO - Sync 1 DAGs
[2024-09-02T04:34:52.267+0000] {logging_mixin.py:190} INFO - [2024-09-02T04:34:52.266+0000] {dag.py:4138} INFO - Setting next_dagrun for example_python_operator to None, run_after=None
[2024-09-02T04:34:52.364+0000] {processor.py:208} INFO - Processing /home/airflow/.local/lib/python3.12/site-packages/airflow/example_dags/example_python_operator.py took 0.579 seconds
[2024-09-02T04:35:26.480+0000] {processor.py:186} INFO - Started process (PID=1139) to work on /home/airflow/.local/lib/python3.12/site-packages/airflow/example_dags/example_python_operator.py
[2024-09-02T04:35:26.487+0000] {processor.py:914} INFO - Processing file /home/airflow/.local/lib/python3.12/site-packages/airflow/example_dags/example_python_operator.py for tasks to queue
[2024-09-02T04:35:26.502+0000] {logging_mixin.py:190} INFO - [2024-09-02T04:35:26.501+0000] {dagbag.py:587} INFO - Filling up the DagBag from /home/airflow/.local/lib/python3.12/site-packages/airflow/example_dags/example_python_operator.py
[2024-09-02T04:35:26.569+0000] {processor.py:925} INFO - DAG(s) 'example_python_operator' retrieved from /home/airflow/.local/lib/python3.12/site-packages/airflow/example_dags/example_python_operator.py
[2024-09-02T04:35:26.684+0000] {logging_mixin.py:190} INFO - [2024-09-02T04:35:26.674+0000] {dag.py:3211} INFO - Sync 1 DAGs
[2024-09-02T04:35:26.750+0000] {logging_mixin.py:190} INFO - [2024-09-02T04:35:26.750+0000] {dag.py:4138} INFO - Setting next_dagrun for example_python_operator to None, run_after=None
[2024-09-02T04:35:26.811+0000] {processor.py:208} INFO - Processing /home/airflow/.local/lib/python3.12/site-packages/airflow/example_dags/example_python_operator.py took 0.358 seconds
[2024-09-02T04:35:57.691+0000] {processor.py:186} INFO - Started process (PID=1203) to work on /home/airflow/.local/lib/python3.12/site-packages/airflow/example_dags/example_python_operator.py
[2024-09-02T04:35:57.695+0000] {processor.py:914} INFO - Processing file /home/airflow/.local/lib/python3.12/site-packages/airflow/example_dags/example_python_operator.py for tasks to queue
[2024-09-02T04:35:57.701+0000] {logging_mixin.py:190} INFO - [2024-09-02T04:35:57.700+0000] {dagbag.py:587} INFO - Filling up the DagBag from /home/airflow/.local/lib/python3.12/site-packages/airflow/example_dags/example_python_operator.py
[2024-09-02T04:35:57.738+0000] {processor.py:925} INFO - DAG(s) 'example_python_operator' retrieved from /home/airflow/.local/lib/python3.12/site-packages/airflow/example_dags/example_python_operator.py
[2024-09-02T04:35:57.802+0000] {logging_mixin.py:190} INFO - [2024-09-02T04:35:57.802+0000] {dag.py:3211} INFO - Sync 1 DAGs
[2024-09-02T04:35:57.850+0000] {logging_mixin.py:190} INFO - [2024-09-02T04:35:57.850+0000] {dag.py:4138} INFO - Setting next_dagrun for example_python_operator to None, run_after=None
[2024-09-02T04:35:57.911+0000] {processor.py:208} INFO - Processing /home/airflow/.local/lib/python3.12/site-packages/airflow/example_dags/example_python_operator.py took 0.234 seconds
[2024-09-02T04:36:29.222+0000] {processor.py:186} INFO - Started process (PID=1266) to work on /home/airflow/.local/lib/python3.12/site-packages/airflow/example_dags/example_python_operator.py
[2024-09-02T04:36:29.225+0000] {processor.py:914} INFO - Processing file /home/airflow/.local/lib/python3.12/site-packages/airflow/example_dags/example_python_operator.py for tasks to queue
[2024-09-02T04:36:29.232+0000] {logging_mixin.py:190} INFO - [2024-09-02T04:36:29.230+0000] {dagbag.py:587} INFO - Filling up the DagBag from /home/airflow/.local/lib/python3.12/site-packages/airflow/example_dags/example_python_operator.py
[2024-09-02T04:36:29.268+0000] {processor.py:925} INFO - DAG(s) 'example_python_operator' retrieved from /home/airflow/.local/lib/python3.12/site-packages/airflow/example_dags/example_python_operator.py
[2024-09-02T04:36:29.368+0000] {logging_mixin.py:190} INFO - [2024-09-02T04:36:29.367+0000] {dag.py:3211} INFO - Sync 1 DAGs
[2024-09-02T04:36:29.428+0000] {logging_mixin.py:190} INFO - [2024-09-02T04:36:29.427+0000] {dag.py:4138} INFO - Setting next_dagrun for example_python_operator to None, run_after=None
[2024-09-02T04:36:29.507+0000] {processor.py:208} INFO - Processing /home/airflow/.local/lib/python3.12/site-packages/airflow/example_dags/example_python_operator.py took 0.317 seconds
[2024-09-02T04:37:01.614+0000] {processor.py:186} INFO - Started process (PID=1330) to work on /home/airflow/.local/lib/python3.12/site-packages/airflow/example_dags/example_python_operator.py
[2024-09-02T04:37:01.617+0000] {processor.py:914} INFO - Processing file /home/airflow/.local/lib/python3.12/site-packages/airflow/example_dags/example_python_operator.py for tasks to queue
[2024-09-02T04:37:01.624+0000] {logging_mixin.py:190} INFO - [2024-09-02T04:37:01.623+0000] {dagbag.py:587} INFO - Filling up the DagBag from /home/airflow/.local/lib/python3.12/site-packages/airflow/example_dags/example_python_operator.py
[2024-09-02T04:37:01.663+0000] {processor.py:925} INFO - DAG(s) 'example_python_operator' retrieved from /home/airflow/.local/lib/python3.12/site-packages/airflow/example_dags/example_python_operator.py
[2024-09-02T04:37:01.788+0000] {logging_mixin.py:190} INFO - [2024-09-02T04:37:01.788+0000] {dag.py:3211} INFO - Sync 1 DAGs
[2024-09-02T04:37:01.839+0000] {logging_mixin.py:190} INFO - [2024-09-02T04:37:01.838+0000] {dag.py:4138} INFO - Setting next_dagrun for example_python_operator to None, run_after=None
[2024-09-02T04:37:01.904+0000] {processor.py:208} INFO - Processing /home/airflow/.local/lib/python3.12/site-packages/airflow/example_dags/example_python_operator.py took 0.309 seconds
[2024-09-02T04:37:32.166+0000] {processor.py:186} INFO - Started process (PID=1393) to work on /home/airflow/.local/lib/python3.12/site-packages/airflow/example_dags/example_python_operator.py
[2024-09-02T04:37:32.168+0000] {processor.py:914} INFO - Processing file /home/airflow/.local/lib/python3.12/site-packages/airflow/example_dags/example_python_operator.py for tasks to queue
[2024-09-02T04:37:32.174+0000] {logging_mixin.py:190} INFO - [2024-09-02T04:37:32.173+0000] {dagbag.py:587} INFO - Filling up the DagBag from /home/airflow/.local/lib/python3.12/site-packages/airflow/example_dags/example_python_operator.py
[2024-09-02T04:37:32.208+0000] {processor.py:925} INFO - DAG(s) 'example_python_operator' retrieved from /home/airflow/.local/lib/python3.12/site-packages/airflow/example_dags/example_python_operator.py
[2024-09-02T04:37:32.274+0000] {logging_mixin.py:190} INFO - [2024-09-02T04:37:32.272+0000] {dag.py:3211} INFO - Sync 1 DAGs
[2024-09-02T04:37:32.327+0000] {logging_mixin.py:190} INFO - [2024-09-02T04:37:32.326+0000] {dag.py:4138} INFO - Setting next_dagrun for example_python_operator to None, run_after=None
[2024-09-02T04:37:32.416+0000] {processor.py:208} INFO - Processing /home/airflow/.local/lib/python3.12/site-packages/airflow/example_dags/example_python_operator.py took 0.267 seconds
[2024-09-02T04:38:03.038+0000] {processor.py:186} INFO - Started process (PID=1455) to work on /home/airflow/.local/lib/python3.12/site-packages/airflow/example_dags/example_python_operator.py
[2024-09-02T04:38:03.040+0000] {processor.py:914} INFO - Processing file /home/airflow/.local/lib/python3.12/site-packages/airflow/example_dags/example_python_operator.py for tasks to queue
[2024-09-02T04:38:03.048+0000] {logging_mixin.py:190} INFO - [2024-09-02T04:38:03.047+0000] {dagbag.py:587} INFO - Filling up the DagBag from /home/airflow/.local/lib/python3.12/site-packages/airflow/example_dags/example_python_operator.py
[2024-09-02T04:38:03.087+0000] {processor.py:925} INFO - DAG(s) 'example_python_operator' retrieved from /home/airflow/.local/lib/python3.12/site-packages/airflow/example_dags/example_python_operator.py
[2024-09-02T04:38:03.157+0000] {logging_mixin.py:190} INFO - [2024-09-02T04:38:03.156+0000] {dag.py:3211} INFO - Sync 1 DAGs
[2024-09-02T04:38:03.221+0000] {logging_mixin.py:190} INFO - [2024-09-02T04:38:03.220+0000] {dag.py:4138} INFO - Setting next_dagrun for example_python_operator to None, run_after=None
[2024-09-02T04:38:03.282+0000] {processor.py:208} INFO - Processing /home/airflow/.local/lib/python3.12/site-packages/airflow/example_dags/example_python_operator.py took 0.262 seconds
[2024-09-02T04:38:33.647+0000] {processor.py:186} INFO - Started process (PID=1518) to work on /home/airflow/.local/lib/python3.12/site-packages/airflow/example_dags/example_python_operator.py
[2024-09-02T04:38:33.649+0000] {processor.py:914} INFO - Processing file /home/airflow/.local/lib/python3.12/site-packages/airflow/example_dags/example_python_operator.py for tasks to queue
[2024-09-02T04:38:33.655+0000] {logging_mixin.py:190} INFO - [2024-09-02T04:38:33.654+0000] {dagbag.py:587} INFO - Filling up the DagBag from /home/airflow/.local/lib/python3.12/site-packages/airflow/example_dags/example_python_operator.py
[2024-09-02T04:38:33.692+0000] {processor.py:925} INFO - DAG(s) 'example_python_operator' retrieved from /home/airflow/.local/lib/python3.12/site-packages/airflow/example_dags/example_python_operator.py
[2024-09-02T04:38:33.781+0000] {logging_mixin.py:190} INFO - [2024-09-02T04:38:33.780+0000] {dag.py:3211} INFO - Sync 1 DAGs
[2024-09-02T04:38:33.832+0000] {logging_mixin.py:190} INFO - [2024-09-02T04:38:33.831+0000] {dag.py:4138} INFO - Setting next_dagrun for example_python_operator to None, run_after=None
[2024-09-02T04:38:33.898+0000] {processor.py:208} INFO - Processing /home/airflow/.local/lib/python3.12/site-packages/airflow/example_dags/example_python_operator.py took 0.278 seconds
[2024-09-02T04:39:04.700+0000] {processor.py:186} INFO - Started process (PID=1581) to work on /home/airflow/.local/lib/python3.12/site-packages/airflow/example_dags/example_python_operator.py
[2024-09-02T04:39:04.704+0000] {processor.py:914} INFO - Processing file /home/airflow/.local/lib/python3.12/site-packages/airflow/example_dags/example_python_operator.py for tasks to queue
[2024-09-02T04:39:04.718+0000] {logging_mixin.py:190} INFO - [2024-09-02T04:39:04.717+0000] {dagbag.py:587} INFO - Filling up the DagBag from /home/airflow/.local/lib/python3.12/site-packages/airflow/example_dags/example_python_operator.py
[2024-09-02T04:39:04.806+0000] {processor.py:925} INFO - DAG(s) 'example_python_operator' retrieved from /home/airflow/.local/lib/python3.12/site-packages/airflow/example_dags/example_python_operator.py
[2024-09-02T04:39:04.904+0000] {logging_mixin.py:190} INFO - [2024-09-02T04:39:04.903+0000] {dag.py:3211} INFO - Sync 1 DAGs
[2024-09-02T04:39:04.967+0000] {logging_mixin.py:190} INFO - [2024-09-02T04:39:04.966+0000] {dag.py:4138} INFO - Setting next_dagrun for example_python_operator to None, run_after=None
[2024-09-02T04:39:05.058+0000] {processor.py:208} INFO - Processing /home/airflow/.local/lib/python3.12/site-packages/airflow/example_dags/example_python_operator.py took 0.394 seconds
[2024-09-02T04:39:35.811+0000] {processor.py:186} INFO - Started process (PID=1644) to work on /home/airflow/.local/lib/python3.12/site-packages/airflow/example_dags/example_python_operator.py
[2024-09-02T04:39:35.813+0000] {processor.py:914} INFO - Processing file /home/airflow/.local/lib/python3.12/site-packages/airflow/example_dags/example_python_operator.py for tasks to queue
[2024-09-02T04:39:35.819+0000] {logging_mixin.py:190} INFO - [2024-09-02T04:39:35.818+0000] {dagbag.py:587} INFO - Filling up the DagBag from /home/airflow/.local/lib/python3.12/site-packages/airflow/example_dags/example_python_operator.py
[2024-09-02T04:39:35.852+0000] {processor.py:925} INFO - DAG(s) 'example_python_operator' retrieved from /home/airflow/.local/lib/python3.12/site-packages/airflow/example_dags/example_python_operator.py
[2024-09-02T04:39:35.921+0000] {logging_mixin.py:190} INFO - [2024-09-02T04:39:35.921+0000] {dag.py:3211} INFO - Sync 1 DAGs
[2024-09-02T04:39:35.958+0000] {logging_mixin.py:190} INFO - [2024-09-02T04:39:35.958+0000] {dag.py:4138} INFO - Setting next_dagrun for example_python_operator to None, run_after=None
[2024-09-02T04:39:36.007+0000] {processor.py:208} INFO - Processing /home/airflow/.local/lib/python3.12/site-packages/airflow/example_dags/example_python_operator.py took 0.216 seconds
[2024-09-02T04:40:06.442+0000] {processor.py:186} INFO - Started process (PID=1707) to work on /home/airflow/.local/lib/python3.12/site-packages/airflow/example_dags/example_python_operator.py
[2024-09-02T04:40:06.446+0000] {processor.py:914} INFO - Processing file /home/airflow/.local/lib/python3.12/site-packages/airflow/example_dags/example_python_operator.py for tasks to queue
[2024-09-02T04:40:06.453+0000] {logging_mixin.py:190} INFO - [2024-09-02T04:40:06.453+0000] {dagbag.py:587} INFO - Filling up the DagBag from /home/airflow/.local/lib/python3.12/site-packages/airflow/example_dags/example_python_operator.py
[2024-09-02T04:40:06.505+0000] {processor.py:925} INFO - DAG(s) 'example_python_operator' retrieved from /home/airflow/.local/lib/python3.12/site-packages/airflow/example_dags/example_python_operator.py
[2024-09-02T04:40:06.598+0000] {logging_mixin.py:190} INFO - [2024-09-02T04:40:06.597+0000] {dag.py:3211} INFO - Sync 1 DAGs
[2024-09-02T04:40:06.657+0000] {logging_mixin.py:190} INFO - [2024-09-02T04:40:06.657+0000] {dag.py:4138} INFO - Setting next_dagrun for example_python_operator to None, run_after=None
[2024-09-02T04:40:06.723+0000] {processor.py:208} INFO - Processing /home/airflow/.local/lib/python3.12/site-packages/airflow/example_dags/example_python_operator.py took 0.295 seconds
[2024-09-02T04:40:37.361+0000] {processor.py:186} INFO - Started process (PID=1769) to work on /home/airflow/.local/lib/python3.12/site-packages/airflow/example_dags/example_python_operator.py
[2024-09-02T04:40:37.364+0000] {processor.py:914} INFO - Processing file /home/airflow/.local/lib/python3.12/site-packages/airflow/example_dags/example_python_operator.py for tasks to queue
[2024-09-02T04:40:37.376+0000] {logging_mixin.py:190} INFO - [2024-09-02T04:40:37.374+0000] {dagbag.py:587} INFO - Filling up the DagBag from /home/airflow/.local/lib/python3.12/site-packages/airflow/example_dags/example_python_operator.py
[2024-09-02T04:40:37.410+0000] {processor.py:925} INFO - DAG(s) 'example_python_operator' retrieved from /home/airflow/.local/lib/python3.12/site-packages/airflow/example_dags/example_python_operator.py
[2024-09-02T04:40:37.483+0000] {logging_mixin.py:190} INFO - [2024-09-02T04:40:37.483+0000] {dag.py:3211} INFO - Sync 1 DAGs
[2024-09-02T04:40:37.525+0000] {logging_mixin.py:190} INFO - [2024-09-02T04:40:37.525+0000] {dag.py:4138} INFO - Setting next_dagrun for example_python_operator to None, run_after=None
[2024-09-02T04:40:37.576+0000] {processor.py:208} INFO - Processing /home/airflow/.local/lib/python3.12/site-packages/airflow/example_dags/example_python_operator.py took 0.228 seconds
[2024-09-02T04:41:08.451+0000] {processor.py:186} INFO - Started process (PID=1831) to work on /home/airflow/.local/lib/python3.12/site-packages/airflow/example_dags/example_python_operator.py
[2024-09-02T04:41:08.453+0000] {processor.py:914} INFO - Processing file /home/airflow/.local/lib/python3.12/site-packages/airflow/example_dags/example_python_operator.py for tasks to queue
[2024-09-02T04:41:08.458+0000] {logging_mixin.py:190} INFO - [2024-09-02T04:41:08.457+0000] {dagbag.py:587} INFO - Filling up the DagBag from /home/airflow/.local/lib/python3.12/site-packages/airflow/example_dags/example_python_operator.py
[2024-09-02T04:41:08.484+0000] {processor.py:925} INFO - DAG(s) 'example_python_operator' retrieved from /home/airflow/.local/lib/python3.12/site-packages/airflow/example_dags/example_python_operator.py
[2024-09-02T04:41:08.528+0000] {logging_mixin.py:190} INFO - [2024-09-02T04:41:08.528+0000] {dag.py:3211} INFO - Sync 1 DAGs
[2024-09-02T04:41:08.558+0000] {logging_mixin.py:190} INFO - [2024-09-02T04:41:08.557+0000] {dag.py:4138} INFO - Setting next_dagrun for example_python_operator to None, run_after=None
[2024-09-02T04:41:08.597+0000] {processor.py:208} INFO - Processing /home/airflow/.local/lib/python3.12/site-packages/airflow/example_dags/example_python_operator.py took 0.158 seconds
[2024-09-02T04:41:38.888+0000] {processor.py:186} INFO - Started process (PID=1894) to work on /home/airflow/.local/lib/python3.12/site-packages/airflow/example_dags/example_python_operator.py
[2024-09-02T04:41:38.893+0000] {processor.py:914} INFO - Processing file /home/airflow/.local/lib/python3.12/site-packages/airflow/example_dags/example_python_operator.py for tasks to queue
[2024-09-02T04:41:38.900+0000] {logging_mixin.py:190} INFO - [2024-09-02T04:41:38.899+0000] {dagbag.py:587} INFO - Filling up the DagBag from /home/airflow/.local/lib/python3.12/site-packages/airflow/example_dags/example_python_operator.py
[2024-09-02T04:41:38.959+0000] {processor.py:925} INFO - DAG(s) 'example_python_operator' retrieved from /home/airflow/.local/lib/python3.12/site-packages/airflow/example_dags/example_python_operator.py
[2024-09-02T04:41:39.042+0000] {logging_mixin.py:190} INFO - [2024-09-02T04:41:39.042+0000] {dag.py:3211} INFO - Sync 1 DAGs
[2024-09-02T04:41:39.081+0000] {logging_mixin.py:190} INFO - [2024-09-02T04:41:39.079+0000] {dag.py:4138} INFO - Setting next_dagrun for example_python_operator to None, run_after=None
[2024-09-02T04:41:39.139+0000] {processor.py:208} INFO - Processing /home/airflow/.local/lib/python3.12/site-packages/airflow/example_dags/example_python_operator.py took 0.274 seconds
[2024-09-02T04:42:09.983+0000] {processor.py:186} INFO - Started process (PID=1957) to work on /home/airflow/.local/lib/python3.12/site-packages/airflow/example_dags/example_python_operator.py
[2024-09-02T04:42:09.985+0000] {processor.py:914} INFO - Processing file /home/airflow/.local/lib/python3.12/site-packages/airflow/example_dags/example_python_operator.py for tasks to queue
[2024-09-02T04:42:09.995+0000] {logging_mixin.py:190} INFO - [2024-09-02T04:42:09.994+0000] {dagbag.py:587} INFO - Filling up the DagBag from /home/airflow/.local/lib/python3.12/site-packages/airflow/example_dags/example_python_operator.py
[2024-09-02T04:42:10.026+0000] {processor.py:925} INFO - DAG(s) 'example_python_operator' retrieved from /home/airflow/.local/lib/python3.12/site-packages/airflow/example_dags/example_python_operator.py
[2024-09-02T04:42:10.088+0000] {logging_mixin.py:190} INFO - [2024-09-02T04:42:10.087+0000] {dag.py:3211} INFO - Sync 1 DAGs
[2024-09-02T04:42:10.127+0000] {logging_mixin.py:190} INFO - [2024-09-02T04:42:10.126+0000] {dag.py:4138} INFO - Setting next_dagrun for example_python_operator to None, run_after=None
[2024-09-02T04:42:10.178+0000] {processor.py:208} INFO - Processing /home/airflow/.local/lib/python3.12/site-packages/airflow/example_dags/example_python_operator.py took 0.211 seconds
[2024-09-02T04:42:40.527+0000] {processor.py:186} INFO - Started process (PID=2020) to work on /home/airflow/.local/lib/python3.12/site-packages/airflow/example_dags/example_python_operator.py
[2024-09-02T04:42:40.529+0000] {processor.py:914} INFO - Processing file /home/airflow/.local/lib/python3.12/site-packages/airflow/example_dags/example_python_operator.py for tasks to queue
[2024-09-02T04:42:40.535+0000] {logging_mixin.py:190} INFO - [2024-09-02T04:42:40.534+0000] {dagbag.py:587} INFO - Filling up the DagBag from /home/airflow/.local/lib/python3.12/site-packages/airflow/example_dags/example_python_operator.py
[2024-09-02T04:42:40.562+0000] {processor.py:925} INFO - DAG(s) 'example_python_operator' retrieved from /home/airflow/.local/lib/python3.12/site-packages/airflow/example_dags/example_python_operator.py
[2024-09-02T04:42:40.651+0000] {logging_mixin.py:190} INFO - [2024-09-02T04:42:40.651+0000] {dag.py:3211} INFO - Sync 1 DAGs
[2024-09-02T04:42:40.717+0000] {logging_mixin.py:190} INFO - [2024-09-02T04:42:40.716+0000] {dag.py:4138} INFO - Setting next_dagrun for example_python_operator to None, run_after=None
[2024-09-02T04:42:40.798+0000] {processor.py:208} INFO - Processing /home/airflow/.local/lib/python3.12/site-packages/airflow/example_dags/example_python_operator.py took 0.288 seconds
[2024-09-02T04:43:11.477+0000] {processor.py:186} INFO - Started process (PID=2089) to work on /home/airflow/.local/lib/python3.12/site-packages/airflow/example_dags/example_python_operator.py
[2024-09-02T04:43:11.478+0000] {processor.py:914} INFO - Processing file /home/airflow/.local/lib/python3.12/site-packages/airflow/example_dags/example_python_operator.py for tasks to queue
[2024-09-02T04:43:11.486+0000] {logging_mixin.py:190} INFO - [2024-09-02T04:43:11.485+0000] {dagbag.py:587} INFO - Filling up the DagBag from /home/airflow/.local/lib/python3.12/site-packages/airflow/example_dags/example_python_operator.py
[2024-09-02T04:43:11.529+0000] {processor.py:925} INFO - DAG(s) 'example_python_operator' retrieved from /home/airflow/.local/lib/python3.12/site-packages/airflow/example_dags/example_python_operator.py
[2024-09-02T04:43:11.620+0000] {logging_mixin.py:190} INFO - [2024-09-02T04:43:11.619+0000] {dag.py:3211} INFO - Sync 1 DAGs
[2024-09-02T04:43:11.654+0000] {logging_mixin.py:190} INFO - [2024-09-02T04:43:11.654+0000] {dag.py:4138} INFO - Setting next_dagrun for example_python_operator to None, run_after=None
[2024-09-02T04:43:11.694+0000] {processor.py:208} INFO - Processing /home/airflow/.local/lib/python3.12/site-packages/airflow/example_dags/example_python_operator.py took 0.232 seconds
[2024-09-02T04:43:42.090+0000] {processor.py:186} INFO - Started process (PID=2152) to work on /home/airflow/.local/lib/python3.12/site-packages/airflow/example_dags/example_python_operator.py
[2024-09-02T04:43:42.092+0000] {processor.py:914} INFO - Processing file /home/airflow/.local/lib/python3.12/site-packages/airflow/example_dags/example_python_operator.py for tasks to queue
[2024-09-02T04:43:42.096+0000] {logging_mixin.py:190} INFO - [2024-09-02T04:43:42.096+0000] {dagbag.py:587} INFO - Filling up the DagBag from /home/airflow/.local/lib/python3.12/site-packages/airflow/example_dags/example_python_operator.py
[2024-09-02T04:43:42.120+0000] {processor.py:925} INFO - DAG(s) 'example_python_operator' retrieved from /home/airflow/.local/lib/python3.12/site-packages/airflow/example_dags/example_python_operator.py
[2024-09-02T04:43:42.173+0000] {logging_mixin.py:190} INFO - [2024-09-02T04:43:42.173+0000] {dag.py:3211} INFO - Sync 1 DAGs
[2024-09-02T04:43:42.209+0000] {logging_mixin.py:190} INFO - [2024-09-02T04:43:42.209+0000] {dag.py:4138} INFO - Setting next_dagrun for example_python_operator to None, run_after=None
[2024-09-02T04:43:42.303+0000] {processor.py:208} INFO - Processing /home/airflow/.local/lib/python3.12/site-packages/airflow/example_dags/example_python_operator.py took 0.225 seconds
[2024-09-02T04:44:12.652+0000] {processor.py:186} INFO - Started process (PID=2215) to work on /home/airflow/.local/lib/python3.12/site-packages/airflow/example_dags/example_python_operator.py
[2024-09-02T04:44:12.654+0000] {processor.py:914} INFO - Processing file /home/airflow/.local/lib/python3.12/site-packages/airflow/example_dags/example_python_operator.py for tasks to queue
[2024-09-02T04:44:12.659+0000] {logging_mixin.py:190} INFO - [2024-09-02T04:44:12.658+0000] {dagbag.py:587} INFO - Filling up the DagBag from /home/airflow/.local/lib/python3.12/site-packages/airflow/example_dags/example_python_operator.py
[2024-09-02T04:44:12.685+0000] {processor.py:925} INFO - DAG(s) 'example_python_operator' retrieved from /home/airflow/.local/lib/python3.12/site-packages/airflow/example_dags/example_python_operator.py
[2024-09-02T04:44:12.731+0000] {logging_mixin.py:190} INFO - [2024-09-02T04:44:12.731+0000] {dag.py:3211} INFO - Sync 1 DAGs
[2024-09-02T04:44:12.762+0000] {logging_mixin.py:190} INFO - [2024-09-02T04:44:12.761+0000] {dag.py:4138} INFO - Setting next_dagrun for example_python_operator to None, run_after=None
[2024-09-02T04:44:12.799+0000] {processor.py:208} INFO - Processing /home/airflow/.local/lib/python3.12/site-packages/airflow/example_dags/example_python_operator.py took 0.159 seconds
[2024-09-02T04:44:43.537+0000] {processor.py:186} INFO - Started process (PID=2278) to work on /home/airflow/.local/lib/python3.12/site-packages/airflow/example_dags/example_python_operator.py
[2024-09-02T04:44:43.540+0000] {processor.py:914} INFO - Processing file /home/airflow/.local/lib/python3.12/site-packages/airflow/example_dags/example_python_operator.py for tasks to queue
[2024-09-02T04:44:43.546+0000] {logging_mixin.py:190} INFO - [2024-09-02T04:44:43.545+0000] {dagbag.py:587} INFO - Filling up the DagBag from /home/airflow/.local/lib/python3.12/site-packages/airflow/example_dags/example_python_operator.py
[2024-09-02T04:44:43.574+0000] {processor.py:925} INFO - DAG(s) 'example_python_operator' retrieved from /home/airflow/.local/lib/python3.12/site-packages/airflow/example_dags/example_python_operator.py
[2024-09-02T04:44:43.635+0000] {logging_mixin.py:190} INFO - [2024-09-02T04:44:43.634+0000] {dag.py:3211} INFO - Sync 1 DAGs
[2024-09-02T04:44:43.678+0000] {logging_mixin.py:190} INFO - [2024-09-02T04:44:43.677+0000] {dag.py:4138} INFO - Setting next_dagrun for example_python_operator to None, run_after=None
[2024-09-02T04:44:43.728+0000] {processor.py:208} INFO - Processing /home/airflow/.local/lib/python3.12/site-packages/airflow/example_dags/example_python_operator.py took 0.224 seconds
[2024-09-02T04:45:14.133+0000] {processor.py:186} INFO - Started process (PID=2341) to work on /home/airflow/.local/lib/python3.12/site-packages/airflow/example_dags/example_python_operator.py
[2024-09-02T04:45:14.135+0000] {processor.py:914} INFO - Processing file /home/airflow/.local/lib/python3.12/site-packages/airflow/example_dags/example_python_operator.py for tasks to queue
[2024-09-02T04:45:14.141+0000] {logging_mixin.py:190} INFO - [2024-09-02T04:45:14.140+0000] {dagbag.py:587} INFO - Filling up the DagBag from /home/airflow/.local/lib/python3.12/site-packages/airflow/example_dags/example_python_operator.py
[2024-09-02T04:45:14.188+0000] {processor.py:925} INFO - DAG(s) 'example_python_operator' retrieved from /home/airflow/.local/lib/python3.12/site-packages/airflow/example_dags/example_python_operator.py
[2024-09-02T04:45:14.265+0000] {logging_mixin.py:190} INFO - [2024-09-02T04:45:14.264+0000] {dag.py:3211} INFO - Sync 1 DAGs
[2024-09-02T04:45:14.296+0000] {logging_mixin.py:190} INFO - [2024-09-02T04:45:14.295+0000] {dag.py:4138} INFO - Setting next_dagrun for example_python_operator to None, run_after=None
[2024-09-02T04:45:14.336+0000] {processor.py:208} INFO - Processing /home/airflow/.local/lib/python3.12/site-packages/airflow/example_dags/example_python_operator.py took 0.216 seconds
[2024-09-02T04:45:44.663+0000] {processor.py:186} INFO - Started process (PID=2405) to work on /home/airflow/.local/lib/python3.12/site-packages/airflow/example_dags/example_python_operator.py
[2024-09-02T04:45:44.665+0000] {processor.py:914} INFO - Processing file /home/airflow/.local/lib/python3.12/site-packages/airflow/example_dags/example_python_operator.py for tasks to queue
[2024-09-02T04:45:44.670+0000] {logging_mixin.py:190} INFO - [2024-09-02T04:45:44.669+0000] {dagbag.py:587} INFO - Filling up the DagBag from /home/airflow/.local/lib/python3.12/site-packages/airflow/example_dags/example_python_operator.py
[2024-09-02T04:45:44.700+0000] {processor.py:925} INFO - DAG(s) 'example_python_operator' retrieved from /home/airflow/.local/lib/python3.12/site-packages/airflow/example_dags/example_python_operator.py
[2024-09-02T04:45:44.756+0000] {logging_mixin.py:190} INFO - [2024-09-02T04:45:44.756+0000] {dag.py:3211} INFO - Sync 1 DAGs
[2024-09-02T04:45:44.787+0000] {logging_mixin.py:190} INFO - [2024-09-02T04:45:44.787+0000] {dag.py:4138} INFO - Setting next_dagrun for example_python_operator to None, run_after=None
[2024-09-02T04:45:44.822+0000] {processor.py:208} INFO - Processing /home/airflow/.local/lib/python3.12/site-packages/airflow/example_dags/example_python_operator.py took 0.172 seconds
[2024-09-02T04:46:14.976+0000] {processor.py:186} INFO - Started process (PID=2469) to work on /home/airflow/.local/lib/python3.12/site-packages/airflow/example_dags/example_python_operator.py
[2024-09-02T04:46:14.978+0000] {processor.py:914} INFO - Processing file /home/airflow/.local/lib/python3.12/site-packages/airflow/example_dags/example_python_operator.py for tasks to queue
[2024-09-02T04:46:14.983+0000] {logging_mixin.py:190} INFO - [2024-09-02T04:46:14.982+0000] {dagbag.py:587} INFO - Filling up the DagBag from /home/airflow/.local/lib/python3.12/site-packages/airflow/example_dags/example_python_operator.py
[2024-09-02T04:46:15.009+0000] {processor.py:925} INFO - DAG(s) 'example_python_operator' retrieved from /home/airflow/.local/lib/python3.12/site-packages/airflow/example_dags/example_python_operator.py
[2024-09-02T04:46:15.053+0000] {logging_mixin.py:190} INFO - [2024-09-02T04:46:15.053+0000] {dag.py:3211} INFO - Sync 1 DAGs
[2024-09-02T04:46:15.083+0000] {logging_mixin.py:190} INFO - [2024-09-02T04:46:15.082+0000] {dag.py:4138} INFO - Setting next_dagrun for example_python_operator to None, run_after=None
[2024-09-02T04:46:15.118+0000] {processor.py:208} INFO - Processing /home/airflow/.local/lib/python3.12/site-packages/airflow/example_dags/example_python_operator.py took 0.154 seconds
[2024-09-02T04:46:45.617+0000] {processor.py:186} INFO - Started process (PID=2532) to work on /home/airflow/.local/lib/python3.12/site-packages/airflow/example_dags/example_python_operator.py
[2024-09-02T04:46:45.619+0000] {processor.py:914} INFO - Processing file /home/airflow/.local/lib/python3.12/site-packages/airflow/example_dags/example_python_operator.py for tasks to queue
[2024-09-02T04:46:45.629+0000] {logging_mixin.py:190} INFO - [2024-09-02T04:46:45.628+0000] {dagbag.py:587} INFO - Filling up the DagBag from /home/airflow/.local/lib/python3.12/site-packages/airflow/example_dags/example_python_operator.py
[2024-09-02T04:46:45.662+0000] {processor.py:925} INFO - DAG(s) 'example_python_operator' retrieved from /home/airflow/.local/lib/python3.12/site-packages/airflow/example_dags/example_python_operator.py
[2024-09-02T04:46:45.715+0000] {logging_mixin.py:190} INFO - [2024-09-02T04:46:45.714+0000] {dag.py:3211} INFO - Sync 1 DAGs
[2024-09-02T04:46:45.759+0000] {logging_mixin.py:190} INFO - [2024-09-02T04:46:45.758+0000] {dag.py:4138} INFO - Setting next_dagrun for example_python_operator to None, run_after=None
[2024-09-02T04:46:45.806+0000] {processor.py:208} INFO - Processing /home/airflow/.local/lib/python3.12/site-packages/airflow/example_dags/example_python_operator.py took 0.202 seconds
