[2024-09-02T04:13:47.070+0000] {processor.py:186} INFO - Started process (PID=98) to work on /home/airflow/.local/lib/python3.12/site-packages/airflow/example_dags/example_trigger_target_dag.py
[2024-09-02T04:13:47.072+0000] {processor.py:914} INFO - Processing file /home/airflow/.local/lib/python3.12/site-packages/airflow/example_dags/example_trigger_target_dag.py for tasks to queue
[2024-09-02T04:13:47.080+0000] {logging_mixin.py:190} INFO - [2024-09-02T04:13:47.079+0000] {dagbag.py:587} INFO - Filling up the DagBag from /home/airflow/.local/lib/python3.12/site-packages/airflow/example_dags/example_trigger_target_dag.py
[2024-09-02T04:13:47.136+0000] {processor.py:925} INFO - DAG(s) 'example_trigger_target_dag' retrieved from /home/airflow/.local/lib/python3.12/site-packages/airflow/example_dags/example_trigger_target_dag.py
[2024-09-02T04:13:47.906+0000] {logging_mixin.py:190} INFO - [2024-09-02T04:13:47.904+0000] {override.py:1858} INFO - Created Permission View: can read on DAG:example_trigger_target_dag
[2024-09-02T04:13:47.971+0000] {logging_mixin.py:190} INFO - [2024-09-02T04:13:47.970+0000] {override.py:1858} INFO - Created Permission View: can delete on DAG:example_trigger_target_dag
[2024-09-02T04:13:48.016+0000] {logging_mixin.py:190} INFO - [2024-09-02T04:13:48.016+0000] {override.py:1858} INFO - Created Permission View: can edit on DAG:example_trigger_target_dag
[2024-09-02T04:13:48.030+0000] {logging_mixin.py:190} INFO - [2024-09-02T04:13:48.029+0000] {dag.py:3211} INFO - Sync 1 DAGs
[2024-09-02T04:13:48.120+0000] {logging_mixin.py:190} INFO - [2024-09-02T04:13:48.119+0000] {dag.py:3234} INFO - Creating ORM DAG for example_trigger_target_dag
[2024-09-02T04:13:48.127+0000] {logging_mixin.py:190} INFO - [2024-09-02T04:13:48.126+0000] {dag.py:4138} INFO - Setting next_dagrun for example_trigger_target_dag to None, run_after=None
[2024-09-02T04:13:48.287+0000] {processor.py:208} INFO - Processing /home/airflow/.local/lib/python3.12/site-packages/airflow/example_dags/example_trigger_target_dag.py took 1.233 seconds
[2024-09-02T04:14:18.895+0000] {processor.py:186} INFO - Started process (PID=161) to work on /home/airflow/.local/lib/python3.12/site-packages/airflow/example_dags/example_trigger_target_dag.py
[2024-09-02T04:14:18.901+0000] {processor.py:914} INFO - Processing file /home/airflow/.local/lib/python3.12/site-packages/airflow/example_dags/example_trigger_target_dag.py for tasks to queue
[2024-09-02T04:14:18.916+0000] {logging_mixin.py:190} INFO - [2024-09-02T04:14:18.913+0000] {dagbag.py:587} INFO - Filling up the DagBag from /home/airflow/.local/lib/python3.12/site-packages/airflow/example_dags/example_trigger_target_dag.py
[2024-09-02T04:14:18.950+0000] {processor.py:925} INFO - DAG(s) 'example_trigger_target_dag' retrieved from /home/airflow/.local/lib/python3.12/site-packages/airflow/example_dags/example_trigger_target_dag.py
[2024-09-02T04:14:19.029+0000] {logging_mixin.py:190} INFO - [2024-09-02T04:14:19.029+0000] {dag.py:3211} INFO - Sync 1 DAGs
[2024-09-02T04:14:19.097+0000] {logging_mixin.py:190} INFO - [2024-09-02T04:14:19.096+0000] {dag.py:4138} INFO - Setting next_dagrun for example_trigger_target_dag to None, run_after=None
[2024-09-02T04:14:19.184+0000] {processor.py:208} INFO - Processing /home/airflow/.local/lib/python3.12/site-packages/airflow/example_dags/example_trigger_target_dag.py took 0.314 seconds
[2024-09-02T04:14:49.328+0000] {processor.py:186} INFO - Started process (PID=224) to work on /home/airflow/.local/lib/python3.12/site-packages/airflow/example_dags/example_trigger_target_dag.py
[2024-09-02T04:14:49.331+0000] {processor.py:914} INFO - Processing file /home/airflow/.local/lib/python3.12/site-packages/airflow/example_dags/example_trigger_target_dag.py for tasks to queue
[2024-09-02T04:14:49.337+0000] {logging_mixin.py:190} INFO - [2024-09-02T04:14:49.336+0000] {dagbag.py:587} INFO - Filling up the DagBag from /home/airflow/.local/lib/python3.12/site-packages/airflow/example_dags/example_trigger_target_dag.py
[2024-09-02T04:14:49.353+0000] {processor.py:925} INFO - DAG(s) 'example_trigger_target_dag' retrieved from /home/airflow/.local/lib/python3.12/site-packages/airflow/example_dags/example_trigger_target_dag.py
[2024-09-02T04:14:49.388+0000] {logging_mixin.py:190} INFO - [2024-09-02T04:14:49.388+0000] {dag.py:3211} INFO - Sync 1 DAGs
[2024-09-02T04:14:49.419+0000] {logging_mixin.py:190} INFO - [2024-09-02T04:14:49.418+0000] {dag.py:4138} INFO - Setting next_dagrun for example_trigger_target_dag to None, run_after=None
[2024-09-02T04:14:49.454+0000] {processor.py:208} INFO - Processing /home/airflow/.local/lib/python3.12/site-packages/airflow/example_dags/example_trigger_target_dag.py took 0.144 seconds
[2024-09-02T04:15:19.611+0000] {processor.py:186} INFO - Started process (PID=287) to work on /home/airflow/.local/lib/python3.12/site-packages/airflow/example_dags/example_trigger_target_dag.py
[2024-09-02T04:15:19.613+0000] {processor.py:914} INFO - Processing file /home/airflow/.local/lib/python3.12/site-packages/airflow/example_dags/example_trigger_target_dag.py for tasks to queue
[2024-09-02T04:15:19.620+0000] {logging_mixin.py:190} INFO - [2024-09-02T04:15:19.618+0000] {dagbag.py:587} INFO - Filling up the DagBag from /home/airflow/.local/lib/python3.12/site-packages/airflow/example_dags/example_trigger_target_dag.py
[2024-09-02T04:15:19.638+0000] {processor.py:925} INFO - DAG(s) 'example_trigger_target_dag' retrieved from /home/airflow/.local/lib/python3.12/site-packages/airflow/example_dags/example_trigger_target_dag.py
[2024-09-02T04:15:19.684+0000] {logging_mixin.py:190} INFO - [2024-09-02T04:15:19.684+0000] {dag.py:3211} INFO - Sync 1 DAGs
[2024-09-02T04:15:19.722+0000] {logging_mixin.py:190} INFO - [2024-09-02T04:15:19.721+0000] {dag.py:4138} INFO - Setting next_dagrun for example_trigger_target_dag to None, run_after=None
[2024-09-02T04:15:19.766+0000] {processor.py:208} INFO - Processing /home/airflow/.local/lib/python3.12/site-packages/airflow/example_dags/example_trigger_target_dag.py took 0.169 seconds
[2024-09-02T04:15:50.224+0000] {processor.py:186} INFO - Started process (PID=350) to work on /home/airflow/.local/lib/python3.12/site-packages/airflow/example_dags/example_trigger_target_dag.py
[2024-09-02T04:15:50.226+0000] {processor.py:914} INFO - Processing file /home/airflow/.local/lib/python3.12/site-packages/airflow/example_dags/example_trigger_target_dag.py for tasks to queue
[2024-09-02T04:15:50.231+0000] {logging_mixin.py:190} INFO - [2024-09-02T04:15:50.231+0000] {dagbag.py:587} INFO - Filling up the DagBag from /home/airflow/.local/lib/python3.12/site-packages/airflow/example_dags/example_trigger_target_dag.py
[2024-09-02T04:15:50.247+0000] {processor.py:925} INFO - DAG(s) 'example_trigger_target_dag' retrieved from /home/airflow/.local/lib/python3.12/site-packages/airflow/example_dags/example_trigger_target_dag.py
[2024-09-02T04:15:50.282+0000] {logging_mixin.py:190} INFO - [2024-09-02T04:15:50.282+0000] {dag.py:3211} INFO - Sync 1 DAGs
[2024-09-02T04:15:50.310+0000] {logging_mixin.py:190} INFO - [2024-09-02T04:15:50.310+0000] {dag.py:4138} INFO - Setting next_dagrun for example_trigger_target_dag to None, run_after=None
[2024-09-02T04:15:50.343+0000] {processor.py:208} INFO - Processing /home/airflow/.local/lib/python3.12/site-packages/airflow/example_dags/example_trigger_target_dag.py took 0.132 seconds
[2024-09-02T04:16:21.212+0000] {processor.py:186} INFO - Started process (PID=413) to work on /home/airflow/.local/lib/python3.12/site-packages/airflow/example_dags/example_trigger_target_dag.py
[2024-09-02T04:16:21.213+0000] {processor.py:914} INFO - Processing file /home/airflow/.local/lib/python3.12/site-packages/airflow/example_dags/example_trigger_target_dag.py for tasks to queue
[2024-09-02T04:16:21.219+0000] {logging_mixin.py:190} INFO - [2024-09-02T04:16:21.218+0000] {dagbag.py:587} INFO - Filling up the DagBag from /home/airflow/.local/lib/python3.12/site-packages/airflow/example_dags/example_trigger_target_dag.py
[2024-09-02T04:16:21.235+0000] {processor.py:925} INFO - DAG(s) 'example_trigger_target_dag' retrieved from /home/airflow/.local/lib/python3.12/site-packages/airflow/example_dags/example_trigger_target_dag.py
[2024-09-02T04:16:21.272+0000] {logging_mixin.py:190} INFO - [2024-09-02T04:16:21.272+0000] {dag.py:3211} INFO - Sync 1 DAGs
[2024-09-02T04:16:21.306+0000] {logging_mixin.py:190} INFO - [2024-09-02T04:16:21.305+0000] {dag.py:4138} INFO - Setting next_dagrun for example_trigger_target_dag to None, run_after=None
[2024-09-02T04:16:21.346+0000] {processor.py:208} INFO - Processing /home/airflow/.local/lib/python3.12/site-packages/airflow/example_dags/example_trigger_target_dag.py took 0.148 seconds
[2024-09-02T04:16:51.703+0000] {processor.py:186} INFO - Started process (PID=476) to work on /home/airflow/.local/lib/python3.12/site-packages/airflow/example_dags/example_trigger_target_dag.py
[2024-09-02T04:16:51.705+0000] {processor.py:914} INFO - Processing file /home/airflow/.local/lib/python3.12/site-packages/airflow/example_dags/example_trigger_target_dag.py for tasks to queue
[2024-09-02T04:16:51.711+0000] {logging_mixin.py:190} INFO - [2024-09-02T04:16:51.710+0000] {dagbag.py:587} INFO - Filling up the DagBag from /home/airflow/.local/lib/python3.12/site-packages/airflow/example_dags/example_trigger_target_dag.py
[2024-09-02T04:16:51.731+0000] {processor.py:925} INFO - DAG(s) 'example_trigger_target_dag' retrieved from /home/airflow/.local/lib/python3.12/site-packages/airflow/example_dags/example_trigger_target_dag.py
[2024-09-02T04:16:51.784+0000] {logging_mixin.py:190} INFO - [2024-09-02T04:16:51.783+0000] {dag.py:3211} INFO - Sync 1 DAGs
[2024-09-02T04:16:51.825+0000] {logging_mixin.py:190} INFO - [2024-09-02T04:16:51.824+0000] {dag.py:4138} INFO - Setting next_dagrun for example_trigger_target_dag to None, run_after=None
[2024-09-02T04:16:51.877+0000] {processor.py:208} INFO - Processing /home/airflow/.local/lib/python3.12/site-packages/airflow/example_dags/example_trigger_target_dag.py took 0.187 seconds
[2024-09-02T04:17:21.990+0000] {processor.py:186} INFO - Started process (PID=539) to work on /home/airflow/.local/lib/python3.12/site-packages/airflow/example_dags/example_trigger_target_dag.py
[2024-09-02T04:17:21.991+0000] {processor.py:914} INFO - Processing file /home/airflow/.local/lib/python3.12/site-packages/airflow/example_dags/example_trigger_target_dag.py for tasks to queue
[2024-09-02T04:17:21.997+0000] {logging_mixin.py:190} INFO - [2024-09-02T04:17:21.996+0000] {dagbag.py:587} INFO - Filling up the DagBag from /home/airflow/.local/lib/python3.12/site-packages/airflow/example_dags/example_trigger_target_dag.py
[2024-09-02T04:17:22.011+0000] {processor.py:925} INFO - DAG(s) 'example_trigger_target_dag' retrieved from /home/airflow/.local/lib/python3.12/site-packages/airflow/example_dags/example_trigger_target_dag.py
[2024-09-02T04:17:22.045+0000] {logging_mixin.py:190} INFO - [2024-09-02T04:17:22.045+0000] {dag.py:3211} INFO - Sync 1 DAGs
[2024-09-02T04:17:22.075+0000] {logging_mixin.py:190} INFO - [2024-09-02T04:17:22.074+0000] {dag.py:4138} INFO - Setting next_dagrun for example_trigger_target_dag to None, run_after=None
[2024-09-02T04:17:22.107+0000] {processor.py:208} INFO - Processing /home/airflow/.local/lib/python3.12/site-packages/airflow/example_dags/example_trigger_target_dag.py took 0.129 seconds
[2024-09-02T04:17:52.702+0000] {processor.py:186} INFO - Started process (PID=602) to work on /home/airflow/.local/lib/python3.12/site-packages/airflow/example_dags/example_trigger_target_dag.py
[2024-09-02T04:17:52.704+0000] {processor.py:914} INFO - Processing file /home/airflow/.local/lib/python3.12/site-packages/airflow/example_dags/example_trigger_target_dag.py for tasks to queue
[2024-09-02T04:17:52.712+0000] {logging_mixin.py:190} INFO - [2024-09-02T04:17:52.711+0000] {dagbag.py:587} INFO - Filling up the DagBag from /home/airflow/.local/lib/python3.12/site-packages/airflow/example_dags/example_trigger_target_dag.py
[2024-09-02T04:17:52.729+0000] {processor.py:925} INFO - DAG(s) 'example_trigger_target_dag' retrieved from /home/airflow/.local/lib/python3.12/site-packages/airflow/example_dags/example_trigger_target_dag.py
[2024-09-02T04:17:52.768+0000] {logging_mixin.py:190} INFO - [2024-09-02T04:17:52.767+0000] {dag.py:3211} INFO - Sync 1 DAGs
[2024-09-02T04:17:52.801+0000] {logging_mixin.py:190} INFO - [2024-09-02T04:17:52.801+0000] {dag.py:4138} INFO - Setting next_dagrun for example_trigger_target_dag to None, run_after=None
[2024-09-02T04:17:52.842+0000] {processor.py:208} INFO - Processing /home/airflow/.local/lib/python3.12/site-packages/airflow/example_dags/example_trigger_target_dag.py took 0.153 seconds
[2024-09-02T04:18:23.105+0000] {processor.py:186} INFO - Started process (PID=665) to work on /home/airflow/.local/lib/python3.12/site-packages/airflow/example_dags/example_trigger_target_dag.py
[2024-09-02T04:18:23.107+0000] {processor.py:914} INFO - Processing file /home/airflow/.local/lib/python3.12/site-packages/airflow/example_dags/example_trigger_target_dag.py for tasks to queue
[2024-09-02T04:18:23.112+0000] {logging_mixin.py:190} INFO - [2024-09-02T04:18:23.111+0000] {dagbag.py:587} INFO - Filling up the DagBag from /home/airflow/.local/lib/python3.12/site-packages/airflow/example_dags/example_trigger_target_dag.py
[2024-09-02T04:18:23.127+0000] {processor.py:925} INFO - DAG(s) 'example_trigger_target_dag' retrieved from /home/airflow/.local/lib/python3.12/site-packages/airflow/example_dags/example_trigger_target_dag.py
[2024-09-02T04:18:23.161+0000] {logging_mixin.py:190} INFO - [2024-09-02T04:18:23.161+0000] {dag.py:3211} INFO - Sync 1 DAGs
[2024-09-02T04:18:23.190+0000] {logging_mixin.py:190} INFO - [2024-09-02T04:18:23.189+0000] {dag.py:4138} INFO - Setting next_dagrun for example_trigger_target_dag to None, run_after=None
[2024-09-02T04:18:23.223+0000] {processor.py:208} INFO - Processing /home/airflow/.local/lib/python3.12/site-packages/airflow/example_dags/example_trigger_target_dag.py took 0.129 seconds
[2024-09-02T04:18:53.868+0000] {processor.py:186} INFO - Started process (PID=728) to work on /home/airflow/.local/lib/python3.12/site-packages/airflow/example_dags/example_trigger_target_dag.py
[2024-09-02T04:18:53.869+0000] {processor.py:914} INFO - Processing file /home/airflow/.local/lib/python3.12/site-packages/airflow/example_dags/example_trigger_target_dag.py for tasks to queue
[2024-09-02T04:18:53.875+0000] {logging_mixin.py:190} INFO - [2024-09-02T04:18:53.874+0000] {dagbag.py:587} INFO - Filling up the DagBag from /home/airflow/.local/lib/python3.12/site-packages/airflow/example_dags/example_trigger_target_dag.py
[2024-09-02T04:18:53.890+0000] {processor.py:925} INFO - DAG(s) 'example_trigger_target_dag' retrieved from /home/airflow/.local/lib/python3.12/site-packages/airflow/example_dags/example_trigger_target_dag.py
[2024-09-02T04:18:53.928+0000] {logging_mixin.py:190} INFO - [2024-09-02T04:18:53.928+0000] {dag.py:3211} INFO - Sync 1 DAGs
[2024-09-02T04:18:53.960+0000] {logging_mixin.py:190} INFO - [2024-09-02T04:18:53.959+0000] {dag.py:4138} INFO - Setting next_dagrun for example_trigger_target_dag to None, run_after=None
[2024-09-02T04:18:53.993+0000] {processor.py:208} INFO - Processing /home/airflow/.local/lib/python3.12/site-packages/airflow/example_dags/example_trigger_target_dag.py took 0.138 seconds
[2024-09-02T04:19:24.780+0000] {processor.py:186} INFO - Started process (PID=790) to work on /home/airflow/.local/lib/python3.12/site-packages/airflow/example_dags/example_trigger_target_dag.py
[2024-09-02T04:19:24.783+0000] {processor.py:914} INFO - Processing file /home/airflow/.local/lib/python3.12/site-packages/airflow/example_dags/example_trigger_target_dag.py for tasks to queue
[2024-09-02T04:19:24.797+0000] {logging_mixin.py:190} INFO - [2024-09-02T04:19:24.790+0000] {dagbag.py:587} INFO - Filling up the DagBag from /home/airflow/.local/lib/python3.12/site-packages/airflow/example_dags/example_trigger_target_dag.py
[2024-09-02T04:19:24.825+0000] {processor.py:925} INFO - DAG(s) 'example_trigger_target_dag' retrieved from /home/airflow/.local/lib/python3.12/site-packages/airflow/example_dags/example_trigger_target_dag.py
[2024-09-02T04:19:24.923+0000] {logging_mixin.py:190} INFO - [2024-09-02T04:19:24.920+0000] {dag.py:3211} INFO - Sync 1 DAGs
[2024-09-02T04:19:24.988+0000] {logging_mixin.py:190} INFO - [2024-09-02T04:19:24.987+0000] {dag.py:4138} INFO - Setting next_dagrun for example_trigger_target_dag to None, run_after=None
[2024-09-02T04:19:25.043+0000] {processor.py:208} INFO - Processing /home/airflow/.local/lib/python3.12/site-packages/airflow/example_dags/example_trigger_target_dag.py took 0.297 seconds
[2024-09-02T04:19:56.135+0000] {processor.py:186} INFO - Started process (PID=853) to work on /home/airflow/.local/lib/python3.12/site-packages/airflow/example_dags/example_trigger_target_dag.py
[2024-09-02T04:19:56.138+0000] {processor.py:914} INFO - Processing file /home/airflow/.local/lib/python3.12/site-packages/airflow/example_dags/example_trigger_target_dag.py for tasks to queue
[2024-09-02T04:19:56.144+0000] {logging_mixin.py:190} INFO - [2024-09-02T04:19:56.143+0000] {dagbag.py:587} INFO - Filling up the DagBag from /home/airflow/.local/lib/python3.12/site-packages/airflow/example_dags/example_trigger_target_dag.py
[2024-09-02T04:19:56.169+0000] {processor.py:925} INFO - DAG(s) 'example_trigger_target_dag' retrieved from /home/airflow/.local/lib/python3.12/site-packages/airflow/example_dags/example_trigger_target_dag.py
[2024-09-02T04:19:56.235+0000] {logging_mixin.py:190} INFO - [2024-09-02T04:19:56.234+0000] {dag.py:3211} INFO - Sync 1 DAGs
[2024-09-02T04:19:56.275+0000] {logging_mixin.py:190} INFO - [2024-09-02T04:19:56.274+0000] {dag.py:4138} INFO - Setting next_dagrun for example_trigger_target_dag to None, run_after=None
[2024-09-02T04:19:56.339+0000] {processor.py:208} INFO - Processing /home/airflow/.local/lib/python3.12/site-packages/airflow/example_dags/example_trigger_target_dag.py took 0.219 seconds
[2024-09-02T04:20:26.725+0000] {processor.py:186} INFO - Started process (PID=916) to work on /home/airflow/.local/lib/python3.12/site-packages/airflow/example_dags/example_trigger_target_dag.py
[2024-09-02T04:20:26.727+0000] {processor.py:914} INFO - Processing file /home/airflow/.local/lib/python3.12/site-packages/airflow/example_dags/example_trigger_target_dag.py for tasks to queue
[2024-09-02T04:20:26.733+0000] {logging_mixin.py:190} INFO - [2024-09-02T04:20:26.732+0000] {dagbag.py:587} INFO - Filling up the DagBag from /home/airflow/.local/lib/python3.12/site-packages/airflow/example_dags/example_trigger_target_dag.py
[2024-09-02T04:20:26.750+0000] {processor.py:925} INFO - DAG(s) 'example_trigger_target_dag' retrieved from /home/airflow/.local/lib/python3.12/site-packages/airflow/example_dags/example_trigger_target_dag.py
[2024-09-02T04:20:26.793+0000] {logging_mixin.py:190} INFO - [2024-09-02T04:20:26.792+0000] {dag.py:3211} INFO - Sync 1 DAGs
[2024-09-02T04:20:26.829+0000] {logging_mixin.py:190} INFO - [2024-09-02T04:20:26.829+0000] {dag.py:4138} INFO - Setting next_dagrun for example_trigger_target_dag to None, run_after=None
[2024-09-02T04:20:26.875+0000] {processor.py:208} INFO - Processing /home/airflow/.local/lib/python3.12/site-packages/airflow/example_dags/example_trigger_target_dag.py took 0.164 seconds
[2024-09-02T04:20:57.982+0000] {processor.py:186} INFO - Started process (PID=980) to work on /home/airflow/.local/lib/python3.12/site-packages/airflow/example_dags/example_trigger_target_dag.py
[2024-09-02T04:20:58.002+0000] {processor.py:914} INFO - Processing file /home/airflow/.local/lib/python3.12/site-packages/airflow/example_dags/example_trigger_target_dag.py for tasks to queue
[2024-09-02T04:20:58.025+0000] {logging_mixin.py:190} INFO - [2024-09-02T04:20:58.024+0000] {dagbag.py:587} INFO - Filling up the DagBag from /home/airflow/.local/lib/python3.12/site-packages/airflow/example_dags/example_trigger_target_dag.py
[2024-09-02T04:20:58.078+0000] {processor.py:925} INFO - DAG(s) 'example_trigger_target_dag' retrieved from /home/airflow/.local/lib/python3.12/site-packages/airflow/example_dags/example_trigger_target_dag.py
[2024-09-02T04:20:58.211+0000] {logging_mixin.py:190} INFO - [2024-09-02T04:20:58.210+0000] {dag.py:3211} INFO - Sync 1 DAGs
[2024-09-02T04:20:58.303+0000] {logging_mixin.py:190} INFO - [2024-09-02T04:20:58.302+0000] {dag.py:4138} INFO - Setting next_dagrun for example_trigger_target_dag to None, run_after=None
[2024-09-02T04:20:58.428+0000] {processor.py:208} INFO - Processing /home/airflow/.local/lib/python3.12/site-packages/airflow/example_dags/example_trigger_target_dag.py took 0.481 seconds
[2024-09-02T04:21:39.907+0000] {processor.py:186} INFO - Started process (PID=1043) to work on /home/airflow/.local/lib/python3.12/site-packages/airflow/example_dags/example_trigger_target_dag.py
[2024-09-02T04:21:39.924+0000] {processor.py:914} INFO - Processing file /home/airflow/.local/lib/python3.12/site-packages/airflow/example_dags/example_trigger_target_dag.py for tasks to queue
[2024-09-02T04:21:39.933+0000] {logging_mixin.py:190} INFO - [2024-09-02T04:21:39.932+0000] {dagbag.py:587} INFO - Filling up the DagBag from /home/airflow/.local/lib/python3.12/site-packages/airflow/example_dags/example_trigger_target_dag.py
[2024-09-02T04:21:39.980+0000] {processor.py:925} INFO - DAG(s) 'example_trigger_target_dag' retrieved from /home/airflow/.local/lib/python3.12/site-packages/airflow/example_dags/example_trigger_target_dag.py
[2024-09-02T04:21:40.096+0000] {logging_mixin.py:190} INFO - [2024-09-02T04:21:40.096+0000] {dag.py:3211} INFO - Sync 1 DAGs
[2024-09-02T04:21:40.188+0000] {logging_mixin.py:190} INFO - [2024-09-02T04:21:40.187+0000] {dag.py:4138} INFO - Setting next_dagrun for example_trigger_target_dag to None, run_after=None
[2024-09-02T04:21:40.311+0000] {processor.py:208} INFO - Processing /home/airflow/.local/lib/python3.12/site-packages/airflow/example_dags/example_trigger_target_dag.py took 0.443 seconds
[2024-09-02T04:22:11.003+0000] {processor.py:186} INFO - Started process (PID=1106) to work on /home/airflow/.local/lib/python3.12/site-packages/airflow/example_dags/example_trigger_target_dag.py
[2024-09-02T04:22:11.023+0000] {processor.py:914} INFO - Processing file /home/airflow/.local/lib/python3.12/site-packages/airflow/example_dags/example_trigger_target_dag.py for tasks to queue
[2024-09-02T04:22:11.034+0000] {logging_mixin.py:190} INFO - [2024-09-02T04:22:11.033+0000] {dagbag.py:587} INFO - Filling up the DagBag from /home/airflow/.local/lib/python3.12/site-packages/airflow/example_dags/example_trigger_target_dag.py
[2024-09-02T04:22:11.095+0000] {processor.py:925} INFO - DAG(s) 'example_trigger_target_dag' retrieved from /home/airflow/.local/lib/python3.12/site-packages/airflow/example_dags/example_trigger_target_dag.py
[2024-09-02T04:22:11.204+0000] {logging_mixin.py:190} INFO - [2024-09-02T04:22:11.204+0000] {dag.py:3211} INFO - Sync 1 DAGs
[2024-09-02T04:22:11.330+0000] {logging_mixin.py:190} INFO - [2024-09-02T04:22:11.329+0000] {dag.py:4138} INFO - Setting next_dagrun for example_trigger_target_dag to None, run_after=None
[2024-09-02T04:22:11.487+0000] {processor.py:208} INFO - Processing /home/airflow/.local/lib/python3.12/site-packages/airflow/example_dags/example_trigger_target_dag.py took 0.525 seconds
[2024-09-02T04:23:08.097+0000] {processor.py:186} INFO - Started process (PID=1164) to work on /home/airflow/.local/lib/python3.12/site-packages/airflow/example_dags/example_trigger_target_dag.py
[2024-09-02T04:23:08.109+0000] {processor.py:914} INFO - Processing file /home/airflow/.local/lib/python3.12/site-packages/airflow/example_dags/example_trigger_target_dag.py for tasks to queue
[2024-09-02T04:23:08.131+0000] {logging_mixin.py:190} INFO - [2024-09-02T04:23:08.130+0000] {dagbag.py:587} INFO - Filling up the DagBag from /home/airflow/.local/lib/python3.12/site-packages/airflow/example_dags/example_trigger_target_dag.py
[2024-09-02T04:23:08.199+0000] {processor.py:925} INFO - DAG(s) 'example_trigger_target_dag' retrieved from /home/airflow/.local/lib/python3.12/site-packages/airflow/example_dags/example_trigger_target_dag.py
[2024-09-02T04:23:08.345+0000] {logging_mixin.py:190} INFO - [2024-09-02T04:23:08.332+0000] {dag.py:3211} INFO - Sync 1 DAGs
[2024-09-02T04:23:08.467+0000] {logging_mixin.py:190} INFO - [2024-09-02T04:23:08.467+0000] {dag.py:4138} INFO - Setting next_dagrun for example_trigger_target_dag to None, run_after=None
[2024-09-02T04:23:08.699+0000] {processor.py:208} INFO - Processing /home/airflow/.local/lib/python3.12/site-packages/airflow/example_dags/example_trigger_target_dag.py took 0.652 seconds
[2024-09-02T04:26:07.055+0000] {processor.py:186} INFO - Started process (PID=82) to work on /home/airflow/.local/lib/python3.12/site-packages/airflow/example_dags/example_trigger_target_dag.py
[2024-09-02T04:26:07.068+0000] {processor.py:914} INFO - Processing file /home/airflow/.local/lib/python3.12/site-packages/airflow/example_dags/example_trigger_target_dag.py for tasks to queue
[2024-09-02T04:26:07.083+0000] {logging_mixin.py:190} INFO - [2024-09-02T04:26:07.082+0000] {dagbag.py:587} INFO - Filling up the DagBag from /home/airflow/.local/lib/python3.12/site-packages/airflow/example_dags/example_trigger_target_dag.py
[2024-09-02T04:26:07.110+0000] {processor.py:925} INFO - DAG(s) 'example_trigger_target_dag' retrieved from /home/airflow/.local/lib/python3.12/site-packages/airflow/example_dags/example_trigger_target_dag.py
[2024-09-02T04:26:07.338+0000] {logging_mixin.py:190} INFO - [2024-09-02T04:26:07.337+0000] {dag.py:3211} INFO - Sync 1 DAGs
[2024-09-02T04:26:07.472+0000] {logging_mixin.py:190} INFO - [2024-09-02T04:26:07.471+0000] {dag.py:4138} INFO - Setting next_dagrun for example_trigger_target_dag to None, run_after=None
[2024-09-02T04:26:07.616+0000] {processor.py:208} INFO - Processing /home/airflow/.local/lib/python3.12/site-packages/airflow/example_dags/example_trigger_target_dag.py took 0.588 seconds
[2024-09-02T04:27:02.385+0000] {processor.py:186} INFO - Started process (PID=144) to work on /home/airflow/.local/lib/python3.12/site-packages/airflow/example_dags/example_trigger_target_dag.py
[2024-09-02T04:27:02.400+0000] {processor.py:914} INFO - Processing file /home/airflow/.local/lib/python3.12/site-packages/airflow/example_dags/example_trigger_target_dag.py for tasks to queue
[2024-09-02T04:27:02.476+0000] {logging_mixin.py:190} INFO - [2024-09-02T04:27:02.475+0000] {dagbag.py:587} INFO - Filling up the DagBag from /home/airflow/.local/lib/python3.12/site-packages/airflow/example_dags/example_trigger_target_dag.py
[2024-09-02T04:27:02.549+0000] {processor.py:925} INFO - DAG(s) 'example_trigger_target_dag' retrieved from /home/airflow/.local/lib/python3.12/site-packages/airflow/example_dags/example_trigger_target_dag.py
[2024-09-02T04:27:02.692+0000] {logging_mixin.py:190} INFO - [2024-09-02T04:27:02.692+0000] {dag.py:3211} INFO - Sync 1 DAGs
[2024-09-02T04:27:02.796+0000] {logging_mixin.py:190} INFO - [2024-09-02T04:27:02.795+0000] {dag.py:4138} INFO - Setting next_dagrun for example_trigger_target_dag to None, run_after=None
[2024-09-02T04:27:02.920+0000] {processor.py:208} INFO - Processing /home/airflow/.local/lib/python3.12/site-packages/airflow/example_dags/example_trigger_target_dag.py took 0.601 seconds
[2024-09-02T04:27:33.400+0000] {processor.py:186} INFO - Started process (PID=207) to work on /home/airflow/.local/lib/python3.12/site-packages/airflow/example_dags/example_trigger_target_dag.py
[2024-09-02T04:27:33.403+0000] {processor.py:914} INFO - Processing file /home/airflow/.local/lib/python3.12/site-packages/airflow/example_dags/example_trigger_target_dag.py for tasks to queue
[2024-09-02T04:27:33.409+0000] {logging_mixin.py:190} INFO - [2024-09-02T04:27:33.408+0000] {dagbag.py:587} INFO - Filling up the DagBag from /home/airflow/.local/lib/python3.12/site-packages/airflow/example_dags/example_trigger_target_dag.py
[2024-09-02T04:27:33.428+0000] {processor.py:925} INFO - DAG(s) 'example_trigger_target_dag' retrieved from /home/airflow/.local/lib/python3.12/site-packages/airflow/example_dags/example_trigger_target_dag.py
[2024-09-02T04:27:33.496+0000] {logging_mixin.py:190} INFO - [2024-09-02T04:27:33.496+0000] {dag.py:3211} INFO - Sync 1 DAGs
[2024-09-02T04:27:33.550+0000] {logging_mixin.py:190} INFO - [2024-09-02T04:27:33.549+0000] {dag.py:4138} INFO - Setting next_dagrun for example_trigger_target_dag to None, run_after=None
[2024-09-02T04:27:33.612+0000] {processor.py:208} INFO - Processing /home/airflow/.local/lib/python3.12/site-packages/airflow/example_dags/example_trigger_target_dag.py took 0.225 seconds
[2024-09-02T04:28:03.899+0000] {processor.py:186} INFO - Started process (PID=270) to work on /home/airflow/.local/lib/python3.12/site-packages/airflow/example_dags/example_trigger_target_dag.py
[2024-09-02T04:28:03.902+0000] {processor.py:914} INFO - Processing file /home/airflow/.local/lib/python3.12/site-packages/airflow/example_dags/example_trigger_target_dag.py for tasks to queue
[2024-09-02T04:28:03.913+0000] {logging_mixin.py:190} INFO - [2024-09-02T04:28:03.912+0000] {dagbag.py:587} INFO - Filling up the DagBag from /home/airflow/.local/lib/python3.12/site-packages/airflow/example_dags/example_trigger_target_dag.py
[2024-09-02T04:28:03.939+0000] {processor.py:925} INFO - DAG(s) 'example_trigger_target_dag' retrieved from /home/airflow/.local/lib/python3.12/site-packages/airflow/example_dags/example_trigger_target_dag.py
[2024-09-02T04:28:03.994+0000] {logging_mixin.py:190} INFO - [2024-09-02T04:28:03.994+0000] {dag.py:3211} INFO - Sync 1 DAGs
[2024-09-02T04:28:04.039+0000] {logging_mixin.py:190} INFO - [2024-09-02T04:28:04.039+0000] {dag.py:4138} INFO - Setting next_dagrun for example_trigger_target_dag to None, run_after=None
[2024-09-02T04:28:04.091+0000] {processor.py:208} INFO - Processing /home/airflow/.local/lib/python3.12/site-packages/airflow/example_dags/example_trigger_target_dag.py took 0.213 seconds
[2024-09-02T04:28:34.372+0000] {processor.py:186} INFO - Started process (PID=333) to work on /home/airflow/.local/lib/python3.12/site-packages/airflow/example_dags/example_trigger_target_dag.py
[2024-09-02T04:28:34.374+0000] {processor.py:914} INFO - Processing file /home/airflow/.local/lib/python3.12/site-packages/airflow/example_dags/example_trigger_target_dag.py for tasks to queue
[2024-09-02T04:28:34.380+0000] {logging_mixin.py:190} INFO - [2024-09-02T04:28:34.379+0000] {dagbag.py:587} INFO - Filling up the DagBag from /home/airflow/.local/lib/python3.12/site-packages/airflow/example_dags/example_trigger_target_dag.py
[2024-09-02T04:28:34.423+0000] {processor.py:925} INFO - DAG(s) 'example_trigger_target_dag' retrieved from /home/airflow/.local/lib/python3.12/site-packages/airflow/example_dags/example_trigger_target_dag.py
[2024-09-02T04:28:34.552+0000] {logging_mixin.py:190} INFO - [2024-09-02T04:28:34.551+0000] {dag.py:3211} INFO - Sync 1 DAGs
[2024-09-02T04:28:34.652+0000] {logging_mixin.py:190} INFO - [2024-09-02T04:28:34.651+0000] {dag.py:4138} INFO - Setting next_dagrun for example_trigger_target_dag to None, run_after=None
[2024-09-02T04:28:34.786+0000] {processor.py:208} INFO - Processing /home/airflow/.local/lib/python3.12/site-packages/airflow/example_dags/example_trigger_target_dag.py took 0.449 seconds
[2024-09-02T04:29:05.729+0000] {processor.py:186} INFO - Started process (PID=397) to work on /home/airflow/.local/lib/python3.12/site-packages/airflow/example_dags/example_trigger_target_dag.py
[2024-09-02T04:29:05.733+0000] {processor.py:914} INFO - Processing file /home/airflow/.local/lib/python3.12/site-packages/airflow/example_dags/example_trigger_target_dag.py for tasks to queue
[2024-09-02T04:29:05.739+0000] {logging_mixin.py:190} INFO - [2024-09-02T04:29:05.739+0000] {dagbag.py:587} INFO - Filling up the DagBag from /home/airflow/.local/lib/python3.12/site-packages/airflow/example_dags/example_trigger_target_dag.py
[2024-09-02T04:29:05.762+0000] {processor.py:925} INFO - DAG(s) 'example_trigger_target_dag' retrieved from /home/airflow/.local/lib/python3.12/site-packages/airflow/example_dags/example_trigger_target_dag.py
[2024-09-02T04:29:05.815+0000] {logging_mixin.py:190} INFO - [2024-09-02T04:29:05.815+0000] {dag.py:3211} INFO - Sync 1 DAGs
[2024-09-02T04:29:05.934+0000] {logging_mixin.py:190} INFO - [2024-09-02T04:29:05.933+0000] {dag.py:4138} INFO - Setting next_dagrun for example_trigger_target_dag to None, run_after=None
[2024-09-02T04:29:06.061+0000] {processor.py:208} INFO - Processing /home/airflow/.local/lib/python3.12/site-packages/airflow/example_dags/example_trigger_target_dag.py took 0.348 seconds
[2024-09-02T04:29:36.566+0000] {processor.py:186} INFO - Started process (PID=466) to work on /home/airflow/.local/lib/python3.12/site-packages/airflow/example_dags/example_trigger_target_dag.py
[2024-09-02T04:29:36.578+0000] {processor.py:914} INFO - Processing file /home/airflow/.local/lib/python3.12/site-packages/airflow/example_dags/example_trigger_target_dag.py for tasks to queue
[2024-09-02T04:29:36.584+0000] {logging_mixin.py:190} INFO - [2024-09-02T04:29:36.583+0000] {dagbag.py:587} INFO - Filling up the DagBag from /home/airflow/.local/lib/python3.12/site-packages/airflow/example_dags/example_trigger_target_dag.py
[2024-09-02T04:29:36.609+0000] {processor.py:925} INFO - DAG(s) 'example_trigger_target_dag' retrieved from /home/airflow/.local/lib/python3.12/site-packages/airflow/example_dags/example_trigger_target_dag.py
[2024-09-02T04:29:36.678+0000] {logging_mixin.py:190} INFO - [2024-09-02T04:29:36.678+0000] {dag.py:3211} INFO - Sync 1 DAGs
[2024-09-02T04:29:36.723+0000] {logging_mixin.py:190} INFO - [2024-09-02T04:29:36.722+0000] {dag.py:4138} INFO - Setting next_dagrun for example_trigger_target_dag to None, run_after=None
[2024-09-02T04:29:36.784+0000] {processor.py:208} INFO - Processing /home/airflow/.local/lib/python3.12/site-packages/airflow/example_dags/example_trigger_target_dag.py took 0.250 seconds
[2024-09-02T04:30:07.119+0000] {processor.py:186} INFO - Started process (PID=530) to work on /home/airflow/.local/lib/python3.12/site-packages/airflow/example_dags/example_trigger_target_dag.py
[2024-09-02T04:30:07.121+0000] {processor.py:914} INFO - Processing file /home/airflow/.local/lib/python3.12/site-packages/airflow/example_dags/example_trigger_target_dag.py for tasks to queue
[2024-09-02T04:30:07.127+0000] {logging_mixin.py:190} INFO - [2024-09-02T04:30:07.127+0000] {dagbag.py:587} INFO - Filling up the DagBag from /home/airflow/.local/lib/python3.12/site-packages/airflow/example_dags/example_trigger_target_dag.py
[2024-09-02T04:30:07.178+0000] {processor.py:925} INFO - DAG(s) 'example_trigger_target_dag' retrieved from /home/airflow/.local/lib/python3.12/site-packages/airflow/example_dags/example_trigger_target_dag.py
[2024-09-02T04:30:07.334+0000] {logging_mixin.py:190} INFO - [2024-09-02T04:30:07.333+0000] {dag.py:3211} INFO - Sync 1 DAGs
[2024-09-02T04:30:07.398+0000] {logging_mixin.py:190} INFO - [2024-09-02T04:30:07.398+0000] {dag.py:4138} INFO - Setting next_dagrun for example_trigger_target_dag to None, run_after=None
[2024-09-02T04:30:07.522+0000] {processor.py:208} INFO - Processing /home/airflow/.local/lib/python3.12/site-packages/airflow/example_dags/example_trigger_target_dag.py took 0.416 seconds
[2024-09-02T04:30:37.942+0000] {processor.py:186} INFO - Started process (PID=593) to work on /home/airflow/.local/lib/python3.12/site-packages/airflow/example_dags/example_trigger_target_dag.py
[2024-09-02T04:30:37.953+0000] {processor.py:914} INFO - Processing file /home/airflow/.local/lib/python3.12/site-packages/airflow/example_dags/example_trigger_target_dag.py for tasks to queue
[2024-09-02T04:30:37.959+0000] {logging_mixin.py:190} INFO - [2024-09-02T04:30:37.958+0000] {dagbag.py:587} INFO - Filling up the DagBag from /home/airflow/.local/lib/python3.12/site-packages/airflow/example_dags/example_trigger_target_dag.py
[2024-09-02T04:30:38.020+0000] {processor.py:925} INFO - DAG(s) 'example_trigger_target_dag' retrieved from /home/airflow/.local/lib/python3.12/site-packages/airflow/example_dags/example_trigger_target_dag.py
[2024-09-02T04:30:38.127+0000] {logging_mixin.py:190} INFO - [2024-09-02T04:30:38.126+0000] {dag.py:3211} INFO - Sync 1 DAGs
[2024-09-02T04:30:38.218+0000] {logging_mixin.py:190} INFO - [2024-09-02T04:30:38.217+0000] {dag.py:4138} INFO - Setting next_dagrun for example_trigger_target_dag to None, run_after=None
[2024-09-02T04:30:38.296+0000] {processor.py:208} INFO - Processing /home/airflow/.local/lib/python3.12/site-packages/airflow/example_dags/example_trigger_target_dag.py took 0.407 seconds
[2024-09-02T04:31:12.227+0000] {processor.py:186} INFO - Started process (PID=655) to work on /home/airflow/.local/lib/python3.12/site-packages/airflow/example_dags/example_trigger_target_dag.py
[2024-09-02T04:31:12.229+0000] {processor.py:914} INFO - Processing file /home/airflow/.local/lib/python3.12/site-packages/airflow/example_dags/example_trigger_target_dag.py for tasks to queue
[2024-09-02T04:31:12.235+0000] {logging_mixin.py:190} INFO - [2024-09-02T04:31:12.234+0000] {dagbag.py:587} INFO - Filling up the DagBag from /home/airflow/.local/lib/python3.12/site-packages/airflow/example_dags/example_trigger_target_dag.py
[2024-09-02T04:31:12.282+0000] {processor.py:925} INFO - DAG(s) 'example_trigger_target_dag' retrieved from /home/airflow/.local/lib/python3.12/site-packages/airflow/example_dags/example_trigger_target_dag.py
[2024-09-02T04:31:12.437+0000] {logging_mixin.py:190} INFO - [2024-09-02T04:31:12.436+0000] {dag.py:3211} INFO - Sync 1 DAGs
[2024-09-02T04:31:12.508+0000] {logging_mixin.py:190} INFO - [2024-09-02T04:31:12.508+0000] {dag.py:4138} INFO - Setting next_dagrun for example_trigger_target_dag to None, run_after=None
[2024-09-02T04:31:12.632+0000] {processor.py:208} INFO - Processing /home/airflow/.local/lib/python3.12/site-packages/airflow/example_dags/example_trigger_target_dag.py took 0.447 seconds
[2024-09-02T04:31:44.477+0000] {processor.py:186} INFO - Started process (PID=718) to work on /home/airflow/.local/lib/python3.12/site-packages/airflow/example_dags/example_trigger_target_dag.py
[2024-09-02T04:31:44.490+0000] {processor.py:914} INFO - Processing file /home/airflow/.local/lib/python3.12/site-packages/airflow/example_dags/example_trigger_target_dag.py for tasks to queue
[2024-09-02T04:31:44.507+0000] {logging_mixin.py:190} INFO - [2024-09-02T04:31:44.507+0000] {dagbag.py:587} INFO - Filling up the DagBag from /home/airflow/.local/lib/python3.12/site-packages/airflow/example_dags/example_trigger_target_dag.py
[2024-09-02T04:31:44.572+0000] {processor.py:925} INFO - DAG(s) 'example_trigger_target_dag' retrieved from /home/airflow/.local/lib/python3.12/site-packages/airflow/example_dags/example_trigger_target_dag.py
[2024-09-02T04:31:44.718+0000] {logging_mixin.py:190} INFO - [2024-09-02T04:31:44.718+0000] {dag.py:3211} INFO - Sync 1 DAGs
[2024-09-02T04:31:44.969+0000] {logging_mixin.py:190} INFO - [2024-09-02T04:31:44.969+0000] {dag.py:4138} INFO - Setting next_dagrun for example_trigger_target_dag to None, run_after=None
[2024-09-02T04:31:45.325+0000] {processor.py:208} INFO - Processing /home/airflow/.local/lib/python3.12/site-packages/airflow/example_dags/example_trigger_target_dag.py took 0.898 seconds
[2024-09-02T04:32:15.918+0000] {processor.py:186} INFO - Started process (PID=781) to work on /home/airflow/.local/lib/python3.12/site-packages/airflow/example_dags/example_trigger_target_dag.py
[2024-09-02T04:32:15.921+0000] {processor.py:914} INFO - Processing file /home/airflow/.local/lib/python3.12/site-packages/airflow/example_dags/example_trigger_target_dag.py for tasks to queue
[2024-09-02T04:32:15.937+0000] {logging_mixin.py:190} INFO - [2024-09-02T04:32:15.936+0000] {dagbag.py:587} INFO - Filling up the DagBag from /home/airflow/.local/lib/python3.12/site-packages/airflow/example_dags/example_trigger_target_dag.py
[2024-09-02T04:32:16.001+0000] {processor.py:925} INFO - DAG(s) 'example_trigger_target_dag' retrieved from /home/airflow/.local/lib/python3.12/site-packages/airflow/example_dags/example_trigger_target_dag.py
[2024-09-02T04:32:16.134+0000] {logging_mixin.py:190} INFO - [2024-09-02T04:32:16.134+0000] {dag.py:3211} INFO - Sync 1 DAGs
[2024-09-02T04:32:16.239+0000] {logging_mixin.py:190} INFO - [2024-09-02T04:32:16.238+0000] {dag.py:4138} INFO - Setting next_dagrun for example_trigger_target_dag to None, run_after=None
[2024-09-02T04:32:16.379+0000] {processor.py:208} INFO - Processing /home/airflow/.local/lib/python3.12/site-packages/airflow/example_dags/example_trigger_target_dag.py took 0.505 seconds
[2024-09-02T04:32:46.556+0000] {processor.py:186} INFO - Started process (PID=844) to work on /home/airflow/.local/lib/python3.12/site-packages/airflow/example_dags/example_trigger_target_dag.py
[2024-09-02T04:32:46.558+0000] {processor.py:914} INFO - Processing file /home/airflow/.local/lib/python3.12/site-packages/airflow/example_dags/example_trigger_target_dag.py for tasks to queue
[2024-09-02T04:32:46.573+0000] {logging_mixin.py:190} INFO - [2024-09-02T04:32:46.563+0000] {dagbag.py:587} INFO - Filling up the DagBag from /home/airflow/.local/lib/python3.12/site-packages/airflow/example_dags/example_trigger_target_dag.py
[2024-09-02T04:32:46.603+0000] {processor.py:925} INFO - DAG(s) 'example_trigger_target_dag' retrieved from /home/airflow/.local/lib/python3.12/site-packages/airflow/example_dags/example_trigger_target_dag.py
[2024-09-02T04:32:46.686+0000] {logging_mixin.py:190} INFO - [2024-09-02T04:32:46.685+0000] {dag.py:3211} INFO - Sync 1 DAGs
[2024-09-02T04:32:46.748+0000] {logging_mixin.py:190} INFO - [2024-09-02T04:32:46.747+0000] {dag.py:4138} INFO - Setting next_dagrun for example_trigger_target_dag to None, run_after=None
[2024-09-02T04:32:46.828+0000] {processor.py:208} INFO - Processing /home/airflow/.local/lib/python3.12/site-packages/airflow/example_dags/example_trigger_target_dag.py took 0.295 seconds
[2024-09-02T04:33:21.808+0000] {processor.py:186} INFO - Started process (PID=906) to work on /home/airflow/.local/lib/python3.12/site-packages/airflow/example_dags/example_trigger_target_dag.py
[2024-09-02T04:33:21.825+0000] {processor.py:914} INFO - Processing file /home/airflow/.local/lib/python3.12/site-packages/airflow/example_dags/example_trigger_target_dag.py for tasks to queue
[2024-09-02T04:33:21.839+0000] {logging_mixin.py:190} INFO - [2024-09-02T04:33:21.838+0000] {dagbag.py:587} INFO - Filling up the DagBag from /home/airflow/.local/lib/python3.12/site-packages/airflow/example_dags/example_trigger_target_dag.py
[2024-09-02T04:33:21.916+0000] {processor.py:925} INFO - DAG(s) 'example_trigger_target_dag' retrieved from /home/airflow/.local/lib/python3.12/site-packages/airflow/example_dags/example_trigger_target_dag.py
[2024-09-02T04:33:22.237+0000] {logging_mixin.py:190} INFO - [2024-09-02T04:33:22.236+0000] {dag.py:3211} INFO - Sync 1 DAGs
[2024-09-02T04:33:22.381+0000] {logging_mixin.py:190} INFO - [2024-09-02T04:33:22.380+0000] {dag.py:4138} INFO - Setting next_dagrun for example_trigger_target_dag to None, run_after=None
[2024-09-02T04:33:22.547+0000] {processor.py:208} INFO - Processing /home/airflow/.local/lib/python3.12/site-packages/airflow/example_dags/example_trigger_target_dag.py took 0.798 seconds
[2024-09-02T04:33:53.463+0000] {processor.py:186} INFO - Started process (PID=969) to work on /home/airflow/.local/lib/python3.12/site-packages/airflow/example_dags/example_trigger_target_dag.py
[2024-09-02T04:33:53.471+0000] {processor.py:914} INFO - Processing file /home/airflow/.local/lib/python3.12/site-packages/airflow/example_dags/example_trigger_target_dag.py for tasks to queue
[2024-09-02T04:33:53.489+0000] {logging_mixin.py:190} INFO - [2024-09-02T04:33:53.488+0000] {dagbag.py:587} INFO - Filling up the DagBag from /home/airflow/.local/lib/python3.12/site-packages/airflow/example_dags/example_trigger_target_dag.py
[2024-09-02T04:33:53.532+0000] {processor.py:925} INFO - DAG(s) 'example_trigger_target_dag' retrieved from /home/airflow/.local/lib/python3.12/site-packages/airflow/example_dags/example_trigger_target_dag.py
[2024-09-02T04:33:53.650+0000] {logging_mixin.py:190} INFO - [2024-09-02T04:33:53.649+0000] {dag.py:3211} INFO - Sync 1 DAGs
[2024-09-02T04:33:53.731+0000] {logging_mixin.py:190} INFO - [2024-09-02T04:33:53.731+0000] {dag.py:4138} INFO - Setting next_dagrun for example_trigger_target_dag to None, run_after=None
[2024-09-02T04:33:53.840+0000] {processor.py:208} INFO - Processing /home/airflow/.local/lib/python3.12/site-packages/airflow/example_dags/example_trigger_target_dag.py took 0.398 seconds
[2024-09-02T04:34:28.230+0000] {processor.py:186} INFO - Started process (PID=1030) to work on /home/airflow/.local/lib/python3.12/site-packages/airflow/example_dags/example_trigger_target_dag.py
[2024-09-02T04:34:28.246+0000] {processor.py:914} INFO - Processing file /home/airflow/.local/lib/python3.12/site-packages/airflow/example_dags/example_trigger_target_dag.py for tasks to queue
[2024-09-02T04:34:28.264+0000] {logging_mixin.py:190} INFO - [2024-09-02T04:34:28.263+0000] {dagbag.py:587} INFO - Filling up the DagBag from /home/airflow/.local/lib/python3.12/site-packages/airflow/example_dags/example_trigger_target_dag.py
[2024-09-02T04:34:28.352+0000] {processor.py:925} INFO - DAG(s) 'example_trigger_target_dag' retrieved from /home/airflow/.local/lib/python3.12/site-packages/airflow/example_dags/example_trigger_target_dag.py
[2024-09-02T04:34:28.578+0000] {logging_mixin.py:190} INFO - [2024-09-02T04:34:28.577+0000] {dag.py:3211} INFO - Sync 1 DAGs
[2024-09-02T04:34:28.769+0000] {logging_mixin.py:190} INFO - [2024-09-02T04:34:28.768+0000] {dag.py:4138} INFO - Setting next_dagrun for example_trigger_target_dag to None, run_after=None
[2024-09-02T04:34:28.976+0000] {processor.py:208} INFO - Processing /home/airflow/.local/lib/python3.12/site-packages/airflow/example_dags/example_trigger_target_dag.py took 0.811 seconds
[2024-09-02T04:35:00.730+0000] {processor.py:186} INFO - Started process (PID=1093) to work on /home/airflow/.local/lib/python3.12/site-packages/airflow/example_dags/example_trigger_target_dag.py
[2024-09-02T04:35:00.761+0000] {processor.py:914} INFO - Processing file /home/airflow/.local/lib/python3.12/site-packages/airflow/example_dags/example_trigger_target_dag.py for tasks to queue
[2024-09-02T04:35:00.811+0000] {logging_mixin.py:190} INFO - [2024-09-02T04:35:00.810+0000] {dagbag.py:587} INFO - Filling up the DagBag from /home/airflow/.local/lib/python3.12/site-packages/airflow/example_dags/example_trigger_target_dag.py
[2024-09-02T04:35:00.885+0000] {processor.py:925} INFO - DAG(s) 'example_trigger_target_dag' retrieved from /home/airflow/.local/lib/python3.12/site-packages/airflow/example_dags/example_trigger_target_dag.py
[2024-09-02T04:35:01.267+0000] {logging_mixin.py:190} INFO - [2024-09-02T04:35:01.261+0000] {dag.py:3211} INFO - Sync 1 DAGs
[2024-09-02T04:35:01.477+0000] {logging_mixin.py:190} INFO - [2024-09-02T04:35:01.476+0000] {dag.py:4138} INFO - Setting next_dagrun for example_trigger_target_dag to None, run_after=None
[2024-09-02T04:35:01.760+0000] {processor.py:208} INFO - Processing /home/airflow/.local/lib/python3.12/site-packages/airflow/example_dags/example_trigger_target_dag.py took 1.095 seconds
[2024-09-02T04:35:32.426+0000] {processor.py:186} INFO - Started process (PID=1156) to work on /home/airflow/.local/lib/python3.12/site-packages/airflow/example_dags/example_trigger_target_dag.py
[2024-09-02T04:35:32.438+0000] {processor.py:914} INFO - Processing file /home/airflow/.local/lib/python3.12/site-packages/airflow/example_dags/example_trigger_target_dag.py for tasks to queue
[2024-09-02T04:35:32.464+0000] {logging_mixin.py:190} INFO - [2024-09-02T04:35:32.463+0000] {dagbag.py:587} INFO - Filling up the DagBag from /home/airflow/.local/lib/python3.12/site-packages/airflow/example_dags/example_trigger_target_dag.py
[2024-09-02T04:35:32.506+0000] {processor.py:925} INFO - DAG(s) 'example_trigger_target_dag' retrieved from /home/airflow/.local/lib/python3.12/site-packages/airflow/example_dags/example_trigger_target_dag.py
[2024-09-02T04:35:32.576+0000] {logging_mixin.py:190} INFO - [2024-09-02T04:35:32.575+0000] {dag.py:3211} INFO - Sync 1 DAGs
[2024-09-02T04:35:32.632+0000] {logging_mixin.py:190} INFO - [2024-09-02T04:35:32.632+0000] {dag.py:4138} INFO - Setting next_dagrun for example_trigger_target_dag to None, run_after=None
[2024-09-02T04:35:32.705+0000] {processor.py:208} INFO - Processing /home/airflow/.local/lib/python3.12/site-packages/airflow/example_dags/example_trigger_target_dag.py took 0.302 seconds
[2024-09-02T04:36:03.258+0000] {processor.py:186} INFO - Started process (PID=1220) to work on /home/airflow/.local/lib/python3.12/site-packages/airflow/example_dags/example_trigger_target_dag.py
[2024-09-02T04:36:03.261+0000] {processor.py:914} INFO - Processing file /home/airflow/.local/lib/python3.12/site-packages/airflow/example_dags/example_trigger_target_dag.py for tasks to queue
[2024-09-02T04:36:03.267+0000] {logging_mixin.py:190} INFO - [2024-09-02T04:36:03.266+0000] {dagbag.py:587} INFO - Filling up the DagBag from /home/airflow/.local/lib/python3.12/site-packages/airflow/example_dags/example_trigger_target_dag.py
[2024-09-02T04:36:03.307+0000] {processor.py:925} INFO - DAG(s) 'example_trigger_target_dag' retrieved from /home/airflow/.local/lib/python3.12/site-packages/airflow/example_dags/example_trigger_target_dag.py
[2024-09-02T04:36:03.407+0000] {logging_mixin.py:190} INFO - [2024-09-02T04:36:03.406+0000] {dag.py:3211} INFO - Sync 1 DAGs
[2024-09-02T04:36:03.464+0000] {logging_mixin.py:190} INFO - [2024-09-02T04:36:03.463+0000] {dag.py:4138} INFO - Setting next_dagrun for example_trigger_target_dag to None, run_after=None
[2024-09-02T04:36:03.558+0000] {processor.py:208} INFO - Processing /home/airflow/.local/lib/python3.12/site-packages/airflow/example_dags/example_trigger_target_dag.py took 0.334 seconds
[2024-09-02T04:36:34.687+0000] {processor.py:186} INFO - Started process (PID=1283) to work on /home/airflow/.local/lib/python3.12/site-packages/airflow/example_dags/example_trigger_target_dag.py
[2024-09-02T04:36:34.690+0000] {processor.py:914} INFO - Processing file /home/airflow/.local/lib/python3.12/site-packages/airflow/example_dags/example_trigger_target_dag.py for tasks to queue
[2024-09-02T04:36:34.697+0000] {logging_mixin.py:190} INFO - [2024-09-02T04:36:34.696+0000] {dagbag.py:587} INFO - Filling up the DagBag from /home/airflow/.local/lib/python3.12/site-packages/airflow/example_dags/example_trigger_target_dag.py
[2024-09-02T04:36:34.733+0000] {processor.py:925} INFO - DAG(s) 'example_trigger_target_dag' retrieved from /home/airflow/.local/lib/python3.12/site-packages/airflow/example_dags/example_trigger_target_dag.py
[2024-09-02T04:36:34.823+0000] {logging_mixin.py:190} INFO - [2024-09-02T04:36:34.815+0000] {dag.py:3211} INFO - Sync 1 DAGs
[2024-09-02T04:36:34.890+0000] {logging_mixin.py:190} INFO - [2024-09-02T04:36:34.890+0000] {dag.py:4138} INFO - Setting next_dagrun for example_trigger_target_dag to None, run_after=None
[2024-09-02T04:36:34.956+0000] {processor.py:208} INFO - Processing /home/airflow/.local/lib/python3.12/site-packages/airflow/example_dags/example_trigger_target_dag.py took 0.285 seconds
[2024-09-02T04:37:06.306+0000] {processor.py:186} INFO - Started process (PID=1345) to work on /home/airflow/.local/lib/python3.12/site-packages/airflow/example_dags/example_trigger_target_dag.py
[2024-09-02T04:37:06.310+0000] {processor.py:914} INFO - Processing file /home/airflow/.local/lib/python3.12/site-packages/airflow/example_dags/example_trigger_target_dag.py for tasks to queue
[2024-09-02T04:37:06.319+0000] {logging_mixin.py:190} INFO - [2024-09-02T04:37:06.318+0000] {dagbag.py:587} INFO - Filling up the DagBag from /home/airflow/.local/lib/python3.12/site-packages/airflow/example_dags/example_trigger_target_dag.py
[2024-09-02T04:37:06.346+0000] {processor.py:925} INFO - DAG(s) 'example_trigger_target_dag' retrieved from /home/airflow/.local/lib/python3.12/site-packages/airflow/example_dags/example_trigger_target_dag.py
[2024-09-02T04:37:06.441+0000] {logging_mixin.py:190} INFO - [2024-09-02T04:37:06.440+0000] {dag.py:3211} INFO - Sync 1 DAGs
[2024-09-02T04:37:06.521+0000] {logging_mixin.py:190} INFO - [2024-09-02T04:37:06.520+0000] {dag.py:4138} INFO - Setting next_dagrun for example_trigger_target_dag to None, run_after=None
[2024-09-02T04:37:06.589+0000] {processor.py:208} INFO - Processing /home/airflow/.local/lib/python3.12/site-packages/airflow/example_dags/example_trigger_target_dag.py took 0.312 seconds
[2024-09-02T04:37:37.812+0000] {processor.py:186} INFO - Started process (PID=1409) to work on /home/airflow/.local/lib/python3.12/site-packages/airflow/example_dags/example_trigger_target_dag.py
[2024-09-02T04:37:37.814+0000] {processor.py:914} INFO - Processing file /home/airflow/.local/lib/python3.12/site-packages/airflow/example_dags/example_trigger_target_dag.py for tasks to queue
[2024-09-02T04:37:37.830+0000] {logging_mixin.py:190} INFO - [2024-09-02T04:37:37.829+0000] {dagbag.py:587} INFO - Filling up the DagBag from /home/airflow/.local/lib/python3.12/site-packages/airflow/example_dags/example_trigger_target_dag.py
[2024-09-02T04:37:37.860+0000] {processor.py:925} INFO - DAG(s) 'example_trigger_target_dag' retrieved from /home/airflow/.local/lib/python3.12/site-packages/airflow/example_dags/example_trigger_target_dag.py
[2024-09-02T04:37:37.928+0000] {logging_mixin.py:190} INFO - [2024-09-02T04:37:37.927+0000] {dag.py:3211} INFO - Sync 1 DAGs
[2024-09-02T04:37:37.991+0000] {logging_mixin.py:190} INFO - [2024-09-02T04:37:37.990+0000] {dag.py:4138} INFO - Setting next_dagrun for example_trigger_target_dag to None, run_after=None
[2024-09-02T04:37:38.069+0000] {processor.py:208} INFO - Processing /home/airflow/.local/lib/python3.12/site-packages/airflow/example_dags/example_trigger_target_dag.py took 0.279 seconds
[2024-09-02T04:38:08.160+0000] {processor.py:186} INFO - Started process (PID=1471) to work on /home/airflow/.local/lib/python3.12/site-packages/airflow/example_dags/example_trigger_target_dag.py
[2024-09-02T04:38:08.163+0000] {processor.py:914} INFO - Processing file /home/airflow/.local/lib/python3.12/site-packages/airflow/example_dags/example_trigger_target_dag.py for tasks to queue
[2024-09-02T04:38:08.168+0000] {logging_mixin.py:190} INFO - [2024-09-02T04:38:08.167+0000] {dagbag.py:587} INFO - Filling up the DagBag from /home/airflow/.local/lib/python3.12/site-packages/airflow/example_dags/example_trigger_target_dag.py
[2024-09-02T04:38:08.182+0000] {processor.py:925} INFO - DAG(s) 'example_trigger_target_dag' retrieved from /home/airflow/.local/lib/python3.12/site-packages/airflow/example_dags/example_trigger_target_dag.py
[2024-09-02T04:38:08.220+0000] {logging_mixin.py:190} INFO - [2024-09-02T04:38:08.220+0000] {dag.py:3211} INFO - Sync 1 DAGs
[2024-09-02T04:38:08.253+0000] {logging_mixin.py:190} INFO - [2024-09-02T04:38:08.252+0000] {dag.py:4138} INFO - Setting next_dagrun for example_trigger_target_dag to None, run_after=None
[2024-09-02T04:38:08.289+0000] {processor.py:208} INFO - Processing /home/airflow/.local/lib/python3.12/site-packages/airflow/example_dags/example_trigger_target_dag.py took 0.140 seconds
[2024-09-02T04:38:38.760+0000] {processor.py:186} INFO - Started process (PID=1535) to work on /home/airflow/.local/lib/python3.12/site-packages/airflow/example_dags/example_trigger_target_dag.py
[2024-09-02T04:38:38.763+0000] {processor.py:914} INFO - Processing file /home/airflow/.local/lib/python3.12/site-packages/airflow/example_dags/example_trigger_target_dag.py for tasks to queue
[2024-09-02T04:38:38.768+0000] {logging_mixin.py:190} INFO - [2024-09-02T04:38:38.767+0000] {dagbag.py:587} INFO - Filling up the DagBag from /home/airflow/.local/lib/python3.12/site-packages/airflow/example_dags/example_trigger_target_dag.py
[2024-09-02T04:38:38.783+0000] {processor.py:925} INFO - DAG(s) 'example_trigger_target_dag' retrieved from /home/airflow/.local/lib/python3.12/site-packages/airflow/example_dags/example_trigger_target_dag.py
[2024-09-02T04:38:38.821+0000] {logging_mixin.py:190} INFO - [2024-09-02T04:38:38.820+0000] {dag.py:3211} INFO - Sync 1 DAGs
[2024-09-02T04:38:38.850+0000] {logging_mixin.py:190} INFO - [2024-09-02T04:38:38.849+0000] {dag.py:4138} INFO - Setting next_dagrun for example_trigger_target_dag to None, run_after=None
[2024-09-02T04:38:38.885+0000] {processor.py:208} INFO - Processing /home/airflow/.local/lib/python3.12/site-packages/airflow/example_dags/example_trigger_target_dag.py took 0.138 seconds
[2024-09-02T04:39:10.816+0000] {processor.py:186} INFO - Started process (PID=1597) to work on /home/airflow/.local/lib/python3.12/site-packages/airflow/example_dags/example_trigger_target_dag.py
[2024-09-02T04:39:10.826+0000] {processor.py:914} INFO - Processing file /home/airflow/.local/lib/python3.12/site-packages/airflow/example_dags/example_trigger_target_dag.py for tasks to queue
[2024-09-02T04:39:10.848+0000] {logging_mixin.py:190} INFO - [2024-09-02T04:39:10.847+0000] {dagbag.py:587} INFO - Filling up the DagBag from /home/airflow/.local/lib/python3.12/site-packages/airflow/example_dags/example_trigger_target_dag.py
[2024-09-02T04:39:10.902+0000] {processor.py:925} INFO - DAG(s) 'example_trigger_target_dag' retrieved from /home/airflow/.local/lib/python3.12/site-packages/airflow/example_dags/example_trigger_target_dag.py
[2024-09-02T04:39:11.026+0000] {logging_mixin.py:190} INFO - [2024-09-02T04:39:11.025+0000] {dag.py:3211} INFO - Sync 1 DAGs
[2024-09-02T04:39:11.174+0000] {logging_mixin.py:190} INFO - [2024-09-02T04:39:11.174+0000] {dag.py:4138} INFO - Setting next_dagrun for example_trigger_target_dag to None, run_after=None
[2024-09-02T04:39:11.399+0000] {processor.py:208} INFO - Processing /home/airflow/.local/lib/python3.12/site-packages/airflow/example_dags/example_trigger_target_dag.py took 0.668 seconds
[2024-09-02T04:39:42.478+0000] {processor.py:186} INFO - Started process (PID=1666) to work on /home/airflow/.local/lib/python3.12/site-packages/airflow/example_dags/example_trigger_target_dag.py
[2024-09-02T04:39:42.514+0000] {processor.py:914} INFO - Processing file /home/airflow/.local/lib/python3.12/site-packages/airflow/example_dags/example_trigger_target_dag.py for tasks to queue
[2024-09-02T04:39:42.521+0000] {logging_mixin.py:190} INFO - [2024-09-02T04:39:42.520+0000] {dagbag.py:587} INFO - Filling up the DagBag from /home/airflow/.local/lib/python3.12/site-packages/airflow/example_dags/example_trigger_target_dag.py
[2024-09-02T04:39:42.548+0000] {processor.py:925} INFO - DAG(s) 'example_trigger_target_dag' retrieved from /home/airflow/.local/lib/python3.12/site-packages/airflow/example_dags/example_trigger_target_dag.py
[2024-09-02T04:39:42.629+0000] {logging_mixin.py:190} INFO - [2024-09-02T04:39:42.628+0000] {dag.py:3211} INFO - Sync 1 DAGs
[2024-09-02T04:39:42.708+0000] {logging_mixin.py:190} INFO - [2024-09-02T04:39:42.707+0000] {dag.py:4138} INFO - Setting next_dagrun for example_trigger_target_dag to None, run_after=None
[2024-09-02T04:39:42.803+0000] {processor.py:208} INFO - Processing /home/airflow/.local/lib/python3.12/site-packages/airflow/example_dags/example_trigger_target_dag.py took 0.443 seconds
[2024-09-02T04:40:13.648+0000] {processor.py:186} INFO - Started process (PID=1728) to work on /home/airflow/.local/lib/python3.12/site-packages/airflow/example_dags/example_trigger_target_dag.py
[2024-09-02T04:40:13.650+0000] {processor.py:914} INFO - Processing file /home/airflow/.local/lib/python3.12/site-packages/airflow/example_dags/example_trigger_target_dag.py for tasks to queue
[2024-09-02T04:40:13.656+0000] {logging_mixin.py:190} INFO - [2024-09-02T04:40:13.655+0000] {dagbag.py:587} INFO - Filling up the DagBag from /home/airflow/.local/lib/python3.12/site-packages/airflow/example_dags/example_trigger_target_dag.py
[2024-09-02T04:40:13.673+0000] {processor.py:925} INFO - DAG(s) 'example_trigger_target_dag' retrieved from /home/airflow/.local/lib/python3.12/site-packages/airflow/example_dags/example_trigger_target_dag.py
[2024-09-02T04:40:13.721+0000] {logging_mixin.py:190} INFO - [2024-09-02T04:40:13.721+0000] {dag.py:3211} INFO - Sync 1 DAGs
[2024-09-02T04:40:13.758+0000] {logging_mixin.py:190} INFO - [2024-09-02T04:40:13.757+0000] {dag.py:4138} INFO - Setting next_dagrun for example_trigger_target_dag to None, run_after=None
[2024-09-02T04:40:13.804+0000] {processor.py:208} INFO - Processing /home/airflow/.local/lib/python3.12/site-packages/airflow/example_dags/example_trigger_target_dag.py took 0.170 seconds
[2024-09-02T04:40:44.488+0000] {processor.py:186} INFO - Started process (PID=1790) to work on /home/airflow/.local/lib/python3.12/site-packages/airflow/example_dags/example_trigger_target_dag.py
[2024-09-02T04:40:44.490+0000] {processor.py:914} INFO - Processing file /home/airflow/.local/lib/python3.12/site-packages/airflow/example_dags/example_trigger_target_dag.py for tasks to queue
[2024-09-02T04:40:44.495+0000] {logging_mixin.py:190} INFO - [2024-09-02T04:40:44.495+0000] {dagbag.py:587} INFO - Filling up the DagBag from /home/airflow/.local/lib/python3.12/site-packages/airflow/example_dags/example_trigger_target_dag.py
[2024-09-02T04:40:44.511+0000] {processor.py:925} INFO - DAG(s) 'example_trigger_target_dag' retrieved from /home/airflow/.local/lib/python3.12/site-packages/airflow/example_dags/example_trigger_target_dag.py
[2024-09-02T04:40:44.551+0000] {logging_mixin.py:190} INFO - [2024-09-02T04:40:44.550+0000] {dag.py:3211} INFO - Sync 1 DAGs
[2024-09-02T04:40:44.583+0000] {logging_mixin.py:190} INFO - [2024-09-02T04:40:44.583+0000] {dag.py:4138} INFO - Setting next_dagrun for example_trigger_target_dag to None, run_after=None
[2024-09-02T04:40:44.620+0000] {processor.py:208} INFO - Processing /home/airflow/.local/lib/python3.12/site-packages/airflow/example_dags/example_trigger_target_dag.py took 0.144 seconds
[2024-09-02T04:41:15.372+0000] {processor.py:186} INFO - Started process (PID=1853) to work on /home/airflow/.local/lib/python3.12/site-packages/airflow/example_dags/example_trigger_target_dag.py
[2024-09-02T04:41:15.374+0000] {processor.py:914} INFO - Processing file /home/airflow/.local/lib/python3.12/site-packages/airflow/example_dags/example_trigger_target_dag.py for tasks to queue
[2024-09-02T04:41:15.380+0000] {logging_mixin.py:190} INFO - [2024-09-02T04:41:15.379+0000] {dagbag.py:587} INFO - Filling up the DagBag from /home/airflow/.local/lib/python3.12/site-packages/airflow/example_dags/example_trigger_target_dag.py
[2024-09-02T04:41:15.397+0000] {processor.py:925} INFO - DAG(s) 'example_trigger_target_dag' retrieved from /home/airflow/.local/lib/python3.12/site-packages/airflow/example_dags/example_trigger_target_dag.py
[2024-09-02T04:41:15.472+0000] {logging_mixin.py:190} INFO - [2024-09-02T04:41:15.471+0000] {dag.py:3211} INFO - Sync 1 DAGs
[2024-09-02T04:41:15.585+0000] {logging_mixin.py:190} INFO - [2024-09-02T04:41:15.584+0000] {dag.py:4138} INFO - Setting next_dagrun for example_trigger_target_dag to None, run_after=None
[2024-09-02T04:41:15.715+0000] {processor.py:208} INFO - Processing /home/airflow/.local/lib/python3.12/site-packages/airflow/example_dags/example_trigger_target_dag.py took 0.355 seconds
[2024-09-02T04:41:46.293+0000] {processor.py:186} INFO - Started process (PID=1916) to work on /home/airflow/.local/lib/python3.12/site-packages/airflow/example_dags/example_trigger_target_dag.py
[2024-09-02T04:41:46.295+0000] {processor.py:914} INFO - Processing file /home/airflow/.local/lib/python3.12/site-packages/airflow/example_dags/example_trigger_target_dag.py for tasks to queue
[2024-09-02T04:41:46.301+0000] {logging_mixin.py:190} INFO - [2024-09-02T04:41:46.301+0000] {dagbag.py:587} INFO - Filling up the DagBag from /home/airflow/.local/lib/python3.12/site-packages/airflow/example_dags/example_trigger_target_dag.py
[2024-09-02T04:41:46.317+0000] {processor.py:925} INFO - DAG(s) 'example_trigger_target_dag' retrieved from /home/airflow/.local/lib/python3.12/site-packages/airflow/example_dags/example_trigger_target_dag.py
[2024-09-02T04:41:46.360+0000] {logging_mixin.py:190} INFO - [2024-09-02T04:41:46.360+0000] {dag.py:3211} INFO - Sync 1 DAGs
[2024-09-02T04:41:46.396+0000] {logging_mixin.py:190} INFO - [2024-09-02T04:41:46.395+0000] {dag.py:4138} INFO - Setting next_dagrun for example_trigger_target_dag to None, run_after=None
[2024-09-02T04:41:46.435+0000] {processor.py:208} INFO - Processing /home/airflow/.local/lib/python3.12/site-packages/airflow/example_dags/example_trigger_target_dag.py took 0.156 seconds
[2024-09-02T04:42:17.307+0000] {processor.py:186} INFO - Started process (PID=1979) to work on /home/airflow/.local/lib/python3.12/site-packages/airflow/example_dags/example_trigger_target_dag.py
[2024-09-02T04:42:17.309+0000] {processor.py:914} INFO - Processing file /home/airflow/.local/lib/python3.12/site-packages/airflow/example_dags/example_trigger_target_dag.py for tasks to queue
[2024-09-02T04:42:17.316+0000] {logging_mixin.py:190} INFO - [2024-09-02T04:42:17.315+0000] {dagbag.py:587} INFO - Filling up the DagBag from /home/airflow/.local/lib/python3.12/site-packages/airflow/example_dags/example_trigger_target_dag.py
[2024-09-02T04:42:17.340+0000] {processor.py:925} INFO - DAG(s) 'example_trigger_target_dag' retrieved from /home/airflow/.local/lib/python3.12/site-packages/airflow/example_dags/example_trigger_target_dag.py
[2024-09-02T04:42:17.417+0000] {logging_mixin.py:190} INFO - [2024-09-02T04:42:17.416+0000] {dag.py:3211} INFO - Sync 1 DAGs
[2024-09-02T04:42:17.467+0000] {logging_mixin.py:190} INFO - [2024-09-02T04:42:17.467+0000] {dag.py:4138} INFO - Setting next_dagrun for example_trigger_target_dag to None, run_after=None
[2024-09-02T04:42:17.515+0000] {processor.py:208} INFO - Processing /home/airflow/.local/lib/python3.12/site-packages/airflow/example_dags/example_trigger_target_dag.py took 0.227 seconds
[2024-09-02T04:42:47.632+0000] {processor.py:186} INFO - Started process (PID=2042) to work on /home/airflow/.local/lib/python3.12/site-packages/airflow/example_dags/example_trigger_target_dag.py
[2024-09-02T04:42:47.634+0000] {processor.py:914} INFO - Processing file /home/airflow/.local/lib/python3.12/site-packages/airflow/example_dags/example_trigger_target_dag.py for tasks to queue
[2024-09-02T04:42:47.640+0000] {logging_mixin.py:190} INFO - [2024-09-02T04:42:47.639+0000] {dagbag.py:587} INFO - Filling up the DagBag from /home/airflow/.local/lib/python3.12/site-packages/airflow/example_dags/example_trigger_target_dag.py
[2024-09-02T04:42:47.659+0000] {processor.py:925} INFO - DAG(s) 'example_trigger_target_dag' retrieved from /home/airflow/.local/lib/python3.12/site-packages/airflow/example_dags/example_trigger_target_dag.py
[2024-09-02T04:42:47.701+0000] {logging_mixin.py:190} INFO - [2024-09-02T04:42:47.700+0000] {dag.py:3211} INFO - Sync 1 DAGs
[2024-09-02T04:42:47.732+0000] {logging_mixin.py:190} INFO - [2024-09-02T04:42:47.732+0000] {dag.py:4138} INFO - Setting next_dagrun for example_trigger_target_dag to None, run_after=None
[2024-09-02T04:42:47.770+0000] {processor.py:208} INFO - Processing /home/airflow/.local/lib/python3.12/site-packages/airflow/example_dags/example_trigger_target_dag.py took 0.150 seconds
[2024-09-02T04:43:18.415+0000] {processor.py:186} INFO - Started process (PID=2105) to work on /home/airflow/.local/lib/python3.12/site-packages/airflow/example_dags/example_trigger_target_dag.py
[2024-09-02T04:43:18.417+0000] {processor.py:914} INFO - Processing file /home/airflow/.local/lib/python3.12/site-packages/airflow/example_dags/example_trigger_target_dag.py for tasks to queue
[2024-09-02T04:43:18.422+0000] {logging_mixin.py:190} INFO - [2024-09-02T04:43:18.421+0000] {dagbag.py:587} INFO - Filling up the DagBag from /home/airflow/.local/lib/python3.12/site-packages/airflow/example_dags/example_trigger_target_dag.py
[2024-09-02T04:43:18.441+0000] {processor.py:925} INFO - DAG(s) 'example_trigger_target_dag' retrieved from /home/airflow/.local/lib/python3.12/site-packages/airflow/example_dags/example_trigger_target_dag.py
[2024-09-02T04:43:18.481+0000] {logging_mixin.py:190} INFO - [2024-09-02T04:43:18.480+0000] {dag.py:3211} INFO - Sync 1 DAGs
[2024-09-02T04:43:18.511+0000] {logging_mixin.py:190} INFO - [2024-09-02T04:43:18.510+0000] {dag.py:4138} INFO - Setting next_dagrun for example_trigger_target_dag to None, run_after=None
[2024-09-02T04:43:18.547+0000] {processor.py:208} INFO - Processing /home/airflow/.local/lib/python3.12/site-packages/airflow/example_dags/example_trigger_target_dag.py took 0.144 seconds
[2024-09-02T04:43:49.386+0000] {processor.py:186} INFO - Started process (PID=2168) to work on /home/airflow/.local/lib/python3.12/site-packages/airflow/example_dags/example_trigger_target_dag.py
[2024-09-02T04:43:49.388+0000] {processor.py:914} INFO - Processing file /home/airflow/.local/lib/python3.12/site-packages/airflow/example_dags/example_trigger_target_dag.py for tasks to queue
[2024-09-02T04:43:49.393+0000] {logging_mixin.py:190} INFO - [2024-09-02T04:43:49.392+0000] {dagbag.py:587} INFO - Filling up the DagBag from /home/airflow/.local/lib/python3.12/site-packages/airflow/example_dags/example_trigger_target_dag.py
[2024-09-02T04:43:49.410+0000] {processor.py:925} INFO - DAG(s) 'example_trigger_target_dag' retrieved from /home/airflow/.local/lib/python3.12/site-packages/airflow/example_dags/example_trigger_target_dag.py
[2024-09-02T04:43:49.451+0000] {logging_mixin.py:190} INFO - [2024-09-02T04:43:49.450+0000] {dag.py:3211} INFO - Sync 1 DAGs
[2024-09-02T04:43:49.482+0000] {logging_mixin.py:190} INFO - [2024-09-02T04:43:49.482+0000] {dag.py:4138} INFO - Setting next_dagrun for example_trigger_target_dag to None, run_after=None
[2024-09-02T04:43:49.520+0000] {processor.py:208} INFO - Processing /home/airflow/.local/lib/python3.12/site-packages/airflow/example_dags/example_trigger_target_dag.py took 0.149 seconds
[2024-09-02T04:44:20.025+0000] {processor.py:186} INFO - Started process (PID=2230) to work on /home/airflow/.local/lib/python3.12/site-packages/airflow/example_dags/example_trigger_target_dag.py
[2024-09-02T04:44:20.027+0000] {processor.py:914} INFO - Processing file /home/airflow/.local/lib/python3.12/site-packages/airflow/example_dags/example_trigger_target_dag.py for tasks to queue
[2024-09-02T04:44:20.033+0000] {logging_mixin.py:190} INFO - [2024-09-02T04:44:20.032+0000] {dagbag.py:587} INFO - Filling up the DagBag from /home/airflow/.local/lib/python3.12/site-packages/airflow/example_dags/example_trigger_target_dag.py
[2024-09-02T04:44:20.051+0000] {processor.py:925} INFO - DAG(s) 'example_trigger_target_dag' retrieved from /home/airflow/.local/lib/python3.12/site-packages/airflow/example_dags/example_trigger_target_dag.py
[2024-09-02T04:44:20.095+0000] {logging_mixin.py:190} INFO - [2024-09-02T04:44:20.094+0000] {dag.py:3211} INFO - Sync 1 DAGs
[2024-09-02T04:44:20.135+0000] {logging_mixin.py:190} INFO - [2024-09-02T04:44:20.135+0000] {dag.py:4138} INFO - Setting next_dagrun for example_trigger_target_dag to None, run_after=None
[2024-09-02T04:44:20.177+0000] {processor.py:208} INFO - Processing /home/airflow/.local/lib/python3.12/site-packages/airflow/example_dags/example_trigger_target_dag.py took 0.165 seconds
[2024-09-02T04:44:50.435+0000] {processor.py:186} INFO - Started process (PID=2292) to work on /home/airflow/.local/lib/python3.12/site-packages/airflow/example_dags/example_trigger_target_dag.py
[2024-09-02T04:44:50.438+0000] {processor.py:914} INFO - Processing file /home/airflow/.local/lib/python3.12/site-packages/airflow/example_dags/example_trigger_target_dag.py for tasks to queue
[2024-09-02T04:44:50.443+0000] {logging_mixin.py:190} INFO - [2024-09-02T04:44:50.442+0000] {dagbag.py:587} INFO - Filling up the DagBag from /home/airflow/.local/lib/python3.12/site-packages/airflow/example_dags/example_trigger_target_dag.py
[2024-09-02T04:44:50.468+0000] {processor.py:925} INFO - DAG(s) 'example_trigger_target_dag' retrieved from /home/airflow/.local/lib/python3.12/site-packages/airflow/example_dags/example_trigger_target_dag.py
[2024-09-02T04:44:50.552+0000] {logging_mixin.py:190} INFO - [2024-09-02T04:44:50.551+0000] {dag.py:3211} INFO - Sync 1 DAGs
[2024-09-02T04:44:50.597+0000] {logging_mixin.py:190} INFO - [2024-09-02T04:44:50.597+0000] {dag.py:4138} INFO - Setting next_dagrun for example_trigger_target_dag to None, run_after=None
[2024-09-02T04:44:50.635+0000] {processor.py:208} INFO - Processing /home/airflow/.local/lib/python3.12/site-packages/airflow/example_dags/example_trigger_target_dag.py took 0.214 seconds
[2024-09-02T04:45:21.234+0000] {processor.py:186} INFO - Started process (PID=2355) to work on /home/airflow/.local/lib/python3.12/site-packages/airflow/example_dags/example_trigger_target_dag.py
[2024-09-02T04:45:21.236+0000] {processor.py:914} INFO - Processing file /home/airflow/.local/lib/python3.12/site-packages/airflow/example_dags/example_trigger_target_dag.py for tasks to queue
[2024-09-02T04:45:21.242+0000] {logging_mixin.py:190} INFO - [2024-09-02T04:45:21.241+0000] {dagbag.py:587} INFO - Filling up the DagBag from /home/airflow/.local/lib/python3.12/site-packages/airflow/example_dags/example_trigger_target_dag.py
[2024-09-02T04:45:21.259+0000] {processor.py:925} INFO - DAG(s) 'example_trigger_target_dag' retrieved from /home/airflow/.local/lib/python3.12/site-packages/airflow/example_dags/example_trigger_target_dag.py
[2024-09-02T04:45:21.305+0000] {logging_mixin.py:190} INFO - [2024-09-02T04:45:21.305+0000] {dag.py:3211} INFO - Sync 1 DAGs
[2024-09-02T04:45:21.344+0000] {logging_mixin.py:190} INFO - [2024-09-02T04:45:21.343+0000] {dag.py:4138} INFO - Setting next_dagrun for example_trigger_target_dag to None, run_after=None
[2024-09-02T04:45:21.383+0000] {processor.py:208} INFO - Processing /home/airflow/.local/lib/python3.12/site-packages/airflow/example_dags/example_trigger_target_dag.py took 0.162 seconds
[2024-09-02T04:45:51.564+0000] {processor.py:186} INFO - Started process (PID=2417) to work on /home/airflow/.local/lib/python3.12/site-packages/airflow/example_dags/example_trigger_target_dag.py
[2024-09-02T04:45:51.566+0000] {processor.py:914} INFO - Processing file /home/airflow/.local/lib/python3.12/site-packages/airflow/example_dags/example_trigger_target_dag.py for tasks to queue
[2024-09-02T04:45:51.571+0000] {logging_mixin.py:190} INFO - [2024-09-02T04:45:51.570+0000] {dagbag.py:587} INFO - Filling up the DagBag from /home/airflow/.local/lib/python3.12/site-packages/airflow/example_dags/example_trigger_target_dag.py
[2024-09-02T04:45:51.600+0000] {processor.py:925} INFO - DAG(s) 'example_trigger_target_dag' retrieved from /home/airflow/.local/lib/python3.12/site-packages/airflow/example_dags/example_trigger_target_dag.py
[2024-09-02T04:45:51.641+0000] {logging_mixin.py:190} INFO - [2024-09-02T04:45:51.641+0000] {dag.py:3211} INFO - Sync 1 DAGs
[2024-09-02T04:45:51.672+0000] {logging_mixin.py:190} INFO - [2024-09-02T04:45:51.672+0000] {dag.py:4138} INFO - Setting next_dagrun for example_trigger_target_dag to None, run_after=None
[2024-09-02T04:45:51.711+0000] {processor.py:208} INFO - Processing /home/airflow/.local/lib/python3.12/site-packages/airflow/example_dags/example_trigger_target_dag.py took 0.162 seconds
[2024-09-02T04:46:21.870+0000] {processor.py:186} INFO - Started process (PID=2481) to work on /home/airflow/.local/lib/python3.12/site-packages/airflow/example_dags/example_trigger_target_dag.py
[2024-09-02T04:46:21.872+0000] {processor.py:914} INFO - Processing file /home/airflow/.local/lib/python3.12/site-packages/airflow/example_dags/example_trigger_target_dag.py for tasks to queue
[2024-09-02T04:46:21.877+0000] {logging_mixin.py:190} INFO - [2024-09-02T04:46:21.876+0000] {dagbag.py:587} INFO - Filling up the DagBag from /home/airflow/.local/lib/python3.12/site-packages/airflow/example_dags/example_trigger_target_dag.py
[2024-09-02T04:46:21.896+0000] {processor.py:925} INFO - DAG(s) 'example_trigger_target_dag' retrieved from /home/airflow/.local/lib/python3.12/site-packages/airflow/example_dags/example_trigger_target_dag.py
[2024-09-02T04:46:22.013+0000] {logging_mixin.py:190} INFO - [2024-09-02T04:46:22.012+0000] {dag.py:3211} INFO - Sync 1 DAGs
[2024-09-02T04:46:22.046+0000] {logging_mixin.py:190} INFO - [2024-09-02T04:46:22.045+0000] {dag.py:4138} INFO - Setting next_dagrun for example_trigger_target_dag to None, run_after=None
[2024-09-02T04:46:22.081+0000] {processor.py:208} INFO - Processing /home/airflow/.local/lib/python3.12/site-packages/airflow/example_dags/example_trigger_target_dag.py took 0.223 seconds
[2024-09-02T04:46:53.393+0000] {processor.py:186} INFO - Started process (PID=2543) to work on /home/airflow/.local/lib/python3.12/site-packages/airflow/example_dags/example_trigger_target_dag.py
[2024-09-02T04:46:53.397+0000] {processor.py:914} INFO - Processing file /home/airflow/.local/lib/python3.12/site-packages/airflow/example_dags/example_trigger_target_dag.py for tasks to queue
[2024-09-02T04:46:53.415+0000] {logging_mixin.py:190} INFO - [2024-09-02T04:46:53.414+0000] {dagbag.py:587} INFO - Filling up the DagBag from /home/airflow/.local/lib/python3.12/site-packages/airflow/example_dags/example_trigger_target_dag.py
[2024-09-02T04:46:53.469+0000] {processor.py:925} INFO - DAG(s) 'example_trigger_target_dag' retrieved from /home/airflow/.local/lib/python3.12/site-packages/airflow/example_dags/example_trigger_target_dag.py
[2024-09-02T04:46:53.598+0000] {logging_mixin.py:190} INFO - [2024-09-02T04:46:53.598+0000] {dag.py:3211} INFO - Sync 1 DAGs
[2024-09-02T04:46:53.701+0000] {logging_mixin.py:190} INFO - [2024-09-02T04:46:53.700+0000] {dag.py:4138} INFO - Setting next_dagrun for example_trigger_target_dag to None, run_after=None
[2024-09-02T04:46:53.816+0000] {processor.py:208} INFO - Processing /home/airflow/.local/lib/python3.12/site-packages/airflow/example_dags/example_trigger_target_dag.py took 0.482 seconds
