[2024-09-02T04:14:08.041+0000] {processor.py:186} INFO - Started process (PID=138) to work on /home/airflow/.local/lib/python3.12/site-packages/airflow/example_dags/example_display_name.py
[2024-09-02T04:14:08.043+0000] {processor.py:914} INFO - Processing file /home/airflow/.local/lib/python3.12/site-packages/airflow/example_dags/example_display_name.py for tasks to queue
[2024-09-02T04:14:08.051+0000] {logging_mixin.py:190} INFO - [2024-09-02T04:14:08.049+0000] {dagbag.py:587} INFO - Filling up the DagBag from /home/airflow/.local/lib/python3.12/site-packages/airflow/example_dags/example_display_name.py
[2024-09-02T04:14:08.084+0000] {processor.py:925} INFO - DAG(s) 'example_display_name' retrieved from /home/airflow/.local/lib/python3.12/site-packages/airflow/example_dags/example_display_name.py
[2024-09-02T04:14:08.542+0000] {logging_mixin.py:190} INFO - [2024-09-02T04:14:08.537+0000] {override.py:1858} INFO - Created Permission View: can read on DAG:example_display_name
[2024-09-02T04:14:08.582+0000] {logging_mixin.py:190} INFO - [2024-09-02T04:14:08.581+0000] {override.py:1858} INFO - Created Permission View: can delete on DAG:example_display_name
[2024-09-02T04:14:08.601+0000] {logging_mixin.py:190} INFO - [2024-09-02T04:14:08.601+0000] {override.py:1858} INFO - Created Permission View: can edit on DAG:example_display_name
[2024-09-02T04:14:08.603+0000] {logging_mixin.py:190} INFO - [2024-09-02T04:14:08.603+0000] {dag.py:3211} INFO - Sync 1 DAGs
[2024-09-02T04:14:08.643+0000] {logging_mixin.py:190} INFO - [2024-09-02T04:14:08.643+0000] {dag.py:3234} INFO - Creating ORM DAG for example_display_name
[2024-09-02T04:14:08.646+0000] {logging_mixin.py:190} INFO - [2024-09-02T04:14:08.645+0000] {dag.py:4138} INFO - Setting next_dagrun for example_display_name to None, run_after=None
[2024-09-02T04:14:08.691+0000] {processor.py:208} INFO - Processing /home/airflow/.local/lib/python3.12/site-packages/airflow/example_dags/example_display_name.py took 0.687 seconds
[2024-09-02T04:14:38.799+0000] {processor.py:186} INFO - Started process (PID=201) to work on /home/airflow/.local/lib/python3.12/site-packages/airflow/example_dags/example_display_name.py
[2024-09-02T04:14:38.801+0000] {processor.py:914} INFO - Processing file /home/airflow/.local/lib/python3.12/site-packages/airflow/example_dags/example_display_name.py for tasks to queue
[2024-09-02T04:14:38.807+0000] {logging_mixin.py:190} INFO - [2024-09-02T04:14:38.806+0000] {dagbag.py:587} INFO - Filling up the DagBag from /home/airflow/.local/lib/python3.12/site-packages/airflow/example_dags/example_display_name.py
[2024-09-02T04:14:38.828+0000] {processor.py:925} INFO - DAG(s) 'example_display_name' retrieved from /home/airflow/.local/lib/python3.12/site-packages/airflow/example_dags/example_display_name.py
[2024-09-02T04:14:38.897+0000] {logging_mixin.py:190} INFO - [2024-09-02T04:14:38.886+0000] {dag.py:3211} INFO - Sync 1 DAGs
[2024-09-02T04:14:38.966+0000] {logging_mixin.py:190} INFO - [2024-09-02T04:14:38.966+0000] {dag.py:4138} INFO - Setting next_dagrun for example_display_name to None, run_after=None
[2024-09-02T04:14:39.025+0000] {processor.py:208} INFO - Processing /home/airflow/.local/lib/python3.12/site-packages/airflow/example_dags/example_display_name.py took 0.241 seconds
[2024-09-02T04:15:09.584+0000] {processor.py:186} INFO - Started process (PID=264) to work on /home/airflow/.local/lib/python3.12/site-packages/airflow/example_dags/example_display_name.py
[2024-09-02T04:15:09.586+0000] {processor.py:914} INFO - Processing file /home/airflow/.local/lib/python3.12/site-packages/airflow/example_dags/example_display_name.py for tasks to queue
[2024-09-02T04:15:09.591+0000] {logging_mixin.py:190} INFO - [2024-09-02T04:15:09.590+0000] {dagbag.py:587} INFO - Filling up the DagBag from /home/airflow/.local/lib/python3.12/site-packages/airflow/example_dags/example_display_name.py
[2024-09-02T04:15:09.606+0000] {processor.py:925} INFO - DAG(s) 'example_display_name' retrieved from /home/airflow/.local/lib/python3.12/site-packages/airflow/example_dags/example_display_name.py
[2024-09-02T04:15:09.642+0000] {logging_mixin.py:190} INFO - [2024-09-02T04:15:09.641+0000] {dag.py:3211} INFO - Sync 1 DAGs
[2024-09-02T04:15:09.674+0000] {logging_mixin.py:190} INFO - [2024-09-02T04:15:09.673+0000] {dag.py:4138} INFO - Setting next_dagrun for example_display_name to None, run_after=None
[2024-09-02T04:15:09.708+0000] {processor.py:208} INFO - Processing /home/airflow/.local/lib/python3.12/site-packages/airflow/example_dags/example_display_name.py took 0.136 seconds
[2024-09-02T04:15:39.988+0000] {processor.py:186} INFO - Started process (PID=327) to work on /home/airflow/.local/lib/python3.12/site-packages/airflow/example_dags/example_display_name.py
[2024-09-02T04:15:39.991+0000] {processor.py:914} INFO - Processing file /home/airflow/.local/lib/python3.12/site-packages/airflow/example_dags/example_display_name.py for tasks to queue
[2024-09-02T04:15:39.996+0000] {logging_mixin.py:190} INFO - [2024-09-02T04:15:39.996+0000] {dagbag.py:587} INFO - Filling up the DagBag from /home/airflow/.local/lib/python3.12/site-packages/airflow/example_dags/example_display_name.py
[2024-09-02T04:15:40.016+0000] {processor.py:925} INFO - DAG(s) 'example_display_name' retrieved from /home/airflow/.local/lib/python3.12/site-packages/airflow/example_dags/example_display_name.py
[2024-09-02T04:15:40.065+0000] {logging_mixin.py:190} INFO - [2024-09-02T04:15:40.065+0000] {dag.py:3211} INFO - Sync 1 DAGs
[2024-09-02T04:15:40.104+0000] {logging_mixin.py:190} INFO - [2024-09-02T04:15:40.103+0000] {dag.py:4138} INFO - Setting next_dagrun for example_display_name to None, run_after=None
[2024-09-02T04:15:40.155+0000] {processor.py:208} INFO - Processing /home/airflow/.local/lib/python3.12/site-packages/airflow/example_dags/example_display_name.py took 0.182 seconds
[2024-09-02T04:16:10.960+0000] {processor.py:186} INFO - Started process (PID=390) to work on /home/airflow/.local/lib/python3.12/site-packages/airflow/example_dags/example_display_name.py
[2024-09-02T04:16:10.963+0000] {processor.py:914} INFO - Processing file /home/airflow/.local/lib/python3.12/site-packages/airflow/example_dags/example_display_name.py for tasks to queue
[2024-09-02T04:16:10.976+0000] {logging_mixin.py:190} INFO - [2024-09-02T04:16:10.975+0000] {dagbag.py:587} INFO - Filling up the DagBag from /home/airflow/.local/lib/python3.12/site-packages/airflow/example_dags/example_display_name.py
[2024-09-02T04:16:10.995+0000] {processor.py:925} INFO - DAG(s) 'example_display_name' retrieved from /home/airflow/.local/lib/python3.12/site-packages/airflow/example_dags/example_display_name.py
[2024-09-02T04:16:11.049+0000] {logging_mixin.py:190} INFO - [2024-09-02T04:16:11.049+0000] {dag.py:3211} INFO - Sync 1 DAGs
[2024-09-02T04:16:11.089+0000] {logging_mixin.py:190} INFO - [2024-09-02T04:16:11.088+0000] {dag.py:4138} INFO - Setting next_dagrun for example_display_name to None, run_after=None
[2024-09-02T04:16:11.133+0000] {processor.py:208} INFO - Processing /home/airflow/.local/lib/python3.12/site-packages/airflow/example_dags/example_display_name.py took 0.188 seconds
[2024-09-02T04:16:41.565+0000] {processor.py:186} INFO - Started process (PID=453) to work on /home/airflow/.local/lib/python3.12/site-packages/airflow/example_dags/example_display_name.py
[2024-09-02T04:16:41.567+0000] {processor.py:914} INFO - Processing file /home/airflow/.local/lib/python3.12/site-packages/airflow/example_dags/example_display_name.py for tasks to queue
[2024-09-02T04:16:41.573+0000] {logging_mixin.py:190} INFO - [2024-09-02T04:16:41.572+0000] {dagbag.py:587} INFO - Filling up the DagBag from /home/airflow/.local/lib/python3.12/site-packages/airflow/example_dags/example_display_name.py
[2024-09-02T04:16:41.590+0000] {processor.py:925} INFO - DAG(s) 'example_display_name' retrieved from /home/airflow/.local/lib/python3.12/site-packages/airflow/example_dags/example_display_name.py
[2024-09-02T04:16:41.632+0000] {logging_mixin.py:190} INFO - [2024-09-02T04:16:41.632+0000] {dag.py:3211} INFO - Sync 1 DAGs
[2024-09-02T04:16:41.670+0000] {logging_mixin.py:190} INFO - [2024-09-02T04:16:41.670+0000] {dag.py:4138} INFO - Setting next_dagrun for example_display_name to None, run_after=None
[2024-09-02T04:16:41.713+0000] {processor.py:208} INFO - Processing /home/airflow/.local/lib/python3.12/site-packages/airflow/example_dags/example_display_name.py took 0.162 seconds
[2024-09-02T04:17:12.151+0000] {processor.py:186} INFO - Started process (PID=516) to work on /home/airflow/.local/lib/python3.12/site-packages/airflow/example_dags/example_display_name.py
[2024-09-02T04:17:12.153+0000] {processor.py:914} INFO - Processing file /home/airflow/.local/lib/python3.12/site-packages/airflow/example_dags/example_display_name.py for tasks to queue
[2024-09-02T04:17:12.158+0000] {logging_mixin.py:190} INFO - [2024-09-02T04:17:12.158+0000] {dagbag.py:587} INFO - Filling up the DagBag from /home/airflow/.local/lib/python3.12/site-packages/airflow/example_dags/example_display_name.py
[2024-09-02T04:17:12.172+0000] {processor.py:925} INFO - DAG(s) 'example_display_name' retrieved from /home/airflow/.local/lib/python3.12/site-packages/airflow/example_dags/example_display_name.py
[2024-09-02T04:17:12.206+0000] {logging_mixin.py:190} INFO - [2024-09-02T04:17:12.206+0000] {dag.py:3211} INFO - Sync 1 DAGs
[2024-09-02T04:17:12.235+0000] {logging_mixin.py:190} INFO - [2024-09-02T04:17:12.235+0000] {dag.py:4138} INFO - Setting next_dagrun for example_display_name to None, run_after=None
[2024-09-02T04:17:12.268+0000] {processor.py:208} INFO - Processing /home/airflow/.local/lib/python3.12/site-packages/airflow/example_dags/example_display_name.py took 0.129 seconds
[2024-09-02T04:17:42.912+0000] {processor.py:186} INFO - Started process (PID=579) to work on /home/airflow/.local/lib/python3.12/site-packages/airflow/example_dags/example_display_name.py
[2024-09-02T04:17:42.914+0000] {processor.py:914} INFO - Processing file /home/airflow/.local/lib/python3.12/site-packages/airflow/example_dags/example_display_name.py for tasks to queue
[2024-09-02T04:17:42.919+0000] {logging_mixin.py:190} INFO - [2024-09-02T04:17:42.919+0000] {dagbag.py:587} INFO - Filling up the DagBag from /home/airflow/.local/lib/python3.12/site-packages/airflow/example_dags/example_display_name.py
[2024-09-02T04:17:42.935+0000] {processor.py:925} INFO - DAG(s) 'example_display_name' retrieved from /home/airflow/.local/lib/python3.12/site-packages/airflow/example_dags/example_display_name.py
[2024-09-02T04:17:42.978+0000] {logging_mixin.py:190} INFO - [2024-09-02T04:17:42.977+0000] {dag.py:3211} INFO - Sync 1 DAGs
[2024-09-02T04:17:43.008+0000] {logging_mixin.py:190} INFO - [2024-09-02T04:17:43.008+0000] {dag.py:4138} INFO - Setting next_dagrun for example_display_name to None, run_after=None
[2024-09-02T04:17:43.044+0000] {processor.py:208} INFO - Processing /home/airflow/.local/lib/python3.12/site-packages/airflow/example_dags/example_display_name.py took 0.144 seconds
[2024-09-02T04:18:13.867+0000] {processor.py:186} INFO - Started process (PID=642) to work on /home/airflow/.local/lib/python3.12/site-packages/airflow/example_dags/example_display_name.py
[2024-09-02T04:18:13.869+0000] {processor.py:914} INFO - Processing file /home/airflow/.local/lib/python3.12/site-packages/airflow/example_dags/example_display_name.py for tasks to queue
[2024-09-02T04:18:13.874+0000] {logging_mixin.py:190} INFO - [2024-09-02T04:18:13.874+0000] {dagbag.py:587} INFO - Filling up the DagBag from /home/airflow/.local/lib/python3.12/site-packages/airflow/example_dags/example_display_name.py
[2024-09-02T04:18:13.900+0000] {processor.py:925} INFO - DAG(s) 'example_display_name' retrieved from /home/airflow/.local/lib/python3.12/site-packages/airflow/example_dags/example_display_name.py
[2024-09-02T04:18:13.955+0000] {logging_mixin.py:190} INFO - [2024-09-02T04:18:13.954+0000] {dag.py:3211} INFO - Sync 1 DAGs
[2024-09-02T04:18:14.002+0000] {logging_mixin.py:190} INFO - [2024-09-02T04:18:14.001+0000] {dag.py:4138} INFO - Setting next_dagrun for example_display_name to None, run_after=None
[2024-09-02T04:18:14.077+0000] {processor.py:208} INFO - Processing /home/airflow/.local/lib/python3.12/site-packages/airflow/example_dags/example_display_name.py took 0.222 seconds
[2024-09-02T04:18:44.891+0000] {processor.py:186} INFO - Started process (PID=705) to work on /home/airflow/.local/lib/python3.12/site-packages/airflow/example_dags/example_display_name.py
[2024-09-02T04:18:44.894+0000] {processor.py:914} INFO - Processing file /home/airflow/.local/lib/python3.12/site-packages/airflow/example_dags/example_display_name.py for tasks to queue
[2024-09-02T04:18:44.904+0000] {logging_mixin.py:190} INFO - [2024-09-02T04:18:44.902+0000] {dagbag.py:587} INFO - Filling up the DagBag from /home/airflow/.local/lib/python3.12/site-packages/airflow/example_dags/example_display_name.py
[2024-09-02T04:18:44.922+0000] {processor.py:925} INFO - DAG(s) 'example_display_name' retrieved from /home/airflow/.local/lib/python3.12/site-packages/airflow/example_dags/example_display_name.py
[2024-09-02T04:18:44.974+0000] {logging_mixin.py:190} INFO - [2024-09-02T04:18:44.973+0000] {dag.py:3211} INFO - Sync 1 DAGs
[2024-09-02T04:18:45.010+0000] {logging_mixin.py:190} INFO - [2024-09-02T04:18:45.010+0000] {dag.py:4138} INFO - Setting next_dagrun for example_display_name to None, run_after=None
[2024-09-02T04:18:45.051+0000] {processor.py:208} INFO - Processing /home/airflow/.local/lib/python3.12/site-packages/airflow/example_dags/example_display_name.py took 0.174 seconds
[2024-09-02T04:19:16.611+0000] {processor.py:186} INFO - Started process (PID=769) to work on /home/airflow/.local/lib/python3.12/site-packages/airflow/example_dags/example_display_name.py
[2024-09-02T04:19:16.613+0000] {processor.py:914} INFO - Processing file /home/airflow/.local/lib/python3.12/site-packages/airflow/example_dags/example_display_name.py for tasks to queue
[2024-09-02T04:19:16.619+0000] {logging_mixin.py:190} INFO - [2024-09-02T04:19:16.619+0000] {dagbag.py:587} INFO - Filling up the DagBag from /home/airflow/.local/lib/python3.12/site-packages/airflow/example_dags/example_display_name.py
[2024-09-02T04:19:16.638+0000] {processor.py:925} INFO - DAG(s) 'example_display_name' retrieved from /home/airflow/.local/lib/python3.12/site-packages/airflow/example_dags/example_display_name.py
[2024-09-02T04:19:16.697+0000] {logging_mixin.py:190} INFO - [2024-09-02T04:19:16.696+0000] {dag.py:3211} INFO - Sync 1 DAGs
[2024-09-02T04:19:16.737+0000] {logging_mixin.py:190} INFO - [2024-09-02T04:19:16.737+0000] {dag.py:4138} INFO - Setting next_dagrun for example_display_name to None, run_after=None
[2024-09-02T04:19:16.784+0000] {processor.py:208} INFO - Processing /home/airflow/.local/lib/python3.12/site-packages/airflow/example_dags/example_display_name.py took 0.186 seconds
[2024-09-02T04:19:48.221+0000] {processor.py:186} INFO - Started process (PID=837) to work on /home/airflow/.local/lib/python3.12/site-packages/airflow/example_dags/example_display_name.py
[2024-09-02T04:19:48.223+0000] {processor.py:914} INFO - Processing file /home/airflow/.local/lib/python3.12/site-packages/airflow/example_dags/example_display_name.py for tasks to queue
[2024-09-02T04:19:48.229+0000] {logging_mixin.py:190} INFO - [2024-09-02T04:19:48.228+0000] {dagbag.py:587} INFO - Filling up the DagBag from /home/airflow/.local/lib/python3.12/site-packages/airflow/example_dags/example_display_name.py
[2024-09-02T04:19:48.245+0000] {processor.py:925} INFO - DAG(s) 'example_display_name' retrieved from /home/airflow/.local/lib/python3.12/site-packages/airflow/example_dags/example_display_name.py
[2024-09-02T04:19:48.291+0000] {logging_mixin.py:190} INFO - [2024-09-02T04:19:48.291+0000] {dag.py:3211} INFO - Sync 1 DAGs
[2024-09-02T04:19:48.328+0000] {logging_mixin.py:190} INFO - [2024-09-02T04:19:48.328+0000] {dag.py:4138} INFO - Setting next_dagrun for example_display_name to None, run_after=None
[2024-09-02T04:19:48.373+0000] {processor.py:208} INFO - Processing /home/airflow/.local/lib/python3.12/site-packages/airflow/example_dags/example_display_name.py took 0.165 seconds
[2024-09-02T04:20:20.813+0000] {processor.py:186} INFO - Started process (PID=900) to work on /home/airflow/.local/lib/python3.12/site-packages/airflow/example_dags/example_display_name.py
[2024-09-02T04:20:20.835+0000] {processor.py:914} INFO - Processing file /home/airflow/.local/lib/python3.12/site-packages/airflow/example_dags/example_display_name.py for tasks to queue
[2024-09-02T04:20:20.861+0000] {logging_mixin.py:190} INFO - [2024-09-02T04:20:20.860+0000] {dagbag.py:587} INFO - Filling up the DagBag from /home/airflow/.local/lib/python3.12/site-packages/airflow/example_dags/example_display_name.py
[2024-09-02T04:20:20.910+0000] {processor.py:925} INFO - DAG(s) 'example_display_name' retrieved from /home/airflow/.local/lib/python3.12/site-packages/airflow/example_dags/example_display_name.py
[2024-09-02T04:20:21.006+0000] {logging_mixin.py:190} INFO - [2024-09-02T04:20:21.006+0000] {dag.py:3211} INFO - Sync 1 DAGs
[2024-09-02T04:20:21.103+0000] {logging_mixin.py:190} INFO - [2024-09-02T04:20:21.102+0000] {dag.py:4138} INFO - Setting next_dagrun for example_display_name to None, run_after=None
[2024-09-02T04:20:21.227+0000] {processor.py:208} INFO - Processing /home/airflow/.local/lib/python3.12/site-packages/airflow/example_dags/example_display_name.py took 0.453 seconds
[2024-09-02T04:20:52.003+0000] {processor.py:186} INFO - Started process (PID=964) to work on /home/airflow/.local/lib/python3.12/site-packages/airflow/example_dags/example_display_name.py
[2024-09-02T04:20:52.005+0000] {processor.py:914} INFO - Processing file /home/airflow/.local/lib/python3.12/site-packages/airflow/example_dags/example_display_name.py for tasks to queue
[2024-09-02T04:20:52.012+0000] {logging_mixin.py:190} INFO - [2024-09-02T04:20:52.010+0000] {dagbag.py:587} INFO - Filling up the DagBag from /home/airflow/.local/lib/python3.12/site-packages/airflow/example_dags/example_display_name.py
[2024-09-02T04:20:52.032+0000] {processor.py:925} INFO - DAG(s) 'example_display_name' retrieved from /home/airflow/.local/lib/python3.12/site-packages/airflow/example_dags/example_display_name.py
[2024-09-02T04:20:52.107+0000] {logging_mixin.py:190} INFO - [2024-09-02T04:20:52.107+0000] {dag.py:3211} INFO - Sync 1 DAGs
[2024-09-02T04:20:52.171+0000] {logging_mixin.py:190} INFO - [2024-09-02T04:20:52.171+0000] {dag.py:4138} INFO - Setting next_dagrun for example_display_name to None, run_after=None
[2024-09-02T04:20:52.272+0000] {processor.py:208} INFO - Processing /home/airflow/.local/lib/python3.12/site-packages/airflow/example_dags/example_display_name.py took 0.283 seconds
[2024-09-02T04:21:33.843+0000] {processor.py:186} INFO - Started process (PID=1030) to work on /home/airflow/.local/lib/python3.12/site-packages/airflow/example_dags/example_display_name.py
[2024-09-02T04:21:33.860+0000] {processor.py:914} INFO - Processing file /home/airflow/.local/lib/python3.12/site-packages/airflow/example_dags/example_display_name.py for tasks to queue
[2024-09-02T04:21:33.881+0000] {logging_mixin.py:190} INFO - [2024-09-02T04:21:33.880+0000] {dagbag.py:587} INFO - Filling up the DagBag from /home/airflow/.local/lib/python3.12/site-packages/airflow/example_dags/example_display_name.py
[2024-09-02T04:21:33.957+0000] {processor.py:925} INFO - DAG(s) 'example_display_name' retrieved from /home/airflow/.local/lib/python3.12/site-packages/airflow/example_dags/example_display_name.py
[2024-09-02T04:21:34.095+0000] {logging_mixin.py:190} INFO - [2024-09-02T04:21:34.094+0000] {dag.py:3211} INFO - Sync 1 DAGs
[2024-09-02T04:21:34.242+0000] {logging_mixin.py:190} INFO - [2024-09-02T04:21:34.241+0000] {dag.py:4138} INFO - Setting next_dagrun for example_display_name to None, run_after=None
[2024-09-02T04:21:34.407+0000] {processor.py:208} INFO - Processing /home/airflow/.local/lib/python3.12/site-packages/airflow/example_dags/example_display_name.py took 0.612 seconds
[2024-09-02T04:22:04.769+0000] {processor.py:186} INFO - Started process (PID=1093) to work on /home/airflow/.local/lib/python3.12/site-packages/airflow/example_dags/example_display_name.py
[2024-09-02T04:22:04.771+0000] {processor.py:914} INFO - Processing file /home/airflow/.local/lib/python3.12/site-packages/airflow/example_dags/example_display_name.py for tasks to queue
[2024-09-02T04:22:04.777+0000] {logging_mixin.py:190} INFO - [2024-09-02T04:22:04.776+0000] {dagbag.py:587} INFO - Filling up the DagBag from /home/airflow/.local/lib/python3.12/site-packages/airflow/example_dags/example_display_name.py
[2024-09-02T04:22:04.797+0000] {processor.py:925} INFO - DAG(s) 'example_display_name' retrieved from /home/airflow/.local/lib/python3.12/site-packages/airflow/example_dags/example_display_name.py
[2024-09-02T04:22:04.848+0000] {logging_mixin.py:190} INFO - [2024-09-02T04:22:04.847+0000] {dag.py:3211} INFO - Sync 1 DAGs
[2024-09-02T04:22:04.881+0000] {logging_mixin.py:190} INFO - [2024-09-02T04:22:04.881+0000] {dag.py:4138} INFO - Setting next_dagrun for example_display_name to None, run_after=None
[2024-09-02T04:22:04.930+0000] {processor.py:208} INFO - Processing /home/airflow/.local/lib/python3.12/site-packages/airflow/example_dags/example_display_name.py took 0.177 seconds
[2024-09-02T04:23:29.024+0000] {processor.py:186} INFO - Started process (PID=1192) to work on /home/airflow/.local/lib/python3.12/site-packages/airflow/example_dags/example_display_name.py
[2024-09-02T04:23:29.027+0000] {processor.py:914} INFO - Processing file /home/airflow/.local/lib/python3.12/site-packages/airflow/example_dags/example_display_name.py for tasks to queue
[2024-09-02T04:23:29.059+0000] {logging_mixin.py:190} INFO - [2024-09-02T04:23:29.058+0000] {dagbag.py:587} INFO - Filling up the DagBag from /home/airflow/.local/lib/python3.12/site-packages/airflow/example_dags/example_display_name.py
[2024-09-02T04:23:29.199+0000] {processor.py:925} INFO - DAG(s) 'example_display_name' retrieved from /home/airflow/.local/lib/python3.12/site-packages/airflow/example_dags/example_display_name.py
[2024-09-02T04:23:29.418+0000] {logging_mixin.py:190} INFO - [2024-09-02T04:23:29.417+0000] {dag.py:3211} INFO - Sync 1 DAGs
[2024-09-02T04:23:29.750+0000] {logging_mixin.py:190} INFO - [2024-09-02T04:23:29.749+0000] {dag.py:4138} INFO - Setting next_dagrun for example_display_name to None, run_after=None
[2024-09-02T04:23:30.041+0000] {processor.py:208} INFO - Processing /home/airflow/.local/lib/python3.12/site-packages/airflow/example_dags/example_display_name.py took 1.094 seconds
[2024-09-02T04:26:49.728+0000] {processor.py:186} INFO - Started process (PID=127) to work on /home/airflow/.local/lib/python3.12/site-packages/airflow/example_dags/example_display_name.py
[2024-09-02T04:26:49.731+0000] {processor.py:914} INFO - Processing file /home/airflow/.local/lib/python3.12/site-packages/airflow/example_dags/example_display_name.py for tasks to queue
[2024-09-02T04:26:49.758+0000] {logging_mixin.py:190} INFO - [2024-09-02T04:26:49.746+0000] {dagbag.py:587} INFO - Filling up the DagBag from /home/airflow/.local/lib/python3.12/site-packages/airflow/example_dags/example_display_name.py
[2024-09-02T04:26:49.822+0000] {processor.py:925} INFO - DAG(s) 'example_display_name' retrieved from /home/airflow/.local/lib/python3.12/site-packages/airflow/example_dags/example_display_name.py
[2024-09-02T04:26:49.988+0000] {logging_mixin.py:190} INFO - [2024-09-02T04:26:49.976+0000] {dag.py:3211} INFO - Sync 1 DAGs
[2024-09-02T04:26:50.085+0000] {logging_mixin.py:190} INFO - [2024-09-02T04:26:50.084+0000] {dag.py:4138} INFO - Setting next_dagrun for example_display_name to None, run_after=None
[2024-09-02T04:26:50.204+0000] {processor.py:208} INFO - Processing /home/airflow/.local/lib/python3.12/site-packages/airflow/example_dags/example_display_name.py took 0.535 seconds
[2024-09-02T04:27:20.807+0000] {processor.py:186} INFO - Started process (PID=190) to work on /home/airflow/.local/lib/python3.12/site-packages/airflow/example_dags/example_display_name.py
[2024-09-02T04:27:20.809+0000] {processor.py:914} INFO - Processing file /home/airflow/.local/lib/python3.12/site-packages/airflow/example_dags/example_display_name.py for tasks to queue
[2024-09-02T04:27:20.815+0000] {logging_mixin.py:190} INFO - [2024-09-02T04:27:20.814+0000] {dagbag.py:587} INFO - Filling up the DagBag from /home/airflow/.local/lib/python3.12/site-packages/airflow/example_dags/example_display_name.py
[2024-09-02T04:27:20.833+0000] {processor.py:925} INFO - DAG(s) 'example_display_name' retrieved from /home/airflow/.local/lib/python3.12/site-packages/airflow/example_dags/example_display_name.py
[2024-09-02T04:27:20.885+0000] {logging_mixin.py:190} INFO - [2024-09-02T04:27:20.884+0000] {dag.py:3211} INFO - Sync 1 DAGs
[2024-09-02T04:27:20.932+0000] {logging_mixin.py:190} INFO - [2024-09-02T04:27:20.932+0000] {dag.py:4138} INFO - Setting next_dagrun for example_display_name to None, run_after=None
[2024-09-02T04:27:21.021+0000] {processor.py:208} INFO - Processing /home/airflow/.local/lib/python3.12/site-packages/airflow/example_dags/example_display_name.py took 0.228 seconds
[2024-09-02T04:27:51.175+0000] {processor.py:186} INFO - Started process (PID=253) to work on /home/airflow/.local/lib/python3.12/site-packages/airflow/example_dags/example_display_name.py
[2024-09-02T04:27:51.177+0000] {processor.py:914} INFO - Processing file /home/airflow/.local/lib/python3.12/site-packages/airflow/example_dags/example_display_name.py for tasks to queue
[2024-09-02T04:27:51.183+0000] {logging_mixin.py:190} INFO - [2024-09-02T04:27:51.182+0000] {dagbag.py:587} INFO - Filling up the DagBag from /home/airflow/.local/lib/python3.12/site-packages/airflow/example_dags/example_display_name.py
[2024-09-02T04:27:51.200+0000] {processor.py:925} INFO - DAG(s) 'example_display_name' retrieved from /home/airflow/.local/lib/python3.12/site-packages/airflow/example_dags/example_display_name.py
[2024-09-02T04:27:51.251+0000] {logging_mixin.py:190} INFO - [2024-09-02T04:27:51.251+0000] {dag.py:3211} INFO - Sync 1 DAGs
[2024-09-02T04:27:51.297+0000] {logging_mixin.py:190} INFO - [2024-09-02T04:27:51.296+0000] {dag.py:4138} INFO - Setting next_dagrun for example_display_name to None, run_after=None
[2024-09-02T04:27:51.360+0000] {processor.py:208} INFO - Processing /home/airflow/.local/lib/python3.12/site-packages/airflow/example_dags/example_display_name.py took 0.199 seconds
[2024-09-02T04:28:27.769+0000] {processor.py:186} INFO - Started process (PID=316) to work on /home/airflow/.local/lib/python3.12/site-packages/airflow/example_dags/example_display_name.py
[2024-09-02T04:28:27.772+0000] {processor.py:914} INFO - Processing file /home/airflow/.local/lib/python3.12/site-packages/airflow/example_dags/example_display_name.py for tasks to queue
[2024-09-02T04:28:27.782+0000] {logging_mixin.py:190} INFO - [2024-09-02T04:28:27.780+0000] {dagbag.py:587} INFO - Filling up the DagBag from /home/airflow/.local/lib/python3.12/site-packages/airflow/example_dags/example_display_name.py
[2024-09-02T04:28:27.807+0000] {processor.py:925} INFO - DAG(s) 'example_display_name' retrieved from /home/airflow/.local/lib/python3.12/site-packages/airflow/example_dags/example_display_name.py
[2024-09-02T04:28:27.889+0000] {logging_mixin.py:190} INFO - [2024-09-02T04:28:27.888+0000] {dag.py:3211} INFO - Sync 1 DAGs
[2024-09-02T04:28:27.948+0000] {logging_mixin.py:190} INFO - [2024-09-02T04:28:27.948+0000] {dag.py:4138} INFO - Setting next_dagrun for example_display_name to None, run_after=None
[2024-09-02T04:28:28.006+0000] {processor.py:208} INFO - Processing /home/airflow/.local/lib/python3.12/site-packages/airflow/example_dags/example_display_name.py took 0.255 seconds
[2024-09-02T04:29:00.307+0000] {processor.py:186} INFO - Started process (PID=380) to work on /home/airflow/.local/lib/python3.12/site-packages/airflow/example_dags/example_display_name.py
[2024-09-02T04:29:00.313+0000] {processor.py:914} INFO - Processing file /home/airflow/.local/lib/python3.12/site-packages/airflow/example_dags/example_display_name.py for tasks to queue
[2024-09-02T04:29:00.319+0000] {logging_mixin.py:190} INFO - [2024-09-02T04:29:00.318+0000] {dagbag.py:587} INFO - Filling up the DagBag from /home/airflow/.local/lib/python3.12/site-packages/airflow/example_dags/example_display_name.py
[2024-09-02T04:29:00.372+0000] {processor.py:925} INFO - DAG(s) 'example_display_name' retrieved from /home/airflow/.local/lib/python3.12/site-packages/airflow/example_dags/example_display_name.py
[2024-09-02T04:29:00.483+0000] {logging_mixin.py:190} INFO - [2024-09-02T04:29:00.482+0000] {dag.py:3211} INFO - Sync 1 DAGs
[2024-09-02T04:29:00.559+0000] {logging_mixin.py:190} INFO - [2024-09-02T04:29:00.558+0000] {dag.py:4138} INFO - Setting next_dagrun for example_display_name to None, run_after=None
[2024-09-02T04:29:00.766+0000] {processor.py:208} INFO - Processing /home/airflow/.local/lib/python3.12/site-packages/airflow/example_dags/example_display_name.py took 0.500 seconds
[2024-09-02T04:29:31.225+0000] {processor.py:186} INFO - Started process (PID=444) to work on /home/airflow/.local/lib/python3.12/site-packages/airflow/example_dags/example_display_name.py
[2024-09-02T04:29:31.229+0000] {processor.py:914} INFO - Processing file /home/airflow/.local/lib/python3.12/site-packages/airflow/example_dags/example_display_name.py for tasks to queue
[2024-09-02T04:29:31.235+0000] {logging_mixin.py:190} INFO - [2024-09-02T04:29:31.234+0000] {dagbag.py:587} INFO - Filling up the DagBag from /home/airflow/.local/lib/python3.12/site-packages/airflow/example_dags/example_display_name.py
[2024-09-02T04:29:31.257+0000] {processor.py:925} INFO - DAG(s) 'example_display_name' retrieved from /home/airflow/.local/lib/python3.12/site-packages/airflow/example_dags/example_display_name.py
[2024-09-02T04:29:31.319+0000] {logging_mixin.py:190} INFO - [2024-09-02T04:29:31.319+0000] {dag.py:3211} INFO - Sync 1 DAGs
[2024-09-02T04:29:31.361+0000] {logging_mixin.py:190} INFO - [2024-09-02T04:29:31.361+0000] {dag.py:4138} INFO - Setting next_dagrun for example_display_name to None, run_after=None
[2024-09-02T04:29:31.408+0000] {processor.py:208} INFO - Processing /home/airflow/.local/lib/python3.12/site-packages/airflow/example_dags/example_display_name.py took 0.198 seconds
[2024-09-02T04:30:01.925+0000] {processor.py:186} INFO - Started process (PID=507) to work on /home/airflow/.local/lib/python3.12/site-packages/airflow/example_dags/example_display_name.py
[2024-09-02T04:30:01.928+0000] {processor.py:914} INFO - Processing file /home/airflow/.local/lib/python3.12/site-packages/airflow/example_dags/example_display_name.py for tasks to queue
[2024-09-02T04:30:01.934+0000] {logging_mixin.py:190} INFO - [2024-09-02T04:30:01.933+0000] {dagbag.py:587} INFO - Filling up the DagBag from /home/airflow/.local/lib/python3.12/site-packages/airflow/example_dags/example_display_name.py
[2024-09-02T04:30:01.954+0000] {processor.py:925} INFO - DAG(s) 'example_display_name' retrieved from /home/airflow/.local/lib/python3.12/site-packages/airflow/example_dags/example_display_name.py
[2024-09-02T04:30:01.999+0000] {logging_mixin.py:190} INFO - [2024-09-02T04:30:01.999+0000] {dag.py:3211} INFO - Sync 1 DAGs
[2024-09-02T04:30:02.036+0000] {logging_mixin.py:190} INFO - [2024-09-02T04:30:02.036+0000] {dag.py:4138} INFO - Setting next_dagrun for example_display_name to None, run_after=None
[2024-09-02T04:30:02.080+0000] {processor.py:208} INFO - Processing /home/airflow/.local/lib/python3.12/site-packages/airflow/example_dags/example_display_name.py took 0.168 seconds
[2024-09-02T04:30:33.516+0000] {processor.py:186} INFO - Started process (PID=571) to work on /home/airflow/.local/lib/python3.12/site-packages/airflow/example_dags/example_display_name.py
[2024-09-02T04:30:33.519+0000] {processor.py:914} INFO - Processing file /home/airflow/.local/lib/python3.12/site-packages/airflow/example_dags/example_display_name.py for tasks to queue
[2024-09-02T04:30:33.524+0000] {logging_mixin.py:190} INFO - [2024-09-02T04:30:33.523+0000] {dagbag.py:587} INFO - Filling up the DagBag from /home/airflow/.local/lib/python3.12/site-packages/airflow/example_dags/example_display_name.py
[2024-09-02T04:30:33.544+0000] {processor.py:925} INFO - DAG(s) 'example_display_name' retrieved from /home/airflow/.local/lib/python3.12/site-packages/airflow/example_dags/example_display_name.py
[2024-09-02T04:30:33.616+0000] {logging_mixin.py:190} INFO - [2024-09-02T04:30:33.616+0000] {dag.py:3211} INFO - Sync 1 DAGs
[2024-09-02T04:30:33.658+0000] {logging_mixin.py:190} INFO - [2024-09-02T04:30:33.657+0000] {dag.py:4138} INFO - Setting next_dagrun for example_display_name to None, run_after=None
[2024-09-02T04:30:33.715+0000] {processor.py:208} INFO - Processing /home/airflow/.local/lib/python3.12/site-packages/airflow/example_dags/example_display_name.py took 0.220 seconds
[2024-09-02T04:31:07.510+0000] {processor.py:186} INFO - Started process (PID=641) to work on /home/airflow/.local/lib/python3.12/site-packages/airflow/example_dags/example_display_name.py
[2024-09-02T04:31:07.512+0000] {processor.py:914} INFO - Processing file /home/airflow/.local/lib/python3.12/site-packages/airflow/example_dags/example_display_name.py for tasks to queue
[2024-09-02T04:31:07.529+0000] {logging_mixin.py:190} INFO - [2024-09-02T04:31:07.525+0000] {dagbag.py:587} INFO - Filling up the DagBag from /home/airflow/.local/lib/python3.12/site-packages/airflow/example_dags/example_display_name.py
[2024-09-02T04:31:07.571+0000] {processor.py:925} INFO - DAG(s) 'example_display_name' retrieved from /home/airflow/.local/lib/python3.12/site-packages/airflow/example_dags/example_display_name.py
[2024-09-02T04:31:07.724+0000] {logging_mixin.py:190} INFO - [2024-09-02T04:31:07.724+0000] {dag.py:3211} INFO - Sync 1 DAGs
[2024-09-02T04:31:07.835+0000] {logging_mixin.py:190} INFO - [2024-09-02T04:31:07.834+0000] {dag.py:4138} INFO - Setting next_dagrun for example_display_name to None, run_after=None
[2024-09-02T04:31:07.959+0000] {processor.py:208} INFO - Processing /home/airflow/.local/lib/python3.12/site-packages/airflow/example_dags/example_display_name.py took 0.487 seconds
[2024-09-02T04:31:38.719+0000] {processor.py:186} INFO - Started process (PID=704) to work on /home/airflow/.local/lib/python3.12/site-packages/airflow/example_dags/example_display_name.py
[2024-09-02T04:31:38.721+0000] {processor.py:914} INFO - Processing file /home/airflow/.local/lib/python3.12/site-packages/airflow/example_dags/example_display_name.py for tasks to queue
[2024-09-02T04:31:38.739+0000] {logging_mixin.py:190} INFO - [2024-09-02T04:31:38.739+0000] {dagbag.py:587} INFO - Filling up the DagBag from /home/airflow/.local/lib/python3.12/site-packages/airflow/example_dags/example_display_name.py
[2024-09-02T04:31:38.805+0000] {processor.py:925} INFO - DAG(s) 'example_display_name' retrieved from /home/airflow/.local/lib/python3.12/site-packages/airflow/example_dags/example_display_name.py
[2024-09-02T04:31:38.997+0000] {logging_mixin.py:190} INFO - [2024-09-02T04:31:38.996+0000] {dag.py:3211} INFO - Sync 1 DAGs
[2024-09-02T04:31:39.100+0000] {logging_mixin.py:190} INFO - [2024-09-02T04:31:39.099+0000] {dag.py:4138} INFO - Setting next_dagrun for example_display_name to None, run_after=None
[2024-09-02T04:31:39.245+0000] {processor.py:208} INFO - Processing /home/airflow/.local/lib/python3.12/site-packages/airflow/example_dags/example_display_name.py took 0.572 seconds
[2024-09-02T04:32:11.315+0000] {processor.py:186} INFO - Started process (PID=767) to work on /home/airflow/.local/lib/python3.12/site-packages/airflow/example_dags/example_display_name.py
[2024-09-02T04:32:11.318+0000] {processor.py:914} INFO - Processing file /home/airflow/.local/lib/python3.12/site-packages/airflow/example_dags/example_display_name.py for tasks to queue
[2024-09-02T04:32:11.333+0000] {logging_mixin.py:190} INFO - [2024-09-02T04:32:11.333+0000] {dagbag.py:587} INFO - Filling up the DagBag from /home/airflow/.local/lib/python3.12/site-packages/airflow/example_dags/example_display_name.py
[2024-09-02T04:32:11.393+0000] {processor.py:925} INFO - DAG(s) 'example_display_name' retrieved from /home/airflow/.local/lib/python3.12/site-packages/airflow/example_dags/example_display_name.py
[2024-09-02T04:32:11.525+0000] {logging_mixin.py:190} INFO - [2024-09-02T04:32:11.525+0000] {dag.py:3211} INFO - Sync 1 DAGs
[2024-09-02T04:32:11.634+0000] {logging_mixin.py:190} INFO - [2024-09-02T04:32:11.634+0000] {dag.py:4138} INFO - Setting next_dagrun for example_display_name to None, run_after=None
[2024-09-02T04:32:11.759+0000] {processor.py:208} INFO - Processing /home/airflow/.local/lib/python3.12/site-packages/airflow/example_dags/example_display_name.py took 0.486 seconds
[2024-09-02T04:32:42.358+0000] {processor.py:186} INFO - Started process (PID=830) to work on /home/airflow/.local/lib/python3.12/site-packages/airflow/example_dags/example_display_name.py
[2024-09-02T04:32:42.360+0000] {processor.py:914} INFO - Processing file /home/airflow/.local/lib/python3.12/site-packages/airflow/example_dags/example_display_name.py for tasks to queue
[2024-09-02T04:32:42.378+0000] {logging_mixin.py:190} INFO - [2024-09-02T04:32:42.377+0000] {dagbag.py:587} INFO - Filling up the DagBag from /home/airflow/.local/lib/python3.12/site-packages/airflow/example_dags/example_display_name.py
[2024-09-02T04:32:42.419+0000] {processor.py:925} INFO - DAG(s) 'example_display_name' retrieved from /home/airflow/.local/lib/python3.12/site-packages/airflow/example_dags/example_display_name.py
[2024-09-02T04:32:42.511+0000] {logging_mixin.py:190} INFO - [2024-09-02T04:32:42.511+0000] {dag.py:3211} INFO - Sync 1 DAGs
[2024-09-02T04:32:42.595+0000] {logging_mixin.py:190} INFO - [2024-09-02T04:32:42.595+0000] {dag.py:4138} INFO - Setting next_dagrun for example_display_name to None, run_after=None
[2024-09-02T04:32:42.690+0000] {processor.py:208} INFO - Processing /home/airflow/.local/lib/python3.12/site-packages/airflow/example_dags/example_display_name.py took 0.381 seconds
[2024-09-02T04:33:16.683+0000] {processor.py:186} INFO - Started process (PID=893) to work on /home/airflow/.local/lib/python3.12/site-packages/airflow/example_dags/example_display_name.py
[2024-09-02T04:33:16.698+0000] {processor.py:914} INFO - Processing file /home/airflow/.local/lib/python3.12/site-packages/airflow/example_dags/example_display_name.py for tasks to queue
[2024-09-02T04:33:16.718+0000] {logging_mixin.py:190} INFO - [2024-09-02T04:33:16.717+0000] {dagbag.py:587} INFO - Filling up the DagBag from /home/airflow/.local/lib/python3.12/site-packages/airflow/example_dags/example_display_name.py
[2024-09-02T04:33:16.796+0000] {processor.py:925} INFO - DAG(s) 'example_display_name' retrieved from /home/airflow/.local/lib/python3.12/site-packages/airflow/example_dags/example_display_name.py
[2024-09-02T04:33:16.945+0000] {logging_mixin.py:190} INFO - [2024-09-02T04:33:16.944+0000] {dag.py:3211} INFO - Sync 1 DAGs
[2024-09-02T04:33:17.041+0000] {logging_mixin.py:190} INFO - [2024-09-02T04:33:17.040+0000] {dag.py:4138} INFO - Setting next_dagrun for example_display_name to None, run_after=None
[2024-09-02T04:33:17.170+0000] {processor.py:208} INFO - Processing /home/airflow/.local/lib/python3.12/site-packages/airflow/example_dags/example_display_name.py took 0.537 seconds
[2024-09-02T04:33:48.810+0000] {processor.py:186} INFO - Started process (PID=955) to work on /home/airflow/.local/lib/python3.12/site-packages/airflow/example_dags/example_display_name.py
[2024-09-02T04:33:48.819+0000] {processor.py:914} INFO - Processing file /home/airflow/.local/lib/python3.12/site-packages/airflow/example_dags/example_display_name.py for tasks to queue
[2024-09-02T04:33:48.829+0000] {logging_mixin.py:190} INFO - [2024-09-02T04:33:48.828+0000] {dagbag.py:587} INFO - Filling up the DagBag from /home/airflow/.local/lib/python3.12/site-packages/airflow/example_dags/example_display_name.py
[2024-09-02T04:33:48.893+0000] {processor.py:925} INFO - DAG(s) 'example_display_name' retrieved from /home/airflow/.local/lib/python3.12/site-packages/airflow/example_dags/example_display_name.py
[2024-09-02T04:33:49.039+0000] {logging_mixin.py:190} INFO - [2024-09-02T04:33:49.038+0000] {dag.py:3211} INFO - Sync 1 DAGs
[2024-09-02T04:33:49.160+0000] {logging_mixin.py:190} INFO - [2024-09-02T04:33:49.159+0000] {dag.py:4138} INFO - Setting next_dagrun for example_display_name to None, run_after=None
[2024-09-02T04:33:49.256+0000] {processor.py:208} INFO - Processing /home/airflow/.local/lib/python3.12/site-packages/airflow/example_dags/example_display_name.py took 0.483 seconds
[2024-09-02T04:34:20.420+0000] {processor.py:186} INFO - Started process (PID=1018) to work on /home/airflow/.local/lib/python3.12/site-packages/airflow/example_dags/example_display_name.py
[2024-09-02T04:34:20.422+0000] {processor.py:914} INFO - Processing file /home/airflow/.local/lib/python3.12/site-packages/airflow/example_dags/example_display_name.py for tasks to queue
[2024-09-02T04:34:20.439+0000] {logging_mixin.py:190} INFO - [2024-09-02T04:34:20.427+0000] {dagbag.py:587} INFO - Filling up the DagBag from /home/airflow/.local/lib/python3.12/site-packages/airflow/example_dags/example_display_name.py
[2024-09-02T04:34:20.544+0000] {processor.py:925} INFO - DAG(s) 'example_display_name' retrieved from /home/airflow/.local/lib/python3.12/site-packages/airflow/example_dags/example_display_name.py
[2024-09-02T04:34:20.700+0000] {logging_mixin.py:190} INFO - [2024-09-02T04:34:20.699+0000] {dag.py:3211} INFO - Sync 1 DAGs
[2024-09-02T04:34:20.791+0000] {logging_mixin.py:190} INFO - [2024-09-02T04:34:20.791+0000] {dag.py:4138} INFO - Setting next_dagrun for example_display_name to None, run_after=None
[2024-09-02T04:34:20.934+0000] {processor.py:208} INFO - Processing /home/airflow/.local/lib/python3.12/site-packages/airflow/example_dags/example_display_name.py took 0.549 seconds
[2024-09-02T04:34:54.895+0000] {processor.py:186} INFO - Started process (PID=1081) to work on /home/airflow/.local/lib/python3.12/site-packages/airflow/example_dags/example_display_name.py
[2024-09-02T04:34:54.899+0000] {processor.py:914} INFO - Processing file /home/airflow/.local/lib/python3.12/site-packages/airflow/example_dags/example_display_name.py for tasks to queue
[2024-09-02T04:34:54.915+0000] {logging_mixin.py:190} INFO - [2024-09-02T04:34:54.914+0000] {dagbag.py:587} INFO - Filling up the DagBag from /home/airflow/.local/lib/python3.12/site-packages/airflow/example_dags/example_display_name.py
[2024-09-02T04:34:54.975+0000] {processor.py:925} INFO - DAG(s) 'example_display_name' retrieved from /home/airflow/.local/lib/python3.12/site-packages/airflow/example_dags/example_display_name.py
[2024-09-02T04:34:55.073+0000] {logging_mixin.py:190} INFO - [2024-09-02T04:34:55.073+0000] {dag.py:3211} INFO - Sync 1 DAGs
[2024-09-02T04:34:55.161+0000] {logging_mixin.py:190} INFO - [2024-09-02T04:34:55.161+0000] {dag.py:4138} INFO - Setting next_dagrun for example_display_name to None, run_after=None
[2024-09-02T04:34:55.245+0000] {processor.py:208} INFO - Processing /home/airflow/.local/lib/python3.12/site-packages/airflow/example_dags/example_display_name.py took 0.388 seconds
[2024-09-02T04:35:27.851+0000] {processor.py:186} INFO - Started process (PID=1144) to work on /home/airflow/.local/lib/python3.12/site-packages/airflow/example_dags/example_display_name.py
[2024-09-02T04:35:27.854+0000] {processor.py:914} INFO - Processing file /home/airflow/.local/lib/python3.12/site-packages/airflow/example_dags/example_display_name.py for tasks to queue
[2024-09-02T04:35:27.860+0000] {logging_mixin.py:190} INFO - [2024-09-02T04:35:27.860+0000] {dagbag.py:587} INFO - Filling up the DagBag from /home/airflow/.local/lib/python3.12/site-packages/airflow/example_dags/example_display_name.py
[2024-09-02T04:35:27.891+0000] {processor.py:925} INFO - DAG(s) 'example_display_name' retrieved from /home/airflow/.local/lib/python3.12/site-packages/airflow/example_dags/example_display_name.py
[2024-09-02T04:35:27.964+0000] {logging_mixin.py:190} INFO - [2024-09-02T04:35:27.964+0000] {dag.py:3211} INFO - Sync 1 DAGs
[2024-09-02T04:35:28.074+0000] {logging_mixin.py:190} INFO - [2024-09-02T04:35:28.073+0000] {dag.py:4138} INFO - Setting next_dagrun for example_display_name to None, run_after=None
[2024-09-02T04:35:28.145+0000] {processor.py:208} INFO - Processing /home/airflow/.local/lib/python3.12/site-packages/airflow/example_dags/example_display_name.py took 0.314 seconds
[2024-09-02T04:35:58.884+0000] {processor.py:186} INFO - Started process (PID=1208) to work on /home/airflow/.local/lib/python3.12/site-packages/airflow/example_dags/example_display_name.py
[2024-09-02T04:35:58.888+0000] {processor.py:914} INFO - Processing file /home/airflow/.local/lib/python3.12/site-packages/airflow/example_dags/example_display_name.py for tasks to queue
[2024-09-02T04:35:58.894+0000] {logging_mixin.py:190} INFO - [2024-09-02T04:35:58.893+0000] {dagbag.py:587} INFO - Filling up the DagBag from /home/airflow/.local/lib/python3.12/site-packages/airflow/example_dags/example_display_name.py
[2024-09-02T04:35:58.921+0000] {processor.py:925} INFO - DAG(s) 'example_display_name' retrieved from /home/airflow/.local/lib/python3.12/site-packages/airflow/example_dags/example_display_name.py
[2024-09-02T04:35:58.977+0000] {logging_mixin.py:190} INFO - [2024-09-02T04:35:58.977+0000] {dag.py:3211} INFO - Sync 1 DAGs
[2024-09-02T04:35:59.018+0000] {logging_mixin.py:190} INFO - [2024-09-02T04:35:59.017+0000] {dag.py:4138} INFO - Setting next_dagrun for example_display_name to None, run_after=None
[2024-09-02T04:35:59.075+0000] {processor.py:208} INFO - Processing /home/airflow/.local/lib/python3.12/site-packages/airflow/example_dags/example_display_name.py took 0.214 seconds
[2024-09-02T04:36:31.676+0000] {processor.py:186} INFO - Started process (PID=1272) to work on /home/airflow/.local/lib/python3.12/site-packages/airflow/example_dags/example_display_name.py
[2024-09-02T04:36:31.684+0000] {processor.py:914} INFO - Processing file /home/airflow/.local/lib/python3.12/site-packages/airflow/example_dags/example_display_name.py for tasks to queue
[2024-09-02T04:36:31.693+0000] {logging_mixin.py:190} INFO - [2024-09-02T04:36:31.692+0000] {dagbag.py:587} INFO - Filling up the DagBag from /home/airflow/.local/lib/python3.12/site-packages/airflow/example_dags/example_display_name.py
[2024-09-02T04:36:31.728+0000] {processor.py:925} INFO - DAG(s) 'example_display_name' retrieved from /home/airflow/.local/lib/python3.12/site-packages/airflow/example_dags/example_display_name.py
[2024-09-02T04:36:31.831+0000] {logging_mixin.py:190} INFO - [2024-09-02T04:36:31.831+0000] {dag.py:3211} INFO - Sync 1 DAGs
[2024-09-02T04:36:31.922+0000] {logging_mixin.py:190} INFO - [2024-09-02T04:36:31.921+0000] {dag.py:4138} INFO - Setting next_dagrun for example_display_name to None, run_after=None
[2024-09-02T04:36:32.014+0000] {processor.py:208} INFO - Processing /home/airflow/.local/lib/python3.12/site-packages/airflow/example_dags/example_display_name.py took 0.359 seconds
[2024-09-02T04:37:03.778+0000] {processor.py:186} INFO - Started process (PID=1336) to work on /home/airflow/.local/lib/python3.12/site-packages/airflow/example_dags/example_display_name.py
[2024-09-02T04:37:03.780+0000] {processor.py:914} INFO - Processing file /home/airflow/.local/lib/python3.12/site-packages/airflow/example_dags/example_display_name.py for tasks to queue
[2024-09-02T04:37:03.787+0000] {logging_mixin.py:190} INFO - [2024-09-02T04:37:03.786+0000] {dagbag.py:587} INFO - Filling up the DagBag from /home/airflow/.local/lib/python3.12/site-packages/airflow/example_dags/example_display_name.py
[2024-09-02T04:37:03.818+0000] {processor.py:925} INFO - DAG(s) 'example_display_name' retrieved from /home/airflow/.local/lib/python3.12/site-packages/airflow/example_dags/example_display_name.py
[2024-09-02T04:37:03.902+0000] {logging_mixin.py:190} INFO - [2024-09-02T04:37:03.901+0000] {dag.py:3211} INFO - Sync 1 DAGs
[2024-09-02T04:37:03.956+0000] {logging_mixin.py:190} INFO - [2024-09-02T04:37:03.955+0000] {dag.py:4138} INFO - Setting next_dagrun for example_display_name to None, run_after=None
[2024-09-02T04:37:04.011+0000] {processor.py:208} INFO - Processing /home/airflow/.local/lib/python3.12/site-packages/airflow/example_dags/example_display_name.py took 0.260 seconds
[2024-09-02T04:37:34.766+0000] {processor.py:186} INFO - Started process (PID=1401) to work on /home/airflow/.local/lib/python3.12/site-packages/airflow/example_dags/example_display_name.py
[2024-09-02T04:37:34.768+0000] {processor.py:914} INFO - Processing file /home/airflow/.local/lib/python3.12/site-packages/airflow/example_dags/example_display_name.py for tasks to queue
[2024-09-02T04:37:34.774+0000] {logging_mixin.py:190} INFO - [2024-09-02T04:37:34.773+0000] {dagbag.py:587} INFO - Filling up the DagBag from /home/airflow/.local/lib/python3.12/site-packages/airflow/example_dags/example_display_name.py
[2024-09-02T04:37:34.793+0000] {processor.py:925} INFO - DAG(s) 'example_display_name' retrieved from /home/airflow/.local/lib/python3.12/site-packages/airflow/example_dags/example_display_name.py
[2024-09-02T04:37:34.838+0000] {logging_mixin.py:190} INFO - [2024-09-02T04:37:34.838+0000] {dag.py:3211} INFO - Sync 1 DAGs
[2024-09-02T04:37:34.879+0000] {logging_mixin.py:190} INFO - [2024-09-02T04:37:34.878+0000] {dag.py:4138} INFO - Setting next_dagrun for example_display_name to None, run_after=None
[2024-09-02T04:37:34.932+0000] {processor.py:208} INFO - Processing /home/airflow/.local/lib/python3.12/site-packages/airflow/example_dags/example_display_name.py took 0.180 seconds
[2024-09-02T04:38:06.112+0000] {processor.py:186} INFO - Started process (PID=1464) to work on /home/airflow/.local/lib/python3.12/site-packages/airflow/example_dags/example_display_name.py
[2024-09-02T04:38:06.114+0000] {processor.py:914} INFO - Processing file /home/airflow/.local/lib/python3.12/site-packages/airflow/example_dags/example_display_name.py for tasks to queue
[2024-09-02T04:38:06.119+0000] {logging_mixin.py:190} INFO - [2024-09-02T04:38:06.119+0000] {dagbag.py:587} INFO - Filling up the DagBag from /home/airflow/.local/lib/python3.12/site-packages/airflow/example_dags/example_display_name.py
[2024-09-02T04:38:06.137+0000] {processor.py:925} INFO - DAG(s) 'example_display_name' retrieved from /home/airflow/.local/lib/python3.12/site-packages/airflow/example_dags/example_display_name.py
[2024-09-02T04:38:06.189+0000] {logging_mixin.py:190} INFO - [2024-09-02T04:38:06.188+0000] {dag.py:3211} INFO - Sync 1 DAGs
[2024-09-02T04:38:06.225+0000] {logging_mixin.py:190} INFO - [2024-09-02T04:38:06.225+0000] {dag.py:4138} INFO - Setting next_dagrun for example_display_name to None, run_after=None
[2024-09-02T04:38:06.288+0000] {processor.py:208} INFO - Processing /home/airflow/.local/lib/python3.12/site-packages/airflow/example_dags/example_display_name.py took 0.192 seconds
[2024-09-02T04:38:36.518+0000] {processor.py:186} INFO - Started process (PID=1528) to work on /home/airflow/.local/lib/python3.12/site-packages/airflow/example_dags/example_display_name.py
[2024-09-02T04:38:36.520+0000] {processor.py:914} INFO - Processing file /home/airflow/.local/lib/python3.12/site-packages/airflow/example_dags/example_display_name.py for tasks to queue
[2024-09-02T04:38:36.526+0000] {logging_mixin.py:190} INFO - [2024-09-02T04:38:36.525+0000] {dagbag.py:587} INFO - Filling up the DagBag from /home/airflow/.local/lib/python3.12/site-packages/airflow/example_dags/example_display_name.py
[2024-09-02T04:38:36.545+0000] {processor.py:925} INFO - DAG(s) 'example_display_name' retrieved from /home/airflow/.local/lib/python3.12/site-packages/airflow/example_dags/example_display_name.py
[2024-09-02T04:38:36.593+0000] {logging_mixin.py:190} INFO - [2024-09-02T04:38:36.592+0000] {dag.py:3211} INFO - Sync 1 DAGs
[2024-09-02T04:38:36.632+0000] {logging_mixin.py:190} INFO - [2024-09-02T04:38:36.632+0000] {dag.py:4138} INFO - Setting next_dagrun for example_display_name to None, run_after=None
[2024-09-02T04:38:36.672+0000] {processor.py:208} INFO - Processing /home/airflow/.local/lib/python3.12/site-packages/airflow/example_dags/example_display_name.py took 0.168 seconds
[2024-09-02T04:39:08.705+0000] {processor.py:186} INFO - Started process (PID=1591) to work on /home/airflow/.local/lib/python3.12/site-packages/airflow/example_dags/example_display_name.py
[2024-09-02T04:39:08.708+0000] {processor.py:914} INFO - Processing file /home/airflow/.local/lib/python3.12/site-packages/airflow/example_dags/example_display_name.py for tasks to queue
[2024-09-02T04:39:08.714+0000] {logging_mixin.py:190} INFO - [2024-09-02T04:39:08.713+0000] {dagbag.py:587} INFO - Filling up the DagBag from /home/airflow/.local/lib/python3.12/site-packages/airflow/example_dags/example_display_name.py
[2024-09-02T04:39:08.743+0000] {processor.py:925} INFO - DAG(s) 'example_display_name' retrieved from /home/airflow/.local/lib/python3.12/site-packages/airflow/example_dags/example_display_name.py
[2024-09-02T04:39:08.843+0000] {logging_mixin.py:190} INFO - [2024-09-02T04:39:08.842+0000] {dag.py:3211} INFO - Sync 1 DAGs
[2024-09-02T04:39:08.903+0000] {logging_mixin.py:190} INFO - [2024-09-02T04:39:08.902+0000] {dag.py:4138} INFO - Setting next_dagrun for example_display_name to None, run_after=None
[2024-09-02T04:39:08.998+0000] {processor.py:208} INFO - Processing /home/airflow/.local/lib/python3.12/site-packages/airflow/example_dags/example_display_name.py took 0.323 seconds
[2024-09-02T04:39:39.108+0000] {processor.py:186} INFO - Started process (PID=1654) to work on /home/airflow/.local/lib/python3.12/site-packages/airflow/example_dags/example_display_name.py
[2024-09-02T04:39:39.111+0000] {processor.py:914} INFO - Processing file /home/airflow/.local/lib/python3.12/site-packages/airflow/example_dags/example_display_name.py for tasks to queue
[2024-09-02T04:39:39.119+0000] {logging_mixin.py:190} INFO - [2024-09-02T04:39:39.117+0000] {dagbag.py:587} INFO - Filling up the DagBag from /home/airflow/.local/lib/python3.12/site-packages/airflow/example_dags/example_display_name.py
[2024-09-02T04:39:39.141+0000] {processor.py:925} INFO - DAG(s) 'example_display_name' retrieved from /home/airflow/.local/lib/python3.12/site-packages/airflow/example_dags/example_display_name.py
[2024-09-02T04:39:39.201+0000] {logging_mixin.py:190} INFO - [2024-09-02T04:39:39.201+0000] {dag.py:3211} INFO - Sync 1 DAGs
[2024-09-02T04:39:39.249+0000] {logging_mixin.py:190} INFO - [2024-09-02T04:39:39.249+0000] {dag.py:4138} INFO - Setting next_dagrun for example_display_name to None, run_after=None
[2024-09-02T04:39:39.315+0000] {processor.py:208} INFO - Processing /home/airflow/.local/lib/python3.12/site-packages/airflow/example_dags/example_display_name.py took 0.220 seconds
[2024-09-02T04:40:09.748+0000] {processor.py:186} INFO - Started process (PID=1717) to work on /home/airflow/.local/lib/python3.12/site-packages/airflow/example_dags/example_display_name.py
[2024-09-02T04:40:09.750+0000] {processor.py:914} INFO - Processing file /home/airflow/.local/lib/python3.12/site-packages/airflow/example_dags/example_display_name.py for tasks to queue
[2024-09-02T04:40:09.755+0000] {logging_mixin.py:190} INFO - [2024-09-02T04:40:09.755+0000] {dagbag.py:587} INFO - Filling up the DagBag from /home/airflow/.local/lib/python3.12/site-packages/airflow/example_dags/example_display_name.py
[2024-09-02T04:40:09.774+0000] {processor.py:925} INFO - DAG(s) 'example_display_name' retrieved from /home/airflow/.local/lib/python3.12/site-packages/airflow/example_dags/example_display_name.py
[2024-09-02T04:40:09.829+0000] {logging_mixin.py:190} INFO - [2024-09-02T04:40:09.829+0000] {dag.py:3211} INFO - Sync 1 DAGs
[2024-09-02T04:40:09.869+0000] {logging_mixin.py:190} INFO - [2024-09-02T04:40:09.869+0000] {dag.py:4138} INFO - Setting next_dagrun for example_display_name to None, run_after=None
[2024-09-02T04:40:09.915+0000] {processor.py:208} INFO - Processing /home/airflow/.local/lib/python3.12/site-packages/airflow/example_dags/example_display_name.py took 0.183 seconds
[2024-09-02T04:40:40.639+0000] {processor.py:186} INFO - Started process (PID=1779) to work on /home/airflow/.local/lib/python3.12/site-packages/airflow/example_dags/example_display_name.py
[2024-09-02T04:40:40.641+0000] {processor.py:914} INFO - Processing file /home/airflow/.local/lib/python3.12/site-packages/airflow/example_dags/example_display_name.py for tasks to queue
[2024-09-02T04:40:40.646+0000] {logging_mixin.py:190} INFO - [2024-09-02T04:40:40.646+0000] {dagbag.py:587} INFO - Filling up the DagBag from /home/airflow/.local/lib/python3.12/site-packages/airflow/example_dags/example_display_name.py
[2024-09-02T04:40:40.669+0000] {processor.py:925} INFO - DAG(s) 'example_display_name' retrieved from /home/airflow/.local/lib/python3.12/site-packages/airflow/example_dags/example_display_name.py
[2024-09-02T04:40:40.716+0000] {logging_mixin.py:190} INFO - [2024-09-02T04:40:40.715+0000] {dag.py:3211} INFO - Sync 1 DAGs
[2024-09-02T04:40:40.754+0000] {logging_mixin.py:190} INFO - [2024-09-02T04:40:40.753+0000] {dag.py:4138} INFO - Setting next_dagrun for example_display_name to None, run_after=None
[2024-09-02T04:40:40.820+0000] {processor.py:208} INFO - Processing /home/airflow/.local/lib/python3.12/site-packages/airflow/example_dags/example_display_name.py took 0.200 seconds
[2024-09-02T04:41:11.619+0000] {processor.py:186} INFO - Started process (PID=1847) to work on /home/airflow/.local/lib/python3.12/site-packages/airflow/example_dags/example_display_name.py
[2024-09-02T04:41:11.621+0000] {processor.py:914} INFO - Processing file /home/airflow/.local/lib/python3.12/site-packages/airflow/example_dags/example_display_name.py for tasks to queue
[2024-09-02T04:41:11.625+0000] {logging_mixin.py:190} INFO - [2024-09-02T04:41:11.625+0000] {dagbag.py:587} INFO - Filling up the DagBag from /home/airflow/.local/lib/python3.12/site-packages/airflow/example_dags/example_display_name.py
[2024-09-02T04:41:11.640+0000] {processor.py:925} INFO - DAG(s) 'example_display_name' retrieved from /home/airflow/.local/lib/python3.12/site-packages/airflow/example_dags/example_display_name.py
[2024-09-02T04:41:11.693+0000] {logging_mixin.py:190} INFO - [2024-09-02T04:41:11.693+0000] {dag.py:3211} INFO - Sync 1 DAGs
[2024-09-02T04:41:11.729+0000] {logging_mixin.py:190} INFO - [2024-09-02T04:41:11.728+0000] {dag.py:4138} INFO - Setting next_dagrun for example_display_name to None, run_after=None
[2024-09-02T04:41:11.777+0000] {processor.py:208} INFO - Processing /home/airflow/.local/lib/python3.12/site-packages/airflow/example_dags/example_display_name.py took 0.170 seconds
[2024-09-02T04:41:42.649+0000] {processor.py:186} INFO - Started process (PID=1910) to work on /home/airflow/.local/lib/python3.12/site-packages/airflow/example_dags/example_display_name.py
[2024-09-02T04:41:42.652+0000] {processor.py:914} INFO - Processing file /home/airflow/.local/lib/python3.12/site-packages/airflow/example_dags/example_display_name.py for tasks to queue
[2024-09-02T04:41:42.656+0000] {logging_mixin.py:190} INFO - [2024-09-02T04:41:42.656+0000] {dagbag.py:587} INFO - Filling up the DagBag from /home/airflow/.local/lib/python3.12/site-packages/airflow/example_dags/example_display_name.py
[2024-09-02T04:41:42.672+0000] {processor.py:925} INFO - DAG(s) 'example_display_name' retrieved from /home/airflow/.local/lib/python3.12/site-packages/airflow/example_dags/example_display_name.py
[2024-09-02T04:41:42.711+0000] {logging_mixin.py:190} INFO - [2024-09-02T04:41:42.710+0000] {dag.py:3211} INFO - Sync 1 DAGs
[2024-09-02T04:41:42.743+0000] {logging_mixin.py:190} INFO - [2024-09-02T04:41:42.742+0000] {dag.py:4138} INFO - Setting next_dagrun for example_display_name to None, run_after=None
[2024-09-02T04:41:42.779+0000] {processor.py:208} INFO - Processing /home/airflow/.local/lib/python3.12/site-packages/airflow/example_dags/example_display_name.py took 0.141 seconds
[2024-09-02T04:42:14.266+0000] {processor.py:186} INFO - Started process (PID=1973) to work on /home/airflow/.local/lib/python3.12/site-packages/airflow/example_dags/example_display_name.py
[2024-09-02T04:42:14.269+0000] {processor.py:914} INFO - Processing file /home/airflow/.local/lib/python3.12/site-packages/airflow/example_dags/example_display_name.py for tasks to queue
[2024-09-02T04:42:14.276+0000] {logging_mixin.py:190} INFO - [2024-09-02T04:42:14.275+0000] {dagbag.py:587} INFO - Filling up the DagBag from /home/airflow/.local/lib/python3.12/site-packages/airflow/example_dags/example_display_name.py
[2024-09-02T04:42:14.297+0000] {processor.py:925} INFO - DAG(s) 'example_display_name' retrieved from /home/airflow/.local/lib/python3.12/site-packages/airflow/example_dags/example_display_name.py
[2024-09-02T04:42:14.379+0000] {logging_mixin.py:190} INFO - [2024-09-02T04:42:14.379+0000] {dag.py:3211} INFO - Sync 1 DAGs
[2024-09-02T04:42:14.458+0000] {logging_mixin.py:190} INFO - [2024-09-02T04:42:14.457+0000] {dag.py:4138} INFO - Setting next_dagrun for example_display_name to None, run_after=None
[2024-09-02T04:42:14.565+0000] {processor.py:208} INFO - Processing /home/airflow/.local/lib/python3.12/site-packages/airflow/example_dags/example_display_name.py took 0.320 seconds
[2024-09-02T04:42:45.366+0000] {processor.py:186} INFO - Started process (PID=2036) to work on /home/airflow/.local/lib/python3.12/site-packages/airflow/example_dags/example_display_name.py
[2024-09-02T04:42:45.368+0000] {processor.py:914} INFO - Processing file /home/airflow/.local/lib/python3.12/site-packages/airflow/example_dags/example_display_name.py for tasks to queue
[2024-09-02T04:42:45.372+0000] {logging_mixin.py:190} INFO - [2024-09-02T04:42:45.372+0000] {dagbag.py:587} INFO - Filling up the DagBag from /home/airflow/.local/lib/python3.12/site-packages/airflow/example_dags/example_display_name.py
[2024-09-02T04:42:45.387+0000] {processor.py:925} INFO - DAG(s) 'example_display_name' retrieved from /home/airflow/.local/lib/python3.12/site-packages/airflow/example_dags/example_display_name.py
[2024-09-02T04:42:45.427+0000] {logging_mixin.py:190} INFO - [2024-09-02T04:42:45.427+0000] {dag.py:3211} INFO - Sync 1 DAGs
[2024-09-02T04:42:45.458+0000] {logging_mixin.py:190} INFO - [2024-09-02T04:42:45.457+0000] {dag.py:4138} INFO - Setting next_dagrun for example_display_name to None, run_after=None
[2024-09-02T04:42:45.497+0000] {processor.py:208} INFO - Processing /home/airflow/.local/lib/python3.12/site-packages/airflow/example_dags/example_display_name.py took 0.143 seconds
[2024-09-02T04:43:17.150+0000] {processor.py:186} INFO - Started process (PID=2100) to work on /home/airflow/.local/lib/python3.12/site-packages/airflow/example_dags/example_display_name.py
[2024-09-02T04:43:17.195+0000] {processor.py:914} INFO - Processing file /home/airflow/.local/lib/python3.12/site-packages/airflow/example_dags/example_display_name.py for tasks to queue
[2024-09-02T04:43:17.208+0000] {logging_mixin.py:190} INFO - [2024-09-02T04:43:17.207+0000] {dagbag.py:587} INFO - Filling up the DagBag from /home/airflow/.local/lib/python3.12/site-packages/airflow/example_dags/example_display_name.py
[2024-09-02T04:43:17.267+0000] {processor.py:925} INFO - DAG(s) 'example_display_name' retrieved from /home/airflow/.local/lib/python3.12/site-packages/airflow/example_dags/example_display_name.py
[2024-09-02T04:43:17.340+0000] {logging_mixin.py:190} INFO - [2024-09-02T04:43:17.339+0000] {dag.py:3211} INFO - Sync 1 DAGs
[2024-09-02T04:43:17.378+0000] {logging_mixin.py:190} INFO - [2024-09-02T04:43:17.378+0000] {dag.py:4138} INFO - Setting next_dagrun for example_display_name to None, run_after=None
[2024-09-02T04:43:17.427+0000] {processor.py:208} INFO - Processing /home/airflow/.local/lib/python3.12/site-packages/airflow/example_dags/example_display_name.py took 0.314 seconds
[2024-09-02T04:43:47.556+0000] {processor.py:186} INFO - Started process (PID=2162) to work on /home/airflow/.local/lib/python3.12/site-packages/airflow/example_dags/example_display_name.py
[2024-09-02T04:43:47.558+0000] {processor.py:914} INFO - Processing file /home/airflow/.local/lib/python3.12/site-packages/airflow/example_dags/example_display_name.py for tasks to queue
[2024-09-02T04:43:47.563+0000] {logging_mixin.py:190} INFO - [2024-09-02T04:43:47.562+0000] {dagbag.py:587} INFO - Filling up the DagBag from /home/airflow/.local/lib/python3.12/site-packages/airflow/example_dags/example_display_name.py
[2024-09-02T04:43:47.578+0000] {processor.py:925} INFO - DAG(s) 'example_display_name' retrieved from /home/airflow/.local/lib/python3.12/site-packages/airflow/example_dags/example_display_name.py
[2024-09-02T04:43:47.618+0000] {logging_mixin.py:190} INFO - [2024-09-02T04:43:47.618+0000] {dag.py:3211} INFO - Sync 1 DAGs
[2024-09-02T04:43:47.645+0000] {logging_mixin.py:190} INFO - [2024-09-02T04:43:47.645+0000] {dag.py:4138} INFO - Setting next_dagrun for example_display_name to None, run_after=None
[2024-09-02T04:43:47.677+0000] {processor.py:208} INFO - Processing /home/airflow/.local/lib/python3.12/site-packages/airflow/example_dags/example_display_name.py took 0.132 seconds
[2024-09-02T04:44:18.456+0000] {processor.py:186} INFO - Started process (PID=2225) to work on /home/airflow/.local/lib/python3.12/site-packages/airflow/example_dags/example_display_name.py
[2024-09-02T04:44:18.458+0000] {processor.py:914} INFO - Processing file /home/airflow/.local/lib/python3.12/site-packages/airflow/example_dags/example_display_name.py for tasks to queue
[2024-09-02T04:44:18.463+0000] {logging_mixin.py:190} INFO - [2024-09-02T04:44:18.462+0000] {dagbag.py:587} INFO - Filling up the DagBag from /home/airflow/.local/lib/python3.12/site-packages/airflow/example_dags/example_display_name.py
[2024-09-02T04:44:18.480+0000] {processor.py:925} INFO - DAG(s) 'example_display_name' retrieved from /home/airflow/.local/lib/python3.12/site-packages/airflow/example_dags/example_display_name.py
[2024-09-02T04:44:18.518+0000] {logging_mixin.py:190} INFO - [2024-09-02T04:44:18.518+0000] {dag.py:3211} INFO - Sync 1 DAGs
[2024-09-02T04:44:18.549+0000] {logging_mixin.py:190} INFO - [2024-09-02T04:44:18.549+0000] {dag.py:4138} INFO - Setting next_dagrun for example_display_name to None, run_after=None
[2024-09-02T04:44:18.582+0000] {processor.py:208} INFO - Processing /home/airflow/.local/lib/python3.12/site-packages/airflow/example_dags/example_display_name.py took 0.138 seconds
[2024-09-02T04:44:48.773+0000] {processor.py:186} INFO - Started process (PID=2288) to work on /home/airflow/.local/lib/python3.12/site-packages/airflow/example_dags/example_display_name.py
[2024-09-02T04:44:48.774+0000] {processor.py:914} INFO - Processing file /home/airflow/.local/lib/python3.12/site-packages/airflow/example_dags/example_display_name.py for tasks to queue
[2024-09-02T04:44:48.779+0000] {logging_mixin.py:190} INFO - [2024-09-02T04:44:48.779+0000] {dagbag.py:587} INFO - Filling up the DagBag from /home/airflow/.local/lib/python3.12/site-packages/airflow/example_dags/example_display_name.py
[2024-09-02T04:44:48.794+0000] {processor.py:925} INFO - DAG(s) 'example_display_name' retrieved from /home/airflow/.local/lib/python3.12/site-packages/airflow/example_dags/example_display_name.py
[2024-09-02T04:44:48.832+0000] {logging_mixin.py:190} INFO - [2024-09-02T04:44:48.832+0000] {dag.py:3211} INFO - Sync 1 DAGs
[2024-09-02T04:44:48.872+0000] {logging_mixin.py:190} INFO - [2024-09-02T04:44:48.871+0000] {dag.py:4138} INFO - Setting next_dagrun for example_display_name to None, run_after=None
[2024-09-02T04:44:48.912+0000] {processor.py:208} INFO - Processing /home/airflow/.local/lib/python3.12/site-packages/airflow/example_dags/example_display_name.py took 0.151 seconds
[2024-09-02T04:45:19.627+0000] {processor.py:186} INFO - Started process (PID=2351) to work on /home/airflow/.local/lib/python3.12/site-packages/airflow/example_dags/example_display_name.py
[2024-09-02T04:45:19.629+0000] {processor.py:914} INFO - Processing file /home/airflow/.local/lib/python3.12/site-packages/airflow/example_dags/example_display_name.py for tasks to queue
[2024-09-02T04:45:19.634+0000] {logging_mixin.py:190} INFO - [2024-09-02T04:45:19.633+0000] {dagbag.py:587} INFO - Filling up the DagBag from /home/airflow/.local/lib/python3.12/site-packages/airflow/example_dags/example_display_name.py
[2024-09-02T04:45:19.650+0000] {processor.py:925} INFO - DAG(s) 'example_display_name' retrieved from /home/airflow/.local/lib/python3.12/site-packages/airflow/example_dags/example_display_name.py
[2024-09-02T04:45:19.687+0000] {logging_mixin.py:190} INFO - [2024-09-02T04:45:19.687+0000] {dag.py:3211} INFO - Sync 1 DAGs
[2024-09-02T04:45:19.717+0000] {logging_mixin.py:190} INFO - [2024-09-02T04:45:19.717+0000] {dag.py:4138} INFO - Setting next_dagrun for example_display_name to None, run_after=None
[2024-09-02T04:45:19.754+0000] {processor.py:208} INFO - Processing /home/airflow/.local/lib/python3.12/site-packages/airflow/example_dags/example_display_name.py took 0.138 seconds
[2024-09-02T04:45:50.293+0000] {processor.py:186} INFO - Started process (PID=2415) to work on /home/airflow/.local/lib/python3.12/site-packages/airflow/example_dags/example_display_name.py
[2024-09-02T04:45:50.295+0000] {processor.py:914} INFO - Processing file /home/airflow/.local/lib/python3.12/site-packages/airflow/example_dags/example_display_name.py for tasks to queue
[2024-09-02T04:45:50.301+0000] {logging_mixin.py:190} INFO - [2024-09-02T04:45:50.300+0000] {dagbag.py:587} INFO - Filling up the DagBag from /home/airflow/.local/lib/python3.12/site-packages/airflow/example_dags/example_display_name.py
[2024-09-02T04:45:50.318+0000] {processor.py:925} INFO - DAG(s) 'example_display_name' retrieved from /home/airflow/.local/lib/python3.12/site-packages/airflow/example_dags/example_display_name.py
[2024-09-02T04:45:50.359+0000] {logging_mixin.py:190} INFO - [2024-09-02T04:45:50.359+0000] {dag.py:3211} INFO - Sync 1 DAGs
[2024-09-02T04:45:50.396+0000] {logging_mixin.py:190} INFO - [2024-09-02T04:45:50.396+0000] {dag.py:4138} INFO - Setting next_dagrun for example_display_name to None, run_after=None
[2024-09-02T04:45:50.449+0000] {processor.py:208} INFO - Processing /home/airflow/.local/lib/python3.12/site-packages/airflow/example_dags/example_display_name.py took 0.172 seconds
[2024-09-02T04:46:20.621+0000] {processor.py:186} INFO - Started process (PID=2478) to work on /home/airflow/.local/lib/python3.12/site-packages/airflow/example_dags/example_display_name.py
[2024-09-02T04:46:20.623+0000] {processor.py:914} INFO - Processing file /home/airflow/.local/lib/python3.12/site-packages/airflow/example_dags/example_display_name.py for tasks to queue
[2024-09-02T04:46:20.628+0000] {logging_mixin.py:190} INFO - [2024-09-02T04:46:20.627+0000] {dagbag.py:587} INFO - Filling up the DagBag from /home/airflow/.local/lib/python3.12/site-packages/airflow/example_dags/example_display_name.py
[2024-09-02T04:46:20.649+0000] {processor.py:925} INFO - DAG(s) 'example_display_name' retrieved from /home/airflow/.local/lib/python3.12/site-packages/airflow/example_dags/example_display_name.py
[2024-09-02T04:46:20.694+0000] {logging_mixin.py:190} INFO - [2024-09-02T04:46:20.693+0000] {dag.py:3211} INFO - Sync 1 DAGs
[2024-09-02T04:46:20.725+0000] {logging_mixin.py:190} INFO - [2024-09-02T04:46:20.725+0000] {dag.py:4138} INFO - Setting next_dagrun for example_display_name to None, run_after=None
[2024-09-02T04:46:20.770+0000] {processor.py:208} INFO - Processing /home/airflow/.local/lib/python3.12/site-packages/airflow/example_dags/example_display_name.py took 0.171 seconds
[2024-09-02T04:46:52.517+0000] {processor.py:186} INFO - Started process (PID=2541) to work on /home/airflow/.local/lib/python3.12/site-packages/airflow/example_dags/example_display_name.py
[2024-09-02T04:46:52.522+0000] {processor.py:914} INFO - Processing file /home/airflow/.local/lib/python3.12/site-packages/airflow/example_dags/example_display_name.py for tasks to queue
[2024-09-02T04:46:52.551+0000] {logging_mixin.py:190} INFO - [2024-09-02T04:46:52.550+0000] {dagbag.py:587} INFO - Filling up the DagBag from /home/airflow/.local/lib/python3.12/site-packages/airflow/example_dags/example_display_name.py
[2024-09-02T04:46:52.609+0000] {processor.py:925} INFO - DAG(s) 'example_display_name' retrieved from /home/airflow/.local/lib/python3.12/site-packages/airflow/example_dags/example_display_name.py
[2024-09-02T04:46:52.723+0000] {logging_mixin.py:190} INFO - [2024-09-02T04:46:52.723+0000] {dag.py:3211} INFO - Sync 1 DAGs
[2024-09-02T04:46:52.857+0000] {logging_mixin.py:190} INFO - [2024-09-02T04:46:52.856+0000] {dag.py:4138} INFO - Setting next_dagrun for example_display_name to None, run_after=None
[2024-09-02T04:46:53.008+0000] {processor.py:208} INFO - Processing /home/airflow/.local/lib/python3.12/site-packages/airflow/example_dags/example_display_name.py took 0.525 seconds
