[2024-09-02T04:13:53.967+0000] {processor.py:186} INFO - Started process (PID=109) to work on /home/airflow/.local/lib/python3.12/site-packages/airflow/example_dags/example_task_group.py
[2024-09-02T04:13:53.970+0000] {processor.py:914} INFO - Processing file /home/airflow/.local/lib/python3.12/site-packages/airflow/example_dags/example_task_group.py for tasks to queue
[2024-09-02T04:13:53.977+0000] {logging_mixin.py:190} INFO - [2024-09-02T04:13:53.975+0000] {dagbag.py:587} INFO - Filling up the DagBag from /home/airflow/.local/lib/python3.12/site-packages/airflow/example_dags/example_task_group.py
[2024-09-02T04:13:54.017+0000] {processor.py:925} INFO - DAG(s) 'example_task_group' retrieved from /home/airflow/.local/lib/python3.12/site-packages/airflow/example_dags/example_task_group.py
[2024-09-02T04:13:54.407+0000] {logging_mixin.py:190} INFO - [2024-09-02T04:13:54.406+0000] {override.py:1858} INFO - Created Permission View: can read on DAG:example_task_group
[2024-09-02T04:13:54.459+0000] {logging_mixin.py:190} INFO - [2024-09-02T04:13:54.458+0000] {override.py:1858} INFO - Created Permission View: can delete on DAG:example_task_group
[2024-09-02T04:13:54.530+0000] {logging_mixin.py:190} INFO - [2024-09-02T04:13:54.529+0000] {override.py:1858} INFO - Created Permission View: can edit on DAG:example_task_group
[2024-09-02T04:13:54.547+0000] {logging_mixin.py:190} INFO - [2024-09-02T04:13:54.546+0000] {dag.py:3211} INFO - Sync 1 DAGs
[2024-09-02T04:13:54.651+0000] {logging_mixin.py:190} INFO - [2024-09-02T04:13:54.649+0000] {dag.py:3234} INFO - Creating ORM DAG for example_task_group
[2024-09-02T04:13:54.703+0000] {logging_mixin.py:190} INFO - [2024-09-02T04:13:54.702+0000] {dag.py:4138} INFO - Setting next_dagrun for example_task_group to 2024-09-01 00:00:00+00:00, run_after=2024-09-02 00:00:00+00:00
[2024-09-02T04:13:54.767+0000] {processor.py:208} INFO - Processing /home/airflow/.local/lib/python3.12/site-packages/airflow/example_dags/example_task_group.py took 0.837 seconds
[2024-09-02T04:14:25.245+0000] {processor.py:186} INFO - Started process (PID=172) to work on /home/airflow/.local/lib/python3.12/site-packages/airflow/example_dags/example_task_group.py
[2024-09-02T04:14:25.247+0000] {processor.py:914} INFO - Processing file /home/airflow/.local/lib/python3.12/site-packages/airflow/example_dags/example_task_group.py for tasks to queue
[2024-09-02T04:14:25.253+0000] {logging_mixin.py:190} INFO - [2024-09-02T04:14:25.252+0000] {dagbag.py:587} INFO - Filling up the DagBag from /home/airflow/.local/lib/python3.12/site-packages/airflow/example_dags/example_task_group.py
[2024-09-02T04:14:25.272+0000] {processor.py:925} INFO - DAG(s) 'example_task_group' retrieved from /home/airflow/.local/lib/python3.12/site-packages/airflow/example_dags/example_task_group.py
[2024-09-02T04:14:25.319+0000] {logging_mixin.py:190} INFO - [2024-09-02T04:14:25.318+0000] {dag.py:3211} INFO - Sync 1 DAGs
[2024-09-02T04:14:25.370+0000] {logging_mixin.py:190} INFO - [2024-09-02T04:14:25.368+0000] {dag.py:4138} INFO - Setting next_dagrun for example_task_group to 2024-09-01 00:00:00+00:00, run_after=2024-09-02 00:00:00+00:00
[2024-09-02T04:14:25.408+0000] {processor.py:208} INFO - Processing /home/airflow/.local/lib/python3.12/site-packages/airflow/example_dags/example_task_group.py took 0.182 seconds
[2024-09-02T04:14:55.616+0000] {processor.py:186} INFO - Started process (PID=234) to work on /home/airflow/.local/lib/python3.12/site-packages/airflow/example_dags/example_task_group.py
[2024-09-02T04:14:55.618+0000] {processor.py:914} INFO - Processing file /home/airflow/.local/lib/python3.12/site-packages/airflow/example_dags/example_task_group.py for tasks to queue
[2024-09-02T04:14:55.631+0000] {logging_mixin.py:190} INFO - [2024-09-02T04:14:55.630+0000] {dagbag.py:587} INFO - Filling up the DagBag from /home/airflow/.local/lib/python3.12/site-packages/airflow/example_dags/example_task_group.py
[2024-09-02T04:14:55.661+0000] {processor.py:925} INFO - DAG(s) 'example_task_group' retrieved from /home/airflow/.local/lib/python3.12/site-packages/airflow/example_dags/example_task_group.py
[2024-09-02T04:14:55.728+0000] {logging_mixin.py:190} INFO - [2024-09-02T04:14:55.722+0000] {dag.py:3211} INFO - Sync 1 DAGs
[2024-09-02T04:14:55.805+0000] {logging_mixin.py:190} INFO - [2024-09-02T04:14:55.805+0000] {dag.py:4138} INFO - Setting next_dagrun for example_task_group to 2024-09-01 00:00:00+00:00, run_after=2024-09-02 00:00:00+00:00
[2024-09-02T04:14:55.858+0000] {processor.py:208} INFO - Processing /home/airflow/.local/lib/python3.12/site-packages/airflow/example_dags/example_task_group.py took 0.255 seconds
[2024-09-02T04:15:26.268+0000] {processor.py:186} INFO - Started process (PID=297) to work on /home/airflow/.local/lib/python3.12/site-packages/airflow/example_dags/example_task_group.py
[2024-09-02T04:15:26.271+0000] {processor.py:914} INFO - Processing file /home/airflow/.local/lib/python3.12/site-packages/airflow/example_dags/example_task_group.py for tasks to queue
[2024-09-02T04:15:26.278+0000] {logging_mixin.py:190} INFO - [2024-09-02T04:15:26.277+0000] {dagbag.py:587} INFO - Filling up the DagBag from /home/airflow/.local/lib/python3.12/site-packages/airflow/example_dags/example_task_group.py
[2024-09-02T04:15:26.298+0000] {processor.py:925} INFO - DAG(s) 'example_task_group' retrieved from /home/airflow/.local/lib/python3.12/site-packages/airflow/example_dags/example_task_group.py
[2024-09-02T04:15:26.342+0000] {logging_mixin.py:190} INFO - [2024-09-02T04:15:26.341+0000] {dag.py:3211} INFO - Sync 1 DAGs
[2024-09-02T04:15:26.400+0000] {logging_mixin.py:190} INFO - [2024-09-02T04:15:26.399+0000] {dag.py:4138} INFO - Setting next_dagrun for example_task_group to 2024-09-01 00:00:00+00:00, run_after=2024-09-02 00:00:00+00:00
[2024-09-02T04:15:26.440+0000] {processor.py:208} INFO - Processing /home/airflow/.local/lib/python3.12/site-packages/airflow/example_dags/example_task_group.py took 0.185 seconds
[2024-09-02T04:15:56.772+0000] {processor.py:186} INFO - Started process (PID=360) to work on /home/airflow/.local/lib/python3.12/site-packages/airflow/example_dags/example_task_group.py
[2024-09-02T04:15:56.774+0000] {processor.py:914} INFO - Processing file /home/airflow/.local/lib/python3.12/site-packages/airflow/example_dags/example_task_group.py for tasks to queue
[2024-09-02T04:15:56.779+0000] {logging_mixin.py:190} INFO - [2024-09-02T04:15:56.778+0000] {dagbag.py:587} INFO - Filling up the DagBag from /home/airflow/.local/lib/python3.12/site-packages/airflow/example_dags/example_task_group.py
[2024-09-02T04:15:56.795+0000] {processor.py:925} INFO - DAG(s) 'example_task_group' retrieved from /home/airflow/.local/lib/python3.12/site-packages/airflow/example_dags/example_task_group.py
[2024-09-02T04:15:56.834+0000] {logging_mixin.py:190} INFO - [2024-09-02T04:15:56.833+0000] {dag.py:3211} INFO - Sync 1 DAGs
[2024-09-02T04:15:56.878+0000] {logging_mixin.py:190} INFO - [2024-09-02T04:15:56.878+0000] {dag.py:4138} INFO - Setting next_dagrun for example_task_group to 2024-09-01 00:00:00+00:00, run_after=2024-09-02 00:00:00+00:00
[2024-09-02T04:15:56.909+0000] {processor.py:208} INFO - Processing /home/airflow/.local/lib/python3.12/site-packages/airflow/example_dags/example_task_group.py took 0.150 seconds
[2024-09-02T04:16:27.075+0000] {processor.py:186} INFO - Started process (PID=423) to work on /home/airflow/.local/lib/python3.12/site-packages/airflow/example_dags/example_task_group.py
[2024-09-02T04:16:27.077+0000] {processor.py:914} INFO - Processing file /home/airflow/.local/lib/python3.12/site-packages/airflow/example_dags/example_task_group.py for tasks to queue
[2024-09-02T04:16:27.083+0000] {logging_mixin.py:190} INFO - [2024-09-02T04:16:27.083+0000] {dagbag.py:587} INFO - Filling up the DagBag from /home/airflow/.local/lib/python3.12/site-packages/airflow/example_dags/example_task_group.py
[2024-09-02T04:16:27.102+0000] {processor.py:925} INFO - DAG(s) 'example_task_group' retrieved from /home/airflow/.local/lib/python3.12/site-packages/airflow/example_dags/example_task_group.py
[2024-09-02T04:16:27.146+0000] {logging_mixin.py:190} INFO - [2024-09-02T04:16:27.145+0000] {dag.py:3211} INFO - Sync 1 DAGs
[2024-09-02T04:16:27.197+0000] {logging_mixin.py:190} INFO - [2024-09-02T04:16:27.196+0000] {dag.py:4138} INFO - Setting next_dagrun for example_task_group to 2024-09-01 00:00:00+00:00, run_after=2024-09-02 00:00:00+00:00
[2024-09-02T04:16:27.230+0000] {processor.py:208} INFO - Processing /home/airflow/.local/lib/python3.12/site-packages/airflow/example_dags/example_task_group.py took 0.169 seconds
[2024-09-02T04:16:57.949+0000] {processor.py:186} INFO - Started process (PID=486) to work on /home/airflow/.local/lib/python3.12/site-packages/airflow/example_dags/example_task_group.py
[2024-09-02T04:16:57.951+0000] {processor.py:914} INFO - Processing file /home/airflow/.local/lib/python3.12/site-packages/airflow/example_dags/example_task_group.py for tasks to queue
[2024-09-02T04:16:57.957+0000] {logging_mixin.py:190} INFO - [2024-09-02T04:16:57.956+0000] {dagbag.py:587} INFO - Filling up the DagBag from /home/airflow/.local/lib/python3.12/site-packages/airflow/example_dags/example_task_group.py
[2024-09-02T04:16:57.973+0000] {processor.py:925} INFO - DAG(s) 'example_task_group' retrieved from /home/airflow/.local/lib/python3.12/site-packages/airflow/example_dags/example_task_group.py
[2024-09-02T04:16:58.012+0000] {logging_mixin.py:190} INFO - [2024-09-02T04:16:58.012+0000] {dag.py:3211} INFO - Sync 1 DAGs
[2024-09-02T04:16:58.057+0000] {logging_mixin.py:190} INFO - [2024-09-02T04:16:58.056+0000] {dag.py:4138} INFO - Setting next_dagrun for example_task_group to 2024-09-01 00:00:00+00:00, run_after=2024-09-02 00:00:00+00:00
[2024-09-02T04:16:58.090+0000] {processor.py:208} INFO - Processing /home/airflow/.local/lib/python3.12/site-packages/airflow/example_dags/example_task_group.py took 0.156 seconds
[2024-09-02T04:17:28.397+0000] {processor.py:186} INFO - Started process (PID=549) to work on /home/airflow/.local/lib/python3.12/site-packages/airflow/example_dags/example_task_group.py
[2024-09-02T04:17:28.399+0000] {processor.py:914} INFO - Processing file /home/airflow/.local/lib/python3.12/site-packages/airflow/example_dags/example_task_group.py for tasks to queue
[2024-09-02T04:17:28.405+0000] {logging_mixin.py:190} INFO - [2024-09-02T04:17:28.405+0000] {dagbag.py:587} INFO - Filling up the DagBag from /home/airflow/.local/lib/python3.12/site-packages/airflow/example_dags/example_task_group.py
[2024-09-02T04:17:28.427+0000] {processor.py:925} INFO - DAG(s) 'example_task_group' retrieved from /home/airflow/.local/lib/python3.12/site-packages/airflow/example_dags/example_task_group.py
[2024-09-02T04:17:28.490+0000] {logging_mixin.py:190} INFO - [2024-09-02T04:17:28.490+0000] {dag.py:3211} INFO - Sync 1 DAGs
[2024-09-02T04:17:28.598+0000] {logging_mixin.py:190} INFO - [2024-09-02T04:17:28.597+0000] {dag.py:4138} INFO - Setting next_dagrun for example_task_group to 2024-09-01 00:00:00+00:00, run_after=2024-09-02 00:00:00+00:00
[2024-09-02T04:17:28.645+0000] {processor.py:208} INFO - Processing /home/airflow/.local/lib/python3.12/site-packages/airflow/example_dags/example_task_group.py took 0.261 seconds
[2024-09-02T04:17:59.042+0000] {processor.py:186} INFO - Started process (PID=612) to work on /home/airflow/.local/lib/python3.12/site-packages/airflow/example_dags/example_task_group.py
[2024-09-02T04:17:59.044+0000] {processor.py:914} INFO - Processing file /home/airflow/.local/lib/python3.12/site-packages/airflow/example_dags/example_task_group.py for tasks to queue
[2024-09-02T04:17:59.051+0000] {logging_mixin.py:190} INFO - [2024-09-02T04:17:59.050+0000] {dagbag.py:587} INFO - Filling up the DagBag from /home/airflow/.local/lib/python3.12/site-packages/airflow/example_dags/example_task_group.py
[2024-09-02T04:17:59.069+0000] {processor.py:925} INFO - DAG(s) 'example_task_group' retrieved from /home/airflow/.local/lib/python3.12/site-packages/airflow/example_dags/example_task_group.py
[2024-09-02T04:17:59.113+0000] {logging_mixin.py:190} INFO - [2024-09-02T04:17:59.113+0000] {dag.py:3211} INFO - Sync 1 DAGs
[2024-09-02T04:17:59.171+0000] {logging_mixin.py:190} INFO - [2024-09-02T04:17:59.170+0000] {dag.py:4138} INFO - Setting next_dagrun for example_task_group to 2024-09-01 00:00:00+00:00, run_after=2024-09-02 00:00:00+00:00
[2024-09-02T04:17:59.223+0000] {processor.py:208} INFO - Processing /home/airflow/.local/lib/python3.12/site-packages/airflow/example_dags/example_task_group.py took 0.194 seconds
[2024-09-02T04:18:29.461+0000] {processor.py:186} INFO - Started process (PID=675) to work on /home/airflow/.local/lib/python3.12/site-packages/airflow/example_dags/example_task_group.py
[2024-09-02T04:18:29.462+0000] {processor.py:914} INFO - Processing file /home/airflow/.local/lib/python3.12/site-packages/airflow/example_dags/example_task_group.py for tasks to queue
[2024-09-02T04:18:29.468+0000] {logging_mixin.py:190} INFO - [2024-09-02T04:18:29.467+0000] {dagbag.py:587} INFO - Filling up the DagBag from /home/airflow/.local/lib/python3.12/site-packages/airflow/example_dags/example_task_group.py
[2024-09-02T04:18:29.486+0000] {processor.py:925} INFO - DAG(s) 'example_task_group' retrieved from /home/airflow/.local/lib/python3.12/site-packages/airflow/example_dags/example_task_group.py
[2024-09-02T04:18:29.526+0000] {logging_mixin.py:190} INFO - [2024-09-02T04:18:29.525+0000] {dag.py:3211} INFO - Sync 1 DAGs
[2024-09-02T04:18:29.571+0000] {logging_mixin.py:190} INFO - [2024-09-02T04:18:29.571+0000] {dag.py:4138} INFO - Setting next_dagrun for example_task_group to 2024-09-01 00:00:00+00:00, run_after=2024-09-02 00:00:00+00:00
[2024-09-02T04:18:29.606+0000] {processor.py:208} INFO - Processing /home/airflow/.local/lib/python3.12/site-packages/airflow/example_dags/example_task_group.py took 0.157 seconds
[2024-09-02T04:18:59.957+0000] {processor.py:186} INFO - Started process (PID=738) to work on /home/airflow/.local/lib/python3.12/site-packages/airflow/example_dags/example_task_group.py
[2024-09-02T04:18:59.958+0000] {processor.py:914} INFO - Processing file /home/airflow/.local/lib/python3.12/site-packages/airflow/example_dags/example_task_group.py for tasks to queue
[2024-09-02T04:18:59.964+0000] {logging_mixin.py:190} INFO - [2024-09-02T04:18:59.963+0000] {dagbag.py:587} INFO - Filling up the DagBag from /home/airflow/.local/lib/python3.12/site-packages/airflow/example_dags/example_task_group.py
[2024-09-02T04:18:59.980+0000] {processor.py:925} INFO - DAG(s) 'example_task_group' retrieved from /home/airflow/.local/lib/python3.12/site-packages/airflow/example_dags/example_task_group.py
[2024-09-02T04:19:00.033+0000] {logging_mixin.py:190} INFO - [2024-09-02T04:19:00.033+0000] {dag.py:3211} INFO - Sync 1 DAGs
[2024-09-02T04:19:00.085+0000] {logging_mixin.py:190} INFO - [2024-09-02T04:19:00.084+0000] {dag.py:4138} INFO - Setting next_dagrun for example_task_group to 2024-09-01 00:00:00+00:00, run_after=2024-09-02 00:00:00+00:00
[2024-09-02T04:19:00.130+0000] {processor.py:208} INFO - Processing /home/airflow/.local/lib/python3.12/site-packages/airflow/example_dags/example_task_group.py took 0.185 seconds
[2024-09-02T04:19:30.215+0000] {processor.py:186} INFO - Started process (PID=800) to work on /home/airflow/.local/lib/python3.12/site-packages/airflow/example_dags/example_task_group.py
[2024-09-02T04:19:30.217+0000] {processor.py:914} INFO - Processing file /home/airflow/.local/lib/python3.12/site-packages/airflow/example_dags/example_task_group.py for tasks to queue
[2024-09-02T04:19:30.223+0000] {logging_mixin.py:190} INFO - [2024-09-02T04:19:30.223+0000] {dagbag.py:587} INFO - Filling up the DagBag from /home/airflow/.local/lib/python3.12/site-packages/airflow/example_dags/example_task_group.py
[2024-09-02T04:19:30.242+0000] {processor.py:925} INFO - DAG(s) 'example_task_group' retrieved from /home/airflow/.local/lib/python3.12/site-packages/airflow/example_dags/example_task_group.py
[2024-09-02T04:19:30.290+0000] {logging_mixin.py:190} INFO - [2024-09-02T04:19:30.290+0000] {dag.py:3211} INFO - Sync 1 DAGs
[2024-09-02T04:19:30.339+0000] {logging_mixin.py:190} INFO - [2024-09-02T04:19:30.339+0000] {dag.py:4138} INFO - Setting next_dagrun for example_task_group to 2024-09-01 00:00:00+00:00, run_after=2024-09-02 00:00:00+00:00
[2024-09-02T04:19:30.377+0000] {processor.py:208} INFO - Processing /home/airflow/.local/lib/python3.12/site-packages/airflow/example_dags/example_task_group.py took 0.175 seconds
[2024-09-02T04:20:01.159+0000] {processor.py:186} INFO - Started process (PID=863) to work on /home/airflow/.local/lib/python3.12/site-packages/airflow/example_dags/example_task_group.py
[2024-09-02T04:20:01.161+0000] {processor.py:914} INFO - Processing file /home/airflow/.local/lib/python3.12/site-packages/airflow/example_dags/example_task_group.py for tasks to queue
[2024-09-02T04:20:01.166+0000] {logging_mixin.py:190} INFO - [2024-09-02T04:20:01.166+0000] {dagbag.py:587} INFO - Filling up the DagBag from /home/airflow/.local/lib/python3.12/site-packages/airflow/example_dags/example_task_group.py
[2024-09-02T04:20:01.185+0000] {processor.py:925} INFO - DAG(s) 'example_task_group' retrieved from /home/airflow/.local/lib/python3.12/site-packages/airflow/example_dags/example_task_group.py
[2024-09-02T04:20:01.233+0000] {logging_mixin.py:190} INFO - [2024-09-02T04:20:01.232+0000] {dag.py:3211} INFO - Sync 1 DAGs
[2024-09-02T04:20:01.296+0000] {logging_mixin.py:190} INFO - [2024-09-02T04:20:01.295+0000] {dag.py:4138} INFO - Setting next_dagrun for example_task_group to 2024-09-01 00:00:00+00:00, run_after=2024-09-02 00:00:00+00:00
[2024-09-02T04:20:01.337+0000] {processor.py:208} INFO - Processing /home/airflow/.local/lib/python3.12/site-packages/airflow/example_dags/example_task_group.py took 0.192 seconds
[2024-09-02T04:20:31.924+0000] {processor.py:186} INFO - Started process (PID=926) to work on /home/airflow/.local/lib/python3.12/site-packages/airflow/example_dags/example_task_group.py
[2024-09-02T04:20:31.930+0000] {processor.py:914} INFO - Processing file /home/airflow/.local/lib/python3.12/site-packages/airflow/example_dags/example_task_group.py for tasks to queue
[2024-09-02T04:20:31.938+0000] {logging_mixin.py:190} INFO - [2024-09-02T04:20:31.937+0000] {dagbag.py:587} INFO - Filling up the DagBag from /home/airflow/.local/lib/python3.12/site-packages/airflow/example_dags/example_task_group.py
[2024-09-02T04:20:31.970+0000] {processor.py:925} INFO - DAG(s) 'example_task_group' retrieved from /home/airflow/.local/lib/python3.12/site-packages/airflow/example_dags/example_task_group.py
[2024-09-02T04:20:32.049+0000] {logging_mixin.py:190} INFO - [2024-09-02T04:20:32.048+0000] {dag.py:3211} INFO - Sync 1 DAGs
[2024-09-02T04:20:32.203+0000] {logging_mixin.py:190} INFO - [2024-09-02T04:20:32.203+0000] {dag.py:4138} INFO - Setting next_dagrun for example_task_group to 2024-09-01 00:00:00+00:00, run_after=2024-09-02 00:00:00+00:00
[2024-09-02T04:20:32.341+0000] {processor.py:208} INFO - Processing /home/airflow/.local/lib/python3.12/site-packages/airflow/example_dags/example_task_group.py took 0.436 seconds
[2024-09-02T04:21:02.460+0000] {processor.py:186} INFO - Started process (PID=990) to work on /home/airflow/.local/lib/python3.12/site-packages/airflow/example_dags/example_task_group.py
[2024-09-02T04:21:02.464+0000] {processor.py:914} INFO - Processing file /home/airflow/.local/lib/python3.12/site-packages/airflow/example_dags/example_task_group.py for tasks to queue
[2024-09-02T04:21:02.475+0000] {logging_mixin.py:190} INFO - [2024-09-02T04:21:02.474+0000] {dagbag.py:587} INFO - Filling up the DagBag from /home/airflow/.local/lib/python3.12/site-packages/airflow/example_dags/example_task_group.py
[2024-09-02T04:21:02.514+0000] {processor.py:925} INFO - DAG(s) 'example_task_group' retrieved from /home/airflow/.local/lib/python3.12/site-packages/airflow/example_dags/example_task_group.py
[2024-09-02T04:21:02.581+0000] {logging_mixin.py:190} INFO - [2024-09-02T04:21:02.580+0000] {dag.py:3211} INFO - Sync 1 DAGs
[2024-09-02T04:21:02.668+0000] {logging_mixin.py:190} INFO - [2024-09-02T04:21:02.668+0000] {dag.py:4138} INFO - Setting next_dagrun for example_task_group to 2024-09-01 00:00:00+00:00, run_after=2024-09-02 00:00:00+00:00
[2024-09-02T04:21:02.767+0000] {processor.py:208} INFO - Processing /home/airflow/.local/lib/python3.12/site-packages/airflow/example_dags/example_task_group.py took 0.322 seconds
[2024-09-02T04:21:43.232+0000] {processor.py:186} INFO - Started process (PID=1053) to work on /home/airflow/.local/lib/python3.12/site-packages/airflow/example_dags/example_task_group.py
[2024-09-02T04:21:43.234+0000] {processor.py:914} INFO - Processing file /home/airflow/.local/lib/python3.12/site-packages/airflow/example_dags/example_task_group.py for tasks to queue
[2024-09-02T04:21:43.250+0000] {logging_mixin.py:190} INFO - [2024-09-02T04:21:43.249+0000] {dagbag.py:587} INFO - Filling up the DagBag from /home/airflow/.local/lib/python3.12/site-packages/airflow/example_dags/example_task_group.py
[2024-09-02T04:21:43.311+0000] {processor.py:925} INFO - DAG(s) 'example_task_group' retrieved from /home/airflow/.local/lib/python3.12/site-packages/airflow/example_dags/example_task_group.py
[2024-09-02T04:21:43.436+0000] {logging_mixin.py:190} INFO - [2024-09-02T04:21:43.435+0000] {dag.py:3211} INFO - Sync 1 DAGs
[2024-09-02T04:21:43.587+0000] {logging_mixin.py:190} INFO - [2024-09-02T04:21:43.586+0000] {dag.py:4138} INFO - Setting next_dagrun for example_task_group to 2024-09-01 00:00:00+00:00, run_after=2024-09-02 00:00:00+00:00
[2024-09-02T04:21:43.699+0000] {processor.py:208} INFO - Processing /home/airflow/.local/lib/python3.12/site-packages/airflow/example_dags/example_task_group.py took 0.496 seconds
[2024-09-02T04:22:18.457+0000] {processor.py:186} INFO - Started process (PID=1116) to work on /home/airflow/.local/lib/python3.12/site-packages/airflow/example_dags/example_task_group.py
[2024-09-02T04:22:18.521+0000] {processor.py:914} INFO - Processing file /home/airflow/.local/lib/python3.12/site-packages/airflow/example_dags/example_task_group.py for tasks to queue
[2024-09-02T04:22:18.533+0000] {logging_mixin.py:190} INFO - [2024-09-02T04:22:18.532+0000] {dagbag.py:587} INFO - Filling up the DagBag from /home/airflow/.local/lib/python3.12/site-packages/airflow/example_dags/example_task_group.py
[2024-09-02T04:22:18.595+0000] {processor.py:925} INFO - DAG(s) 'example_task_group' retrieved from /home/airflow/.local/lib/python3.12/site-packages/airflow/example_dags/example_task_group.py
[2024-09-02T04:22:18.722+0000] {logging_mixin.py:190} INFO - [2024-09-02T04:22:18.721+0000] {dag.py:3211} INFO - Sync 1 DAGs
[2024-09-02T04:22:18.898+0000] {logging_mixin.py:190} INFO - [2024-09-02T04:22:18.897+0000] {dag.py:4138} INFO - Setting next_dagrun for example_task_group to 2024-09-01 00:00:00+00:00, run_after=2024-09-02 00:00:00+00:00
[2024-09-02T04:22:19.051+0000] {processor.py:208} INFO - Processing /home/airflow/.local/lib/python3.12/site-packages/airflow/example_dags/example_task_group.py took 0.618 seconds
[2024-09-02T04:23:17.367+0000] {processor.py:186} INFO - Started process (PID=1175) to work on /home/airflow/.local/lib/python3.12/site-packages/airflow/example_dags/example_task_group.py
[2024-09-02T04:23:17.376+0000] {processor.py:914} INFO - Processing file /home/airflow/.local/lib/python3.12/site-packages/airflow/example_dags/example_task_group.py for tasks to queue
[2024-09-02T04:23:17.398+0000] {logging_mixin.py:190} INFO - [2024-09-02T04:23:17.392+0000] {dagbag.py:587} INFO - Filling up the DagBag from /home/airflow/.local/lib/python3.12/site-packages/airflow/example_dags/example_task_group.py
[2024-09-02T04:23:17.496+0000] {processor.py:925} INFO - DAG(s) 'example_task_group' retrieved from /home/airflow/.local/lib/python3.12/site-packages/airflow/example_dags/example_task_group.py
[2024-09-02T04:23:17.701+0000] {logging_mixin.py:190} INFO - [2024-09-02T04:23:17.701+0000] {dag.py:3211} INFO - Sync 1 DAGs
[2024-09-02T04:23:17.995+0000] {logging_mixin.py:190} INFO - [2024-09-02T04:23:17.994+0000] {dag.py:4138} INFO - Setting next_dagrun for example_task_group to 2024-09-01 00:00:00+00:00, run_after=2024-09-02 00:00:00+00:00
[2024-09-02T04:23:18.199+0000] {processor.py:208} INFO - Processing /home/airflow/.local/lib/python3.12/site-packages/airflow/example_dags/example_task_group.py took 0.867 seconds
[2024-09-02T04:26:15.269+0000] {processor.py:186} INFO - Started process (PID=93) to work on /home/airflow/.local/lib/python3.12/site-packages/airflow/example_dags/example_task_group.py
[2024-09-02T04:26:15.278+0000] {processor.py:914} INFO - Processing file /home/airflow/.local/lib/python3.12/site-packages/airflow/example_dags/example_task_group.py for tasks to queue
[2024-09-02T04:26:15.321+0000] {logging_mixin.py:190} INFO - [2024-09-02T04:26:15.320+0000] {dagbag.py:587} INFO - Filling up the DagBag from /home/airflow/.local/lib/python3.12/site-packages/airflow/example_dags/example_task_group.py
[2024-09-02T04:26:15.428+0000] {processor.py:925} INFO - DAG(s) 'example_task_group' retrieved from /home/airflow/.local/lib/python3.12/site-packages/airflow/example_dags/example_task_group.py
[2024-09-02T04:26:15.665+0000] {logging_mixin.py:190} INFO - [2024-09-02T04:26:15.664+0000] {dag.py:3211} INFO - Sync 1 DAGs
[2024-09-02T04:26:15.876+0000] {logging_mixin.py:190} INFO - [2024-09-02T04:26:15.876+0000] {dag.py:4138} INFO - Setting next_dagrun for example_task_group to 2024-09-01 00:00:00+00:00, run_after=2024-09-02 00:00:00+00:00
[2024-09-02T04:26:16.093+0000] {processor.py:208} INFO - Processing /home/airflow/.local/lib/python3.12/site-packages/airflow/example_dags/example_task_group.py took 0.914 seconds
[2024-09-02T04:27:07.855+0000] {processor.py:186} INFO - Started process (PID=161) to work on /home/airflow/.local/lib/python3.12/site-packages/airflow/example_dags/example_task_group.py
[2024-09-02T04:27:07.859+0000] {processor.py:914} INFO - Processing file /home/airflow/.local/lib/python3.12/site-packages/airflow/example_dags/example_task_group.py for tasks to queue
[2024-09-02T04:27:07.866+0000] {logging_mixin.py:190} INFO - [2024-09-02T04:27:07.865+0000] {dagbag.py:587} INFO - Filling up the DagBag from /home/airflow/.local/lib/python3.12/site-packages/airflow/example_dags/example_task_group.py
[2024-09-02T04:27:07.894+0000] {processor.py:925} INFO - DAG(s) 'example_task_group' retrieved from /home/airflow/.local/lib/python3.12/site-packages/airflow/example_dags/example_task_group.py
[2024-09-02T04:27:07.948+0000] {logging_mixin.py:190} INFO - [2024-09-02T04:27:07.947+0000] {dag.py:3211} INFO - Sync 1 DAGs
[2024-09-02T04:27:08.014+0000] {logging_mixin.py:190} INFO - [2024-09-02T04:27:08.013+0000] {dag.py:4138} INFO - Setting next_dagrun for example_task_group to 2024-09-01 00:00:00+00:00, run_after=2024-09-02 00:00:00+00:00
[2024-09-02T04:27:08.067+0000] {processor.py:208} INFO - Processing /home/airflow/.local/lib/python3.12/site-packages/airflow/example_dags/example_task_group.py took 0.225 seconds
[2024-09-02T04:27:38.564+0000] {processor.py:186} INFO - Started process (PID=224) to work on /home/airflow/.local/lib/python3.12/site-packages/airflow/example_dags/example_task_group.py
[2024-09-02T04:27:38.566+0000] {processor.py:914} INFO - Processing file /home/airflow/.local/lib/python3.12/site-packages/airflow/example_dags/example_task_group.py for tasks to queue
[2024-09-02T04:27:38.577+0000] {logging_mixin.py:190} INFO - [2024-09-02T04:27:38.576+0000] {dagbag.py:587} INFO - Filling up the DagBag from /home/airflow/.local/lib/python3.12/site-packages/airflow/example_dags/example_task_group.py
[2024-09-02T04:27:38.603+0000] {processor.py:925} INFO - DAG(s) 'example_task_group' retrieved from /home/airflow/.local/lib/python3.12/site-packages/airflow/example_dags/example_task_group.py
[2024-09-02T04:27:38.682+0000] {logging_mixin.py:190} INFO - [2024-09-02T04:27:38.682+0000] {dag.py:3211} INFO - Sync 1 DAGs
[2024-09-02T04:27:38.777+0000] {logging_mixin.py:190} INFO - [2024-09-02T04:27:38.777+0000] {dag.py:4138} INFO - Setting next_dagrun for example_task_group to 2024-09-01 00:00:00+00:00, run_after=2024-09-02 00:00:00+00:00
[2024-09-02T04:27:38.888+0000] {processor.py:208} INFO - Processing /home/airflow/.local/lib/python3.12/site-packages/airflow/example_dags/example_task_group.py took 0.345 seconds
[2024-09-02T04:28:09.974+0000] {processor.py:186} INFO - Started process (PID=287) to work on /home/airflow/.local/lib/python3.12/site-packages/airflow/example_dags/example_task_group.py
[2024-09-02T04:28:09.976+0000] {processor.py:914} INFO - Processing file /home/airflow/.local/lib/python3.12/site-packages/airflow/example_dags/example_task_group.py for tasks to queue
[2024-09-02T04:28:09.985+0000] {logging_mixin.py:190} INFO - [2024-09-02T04:28:09.984+0000] {dagbag.py:587} INFO - Filling up the DagBag from /home/airflow/.local/lib/python3.12/site-packages/airflow/example_dags/example_task_group.py
[2024-09-02T04:28:10.007+0000] {processor.py:925} INFO - DAG(s) 'example_task_group' retrieved from /home/airflow/.local/lib/python3.12/site-packages/airflow/example_dags/example_task_group.py
[2024-09-02T04:28:10.064+0000] {logging_mixin.py:190} INFO - [2024-09-02T04:28:10.064+0000] {dag.py:3211} INFO - Sync 1 DAGs
[2024-09-02T04:28:10.130+0000] {logging_mixin.py:190} INFO - [2024-09-02T04:28:10.129+0000] {dag.py:4138} INFO - Setting next_dagrun for example_task_group to 2024-09-01 00:00:00+00:00, run_after=2024-09-02 00:00:00+00:00
[2024-09-02T04:28:11.414+0000] {processor.py:208} INFO - Processing /home/airflow/.local/lib/python3.12/site-packages/airflow/example_dags/example_task_group.py took 1.473 seconds
[2024-09-02T04:28:41.636+0000] {processor.py:186} INFO - Started process (PID=351) to work on /home/airflow/.local/lib/python3.12/site-packages/airflow/example_dags/example_task_group.py
[2024-09-02T04:28:41.639+0000] {processor.py:914} INFO - Processing file /home/airflow/.local/lib/python3.12/site-packages/airflow/example_dags/example_task_group.py for tasks to queue
[2024-09-02T04:28:41.646+0000] {logging_mixin.py:190} INFO - [2024-09-02T04:28:41.645+0000] {dagbag.py:587} INFO - Filling up the DagBag from /home/airflow/.local/lib/python3.12/site-packages/airflow/example_dags/example_task_group.py
[2024-09-02T04:28:41.668+0000] {processor.py:925} INFO - DAG(s) 'example_task_group' retrieved from /home/airflow/.local/lib/python3.12/site-packages/airflow/example_dags/example_task_group.py
[2024-09-02T04:28:41.725+0000] {logging_mixin.py:190} INFO - [2024-09-02T04:28:41.725+0000] {dag.py:3211} INFO - Sync 1 DAGs
[2024-09-02T04:28:41.795+0000] {logging_mixin.py:190} INFO - [2024-09-02T04:28:41.794+0000] {dag.py:4138} INFO - Setting next_dagrun for example_task_group to 2024-09-01 00:00:00+00:00, run_after=2024-09-02 00:00:00+00:00
[2024-09-02T04:28:41.899+0000] {processor.py:208} INFO - Processing /home/airflow/.local/lib/python3.12/site-packages/airflow/example_dags/example_task_group.py took 0.275 seconds
[2024-09-02T04:29:12.177+0000] {processor.py:186} INFO - Started process (PID=413) to work on /home/airflow/.local/lib/python3.12/site-packages/airflow/example_dags/example_task_group.py
[2024-09-02T04:29:12.179+0000] {processor.py:914} INFO - Processing file /home/airflow/.local/lib/python3.12/site-packages/airflow/example_dags/example_task_group.py for tasks to queue
[2024-09-02T04:29:12.185+0000] {logging_mixin.py:190} INFO - [2024-09-02T04:29:12.184+0000] {dagbag.py:587} INFO - Filling up the DagBag from /home/airflow/.local/lib/python3.12/site-packages/airflow/example_dags/example_task_group.py
[2024-09-02T04:29:12.208+0000] {processor.py:925} INFO - DAG(s) 'example_task_group' retrieved from /home/airflow/.local/lib/python3.12/site-packages/airflow/example_dags/example_task_group.py
[2024-09-02T04:29:12.259+0000] {logging_mixin.py:190} INFO - [2024-09-02T04:29:12.258+0000] {dag.py:3211} INFO - Sync 1 DAGs
[2024-09-02T04:29:12.324+0000] {logging_mixin.py:190} INFO - [2024-09-02T04:29:12.323+0000] {dag.py:4138} INFO - Setting next_dagrun for example_task_group to 2024-09-01 00:00:00+00:00, run_after=2024-09-02 00:00:00+00:00
[2024-09-02T04:29:12.367+0000] {processor.py:208} INFO - Processing /home/airflow/.local/lib/python3.12/site-packages/airflow/example_dags/example_task_group.py took 0.203 seconds
[2024-09-02T04:29:42.869+0000] {processor.py:186} INFO - Started process (PID=476) to work on /home/airflow/.local/lib/python3.12/site-packages/airflow/example_dags/example_task_group.py
[2024-09-02T04:29:42.882+0000] {processor.py:914} INFO - Processing file /home/airflow/.local/lib/python3.12/site-packages/airflow/example_dags/example_task_group.py for tasks to queue
[2024-09-02T04:29:42.903+0000] {logging_mixin.py:190} INFO - [2024-09-02T04:29:42.903+0000] {dagbag.py:587} INFO - Filling up the DagBag from /home/airflow/.local/lib/python3.12/site-packages/airflow/example_dags/example_task_group.py
[2024-09-02T04:29:42.947+0000] {processor.py:925} INFO - DAG(s) 'example_task_group' retrieved from /home/airflow/.local/lib/python3.12/site-packages/airflow/example_dags/example_task_group.py
[2024-09-02T04:29:43.082+0000] {logging_mixin.py:190} INFO - [2024-09-02T04:29:43.081+0000] {dag.py:3211} INFO - Sync 1 DAGs
[2024-09-02T04:29:43.175+0000] {logging_mixin.py:190} INFO - [2024-09-02T04:29:43.173+0000] {dag.py:4138} INFO - Setting next_dagrun for example_task_group to 2024-09-01 00:00:00+00:00, run_after=2024-09-02 00:00:00+00:00
[2024-09-02T04:29:43.263+0000] {processor.py:208} INFO - Processing /home/airflow/.local/lib/python3.12/site-packages/airflow/example_dags/example_task_group.py took 0.420 seconds
[2024-09-02T04:30:14.281+0000] {processor.py:186} INFO - Started process (PID=540) to work on /home/airflow/.local/lib/python3.12/site-packages/airflow/example_dags/example_task_group.py
[2024-09-02T04:30:14.294+0000] {processor.py:914} INFO - Processing file /home/airflow/.local/lib/python3.12/site-packages/airflow/example_dags/example_task_group.py for tasks to queue
[2024-09-02T04:30:14.311+0000] {logging_mixin.py:190} INFO - [2024-09-02T04:30:14.310+0000] {dagbag.py:587} INFO - Filling up the DagBag from /home/airflow/.local/lib/python3.12/site-packages/airflow/example_dags/example_task_group.py
[2024-09-02T04:30:14.339+0000] {processor.py:925} INFO - DAG(s) 'example_task_group' retrieved from /home/airflow/.local/lib/python3.12/site-packages/airflow/example_dags/example_task_group.py
[2024-09-02T04:30:14.398+0000] {logging_mixin.py:190} INFO - [2024-09-02T04:30:14.397+0000] {dag.py:3211} INFO - Sync 1 DAGs
[2024-09-02T04:30:14.504+0000] {logging_mixin.py:190} INFO - [2024-09-02T04:30:14.503+0000] {dag.py:4138} INFO - Setting next_dagrun for example_task_group to 2024-09-01 00:00:00+00:00, run_after=2024-09-02 00:00:00+00:00
[2024-09-02T04:30:14.630+0000] {processor.py:208} INFO - Processing /home/airflow/.local/lib/python3.12/site-packages/airflow/example_dags/example_task_group.py took 0.388 seconds
[2024-09-02T04:30:45.549+0000] {processor.py:186} INFO - Started process (PID=603) to work on /home/airflow/.local/lib/python3.12/site-packages/airflow/example_dags/example_task_group.py
[2024-09-02T04:30:45.552+0000] {processor.py:914} INFO - Processing file /home/airflow/.local/lib/python3.12/site-packages/airflow/example_dags/example_task_group.py for tasks to queue
[2024-09-02T04:30:45.559+0000] {logging_mixin.py:190} INFO - [2024-09-02T04:30:45.558+0000] {dagbag.py:587} INFO - Filling up the DagBag from /home/airflow/.local/lib/python3.12/site-packages/airflow/example_dags/example_task_group.py
[2024-09-02T04:30:45.603+0000] {processor.py:925} INFO - DAG(s) 'example_task_group' retrieved from /home/airflow/.local/lib/python3.12/site-packages/airflow/example_dags/example_task_group.py
[2024-09-02T04:30:45.685+0000] {logging_mixin.py:190} INFO - [2024-09-02T04:30:45.683+0000] {dag.py:3211} INFO - Sync 1 DAGs
[2024-09-02T04:30:45.823+0000] {logging_mixin.py:190} INFO - [2024-09-02T04:30:45.822+0000] {dag.py:4138} INFO - Setting next_dagrun for example_task_group to 2024-09-01 00:00:00+00:00, run_after=2024-09-02 00:00:00+00:00
[2024-09-02T04:30:45.925+0000] {processor.py:208} INFO - Processing /home/airflow/.local/lib/python3.12/site-packages/airflow/example_dags/example_task_group.py took 0.410 seconds
[2024-09-02T04:31:16.673+0000] {processor.py:186} INFO - Started process (PID=666) to work on /home/airflow/.local/lib/python3.12/site-packages/airflow/example_dags/example_task_group.py
[2024-09-02T04:31:16.675+0000] {processor.py:914} INFO - Processing file /home/airflow/.local/lib/python3.12/site-packages/airflow/example_dags/example_task_group.py for tasks to queue
[2024-09-02T04:31:16.691+0000] {logging_mixin.py:190} INFO - [2024-09-02T04:31:16.690+0000] {dagbag.py:587} INFO - Filling up the DagBag from /home/airflow/.local/lib/python3.12/site-packages/airflow/example_dags/example_task_group.py
[2024-09-02T04:31:16.730+0000] {processor.py:925} INFO - DAG(s) 'example_task_group' retrieved from /home/airflow/.local/lib/python3.12/site-packages/airflow/example_dags/example_task_group.py
[2024-09-02T04:31:16.809+0000] {logging_mixin.py:190} INFO - [2024-09-02T04:31:16.809+0000] {dag.py:3211} INFO - Sync 1 DAGs
[2024-09-02T04:31:16.965+0000] {logging_mixin.py:190} INFO - [2024-09-02T04:31:16.965+0000] {dag.py:4138} INFO - Setting next_dagrun for example_task_group to 2024-09-01 00:00:00+00:00, run_after=2024-09-02 00:00:00+00:00
[2024-09-02T04:31:17.073+0000] {processor.py:208} INFO - Processing /home/airflow/.local/lib/python3.12/site-packages/airflow/example_dags/example_task_group.py took 0.424 seconds
[2024-09-02T04:31:50.510+0000] {processor.py:186} INFO - Started process (PID=729) to work on /home/airflow/.local/lib/python3.12/site-packages/airflow/example_dags/example_task_group.py
[2024-09-02T04:31:50.512+0000] {processor.py:914} INFO - Processing file /home/airflow/.local/lib/python3.12/site-packages/airflow/example_dags/example_task_group.py for tasks to queue
[2024-09-02T04:31:50.545+0000] {logging_mixin.py:190} INFO - [2024-09-02T04:31:50.545+0000] {dagbag.py:587} INFO - Filling up the DagBag from /home/airflow/.local/lib/python3.12/site-packages/airflow/example_dags/example_task_group.py
[2024-09-02T04:31:50.681+0000] {processor.py:925} INFO - DAG(s) 'example_task_group' retrieved from /home/airflow/.local/lib/python3.12/site-packages/airflow/example_dags/example_task_group.py
[2024-09-02T04:31:50.886+0000] {logging_mixin.py:190} INFO - [2024-09-02T04:31:50.886+0000] {dag.py:3211} INFO - Sync 1 DAGs
[2024-09-02T04:31:51.124+0000] {logging_mixin.py:190} INFO - [2024-09-02T04:31:51.123+0000] {dag.py:4138} INFO - Setting next_dagrun for example_task_group to 2024-09-01 00:00:00+00:00, run_after=2024-09-02 00:00:00+00:00
[2024-09-02T04:31:51.285+0000] {processor.py:208} INFO - Processing /home/airflow/.local/lib/python3.12/site-packages/airflow/example_dags/example_task_group.py took 0.821 seconds
[2024-09-02T04:32:22.695+0000] {processor.py:186} INFO - Started process (PID=792) to work on /home/airflow/.local/lib/python3.12/site-packages/airflow/example_dags/example_task_group.py
[2024-09-02T04:32:22.702+0000] {processor.py:914} INFO - Processing file /home/airflow/.local/lib/python3.12/site-packages/airflow/example_dags/example_task_group.py for tasks to queue
[2024-09-02T04:32:22.733+0000] {logging_mixin.py:190} INFO - [2024-09-02T04:32:22.733+0000] {dagbag.py:587} INFO - Filling up the DagBag from /home/airflow/.local/lib/python3.12/site-packages/airflow/example_dags/example_task_group.py
[2024-09-02T04:32:22.821+0000] {processor.py:925} INFO - DAG(s) 'example_task_group' retrieved from /home/airflow/.local/lib/python3.12/site-packages/airflow/example_dags/example_task_group.py
[2024-09-02T04:32:23.073+0000] {logging_mixin.py:190} INFO - [2024-09-02T04:32:23.072+0000] {dag.py:3211} INFO - Sync 1 DAGs
[2024-09-02T04:32:23.386+0000] {logging_mixin.py:190} INFO - [2024-09-02T04:32:23.386+0000] {dag.py:4138} INFO - Setting next_dagrun for example_task_group to 2024-09-01 00:00:00+00:00, run_after=2024-09-02 00:00:00+00:00
[2024-09-02T04:32:23.693+0000] {processor.py:208} INFO - Processing /home/airflow/.local/lib/python3.12/site-packages/airflow/example_dags/example_task_group.py took 1.099 seconds
[2024-09-02T04:32:54.111+0000] {processor.py:186} INFO - Started process (PID=855) to work on /home/airflow/.local/lib/python3.12/site-packages/airflow/example_dags/example_task_group.py
[2024-09-02T04:32:54.114+0000] {processor.py:914} INFO - Processing file /home/airflow/.local/lib/python3.12/site-packages/airflow/example_dags/example_task_group.py for tasks to queue
[2024-09-02T04:32:54.120+0000] {logging_mixin.py:190} INFO - [2024-09-02T04:32:54.120+0000] {dagbag.py:587} INFO - Filling up the DagBag from /home/airflow/.local/lib/python3.12/site-packages/airflow/example_dags/example_task_group.py
[2024-09-02T04:32:54.155+0000] {processor.py:925} INFO - DAG(s) 'example_task_group' retrieved from /home/airflow/.local/lib/python3.12/site-packages/airflow/example_dags/example_task_group.py
[2024-09-02T04:32:54.239+0000] {logging_mixin.py:190} INFO - [2024-09-02T04:32:54.238+0000] {dag.py:3211} INFO - Sync 1 DAGs
[2024-09-02T04:32:54.381+0000] {logging_mixin.py:190} INFO - [2024-09-02T04:32:54.380+0000] {dag.py:4138} INFO - Setting next_dagrun for example_task_group to 2024-09-01 00:00:00+00:00, run_after=2024-09-02 00:00:00+00:00
[2024-09-02T04:32:54.469+0000] {processor.py:208} INFO - Processing /home/airflow/.local/lib/python3.12/site-packages/airflow/example_dags/example_task_group.py took 0.375 seconds
[2024-09-02T04:33:27.414+0000] {processor.py:186} INFO - Started process (PID=917) to work on /home/airflow/.local/lib/python3.12/site-packages/airflow/example_dags/example_task_group.py
[2024-09-02T04:33:27.417+0000] {processor.py:914} INFO - Processing file /home/airflow/.local/lib/python3.12/site-packages/airflow/example_dags/example_task_group.py for tasks to queue
[2024-09-02T04:33:27.433+0000] {logging_mixin.py:190} INFO - [2024-09-02T04:33:27.432+0000] {dagbag.py:587} INFO - Filling up the DagBag from /home/airflow/.local/lib/python3.12/site-packages/airflow/example_dags/example_task_group.py
[2024-09-02T04:33:27.496+0000] {processor.py:925} INFO - DAG(s) 'example_task_group' retrieved from /home/airflow/.local/lib/python3.12/site-packages/airflow/example_dags/example_task_group.py
[2024-09-02T04:33:27.618+0000] {logging_mixin.py:190} INFO - [2024-09-02T04:33:27.617+0000] {dag.py:3211} INFO - Sync 1 DAGs
[2024-09-02T04:33:27.779+0000] {logging_mixin.py:190} INFO - [2024-09-02T04:33:27.779+0000] {dag.py:4138} INFO - Setting next_dagrun for example_task_group to 2024-09-01 00:00:00+00:00, run_after=2024-09-02 00:00:00+00:00
[2024-09-02T04:33:27.954+0000] {processor.py:208} INFO - Processing /home/airflow/.local/lib/python3.12/site-packages/airflow/example_dags/example_task_group.py took 0.581 seconds
[2024-09-02T04:33:58.364+0000] {processor.py:186} INFO - Started process (PID=980) to work on /home/airflow/.local/lib/python3.12/site-packages/airflow/example_dags/example_task_group.py
[2024-09-02T04:33:58.366+0000] {processor.py:914} INFO - Processing file /home/airflow/.local/lib/python3.12/site-packages/airflow/example_dags/example_task_group.py for tasks to queue
[2024-09-02T04:33:58.383+0000] {logging_mixin.py:190} INFO - [2024-09-02T04:33:58.382+0000] {dagbag.py:587} INFO - Filling up the DagBag from /home/airflow/.local/lib/python3.12/site-packages/airflow/example_dags/example_task_group.py
[2024-09-02T04:33:58.438+0000] {processor.py:925} INFO - DAG(s) 'example_task_group' retrieved from /home/airflow/.local/lib/python3.12/site-packages/airflow/example_dags/example_task_group.py
[2024-09-02T04:33:58.556+0000] {logging_mixin.py:190} INFO - [2024-09-02T04:33:58.556+0000] {dag.py:3211} INFO - Sync 1 DAGs
[2024-09-02T04:33:58.665+0000] {logging_mixin.py:190} INFO - [2024-09-02T04:33:58.664+0000] {dag.py:4138} INFO - Setting next_dagrun for example_task_group to 2024-09-01 00:00:00+00:00, run_after=2024-09-02 00:00:00+00:00
[2024-09-02T04:33:58.773+0000] {processor.py:208} INFO - Processing /home/airflow/.local/lib/python3.12/site-packages/airflow/example_dags/example_task_group.py took 0.446 seconds
[2024-09-02T04:34:37.923+0000] {processor.py:186} INFO - Started process (PID=1042) to work on /home/airflow/.local/lib/python3.12/site-packages/airflow/example_dags/example_task_group.py
[2024-09-02T04:34:37.937+0000] {processor.py:914} INFO - Processing file /home/airflow/.local/lib/python3.12/site-packages/airflow/example_dags/example_task_group.py for tasks to queue
[2024-09-02T04:34:37.969+0000] {logging_mixin.py:190} INFO - [2024-09-02T04:34:37.969+0000] {dagbag.py:587} INFO - Filling up the DagBag from /home/airflow/.local/lib/python3.12/site-packages/airflow/example_dags/example_task_group.py
[2024-09-02T04:34:38.078+0000] {processor.py:925} INFO - DAG(s) 'example_task_group' retrieved from /home/airflow/.local/lib/python3.12/site-packages/airflow/example_dags/example_task_group.py
[2024-09-02T04:34:38.334+0000] {logging_mixin.py:190} INFO - [2024-09-02T04:34:38.334+0000] {dag.py:3211} INFO - Sync 1 DAGs
[2024-09-02T04:34:38.679+0000] {logging_mixin.py:190} INFO - [2024-09-02T04:34:38.679+0000] {dag.py:4138} INFO - Setting next_dagrun for example_task_group to 2024-09-01 00:00:00+00:00, run_after=2024-09-02 00:00:00+00:00
[2024-09-02T04:34:38.842+0000] {processor.py:208} INFO - Processing /home/airflow/.local/lib/python3.12/site-packages/airflow/example_dags/example_task_group.py took 0.966 seconds
[2024-09-02T04:35:09.796+0000] {processor.py:186} INFO - Started process (PID=1105) to work on /home/airflow/.local/lib/python3.12/site-packages/airflow/example_dags/example_task_group.py
[2024-09-02T04:35:09.811+0000] {processor.py:914} INFO - Processing file /home/airflow/.local/lib/python3.12/site-packages/airflow/example_dags/example_task_group.py for tasks to queue
[2024-09-02T04:35:09.843+0000] {logging_mixin.py:190} INFO - [2024-09-02T04:35:09.841+0000] {dagbag.py:587} INFO - Filling up the DagBag from /home/airflow/.local/lib/python3.12/site-packages/airflow/example_dags/example_task_group.py
[2024-09-02T04:35:09.954+0000] {processor.py:925} INFO - DAG(s) 'example_task_group' retrieved from /home/airflow/.local/lib/python3.12/site-packages/airflow/example_dags/example_task_group.py
[2024-09-02T04:35:10.591+0000] {logging_mixin.py:190} INFO - [2024-09-02T04:35:10.590+0000] {dag.py:3211} INFO - Sync 1 DAGs
[2024-09-02T04:35:10.939+0000] {logging_mixin.py:190} INFO - [2024-09-02T04:35:10.926+0000] {dag.py:4138} INFO - Setting next_dagrun for example_task_group to 2024-09-01 00:00:00+00:00, run_after=2024-09-02 00:00:00+00:00
[2024-09-02T04:35:11.081+0000] {processor.py:208} INFO - Processing /home/airflow/.local/lib/python3.12/site-packages/airflow/example_dags/example_task_group.py took 1.357 seconds
[2024-09-02T04:35:41.640+0000] {processor.py:186} INFO - Started process (PID=1175) to work on /home/airflow/.local/lib/python3.12/site-packages/airflow/example_dags/example_task_group.py
[2024-09-02T04:35:41.645+0000] {processor.py:914} INFO - Processing file /home/airflow/.local/lib/python3.12/site-packages/airflow/example_dags/example_task_group.py for tasks to queue
[2024-09-02T04:35:41.652+0000] {logging_mixin.py:190} INFO - [2024-09-02T04:35:41.651+0000] {dagbag.py:587} INFO - Filling up the DagBag from /home/airflow/.local/lib/python3.12/site-packages/airflow/example_dags/example_task_group.py
[2024-09-02T04:35:41.714+0000] {processor.py:925} INFO - DAG(s) 'example_task_group' retrieved from /home/airflow/.local/lib/python3.12/site-packages/airflow/example_dags/example_task_group.py
[2024-09-02T04:35:41.813+0000] {logging_mixin.py:190} INFO - [2024-09-02T04:35:41.812+0000] {dag.py:3211} INFO - Sync 1 DAGs
[2024-09-02T04:35:41.917+0000] {logging_mixin.py:190} INFO - [2024-09-02T04:35:41.917+0000] {dag.py:4138} INFO - Setting next_dagrun for example_task_group to 2024-09-01 00:00:00+00:00, run_after=2024-09-02 00:00:00+00:00
[2024-09-02T04:35:41.998+0000] {processor.py:208} INFO - Processing /home/airflow/.local/lib/python3.12/site-packages/airflow/example_dags/example_task_group.py took 0.382 seconds
[2024-09-02T04:36:12.193+0000] {processor.py:186} INFO - Started process (PID=1238) to work on /home/airflow/.local/lib/python3.12/site-packages/airflow/example_dags/example_task_group.py
[2024-09-02T04:36:12.220+0000] {processor.py:914} INFO - Processing file /home/airflow/.local/lib/python3.12/site-packages/airflow/example_dags/example_task_group.py for tasks to queue
[2024-09-02T04:36:12.226+0000] {logging_mixin.py:190} INFO - [2024-09-02T04:36:12.226+0000] {dagbag.py:587} INFO - Filling up the DagBag from /home/airflow/.local/lib/python3.12/site-packages/airflow/example_dags/example_task_group.py
[2024-09-02T04:36:12.257+0000] {processor.py:925} INFO - DAG(s) 'example_task_group' retrieved from /home/airflow/.local/lib/python3.12/site-packages/airflow/example_dags/example_task_group.py
[2024-09-02T04:36:12.319+0000] {logging_mixin.py:190} INFO - [2024-09-02T04:36:12.319+0000] {dag.py:3211} INFO - Sync 1 DAGs
[2024-09-02T04:36:12.379+0000] {logging_mixin.py:190} INFO - [2024-09-02T04:36:12.379+0000] {dag.py:4138} INFO - Setting next_dagrun for example_task_group to 2024-09-01 00:00:00+00:00, run_after=2024-09-02 00:00:00+00:00
[2024-09-02T04:36:12.440+0000] {processor.py:208} INFO - Processing /home/airflow/.local/lib/python3.12/site-packages/airflow/example_dags/example_task_group.py took 0.261 seconds
[2024-09-02T04:36:42.570+0000] {processor.py:186} INFO - Started process (PID=1301) to work on /home/airflow/.local/lib/python3.12/site-packages/airflow/example_dags/example_task_group.py
[2024-09-02T04:36:42.573+0000] {processor.py:914} INFO - Processing file /home/airflow/.local/lib/python3.12/site-packages/airflow/example_dags/example_task_group.py for tasks to queue
[2024-09-02T04:36:42.580+0000] {logging_mixin.py:190} INFO - [2024-09-02T04:36:42.579+0000] {dagbag.py:587} INFO - Filling up the DagBag from /home/airflow/.local/lib/python3.12/site-packages/airflow/example_dags/example_task_group.py
[2024-09-02T04:36:42.602+0000] {processor.py:925} INFO - DAG(s) 'example_task_group' retrieved from /home/airflow/.local/lib/python3.12/site-packages/airflow/example_dags/example_task_group.py
[2024-09-02T04:36:42.665+0000] {logging_mixin.py:190} INFO - [2024-09-02T04:36:42.665+0000] {dag.py:3211} INFO - Sync 1 DAGs
[2024-09-02T04:36:42.778+0000] {logging_mixin.py:190} INFO - [2024-09-02T04:36:42.778+0000] {dag.py:4138} INFO - Setting next_dagrun for example_task_group to 2024-09-01 00:00:00+00:00, run_after=2024-09-02 00:00:00+00:00
[2024-09-02T04:36:42.870+0000] {processor.py:208} INFO - Processing /home/airflow/.local/lib/python3.12/site-packages/airflow/example_dags/example_task_group.py took 0.314 seconds
[2024-09-02T04:37:13.449+0000] {processor.py:186} INFO - Started process (PID=1365) to work on /home/airflow/.local/lib/python3.12/site-packages/airflow/example_dags/example_task_group.py
[2024-09-02T04:37:13.452+0000] {processor.py:914} INFO - Processing file /home/airflow/.local/lib/python3.12/site-packages/airflow/example_dags/example_task_group.py for tasks to queue
[2024-09-02T04:37:13.458+0000] {logging_mixin.py:190} INFO - [2024-09-02T04:37:13.458+0000] {dagbag.py:587} INFO - Filling up the DagBag from /home/airflow/.local/lib/python3.12/site-packages/airflow/example_dags/example_task_group.py
[2024-09-02T04:37:13.481+0000] {processor.py:925} INFO - DAG(s) 'example_task_group' retrieved from /home/airflow/.local/lib/python3.12/site-packages/airflow/example_dags/example_task_group.py
[2024-09-02T04:37:13.533+0000] {logging_mixin.py:190} INFO - [2024-09-02T04:37:13.532+0000] {dag.py:3211} INFO - Sync 1 DAGs
[2024-09-02T04:37:13.582+0000] {logging_mixin.py:190} INFO - [2024-09-02T04:37:13.582+0000] {dag.py:4138} INFO - Setting next_dagrun for example_task_group to 2024-09-01 00:00:00+00:00, run_after=2024-09-02 00:00:00+00:00
[2024-09-02T04:37:13.622+0000] {processor.py:208} INFO - Processing /home/airflow/.local/lib/python3.12/site-packages/airflow/example_dags/example_task_group.py took 0.187 seconds
[2024-09-02T04:37:45.026+0000] {processor.py:186} INFO - Started process (PID=1427) to work on /home/airflow/.local/lib/python3.12/site-packages/airflow/example_dags/example_task_group.py
[2024-09-02T04:37:45.042+0000] {processor.py:914} INFO - Processing file /home/airflow/.local/lib/python3.12/site-packages/airflow/example_dags/example_task_group.py for tasks to queue
[2024-09-02T04:37:45.061+0000] {logging_mixin.py:190} INFO - [2024-09-02T04:37:45.061+0000] {dagbag.py:587} INFO - Filling up the DagBag from /home/airflow/.local/lib/python3.12/site-packages/airflow/example_dags/example_task_group.py
[2024-09-02T04:37:45.129+0000] {processor.py:925} INFO - DAG(s) 'example_task_group' retrieved from /home/airflow/.local/lib/python3.12/site-packages/airflow/example_dags/example_task_group.py
[2024-09-02T04:37:45.289+0000] {logging_mixin.py:190} INFO - [2024-09-02T04:37:45.288+0000] {dag.py:3211} INFO - Sync 1 DAGs
[2024-09-02T04:37:45.503+0000] {logging_mixin.py:190} INFO - [2024-09-02T04:37:45.499+0000] {dag.py:4138} INFO - Setting next_dagrun for example_task_group to 2024-09-01 00:00:00+00:00, run_after=2024-09-02 00:00:00+00:00
[2024-09-02T04:37:45.615+0000] {processor.py:208} INFO - Processing /home/airflow/.local/lib/python3.12/site-packages/airflow/example_dags/example_task_group.py took 0.625 seconds
[2024-09-02T04:38:16.118+0000] {processor.py:186} INFO - Started process (PID=1491) to work on /home/airflow/.local/lib/python3.12/site-packages/airflow/example_dags/example_task_group.py
[2024-09-02T04:38:16.130+0000] {processor.py:914} INFO - Processing file /home/airflow/.local/lib/python3.12/site-packages/airflow/example_dags/example_task_group.py for tasks to queue
[2024-09-02T04:38:16.138+0000] {logging_mixin.py:190} INFO - [2024-09-02T04:38:16.137+0000] {dagbag.py:587} INFO - Filling up the DagBag from /home/airflow/.local/lib/python3.12/site-packages/airflow/example_dags/example_task_group.py
[2024-09-02T04:38:16.190+0000] {processor.py:925} INFO - DAG(s) 'example_task_group' retrieved from /home/airflow/.local/lib/python3.12/site-packages/airflow/example_dags/example_task_group.py
[2024-09-02T04:38:16.311+0000] {logging_mixin.py:190} INFO - [2024-09-02T04:38:16.310+0000] {dag.py:3211} INFO - Sync 1 DAGs
[2024-09-02T04:38:16.438+0000] {logging_mixin.py:190} INFO - [2024-09-02T04:38:16.438+0000] {dag.py:4138} INFO - Setting next_dagrun for example_task_group to 2024-09-01 00:00:00+00:00, run_after=2024-09-02 00:00:00+00:00
[2024-09-02T04:38:16.512+0000] {processor.py:208} INFO - Processing /home/airflow/.local/lib/python3.12/site-packages/airflow/example_dags/example_task_group.py took 0.429 seconds
[2024-09-02T04:38:46.826+0000] {processor.py:186} INFO - Started process (PID=1554) to work on /home/airflow/.local/lib/python3.12/site-packages/airflow/example_dags/example_task_group.py
[2024-09-02T04:38:46.828+0000] {processor.py:914} INFO - Processing file /home/airflow/.local/lib/python3.12/site-packages/airflow/example_dags/example_task_group.py for tasks to queue
[2024-09-02T04:38:46.835+0000] {logging_mixin.py:190} INFO - [2024-09-02T04:38:46.834+0000] {dagbag.py:587} INFO - Filling up the DagBag from /home/airflow/.local/lib/python3.12/site-packages/airflow/example_dags/example_task_group.py
[2024-09-02T04:38:46.853+0000] {processor.py:925} INFO - DAG(s) 'example_task_group' retrieved from /home/airflow/.local/lib/python3.12/site-packages/airflow/example_dags/example_task_group.py
[2024-09-02T04:38:46.897+0000] {logging_mixin.py:190} INFO - [2024-09-02T04:38:46.896+0000] {dag.py:3211} INFO - Sync 1 DAGs
[2024-09-02T04:38:46.946+0000] {logging_mixin.py:190} INFO - [2024-09-02T04:38:46.945+0000] {dag.py:4138} INFO - Setting next_dagrun for example_task_group to 2024-09-01 00:00:00+00:00, run_after=2024-09-02 00:00:00+00:00
[2024-09-02T04:38:46.981+0000] {processor.py:208} INFO - Processing /home/airflow/.local/lib/python3.12/site-packages/airflow/example_dags/example_task_group.py took 0.167 seconds
[2024-09-02T04:39:17.523+0000] {processor.py:186} INFO - Started process (PID=1617) to work on /home/airflow/.local/lib/python3.12/site-packages/airflow/example_dags/example_task_group.py
[2024-09-02T04:39:17.525+0000] {processor.py:914} INFO - Processing file /home/airflow/.local/lib/python3.12/site-packages/airflow/example_dags/example_task_group.py for tasks to queue
[2024-09-02T04:39:17.532+0000] {logging_mixin.py:190} INFO - [2024-09-02T04:39:17.531+0000] {dagbag.py:587} INFO - Filling up the DagBag from /home/airflow/.local/lib/python3.12/site-packages/airflow/example_dags/example_task_group.py
[2024-09-02T04:39:17.562+0000] {processor.py:925} INFO - DAG(s) 'example_task_group' retrieved from /home/airflow/.local/lib/python3.12/site-packages/airflow/example_dags/example_task_group.py
[2024-09-02T04:39:17.651+0000] {logging_mixin.py:190} INFO - [2024-09-02T04:39:17.651+0000] {dag.py:3211} INFO - Sync 1 DAGs
[2024-09-02T04:39:17.740+0000] {logging_mixin.py:190} INFO - [2024-09-02T04:39:17.738+0000] {dag.py:4138} INFO - Setting next_dagrun for example_task_group to 2024-09-01 00:00:00+00:00, run_after=2024-09-02 00:00:00+00:00
[2024-09-02T04:39:17.792+0000] {processor.py:208} INFO - Processing /home/airflow/.local/lib/python3.12/site-packages/airflow/example_dags/example_task_group.py took 0.285 seconds
[2024-09-02T04:39:48.295+0000] {processor.py:186} INFO - Started process (PID=1680) to work on /home/airflow/.local/lib/python3.12/site-packages/airflow/example_dags/example_task_group.py
[2024-09-02T04:39:48.311+0000] {processor.py:914} INFO - Processing file /home/airflow/.local/lib/python3.12/site-packages/airflow/example_dags/example_task_group.py for tasks to queue
[2024-09-02T04:39:48.329+0000] {logging_mixin.py:190} INFO - [2024-09-02T04:39:48.328+0000] {dagbag.py:587} INFO - Filling up the DagBag from /home/airflow/.local/lib/python3.12/site-packages/airflow/example_dags/example_task_group.py
[2024-09-02T04:39:48.393+0000] {processor.py:925} INFO - DAG(s) 'example_task_group' retrieved from /home/airflow/.local/lib/python3.12/site-packages/airflow/example_dags/example_task_group.py
[2024-09-02T04:39:48.523+0000] {logging_mixin.py:190} INFO - [2024-09-02T04:39:48.522+0000] {dag.py:3211} INFO - Sync 1 DAGs
[2024-09-02T04:39:48.661+0000] {logging_mixin.py:190} INFO - [2024-09-02T04:39:48.656+0000] {dag.py:4138} INFO - Setting next_dagrun for example_task_group to 2024-09-01 00:00:00+00:00, run_after=2024-09-02 00:00:00+00:00
[2024-09-02T04:39:48.776+0000] {processor.py:208} INFO - Processing /home/airflow/.local/lib/python3.12/site-packages/airflow/example_dags/example_task_group.py took 0.508 seconds
[2024-09-02T04:40:19.780+0000] {processor.py:186} INFO - Started process (PID=1742) to work on /home/airflow/.local/lib/python3.12/site-packages/airflow/example_dags/example_task_group.py
[2024-09-02T04:40:19.782+0000] {processor.py:914} INFO - Processing file /home/airflow/.local/lib/python3.12/site-packages/airflow/example_dags/example_task_group.py for tasks to queue
[2024-09-02T04:40:19.794+0000] {logging_mixin.py:190} INFO - [2024-09-02T04:40:19.793+0000] {dagbag.py:587} INFO - Filling up the DagBag from /home/airflow/.local/lib/python3.12/site-packages/airflow/example_dags/example_task_group.py
[2024-09-02T04:40:19.830+0000] {processor.py:925} INFO - DAG(s) 'example_task_group' retrieved from /home/airflow/.local/lib/python3.12/site-packages/airflow/example_dags/example_task_group.py
[2024-09-02T04:40:19.903+0000] {logging_mixin.py:190} INFO - [2024-09-02T04:40:19.903+0000] {dag.py:3211} INFO - Sync 1 DAGs
[2024-09-02T04:40:19.994+0000] {logging_mixin.py:190} INFO - [2024-09-02T04:40:19.993+0000] {dag.py:4138} INFO - Setting next_dagrun for example_task_group to 2024-09-01 00:00:00+00:00, run_after=2024-09-02 00:00:00+00:00
[2024-09-02T04:40:20.070+0000] {processor.py:208} INFO - Processing /home/airflow/.local/lib/python3.12/site-packages/airflow/example_dags/example_task_group.py took 0.313 seconds
[2024-09-02T04:40:50.231+0000] {processor.py:186} INFO - Started process (PID=1804) to work on /home/airflow/.local/lib/python3.12/site-packages/airflow/example_dags/example_task_group.py
[2024-09-02T04:40:50.234+0000] {processor.py:914} INFO - Processing file /home/airflow/.local/lib/python3.12/site-packages/airflow/example_dags/example_task_group.py for tasks to queue
[2024-09-02T04:40:50.242+0000] {logging_mixin.py:190} INFO - [2024-09-02T04:40:50.240+0000] {dagbag.py:587} INFO - Filling up the DagBag from /home/airflow/.local/lib/python3.12/site-packages/airflow/example_dags/example_task_group.py
[2024-09-02T04:40:50.263+0000] {processor.py:925} INFO - DAG(s) 'example_task_group' retrieved from /home/airflow/.local/lib/python3.12/site-packages/airflow/example_dags/example_task_group.py
[2024-09-02T04:40:50.362+0000] {logging_mixin.py:190} INFO - [2024-09-02T04:40:50.362+0000] {dag.py:3211} INFO - Sync 1 DAGs
[2024-09-02T04:40:50.480+0000] {logging_mixin.py:190} INFO - [2024-09-02T04:40:50.480+0000] {dag.py:4138} INFO - Setting next_dagrun for example_task_group to 2024-09-01 00:00:00+00:00, run_after=2024-09-02 00:00:00+00:00
[2024-09-02T04:40:50.570+0000] {processor.py:208} INFO - Processing /home/airflow/.local/lib/python3.12/site-packages/airflow/example_dags/example_task_group.py took 0.351 seconds
[2024-09-02T04:41:20.852+0000] {processor.py:186} INFO - Started process (PID=1867) to work on /home/airflow/.local/lib/python3.12/site-packages/airflow/example_dags/example_task_group.py
[2024-09-02T04:41:20.854+0000] {processor.py:914} INFO - Processing file /home/airflow/.local/lib/python3.12/site-packages/airflow/example_dags/example_task_group.py for tasks to queue
[2024-09-02T04:41:20.860+0000] {logging_mixin.py:190} INFO - [2024-09-02T04:41:20.859+0000] {dagbag.py:587} INFO - Filling up the DagBag from /home/airflow/.local/lib/python3.12/site-packages/airflow/example_dags/example_task_group.py
[2024-09-02T04:41:20.880+0000] {processor.py:925} INFO - DAG(s) 'example_task_group' retrieved from /home/airflow/.local/lib/python3.12/site-packages/airflow/example_dags/example_task_group.py
[2024-09-02T04:41:20.928+0000] {logging_mixin.py:190} INFO - [2024-09-02T04:41:20.928+0000] {dag.py:3211} INFO - Sync 1 DAGs
[2024-09-02T04:41:20.978+0000] {logging_mixin.py:190} INFO - [2024-09-02T04:41:20.978+0000] {dag.py:4138} INFO - Setting next_dagrun for example_task_group to 2024-09-01 00:00:00+00:00, run_after=2024-09-02 00:00:00+00:00
[2024-09-02T04:41:21.015+0000] {processor.py:208} INFO - Processing /home/airflow/.local/lib/python3.12/site-packages/airflow/example_dags/example_task_group.py took 0.176 seconds
[2024-09-02T04:41:51.239+0000] {processor.py:186} INFO - Started process (PID=1930) to work on /home/airflow/.local/lib/python3.12/site-packages/airflow/example_dags/example_task_group.py
[2024-09-02T04:41:51.241+0000] {processor.py:914} INFO - Processing file /home/airflow/.local/lib/python3.12/site-packages/airflow/example_dags/example_task_group.py for tasks to queue
[2024-09-02T04:41:51.246+0000] {logging_mixin.py:190} INFO - [2024-09-02T04:41:51.246+0000] {dagbag.py:587} INFO - Filling up the DagBag from /home/airflow/.local/lib/python3.12/site-packages/airflow/example_dags/example_task_group.py
[2024-09-02T04:41:51.266+0000] {processor.py:925} INFO - DAG(s) 'example_task_group' retrieved from /home/airflow/.local/lib/python3.12/site-packages/airflow/example_dags/example_task_group.py
[2024-09-02T04:41:51.318+0000] {logging_mixin.py:190} INFO - [2024-09-02T04:41:51.317+0000] {dag.py:3211} INFO - Sync 1 DAGs
[2024-09-02T04:41:51.371+0000] {logging_mixin.py:190} INFO - [2024-09-02T04:41:51.370+0000] {dag.py:4138} INFO - Setting next_dagrun for example_task_group to 2024-09-01 00:00:00+00:00, run_after=2024-09-02 00:00:00+00:00
[2024-09-02T04:41:51.423+0000] {processor.py:208} INFO - Processing /home/airflow/.local/lib/python3.12/site-packages/airflow/example_dags/example_task_group.py took 0.197 seconds
[2024-09-02T04:42:21.565+0000] {processor.py:186} INFO - Started process (PID=1993) to work on /home/airflow/.local/lib/python3.12/site-packages/airflow/example_dags/example_task_group.py
[2024-09-02T04:42:21.569+0000] {processor.py:914} INFO - Processing file /home/airflow/.local/lib/python3.12/site-packages/airflow/example_dags/example_task_group.py for tasks to queue
[2024-09-02T04:42:21.575+0000] {logging_mixin.py:190} INFO - [2024-09-02T04:42:21.574+0000] {dagbag.py:587} INFO - Filling up the DagBag from /home/airflow/.local/lib/python3.12/site-packages/airflow/example_dags/example_task_group.py
[2024-09-02T04:42:21.604+0000] {processor.py:925} INFO - DAG(s) 'example_task_group' retrieved from /home/airflow/.local/lib/python3.12/site-packages/airflow/example_dags/example_task_group.py
[2024-09-02T04:42:21.684+0000] {logging_mixin.py:190} INFO - [2024-09-02T04:42:21.684+0000] {dag.py:3211} INFO - Sync 1 DAGs
[2024-09-02T04:42:21.779+0000] {logging_mixin.py:190} INFO - [2024-09-02T04:42:21.778+0000] {dag.py:4138} INFO - Setting next_dagrun for example_task_group to 2024-09-01 00:00:00+00:00, run_after=2024-09-02 00:00:00+00:00
[2024-09-02T04:42:21.824+0000] {processor.py:208} INFO - Processing /home/airflow/.local/lib/python3.12/site-packages/airflow/example_dags/example_task_group.py took 0.276 seconds
[2024-09-02T04:42:52.529+0000] {processor.py:186} INFO - Started process (PID=2056) to work on /home/airflow/.local/lib/python3.12/site-packages/airflow/example_dags/example_task_group.py
[2024-09-02T04:42:52.533+0000] {processor.py:914} INFO - Processing file /home/airflow/.local/lib/python3.12/site-packages/airflow/example_dags/example_task_group.py for tasks to queue
[2024-09-02T04:42:52.541+0000] {logging_mixin.py:190} INFO - [2024-09-02T04:42:52.539+0000] {dagbag.py:587} INFO - Filling up the DagBag from /home/airflow/.local/lib/python3.12/site-packages/airflow/example_dags/example_task_group.py
[2024-09-02T04:42:52.562+0000] {processor.py:925} INFO - DAG(s) 'example_task_group' retrieved from /home/airflow/.local/lib/python3.12/site-packages/airflow/example_dags/example_task_group.py
[2024-09-02T04:42:52.639+0000] {logging_mixin.py:190} INFO - [2024-09-02T04:42:52.638+0000] {dag.py:3211} INFO - Sync 1 DAGs
[2024-09-02T04:42:52.699+0000] {logging_mixin.py:190} INFO - [2024-09-02T04:42:52.698+0000] {dag.py:4138} INFO - Setting next_dagrun for example_task_group to 2024-09-01 00:00:00+00:00, run_after=2024-09-02 00:00:00+00:00
[2024-09-02T04:42:52.745+0000] {processor.py:208} INFO - Processing /home/airflow/.local/lib/python3.12/site-packages/airflow/example_dags/example_task_group.py took 0.251 seconds
[2024-09-02T04:43:22.930+0000] {processor.py:186} INFO - Started process (PID=2119) to work on /home/airflow/.local/lib/python3.12/site-packages/airflow/example_dags/example_task_group.py
[2024-09-02T04:43:22.932+0000] {processor.py:914} INFO - Processing file /home/airflow/.local/lib/python3.12/site-packages/airflow/example_dags/example_task_group.py for tasks to queue
[2024-09-02T04:43:22.937+0000] {logging_mixin.py:190} INFO - [2024-09-02T04:43:22.937+0000] {dagbag.py:587} INFO - Filling up the DagBag from /home/airflow/.local/lib/python3.12/site-packages/airflow/example_dags/example_task_group.py
[2024-09-02T04:43:22.956+0000] {processor.py:925} INFO - DAG(s) 'example_task_group' retrieved from /home/airflow/.local/lib/python3.12/site-packages/airflow/example_dags/example_task_group.py
[2024-09-02T04:43:23.003+0000] {logging_mixin.py:190} INFO - [2024-09-02T04:43:23.003+0000] {dag.py:3211} INFO - Sync 1 DAGs
[2024-09-02T04:43:23.051+0000] {logging_mixin.py:190} INFO - [2024-09-02T04:43:23.050+0000] {dag.py:4138} INFO - Setting next_dagrun for example_task_group to 2024-09-01 00:00:00+00:00, run_after=2024-09-02 00:00:00+00:00
[2024-09-02T04:43:23.114+0000] {processor.py:208} INFO - Processing /home/airflow/.local/lib/python3.12/site-packages/airflow/example_dags/example_task_group.py took 0.197 seconds
[2024-09-02T04:43:53.346+0000] {processor.py:186} INFO - Started process (PID=2182) to work on /home/airflow/.local/lib/python3.12/site-packages/airflow/example_dags/example_task_group.py
[2024-09-02T04:43:53.348+0000] {processor.py:914} INFO - Processing file /home/airflow/.local/lib/python3.12/site-packages/airflow/example_dags/example_task_group.py for tasks to queue
[2024-09-02T04:43:53.353+0000] {logging_mixin.py:190} INFO - [2024-09-02T04:43:53.353+0000] {dagbag.py:587} INFO - Filling up the DagBag from /home/airflow/.local/lib/python3.12/site-packages/airflow/example_dags/example_task_group.py
[2024-09-02T04:43:53.372+0000] {processor.py:925} INFO - DAG(s) 'example_task_group' retrieved from /home/airflow/.local/lib/python3.12/site-packages/airflow/example_dags/example_task_group.py
[2024-09-02T04:43:53.415+0000] {logging_mixin.py:190} INFO - [2024-09-02T04:43:53.415+0000] {dag.py:3211} INFO - Sync 1 DAGs
[2024-09-02T04:43:53.466+0000] {logging_mixin.py:190} INFO - [2024-09-02T04:43:53.466+0000] {dag.py:4138} INFO - Setting next_dagrun for example_task_group to 2024-09-01 00:00:00+00:00, run_after=2024-09-02 00:00:00+00:00
[2024-09-02T04:43:53.507+0000] {processor.py:208} INFO - Processing /home/airflow/.local/lib/python3.12/site-packages/airflow/example_dags/example_task_group.py took 0.174 seconds
[2024-09-02T04:44:23.910+0000] {processor.py:186} INFO - Started process (PID=2245) to work on /home/airflow/.local/lib/python3.12/site-packages/airflow/example_dags/example_task_group.py
[2024-09-02T04:44:23.911+0000] {processor.py:914} INFO - Processing file /home/airflow/.local/lib/python3.12/site-packages/airflow/example_dags/example_task_group.py for tasks to queue
[2024-09-02T04:44:23.916+0000] {logging_mixin.py:190} INFO - [2024-09-02T04:44:23.916+0000] {dagbag.py:587} INFO - Filling up the DagBag from /home/airflow/.local/lib/python3.12/site-packages/airflow/example_dags/example_task_group.py
[2024-09-02T04:44:23.936+0000] {processor.py:925} INFO - DAG(s) 'example_task_group' retrieved from /home/airflow/.local/lib/python3.12/site-packages/airflow/example_dags/example_task_group.py
[2024-09-02T04:44:23.981+0000] {logging_mixin.py:190} INFO - [2024-09-02T04:44:23.981+0000] {dag.py:3211} INFO - Sync 1 DAGs
[2024-09-02T04:44:24.045+0000] {logging_mixin.py:190} INFO - [2024-09-02T04:44:24.044+0000] {dag.py:4138} INFO - Setting next_dagrun for example_task_group to 2024-09-01 00:00:00+00:00, run_after=2024-09-02 00:00:00+00:00
[2024-09-02T04:44:24.095+0000] {processor.py:208} INFO - Processing /home/airflow/.local/lib/python3.12/site-packages/airflow/example_dags/example_task_group.py took 0.197 seconds
[2024-09-02T04:44:54.505+0000] {processor.py:186} INFO - Started process (PID=2307) to work on /home/airflow/.local/lib/python3.12/site-packages/airflow/example_dags/example_task_group.py
[2024-09-02T04:44:54.507+0000] {processor.py:914} INFO - Processing file /home/airflow/.local/lib/python3.12/site-packages/airflow/example_dags/example_task_group.py for tasks to queue
[2024-09-02T04:44:54.513+0000] {logging_mixin.py:190} INFO - [2024-09-02T04:44:54.512+0000] {dagbag.py:587} INFO - Filling up the DagBag from /home/airflow/.local/lib/python3.12/site-packages/airflow/example_dags/example_task_group.py
[2024-09-02T04:44:54.530+0000] {processor.py:925} INFO - DAG(s) 'example_task_group' retrieved from /home/airflow/.local/lib/python3.12/site-packages/airflow/example_dags/example_task_group.py
[2024-09-02T04:44:54.569+0000] {logging_mixin.py:190} INFO - [2024-09-02T04:44:54.568+0000] {dag.py:3211} INFO - Sync 1 DAGs
[2024-09-02T04:44:54.613+0000] {logging_mixin.py:190} INFO - [2024-09-02T04:44:54.613+0000] {dag.py:4138} INFO - Setting next_dagrun for example_task_group to 2024-09-01 00:00:00+00:00, run_after=2024-09-02 00:00:00+00:00
[2024-09-02T04:44:54.651+0000] {processor.py:208} INFO - Processing /home/airflow/.local/lib/python3.12/site-packages/airflow/example_dags/example_task_group.py took 0.157 seconds
[2024-09-02T04:45:25.211+0000] {processor.py:186} INFO - Started process (PID=2370) to work on /home/airflow/.local/lib/python3.12/site-packages/airflow/example_dags/example_task_group.py
[2024-09-02T04:45:25.213+0000] {processor.py:914} INFO - Processing file /home/airflow/.local/lib/python3.12/site-packages/airflow/example_dags/example_task_group.py for tasks to queue
[2024-09-02T04:45:25.219+0000] {logging_mixin.py:190} INFO - [2024-09-02T04:45:25.218+0000] {dagbag.py:587} INFO - Filling up the DagBag from /home/airflow/.local/lib/python3.12/site-packages/airflow/example_dags/example_task_group.py
[2024-09-02T04:45:25.239+0000] {processor.py:925} INFO - DAG(s) 'example_task_group' retrieved from /home/airflow/.local/lib/python3.12/site-packages/airflow/example_dags/example_task_group.py
[2024-09-02T04:45:25.285+0000] {logging_mixin.py:190} INFO - [2024-09-02T04:45:25.284+0000] {dag.py:3211} INFO - Sync 1 DAGs
[2024-09-02T04:45:25.347+0000] {logging_mixin.py:190} INFO - [2024-09-02T04:45:25.346+0000] {dag.py:4138} INFO - Setting next_dagrun for example_task_group to 2024-09-01 00:00:00+00:00, run_after=2024-09-02 00:00:00+00:00
[2024-09-02T04:45:25.390+0000] {processor.py:208} INFO - Processing /home/airflow/.local/lib/python3.12/site-packages/airflow/example_dags/example_task_group.py took 0.192 seconds
[2024-09-02T04:45:55.865+0000] {processor.py:186} INFO - Started process (PID=2434) to work on /home/airflow/.local/lib/python3.12/site-packages/airflow/example_dags/example_task_group.py
[2024-09-02T04:45:55.867+0000] {processor.py:914} INFO - Processing file /home/airflow/.local/lib/python3.12/site-packages/airflow/example_dags/example_task_group.py for tasks to queue
[2024-09-02T04:45:55.872+0000] {logging_mixin.py:190} INFO - [2024-09-02T04:45:55.871+0000] {dagbag.py:587} INFO - Filling up the DagBag from /home/airflow/.local/lib/python3.12/site-packages/airflow/example_dags/example_task_group.py
[2024-09-02T04:45:55.893+0000] {processor.py:925} INFO - DAG(s) 'example_task_group' retrieved from /home/airflow/.local/lib/python3.12/site-packages/airflow/example_dags/example_task_group.py
[2024-09-02T04:45:55.967+0000] {logging_mixin.py:190} INFO - [2024-09-02T04:45:55.966+0000] {dag.py:3211} INFO - Sync 1 DAGs
[2024-09-02T04:45:56.025+0000] {logging_mixin.py:190} INFO - [2024-09-02T04:45:56.025+0000] {dag.py:4138} INFO - Setting next_dagrun for example_task_group to 2024-09-01 00:00:00+00:00, run_after=2024-09-02 00:00:00+00:00
[2024-09-02T04:45:56.064+0000] {processor.py:208} INFO - Processing /home/airflow/.local/lib/python3.12/site-packages/airflow/example_dags/example_task_group.py took 0.211 seconds
[2024-09-02T04:46:27.088+0000] {processor.py:186} INFO - Started process (PID=2498) to work on /home/airflow/.local/lib/python3.12/site-packages/airflow/example_dags/example_task_group.py
[2024-09-02T04:46:27.090+0000] {processor.py:914} INFO - Processing file /home/airflow/.local/lib/python3.12/site-packages/airflow/example_dags/example_task_group.py for tasks to queue
[2024-09-02T04:46:27.096+0000] {logging_mixin.py:190} INFO - [2024-09-02T04:46:27.095+0000] {dagbag.py:587} INFO - Filling up the DagBag from /home/airflow/.local/lib/python3.12/site-packages/airflow/example_dags/example_task_group.py
[2024-09-02T04:46:27.117+0000] {processor.py:925} INFO - DAG(s) 'example_task_group' retrieved from /home/airflow/.local/lib/python3.12/site-packages/airflow/example_dags/example_task_group.py
[2024-09-02T04:46:27.162+0000] {logging_mixin.py:190} INFO - [2024-09-02T04:46:27.161+0000] {dag.py:3211} INFO - Sync 1 DAGs
[2024-09-02T04:46:27.210+0000] {logging_mixin.py:190} INFO - [2024-09-02T04:46:27.209+0000] {dag.py:4138} INFO - Setting next_dagrun for example_task_group to 2024-09-01 00:00:00+00:00, run_after=2024-09-02 00:00:00+00:00
[2024-09-02T04:46:27.245+0000] {processor.py:208} INFO - Processing /home/airflow/.local/lib/python3.12/site-packages/airflow/example_dags/example_task_group.py took 0.170 seconds
[2024-09-02T04:46:57.832+0000] {processor.py:186} INFO - Started process (PID=2560) to work on /home/airflow/.local/lib/python3.12/site-packages/airflow/example_dags/example_task_group.py
[2024-09-02T04:46:57.834+0000] {processor.py:914} INFO - Processing file /home/airflow/.local/lib/python3.12/site-packages/airflow/example_dags/example_task_group.py for tasks to queue
[2024-09-02T04:46:57.848+0000] {logging_mixin.py:190} INFO - [2024-09-02T04:46:57.846+0000] {dagbag.py:587} INFO - Filling up the DagBag from /home/airflow/.local/lib/python3.12/site-packages/airflow/example_dags/example_task_group.py
[2024-09-02T04:46:57.886+0000] {processor.py:925} INFO - DAG(s) 'example_task_group' retrieved from /home/airflow/.local/lib/python3.12/site-packages/airflow/example_dags/example_task_group.py
[2024-09-02T04:46:57.982+0000] {logging_mixin.py:190} INFO - [2024-09-02T04:46:57.982+0000] {dag.py:3211} INFO - Sync 1 DAGs
[2024-09-02T04:46:58.049+0000] {logging_mixin.py:190} INFO - [2024-09-02T04:46:58.048+0000] {dag.py:4138} INFO - Setting next_dagrun for example_task_group to 2024-09-01 00:00:00+00:00, run_after=2024-09-02 00:00:00+00:00
[2024-09-02T04:46:58.100+0000] {processor.py:208} INFO - Processing /home/airflow/.local/lib/python3.12/site-packages/airflow/example_dags/example_task_group.py took 0.295 seconds
