[2024-09-02T04:13:41.363+0000] {processor.py:186} INFO - Started process (PID=86) to work on /home/airflow/.local/lib/python3.12/site-packages/airflow/example_dags/example_sensors.py
[2024-09-02T04:13:41.366+0000] {processor.py:914} INFO - Processing file /home/airflow/.local/lib/python3.12/site-packages/airflow/example_dags/example_sensors.py for tasks to queue
[2024-09-02T04:13:41.390+0000] {logging_mixin.py:190} INFO - [2024-09-02T04:13:41.389+0000] {dagbag.py:587} INFO - Filling up the DagBag from /home/airflow/.local/lib/python3.12/site-packages/airflow/example_dags/example_sensors.py
[2024-09-02T04:13:41.519+0000] {processor.py:925} INFO - DAG(s) 'example_sensors' retrieved from /home/airflow/.local/lib/python3.12/site-packages/airflow/example_dags/example_sensors.py
[2024-09-02T04:13:42.692+0000] {logging_mixin.py:190} INFO - [2024-09-02T04:13:42.691+0000] {override.py:1858} INFO - Created Permission View: can read on DAG:example_sensors
[2024-09-02T04:13:42.751+0000] {logging_mixin.py:190} INFO - [2024-09-02T04:13:42.750+0000] {override.py:1858} INFO - Created Permission View: can delete on DAG:example_sensors
[2024-09-02T04:13:42.802+0000] {logging_mixin.py:190} INFO - [2024-09-02T04:13:42.800+0000] {override.py:1858} INFO - Created Permission View: can edit on DAG:example_sensors
[2024-09-02T04:13:42.816+0000] {logging_mixin.py:190} INFO - [2024-09-02T04:13:42.816+0000] {dag.py:3211} INFO - Sync 1 DAGs
[2024-09-02T04:13:42.880+0000] {logging_mixin.py:190} INFO - [2024-09-02T04:13:42.879+0000] {dag.py:3234} INFO - Creating ORM DAG for example_sensors
[2024-09-02T04:13:42.887+0000] {logging_mixin.py:190} INFO - [2024-09-02T04:13:42.886+0000] {dag.py:4138} INFO - Setting next_dagrun for example_sensors to None, run_after=None
[2024-09-02T04:13:42.991+0000] {processor.py:208} INFO - Processing /home/airflow/.local/lib/python3.12/site-packages/airflow/example_dags/example_sensors.py took 1.736 seconds
[2024-09-02T04:14:13.364+0000] {processor.py:186} INFO - Started process (PID=149) to work on /home/airflow/.local/lib/python3.12/site-packages/airflow/example_dags/example_sensors.py
[2024-09-02T04:14:13.369+0000] {processor.py:914} INFO - Processing file /home/airflow/.local/lib/python3.12/site-packages/airflow/example_dags/example_sensors.py for tasks to queue
[2024-09-02T04:14:13.374+0000] {logging_mixin.py:190} INFO - [2024-09-02T04:14:13.373+0000] {dagbag.py:587} INFO - Filling up the DagBag from /home/airflow/.local/lib/python3.12/site-packages/airflow/example_dags/example_sensors.py
[2024-09-02T04:14:13.410+0000] {processor.py:925} INFO - DAG(s) 'example_sensors' retrieved from /home/airflow/.local/lib/python3.12/site-packages/airflow/example_dags/example_sensors.py
[2024-09-02T04:14:13.499+0000] {logging_mixin.py:190} INFO - [2024-09-02T04:14:13.497+0000] {dag.py:3211} INFO - Sync 1 DAGs
[2024-09-02T04:14:13.550+0000] {logging_mixin.py:190} INFO - [2024-09-02T04:14:13.550+0000] {dag.py:4138} INFO - Setting next_dagrun for example_sensors to None, run_after=None
[2024-09-02T04:14:13.612+0000] {processor.py:208} INFO - Processing /home/airflow/.local/lib/python3.12/site-packages/airflow/example_dags/example_sensors.py took 0.267 seconds
[2024-09-02T04:14:43.712+0000] {processor.py:186} INFO - Started process (PID=212) to work on /home/airflow/.local/lib/python3.12/site-packages/airflow/example_dags/example_sensors.py
[2024-09-02T04:14:43.714+0000] {processor.py:914} INFO - Processing file /home/airflow/.local/lib/python3.12/site-packages/airflow/example_dags/example_sensors.py for tasks to queue
[2024-09-02T04:14:43.720+0000] {logging_mixin.py:190} INFO - [2024-09-02T04:14:43.719+0000] {dagbag.py:587} INFO - Filling up the DagBag from /home/airflow/.local/lib/python3.12/site-packages/airflow/example_dags/example_sensors.py
[2024-09-02T04:14:43.742+0000] {processor.py:925} INFO - DAG(s) 'example_sensors' retrieved from /home/airflow/.local/lib/python3.12/site-packages/airflow/example_dags/example_sensors.py
[2024-09-02T04:14:43.793+0000] {logging_mixin.py:190} INFO - [2024-09-02T04:14:43.792+0000] {dag.py:3211} INFO - Sync 1 DAGs
[2024-09-02T04:14:43.820+0000] {logging_mixin.py:190} INFO - [2024-09-02T04:14:43.820+0000] {dag.py:4138} INFO - Setting next_dagrun for example_sensors to None, run_after=None
[2024-09-02T04:14:43.856+0000] {processor.py:208} INFO - Processing /home/airflow/.local/lib/python3.12/site-packages/airflow/example_dags/example_sensors.py took 0.157 seconds
[2024-09-02T04:15:14.626+0000] {processor.py:186} INFO - Started process (PID=275) to work on /home/airflow/.local/lib/python3.12/site-packages/airflow/example_dags/example_sensors.py
[2024-09-02T04:15:14.629+0000] {processor.py:914} INFO - Processing file /home/airflow/.local/lib/python3.12/site-packages/airflow/example_dags/example_sensors.py for tasks to queue
[2024-09-02T04:15:14.637+0000] {logging_mixin.py:190} INFO - [2024-09-02T04:15:14.636+0000] {dagbag.py:587} INFO - Filling up the DagBag from /home/airflow/.local/lib/python3.12/site-packages/airflow/example_dags/example_sensors.py
[2024-09-02T04:15:14.677+0000] {processor.py:925} INFO - DAG(s) 'example_sensors' retrieved from /home/airflow/.local/lib/python3.12/site-packages/airflow/example_dags/example_sensors.py
[2024-09-02T04:15:14.783+0000] {logging_mixin.py:190} INFO - [2024-09-02T04:15:14.782+0000] {dag.py:3211} INFO - Sync 1 DAGs
[2024-09-02T04:15:14.821+0000] {logging_mixin.py:190} INFO - [2024-09-02T04:15:14.821+0000] {dag.py:4138} INFO - Setting next_dagrun for example_sensors to None, run_after=None
[2024-09-02T04:15:14.862+0000] {processor.py:208} INFO - Processing /home/airflow/.local/lib/python3.12/site-packages/airflow/example_dags/example_sensors.py took 0.253 seconds
[2024-09-02T04:15:45.604+0000] {processor.py:186} INFO - Started process (PID=338) to work on /home/airflow/.local/lib/python3.12/site-packages/airflow/example_dags/example_sensors.py
[2024-09-02T04:15:45.607+0000] {processor.py:914} INFO - Processing file /home/airflow/.local/lib/python3.12/site-packages/airflow/example_dags/example_sensors.py for tasks to queue
[2024-09-02T04:15:45.618+0000] {logging_mixin.py:190} INFO - [2024-09-02T04:15:45.618+0000] {dagbag.py:587} INFO - Filling up the DagBag from /home/airflow/.local/lib/python3.12/site-packages/airflow/example_dags/example_sensors.py
[2024-09-02T04:15:45.642+0000] {processor.py:925} INFO - DAG(s) 'example_sensors' retrieved from /home/airflow/.local/lib/python3.12/site-packages/airflow/example_dags/example_sensors.py
[2024-09-02T04:15:45.690+0000] {logging_mixin.py:190} INFO - [2024-09-02T04:15:45.689+0000] {dag.py:3211} INFO - Sync 1 DAGs
[2024-09-02T04:15:45.724+0000] {logging_mixin.py:190} INFO - [2024-09-02T04:15:45.724+0000] {dag.py:4138} INFO - Setting next_dagrun for example_sensors to None, run_after=None
[2024-09-02T04:15:45.758+0000] {processor.py:208} INFO - Processing /home/airflow/.local/lib/python3.12/site-packages/airflow/example_dags/example_sensors.py took 0.165 seconds
[2024-09-02T04:16:16.425+0000] {processor.py:186} INFO - Started process (PID=402) to work on /home/airflow/.local/lib/python3.12/site-packages/airflow/example_dags/example_sensors.py
[2024-09-02T04:16:16.431+0000] {processor.py:914} INFO - Processing file /home/airflow/.local/lib/python3.12/site-packages/airflow/example_dags/example_sensors.py for tasks to queue
[2024-09-02T04:16:16.443+0000] {logging_mixin.py:190} INFO - [2024-09-02T04:16:16.442+0000] {dagbag.py:587} INFO - Filling up the DagBag from /home/airflow/.local/lib/python3.12/site-packages/airflow/example_dags/example_sensors.py
[2024-09-02T04:16:16.480+0000] {processor.py:925} INFO - DAG(s) 'example_sensors' retrieved from /home/airflow/.local/lib/python3.12/site-packages/airflow/example_dags/example_sensors.py
[2024-09-02T04:16:16.592+0000] {logging_mixin.py:190} INFO - [2024-09-02T04:16:16.591+0000] {dag.py:3211} INFO - Sync 1 DAGs
[2024-09-02T04:16:16.631+0000] {logging_mixin.py:190} INFO - [2024-09-02T04:16:16.630+0000] {dag.py:4138} INFO - Setting next_dagrun for example_sensors to None, run_after=None
[2024-09-02T04:16:16.687+0000] {processor.py:208} INFO - Processing /home/airflow/.local/lib/python3.12/site-packages/airflow/example_dags/example_sensors.py took 0.283 seconds
[2024-09-02T04:16:47.428+0000] {processor.py:186} INFO - Started process (PID=470) to work on /home/airflow/.local/lib/python3.12/site-packages/airflow/example_dags/example_sensors.py
[2024-09-02T04:16:47.430+0000] {processor.py:914} INFO - Processing file /home/airflow/.local/lib/python3.12/site-packages/airflow/example_dags/example_sensors.py for tasks to queue
[2024-09-02T04:16:47.439+0000] {logging_mixin.py:190} INFO - [2024-09-02T04:16:47.438+0000] {dagbag.py:587} INFO - Filling up the DagBag from /home/airflow/.local/lib/python3.12/site-packages/airflow/example_dags/example_sensors.py
[2024-09-02T04:16:47.469+0000] {processor.py:925} INFO - DAG(s) 'example_sensors' retrieved from /home/airflow/.local/lib/python3.12/site-packages/airflow/example_dags/example_sensors.py
[2024-09-02T04:16:47.560+0000] {logging_mixin.py:190} INFO - [2024-09-02T04:16:47.559+0000] {dag.py:3211} INFO - Sync 1 DAGs
[2024-09-02T04:16:47.626+0000] {logging_mixin.py:190} INFO - [2024-09-02T04:16:47.625+0000] {dag.py:4138} INFO - Setting next_dagrun for example_sensors to None, run_after=None
[2024-09-02T04:16:47.699+0000] {processor.py:208} INFO - Processing /home/airflow/.local/lib/python3.12/site-packages/airflow/example_dags/example_sensors.py took 0.286 seconds
[2024-09-02T04:17:18.261+0000] {processor.py:186} INFO - Started process (PID=533) to work on /home/airflow/.local/lib/python3.12/site-packages/airflow/example_dags/example_sensors.py
[2024-09-02T04:17:18.263+0000] {processor.py:914} INFO - Processing file /home/airflow/.local/lib/python3.12/site-packages/airflow/example_dags/example_sensors.py for tasks to queue
[2024-09-02T04:17:18.268+0000] {logging_mixin.py:190} INFO - [2024-09-02T04:17:18.267+0000] {dagbag.py:587} INFO - Filling up the DagBag from /home/airflow/.local/lib/python3.12/site-packages/airflow/example_dags/example_sensors.py
[2024-09-02T04:17:18.292+0000] {processor.py:925} INFO - DAG(s) 'example_sensors' retrieved from /home/airflow/.local/lib/python3.12/site-packages/airflow/example_dags/example_sensors.py
[2024-09-02T04:17:18.346+0000] {logging_mixin.py:190} INFO - [2024-09-02T04:17:18.345+0000] {dag.py:3211} INFO - Sync 1 DAGs
[2024-09-02T04:17:18.375+0000] {logging_mixin.py:190} INFO - [2024-09-02T04:17:18.375+0000] {dag.py:4138} INFO - Setting next_dagrun for example_sensors to None, run_after=None
[2024-09-02T04:17:18.415+0000] {processor.py:208} INFO - Processing /home/airflow/.local/lib/python3.12/site-packages/airflow/example_dags/example_sensors.py took 0.168 seconds
[2024-09-02T04:17:49.052+0000] {processor.py:186} INFO - Started process (PID=596) to work on /home/airflow/.local/lib/python3.12/site-packages/airflow/example_dags/example_sensors.py
[2024-09-02T04:17:49.054+0000] {processor.py:914} INFO - Processing file /home/airflow/.local/lib/python3.12/site-packages/airflow/example_dags/example_sensors.py for tasks to queue
[2024-09-02T04:17:49.058+0000] {logging_mixin.py:190} INFO - [2024-09-02T04:17:49.058+0000] {dagbag.py:587} INFO - Filling up the DagBag from /home/airflow/.local/lib/python3.12/site-packages/airflow/example_dags/example_sensors.py
[2024-09-02T04:17:49.078+0000] {processor.py:925} INFO - DAG(s) 'example_sensors' retrieved from /home/airflow/.local/lib/python3.12/site-packages/airflow/example_dags/example_sensors.py
[2024-09-02T04:17:49.126+0000] {logging_mixin.py:190} INFO - [2024-09-02T04:17:49.125+0000] {dag.py:3211} INFO - Sync 1 DAGs
[2024-09-02T04:17:49.156+0000] {logging_mixin.py:190} INFO - [2024-09-02T04:17:49.155+0000] {dag.py:4138} INFO - Setting next_dagrun for example_sensors to None, run_after=None
[2024-09-02T04:17:49.188+0000] {processor.py:208} INFO - Processing /home/airflow/.local/lib/python3.12/site-packages/airflow/example_dags/example_sensors.py took 0.147 seconds
[2024-09-02T04:18:19.261+0000] {processor.py:186} INFO - Started process (PID=659) to work on /home/airflow/.local/lib/python3.12/site-packages/airflow/example_dags/example_sensors.py
[2024-09-02T04:18:19.263+0000] {processor.py:914} INFO - Processing file /home/airflow/.local/lib/python3.12/site-packages/airflow/example_dags/example_sensors.py for tasks to queue
[2024-09-02T04:18:19.269+0000] {logging_mixin.py:190} INFO - [2024-09-02T04:18:19.268+0000] {dagbag.py:587} INFO - Filling up the DagBag from /home/airflow/.local/lib/python3.12/site-packages/airflow/example_dags/example_sensors.py
[2024-09-02T04:18:19.298+0000] {processor.py:925} INFO - DAG(s) 'example_sensors' retrieved from /home/airflow/.local/lib/python3.12/site-packages/airflow/example_dags/example_sensors.py
[2024-09-02T04:18:19.351+0000] {logging_mixin.py:190} INFO - [2024-09-02T04:18:19.350+0000] {dag.py:3211} INFO - Sync 1 DAGs
[2024-09-02T04:18:19.391+0000] {logging_mixin.py:190} INFO - [2024-09-02T04:18:19.391+0000] {dag.py:4138} INFO - Setting next_dagrun for example_sensors to None, run_after=None
[2024-09-02T04:18:19.429+0000] {processor.py:208} INFO - Processing /home/airflow/.local/lib/python3.12/site-packages/airflow/example_dags/example_sensors.py took 0.183 seconds
[2024-09-02T04:18:50.104+0000] {processor.py:186} INFO - Started process (PID=722) to work on /home/airflow/.local/lib/python3.12/site-packages/airflow/example_dags/example_sensors.py
[2024-09-02T04:18:50.106+0000] {processor.py:914} INFO - Processing file /home/airflow/.local/lib/python3.12/site-packages/airflow/example_dags/example_sensors.py for tasks to queue
[2024-09-02T04:18:50.111+0000] {logging_mixin.py:190} INFO - [2024-09-02T04:18:50.111+0000] {dagbag.py:587} INFO - Filling up the DagBag from /home/airflow/.local/lib/python3.12/site-packages/airflow/example_dags/example_sensors.py
[2024-09-02T04:18:50.131+0000] {processor.py:925} INFO - DAG(s) 'example_sensors' retrieved from /home/airflow/.local/lib/python3.12/site-packages/airflow/example_dags/example_sensors.py
[2024-09-02T04:18:50.178+0000] {logging_mixin.py:190} INFO - [2024-09-02T04:18:50.178+0000] {dag.py:3211} INFO - Sync 1 DAGs
[2024-09-02T04:18:50.207+0000] {logging_mixin.py:190} INFO - [2024-09-02T04:18:50.207+0000] {dag.py:4138} INFO - Setting next_dagrun for example_sensors to None, run_after=None
[2024-09-02T04:18:50.240+0000] {processor.py:208} INFO - Processing /home/airflow/.local/lib/python3.12/site-packages/airflow/example_dags/example_sensors.py took 0.149 seconds
[2024-09-02T04:19:20.904+0000] {processor.py:186} INFO - Started process (PID=784) to work on /home/airflow/.local/lib/python3.12/site-packages/airflow/example_dags/example_sensors.py
[2024-09-02T04:19:20.912+0000] {processor.py:914} INFO - Processing file /home/airflow/.local/lib/python3.12/site-packages/airflow/example_dags/example_sensors.py for tasks to queue
[2024-09-02T04:19:20.933+0000] {logging_mixin.py:190} INFO - [2024-09-02T04:19:20.932+0000] {dagbag.py:587} INFO - Filling up the DagBag from /home/airflow/.local/lib/python3.12/site-packages/airflow/example_dags/example_sensors.py
[2024-09-02T04:19:20.984+0000] {processor.py:925} INFO - DAG(s) 'example_sensors' retrieved from /home/airflow/.local/lib/python3.12/site-packages/airflow/example_dags/example_sensors.py
[2024-09-02T04:19:21.069+0000] {logging_mixin.py:190} INFO - [2024-09-02T04:19:21.068+0000] {dag.py:3211} INFO - Sync 1 DAGs
[2024-09-02T04:19:21.118+0000] {logging_mixin.py:190} INFO - [2024-09-02T04:19:21.118+0000] {dag.py:4138} INFO - Setting next_dagrun for example_sensors to None, run_after=None
[2024-09-02T04:19:21.179+0000] {processor.py:208} INFO - Processing /home/airflow/.local/lib/python3.12/site-packages/airflow/example_dags/example_sensors.py took 0.298 seconds
[2024-09-02T04:19:51.710+0000] {processor.py:186} INFO - Started process (PID=847) to work on /home/airflow/.local/lib/python3.12/site-packages/airflow/example_dags/example_sensors.py
[2024-09-02T04:19:51.714+0000] {processor.py:914} INFO - Processing file /home/airflow/.local/lib/python3.12/site-packages/airflow/example_dags/example_sensors.py for tasks to queue
[2024-09-02T04:19:51.728+0000] {logging_mixin.py:190} INFO - [2024-09-02T04:19:51.727+0000] {dagbag.py:587} INFO - Filling up the DagBag from /home/airflow/.local/lib/python3.12/site-packages/airflow/example_dags/example_sensors.py
[2024-09-02T04:19:51.765+0000] {processor.py:925} INFO - DAG(s) 'example_sensors' retrieved from /home/airflow/.local/lib/python3.12/site-packages/airflow/example_dags/example_sensors.py
[2024-09-02T04:19:51.836+0000] {logging_mixin.py:190} INFO - [2024-09-02T04:19:51.835+0000] {dag.py:3211} INFO - Sync 1 DAGs
[2024-09-02T04:19:51.873+0000] {logging_mixin.py:190} INFO - [2024-09-02T04:19:51.872+0000] {dag.py:4138} INFO - Setting next_dagrun for example_sensors to None, run_after=None
[2024-09-02T04:19:51.913+0000] {processor.py:208} INFO - Processing /home/airflow/.local/lib/python3.12/site-packages/airflow/example_dags/example_sensors.py took 0.225 seconds
[2024-09-02T04:20:23.855+0000] {processor.py:186} INFO - Started process (PID=910) to work on /home/airflow/.local/lib/python3.12/site-packages/airflow/example_dags/example_sensors.py
[2024-09-02T04:20:23.860+0000] {processor.py:914} INFO - Processing file /home/airflow/.local/lib/python3.12/site-packages/airflow/example_dags/example_sensors.py for tasks to queue
[2024-09-02T04:20:23.867+0000] {logging_mixin.py:190} INFO - [2024-09-02T04:20:23.866+0000] {dagbag.py:587} INFO - Filling up the DagBag from /home/airflow/.local/lib/python3.12/site-packages/airflow/example_dags/example_sensors.py
[2024-09-02T04:20:23.893+0000] {processor.py:925} INFO - DAG(s) 'example_sensors' retrieved from /home/airflow/.local/lib/python3.12/site-packages/airflow/example_dags/example_sensors.py
[2024-09-02T04:20:23.961+0000] {logging_mixin.py:190} INFO - [2024-09-02T04:20:23.960+0000] {dag.py:3211} INFO - Sync 1 DAGs
[2024-09-02T04:20:23.999+0000] {logging_mixin.py:190} INFO - [2024-09-02T04:20:23.999+0000] {dag.py:4138} INFO - Setting next_dagrun for example_sensors to None, run_after=None
[2024-09-02T04:20:24.056+0000] {processor.py:208} INFO - Processing /home/airflow/.local/lib/python3.12/site-packages/airflow/example_dags/example_sensors.py took 0.216 seconds
[2024-09-02T04:20:54.272+0000] {processor.py:186} INFO - Started process (PID=972) to work on /home/airflow/.local/lib/python3.12/site-packages/airflow/example_dags/example_sensors.py
[2024-09-02T04:20:54.276+0000] {processor.py:914} INFO - Processing file /home/airflow/.local/lib/python3.12/site-packages/airflow/example_dags/example_sensors.py for tasks to queue
[2024-09-02T04:20:54.286+0000] {logging_mixin.py:190} INFO - [2024-09-02T04:20:54.285+0000] {dagbag.py:587} INFO - Filling up the DagBag from /home/airflow/.local/lib/python3.12/site-packages/airflow/example_dags/example_sensors.py
[2024-09-02T04:20:54.341+0000] {processor.py:925} INFO - DAG(s) 'example_sensors' retrieved from /home/airflow/.local/lib/python3.12/site-packages/airflow/example_dags/example_sensors.py
[2024-09-02T04:20:54.447+0000] {logging_mixin.py:190} INFO - [2024-09-02T04:20:54.441+0000] {dag.py:3211} INFO - Sync 1 DAGs
[2024-09-02T04:20:54.498+0000] {logging_mixin.py:190} INFO - [2024-09-02T04:20:54.497+0000] {dag.py:4138} INFO - Setting next_dagrun for example_sensors to None, run_after=None
[2024-09-02T04:20:54.577+0000] {processor.py:208} INFO - Processing /home/airflow/.local/lib/python3.12/site-packages/airflow/example_dags/example_sensors.py took 0.326 seconds
[2024-09-02T04:21:30.997+0000] {processor.py:186} INFO - Started process (PID=1026) to work on /home/airflow/.local/lib/python3.12/site-packages/airflow/example_dags/example_sensors.py
[2024-09-02T04:21:31.012+0000] {processor.py:914} INFO - Processing file /home/airflow/.local/lib/python3.12/site-packages/airflow/example_dags/example_sensors.py for tasks to queue
[2024-09-02T04:21:31.044+0000] {logging_mixin.py:190} INFO - [2024-09-02T04:21:31.043+0000] {dagbag.py:587} INFO - Filling up the DagBag from /home/airflow/.local/lib/python3.12/site-packages/airflow/example_dags/example_sensors.py
[2024-09-02T04:21:31.145+0000] {processor.py:925} INFO - DAG(s) 'example_sensors' retrieved from /home/airflow/.local/lib/python3.12/site-packages/airflow/example_dags/example_sensors.py
[2024-09-02T04:21:31.435+0000] {logging_mixin.py:190} INFO - [2024-09-02T04:21:31.433+0000] {dag.py:3211} INFO - Sync 1 DAGs
[2024-09-02T04:21:31.582+0000] {logging_mixin.py:190} INFO - [2024-09-02T04:21:31.571+0000] {dag.py:4138} INFO - Setting next_dagrun for example_sensors to None, run_after=None
[2024-09-02T04:21:31.734+0000] {processor.py:208} INFO - Processing /home/airflow/.local/lib/python3.12/site-packages/airflow/example_dags/example_sensors.py took 0.774 seconds
[2024-09-02T04:22:02.217+0000] {processor.py:186} INFO - Started process (PID=1089) to work on /home/airflow/.local/lib/python3.12/site-packages/airflow/example_dags/example_sensors.py
[2024-09-02T04:22:02.219+0000] {processor.py:914} INFO - Processing file /home/airflow/.local/lib/python3.12/site-packages/airflow/example_dags/example_sensors.py for tasks to queue
[2024-09-02T04:22:02.225+0000] {logging_mixin.py:190} INFO - [2024-09-02T04:22:02.224+0000] {dagbag.py:587} INFO - Filling up the DagBag from /home/airflow/.local/lib/python3.12/site-packages/airflow/example_dags/example_sensors.py
[2024-09-02T04:22:02.252+0000] {processor.py:925} INFO - DAG(s) 'example_sensors' retrieved from /home/airflow/.local/lib/python3.12/site-packages/airflow/example_dags/example_sensors.py
[2024-09-02T04:22:02.318+0000] {logging_mixin.py:190} INFO - [2024-09-02T04:22:02.318+0000] {dag.py:3211} INFO - Sync 1 DAGs
[2024-09-02T04:22:02.355+0000] {logging_mixin.py:190} INFO - [2024-09-02T04:22:02.354+0000] {dag.py:4138} INFO - Setting next_dagrun for example_sensors to None, run_after=None
[2024-09-02T04:22:02.404+0000] {processor.py:208} INFO - Processing /home/airflow/.local/lib/python3.12/site-packages/airflow/example_dags/example_sensors.py took 0.202 seconds
[2024-09-02T04:23:03.290+0000] {processor.py:186} INFO - Started process (PID=1158) to work on /home/airflow/.local/lib/python3.12/site-packages/airflow/example_dags/example_sensors.py
[2024-09-02T04:23:03.312+0000] {processor.py:914} INFO - Processing file /home/airflow/.local/lib/python3.12/site-packages/airflow/example_dags/example_sensors.py for tasks to queue
[2024-09-02T04:23:03.322+0000] {logging_mixin.py:190} INFO - [2024-09-02T04:23:03.320+0000] {dagbag.py:587} INFO - Filling up the DagBag from /home/airflow/.local/lib/python3.12/site-packages/airflow/example_dags/example_sensors.py
[2024-09-02T04:23:03.433+0000] {processor.py:925} INFO - DAG(s) 'example_sensors' retrieved from /home/airflow/.local/lib/python3.12/site-packages/airflow/example_dags/example_sensors.py
[2024-09-02T04:23:03.690+0000] {logging_mixin.py:190} INFO - [2024-09-02T04:23:03.689+0000] {dag.py:3211} INFO - Sync 1 DAGs
[2024-09-02T04:23:03.801+0000] {logging_mixin.py:190} INFO - [2024-09-02T04:23:03.800+0000] {dag.py:4138} INFO - Setting next_dagrun for example_sensors to None, run_after=None
[2024-09-02T04:23:04.098+0000] {processor.py:208} INFO - Processing /home/airflow/.local/lib/python3.12/site-packages/airflow/example_dags/example_sensors.py took 0.832 seconds
[2024-09-02T04:26:02.689+0000] {processor.py:186} INFO - Started process (PID=71) to work on /home/airflow/.local/lib/python3.12/site-packages/airflow/example_dags/example_sensors.py
[2024-09-02T04:26:02.723+0000] {processor.py:914} INFO - Processing file /home/airflow/.local/lib/python3.12/site-packages/airflow/example_dags/example_sensors.py for tasks to queue
[2024-09-02T04:26:02.758+0000] {logging_mixin.py:190} INFO - [2024-09-02T04:26:02.757+0000] {dagbag.py:587} INFO - Filling up the DagBag from /home/airflow/.local/lib/python3.12/site-packages/airflow/example_dags/example_sensors.py
[2024-09-02T04:26:02.985+0000] {processor.py:925} INFO - DAG(s) 'example_sensors' retrieved from /home/airflow/.local/lib/python3.12/site-packages/airflow/example_dags/example_sensors.py
[2024-09-02T04:26:03.305+0000] {logging_mixin.py:190} INFO - [2024-09-02T04:26:03.305+0000] {dag.py:3211} INFO - Sync 1 DAGs
[2024-09-02T04:26:03.492+0000] {logging_mixin.py:190} INFO - [2024-09-02T04:26:03.492+0000] {dag.py:4138} INFO - Setting next_dagrun for example_sensors to None, run_after=None
[2024-09-02T04:26:03.730+0000] {processor.py:208} INFO - Processing /home/airflow/.local/lib/python3.12/site-packages/airflow/example_dags/example_sensors.py took 1.105 seconds
[2024-09-02T04:26:57.659+0000] {processor.py:186} INFO - Started process (PID=138) to work on /home/airflow/.local/lib/python3.12/site-packages/airflow/example_dags/example_sensors.py
[2024-09-02T04:26:57.662+0000] {processor.py:914} INFO - Processing file /home/airflow/.local/lib/python3.12/site-packages/airflow/example_dags/example_sensors.py for tasks to queue
[2024-09-02T04:26:57.693+0000] {logging_mixin.py:190} INFO - [2024-09-02T04:26:57.692+0000] {dagbag.py:587} INFO - Filling up the DagBag from /home/airflow/.local/lib/python3.12/site-packages/airflow/example_dags/example_sensors.py
[2024-09-02T04:26:57.934+0000] {processor.py:925} INFO - DAG(s) 'example_sensors' retrieved from /home/airflow/.local/lib/python3.12/site-packages/airflow/example_dags/example_sensors.py
[2024-09-02T04:26:58.566+0000] {logging_mixin.py:190} INFO - [2024-09-02T04:26:58.533+0000] {dag.py:3211} INFO - Sync 1 DAGs
[2024-09-02T04:26:58.982+0000] {logging_mixin.py:190} INFO - [2024-09-02T04:26:58.982+0000] {dag.py:4138} INFO - Setting next_dagrun for example_sensors to None, run_after=None
[2024-09-02T04:26:59.391+0000] {processor.py:208} INFO - Processing /home/airflow/.local/lib/python3.12/site-packages/airflow/example_dags/example_sensors.py took 1.823 seconds
[2024-09-02T04:27:29.642+0000] {processor.py:186} INFO - Started process (PID=201) to work on /home/airflow/.local/lib/python3.12/site-packages/airflow/example_dags/example_sensors.py
[2024-09-02T04:27:29.644+0000] {processor.py:914} INFO - Processing file /home/airflow/.local/lib/python3.12/site-packages/airflow/example_dags/example_sensors.py for tasks to queue
[2024-09-02T04:27:29.649+0000] {logging_mixin.py:190} INFO - [2024-09-02T04:27:29.649+0000] {dagbag.py:587} INFO - Filling up the DagBag from /home/airflow/.local/lib/python3.12/site-packages/airflow/example_dags/example_sensors.py
[2024-09-02T04:27:29.674+0000] {processor.py:925} INFO - DAG(s) 'example_sensors' retrieved from /home/airflow/.local/lib/python3.12/site-packages/airflow/example_dags/example_sensors.py
[2024-09-02T04:27:29.736+0000] {logging_mixin.py:190} INFO - [2024-09-02T04:27:29.735+0000] {dag.py:3211} INFO - Sync 1 DAGs
[2024-09-02T04:27:29.779+0000] {logging_mixin.py:190} INFO - [2024-09-02T04:27:29.778+0000] {dag.py:4138} INFO - Setting next_dagrun for example_sensors to None, run_after=None
[2024-09-02T04:27:29.829+0000] {processor.py:208} INFO - Processing /home/airflow/.local/lib/python3.12/site-packages/airflow/example_dags/example_sensors.py took 0.200 seconds
[2024-09-02T04:28:00.597+0000] {processor.py:186} INFO - Started process (PID=264) to work on /home/airflow/.local/lib/python3.12/site-packages/airflow/example_dags/example_sensors.py
[2024-09-02T04:28:00.614+0000] {processor.py:914} INFO - Processing file /home/airflow/.local/lib/python3.12/site-packages/airflow/example_dags/example_sensors.py for tasks to queue
[2024-09-02T04:28:00.629+0000] {logging_mixin.py:190} INFO - [2024-09-02T04:28:00.628+0000] {dagbag.py:587} INFO - Filling up the DagBag from /home/airflow/.local/lib/python3.12/site-packages/airflow/example_dags/example_sensors.py
[2024-09-02T04:28:00.695+0000] {processor.py:925} INFO - DAG(s) 'example_sensors' retrieved from /home/airflow/.local/lib/python3.12/site-packages/airflow/example_dags/example_sensors.py
[2024-09-02T04:28:00.854+0000] {logging_mixin.py:190} INFO - [2024-09-02T04:28:00.853+0000] {dag.py:3211} INFO - Sync 1 DAGs
[2024-09-02T04:28:00.933+0000] {logging_mixin.py:190} INFO - [2024-09-02T04:28:00.933+0000] {dag.py:4138} INFO - Setting next_dagrun for example_sensors to None, run_after=None
[2024-09-02T04:28:01.006+0000] {processor.py:208} INFO - Processing /home/airflow/.local/lib/python3.12/site-packages/airflow/example_dags/example_sensors.py took 0.444 seconds
[2024-09-02T04:28:31.497+0000] {processor.py:186} INFO - Started process (PID=327) to work on /home/airflow/.local/lib/python3.12/site-packages/airflow/example_dags/example_sensors.py
[2024-09-02T04:28:31.499+0000] {processor.py:914} INFO - Processing file /home/airflow/.local/lib/python3.12/site-packages/airflow/example_dags/example_sensors.py for tasks to queue
[2024-09-02T04:28:31.505+0000] {logging_mixin.py:190} INFO - [2024-09-02T04:28:31.504+0000] {dagbag.py:587} INFO - Filling up the DagBag from /home/airflow/.local/lib/python3.12/site-packages/airflow/example_dags/example_sensors.py
[2024-09-02T04:28:31.536+0000] {processor.py:925} INFO - DAG(s) 'example_sensors' retrieved from /home/airflow/.local/lib/python3.12/site-packages/airflow/example_dags/example_sensors.py
[2024-09-02T04:28:31.616+0000] {logging_mixin.py:190} INFO - [2024-09-02T04:28:31.616+0000] {dag.py:3211} INFO - Sync 1 DAGs
[2024-09-02T04:28:31.656+0000] {logging_mixin.py:190} INFO - [2024-09-02T04:28:31.656+0000] {dag.py:4138} INFO - Setting next_dagrun for example_sensors to None, run_after=None
[2024-09-02T04:28:31.698+0000] {processor.py:208} INFO - Processing /home/airflow/.local/lib/python3.12/site-packages/airflow/example_dags/example_sensors.py took 0.215 seconds
[2024-09-02T04:29:03.160+0000] {processor.py:186} INFO - Started process (PID=391) to work on /home/airflow/.local/lib/python3.12/site-packages/airflow/example_dags/example_sensors.py
[2024-09-02T04:29:03.161+0000] {processor.py:914} INFO - Processing file /home/airflow/.local/lib/python3.12/site-packages/airflow/example_dags/example_sensors.py for tasks to queue
[2024-09-02T04:29:03.177+0000] {logging_mixin.py:190} INFO - [2024-09-02T04:29:03.176+0000] {dagbag.py:587} INFO - Filling up the DagBag from /home/airflow/.local/lib/python3.12/site-packages/airflow/example_dags/example_sensors.py
[2024-09-02T04:29:03.230+0000] {processor.py:925} INFO - DAG(s) 'example_sensors' retrieved from /home/airflow/.local/lib/python3.12/site-packages/airflow/example_dags/example_sensors.py
[2024-09-02T04:29:03.379+0000] {logging_mixin.py:190} INFO - [2024-09-02T04:29:03.378+0000] {dag.py:3211} INFO - Sync 1 DAGs
[2024-09-02T04:29:03.461+0000] {logging_mixin.py:190} INFO - [2024-09-02T04:29:03.460+0000] {dag.py:4138} INFO - Setting next_dagrun for example_sensors to None, run_after=None
[2024-09-02T04:29:03.594+0000] {processor.py:208} INFO - Processing /home/airflow/.local/lib/python3.12/site-packages/airflow/example_dags/example_sensors.py took 0.478 seconds
[2024-09-02T04:29:33.700+0000] {processor.py:186} INFO - Started process (PID=454) to work on /home/airflow/.local/lib/python3.12/site-packages/airflow/example_dags/example_sensors.py
[2024-09-02T04:29:33.702+0000] {processor.py:914} INFO - Processing file /home/airflow/.local/lib/python3.12/site-packages/airflow/example_dags/example_sensors.py for tasks to queue
[2024-09-02T04:29:33.708+0000] {logging_mixin.py:190} INFO - [2024-09-02T04:29:33.707+0000] {dagbag.py:587} INFO - Filling up the DagBag from /home/airflow/.local/lib/python3.12/site-packages/airflow/example_dags/example_sensors.py
[2024-09-02T04:29:33.735+0000] {processor.py:925} INFO - DAG(s) 'example_sensors' retrieved from /home/airflow/.local/lib/python3.12/site-packages/airflow/example_dags/example_sensors.py
[2024-09-02T04:29:33.792+0000] {logging_mixin.py:190} INFO - [2024-09-02T04:29:33.792+0000] {dag.py:3211} INFO - Sync 1 DAGs
[2024-09-02T04:29:33.826+0000] {logging_mixin.py:190} INFO - [2024-09-02T04:29:33.826+0000] {dag.py:4138} INFO - Setting next_dagrun for example_sensors to None, run_after=None
[2024-09-02T04:29:33.873+0000] {processor.py:208} INFO - Processing /home/airflow/.local/lib/python3.12/site-packages/airflow/example_dags/example_sensors.py took 0.187 seconds
[2024-09-02T04:30:04.224+0000] {processor.py:186} INFO - Started process (PID=517) to work on /home/airflow/.local/lib/python3.12/site-packages/airflow/example_dags/example_sensors.py
[2024-09-02T04:30:04.226+0000] {processor.py:914} INFO - Processing file /home/airflow/.local/lib/python3.12/site-packages/airflow/example_dags/example_sensors.py for tasks to queue
[2024-09-02T04:30:04.231+0000] {logging_mixin.py:190} INFO - [2024-09-02T04:30:04.231+0000] {dagbag.py:587} INFO - Filling up the DagBag from /home/airflow/.local/lib/python3.12/site-packages/airflow/example_dags/example_sensors.py
[2024-09-02T04:30:04.254+0000] {processor.py:925} INFO - DAG(s) 'example_sensors' retrieved from /home/airflow/.local/lib/python3.12/site-packages/airflow/example_dags/example_sensors.py
[2024-09-02T04:30:04.309+0000] {logging_mixin.py:190} INFO - [2024-09-02T04:30:04.309+0000] {dag.py:3211} INFO - Sync 1 DAGs
[2024-09-02T04:30:04.340+0000] {logging_mixin.py:190} INFO - [2024-09-02T04:30:04.339+0000] {dag.py:4138} INFO - Setting next_dagrun for example_sensors to None, run_after=None
[2024-09-02T04:30:04.380+0000] {processor.py:208} INFO - Processing /home/airflow/.local/lib/python3.12/site-packages/airflow/example_dags/example_sensors.py took 0.169 seconds
[2024-09-02T04:30:35.216+0000] {processor.py:186} INFO - Started process (PID=581) to work on /home/airflow/.local/lib/python3.12/site-packages/airflow/example_dags/example_sensors.py
[2024-09-02T04:30:35.224+0000] {processor.py:914} INFO - Processing file /home/airflow/.local/lib/python3.12/site-packages/airflow/example_dags/example_sensors.py for tasks to queue
[2024-09-02T04:30:35.230+0000] {logging_mixin.py:190} INFO - [2024-09-02T04:30:35.229+0000] {dagbag.py:587} INFO - Filling up the DagBag from /home/airflow/.local/lib/python3.12/site-packages/airflow/example_dags/example_sensors.py
[2024-09-02T04:30:35.301+0000] {processor.py:925} INFO - DAG(s) 'example_sensors' retrieved from /home/airflow/.local/lib/python3.12/site-packages/airflow/example_dags/example_sensors.py
[2024-09-02T04:30:35.424+0000] {logging_mixin.py:190} INFO - [2024-09-02T04:30:35.423+0000] {dag.py:3211} INFO - Sync 1 DAGs
[2024-09-02T04:30:35.493+0000] {logging_mixin.py:190} INFO - [2024-09-02T04:30:35.492+0000] {dag.py:4138} INFO - Setting next_dagrun for example_sensors to None, run_after=None
[2024-09-02T04:30:35.581+0000] {processor.py:208} INFO - Processing /home/airflow/.local/lib/python3.12/site-packages/airflow/example_dags/example_sensors.py took 0.380 seconds
[2024-09-02T04:31:09.928+0000] {processor.py:186} INFO - Started process (PID=649) to work on /home/airflow/.local/lib/python3.12/site-packages/airflow/example_dags/example_sensors.py
[2024-09-02T04:31:09.960+0000] {processor.py:914} INFO - Processing file /home/airflow/.local/lib/python3.12/site-packages/airflow/example_dags/example_sensors.py for tasks to queue
[2024-09-02T04:31:09.978+0000] {logging_mixin.py:190} INFO - [2024-09-02T04:31:09.977+0000] {dagbag.py:587} INFO - Filling up the DagBag from /home/airflow/.local/lib/python3.12/site-packages/airflow/example_dags/example_sensors.py
[2024-09-02T04:31:10.055+0000] {processor.py:925} INFO - DAG(s) 'example_sensors' retrieved from /home/airflow/.local/lib/python3.12/site-packages/airflow/example_dags/example_sensors.py
[2024-09-02T04:31:10.301+0000] {logging_mixin.py:190} INFO - [2024-09-02T04:31:10.301+0000] {dag.py:3211} INFO - Sync 1 DAGs
[2024-09-02T04:31:10.386+0000] {logging_mixin.py:190} INFO - [2024-09-02T04:31:10.385+0000] {dag.py:4138} INFO - Setting next_dagrun for example_sensors to None, run_after=None
[2024-09-02T04:31:10.538+0000] {processor.py:208} INFO - Processing /home/airflow/.local/lib/python3.12/site-packages/airflow/example_dags/example_sensors.py took 0.634 seconds
[2024-09-02T04:31:41.584+0000] {processor.py:186} INFO - Started process (PID=712) to work on /home/airflow/.local/lib/python3.12/site-packages/airflow/example_dags/example_sensors.py
[2024-09-02T04:31:41.587+0000] {processor.py:914} INFO - Processing file /home/airflow/.local/lib/python3.12/site-packages/airflow/example_dags/example_sensors.py for tasks to queue
[2024-09-02T04:31:41.604+0000] {logging_mixin.py:190} INFO - [2024-09-02T04:31:41.603+0000] {dagbag.py:587} INFO - Filling up the DagBag from /home/airflow/.local/lib/python3.12/site-packages/airflow/example_dags/example_sensors.py
[2024-09-02T04:31:41.663+0000] {processor.py:925} INFO - DAG(s) 'example_sensors' retrieved from /home/airflow/.local/lib/python3.12/site-packages/airflow/example_dags/example_sensors.py
[2024-09-02T04:31:41.885+0000] {logging_mixin.py:190} INFO - [2024-09-02T04:31:41.884+0000] {dag.py:3211} INFO - Sync 1 DAGs
[2024-09-02T04:31:41.969+0000] {logging_mixin.py:190} INFO - [2024-09-02T04:31:41.969+0000] {dag.py:4138} INFO - Setting next_dagrun for example_sensors to None, run_after=None
[2024-09-02T04:31:42.162+0000] {processor.py:208} INFO - Processing /home/airflow/.local/lib/python3.12/site-packages/airflow/example_dags/example_sensors.py took 0.615 seconds
[2024-09-02T04:32:13.296+0000] {processor.py:186} INFO - Started process (PID=775) to work on /home/airflow/.local/lib/python3.12/site-packages/airflow/example_dags/example_sensors.py
[2024-09-02T04:32:13.304+0000] {processor.py:914} INFO - Processing file /home/airflow/.local/lib/python3.12/site-packages/airflow/example_dags/example_sensors.py for tasks to queue
[2024-09-02T04:32:13.311+0000] {logging_mixin.py:190} INFO - [2024-09-02T04:32:13.310+0000] {dagbag.py:587} INFO - Filling up the DagBag from /home/airflow/.local/lib/python3.12/site-packages/airflow/example_dags/example_sensors.py
[2024-09-02T04:32:13.377+0000] {processor.py:925} INFO - DAG(s) 'example_sensors' retrieved from /home/airflow/.local/lib/python3.12/site-packages/airflow/example_dags/example_sensors.py
[2024-09-02T04:32:13.601+0000] {logging_mixin.py:190} INFO - [2024-09-02T04:32:13.601+0000] {dag.py:3211} INFO - Sync 1 DAGs
[2024-09-02T04:32:13.714+0000] {logging_mixin.py:190} INFO - [2024-09-02T04:32:13.703+0000] {dag.py:4138} INFO - Setting next_dagrun for example_sensors to None, run_after=None
[2024-09-02T04:32:13.818+0000] {processor.py:208} INFO - Processing /home/airflow/.local/lib/python3.12/site-packages/airflow/example_dags/example_sensors.py took 0.562 seconds
[2024-09-02T04:32:44.793+0000] {processor.py:186} INFO - Started process (PID=838) to work on /home/airflow/.local/lib/python3.12/site-packages/airflow/example_dags/example_sensors.py
[2024-09-02T04:32:44.795+0000] {processor.py:914} INFO - Processing file /home/airflow/.local/lib/python3.12/site-packages/airflow/example_dags/example_sensors.py for tasks to queue
[2024-09-02T04:32:44.828+0000] {logging_mixin.py:190} INFO - [2024-09-02T04:32:44.827+0000] {dagbag.py:587} INFO - Filling up the DagBag from /home/airflow/.local/lib/python3.12/site-packages/airflow/example_dags/example_sensors.py
[2024-09-02T04:32:44.911+0000] {processor.py:925} INFO - DAG(s) 'example_sensors' retrieved from /home/airflow/.local/lib/python3.12/site-packages/airflow/example_dags/example_sensors.py
[2024-09-02T04:32:45.073+0000] {logging_mixin.py:190} INFO - [2024-09-02T04:32:45.073+0000] {dag.py:3211} INFO - Sync 1 DAGs
[2024-09-02T04:32:45.179+0000] {logging_mixin.py:190} INFO - [2024-09-02T04:32:45.178+0000] {dag.py:4138} INFO - Setting next_dagrun for example_sensors to None, run_after=None
[2024-09-02T04:32:45.285+0000] {processor.py:208} INFO - Processing /home/airflow/.local/lib/python3.12/site-packages/airflow/example_dags/example_sensors.py took 0.517 seconds
[2024-09-02T04:33:19.178+0000] {processor.py:186} INFO - Started process (PID=900) to work on /home/airflow/.local/lib/python3.12/site-packages/airflow/example_dags/example_sensors.py
[2024-09-02T04:33:19.191+0000] {processor.py:914} INFO - Processing file /home/airflow/.local/lib/python3.12/site-packages/airflow/example_dags/example_sensors.py for tasks to queue
[2024-09-02T04:33:19.207+0000] {logging_mixin.py:190} INFO - [2024-09-02T04:33:19.206+0000] {dagbag.py:587} INFO - Filling up the DagBag from /home/airflow/.local/lib/python3.12/site-packages/airflow/example_dags/example_sensors.py
[2024-09-02T04:33:19.280+0000] {processor.py:925} INFO - DAG(s) 'example_sensors' retrieved from /home/airflow/.local/lib/python3.12/site-packages/airflow/example_dags/example_sensors.py
[2024-09-02T04:33:19.427+0000] {logging_mixin.py:190} INFO - [2024-09-02T04:33:19.416+0000] {dag.py:3211} INFO - Sync 1 DAGs
[2024-09-02T04:33:19.524+0000] {logging_mixin.py:190} INFO - [2024-09-02T04:33:19.523+0000] {dag.py:4138} INFO - Setting next_dagrun for example_sensors to None, run_after=None
[2024-09-02T04:33:19.623+0000] {processor.py:208} INFO - Processing /home/airflow/.local/lib/python3.12/site-packages/airflow/example_dags/example_sensors.py took 0.470 seconds
[2024-09-02T04:33:51.321+0000] {processor.py:186} INFO - Started process (PID=961) to work on /home/airflow/.local/lib/python3.12/site-packages/airflow/example_dags/example_sensors.py
[2024-09-02T04:33:51.342+0000] {processor.py:914} INFO - Processing file /home/airflow/.local/lib/python3.12/site-packages/airflow/example_dags/example_sensors.py for tasks to queue
[2024-09-02T04:33:51.348+0000] {logging_mixin.py:190} INFO - [2024-09-02T04:33:51.347+0000] {dagbag.py:587} INFO - Filling up the DagBag from /home/airflow/.local/lib/python3.12/site-packages/airflow/example_dags/example_sensors.py
[2024-09-02T04:33:51.416+0000] {processor.py:925} INFO - DAG(s) 'example_sensors' retrieved from /home/airflow/.local/lib/python3.12/site-packages/airflow/example_dags/example_sensors.py
[2024-09-02T04:33:51.538+0000] {logging_mixin.py:190} INFO - [2024-09-02T04:33:51.536+0000] {dag.py:3211} INFO - Sync 1 DAGs
[2024-09-02T04:33:51.595+0000] {logging_mixin.py:190} INFO - [2024-09-02T04:33:51.595+0000] {dag.py:4138} INFO - Setting next_dagrun for example_sensors to None, run_after=None
[2024-09-02T04:33:51.665+0000] {processor.py:208} INFO - Processing /home/airflow/.local/lib/python3.12/site-packages/airflow/example_dags/example_sensors.py took 0.375 seconds
[2024-09-02T04:34:22.241+0000] {processor.py:186} INFO - Started process (PID=1022) to work on /home/airflow/.local/lib/python3.12/site-packages/airflow/example_dags/example_sensors.py
[2024-09-02T04:34:22.243+0000] {processor.py:914} INFO - Processing file /home/airflow/.local/lib/python3.12/site-packages/airflow/example_dags/example_sensors.py for tasks to queue
[2024-09-02T04:34:22.257+0000] {logging_mixin.py:190} INFO - [2024-09-02T04:34:22.257+0000] {dagbag.py:587} INFO - Filling up the DagBag from /home/airflow/.local/lib/python3.12/site-packages/airflow/example_dags/example_sensors.py
[2024-09-02T04:34:22.328+0000] {processor.py:925} INFO - DAG(s) 'example_sensors' retrieved from /home/airflow/.local/lib/python3.12/site-packages/airflow/example_dags/example_sensors.py
[2024-09-02T04:34:22.538+0000] {logging_mixin.py:190} INFO - [2024-09-02T04:34:22.538+0000] {dag.py:3211} INFO - Sync 1 DAGs
[2024-09-02T04:34:22.680+0000] {logging_mixin.py:190} INFO - [2024-09-02T04:34:22.680+0000] {dag.py:4138} INFO - Setting next_dagrun for example_sensors to None, run_after=None
[2024-09-02T04:34:22.998+0000] {processor.py:208} INFO - Processing /home/airflow/.local/lib/python3.12/site-packages/airflow/example_dags/example_sensors.py took 0.822 seconds
[2024-09-02T04:34:55.769+0000] {processor.py:186} INFO - Started process (PID=1084) to work on /home/airflow/.local/lib/python3.12/site-packages/airflow/example_dags/example_sensors.py
[2024-09-02T04:34:55.775+0000] {processor.py:914} INFO - Processing file /home/airflow/.local/lib/python3.12/site-packages/airflow/example_dags/example_sensors.py for tasks to queue
[2024-09-02T04:34:55.783+0000] {logging_mixin.py:190} INFO - [2024-09-02T04:34:55.782+0000] {dagbag.py:587} INFO - Filling up the DagBag from /home/airflow/.local/lib/python3.12/site-packages/airflow/example_dags/example_sensors.py
[2024-09-02T04:34:55.824+0000] {processor.py:925} INFO - DAG(s) 'example_sensors' retrieved from /home/airflow/.local/lib/python3.12/site-packages/airflow/example_dags/example_sensors.py
[2024-09-02T04:34:55.940+0000] {logging_mixin.py:190} INFO - [2024-09-02T04:34:55.939+0000] {dag.py:3211} INFO - Sync 1 DAGs
[2024-09-02T04:34:55.992+0000] {logging_mixin.py:190} INFO - [2024-09-02T04:34:55.991+0000] {dag.py:4138} INFO - Setting next_dagrun for example_sensors to None, run_after=None
[2024-09-02T04:34:56.049+0000] {processor.py:208} INFO - Processing /home/airflow/.local/lib/python3.12/site-packages/airflow/example_dags/example_sensors.py took 0.303 seconds
[2024-09-02T04:35:28.209+0000] {processor.py:186} INFO - Started process (PID=1145) to work on /home/airflow/.local/lib/python3.12/site-packages/airflow/example_dags/example_sensors.py
[2024-09-02T04:35:28.211+0000] {processor.py:914} INFO - Processing file /home/airflow/.local/lib/python3.12/site-packages/airflow/example_dags/example_sensors.py for tasks to queue
[2024-09-02T04:35:28.229+0000] {logging_mixin.py:190} INFO - [2024-09-02T04:35:28.228+0000] {dagbag.py:587} INFO - Filling up the DagBag from /home/airflow/.local/lib/python3.12/site-packages/airflow/example_dags/example_sensors.py
[2024-09-02T04:35:28.299+0000] {processor.py:925} INFO - DAG(s) 'example_sensors' retrieved from /home/airflow/.local/lib/python3.12/site-packages/airflow/example_dags/example_sensors.py
[2024-09-02T04:35:28.399+0000] {logging_mixin.py:190} INFO - [2024-09-02T04:35:28.398+0000] {dag.py:3211} INFO - Sync 1 DAGs
[2024-09-02T04:35:28.440+0000] {logging_mixin.py:190} INFO - [2024-09-02T04:35:28.440+0000] {dag.py:4138} INFO - Setting next_dagrun for example_sensors to None, run_after=None
[2024-09-02T04:35:28.497+0000] {processor.py:208} INFO - Processing /home/airflow/.local/lib/python3.12/site-packages/airflow/example_dags/example_sensors.py took 0.325 seconds
[2024-09-02T04:35:58.971+0000] {processor.py:186} INFO - Started process (PID=1209) to work on /home/airflow/.local/lib/python3.12/site-packages/airflow/example_dags/example_sensors.py
[2024-09-02T04:35:58.974+0000] {processor.py:914} INFO - Processing file /home/airflow/.local/lib/python3.12/site-packages/airflow/example_dags/example_sensors.py for tasks to queue
[2024-09-02T04:35:58.980+0000] {logging_mixin.py:190} INFO - [2024-09-02T04:35:58.979+0000] {dagbag.py:587} INFO - Filling up the DagBag from /home/airflow/.local/lib/python3.12/site-packages/airflow/example_dags/example_sensors.py
[2024-09-02T04:35:59.010+0000] {processor.py:925} INFO - DAG(s) 'example_sensors' retrieved from /home/airflow/.local/lib/python3.12/site-packages/airflow/example_dags/example_sensors.py
[2024-09-02T04:35:59.087+0000] {logging_mixin.py:190} INFO - [2024-09-02T04:35:59.083+0000] {dag.py:3211} INFO - Sync 1 DAGs
[2024-09-02T04:35:59.149+0000] {logging_mixin.py:190} INFO - [2024-09-02T04:35:59.149+0000] {dag.py:4138} INFO - Setting next_dagrun for example_sensors to None, run_after=None
[2024-09-02T04:35:59.215+0000] {processor.py:208} INFO - Processing /home/airflow/.local/lib/python3.12/site-packages/airflow/example_dags/example_sensors.py took 0.259 seconds
[2024-09-02T04:36:29.621+0000] {processor.py:186} INFO - Started process (PID=1267) to work on /home/airflow/.local/lib/python3.12/site-packages/airflow/example_dags/example_sensors.py
[2024-09-02T04:36:29.624+0000] {processor.py:914} INFO - Processing file /home/airflow/.local/lib/python3.12/site-packages/airflow/example_dags/example_sensors.py for tasks to queue
[2024-09-02T04:36:29.637+0000] {logging_mixin.py:190} INFO - [2024-09-02T04:36:29.636+0000] {dagbag.py:587} INFO - Filling up the DagBag from /home/airflow/.local/lib/python3.12/site-packages/airflow/example_dags/example_sensors.py
[2024-09-02T04:36:29.690+0000] {processor.py:925} INFO - DAG(s) 'example_sensors' retrieved from /home/airflow/.local/lib/python3.12/site-packages/airflow/example_dags/example_sensors.py
[2024-09-02T04:36:29.845+0000] {logging_mixin.py:190} INFO - [2024-09-02T04:36:29.845+0000] {dag.py:3211} INFO - Sync 1 DAGs
[2024-09-02T04:36:29.973+0000] {logging_mixin.py:190} INFO - [2024-09-02T04:36:29.972+0000] {dag.py:4138} INFO - Setting next_dagrun for example_sensors to None, run_after=None
[2024-09-02T04:36:30.139+0000] {processor.py:208} INFO - Processing /home/airflow/.local/lib/python3.12/site-packages/airflow/example_dags/example_sensors.py took 0.536 seconds
[2024-09-02T04:37:01.150+0000] {processor.py:186} INFO - Started process (PID=1328) to work on /home/airflow/.local/lib/python3.12/site-packages/airflow/example_dags/example_sensors.py
[2024-09-02T04:37:01.154+0000] {processor.py:914} INFO - Processing file /home/airflow/.local/lib/python3.12/site-packages/airflow/example_dags/example_sensors.py for tasks to queue
[2024-09-02T04:37:01.164+0000] {logging_mixin.py:190} INFO - [2024-09-02T04:37:01.164+0000] {dagbag.py:587} INFO - Filling up the DagBag from /home/airflow/.local/lib/python3.12/site-packages/airflow/example_dags/example_sensors.py
[2024-09-02T04:37:01.219+0000] {processor.py:925} INFO - DAG(s) 'example_sensors' retrieved from /home/airflow/.local/lib/python3.12/site-packages/airflow/example_dags/example_sensors.py
[2024-09-02T04:37:01.328+0000] {logging_mixin.py:190} INFO - [2024-09-02T04:37:01.327+0000] {dag.py:3211} INFO - Sync 1 DAGs
[2024-09-02T04:37:01.419+0000] {logging_mixin.py:190} INFO - [2024-09-02T04:37:01.418+0000] {dag.py:4138} INFO - Setting next_dagrun for example_sensors to None, run_after=None
[2024-09-02T04:37:01.502+0000] {processor.py:208} INFO - Processing /home/airflow/.local/lib/python3.12/site-packages/airflow/example_dags/example_sensors.py took 0.374 seconds
[2024-09-02T04:37:31.890+0000] {processor.py:186} INFO - Started process (PID=1392) to work on /home/airflow/.local/lib/python3.12/site-packages/airflow/example_dags/example_sensors.py
[2024-09-02T04:37:31.892+0000] {processor.py:914} INFO - Processing file /home/airflow/.local/lib/python3.12/site-packages/airflow/example_dags/example_sensors.py for tasks to queue
[2024-09-02T04:37:31.899+0000] {logging_mixin.py:190} INFO - [2024-09-02T04:37:31.898+0000] {dagbag.py:587} INFO - Filling up the DagBag from /home/airflow/.local/lib/python3.12/site-packages/airflow/example_dags/example_sensors.py
[2024-09-02T04:37:31.924+0000] {processor.py:925} INFO - DAG(s) 'example_sensors' retrieved from /home/airflow/.local/lib/python3.12/site-packages/airflow/example_dags/example_sensors.py
[2024-09-02T04:37:31.981+0000] {logging_mixin.py:190} INFO - [2024-09-02T04:37:31.980+0000] {dag.py:3211} INFO - Sync 1 DAGs
[2024-09-02T04:37:32.017+0000] {logging_mixin.py:190} INFO - [2024-09-02T04:37:32.017+0000] {dag.py:4138} INFO - Setting next_dagrun for example_sensors to None, run_after=None
[2024-09-02T04:37:32.074+0000] {processor.py:208} INFO - Processing /home/airflow/.local/lib/python3.12/site-packages/airflow/example_dags/example_sensors.py took 0.197 seconds
[2024-09-02T04:38:02.745+0000] {processor.py:186} INFO - Started process (PID=1453) to work on /home/airflow/.local/lib/python3.12/site-packages/airflow/example_dags/example_sensors.py
[2024-09-02T04:38:02.748+0000] {processor.py:914} INFO - Processing file /home/airflow/.local/lib/python3.12/site-packages/airflow/example_dags/example_sensors.py for tasks to queue
[2024-09-02T04:38:02.754+0000] {logging_mixin.py:190} INFO - [2024-09-02T04:38:02.753+0000] {dagbag.py:587} INFO - Filling up the DagBag from /home/airflow/.local/lib/python3.12/site-packages/airflow/example_dags/example_sensors.py
[2024-09-02T04:38:02.786+0000] {processor.py:925} INFO - DAG(s) 'example_sensors' retrieved from /home/airflow/.local/lib/python3.12/site-packages/airflow/example_dags/example_sensors.py
[2024-09-02T04:38:02.844+0000] {logging_mixin.py:190} INFO - [2024-09-02T04:38:02.844+0000] {dag.py:3211} INFO - Sync 1 DAGs
[2024-09-02T04:38:02.880+0000] {logging_mixin.py:190} INFO - [2024-09-02T04:38:02.879+0000] {dag.py:4138} INFO - Setting next_dagrun for example_sensors to None, run_after=None
[2024-09-02T04:38:02.922+0000] {processor.py:208} INFO - Processing /home/airflow/.local/lib/python3.12/site-packages/airflow/example_dags/example_sensors.py took 0.192 seconds
[2024-09-02T04:38:33.323+0000] {processor.py:186} INFO - Started process (PID=1517) to work on /home/airflow/.local/lib/python3.12/site-packages/airflow/example_dags/example_sensors.py
[2024-09-02T04:38:33.325+0000] {processor.py:914} INFO - Processing file /home/airflow/.local/lib/python3.12/site-packages/airflow/example_dags/example_sensors.py for tasks to queue
[2024-09-02T04:38:33.331+0000] {logging_mixin.py:190} INFO - [2024-09-02T04:38:33.330+0000] {dagbag.py:587} INFO - Filling up the DagBag from /home/airflow/.local/lib/python3.12/site-packages/airflow/example_dags/example_sensors.py
[2024-09-02T04:38:33.354+0000] {processor.py:925} INFO - DAG(s) 'example_sensors' retrieved from /home/airflow/.local/lib/python3.12/site-packages/airflow/example_dags/example_sensors.py
[2024-09-02T04:38:33.417+0000] {logging_mixin.py:190} INFO - [2024-09-02T04:38:33.417+0000] {dag.py:3211} INFO - Sync 1 DAGs
[2024-09-02T04:38:33.449+0000] {logging_mixin.py:190} INFO - [2024-09-02T04:38:33.448+0000] {dag.py:4138} INFO - Setting next_dagrun for example_sensors to None, run_after=None
[2024-09-02T04:38:33.490+0000] {processor.py:208} INFO - Processing /home/airflow/.local/lib/python3.12/site-packages/airflow/example_dags/example_sensors.py took 0.178 seconds
[2024-09-02T04:39:04.554+0000] {processor.py:186} INFO - Started process (PID=1580) to work on /home/airflow/.local/lib/python3.12/site-packages/airflow/example_dags/example_sensors.py
[2024-09-02T04:39:04.586+0000] {processor.py:914} INFO - Processing file /home/airflow/.local/lib/python3.12/site-packages/airflow/example_dags/example_sensors.py for tasks to queue
[2024-09-02T04:39:04.617+0000] {logging_mixin.py:190} INFO - [2024-09-02T04:39:04.612+0000] {dagbag.py:587} INFO - Filling up the DagBag from /home/airflow/.local/lib/python3.12/site-packages/airflow/example_dags/example_sensors.py
[2024-09-02T04:39:04.688+0000] {processor.py:925} INFO - DAG(s) 'example_sensors' retrieved from /home/airflow/.local/lib/python3.12/site-packages/airflow/example_dags/example_sensors.py
[2024-09-02T04:39:04.850+0000] {logging_mixin.py:190} INFO - [2024-09-02T04:39:04.850+0000] {dag.py:3211} INFO - Sync 1 DAGs
[2024-09-02T04:39:04.909+0000] {logging_mixin.py:190} INFO - [2024-09-02T04:39:04.909+0000] {dag.py:4138} INFO - Setting next_dagrun for example_sensors to None, run_after=None
[2024-09-02T04:39:04.983+0000] {processor.py:208} INFO - Processing /home/airflow/.local/lib/python3.12/site-packages/airflow/example_dags/example_sensors.py took 0.463 seconds
[2024-09-02T04:39:35.806+0000] {processor.py:186} INFO - Started process (PID=1643) to work on /home/airflow/.local/lib/python3.12/site-packages/airflow/example_dags/example_sensors.py
[2024-09-02T04:39:35.810+0000] {processor.py:914} INFO - Processing file /home/airflow/.local/lib/python3.12/site-packages/airflow/example_dags/example_sensors.py for tasks to queue
[2024-09-02T04:39:35.821+0000] {logging_mixin.py:190} INFO - [2024-09-02T04:39:35.817+0000] {dagbag.py:587} INFO - Filling up the DagBag from /home/airflow/.local/lib/python3.12/site-packages/airflow/example_dags/example_sensors.py
[2024-09-02T04:39:35.852+0000] {processor.py:925} INFO - DAG(s) 'example_sensors' retrieved from /home/airflow/.local/lib/python3.12/site-packages/airflow/example_dags/example_sensors.py
[2024-09-02T04:39:35.936+0000] {logging_mixin.py:190} INFO - [2024-09-02T04:39:35.936+0000] {dag.py:3211} INFO - Sync 1 DAGs
[2024-09-02T04:39:35.975+0000] {logging_mixin.py:190} INFO - [2024-09-02T04:39:35.975+0000] {dag.py:4138} INFO - Setting next_dagrun for example_sensors to None, run_after=None
[2024-09-02T04:39:36.025+0000] {processor.py:208} INFO - Processing /home/airflow/.local/lib/python3.12/site-packages/airflow/example_dags/example_sensors.py took 0.237 seconds
[2024-09-02T04:40:06.438+0000] {processor.py:186} INFO - Started process (PID=1706) to work on /home/airflow/.local/lib/python3.12/site-packages/airflow/example_dags/example_sensors.py
[2024-09-02T04:40:06.440+0000] {processor.py:914} INFO - Processing file /home/airflow/.local/lib/python3.12/site-packages/airflow/example_dags/example_sensors.py for tasks to queue
[2024-09-02T04:40:06.446+0000] {logging_mixin.py:190} INFO - [2024-09-02T04:40:06.445+0000] {dagbag.py:587} INFO - Filling up the DagBag from /home/airflow/.local/lib/python3.12/site-packages/airflow/example_dags/example_sensors.py
[2024-09-02T04:40:06.481+0000] {processor.py:925} INFO - DAG(s) 'example_sensors' retrieved from /home/airflow/.local/lib/python3.12/site-packages/airflow/example_dags/example_sensors.py
[2024-09-02T04:40:06.597+0000] {logging_mixin.py:190} INFO - [2024-09-02T04:40:06.596+0000] {dag.py:3211} INFO - Sync 1 DAGs
[2024-09-02T04:40:06.651+0000] {logging_mixin.py:190} INFO - [2024-09-02T04:40:06.651+0000] {dag.py:4138} INFO - Setting next_dagrun for example_sensors to None, run_after=None
[2024-09-02T04:40:06.709+0000] {processor.py:208} INFO - Processing /home/airflow/.local/lib/python3.12/site-packages/airflow/example_dags/example_sensors.py took 0.284 seconds
[2024-09-02T04:40:37.359+0000] {processor.py:186} INFO - Started process (PID=1768) to work on /home/airflow/.local/lib/python3.12/site-packages/airflow/example_dags/example_sensors.py
[2024-09-02T04:40:37.362+0000] {processor.py:914} INFO - Processing file /home/airflow/.local/lib/python3.12/site-packages/airflow/example_dags/example_sensors.py for tasks to queue
[2024-09-02T04:40:37.369+0000] {logging_mixin.py:190} INFO - [2024-09-02T04:40:37.368+0000] {dagbag.py:587} INFO - Filling up the DagBag from /home/airflow/.local/lib/python3.12/site-packages/airflow/example_dags/example_sensors.py
[2024-09-02T04:40:37.400+0000] {processor.py:925} INFO - DAG(s) 'example_sensors' retrieved from /home/airflow/.local/lib/python3.12/site-packages/airflow/example_dags/example_sensors.py
[2024-09-02T04:40:37.484+0000] {logging_mixin.py:190} INFO - [2024-09-02T04:40:37.484+0000] {dag.py:3211} INFO - Sync 1 DAGs
[2024-09-02T04:40:37.528+0000] {logging_mixin.py:190} INFO - [2024-09-02T04:40:37.528+0000] {dag.py:4138} INFO - Setting next_dagrun for example_sensors to None, run_after=None
[2024-09-02T04:40:37.575+0000] {processor.py:208} INFO - Processing /home/airflow/.local/lib/python3.12/site-packages/airflow/example_dags/example_sensors.py took 0.229 seconds
[2024-09-02T04:41:08.440+0000] {processor.py:186} INFO - Started process (PID=1830) to work on /home/airflow/.local/lib/python3.12/site-packages/airflow/example_dags/example_sensors.py
[2024-09-02T04:41:08.442+0000] {processor.py:914} INFO - Processing file /home/airflow/.local/lib/python3.12/site-packages/airflow/example_dags/example_sensors.py for tasks to queue
[2024-09-02T04:41:08.447+0000] {logging_mixin.py:190} INFO - [2024-09-02T04:41:08.447+0000] {dagbag.py:587} INFO - Filling up the DagBag from /home/airflow/.local/lib/python3.12/site-packages/airflow/example_dags/example_sensors.py
[2024-09-02T04:41:08.469+0000] {processor.py:925} INFO - DAG(s) 'example_sensors' retrieved from /home/airflow/.local/lib/python3.12/site-packages/airflow/example_dags/example_sensors.py
[2024-09-02T04:41:08.524+0000] {logging_mixin.py:190} INFO - [2024-09-02T04:41:08.524+0000] {dag.py:3211} INFO - Sync 1 DAGs
[2024-09-02T04:41:08.554+0000] {logging_mixin.py:190} INFO - [2024-09-02T04:41:08.553+0000] {dag.py:4138} INFO - Setting next_dagrun for example_sensors to None, run_after=None
[2024-09-02T04:41:08.592+0000] {processor.py:208} INFO - Processing /home/airflow/.local/lib/python3.12/site-packages/airflow/example_dags/example_sensors.py took 0.165 seconds
[2024-09-02T04:41:38.945+0000] {processor.py:186} INFO - Started process (PID=1893) to work on /home/airflow/.local/lib/python3.12/site-packages/airflow/example_dags/example_sensors.py
[2024-09-02T04:41:38.948+0000] {processor.py:914} INFO - Processing file /home/airflow/.local/lib/python3.12/site-packages/airflow/example_dags/example_sensors.py for tasks to queue
[2024-09-02T04:41:38.964+0000] {logging_mixin.py:190} INFO - [2024-09-02T04:41:38.963+0000] {dagbag.py:587} INFO - Filling up the DagBag from /home/airflow/.local/lib/python3.12/site-packages/airflow/example_dags/example_sensors.py
[2024-09-02T04:41:39.012+0000] {processor.py:925} INFO - DAG(s) 'example_sensors' retrieved from /home/airflow/.local/lib/python3.12/site-packages/airflow/example_dags/example_sensors.py
[2024-09-02T04:41:39.110+0000] {logging_mixin.py:190} INFO - [2024-09-02T04:41:39.109+0000] {dag.py:3211} INFO - Sync 1 DAGs
[2024-09-02T04:41:39.162+0000] {logging_mixin.py:190} INFO - [2024-09-02T04:41:39.162+0000] {dag.py:4138} INFO - Setting next_dagrun for example_sensors to None, run_after=None
[2024-09-02T04:41:39.231+0000] {processor.py:208} INFO - Processing /home/airflow/.local/lib/python3.12/site-packages/airflow/example_dags/example_sensors.py took 0.313 seconds
[2024-09-02T04:42:09.982+0000] {processor.py:186} INFO - Started process (PID=1956) to work on /home/airflow/.local/lib/python3.12/site-packages/airflow/example_dags/example_sensors.py
[2024-09-02T04:42:09.985+0000] {processor.py:914} INFO - Processing file /home/airflow/.local/lib/python3.12/site-packages/airflow/example_dags/example_sensors.py for tasks to queue
[2024-09-02T04:42:09.993+0000] {logging_mixin.py:190} INFO - [2024-09-02T04:42:09.992+0000] {dagbag.py:587} INFO - Filling up the DagBag from /home/airflow/.local/lib/python3.12/site-packages/airflow/example_dags/example_sensors.py
[2024-09-02T04:42:10.017+0000] {processor.py:925} INFO - DAG(s) 'example_sensors' retrieved from /home/airflow/.local/lib/python3.12/site-packages/airflow/example_dags/example_sensors.py
[2024-09-02T04:42:10.091+0000] {logging_mixin.py:190} INFO - [2024-09-02T04:42:10.090+0000] {dag.py:3211} INFO - Sync 1 DAGs
[2024-09-02T04:42:10.128+0000] {logging_mixin.py:190} INFO - [2024-09-02T04:42:10.127+0000] {dag.py:4138} INFO - Setting next_dagrun for example_sensors to None, run_after=None
[2024-09-02T04:42:10.178+0000] {processor.py:208} INFO - Processing /home/airflow/.local/lib/python3.12/site-packages/airflow/example_dags/example_sensors.py took 0.212 seconds
[2024-09-02T04:42:40.525+0000] {processor.py:186} INFO - Started process (PID=2019) to work on /home/airflow/.local/lib/python3.12/site-packages/airflow/example_dags/example_sensors.py
[2024-09-02T04:42:40.527+0000] {processor.py:914} INFO - Processing file /home/airflow/.local/lib/python3.12/site-packages/airflow/example_dags/example_sensors.py for tasks to queue
[2024-09-02T04:42:40.533+0000] {logging_mixin.py:190} INFO - [2024-09-02T04:42:40.532+0000] {dagbag.py:587} INFO - Filling up the DagBag from /home/airflow/.local/lib/python3.12/site-packages/airflow/example_dags/example_sensors.py
[2024-09-02T04:42:40.556+0000] {processor.py:925} INFO - DAG(s) 'example_sensors' retrieved from /home/airflow/.local/lib/python3.12/site-packages/airflow/example_dags/example_sensors.py
[2024-09-02T04:42:40.643+0000] {logging_mixin.py:190} INFO - [2024-09-02T04:42:40.643+0000] {dag.py:3211} INFO - Sync 1 DAGs
[2024-09-02T04:42:40.748+0000] {logging_mixin.py:190} INFO - [2024-09-02T04:42:40.747+0000] {dag.py:4138} INFO - Setting next_dagrun for example_sensors to None, run_after=None
[2024-09-02T04:42:40.827+0000] {processor.py:208} INFO - Processing /home/airflow/.local/lib/python3.12/site-packages/airflow/example_dags/example_sensors.py took 0.319 seconds
[2024-09-02T04:43:11.471+0000] {processor.py:186} INFO - Started process (PID=2088) to work on /home/airflow/.local/lib/python3.12/site-packages/airflow/example_dags/example_sensors.py
[2024-09-02T04:43:11.474+0000] {processor.py:914} INFO - Processing file /home/airflow/.local/lib/python3.12/site-packages/airflow/example_dags/example_sensors.py for tasks to queue
[2024-09-02T04:43:11.481+0000] {logging_mixin.py:190} INFO - [2024-09-02T04:43:11.480+0000] {dagbag.py:587} INFO - Filling up the DagBag from /home/airflow/.local/lib/python3.12/site-packages/airflow/example_dags/example_sensors.py
[2024-09-02T04:43:11.518+0000] {processor.py:925} INFO - DAG(s) 'example_sensors' retrieved from /home/airflow/.local/lib/python3.12/site-packages/airflow/example_dags/example_sensors.py
[2024-09-02T04:43:11.617+0000] {logging_mixin.py:190} INFO - [2024-09-02T04:43:11.616+0000] {dag.py:3211} INFO - Sync 1 DAGs
[2024-09-02T04:43:11.652+0000] {logging_mixin.py:190} INFO - [2024-09-02T04:43:11.651+0000] {dag.py:4138} INFO - Setting next_dagrun for example_sensors to None, run_after=None
[2024-09-02T04:43:11.695+0000] {processor.py:208} INFO - Processing /home/airflow/.local/lib/python3.12/site-packages/airflow/example_dags/example_sensors.py took 0.239 seconds
[2024-09-02T04:43:42.083+0000] {processor.py:186} INFO - Started process (PID=2151) to work on /home/airflow/.local/lib/python3.12/site-packages/airflow/example_dags/example_sensors.py
[2024-09-02T04:43:42.085+0000] {processor.py:914} INFO - Processing file /home/airflow/.local/lib/python3.12/site-packages/airflow/example_dags/example_sensors.py for tasks to queue
[2024-09-02T04:43:42.090+0000] {logging_mixin.py:190} INFO - [2024-09-02T04:43:42.089+0000] {dagbag.py:587} INFO - Filling up the DagBag from /home/airflow/.local/lib/python3.12/site-packages/airflow/example_dags/example_sensors.py
[2024-09-02T04:43:42.112+0000] {processor.py:925} INFO - DAG(s) 'example_sensors' retrieved from /home/airflow/.local/lib/python3.12/site-packages/airflow/example_dags/example_sensors.py
[2024-09-02T04:43:42.166+0000] {logging_mixin.py:190} INFO - [2024-09-02T04:43:42.166+0000] {dag.py:3211} INFO - Sync 1 DAGs
[2024-09-02T04:43:42.209+0000] {logging_mixin.py:190} INFO - [2024-09-02T04:43:42.208+0000] {dag.py:4138} INFO - Setting next_dagrun for example_sensors to None, run_after=None
[2024-09-02T04:43:42.297+0000] {processor.py:208} INFO - Processing /home/airflow/.local/lib/python3.12/site-packages/airflow/example_dags/example_sensors.py took 0.227 seconds
[2024-09-02T04:44:12.651+0000] {processor.py:186} INFO - Started process (PID=2214) to work on /home/airflow/.local/lib/python3.12/site-packages/airflow/example_dags/example_sensors.py
[2024-09-02T04:44:12.653+0000] {processor.py:914} INFO - Processing file /home/airflow/.local/lib/python3.12/site-packages/airflow/example_dags/example_sensors.py for tasks to queue
[2024-09-02T04:44:12.658+0000] {logging_mixin.py:190} INFO - [2024-09-02T04:44:12.658+0000] {dagbag.py:587} INFO - Filling up the DagBag from /home/airflow/.local/lib/python3.12/site-packages/airflow/example_dags/example_sensors.py
[2024-09-02T04:44:12.679+0000] {processor.py:925} INFO - DAG(s) 'example_sensors' retrieved from /home/airflow/.local/lib/python3.12/site-packages/airflow/example_dags/example_sensors.py
[2024-09-02T04:44:12.731+0000] {logging_mixin.py:190} INFO - [2024-09-02T04:44:12.731+0000] {dag.py:3211} INFO - Sync 1 DAGs
[2024-09-02T04:44:12.762+0000] {logging_mixin.py:190} INFO - [2024-09-02T04:44:12.761+0000] {dag.py:4138} INFO - Setting next_dagrun for example_sensors to None, run_after=None
[2024-09-02T04:44:12.799+0000] {processor.py:208} INFO - Processing /home/airflow/.local/lib/python3.12/site-packages/airflow/example_dags/example_sensors.py took 0.160 seconds
[2024-09-02T04:44:43.512+0000] {processor.py:186} INFO - Started process (PID=2277) to work on /home/airflow/.local/lib/python3.12/site-packages/airflow/example_dags/example_sensors.py
[2024-09-02T04:44:43.515+0000] {processor.py:914} INFO - Processing file /home/airflow/.local/lib/python3.12/site-packages/airflow/example_dags/example_sensors.py for tasks to queue
[2024-09-02T04:44:43.520+0000] {logging_mixin.py:190} INFO - [2024-09-02T04:44:43.520+0000] {dagbag.py:587} INFO - Filling up the DagBag from /home/airflow/.local/lib/python3.12/site-packages/airflow/example_dags/example_sensors.py
[2024-09-02T04:44:43.547+0000] {processor.py:925} INFO - DAG(s) 'example_sensors' retrieved from /home/airflow/.local/lib/python3.12/site-packages/airflow/example_dags/example_sensors.py
[2024-09-02T04:44:43.601+0000] {logging_mixin.py:190} INFO - [2024-09-02T04:44:43.600+0000] {dag.py:3211} INFO - Sync 1 DAGs
[2024-09-02T04:44:43.639+0000] {logging_mixin.py:190} INFO - [2024-09-02T04:44:43.638+0000] {dag.py:4138} INFO - Setting next_dagrun for example_sensors to None, run_after=None
[2024-09-02T04:44:43.679+0000] {processor.py:208} INFO - Processing /home/airflow/.local/lib/python3.12/site-packages/airflow/example_dags/example_sensors.py took 0.181 seconds
[2024-09-02T04:45:14.125+0000] {processor.py:186} INFO - Started process (PID=2340) to work on /home/airflow/.local/lib/python3.12/site-packages/airflow/example_dags/example_sensors.py
[2024-09-02T04:45:14.127+0000] {processor.py:914} INFO - Processing file /home/airflow/.local/lib/python3.12/site-packages/airflow/example_dags/example_sensors.py for tasks to queue
[2024-09-02T04:45:14.133+0000] {logging_mixin.py:190} INFO - [2024-09-02T04:45:14.132+0000] {dagbag.py:587} INFO - Filling up the DagBag from /home/airflow/.local/lib/python3.12/site-packages/airflow/example_dags/example_sensors.py
[2024-09-02T04:45:14.173+0000] {processor.py:925} INFO - DAG(s) 'example_sensors' retrieved from /home/airflow/.local/lib/python3.12/site-packages/airflow/example_dags/example_sensors.py
[2024-09-02T04:45:14.254+0000] {logging_mixin.py:190} INFO - [2024-09-02T04:45:14.254+0000] {dag.py:3211} INFO - Sync 1 DAGs
[2024-09-02T04:45:14.286+0000] {logging_mixin.py:190} INFO - [2024-09-02T04:45:14.285+0000] {dag.py:4138} INFO - Setting next_dagrun for example_sensors to None, run_after=None
[2024-09-02T04:45:14.330+0000] {processor.py:208} INFO - Processing /home/airflow/.local/lib/python3.12/site-packages/airflow/example_dags/example_sensors.py took 0.221 seconds
[2024-09-02T04:45:44.656+0000] {processor.py:186} INFO - Started process (PID=2404) to work on /home/airflow/.local/lib/python3.12/site-packages/airflow/example_dags/example_sensors.py
[2024-09-02T04:45:44.658+0000] {processor.py:914} INFO - Processing file /home/airflow/.local/lib/python3.12/site-packages/airflow/example_dags/example_sensors.py for tasks to queue
[2024-09-02T04:45:44.663+0000] {logging_mixin.py:190} INFO - [2024-09-02T04:45:44.663+0000] {dagbag.py:587} INFO - Filling up the DagBag from /home/airflow/.local/lib/python3.12/site-packages/airflow/example_dags/example_sensors.py
[2024-09-02T04:45:44.694+0000] {processor.py:925} INFO - DAG(s) 'example_sensors' retrieved from /home/airflow/.local/lib/python3.12/site-packages/airflow/example_dags/example_sensors.py
[2024-09-02T04:45:44.758+0000] {logging_mixin.py:190} INFO - [2024-09-02T04:45:44.758+0000] {dag.py:3211} INFO - Sync 1 DAGs
[2024-09-02T04:45:44.788+0000] {logging_mixin.py:190} INFO - [2024-09-02T04:45:44.788+0000] {dag.py:4138} INFO - Setting next_dagrun for example_sensors to None, run_after=None
[2024-09-02T04:45:44.822+0000] {processor.py:208} INFO - Processing /home/airflow/.local/lib/python3.12/site-packages/airflow/example_dags/example_sensors.py took 0.182 seconds
[2024-09-02T04:46:14.972+0000] {processor.py:186} INFO - Started process (PID=2468) to work on /home/airflow/.local/lib/python3.12/site-packages/airflow/example_dags/example_sensors.py
[2024-09-02T04:46:14.975+0000] {processor.py:914} INFO - Processing file /home/airflow/.local/lib/python3.12/site-packages/airflow/example_dags/example_sensors.py for tasks to queue
[2024-09-02T04:46:14.980+0000] {logging_mixin.py:190} INFO - [2024-09-02T04:46:14.979+0000] {dagbag.py:587} INFO - Filling up the DagBag from /home/airflow/.local/lib/python3.12/site-packages/airflow/example_dags/example_sensors.py
[2024-09-02T04:46:15.003+0000] {processor.py:925} INFO - DAG(s) 'example_sensors' retrieved from /home/airflow/.local/lib/python3.12/site-packages/airflow/example_dags/example_sensors.py
[2024-09-02T04:46:15.055+0000] {logging_mixin.py:190} INFO - [2024-09-02T04:46:15.055+0000] {dag.py:3211} INFO - Sync 1 DAGs
[2024-09-02T04:46:15.084+0000] {logging_mixin.py:190} INFO - [2024-09-02T04:46:15.083+0000] {dag.py:4138} INFO - Setting next_dagrun for example_sensors to None, run_after=None
[2024-09-02T04:46:15.118+0000] {processor.py:208} INFO - Processing /home/airflow/.local/lib/python3.12/site-packages/airflow/example_dags/example_sensors.py took 0.159 seconds
[2024-09-02T04:46:45.445+0000] {processor.py:186} INFO - Started process (PID=2531) to work on /home/airflow/.local/lib/python3.12/site-packages/airflow/example_dags/example_sensors.py
[2024-09-02T04:46:45.450+0000] {processor.py:914} INFO - Processing file /home/airflow/.local/lib/python3.12/site-packages/airflow/example_dags/example_sensors.py for tasks to queue
[2024-09-02T04:46:45.456+0000] {logging_mixin.py:190} INFO - [2024-09-02T04:46:45.455+0000] {dagbag.py:587} INFO - Filling up the DagBag from /home/airflow/.local/lib/python3.12/site-packages/airflow/example_dags/example_sensors.py
[2024-09-02T04:46:45.483+0000] {processor.py:925} INFO - DAG(s) 'example_sensors' retrieved from /home/airflow/.local/lib/python3.12/site-packages/airflow/example_dags/example_sensors.py
[2024-09-02T04:46:45.542+0000] {logging_mixin.py:190} INFO - [2024-09-02T04:46:45.542+0000] {dag.py:3211} INFO - Sync 1 DAGs
[2024-09-02T04:46:45.578+0000] {logging_mixin.py:190} INFO - [2024-09-02T04:46:45.577+0000] {dag.py:4138} INFO - Setting next_dagrun for example_sensors to None, run_after=None
[2024-09-02T04:46:45.620+0000] {processor.py:208} INFO - Processing /home/airflow/.local/lib/python3.12/site-packages/airflow/example_dags/example_sensors.py took 0.191 seconds
