[2024-09-02T04:13:50.920+0000] {processor.py:186} INFO - Started process (PID=103) to work on /home/airflow/.local/lib/python3.12/site-packages/airflow/example_dags/example_latest_only_with_trigger.py
[2024-09-02T04:13:50.926+0000] {processor.py:914} INFO - Processing file /home/airflow/.local/lib/python3.12/site-packages/airflow/example_dags/example_latest_only_with_trigger.py for tasks to queue
[2024-09-02T04:13:50.939+0000] {logging_mixin.py:190} INFO - [2024-09-02T04:13:50.937+0000] {dagbag.py:587} INFO - Filling up the DagBag from /home/airflow/.local/lib/python3.12/site-packages/airflow/example_dags/example_latest_only_with_trigger.py
[2024-09-02T04:13:50.971+0000] {processor.py:925} INFO - DAG(s) 'latest_only_with_trigger' retrieved from /home/airflow/.local/lib/python3.12/site-packages/airflow/example_dags/example_latest_only_with_trigger.py
[2024-09-02T04:13:51.335+0000] {logging_mixin.py:190} INFO - [2024-09-02T04:13:51.334+0000] {override.py:1858} INFO - Created Permission View: can read on DAG:latest_only_with_trigger
[2024-09-02T04:13:51.435+0000] {logging_mixin.py:190} INFO - [2024-09-02T04:13:51.434+0000] {override.py:1858} INFO - Created Permission View: can delete on DAG:latest_only_with_trigger
[2024-09-02T04:13:51.474+0000] {logging_mixin.py:190} INFO - [2024-09-02T04:13:51.473+0000] {override.py:1858} INFO - Created Permission View: can edit on DAG:latest_only_with_trigger
[2024-09-02T04:13:51.476+0000] {logging_mixin.py:190} INFO - [2024-09-02T04:13:51.475+0000] {dag.py:3211} INFO - Sync 1 DAGs
[2024-09-02T04:13:51.547+0000] {logging_mixin.py:190} INFO - [2024-09-02T04:13:51.546+0000] {dag.py:3234} INFO - Creating ORM DAG for latest_only_with_trigger
[2024-09-02T04:13:51.598+0000] {logging_mixin.py:190} INFO - [2024-09-02T04:13:51.597+0000] {dag.py:4138} INFO - Setting next_dagrun for latest_only_with_trigger to 2024-09-02 00:00:00+00:00, run_after=2024-09-02 04:00:00+00:00
[2024-09-02T04:13:51.690+0000] {processor.py:208} INFO - Processing /home/airflow/.local/lib/python3.12/site-packages/airflow/example_dags/example_latest_only_with_trigger.py took 0.795 seconds
[2024-09-02T04:14:22.334+0000] {processor.py:186} INFO - Started process (PID=167) to work on /home/airflow/.local/lib/python3.12/site-packages/airflow/example_dags/example_latest_only_with_trigger.py
[2024-09-02T04:14:22.336+0000] {processor.py:914} INFO - Processing file /home/airflow/.local/lib/python3.12/site-packages/airflow/example_dags/example_latest_only_with_trigger.py for tasks to queue
[2024-09-02T04:14:22.347+0000] {logging_mixin.py:190} INFO - [2024-09-02T04:14:22.347+0000] {dagbag.py:587} INFO - Filling up the DagBag from /home/airflow/.local/lib/python3.12/site-packages/airflow/example_dags/example_latest_only_with_trigger.py
[2024-09-02T04:14:22.379+0000] {processor.py:925} INFO - DAG(s) 'latest_only_with_trigger' retrieved from /home/airflow/.local/lib/python3.12/site-packages/airflow/example_dags/example_latest_only_with_trigger.py
[2024-09-02T04:14:22.441+0000] {logging_mixin.py:190} INFO - [2024-09-02T04:14:22.440+0000] {dag.py:3211} INFO - Sync 1 DAGs
[2024-09-02T04:14:22.604+0000] {logging_mixin.py:190} INFO - [2024-09-02T04:14:22.604+0000] {dag.py:4138} INFO - Setting next_dagrun for latest_only_with_trigger to 2024-09-02 00:00:00+00:00, run_after=2024-09-02 04:00:00+00:00
[2024-09-02T04:14:22.691+0000] {processor.py:208} INFO - Processing /home/airflow/.local/lib/python3.12/site-packages/airflow/example_dags/example_latest_only_with_trigger.py took 0.378 seconds
[2024-09-02T04:14:52.957+0000] {processor.py:186} INFO - Started process (PID=229) to work on /home/airflow/.local/lib/python3.12/site-packages/airflow/example_dags/example_latest_only_with_trigger.py
[2024-09-02T04:14:52.959+0000] {processor.py:914} INFO - Processing file /home/airflow/.local/lib/python3.12/site-packages/airflow/example_dags/example_latest_only_with_trigger.py for tasks to queue
[2024-09-02T04:14:52.966+0000] {logging_mixin.py:190} INFO - [2024-09-02T04:14:52.965+0000] {dagbag.py:587} INFO - Filling up the DagBag from /home/airflow/.local/lib/python3.12/site-packages/airflow/example_dags/example_latest_only_with_trigger.py
[2024-09-02T04:14:52.985+0000] {processor.py:925} INFO - DAG(s) 'latest_only_with_trigger' retrieved from /home/airflow/.local/lib/python3.12/site-packages/airflow/example_dags/example_latest_only_with_trigger.py
[2024-09-02T04:14:53.041+0000] {logging_mixin.py:190} INFO - [2024-09-02T04:14:53.041+0000] {dag.py:3211} INFO - Sync 1 DAGs
[2024-09-02T04:14:53.105+0000] {logging_mixin.py:190} INFO - [2024-09-02T04:14:53.104+0000] {dag.py:4138} INFO - Setting next_dagrun for latest_only_with_trigger to 2024-09-02 00:00:00+00:00, run_after=2024-09-02 04:00:00+00:00
[2024-09-02T04:14:53.155+0000] {processor.py:208} INFO - Processing /home/airflow/.local/lib/python3.12/site-packages/airflow/example_dags/example_latest_only_with_trigger.py took 0.212 seconds
[2024-09-02T04:15:23.689+0000] {processor.py:186} INFO - Started process (PID=292) to work on /home/airflow/.local/lib/python3.12/site-packages/airflow/example_dags/example_latest_only_with_trigger.py
[2024-09-02T04:15:23.691+0000] {processor.py:914} INFO - Processing file /home/airflow/.local/lib/python3.12/site-packages/airflow/example_dags/example_latest_only_with_trigger.py for tasks to queue
[2024-09-02T04:15:23.697+0000] {logging_mixin.py:190} INFO - [2024-09-02T04:15:23.696+0000] {dagbag.py:587} INFO - Filling up the DagBag from /home/airflow/.local/lib/python3.12/site-packages/airflow/example_dags/example_latest_only_with_trigger.py
[2024-09-02T04:15:23.716+0000] {processor.py:925} INFO - DAG(s) 'latest_only_with_trigger' retrieved from /home/airflow/.local/lib/python3.12/site-packages/airflow/example_dags/example_latest_only_with_trigger.py
[2024-09-02T04:15:23.761+0000] {logging_mixin.py:190} INFO - [2024-09-02T04:15:23.760+0000] {dag.py:3211} INFO - Sync 1 DAGs
[2024-09-02T04:15:23.817+0000] {logging_mixin.py:190} INFO - [2024-09-02T04:15:23.816+0000] {dag.py:4138} INFO - Setting next_dagrun for latest_only_with_trigger to 2024-09-02 00:00:00+00:00, run_after=2024-09-02 04:00:00+00:00
[2024-09-02T04:15:23.865+0000] {processor.py:208} INFO - Processing /home/airflow/.local/lib/python3.12/site-packages/airflow/example_dags/example_latest_only_with_trigger.py took 0.191 seconds
[2024-09-02T04:15:54.837+0000] {processor.py:186} INFO - Started process (PID=355) to work on /home/airflow/.local/lib/python3.12/site-packages/airflow/example_dags/example_latest_only_with_trigger.py
[2024-09-02T04:15:54.839+0000] {processor.py:914} INFO - Processing file /home/airflow/.local/lib/python3.12/site-packages/airflow/example_dags/example_latest_only_with_trigger.py for tasks to queue
[2024-09-02T04:15:54.845+0000] {logging_mixin.py:190} INFO - [2024-09-02T04:15:54.844+0000] {dagbag.py:587} INFO - Filling up the DagBag from /home/airflow/.local/lib/python3.12/site-packages/airflow/example_dags/example_latest_only_with_trigger.py
[2024-09-02T04:15:54.859+0000] {processor.py:925} INFO - DAG(s) 'latest_only_with_trigger' retrieved from /home/airflow/.local/lib/python3.12/site-packages/airflow/example_dags/example_latest_only_with_trigger.py
[2024-09-02T04:15:54.901+0000] {logging_mixin.py:190} INFO - [2024-09-02T04:15:54.901+0000] {dag.py:3211} INFO - Sync 1 DAGs
[2024-09-02T04:15:54.953+0000] {logging_mixin.py:190} INFO - [2024-09-02T04:15:54.952+0000] {dag.py:4138} INFO - Setting next_dagrun for latest_only_with_trigger to 2024-09-02 00:00:00+00:00, run_after=2024-09-02 04:00:00+00:00
[2024-09-02T04:15:54.992+0000] {processor.py:208} INFO - Processing /home/airflow/.local/lib/python3.12/site-packages/airflow/example_dags/example_latest_only_with_trigger.py took 0.167 seconds
[2024-09-02T04:16:25.358+0000] {processor.py:186} INFO - Started process (PID=419) to work on /home/airflow/.local/lib/python3.12/site-packages/airflow/example_dags/example_latest_only_with_trigger.py
[2024-09-02T04:16:25.360+0000] {processor.py:914} INFO - Processing file /home/airflow/.local/lib/python3.12/site-packages/airflow/example_dags/example_latest_only_with_trigger.py for tasks to queue
[2024-09-02T04:16:25.370+0000] {logging_mixin.py:190} INFO - [2024-09-02T04:16:25.365+0000] {dagbag.py:587} INFO - Filling up the DagBag from /home/airflow/.local/lib/python3.12/site-packages/airflow/example_dags/example_latest_only_with_trigger.py
[2024-09-02T04:16:25.388+0000] {processor.py:925} INFO - DAG(s) 'latest_only_with_trigger' retrieved from /home/airflow/.local/lib/python3.12/site-packages/airflow/example_dags/example_latest_only_with_trigger.py
[2024-09-02T04:16:25.435+0000] {logging_mixin.py:190} INFO - [2024-09-02T04:16:25.435+0000] {dag.py:3211} INFO - Sync 1 DAGs
[2024-09-02T04:16:25.487+0000] {logging_mixin.py:190} INFO - [2024-09-02T04:16:25.487+0000] {dag.py:4138} INFO - Setting next_dagrun for latest_only_with_trigger to 2024-09-02 00:00:00+00:00, run_after=2024-09-02 04:00:00+00:00
[2024-09-02T04:16:25.527+0000] {processor.py:208} INFO - Processing /home/airflow/.local/lib/python3.12/site-packages/airflow/example_dags/example_latest_only_with_trigger.py took 0.186 seconds
[2024-09-02T04:16:56.391+0000] {processor.py:186} INFO - Started process (PID=482) to work on /home/airflow/.local/lib/python3.12/site-packages/airflow/example_dags/example_latest_only_with_trigger.py
[2024-09-02T04:16:56.393+0000] {processor.py:914} INFO - Processing file /home/airflow/.local/lib/python3.12/site-packages/airflow/example_dags/example_latest_only_with_trigger.py for tasks to queue
[2024-09-02T04:16:56.400+0000] {logging_mixin.py:190} INFO - [2024-09-02T04:16:56.400+0000] {dagbag.py:587} INFO - Filling up the DagBag from /home/airflow/.local/lib/python3.12/site-packages/airflow/example_dags/example_latest_only_with_trigger.py
[2024-09-02T04:16:56.417+0000] {processor.py:925} INFO - DAG(s) 'latest_only_with_trigger' retrieved from /home/airflow/.local/lib/python3.12/site-packages/airflow/example_dags/example_latest_only_with_trigger.py
[2024-09-02T04:16:56.463+0000] {logging_mixin.py:190} INFO - [2024-09-02T04:16:56.463+0000] {dag.py:3211} INFO - Sync 1 DAGs
[2024-09-02T04:16:56.519+0000] {logging_mixin.py:190} INFO - [2024-09-02T04:16:56.519+0000] {dag.py:4138} INFO - Setting next_dagrun for latest_only_with_trigger to 2024-09-02 00:00:00+00:00, run_after=2024-09-02 04:00:00+00:00
[2024-09-02T04:16:56.567+0000] {processor.py:208} INFO - Processing /home/airflow/.local/lib/python3.12/site-packages/airflow/example_dags/example_latest_only_with_trigger.py took 0.191 seconds
[2024-09-02T04:17:26.799+0000] {processor.py:186} INFO - Started process (PID=545) to work on /home/airflow/.local/lib/python3.12/site-packages/airflow/example_dags/example_latest_only_with_trigger.py
[2024-09-02T04:17:26.801+0000] {processor.py:914} INFO - Processing file /home/airflow/.local/lib/python3.12/site-packages/airflow/example_dags/example_latest_only_with_trigger.py for tasks to queue
[2024-09-02T04:17:26.808+0000] {logging_mixin.py:190} INFO - [2024-09-02T04:17:26.807+0000] {dagbag.py:587} INFO - Filling up the DagBag from /home/airflow/.local/lib/python3.12/site-packages/airflow/example_dags/example_latest_only_with_trigger.py
[2024-09-02T04:17:26.827+0000] {processor.py:925} INFO - DAG(s) 'latest_only_with_trigger' retrieved from /home/airflow/.local/lib/python3.12/site-packages/airflow/example_dags/example_latest_only_with_trigger.py
[2024-09-02T04:17:26.927+0000] {logging_mixin.py:190} INFO - [2024-09-02T04:17:26.926+0000] {dag.py:3211} INFO - Sync 1 DAGs
[2024-09-02T04:17:26.996+0000] {logging_mixin.py:190} INFO - [2024-09-02T04:17:26.996+0000] {dag.py:4138} INFO - Setting next_dagrun for latest_only_with_trigger to 2024-09-02 00:00:00+00:00, run_after=2024-09-02 04:00:00+00:00
[2024-09-02T04:17:27.046+0000] {processor.py:208} INFO - Processing /home/airflow/.local/lib/python3.12/site-packages/airflow/example_dags/example_latest_only_with_trigger.py took 0.265 seconds
[2024-09-02T04:17:57.420+0000] {processor.py:186} INFO - Started process (PID=608) to work on /home/airflow/.local/lib/python3.12/site-packages/airflow/example_dags/example_latest_only_with_trigger.py
[2024-09-02T04:17:57.423+0000] {processor.py:914} INFO - Processing file /home/airflow/.local/lib/python3.12/site-packages/airflow/example_dags/example_latest_only_with_trigger.py for tasks to queue
[2024-09-02T04:17:57.430+0000] {logging_mixin.py:190} INFO - [2024-09-02T04:17:57.429+0000] {dagbag.py:587} INFO - Filling up the DagBag from /home/airflow/.local/lib/python3.12/site-packages/airflow/example_dags/example_latest_only_with_trigger.py
[2024-09-02T04:17:57.455+0000] {processor.py:925} INFO - DAG(s) 'latest_only_with_trigger' retrieved from /home/airflow/.local/lib/python3.12/site-packages/airflow/example_dags/example_latest_only_with_trigger.py
[2024-09-02T04:17:57.513+0000] {logging_mixin.py:190} INFO - [2024-09-02T04:17:57.512+0000] {dag.py:3211} INFO - Sync 1 DAGs
[2024-09-02T04:17:57.617+0000] {logging_mixin.py:190} INFO - [2024-09-02T04:17:57.616+0000] {dag.py:4138} INFO - Setting next_dagrun for latest_only_with_trigger to 2024-09-02 00:00:00+00:00, run_after=2024-09-02 04:00:00+00:00
[2024-09-02T04:17:57.708+0000] {processor.py:208} INFO - Processing /home/airflow/.local/lib/python3.12/site-packages/airflow/example_dags/example_latest_only_with_trigger.py took 0.302 seconds
[2024-09-02T04:18:27.980+0000] {processor.py:186} INFO - Started process (PID=671) to work on /home/airflow/.local/lib/python3.12/site-packages/airflow/example_dags/example_latest_only_with_trigger.py
[2024-09-02T04:18:27.982+0000] {processor.py:914} INFO - Processing file /home/airflow/.local/lib/python3.12/site-packages/airflow/example_dags/example_latest_only_with_trigger.py for tasks to queue
[2024-09-02T04:18:27.988+0000] {logging_mixin.py:190} INFO - [2024-09-02T04:18:27.987+0000] {dagbag.py:587} INFO - Filling up the DagBag from /home/airflow/.local/lib/python3.12/site-packages/airflow/example_dags/example_latest_only_with_trigger.py
[2024-09-02T04:18:28.002+0000] {processor.py:925} INFO - DAG(s) 'latest_only_with_trigger' retrieved from /home/airflow/.local/lib/python3.12/site-packages/airflow/example_dags/example_latest_only_with_trigger.py
[2024-09-02T04:18:28.046+0000] {logging_mixin.py:190} INFO - [2024-09-02T04:18:28.046+0000] {dag.py:3211} INFO - Sync 1 DAGs
[2024-09-02T04:18:28.091+0000] {logging_mixin.py:190} INFO - [2024-09-02T04:18:28.091+0000] {dag.py:4138} INFO - Setting next_dagrun for latest_only_with_trigger to 2024-09-02 00:00:00+00:00, run_after=2024-09-02 04:00:00+00:00
[2024-09-02T04:18:28.129+0000] {processor.py:208} INFO - Processing /home/airflow/.local/lib/python3.12/site-packages/airflow/example_dags/example_latest_only_with_trigger.py took 0.163 seconds
[2024-09-02T04:18:58.539+0000] {processor.py:186} INFO - Started process (PID=734) to work on /home/airflow/.local/lib/python3.12/site-packages/airflow/example_dags/example_latest_only_with_trigger.py
[2024-09-02T04:18:58.541+0000] {processor.py:914} INFO - Processing file /home/airflow/.local/lib/python3.12/site-packages/airflow/example_dags/example_latest_only_with_trigger.py for tasks to queue
[2024-09-02T04:18:58.546+0000] {logging_mixin.py:190} INFO - [2024-09-02T04:18:58.546+0000] {dagbag.py:587} INFO - Filling up the DagBag from /home/airflow/.local/lib/python3.12/site-packages/airflow/example_dags/example_latest_only_with_trigger.py
[2024-09-02T04:18:58.560+0000] {processor.py:925} INFO - DAG(s) 'latest_only_with_trigger' retrieved from /home/airflow/.local/lib/python3.12/site-packages/airflow/example_dags/example_latest_only_with_trigger.py
[2024-09-02T04:18:58.599+0000] {logging_mixin.py:190} INFO - [2024-09-02T04:18:58.598+0000] {dag.py:3211} INFO - Sync 1 DAGs
[2024-09-02T04:18:58.643+0000] {logging_mixin.py:190} INFO - [2024-09-02T04:18:58.642+0000] {dag.py:4138} INFO - Setting next_dagrun for latest_only_with_trigger to 2024-09-02 00:00:00+00:00, run_after=2024-09-02 04:00:00+00:00
[2024-09-02T04:18:58.681+0000] {processor.py:208} INFO - Processing /home/airflow/.local/lib/python3.12/site-packages/airflow/example_dags/example_latest_only_with_trigger.py took 0.154 seconds
[2024-09-02T04:19:29.514+0000] {processor.py:186} INFO - Started process (PID=796) to work on /home/airflow/.local/lib/python3.12/site-packages/airflow/example_dags/example_latest_only_with_trigger.py
[2024-09-02T04:19:29.516+0000] {processor.py:914} INFO - Processing file /home/airflow/.local/lib/python3.12/site-packages/airflow/example_dags/example_latest_only_with_trigger.py for tasks to queue
[2024-09-02T04:19:29.522+0000] {logging_mixin.py:190} INFO - [2024-09-02T04:19:29.521+0000] {dagbag.py:587} INFO - Filling up the DagBag from /home/airflow/.local/lib/python3.12/site-packages/airflow/example_dags/example_latest_only_with_trigger.py
[2024-09-02T04:19:29.538+0000] {processor.py:925} INFO - DAG(s) 'latest_only_with_trigger' retrieved from /home/airflow/.local/lib/python3.12/site-packages/airflow/example_dags/example_latest_only_with_trigger.py
[2024-09-02T04:19:29.586+0000] {logging_mixin.py:190} INFO - [2024-09-02T04:19:29.585+0000] {dag.py:3211} INFO - Sync 1 DAGs
[2024-09-02T04:19:29.637+0000] {logging_mixin.py:190} INFO - [2024-09-02T04:19:29.637+0000] {dag.py:4138} INFO - Setting next_dagrun for latest_only_with_trigger to 2024-09-02 00:00:00+00:00, run_after=2024-09-02 04:00:00+00:00
[2024-09-02T04:19:29.696+0000] {processor.py:208} INFO - Processing /home/airflow/.local/lib/python3.12/site-packages/airflow/example_dags/example_latest_only_with_trigger.py took 0.196 seconds
[2024-09-02T04:20:00.457+0000] {processor.py:186} INFO - Started process (PID=859) to work on /home/airflow/.local/lib/python3.12/site-packages/airflow/example_dags/example_latest_only_with_trigger.py
[2024-09-02T04:20:00.460+0000] {processor.py:914} INFO - Processing file /home/airflow/.local/lib/python3.12/site-packages/airflow/example_dags/example_latest_only_with_trigger.py for tasks to queue
[2024-09-02T04:20:00.469+0000] {logging_mixin.py:190} INFO - [2024-09-02T04:20:00.467+0000] {dagbag.py:587} INFO - Filling up the DagBag from /home/airflow/.local/lib/python3.12/site-packages/airflow/example_dags/example_latest_only_with_trigger.py
[2024-09-02T04:20:00.493+0000] {processor.py:925} INFO - DAG(s) 'latest_only_with_trigger' retrieved from /home/airflow/.local/lib/python3.12/site-packages/airflow/example_dags/example_latest_only_with_trigger.py
[2024-09-02T04:20:00.573+0000] {logging_mixin.py:190} INFO - [2024-09-02T04:20:00.573+0000] {dag.py:3211} INFO - Sync 1 DAGs
[2024-09-02T04:20:00.723+0000] {logging_mixin.py:190} INFO - [2024-09-02T04:20:00.721+0000] {dag.py:4138} INFO - Setting next_dagrun for latest_only_with_trigger to 2024-09-02 00:00:00+00:00, run_after=2024-09-02 04:00:00+00:00
[2024-09-02T04:20:00.793+0000] {processor.py:208} INFO - Processing /home/airflow/.local/lib/python3.12/site-packages/airflow/example_dags/example_latest_only_with_trigger.py took 0.351 seconds
[2024-09-02T04:20:31.205+0000] {processor.py:186} INFO - Started process (PID=922) to work on /home/airflow/.local/lib/python3.12/site-packages/airflow/example_dags/example_latest_only_with_trigger.py
[2024-09-02T04:20:31.208+0000] {processor.py:914} INFO - Processing file /home/airflow/.local/lib/python3.12/site-packages/airflow/example_dags/example_latest_only_with_trigger.py for tasks to queue
[2024-09-02T04:20:31.216+0000] {logging_mixin.py:190} INFO - [2024-09-02T04:20:31.213+0000] {dagbag.py:587} INFO - Filling up the DagBag from /home/airflow/.local/lib/python3.12/site-packages/airflow/example_dags/example_latest_only_with_trigger.py
[2024-09-02T04:20:31.243+0000] {processor.py:925} INFO - DAG(s) 'latest_only_with_trigger' retrieved from /home/airflow/.local/lib/python3.12/site-packages/airflow/example_dags/example_latest_only_with_trigger.py
[2024-09-02T04:20:31.330+0000] {logging_mixin.py:190} INFO - [2024-09-02T04:20:31.323+0000] {dag.py:3211} INFO - Sync 1 DAGs
[2024-09-02T04:20:31.450+0000] {logging_mixin.py:190} INFO - [2024-09-02T04:20:31.450+0000] {dag.py:4138} INFO - Setting next_dagrun for latest_only_with_trigger to 2024-09-02 00:00:00+00:00, run_after=2024-09-02 04:00:00+00:00
[2024-09-02T04:20:31.522+0000] {processor.py:208} INFO - Processing /home/airflow/.local/lib/python3.12/site-packages/airflow/example_dags/example_latest_only_with_trigger.py took 0.336 seconds
[2024-09-02T04:21:01.654+0000] {processor.py:186} INFO - Started process (PID=986) to work on /home/airflow/.local/lib/python3.12/site-packages/airflow/example_dags/example_latest_only_with_trigger.py
[2024-09-02T04:21:01.657+0000] {processor.py:914} INFO - Processing file /home/airflow/.local/lib/python3.12/site-packages/airflow/example_dags/example_latest_only_with_trigger.py for tasks to queue
[2024-09-02T04:21:01.670+0000] {logging_mixin.py:190} INFO - [2024-09-02T04:21:01.669+0000] {dagbag.py:587} INFO - Filling up the DagBag from /home/airflow/.local/lib/python3.12/site-packages/airflow/example_dags/example_latest_only_with_trigger.py
[2024-09-02T04:21:01.703+0000] {processor.py:925} INFO - DAG(s) 'latest_only_with_trigger' retrieved from /home/airflow/.local/lib/python3.12/site-packages/airflow/example_dags/example_latest_only_with_trigger.py
[2024-09-02T04:21:01.825+0000] {logging_mixin.py:190} INFO - [2024-09-02T04:21:01.823+0000] {dag.py:3211} INFO - Sync 1 DAGs
[2024-09-02T04:21:01.920+0000] {logging_mixin.py:190} INFO - [2024-09-02T04:21:01.920+0000] {dag.py:4138} INFO - Setting next_dagrun for latest_only_with_trigger to 2024-09-02 00:00:00+00:00, run_after=2024-09-02 04:00:00+00:00
[2024-09-02T04:21:01.986+0000] {processor.py:208} INFO - Processing /home/airflow/.local/lib/python3.12/site-packages/airflow/example_dags/example_latest_only_with_trigger.py took 0.355 seconds
[2024-09-02T04:21:41.854+0000] {processor.py:186} INFO - Started process (PID=1048) to work on /home/airflow/.local/lib/python3.12/site-packages/airflow/example_dags/example_latest_only_with_trigger.py
[2024-09-02T04:21:41.856+0000] {processor.py:914} INFO - Processing file /home/airflow/.local/lib/python3.12/site-packages/airflow/example_dags/example_latest_only_with_trigger.py for tasks to queue
[2024-09-02T04:21:41.873+0000] {logging_mixin.py:190} INFO - [2024-09-02T04:21:41.872+0000] {dagbag.py:587} INFO - Filling up the DagBag from /home/airflow/.local/lib/python3.12/site-packages/airflow/example_dags/example_latest_only_with_trigger.py
[2024-09-02T04:21:41.919+0000] {processor.py:925} INFO - DAG(s) 'latest_only_with_trigger' retrieved from /home/airflow/.local/lib/python3.12/site-packages/airflow/example_dags/example_latest_only_with_trigger.py
[2024-09-02T04:21:42.041+0000] {logging_mixin.py:190} INFO - [2024-09-02T04:21:42.040+0000] {dag.py:3211} INFO - Sync 1 DAGs
[2024-09-02T04:21:42.211+0000] {logging_mixin.py:190} INFO - [2024-09-02T04:21:42.211+0000] {dag.py:4138} INFO - Setting next_dagrun for latest_only_with_trigger to 2024-09-02 00:00:00+00:00, run_after=2024-09-02 04:00:00+00:00
[2024-09-02T04:21:42.322+0000] {processor.py:208} INFO - Processing /home/airflow/.local/lib/python3.12/site-packages/airflow/example_dags/example_latest_only_with_trigger.py took 0.505 seconds
[2024-09-02T04:22:15.381+0000] {processor.py:186} INFO - Started process (PID=1111) to work on /home/airflow/.local/lib/python3.12/site-packages/airflow/example_dags/example_latest_only_with_trigger.py
[2024-09-02T04:22:15.384+0000] {processor.py:914} INFO - Processing file /home/airflow/.local/lib/python3.12/site-packages/airflow/example_dags/example_latest_only_with_trigger.py for tasks to queue
[2024-09-02T04:22:15.401+0000] {logging_mixin.py:190} INFO - [2024-09-02T04:22:15.400+0000] {dagbag.py:587} INFO - Filling up the DagBag from /home/airflow/.local/lib/python3.12/site-packages/airflow/example_dags/example_latest_only_with_trigger.py
[2024-09-02T04:22:15.449+0000] {processor.py:925} INFO - DAG(s) 'latest_only_with_trigger' retrieved from /home/airflow/.local/lib/python3.12/site-packages/airflow/example_dags/example_latest_only_with_trigger.py
[2024-09-02T04:22:15.588+0000] {logging_mixin.py:190} INFO - [2024-09-02T04:22:15.587+0000] {dag.py:3211} INFO - Sync 1 DAGs
[2024-09-02T04:22:15.760+0000] {logging_mixin.py:190} INFO - [2024-09-02T04:22:15.759+0000] {dag.py:4138} INFO - Setting next_dagrun for latest_only_with_trigger to 2024-09-02 00:00:00+00:00, run_after=2024-09-02 04:00:00+00:00
[2024-09-02T04:22:15.934+0000] {processor.py:208} INFO - Processing /home/airflow/.local/lib/python3.12/site-packages/airflow/example_dags/example_latest_only_with_trigger.py took 0.589 seconds
[2024-09-02T04:23:10.819+0000] {processor.py:186} INFO - Started process (PID=1169) to work on /home/airflow/.local/lib/python3.12/site-packages/airflow/example_dags/example_latest_only_with_trigger.py
[2024-09-02T04:23:10.839+0000] {processor.py:914} INFO - Processing file /home/airflow/.local/lib/python3.12/site-packages/airflow/example_dags/example_latest_only_with_trigger.py for tasks to queue
[2024-09-02T04:23:10.856+0000] {logging_mixin.py:190} INFO - [2024-09-02T04:23:10.856+0000] {dagbag.py:587} INFO - Filling up the DagBag from /home/airflow/.local/lib/python3.12/site-packages/airflow/example_dags/example_latest_only_with_trigger.py
[2024-09-02T04:23:10.930+0000] {processor.py:925} INFO - DAG(s) 'latest_only_with_trigger' retrieved from /home/airflow/.local/lib/python3.12/site-packages/airflow/example_dags/example_latest_only_with_trigger.py
[2024-09-02T04:23:11.106+0000] {logging_mixin.py:190} INFO - [2024-09-02T04:23:11.105+0000] {dag.py:3211} INFO - Sync 1 DAGs
[2024-09-02T04:23:11.305+0000] {logging_mixin.py:190} INFO - [2024-09-02T04:23:11.304+0000] {dag.py:4138} INFO - Setting next_dagrun for latest_only_with_trigger to 2024-09-02 00:00:00+00:00, run_after=2024-09-02 04:00:00+00:00
[2024-09-02T04:23:11.479+0000] {processor.py:208} INFO - Processing /home/airflow/.local/lib/python3.12/site-packages/airflow/example_dags/example_latest_only_with_trigger.py took 0.710 seconds
[2024-09-02T04:26:09.638+0000] {processor.py:186} INFO - Started process (PID=87) to work on /home/airflow/.local/lib/python3.12/site-packages/airflow/example_dags/example_latest_only_with_trigger.py
[2024-09-02T04:26:09.642+0000] {processor.py:914} INFO - Processing file /home/airflow/.local/lib/python3.12/site-packages/airflow/example_dags/example_latest_only_with_trigger.py for tasks to queue
[2024-09-02T04:26:09.648+0000] {logging_mixin.py:190} INFO - [2024-09-02T04:26:09.647+0000] {dagbag.py:587} INFO - Filling up the DagBag from /home/airflow/.local/lib/python3.12/site-packages/airflow/example_dags/example_latest_only_with_trigger.py
[2024-09-02T04:26:09.687+0000] {processor.py:925} INFO - DAG(s) 'latest_only_with_trigger' retrieved from /home/airflow/.local/lib/python3.12/site-packages/airflow/example_dags/example_latest_only_with_trigger.py
[2024-09-02T04:26:09.852+0000] {logging_mixin.py:190} INFO - [2024-09-02T04:26:09.851+0000] {dag.py:3211} INFO - Sync 1 DAGs
[2024-09-02T04:26:10.061+0000] {logging_mixin.py:190} INFO - [2024-09-02T04:26:10.060+0000] {dag.py:4138} INFO - Setting next_dagrun for latest_only_with_trigger to 2024-09-02 00:00:00+00:00, run_after=2024-09-02 04:00:00+00:00
[2024-09-02T04:26:10.216+0000] {processor.py:208} INFO - Processing /home/airflow/.local/lib/python3.12/site-packages/airflow/example_dags/example_latest_only_with_trigger.py took 0.596 seconds
[2024-09-02T04:27:05.623+0000] {processor.py:186} INFO - Started process (PID=155) to work on /home/airflow/.local/lib/python3.12/site-packages/airflow/example_dags/example_latest_only_with_trigger.py
[2024-09-02T04:27:05.626+0000] {processor.py:914} INFO - Processing file /home/airflow/.local/lib/python3.12/site-packages/airflow/example_dags/example_latest_only_with_trigger.py for tasks to queue
[2024-09-02T04:27:05.639+0000] {logging_mixin.py:190} INFO - [2024-09-02T04:27:05.638+0000] {dagbag.py:587} INFO - Filling up the DagBag from /home/airflow/.local/lib/python3.12/site-packages/airflow/example_dags/example_latest_only_with_trigger.py
[2024-09-02T04:27:05.672+0000] {processor.py:925} INFO - DAG(s) 'latest_only_with_trigger' retrieved from /home/airflow/.local/lib/python3.12/site-packages/airflow/example_dags/example_latest_only_with_trigger.py
[2024-09-02T04:27:05.802+0000] {logging_mixin.py:190} INFO - [2024-09-02T04:27:05.801+0000] {dag.py:3211} INFO - Sync 1 DAGs
[2024-09-02T04:27:05.938+0000] {logging_mixin.py:190} INFO - [2024-09-02T04:27:05.937+0000] {dag.py:4138} INFO - Setting next_dagrun for latest_only_with_trigger to 2024-09-02 00:00:00+00:00, run_after=2024-09-02 04:00:00+00:00
[2024-09-02T04:27:06.031+0000] {processor.py:208} INFO - Processing /home/airflow/.local/lib/python3.12/site-packages/airflow/example_dags/example_latest_only_with_trigger.py took 0.427 seconds
[2024-09-02T04:27:36.634+0000] {processor.py:186} INFO - Started process (PID=218) to work on /home/airflow/.local/lib/python3.12/site-packages/airflow/example_dags/example_latest_only_with_trigger.py
[2024-09-02T04:27:36.636+0000] {processor.py:914} INFO - Processing file /home/airflow/.local/lib/python3.12/site-packages/airflow/example_dags/example_latest_only_with_trigger.py for tasks to queue
[2024-09-02T04:27:36.652+0000] {logging_mixin.py:190} INFO - [2024-09-02T04:27:36.651+0000] {dagbag.py:587} INFO - Filling up the DagBag from /home/airflow/.local/lib/python3.12/site-packages/airflow/example_dags/example_latest_only_with_trigger.py
[2024-09-02T04:27:36.693+0000] {processor.py:925} INFO - DAG(s) 'latest_only_with_trigger' retrieved from /home/airflow/.local/lib/python3.12/site-packages/airflow/example_dags/example_latest_only_with_trigger.py
[2024-09-02T04:27:36.785+0000] {logging_mixin.py:190} INFO - [2024-09-02T04:27:36.784+0000] {dag.py:3211} INFO - Sync 1 DAGs
[2024-09-02T04:27:36.860+0000] {logging_mixin.py:190} INFO - [2024-09-02T04:27:36.860+0000] {dag.py:4138} INFO - Setting next_dagrun for latest_only_with_trigger to 2024-09-02 00:00:00+00:00, run_after=2024-09-02 04:00:00+00:00
[2024-09-02T04:27:36.926+0000] {processor.py:208} INFO - Processing /home/airflow/.local/lib/python3.12/site-packages/airflow/example_dags/example_latest_only_with_trigger.py took 0.310 seconds
[2024-09-02T04:28:07.348+0000] {processor.py:186} INFO - Started process (PID=281) to work on /home/airflow/.local/lib/python3.12/site-packages/airflow/example_dags/example_latest_only_with_trigger.py
[2024-09-02T04:28:07.359+0000] {processor.py:914} INFO - Processing file /home/airflow/.local/lib/python3.12/site-packages/airflow/example_dags/example_latest_only_with_trigger.py for tasks to queue
[2024-09-02T04:28:07.364+0000] {logging_mixin.py:190} INFO - [2024-09-02T04:28:07.364+0000] {dagbag.py:587} INFO - Filling up the DagBag from /home/airflow/.local/lib/python3.12/site-packages/airflow/example_dags/example_latest_only_with_trigger.py
[2024-09-02T04:28:07.404+0000] {processor.py:925} INFO - DAG(s) 'latest_only_with_trigger' retrieved from /home/airflow/.local/lib/python3.12/site-packages/airflow/example_dags/example_latest_only_with_trigger.py
[2024-09-02T04:28:07.482+0000] {logging_mixin.py:190} INFO - [2024-09-02T04:28:07.481+0000] {dag.py:3211} INFO - Sync 1 DAGs
[2024-09-02T04:28:07.540+0000] {logging_mixin.py:190} INFO - [2024-09-02T04:28:07.539+0000] {dag.py:4138} INFO - Setting next_dagrun for latest_only_with_trigger to 2024-09-02 00:00:00+00:00, run_after=2024-09-02 04:00:00+00:00
[2024-09-02T04:28:07.591+0000] {processor.py:208} INFO - Processing /home/airflow/.local/lib/python3.12/site-packages/airflow/example_dags/example_latest_only_with_trigger.py took 0.275 seconds
[2024-09-02T04:28:37.741+0000] {processor.py:186} INFO - Started process (PID=345) to work on /home/airflow/.local/lib/python3.12/site-packages/airflow/example_dags/example_latest_only_with_trigger.py
[2024-09-02T04:28:37.743+0000] {processor.py:914} INFO - Processing file /home/airflow/.local/lib/python3.12/site-packages/airflow/example_dags/example_latest_only_with_trigger.py for tasks to queue
[2024-09-02T04:28:37.750+0000] {logging_mixin.py:190} INFO - [2024-09-02T04:28:37.749+0000] {dagbag.py:587} INFO - Filling up the DagBag from /home/airflow/.local/lib/python3.12/site-packages/airflow/example_dags/example_latest_only_with_trigger.py
[2024-09-02T04:28:37.768+0000] {processor.py:925} INFO - DAG(s) 'latest_only_with_trigger' retrieved from /home/airflow/.local/lib/python3.12/site-packages/airflow/example_dags/example_latest_only_with_trigger.py
[2024-09-02T04:28:37.816+0000] {logging_mixin.py:190} INFO - [2024-09-02T04:28:37.815+0000] {dag.py:3211} INFO - Sync 1 DAGs
[2024-09-02T04:28:37.874+0000] {logging_mixin.py:190} INFO - [2024-09-02T04:28:37.873+0000] {dag.py:4138} INFO - Setting next_dagrun for latest_only_with_trigger to 2024-09-02 00:00:00+00:00, run_after=2024-09-02 04:00:00+00:00
[2024-09-02T04:28:37.922+0000] {processor.py:208} INFO - Processing /home/airflow/.local/lib/python3.12/site-packages/airflow/example_dags/example_latest_only_with_trigger.py took 0.196 seconds
[2024-09-02T04:29:08.992+0000] {processor.py:186} INFO - Started process (PID=408) to work on /home/airflow/.local/lib/python3.12/site-packages/airflow/example_dags/example_latest_only_with_trigger.py
[2024-09-02T04:29:08.994+0000] {processor.py:914} INFO - Processing file /home/airflow/.local/lib/python3.12/site-packages/airflow/example_dags/example_latest_only_with_trigger.py for tasks to queue
[2024-09-02T04:29:09.001+0000] {logging_mixin.py:190} INFO - [2024-09-02T04:29:08.999+0000] {dagbag.py:587} INFO - Filling up the DagBag from /home/airflow/.local/lib/python3.12/site-packages/airflow/example_dags/example_latest_only_with_trigger.py
[2024-09-02T04:29:09.026+0000] {processor.py:925} INFO - DAG(s) 'latest_only_with_trigger' retrieved from /home/airflow/.local/lib/python3.12/site-packages/airflow/example_dags/example_latest_only_with_trigger.py
[2024-09-02T04:29:09.092+0000] {logging_mixin.py:190} INFO - [2024-09-02T04:29:09.091+0000] {dag.py:3211} INFO - Sync 1 DAGs
[2024-09-02T04:29:09.154+0000] {logging_mixin.py:190} INFO - [2024-09-02T04:29:09.153+0000] {dag.py:4138} INFO - Setting next_dagrun for latest_only_with_trigger to 2024-09-02 00:00:00+00:00, run_after=2024-09-02 04:00:00+00:00
[2024-09-02T04:29:09.203+0000] {processor.py:208} INFO - Processing /home/airflow/.local/lib/python3.12/site-packages/airflow/example_dags/example_latest_only_with_trigger.py took 0.227 seconds
[2024-09-02T04:29:39.875+0000] {processor.py:186} INFO - Started process (PID=471) to work on /home/airflow/.local/lib/python3.12/site-packages/airflow/example_dags/example_latest_only_with_trigger.py
[2024-09-02T04:29:39.877+0000] {processor.py:914} INFO - Processing file /home/airflow/.local/lib/python3.12/site-packages/airflow/example_dags/example_latest_only_with_trigger.py for tasks to queue
[2024-09-02T04:29:39.890+0000] {logging_mixin.py:190} INFO - [2024-09-02T04:29:39.889+0000] {dagbag.py:587} INFO - Filling up the DagBag from /home/airflow/.local/lib/python3.12/site-packages/airflow/example_dags/example_latest_only_with_trigger.py
[2024-09-02T04:29:39.929+0000] {processor.py:925} INFO - DAG(s) 'latest_only_with_trigger' retrieved from /home/airflow/.local/lib/python3.12/site-packages/airflow/example_dags/example_latest_only_with_trigger.py
[2024-09-02T04:29:40.004+0000] {logging_mixin.py:190} INFO - [2024-09-02T04:29:40.004+0000] {dag.py:3211} INFO - Sync 1 DAGs
[2024-09-02T04:29:40.159+0000] {logging_mixin.py:190} INFO - [2024-09-02T04:29:40.159+0000] {dag.py:4138} INFO - Setting next_dagrun for latest_only_with_trigger to 2024-09-02 00:00:00+00:00, run_after=2024-09-02 04:00:00+00:00
[2024-09-02T04:29:40.242+0000] {processor.py:208} INFO - Processing /home/airflow/.local/lib/python3.12/site-packages/airflow/example_dags/example_latest_only_with_trigger.py took 0.402 seconds
[2024-09-02T04:30:10.496+0000] {processor.py:186} INFO - Started process (PID=535) to work on /home/airflow/.local/lib/python3.12/site-packages/airflow/example_dags/example_latest_only_with_trigger.py
[2024-09-02T04:30:10.499+0000] {processor.py:914} INFO - Processing file /home/airflow/.local/lib/python3.12/site-packages/airflow/example_dags/example_latest_only_with_trigger.py for tasks to queue
[2024-09-02T04:30:10.505+0000] {logging_mixin.py:190} INFO - [2024-09-02T04:30:10.504+0000] {dagbag.py:587} INFO - Filling up the DagBag from /home/airflow/.local/lib/python3.12/site-packages/airflow/example_dags/example_latest_only_with_trigger.py
[2024-09-02T04:30:10.538+0000] {processor.py:925} INFO - DAG(s) 'latest_only_with_trigger' retrieved from /home/airflow/.local/lib/python3.12/site-packages/airflow/example_dags/example_latest_only_with_trigger.py
[2024-09-02T04:30:10.625+0000] {logging_mixin.py:190} INFO - [2024-09-02T04:30:10.624+0000] {dag.py:3211} INFO - Sync 1 DAGs
[2024-09-02T04:30:10.745+0000] {logging_mixin.py:190} INFO - [2024-09-02T04:30:10.744+0000] {dag.py:4138} INFO - Setting next_dagrun for latest_only_with_trigger to 2024-09-02 00:00:00+00:00, run_after=2024-09-02 04:00:00+00:00
[2024-09-02T04:30:10.812+0000] {processor.py:208} INFO - Processing /home/airflow/.local/lib/python3.12/site-packages/airflow/example_dags/example_latest_only_with_trigger.py took 0.339 seconds
[2024-09-02T04:30:41.563+0000] {processor.py:186} INFO - Started process (PID=599) to work on /home/airflow/.local/lib/python3.12/site-packages/airflow/example_dags/example_latest_only_with_trigger.py
[2024-09-02T04:30:41.566+0000] {processor.py:914} INFO - Processing file /home/airflow/.local/lib/python3.12/site-packages/airflow/example_dags/example_latest_only_with_trigger.py for tasks to queue
[2024-09-02T04:30:41.572+0000] {logging_mixin.py:190} INFO - [2024-09-02T04:30:41.571+0000] {dagbag.py:587} INFO - Filling up the DagBag from /home/airflow/.local/lib/python3.12/site-packages/airflow/example_dags/example_latest_only_with_trigger.py
[2024-09-02T04:30:41.593+0000] {processor.py:925} INFO - DAG(s) 'latest_only_with_trigger' retrieved from /home/airflow/.local/lib/python3.12/site-packages/airflow/example_dags/example_latest_only_with_trigger.py
[2024-09-02T04:30:41.659+0000] {logging_mixin.py:190} INFO - [2024-09-02T04:30:41.659+0000] {dag.py:3211} INFO - Sync 1 DAGs
[2024-09-02T04:30:41.726+0000] {logging_mixin.py:190} INFO - [2024-09-02T04:30:41.726+0000] {dag.py:4138} INFO - Setting next_dagrun for latest_only_with_trigger to 2024-09-02 00:00:00+00:00, run_after=2024-09-02 04:00:00+00:00
[2024-09-02T04:30:41.855+0000] {processor.py:208} INFO - Processing /home/airflow/.local/lib/python3.12/site-packages/airflow/example_dags/example_latest_only_with_trigger.py took 0.306 seconds
[2024-09-02T04:31:13.923+0000] {processor.py:186} INFO - Started process (PID=661) to work on /home/airflow/.local/lib/python3.12/site-packages/airflow/example_dags/example_latest_only_with_trigger.py
[2024-09-02T04:31:13.941+0000] {processor.py:914} INFO - Processing file /home/airflow/.local/lib/python3.12/site-packages/airflow/example_dags/example_latest_only_with_trigger.py for tasks to queue
[2024-09-02T04:31:13.952+0000] {logging_mixin.py:190} INFO - [2024-09-02T04:31:13.951+0000] {dagbag.py:587} INFO - Filling up the DagBag from /home/airflow/.local/lib/python3.12/site-packages/airflow/example_dags/example_latest_only_with_trigger.py
[2024-09-02T04:31:13.993+0000] {processor.py:925} INFO - DAG(s) 'latest_only_with_trigger' retrieved from /home/airflow/.local/lib/python3.12/site-packages/airflow/example_dags/example_latest_only_with_trigger.py
[2024-09-02T04:31:14.122+0000] {logging_mixin.py:190} INFO - [2024-09-02T04:31:14.121+0000] {dag.py:3211} INFO - Sync 1 DAGs
[2024-09-02T04:31:14.301+0000] {logging_mixin.py:190} INFO - [2024-09-02T04:31:14.290+0000] {dag.py:4138} INFO - Setting next_dagrun for latest_only_with_trigger to 2024-09-02 00:00:00+00:00, run_after=2024-09-02 04:00:00+00:00
[2024-09-02T04:31:14.418+0000] {processor.py:208} INFO - Processing /home/airflow/.local/lib/python3.12/site-packages/airflow/example_dags/example_latest_only_with_trigger.py took 0.521 seconds
[2024-09-02T04:31:48.009+0000] {processor.py:186} INFO - Started process (PID=724) to work on /home/airflow/.local/lib/python3.12/site-packages/airflow/example_dags/example_latest_only_with_trigger.py
[2024-09-02T04:31:48.022+0000] {processor.py:914} INFO - Processing file /home/airflow/.local/lib/python3.12/site-packages/airflow/example_dags/example_latest_only_with_trigger.py for tasks to queue
[2024-09-02T04:31:48.038+0000] {logging_mixin.py:190} INFO - [2024-09-02T04:31:48.037+0000] {dagbag.py:587} INFO - Filling up the DagBag from /home/airflow/.local/lib/python3.12/site-packages/airflow/example_dags/example_latest_only_with_trigger.py
[2024-09-02T04:31:48.101+0000] {processor.py:925} INFO - DAG(s) 'latest_only_with_trigger' retrieved from /home/airflow/.local/lib/python3.12/site-packages/airflow/example_dags/example_latest_only_with_trigger.py
[2024-09-02T04:31:48.244+0000] {logging_mixin.py:190} INFO - [2024-09-02T04:31:48.233+0000] {dag.py:3211} INFO - Sync 1 DAGs
[2024-09-02T04:31:48.424+0000] {logging_mixin.py:190} INFO - [2024-09-02T04:31:48.423+0000] {dag.py:4138} INFO - Setting next_dagrun for latest_only_with_trigger to 2024-09-02 00:00:00+00:00, run_after=2024-09-02 04:00:00+00:00
[2024-09-02T04:31:48.565+0000] {processor.py:208} INFO - Processing /home/airflow/.local/lib/python3.12/site-packages/airflow/example_dags/example_latest_only_with_trigger.py took 0.595 seconds
[2024-09-02T04:32:19.342+0000] {processor.py:186} INFO - Started process (PID=787) to work on /home/airflow/.local/lib/python3.12/site-packages/airflow/example_dags/example_latest_only_with_trigger.py
[2024-09-02T04:32:19.356+0000] {processor.py:914} INFO - Processing file /home/airflow/.local/lib/python3.12/site-packages/airflow/example_dags/example_latest_only_with_trigger.py for tasks to queue
[2024-09-02T04:32:19.372+0000] {logging_mixin.py:190} INFO - [2024-09-02T04:32:19.370+0000] {dagbag.py:587} INFO - Filling up the DagBag from /home/airflow/.local/lib/python3.12/site-packages/airflow/example_dags/example_latest_only_with_trigger.py
[2024-09-02T04:32:19.437+0000] {processor.py:925} INFO - DAG(s) 'latest_only_with_trigger' retrieved from /home/airflow/.local/lib/python3.12/site-packages/airflow/example_dags/example_latest_only_with_trigger.py
[2024-09-02T04:32:19.562+0000] {logging_mixin.py:190} INFO - [2024-09-02T04:32:19.562+0000] {dag.py:3211} INFO - Sync 1 DAGs
[2024-09-02T04:32:19.796+0000] {logging_mixin.py:190} INFO - [2024-09-02T04:32:19.796+0000] {dag.py:4138} INFO - Setting next_dagrun for latest_only_with_trigger to 2024-09-02 00:00:00+00:00, run_after=2024-09-02 04:00:00+00:00
[2024-09-02T04:32:20.079+0000] {processor.py:208} INFO - Processing /home/airflow/.local/lib/python3.12/site-packages/airflow/example_dags/example_latest_only_with_trigger.py took 0.772 seconds
[2024-09-02T04:32:50.317+0000] {processor.py:186} INFO - Started process (PID=850) to work on /home/airflow/.local/lib/python3.12/site-packages/airflow/example_dags/example_latest_only_with_trigger.py
[2024-09-02T04:32:50.319+0000] {processor.py:914} INFO - Processing file /home/airflow/.local/lib/python3.12/site-packages/airflow/example_dags/example_latest_only_with_trigger.py for tasks to queue
[2024-09-02T04:32:50.325+0000] {logging_mixin.py:190} INFO - [2024-09-02T04:32:50.324+0000] {dagbag.py:587} INFO - Filling up the DagBag from /home/airflow/.local/lib/python3.12/site-packages/airflow/example_dags/example_latest_only_with_trigger.py
[2024-09-02T04:32:50.348+0000] {processor.py:925} INFO - DAG(s) 'latest_only_with_trigger' retrieved from /home/airflow/.local/lib/python3.12/site-packages/airflow/example_dags/example_latest_only_with_trigger.py
[2024-09-02T04:32:50.443+0000] {logging_mixin.py:190} INFO - [2024-09-02T04:32:50.441+0000] {dag.py:3211} INFO - Sync 1 DAGs
[2024-09-02T04:32:50.523+0000] {logging_mixin.py:190} INFO - [2024-09-02T04:32:50.523+0000] {dag.py:4138} INFO - Setting next_dagrun for latest_only_with_trigger to 2024-09-02 00:00:00+00:00, run_after=2024-09-02 04:00:00+00:00
[2024-09-02T04:32:50.579+0000] {processor.py:208} INFO - Processing /home/airflow/.local/lib/python3.12/site-packages/airflow/example_dags/example_latest_only_with_trigger.py took 0.278 seconds
[2024-09-02T04:33:25.645+0000] {processor.py:186} INFO - Started process (PID=912) to work on /home/airflow/.local/lib/python3.12/site-packages/airflow/example_dags/example_latest_only_with_trigger.py
[2024-09-02T04:33:25.650+0000] {processor.py:914} INFO - Processing file /home/airflow/.local/lib/python3.12/site-packages/airflow/example_dags/example_latest_only_with_trigger.py for tasks to queue
[2024-09-02T04:33:25.675+0000] {logging_mixin.py:190} INFO - [2024-09-02T04:33:25.667+0000] {dagbag.py:587} INFO - Filling up the DagBag from /home/airflow/.local/lib/python3.12/site-packages/airflow/example_dags/example_latest_only_with_trigger.py
[2024-09-02T04:33:25.727+0000] {processor.py:925} INFO - DAG(s) 'latest_only_with_trigger' retrieved from /home/airflow/.local/lib/python3.12/site-packages/airflow/example_dags/example_latest_only_with_trigger.py
[2024-09-02T04:33:25.861+0000] {logging_mixin.py:190} INFO - [2024-09-02T04:33:25.860+0000] {dag.py:3211} INFO - Sync 1 DAGs
[2024-09-02T04:33:26.010+0000] {logging_mixin.py:190} INFO - [2024-09-02T04:33:25.999+0000] {dag.py:4138} INFO - Setting next_dagrun for latest_only_with_trigger to 2024-09-02 00:00:00+00:00, run_after=2024-09-02 04:00:00+00:00
[2024-09-02T04:33:26.107+0000] {processor.py:208} INFO - Processing /home/airflow/.local/lib/python3.12/site-packages/airflow/example_dags/example_latest_only_with_trigger.py took 0.503 seconds
[2024-09-02T04:33:56.524+0000] {processor.py:186} INFO - Started process (PID=975) to work on /home/airflow/.local/lib/python3.12/site-packages/airflow/example_dags/example_latest_only_with_trigger.py
[2024-09-02T04:33:56.542+0000] {processor.py:914} INFO - Processing file /home/airflow/.local/lib/python3.12/site-packages/airflow/example_dags/example_latest_only_with_trigger.py for tasks to queue
[2024-09-02T04:33:56.549+0000] {logging_mixin.py:190} INFO - [2024-09-02T04:33:56.548+0000] {dagbag.py:587} INFO - Filling up the DagBag from /home/airflow/.local/lib/python3.12/site-packages/airflow/example_dags/example_latest_only_with_trigger.py
[2024-09-02T04:33:56.586+0000] {processor.py:925} INFO - DAG(s) 'latest_only_with_trigger' retrieved from /home/airflow/.local/lib/python3.12/site-packages/airflow/example_dags/example_latest_only_with_trigger.py
[2024-09-02T04:33:56.735+0000] {logging_mixin.py:190} INFO - [2024-09-02T04:33:56.732+0000] {dag.py:3211} INFO - Sync 1 DAGs
[2024-09-02T04:33:56.838+0000] {logging_mixin.py:190} INFO - [2024-09-02T04:33:56.838+0000] {dag.py:4138} INFO - Setting next_dagrun for latest_only_with_trigger to 2024-09-02 00:00:00+00:00, run_after=2024-09-02 04:00:00+00:00
[2024-09-02T04:33:56.929+0000] {processor.py:208} INFO - Processing /home/airflow/.local/lib/python3.12/site-packages/airflow/example_dags/example_latest_only_with_trigger.py took 0.435 seconds
[2024-09-02T04:34:33.742+0000] {processor.py:186} INFO - Started process (PID=1037) to work on /home/airflow/.local/lib/python3.12/site-packages/airflow/example_dags/example_latest_only_with_trigger.py
[2024-09-02T04:34:33.771+0000] {processor.py:914} INFO - Processing file /home/airflow/.local/lib/python3.12/site-packages/airflow/example_dags/example_latest_only_with_trigger.py for tasks to queue
[2024-09-02T04:34:33.789+0000] {logging_mixin.py:190} INFO - [2024-09-02T04:34:33.788+0000] {dagbag.py:587} INFO - Filling up the DagBag from /home/airflow/.local/lib/python3.12/site-packages/airflow/example_dags/example_latest_only_with_trigger.py
[2024-09-02T04:34:33.864+0000] {processor.py:925} INFO - DAG(s) 'latest_only_with_trigger' retrieved from /home/airflow/.local/lib/python3.12/site-packages/airflow/example_dags/example_latest_only_with_trigger.py
[2024-09-02T04:34:34.024+0000] {logging_mixin.py:190} INFO - [2024-09-02T04:34:34.023+0000] {dag.py:3211} INFO - Sync 1 DAGs
[2024-09-02T04:34:34.266+0000] {logging_mixin.py:190} INFO - [2024-09-02T04:34:34.266+0000] {dag.py:4138} INFO - Setting next_dagrun for latest_only_with_trigger to 2024-09-02 00:00:00+00:00, run_after=2024-09-02 04:00:00+00:00
[2024-09-02T04:34:34.521+0000] {processor.py:208} INFO - Processing /home/airflow/.local/lib/python3.12/site-packages/airflow/example_dags/example_latest_only_with_trigger.py took 0.855 seconds
[2024-09-02T04:35:05.905+0000] {processor.py:186} INFO - Started process (PID=1100) to work on /home/airflow/.local/lib/python3.12/site-packages/airflow/example_dags/example_latest_only_with_trigger.py
[2024-09-02T04:35:05.910+0000] {processor.py:914} INFO - Processing file /home/airflow/.local/lib/python3.12/site-packages/airflow/example_dags/example_latest_only_with_trigger.py for tasks to queue
[2024-09-02T04:35:05.940+0000] {logging_mixin.py:190} INFO - [2024-09-02T04:35:05.938+0000] {dagbag.py:587} INFO - Filling up the DagBag from /home/airflow/.local/lib/python3.12/site-packages/airflow/example_dags/example_latest_only_with_trigger.py
[2024-09-02T04:35:06.002+0000] {processor.py:925} INFO - DAG(s) 'latest_only_with_trigger' retrieved from /home/airflow/.local/lib/python3.12/site-packages/airflow/example_dags/example_latest_only_with_trigger.py
[2024-09-02T04:35:06.233+0000] {logging_mixin.py:190} INFO - [2024-09-02T04:35:06.232+0000] {dag.py:3211} INFO - Sync 1 DAGs
[2024-09-02T04:35:06.639+0000] {logging_mixin.py:190} INFO - [2024-09-02T04:35:06.638+0000] {dag.py:4138} INFO - Setting next_dagrun for latest_only_with_trigger to 2024-09-02 00:00:00+00:00, run_after=2024-09-02 04:00:00+00:00
[2024-09-02T04:35:06.825+0000] {processor.py:208} INFO - Processing /home/airflow/.local/lib/python3.12/site-packages/airflow/example_dags/example_latest_only_with_trigger.py took 0.982 seconds
[2024-09-02T04:35:37.525+0000] {processor.py:186} INFO - Started process (PID=1163) to work on /home/airflow/.local/lib/python3.12/site-packages/airflow/example_dags/example_latest_only_with_trigger.py
[2024-09-02T04:35:37.528+0000] {processor.py:914} INFO - Processing file /home/airflow/.local/lib/python3.12/site-packages/airflow/example_dags/example_latest_only_with_trigger.py for tasks to queue
[2024-09-02T04:35:37.539+0000] {logging_mixin.py:190} INFO - [2024-09-02T04:35:37.538+0000] {dagbag.py:587} INFO - Filling up the DagBag from /home/airflow/.local/lib/python3.12/site-packages/airflow/example_dags/example_latest_only_with_trigger.py
[2024-09-02T04:35:37.564+0000] {processor.py:925} INFO - DAG(s) 'latest_only_with_trigger' retrieved from /home/airflow/.local/lib/python3.12/site-packages/airflow/example_dags/example_latest_only_with_trigger.py
[2024-09-02T04:35:37.666+0000] {logging_mixin.py:190} INFO - [2024-09-02T04:35:37.666+0000] {dag.py:3211} INFO - Sync 1 DAGs
[2024-09-02T04:35:37.779+0000] {logging_mixin.py:190} INFO - [2024-09-02T04:35:37.779+0000] {dag.py:4138} INFO - Setting next_dagrun for latest_only_with_trigger to 2024-09-02 00:00:00+00:00, run_after=2024-09-02 04:00:00+00:00
[2024-09-02T04:35:37.853+0000] {processor.py:208} INFO - Processing /home/airflow/.local/lib/python3.12/site-packages/airflow/example_dags/example_latest_only_with_trigger.py took 0.350 seconds
[2024-09-02T04:36:08.290+0000] {processor.py:186} INFO - Started process (PID=1227) to work on /home/airflow/.local/lib/python3.12/site-packages/airflow/example_dags/example_latest_only_with_trigger.py
[2024-09-02T04:36:08.298+0000] {processor.py:914} INFO - Processing file /home/airflow/.local/lib/python3.12/site-packages/airflow/example_dags/example_latest_only_with_trigger.py for tasks to queue
[2024-09-02T04:36:08.304+0000] {logging_mixin.py:190} INFO - [2024-09-02T04:36:08.303+0000] {dagbag.py:587} INFO - Filling up the DagBag from /home/airflow/.local/lib/python3.12/site-packages/airflow/example_dags/example_latest_only_with_trigger.py
[2024-09-02T04:36:08.324+0000] {processor.py:925} INFO - DAG(s) 'latest_only_with_trigger' retrieved from /home/airflow/.local/lib/python3.12/site-packages/airflow/example_dags/example_latest_only_with_trigger.py
[2024-09-02T04:36:08.387+0000] {logging_mixin.py:190} INFO - [2024-09-02T04:36:08.386+0000] {dag.py:3211} INFO - Sync 1 DAGs
[2024-09-02T04:36:08.456+0000] {logging_mixin.py:190} INFO - [2024-09-02T04:36:08.456+0000] {dag.py:4138} INFO - Setting next_dagrun for latest_only_with_trigger to 2024-09-02 00:00:00+00:00, run_after=2024-09-02 04:00:00+00:00
[2024-09-02T04:36:08.515+0000] {processor.py:208} INFO - Processing /home/airflow/.local/lib/python3.12/site-packages/airflow/example_dags/example_latest_only_with_trigger.py took 0.239 seconds
[2024-09-02T04:36:38.674+0000] {processor.py:186} INFO - Started process (PID=1291) to work on /home/airflow/.local/lib/python3.12/site-packages/airflow/example_dags/example_latest_only_with_trigger.py
[2024-09-02T04:36:38.677+0000] {processor.py:914} INFO - Processing file /home/airflow/.local/lib/python3.12/site-packages/airflow/example_dags/example_latest_only_with_trigger.py for tasks to queue
[2024-09-02T04:36:38.686+0000] {logging_mixin.py:190} INFO - [2024-09-02T04:36:38.685+0000] {dagbag.py:587} INFO - Filling up the DagBag from /home/airflow/.local/lib/python3.12/site-packages/airflow/example_dags/example_latest_only_with_trigger.py
[2024-09-02T04:36:38.718+0000] {processor.py:925} INFO - DAG(s) 'latest_only_with_trigger' retrieved from /home/airflow/.local/lib/python3.12/site-packages/airflow/example_dags/example_latest_only_with_trigger.py
[2024-09-02T04:36:38.784+0000] {logging_mixin.py:190} INFO - [2024-09-02T04:36:38.783+0000] {dag.py:3211} INFO - Sync 1 DAGs
[2024-09-02T04:36:38.867+0000] {logging_mixin.py:190} INFO - [2024-09-02T04:36:38.866+0000] {dag.py:4138} INFO - Setting next_dagrun for latest_only_with_trigger to 2024-09-02 00:00:00+00:00, run_after=2024-09-02 04:00:00+00:00
[2024-09-02T04:36:38.923+0000] {processor.py:208} INFO - Processing /home/airflow/.local/lib/python3.12/site-packages/airflow/example_dags/example_latest_only_with_trigger.py took 0.272 seconds
[2024-09-02T04:37:09.564+0000] {processor.py:186} INFO - Started process (PID=1353) to work on /home/airflow/.local/lib/python3.12/site-packages/airflow/example_dags/example_latest_only_with_trigger.py
[2024-09-02T04:37:09.566+0000] {processor.py:914} INFO - Processing file /home/airflow/.local/lib/python3.12/site-packages/airflow/example_dags/example_latest_only_with_trigger.py for tasks to queue
[2024-09-02T04:37:09.571+0000] {logging_mixin.py:190} INFO - [2024-09-02T04:37:09.571+0000] {dagbag.py:587} INFO - Filling up the DagBag from /home/airflow/.local/lib/python3.12/site-packages/airflow/example_dags/example_latest_only_with_trigger.py
[2024-09-02T04:37:09.589+0000] {processor.py:925} INFO - DAG(s) 'latest_only_with_trigger' retrieved from /home/airflow/.local/lib/python3.12/site-packages/airflow/example_dags/example_latest_only_with_trigger.py
[2024-09-02T04:37:09.641+0000] {logging_mixin.py:190} INFO - [2024-09-02T04:37:09.641+0000] {dag.py:3211} INFO - Sync 1 DAGs
[2024-09-02T04:37:09.692+0000] {logging_mixin.py:190} INFO - [2024-09-02T04:37:09.691+0000] {dag.py:4138} INFO - Setting next_dagrun for latest_only_with_trigger to 2024-09-02 00:00:00+00:00, run_after=2024-09-02 04:00:00+00:00
[2024-09-02T04:37:09.742+0000] {processor.py:208} INFO - Processing /home/airflow/.local/lib/python3.12/site-packages/airflow/example_dags/example_latest_only_with_trigger.py took 0.192 seconds
[2024-09-02T04:37:40.206+0000] {processor.py:186} INFO - Started process (PID=1422) to work on /home/airflow/.local/lib/python3.12/site-packages/airflow/example_dags/example_latest_only_with_trigger.py
[2024-09-02T04:37:40.209+0000] {processor.py:914} INFO - Processing file /home/airflow/.local/lib/python3.12/site-packages/airflow/example_dags/example_latest_only_with_trigger.py for tasks to queue
[2024-09-02T04:37:40.222+0000] {logging_mixin.py:190} INFO - [2024-09-02T04:37:40.221+0000] {dagbag.py:587} INFO - Filling up the DagBag from /home/airflow/.local/lib/python3.12/site-packages/airflow/example_dags/example_latest_only_with_trigger.py
[2024-09-02T04:37:40.281+0000] {processor.py:925} INFO - DAG(s) 'latest_only_with_trigger' retrieved from /home/airflow/.local/lib/python3.12/site-packages/airflow/example_dags/example_latest_only_with_trigger.py
[2024-09-02T04:37:40.431+0000] {logging_mixin.py:190} INFO - [2024-09-02T04:37:40.431+0000] {dag.py:3211} INFO - Sync 1 DAGs
[2024-09-02T04:37:40.573+0000] {logging_mixin.py:190} INFO - [2024-09-02T04:37:40.572+0000] {dag.py:4138} INFO - Setting next_dagrun for latest_only_with_trigger to 2024-09-02 00:00:00+00:00, run_after=2024-09-02 04:00:00+00:00
[2024-09-02T04:37:40.677+0000] {processor.py:208} INFO - Processing /home/airflow/.local/lib/python3.12/site-packages/airflow/example_dags/example_latest_only_with_trigger.py took 0.523 seconds
[2024-09-02T04:38:11.340+0000] {processor.py:186} INFO - Started process (PID=1486) to work on /home/airflow/.local/lib/python3.12/site-packages/airflow/example_dags/example_latest_only_with_trigger.py
[2024-09-02T04:38:11.342+0000] {processor.py:914} INFO - Processing file /home/airflow/.local/lib/python3.12/site-packages/airflow/example_dags/example_latest_only_with_trigger.py for tasks to queue
[2024-09-02T04:38:11.348+0000] {logging_mixin.py:190} INFO - [2024-09-02T04:38:11.347+0000] {dagbag.py:587} INFO - Filling up the DagBag from /home/airflow/.local/lib/python3.12/site-packages/airflow/example_dags/example_latest_only_with_trigger.py
[2024-09-02T04:38:11.365+0000] {processor.py:925} INFO - DAG(s) 'latest_only_with_trigger' retrieved from /home/airflow/.local/lib/python3.12/site-packages/airflow/example_dags/example_latest_only_with_trigger.py
[2024-09-02T04:38:11.421+0000] {logging_mixin.py:190} INFO - [2024-09-02T04:38:11.420+0000] {dag.py:3211} INFO - Sync 1 DAGs
[2024-09-02T04:38:11.492+0000] {logging_mixin.py:190} INFO - [2024-09-02T04:38:11.491+0000] {dag.py:4138} INFO - Setting next_dagrun for latest_only_with_trigger to 2024-09-02 00:00:00+00:00, run_after=2024-09-02 04:00:00+00:00
[2024-09-02T04:38:11.552+0000] {processor.py:208} INFO - Processing /home/airflow/.local/lib/python3.12/site-packages/airflow/example_dags/example_latest_only_with_trigger.py took 0.224 seconds
[2024-09-02T04:38:41.895+0000] {processor.py:186} INFO - Started process (PID=1549) to work on /home/airflow/.local/lib/python3.12/site-packages/airflow/example_dags/example_latest_only_with_trigger.py
[2024-09-02T04:38:41.897+0000] {processor.py:914} INFO - Processing file /home/airflow/.local/lib/python3.12/site-packages/airflow/example_dags/example_latest_only_with_trigger.py for tasks to queue
[2024-09-02T04:38:41.903+0000] {logging_mixin.py:190} INFO - [2024-09-02T04:38:41.902+0000] {dagbag.py:587} INFO - Filling up the DagBag from /home/airflow/.local/lib/python3.12/site-packages/airflow/example_dags/example_latest_only_with_trigger.py
[2024-09-02T04:38:41.923+0000] {processor.py:925} INFO - DAG(s) 'latest_only_with_trigger' retrieved from /home/airflow/.local/lib/python3.12/site-packages/airflow/example_dags/example_latest_only_with_trigger.py
[2024-09-02T04:38:41.988+0000] {logging_mixin.py:190} INFO - [2024-09-02T04:38:41.987+0000] {dag.py:3211} INFO - Sync 1 DAGs
[2024-09-02T04:38:42.124+0000] {logging_mixin.py:190} INFO - [2024-09-02T04:38:42.124+0000] {dag.py:4138} INFO - Setting next_dagrun for latest_only_with_trigger to 2024-09-02 00:00:00+00:00, run_after=2024-09-02 04:00:00+00:00
[2024-09-02T04:38:42.180+0000] {processor.py:208} INFO - Processing /home/airflow/.local/lib/python3.12/site-packages/airflow/example_dags/example_latest_only_with_trigger.py took 0.302 seconds
[2024-09-02T04:39:13.592+0000] {processor.py:186} INFO - Started process (PID=1612) to work on /home/airflow/.local/lib/python3.12/site-packages/airflow/example_dags/example_latest_only_with_trigger.py
[2024-09-02T04:39:13.596+0000] {processor.py:914} INFO - Processing file /home/airflow/.local/lib/python3.12/site-packages/airflow/example_dags/example_latest_only_with_trigger.py for tasks to queue
[2024-09-02T04:39:13.603+0000] {logging_mixin.py:190} INFO - [2024-09-02T04:39:13.602+0000] {dagbag.py:587} INFO - Filling up the DagBag from /home/airflow/.local/lib/python3.12/site-packages/airflow/example_dags/example_latest_only_with_trigger.py
[2024-09-02T04:39:13.634+0000] {processor.py:925} INFO - DAG(s) 'latest_only_with_trigger' retrieved from /home/airflow/.local/lib/python3.12/site-packages/airflow/example_dags/example_latest_only_with_trigger.py
[2024-09-02T04:39:13.692+0000] {logging_mixin.py:190} INFO - [2024-09-02T04:39:13.692+0000] {dag.py:3211} INFO - Sync 1 DAGs
[2024-09-02T04:39:13.761+0000] {logging_mixin.py:190} INFO - [2024-09-02T04:39:13.760+0000] {dag.py:4138} INFO - Setting next_dagrun for latest_only_with_trigger to 2024-09-02 00:00:00+00:00, run_after=2024-09-02 04:00:00+00:00
[2024-09-02T04:39:13.807+0000] {processor.py:208} INFO - Processing /home/airflow/.local/lib/python3.12/site-packages/airflow/example_dags/example_latest_only_with_trigger.py took 0.233 seconds
[2024-09-02T04:39:44.242+0000] {processor.py:186} INFO - Started process (PID=1672) to work on /home/airflow/.local/lib/python3.12/site-packages/airflow/example_dags/example_latest_only_with_trigger.py
[2024-09-02T04:39:44.247+0000] {processor.py:914} INFO - Processing file /home/airflow/.local/lib/python3.12/site-packages/airflow/example_dags/example_latest_only_with_trigger.py for tasks to queue
[2024-09-02T04:39:44.264+0000] {logging_mixin.py:190} INFO - [2024-09-02T04:39:44.263+0000] {dagbag.py:587} INFO - Filling up the DagBag from /home/airflow/.local/lib/python3.12/site-packages/airflow/example_dags/example_latest_only_with_trigger.py
[2024-09-02T04:39:44.304+0000] {processor.py:925} INFO - DAG(s) 'latest_only_with_trigger' retrieved from /home/airflow/.local/lib/python3.12/site-packages/airflow/example_dags/example_latest_only_with_trigger.py
[2024-09-02T04:39:44.394+0000] {logging_mixin.py:190} INFO - [2024-09-02T04:39:44.393+0000] {dag.py:3211} INFO - Sync 1 DAGs
[2024-09-02T04:39:44.520+0000] {logging_mixin.py:190} INFO - [2024-09-02T04:39:44.519+0000] {dag.py:4138} INFO - Setting next_dagrun for latest_only_with_trigger to 2024-09-02 00:00:00+00:00, run_after=2024-09-02 04:00:00+00:00
[2024-09-02T04:39:44.584+0000] {processor.py:208} INFO - Processing /home/airflow/.local/lib/python3.12/site-packages/airflow/example_dags/example_latest_only_with_trigger.py took 0.360 seconds
[2024-09-02T04:40:14.688+0000] {processor.py:186} INFO - Started process (PID=1734) to work on /home/airflow/.local/lib/python3.12/site-packages/airflow/example_dags/example_latest_only_with_trigger.py
[2024-09-02T04:40:14.691+0000] {processor.py:914} INFO - Processing file /home/airflow/.local/lib/python3.12/site-packages/airflow/example_dags/example_latest_only_with_trigger.py for tasks to queue
[2024-09-02T04:40:14.696+0000] {logging_mixin.py:190} INFO - [2024-09-02T04:40:14.695+0000] {dagbag.py:587} INFO - Filling up the DagBag from /home/airflow/.local/lib/python3.12/site-packages/airflow/example_dags/example_latest_only_with_trigger.py
[2024-09-02T04:40:14.713+0000] {processor.py:925} INFO - DAG(s) 'latest_only_with_trigger' retrieved from /home/airflow/.local/lib/python3.12/site-packages/airflow/example_dags/example_latest_only_with_trigger.py
[2024-09-02T04:40:14.768+0000] {logging_mixin.py:190} INFO - [2024-09-02T04:40:14.767+0000] {dag.py:3211} INFO - Sync 1 DAGs
[2024-09-02T04:40:14.858+0000] {logging_mixin.py:190} INFO - [2024-09-02T04:40:14.858+0000] {dag.py:4138} INFO - Setting next_dagrun for latest_only_with_trigger to 2024-09-02 00:00:00+00:00, run_after=2024-09-02 04:00:00+00:00
[2024-09-02T04:40:14.910+0000] {processor.py:208} INFO - Processing /home/airflow/.local/lib/python3.12/site-packages/airflow/example_dags/example_latest_only_with_trigger.py took 0.234 seconds
[2024-09-02T04:40:45.212+0000] {processor.py:186} INFO - Started process (PID=1796) to work on /home/airflow/.local/lib/python3.12/site-packages/airflow/example_dags/example_latest_only_with_trigger.py
[2024-09-02T04:40:45.214+0000] {processor.py:914} INFO - Processing file /home/airflow/.local/lib/python3.12/site-packages/airflow/example_dags/example_latest_only_with_trigger.py for tasks to queue
[2024-09-02T04:40:45.219+0000] {logging_mixin.py:190} INFO - [2024-09-02T04:40:45.219+0000] {dagbag.py:587} INFO - Filling up the DagBag from /home/airflow/.local/lib/python3.12/site-packages/airflow/example_dags/example_latest_only_with_trigger.py
[2024-09-02T04:40:45.236+0000] {processor.py:925} INFO - DAG(s) 'latest_only_with_trigger' retrieved from /home/airflow/.local/lib/python3.12/site-packages/airflow/example_dags/example_latest_only_with_trigger.py
[2024-09-02T04:40:45.277+0000] {logging_mixin.py:190} INFO - [2024-09-02T04:40:45.276+0000] {dag.py:3211} INFO - Sync 1 DAGs
[2024-09-02T04:40:45.330+0000] {logging_mixin.py:190} INFO - [2024-09-02T04:40:45.329+0000] {dag.py:4138} INFO - Setting next_dagrun for latest_only_with_trigger to 2024-09-02 00:00:00+00:00, run_after=2024-09-02 04:00:00+00:00
[2024-09-02T04:40:45.419+0000] {processor.py:208} INFO - Processing /home/airflow/.local/lib/python3.12/site-packages/airflow/example_dags/example_latest_only_with_trigger.py took 0.219 seconds
[2024-09-02T04:41:16.364+0000] {processor.py:186} INFO - Started process (PID=1858) to work on /home/airflow/.local/lib/python3.12/site-packages/airflow/example_dags/example_latest_only_with_trigger.py
[2024-09-02T04:41:16.366+0000] {processor.py:914} INFO - Processing file /home/airflow/.local/lib/python3.12/site-packages/airflow/example_dags/example_latest_only_with_trigger.py for tasks to queue
[2024-09-02T04:41:16.371+0000] {logging_mixin.py:190} INFO - [2024-09-02T04:41:16.370+0000] {dagbag.py:587} INFO - Filling up the DagBag from /home/airflow/.local/lib/python3.12/site-packages/airflow/example_dags/example_latest_only_with_trigger.py
[2024-09-02T04:41:16.387+0000] {processor.py:925} INFO - DAG(s) 'latest_only_with_trigger' retrieved from /home/airflow/.local/lib/python3.12/site-packages/airflow/example_dags/example_latest_only_with_trigger.py
[2024-09-02T04:41:16.428+0000] {logging_mixin.py:190} INFO - [2024-09-02T04:41:16.427+0000] {dag.py:3211} INFO - Sync 1 DAGs
[2024-09-02T04:41:16.480+0000] {logging_mixin.py:190} INFO - [2024-09-02T04:41:16.480+0000] {dag.py:4138} INFO - Setting next_dagrun for latest_only_with_trigger to 2024-09-02 00:00:00+00:00, run_after=2024-09-02 04:00:00+00:00
[2024-09-02T04:41:16.519+0000] {processor.py:208} INFO - Processing /home/airflow/.local/lib/python3.12/site-packages/airflow/example_dags/example_latest_only_with_trigger.py took 0.166 seconds
[2024-09-02T04:41:46.880+0000] {processor.py:186} INFO - Started process (PID=1921) to work on /home/airflow/.local/lib/python3.12/site-packages/airflow/example_dags/example_latest_only_with_trigger.py
[2024-09-02T04:41:46.882+0000] {processor.py:914} INFO - Processing file /home/airflow/.local/lib/python3.12/site-packages/airflow/example_dags/example_latest_only_with_trigger.py for tasks to queue
[2024-09-02T04:41:46.888+0000] {logging_mixin.py:190} INFO - [2024-09-02T04:41:46.887+0000] {dagbag.py:587} INFO - Filling up the DagBag from /home/airflow/.local/lib/python3.12/site-packages/airflow/example_dags/example_latest_only_with_trigger.py
[2024-09-02T04:41:46.906+0000] {processor.py:925} INFO - DAG(s) 'latest_only_with_trigger' retrieved from /home/airflow/.local/lib/python3.12/site-packages/airflow/example_dags/example_latest_only_with_trigger.py
[2024-09-02T04:41:46.957+0000] {logging_mixin.py:190} INFO - [2024-09-02T04:41:46.956+0000] {dag.py:3211} INFO - Sync 1 DAGs
[2024-09-02T04:41:47.022+0000] {logging_mixin.py:190} INFO - [2024-09-02T04:41:47.022+0000] {dag.py:4138} INFO - Setting next_dagrun for latest_only_with_trigger to 2024-09-02 00:00:00+00:00, run_after=2024-09-02 04:00:00+00:00
[2024-09-02T04:41:47.059+0000] {processor.py:208} INFO - Processing /home/airflow/.local/lib/python3.12/site-packages/airflow/example_dags/example_latest_only_with_trigger.py took 0.193 seconds
[2024-09-02T04:42:18.111+0000] {processor.py:186} INFO - Started process (PID=1984) to work on /home/airflow/.local/lib/python3.12/site-packages/airflow/example_dags/example_latest_only_with_trigger.py
[2024-09-02T04:42:18.114+0000] {processor.py:914} INFO - Processing file /home/airflow/.local/lib/python3.12/site-packages/airflow/example_dags/example_latest_only_with_trigger.py for tasks to queue
[2024-09-02T04:42:18.123+0000] {logging_mixin.py:190} INFO - [2024-09-02T04:42:18.122+0000] {dagbag.py:587} INFO - Filling up the DagBag from /home/airflow/.local/lib/python3.12/site-packages/airflow/example_dags/example_latest_only_with_trigger.py
[2024-09-02T04:42:18.147+0000] {processor.py:925} INFO - DAG(s) 'latest_only_with_trigger' retrieved from /home/airflow/.local/lib/python3.12/site-packages/airflow/example_dags/example_latest_only_with_trigger.py
[2024-09-02T04:42:18.228+0000] {logging_mixin.py:190} INFO - [2024-09-02T04:42:18.228+0000] {dag.py:3211} INFO - Sync 1 DAGs
[2024-09-02T04:42:18.297+0000] {logging_mixin.py:190} INFO - [2024-09-02T04:42:18.297+0000] {dag.py:4138} INFO - Setting next_dagrun for latest_only_with_trigger to 2024-09-02 00:00:00+00:00, run_after=2024-09-02 04:00:00+00:00
[2024-09-02T04:42:18.347+0000] {processor.py:208} INFO - Processing /home/airflow/.local/lib/python3.12/site-packages/airflow/example_dags/example_latest_only_with_trigger.py took 0.255 seconds
[2024-09-02T04:42:48.439+0000] {processor.py:186} INFO - Started process (PID=2047) to work on /home/airflow/.local/lib/python3.12/site-packages/airflow/example_dags/example_latest_only_with_trigger.py
[2024-09-02T04:42:48.442+0000] {processor.py:914} INFO - Processing file /home/airflow/.local/lib/python3.12/site-packages/airflow/example_dags/example_latest_only_with_trigger.py for tasks to queue
[2024-09-02T04:42:48.447+0000] {logging_mixin.py:190} INFO - [2024-09-02T04:42:48.446+0000] {dagbag.py:587} INFO - Filling up the DagBag from /home/airflow/.local/lib/python3.12/site-packages/airflow/example_dags/example_latest_only_with_trigger.py
[2024-09-02T04:42:48.463+0000] {processor.py:925} INFO - DAG(s) 'latest_only_with_trigger' retrieved from /home/airflow/.local/lib/python3.12/site-packages/airflow/example_dags/example_latest_only_with_trigger.py
[2024-09-02T04:42:48.507+0000] {logging_mixin.py:190} INFO - [2024-09-02T04:42:48.507+0000] {dag.py:3211} INFO - Sync 1 DAGs
[2024-09-02T04:42:48.558+0000] {logging_mixin.py:190} INFO - [2024-09-02T04:42:48.558+0000] {dag.py:4138} INFO - Setting next_dagrun for latest_only_with_trigger to 2024-09-02 00:00:00+00:00, run_after=2024-09-02 04:00:00+00:00
[2024-09-02T04:42:48.597+0000] {processor.py:208} INFO - Processing /home/airflow/.local/lib/python3.12/site-packages/airflow/example_dags/example_latest_only_with_trigger.py took 0.169 seconds
[2024-09-02T04:43:19.052+0000] {processor.py:186} INFO - Started process (PID=2110) to work on /home/airflow/.local/lib/python3.12/site-packages/airflow/example_dags/example_latest_only_with_trigger.py
[2024-09-02T04:43:19.057+0000] {processor.py:914} INFO - Processing file /home/airflow/.local/lib/python3.12/site-packages/airflow/example_dags/example_latest_only_with_trigger.py for tasks to queue
[2024-09-02T04:43:19.062+0000] {logging_mixin.py:190} INFO - [2024-09-02T04:43:19.061+0000] {dagbag.py:587} INFO - Filling up the DagBag from /home/airflow/.local/lib/python3.12/site-packages/airflow/example_dags/example_latest_only_with_trigger.py
[2024-09-02T04:43:19.079+0000] {processor.py:925} INFO - DAG(s) 'latest_only_with_trigger' retrieved from /home/airflow/.local/lib/python3.12/site-packages/airflow/example_dags/example_latest_only_with_trigger.py
[2024-09-02T04:43:19.119+0000] {logging_mixin.py:190} INFO - [2024-09-02T04:43:19.119+0000] {dag.py:3211} INFO - Sync 1 DAGs
[2024-09-02T04:43:19.171+0000] {logging_mixin.py:190} INFO - [2024-09-02T04:43:19.170+0000] {dag.py:4138} INFO - Setting next_dagrun for latest_only_with_trigger to 2024-09-02 00:00:00+00:00, run_after=2024-09-02 04:00:00+00:00
[2024-09-02T04:43:19.212+0000] {processor.py:208} INFO - Processing /home/airflow/.local/lib/python3.12/site-packages/airflow/example_dags/example_latest_only_with_trigger.py took 0.173 seconds
[2024-09-02T04:43:50.048+0000] {processor.py:186} INFO - Started process (PID=2173) to work on /home/airflow/.local/lib/python3.12/site-packages/airflow/example_dags/example_latest_only_with_trigger.py
[2024-09-02T04:43:50.061+0000] {processor.py:914} INFO - Processing file /home/airflow/.local/lib/python3.12/site-packages/airflow/example_dags/example_latest_only_with_trigger.py for tasks to queue
[2024-09-02T04:43:50.071+0000] {logging_mixin.py:190} INFO - [2024-09-02T04:43:50.069+0000] {dagbag.py:587} INFO - Filling up the DagBag from /home/airflow/.local/lib/python3.12/site-packages/airflow/example_dags/example_latest_only_with_trigger.py
[2024-09-02T04:43:50.090+0000] {processor.py:925} INFO - DAG(s) 'latest_only_with_trigger' retrieved from /home/airflow/.local/lib/python3.12/site-packages/airflow/example_dags/example_latest_only_with_trigger.py
[2024-09-02T04:43:50.133+0000] {logging_mixin.py:190} INFO - [2024-09-02T04:43:50.133+0000] {dag.py:3211} INFO - Sync 1 DAGs
[2024-09-02T04:43:50.197+0000] {logging_mixin.py:190} INFO - [2024-09-02T04:43:50.197+0000] {dag.py:4138} INFO - Setting next_dagrun for latest_only_with_trigger to 2024-09-02 00:00:00+00:00, run_after=2024-09-02 04:00:00+00:00
[2024-09-02T04:43:50.235+0000] {processor.py:208} INFO - Processing /home/airflow/.local/lib/python3.12/site-packages/airflow/example_dags/example_latest_only_with_trigger.py took 0.209 seconds
[2024-09-02T04:44:21.286+0000] {processor.py:186} INFO - Started process (PID=2236) to work on /home/airflow/.local/lib/python3.12/site-packages/airflow/example_dags/example_latest_only_with_trigger.py
[2024-09-02T04:44:21.288+0000] {processor.py:914} INFO - Processing file /home/airflow/.local/lib/python3.12/site-packages/airflow/example_dags/example_latest_only_with_trigger.py for tasks to queue
[2024-09-02T04:44:21.294+0000] {logging_mixin.py:190} INFO - [2024-09-02T04:44:21.293+0000] {dagbag.py:587} INFO - Filling up the DagBag from /home/airflow/.local/lib/python3.12/site-packages/airflow/example_dags/example_latest_only_with_trigger.py
[2024-09-02T04:44:21.312+0000] {processor.py:925} INFO - DAG(s) 'latest_only_with_trigger' retrieved from /home/airflow/.local/lib/python3.12/site-packages/airflow/example_dags/example_latest_only_with_trigger.py
[2024-09-02T04:44:21.360+0000] {logging_mixin.py:190} INFO - [2024-09-02T04:44:21.359+0000] {dag.py:3211} INFO - Sync 1 DAGs
[2024-09-02T04:44:21.409+0000] {logging_mixin.py:190} INFO - [2024-09-02T04:44:21.409+0000] {dag.py:4138} INFO - Setting next_dagrun for latest_only_with_trigger to 2024-09-02 00:00:00+00:00, run_after=2024-09-02 04:00:00+00:00
[2024-09-02T04:44:21.446+0000] {processor.py:208} INFO - Processing /home/airflow/.local/lib/python3.12/site-packages/airflow/example_dags/example_latest_only_with_trigger.py took 0.173 seconds
[2024-09-02T04:44:52.090+0000] {processor.py:186} INFO - Started process (PID=2298) to work on /home/airflow/.local/lib/python3.12/site-packages/airflow/example_dags/example_latest_only_with_trigger.py
[2024-09-02T04:44:52.092+0000] {processor.py:914} INFO - Processing file /home/airflow/.local/lib/python3.12/site-packages/airflow/example_dags/example_latest_only_with_trigger.py for tasks to queue
[2024-09-02T04:44:52.097+0000] {logging_mixin.py:190} INFO - [2024-09-02T04:44:52.097+0000] {dagbag.py:587} INFO - Filling up the DagBag from /home/airflow/.local/lib/python3.12/site-packages/airflow/example_dags/example_latest_only_with_trigger.py
[2024-09-02T04:44:52.112+0000] {processor.py:925} INFO - DAG(s) 'latest_only_with_trigger' retrieved from /home/airflow/.local/lib/python3.12/site-packages/airflow/example_dags/example_latest_only_with_trigger.py
[2024-09-02T04:44:52.151+0000] {logging_mixin.py:190} INFO - [2024-09-02T04:44:52.150+0000] {dag.py:3211} INFO - Sync 1 DAGs
[2024-09-02T04:44:52.193+0000] {logging_mixin.py:190} INFO - [2024-09-02T04:44:52.193+0000] {dag.py:4138} INFO - Setting next_dagrun for latest_only_with_trigger to 2024-09-02 00:00:00+00:00, run_after=2024-09-02 04:00:00+00:00
[2024-09-02T04:44:52.226+0000] {processor.py:208} INFO - Processing /home/airflow/.local/lib/python3.12/site-packages/airflow/example_dags/example_latest_only_with_trigger.py took 0.148 seconds
[2024-09-02T04:45:22.981+0000] {processor.py:186} INFO - Started process (PID=2361) to work on /home/airflow/.local/lib/python3.12/site-packages/airflow/example_dags/example_latest_only_with_trigger.py
[2024-09-02T04:45:22.983+0000] {processor.py:914} INFO - Processing file /home/airflow/.local/lib/python3.12/site-packages/airflow/example_dags/example_latest_only_with_trigger.py for tasks to queue
[2024-09-02T04:45:22.989+0000] {logging_mixin.py:190} INFO - [2024-09-02T04:45:22.988+0000] {dagbag.py:587} INFO - Filling up the DagBag from /home/airflow/.local/lib/python3.12/site-packages/airflow/example_dags/example_latest_only_with_trigger.py
[2024-09-02T04:45:23.008+0000] {processor.py:925} INFO - DAG(s) 'latest_only_with_trigger' retrieved from /home/airflow/.local/lib/python3.12/site-packages/airflow/example_dags/example_latest_only_with_trigger.py
[2024-09-02T04:45:23.055+0000] {logging_mixin.py:190} INFO - [2024-09-02T04:45:23.055+0000] {dag.py:3211} INFO - Sync 1 DAGs
[2024-09-02T04:45:23.127+0000] {logging_mixin.py:190} INFO - [2024-09-02T04:45:23.127+0000] {dag.py:4138} INFO - Setting next_dagrun for latest_only_with_trigger to 2024-09-02 00:00:00+00:00, run_after=2024-09-02 04:00:00+00:00
[2024-09-02T04:45:23.181+0000] {processor.py:208} INFO - Processing /home/airflow/.local/lib/python3.12/site-packages/airflow/example_dags/example_latest_only_with_trigger.py took 0.213 seconds
[2024-09-02T04:45:53.858+0000] {processor.py:186} INFO - Started process (PID=2425) to work on /home/airflow/.local/lib/python3.12/site-packages/airflow/example_dags/example_latest_only_with_trigger.py
[2024-09-02T04:45:53.861+0000] {processor.py:914} INFO - Processing file /home/airflow/.local/lib/python3.12/site-packages/airflow/example_dags/example_latest_only_with_trigger.py for tasks to queue
[2024-09-02T04:45:53.867+0000] {logging_mixin.py:190} INFO - [2024-09-02T04:45:53.866+0000] {dagbag.py:587} INFO - Filling up the DagBag from /home/airflow/.local/lib/python3.12/site-packages/airflow/example_dags/example_latest_only_with_trigger.py
[2024-09-02T04:45:53.887+0000] {processor.py:925} INFO - DAG(s) 'latest_only_with_trigger' retrieved from /home/airflow/.local/lib/python3.12/site-packages/airflow/example_dags/example_latest_only_with_trigger.py
[2024-09-02T04:45:53.946+0000] {logging_mixin.py:190} INFO - [2024-09-02T04:45:53.946+0000] {dag.py:3211} INFO - Sync 1 DAGs
[2024-09-02T04:45:54.005+0000] {logging_mixin.py:190} INFO - [2024-09-02T04:45:54.005+0000] {dag.py:4138} INFO - Setting next_dagrun for latest_only_with_trigger to 2024-09-02 00:00:00+00:00, run_after=2024-09-02 04:00:00+00:00
[2024-09-02T04:45:54.062+0000] {processor.py:208} INFO - Processing /home/airflow/.local/lib/python3.12/site-packages/airflow/example_dags/example_latest_only_with_trigger.py took 0.219 seconds
[2024-09-02T04:46:24.221+0000] {processor.py:186} INFO - Started process (PID=2489) to work on /home/airflow/.local/lib/python3.12/site-packages/airflow/example_dags/example_latest_only_with_trigger.py
[2024-09-02T04:46:24.224+0000] {processor.py:914} INFO - Processing file /home/airflow/.local/lib/python3.12/site-packages/airflow/example_dags/example_latest_only_with_trigger.py for tasks to queue
[2024-09-02T04:46:24.230+0000] {logging_mixin.py:190} INFO - [2024-09-02T04:46:24.229+0000] {dagbag.py:587} INFO - Filling up the DagBag from /home/airflow/.local/lib/python3.12/site-packages/airflow/example_dags/example_latest_only_with_trigger.py
[2024-09-02T04:46:24.247+0000] {processor.py:925} INFO - DAG(s) 'latest_only_with_trigger' retrieved from /home/airflow/.local/lib/python3.12/site-packages/airflow/example_dags/example_latest_only_with_trigger.py
[2024-09-02T04:46:24.298+0000] {logging_mixin.py:190} INFO - [2024-09-02T04:46:24.298+0000] {dag.py:3211} INFO - Sync 1 DAGs
[2024-09-02T04:46:24.344+0000] {logging_mixin.py:190} INFO - [2024-09-02T04:46:24.344+0000] {dag.py:4138} INFO - Setting next_dagrun for latest_only_with_trigger to 2024-09-02 00:00:00+00:00, run_after=2024-09-02 04:00:00+00:00
[2024-09-02T04:46:24.378+0000] {processor.py:208} INFO - Processing /home/airflow/.local/lib/python3.12/site-packages/airflow/example_dags/example_latest_only_with_trigger.py took 0.174 seconds
[2024-09-02T04:46:57.091+0000] {processor.py:186} INFO - Started process (PID=2552) to work on /home/airflow/.local/lib/python3.12/site-packages/airflow/example_dags/example_latest_only_with_trigger.py
[2024-09-02T04:46:57.093+0000] {processor.py:914} INFO - Processing file /home/airflow/.local/lib/python3.12/site-packages/airflow/example_dags/example_latest_only_with_trigger.py for tasks to queue
[2024-09-02T04:46:57.098+0000] {logging_mixin.py:190} INFO - [2024-09-02T04:46:57.097+0000] {dagbag.py:587} INFO - Filling up the DagBag from /home/airflow/.local/lib/python3.12/site-packages/airflow/example_dags/example_latest_only_with_trigger.py
[2024-09-02T04:46:57.114+0000] {processor.py:925} INFO - DAG(s) 'latest_only_with_trigger' retrieved from /home/airflow/.local/lib/python3.12/site-packages/airflow/example_dags/example_latest_only_with_trigger.py
[2024-09-02T04:46:57.157+0000] {logging_mixin.py:190} INFO - [2024-09-02T04:46:57.157+0000] {dag.py:3211} INFO - Sync 1 DAGs
[2024-09-02T04:46:57.214+0000] {logging_mixin.py:190} INFO - [2024-09-02T04:46:57.213+0000] {dag.py:4138} INFO - Setting next_dagrun for latest_only_with_trigger to 2024-09-02 00:00:00+00:00, run_after=2024-09-02 04:00:00+00:00
[2024-09-02T04:46:57.255+0000] {processor.py:208} INFO - Processing /home/airflow/.local/lib/python3.12/site-packages/airflow/example_dags/example_latest_only_with_trigger.py took 0.177 seconds
