[2024-09-02T04:13:57.869+0000] {processor.py:186} INFO - Started process (PID=117) to work on /home/airflow/.local/lib/python3.12/site-packages/airflow/example_dags/example_branch_operator.py
[2024-09-02T04:13:57.872+0000] {processor.py:914} INFO - Processing file /home/airflow/.local/lib/python3.12/site-packages/airflow/example_dags/example_branch_operator.py for tasks to queue
[2024-09-02T04:13:57.878+0000] {logging_mixin.py:190} INFO - [2024-09-02T04:13:57.877+0000] {dagbag.py:587} INFO - Filling up the DagBag from /home/airflow/.local/lib/python3.12/site-packages/airflow/example_dags/example_branch_operator.py
[2024-09-02T04:13:57.947+0000] {processor.py:925} INFO - DAG(s) 'example_branch_operator' retrieved from /home/airflow/.local/lib/python3.12/site-packages/airflow/example_dags/example_branch_operator.py
[2024-09-02T04:13:58.625+0000] {logging_mixin.py:190} INFO - [2024-09-02T04:13:58.623+0000] {override.py:1858} INFO - Created Permission View: can read on DAG:example_branch_operator
[2024-09-02T04:13:58.710+0000] {logging_mixin.py:190} INFO - [2024-09-02T04:13:58.694+0000] {override.py:1858} INFO - Created Permission View: can delete on DAG:example_branch_operator
[2024-09-02T04:13:58.793+0000] {logging_mixin.py:190} INFO - [2024-09-02T04:13:58.792+0000] {override.py:1858} INFO - Created Permission View: can edit on DAG:example_branch_operator
[2024-09-02T04:13:58.804+0000] {logging_mixin.py:190} INFO - [2024-09-02T04:13:58.794+0000] {dag.py:3211} INFO - Sync 1 DAGs
[2024-09-02T04:13:58.890+0000] {logging_mixin.py:190} INFO - [2024-09-02T04:13:58.889+0000] {dag.py:3234} INFO - Creating ORM DAG for example_branch_operator
[2024-09-02T04:13:58.931+0000] {logging_mixin.py:190} INFO - [2024-09-02T04:13:58.930+0000] {dag.py:4138} INFO - Setting next_dagrun for example_branch_operator to 2024-09-01 00:00:00+00:00, run_after=2024-09-02 00:00:00+00:00
[2024-09-02T04:13:58.994+0000] {processor.py:208} INFO - Processing /home/airflow/.local/lib/python3.12/site-packages/airflow/example_dags/example_branch_operator.py took 1.139 seconds
[2024-09-02T04:14:29.110+0000] {processor.py:186} INFO - Started process (PID=180) to work on /home/airflow/.local/lib/python3.12/site-packages/airflow/example_dags/example_branch_operator.py
[2024-09-02T04:14:29.112+0000] {processor.py:914} INFO - Processing file /home/airflow/.local/lib/python3.12/site-packages/airflow/example_dags/example_branch_operator.py for tasks to queue
[2024-09-02T04:14:29.117+0000] {logging_mixin.py:190} INFO - [2024-09-02T04:14:29.116+0000] {dagbag.py:587} INFO - Filling up the DagBag from /home/airflow/.local/lib/python3.12/site-packages/airflow/example_dags/example_branch_operator.py
[2024-09-02T04:14:29.156+0000] {processor.py:925} INFO - DAG(s) 'example_branch_operator' retrieved from /home/airflow/.local/lib/python3.12/site-packages/airflow/example_dags/example_branch_operator.py
[2024-09-02T04:14:29.223+0000] {logging_mixin.py:190} INFO - [2024-09-02T04:14:29.222+0000] {dag.py:3211} INFO - Sync 1 DAGs
[2024-09-02T04:14:29.310+0000] {logging_mixin.py:190} INFO - [2024-09-02T04:14:29.309+0000] {dag.py:4138} INFO - Setting next_dagrun for example_branch_operator to 2024-09-01 00:00:00+00:00, run_after=2024-09-02 00:00:00+00:00
[2024-09-02T04:14:29.361+0000] {processor.py:208} INFO - Processing /home/airflow/.local/lib/python3.12/site-packages/airflow/example_dags/example_branch_operator.py took 0.271 seconds
[2024-09-02T04:15:00.070+0000] {processor.py:186} INFO - Started process (PID=243) to work on /home/airflow/.local/lib/python3.12/site-packages/airflow/example_dags/example_branch_operator.py
[2024-09-02T04:15:00.072+0000] {processor.py:914} INFO - Processing file /home/airflow/.local/lib/python3.12/site-packages/airflow/example_dags/example_branch_operator.py for tasks to queue
[2024-09-02T04:15:00.079+0000] {logging_mixin.py:190} INFO - [2024-09-02T04:15:00.078+0000] {dagbag.py:587} INFO - Filling up the DagBag from /home/airflow/.local/lib/python3.12/site-packages/airflow/example_dags/example_branch_operator.py
[2024-09-02T04:15:00.131+0000] {processor.py:925} INFO - DAG(s) 'example_branch_operator' retrieved from /home/airflow/.local/lib/python3.12/site-packages/airflow/example_dags/example_branch_operator.py
[2024-09-02T04:15:00.211+0000] {logging_mixin.py:190} INFO - [2024-09-02T04:15:00.211+0000] {dag.py:3211} INFO - Sync 1 DAGs
[2024-09-02T04:15:00.279+0000] {logging_mixin.py:190} INFO - [2024-09-02T04:15:00.278+0000] {dag.py:4138} INFO - Setting next_dagrun for example_branch_operator to 2024-09-01 00:00:00+00:00, run_after=2024-09-02 00:00:00+00:00
[2024-09-02T04:15:00.341+0000] {processor.py:208} INFO - Processing /home/airflow/.local/lib/python3.12/site-packages/airflow/example_dags/example_branch_operator.py took 0.293 seconds
[2024-09-02T04:15:30.812+0000] {processor.py:186} INFO - Started process (PID=306) to work on /home/airflow/.local/lib/python3.12/site-packages/airflow/example_dags/example_branch_operator.py
[2024-09-02T04:15:30.815+0000] {processor.py:914} INFO - Processing file /home/airflow/.local/lib/python3.12/site-packages/airflow/example_dags/example_branch_operator.py for tasks to queue
[2024-09-02T04:15:30.825+0000] {logging_mixin.py:190} INFO - [2024-09-02T04:15:30.824+0000] {dagbag.py:587} INFO - Filling up the DagBag from /home/airflow/.local/lib/python3.12/site-packages/airflow/example_dags/example_branch_operator.py
[2024-09-02T04:15:30.884+0000] {processor.py:925} INFO - DAG(s) 'example_branch_operator' retrieved from /home/airflow/.local/lib/python3.12/site-packages/airflow/example_dags/example_branch_operator.py
[2024-09-02T04:15:30.991+0000] {logging_mixin.py:190} INFO - [2024-09-02T04:15:30.990+0000] {dag.py:3211} INFO - Sync 1 DAGs
[2024-09-02T04:15:31.059+0000] {logging_mixin.py:190} INFO - [2024-09-02T04:15:31.059+0000] {dag.py:4138} INFO - Setting next_dagrun for example_branch_operator to 2024-09-01 00:00:00+00:00, run_after=2024-09-02 00:00:00+00:00
[2024-09-02T04:15:31.123+0000] {processor.py:208} INFO - Processing /home/airflow/.local/lib/python3.12/site-packages/airflow/example_dags/example_branch_operator.py took 0.329 seconds
[2024-09-02T04:16:01.522+0000] {processor.py:186} INFO - Started process (PID=369) to work on /home/airflow/.local/lib/python3.12/site-packages/airflow/example_dags/example_branch_operator.py
[2024-09-02T04:16:01.524+0000] {processor.py:914} INFO - Processing file /home/airflow/.local/lib/python3.12/site-packages/airflow/example_dags/example_branch_operator.py for tasks to queue
[2024-09-02T04:16:01.530+0000] {logging_mixin.py:190} INFO - [2024-09-02T04:16:01.529+0000] {dagbag.py:587} INFO - Filling up the DagBag from /home/airflow/.local/lib/python3.12/site-packages/airflow/example_dags/example_branch_operator.py
[2024-09-02T04:16:01.568+0000] {processor.py:925} INFO - DAG(s) 'example_branch_operator' retrieved from /home/airflow/.local/lib/python3.12/site-packages/airflow/example_dags/example_branch_operator.py
[2024-09-02T04:16:01.628+0000] {logging_mixin.py:190} INFO - [2024-09-02T04:16:01.628+0000] {dag.py:3211} INFO - Sync 1 DAGs
[2024-09-02T04:16:01.684+0000] {logging_mixin.py:190} INFO - [2024-09-02T04:16:01.684+0000] {dag.py:4138} INFO - Setting next_dagrun for example_branch_operator to 2024-09-01 00:00:00+00:00, run_after=2024-09-02 00:00:00+00:00
[2024-09-02T04:16:01.724+0000] {processor.py:208} INFO - Processing /home/airflow/.local/lib/python3.12/site-packages/airflow/example_dags/example_branch_operator.py took 0.215 seconds
[2024-09-02T04:16:32.019+0000] {processor.py:186} INFO - Started process (PID=432) to work on /home/airflow/.local/lib/python3.12/site-packages/airflow/example_dags/example_branch_operator.py
[2024-09-02T04:16:32.021+0000] {processor.py:914} INFO - Processing file /home/airflow/.local/lib/python3.12/site-packages/airflow/example_dags/example_branch_operator.py for tasks to queue
[2024-09-02T04:16:32.026+0000] {logging_mixin.py:190} INFO - [2024-09-02T04:16:32.025+0000] {dagbag.py:587} INFO - Filling up the DagBag from /home/airflow/.local/lib/python3.12/site-packages/airflow/example_dags/example_branch_operator.py
[2024-09-02T04:16:32.063+0000] {processor.py:925} INFO - DAG(s) 'example_branch_operator' retrieved from /home/airflow/.local/lib/python3.12/site-packages/airflow/example_dags/example_branch_operator.py
[2024-09-02T04:16:32.118+0000] {logging_mixin.py:190} INFO - [2024-09-02T04:16:32.117+0000] {dag.py:3211} INFO - Sync 1 DAGs
[2024-09-02T04:16:32.166+0000] {logging_mixin.py:190} INFO - [2024-09-02T04:16:32.166+0000] {dag.py:4138} INFO - Setting next_dagrun for example_branch_operator to 2024-09-01 00:00:00+00:00, run_after=2024-09-02 00:00:00+00:00
[2024-09-02T04:16:32.205+0000] {processor.py:208} INFO - Processing /home/airflow/.local/lib/python3.12/site-packages/airflow/example_dags/example_branch_operator.py took 0.198 seconds
[2024-09-02T04:17:03.106+0000] {processor.py:186} INFO - Started process (PID=495) to work on /home/airflow/.local/lib/python3.12/site-packages/airflow/example_dags/example_branch_operator.py
[2024-09-02T04:17:03.110+0000] {processor.py:914} INFO - Processing file /home/airflow/.local/lib/python3.12/site-packages/airflow/example_dags/example_branch_operator.py for tasks to queue
[2024-09-02T04:17:03.116+0000] {logging_mixin.py:190} INFO - [2024-09-02T04:17:03.115+0000] {dagbag.py:587} INFO - Filling up the DagBag from /home/airflow/.local/lib/python3.12/site-packages/airflow/example_dags/example_branch_operator.py
[2024-09-02T04:17:03.158+0000] {processor.py:925} INFO - DAG(s) 'example_branch_operator' retrieved from /home/airflow/.local/lib/python3.12/site-packages/airflow/example_dags/example_branch_operator.py
[2024-09-02T04:17:03.221+0000] {logging_mixin.py:190} INFO - [2024-09-02T04:17:03.221+0000] {dag.py:3211} INFO - Sync 1 DAGs
[2024-09-02T04:17:03.270+0000] {logging_mixin.py:190} INFO - [2024-09-02T04:17:03.270+0000] {dag.py:4138} INFO - Setting next_dagrun for example_branch_operator to 2024-09-01 00:00:00+00:00, run_after=2024-09-02 00:00:00+00:00
[2024-09-02T04:17:03.310+0000] {processor.py:208} INFO - Processing /home/airflow/.local/lib/python3.12/site-packages/airflow/example_dags/example_branch_operator.py took 0.231 seconds
[2024-09-02T04:17:33.903+0000] {processor.py:186} INFO - Started process (PID=558) to work on /home/airflow/.local/lib/python3.12/site-packages/airflow/example_dags/example_branch_operator.py
[2024-09-02T04:17:33.905+0000] {processor.py:914} INFO - Processing file /home/airflow/.local/lib/python3.12/site-packages/airflow/example_dags/example_branch_operator.py for tasks to queue
[2024-09-02T04:17:33.910+0000] {logging_mixin.py:190} INFO - [2024-09-02T04:17:33.910+0000] {dagbag.py:587} INFO - Filling up the DagBag from /home/airflow/.local/lib/python3.12/site-packages/airflow/example_dags/example_branch_operator.py
[2024-09-02T04:17:33.950+0000] {processor.py:925} INFO - DAG(s) 'example_branch_operator' retrieved from /home/airflow/.local/lib/python3.12/site-packages/airflow/example_dags/example_branch_operator.py
[2024-09-02T04:17:34.007+0000] {logging_mixin.py:190} INFO - [2024-09-02T04:17:34.007+0000] {dag.py:3211} INFO - Sync 1 DAGs
[2024-09-02T04:17:34.061+0000] {logging_mixin.py:190} INFO - [2024-09-02T04:17:34.060+0000] {dag.py:4138} INFO - Setting next_dagrun for example_branch_operator to 2024-09-01 00:00:00+00:00, run_after=2024-09-02 00:00:00+00:00
[2024-09-02T04:17:34.099+0000] {processor.py:208} INFO - Processing /home/airflow/.local/lib/python3.12/site-packages/airflow/example_dags/example_branch_operator.py took 0.210 seconds
[2024-09-02T04:18:04.841+0000] {processor.py:186} INFO - Started process (PID=621) to work on /home/airflow/.local/lib/python3.12/site-packages/airflow/example_dags/example_branch_operator.py
[2024-09-02T04:18:04.843+0000] {processor.py:914} INFO - Processing file /home/airflow/.local/lib/python3.12/site-packages/airflow/example_dags/example_branch_operator.py for tasks to queue
[2024-09-02T04:18:04.848+0000] {logging_mixin.py:190} INFO - [2024-09-02T04:18:04.848+0000] {dagbag.py:587} INFO - Filling up the DagBag from /home/airflow/.local/lib/python3.12/site-packages/airflow/example_dags/example_branch_operator.py
[2024-09-02T04:18:04.920+0000] {processor.py:925} INFO - DAG(s) 'example_branch_operator' retrieved from /home/airflow/.local/lib/python3.12/site-packages/airflow/example_dags/example_branch_operator.py
[2024-09-02T04:18:04.987+0000] {logging_mixin.py:190} INFO - [2024-09-02T04:18:04.986+0000] {dag.py:3211} INFO - Sync 1 DAGs
[2024-09-02T04:18:05.045+0000] {logging_mixin.py:190} INFO - [2024-09-02T04:18:05.044+0000] {dag.py:4138} INFO - Setting next_dagrun for example_branch_operator to 2024-09-01 00:00:00+00:00, run_after=2024-09-02 00:00:00+00:00
[2024-09-02T04:18:05.090+0000] {processor.py:208} INFO - Processing /home/airflow/.local/lib/python3.12/site-packages/airflow/example_dags/example_branch_operator.py took 0.284 seconds
[2024-09-02T04:18:35.488+0000] {processor.py:186} INFO - Started process (PID=685) to work on /home/airflow/.local/lib/python3.12/site-packages/airflow/example_dags/example_branch_operator.py
[2024-09-02T04:18:35.490+0000] {processor.py:914} INFO - Processing file /home/airflow/.local/lib/python3.12/site-packages/airflow/example_dags/example_branch_operator.py for tasks to queue
[2024-09-02T04:18:35.495+0000] {logging_mixin.py:190} INFO - [2024-09-02T04:18:35.494+0000] {dagbag.py:587} INFO - Filling up the DagBag from /home/airflow/.local/lib/python3.12/site-packages/airflow/example_dags/example_branch_operator.py
[2024-09-02T04:18:35.533+0000] {processor.py:925} INFO - DAG(s) 'example_branch_operator' retrieved from /home/airflow/.local/lib/python3.12/site-packages/airflow/example_dags/example_branch_operator.py
[2024-09-02T04:18:35.589+0000] {logging_mixin.py:190} INFO - [2024-09-02T04:18:35.589+0000] {dag.py:3211} INFO - Sync 1 DAGs
[2024-09-02T04:18:35.641+0000] {logging_mixin.py:190} INFO - [2024-09-02T04:18:35.640+0000] {dag.py:4138} INFO - Setting next_dagrun for example_branch_operator to 2024-09-01 00:00:00+00:00, run_after=2024-09-02 00:00:00+00:00
[2024-09-02T04:18:35.683+0000] {processor.py:208} INFO - Processing /home/airflow/.local/lib/python3.12/site-packages/airflow/example_dags/example_branch_operator.py took 0.209 seconds
[2024-09-02T04:19:05.996+0000] {processor.py:186} INFO - Started process (PID=748) to work on /home/airflow/.local/lib/python3.12/site-packages/airflow/example_dags/example_branch_operator.py
[2024-09-02T04:19:05.998+0000] {processor.py:914} INFO - Processing file /home/airflow/.local/lib/python3.12/site-packages/airflow/example_dags/example_branch_operator.py for tasks to queue
[2024-09-02T04:19:06.003+0000] {logging_mixin.py:190} INFO - [2024-09-02T04:19:06.003+0000] {dagbag.py:587} INFO - Filling up the DagBag from /home/airflow/.local/lib/python3.12/site-packages/airflow/example_dags/example_branch_operator.py
[2024-09-02T04:19:06.041+0000] {processor.py:925} INFO - DAG(s) 'example_branch_operator' retrieved from /home/airflow/.local/lib/python3.12/site-packages/airflow/example_dags/example_branch_operator.py
[2024-09-02T04:19:06.094+0000] {logging_mixin.py:190} INFO - [2024-09-02T04:19:06.093+0000] {dag.py:3211} INFO - Sync 1 DAGs
[2024-09-02T04:19:06.142+0000] {logging_mixin.py:190} INFO - [2024-09-02T04:19:06.142+0000] {dag.py:4138} INFO - Setting next_dagrun for example_branch_operator to 2024-09-01 00:00:00+00:00, run_after=2024-09-02 00:00:00+00:00
[2024-09-02T04:19:06.177+0000] {processor.py:208} INFO - Processing /home/airflow/.local/lib/python3.12/site-packages/airflow/example_dags/example_branch_operator.py took 0.193 seconds
[2024-09-02T04:19:36.324+0000] {processor.py:186} INFO - Started process (PID=810) to work on /home/airflow/.local/lib/python3.12/site-packages/airflow/example_dags/example_branch_operator.py
[2024-09-02T04:19:36.326+0000] {processor.py:914} INFO - Processing file /home/airflow/.local/lib/python3.12/site-packages/airflow/example_dags/example_branch_operator.py for tasks to queue
[2024-09-02T04:19:36.332+0000] {logging_mixin.py:190} INFO - [2024-09-02T04:19:36.331+0000] {dagbag.py:587} INFO - Filling up the DagBag from /home/airflow/.local/lib/python3.12/site-packages/airflow/example_dags/example_branch_operator.py
[2024-09-02T04:19:36.379+0000] {processor.py:925} INFO - DAG(s) 'example_branch_operator' retrieved from /home/airflow/.local/lib/python3.12/site-packages/airflow/example_dags/example_branch_operator.py
[2024-09-02T04:19:36.450+0000] {logging_mixin.py:190} INFO - [2024-09-02T04:19:36.449+0000] {dag.py:3211} INFO - Sync 1 DAGs
[2024-09-02T04:19:36.507+0000] {logging_mixin.py:190} INFO - [2024-09-02T04:19:36.506+0000] {dag.py:4138} INFO - Setting next_dagrun for example_branch_operator to 2024-09-01 00:00:00+00:00, run_after=2024-09-02 00:00:00+00:00
[2024-09-02T04:19:36.554+0000] {processor.py:208} INFO - Processing /home/airflow/.local/lib/python3.12/site-packages/airflow/example_dags/example_branch_operator.py took 0.244 seconds
[2024-09-02T04:20:06.819+0000] {processor.py:186} INFO - Started process (PID=872) to work on /home/airflow/.local/lib/python3.12/site-packages/airflow/example_dags/example_branch_operator.py
[2024-09-02T04:20:06.822+0000] {processor.py:914} INFO - Processing file /home/airflow/.local/lib/python3.12/site-packages/airflow/example_dags/example_branch_operator.py for tasks to queue
[2024-09-02T04:20:06.839+0000] {logging_mixin.py:190} INFO - [2024-09-02T04:20:06.838+0000] {dagbag.py:587} INFO - Filling up the DagBag from /home/airflow/.local/lib/python3.12/site-packages/airflow/example_dags/example_branch_operator.py
[2024-09-02T04:20:06.912+0000] {processor.py:925} INFO - DAG(s) 'example_branch_operator' retrieved from /home/airflow/.local/lib/python3.12/site-packages/airflow/example_dags/example_branch_operator.py
[2024-09-02T04:20:07.056+0000] {logging_mixin.py:190} INFO - [2024-09-02T04:20:07.055+0000] {dag.py:3211} INFO - Sync 1 DAGs
[2024-09-02T04:20:07.180+0000] {logging_mixin.py:190} INFO - [2024-09-02T04:20:07.179+0000] {dag.py:4138} INFO - Setting next_dagrun for example_branch_operator to 2024-09-01 00:00:00+00:00, run_after=2024-09-02 00:00:00+00:00
[2024-09-02T04:20:07.250+0000] {processor.py:208} INFO - Processing /home/airflow/.local/lib/python3.12/site-packages/airflow/example_dags/example_branch_operator.py took 0.455 seconds
[2024-09-02T04:20:37.825+0000] {processor.py:186} INFO - Started process (PID=935) to work on /home/airflow/.local/lib/python3.12/site-packages/airflow/example_dags/example_branch_operator.py
[2024-09-02T04:20:37.832+0000] {processor.py:914} INFO - Processing file /home/airflow/.local/lib/python3.12/site-packages/airflow/example_dags/example_branch_operator.py for tasks to queue
[2024-09-02T04:20:37.853+0000] {logging_mixin.py:190} INFO - [2024-09-02T04:20:37.852+0000] {dagbag.py:587} INFO - Filling up the DagBag from /home/airflow/.local/lib/python3.12/site-packages/airflow/example_dags/example_branch_operator.py
[2024-09-02T04:20:37.965+0000] {processor.py:925} INFO - DAG(s) 'example_branch_operator' retrieved from /home/airflow/.local/lib/python3.12/site-packages/airflow/example_dags/example_branch_operator.py
[2024-09-02T04:20:38.210+0000] {logging_mixin.py:190} INFO - [2024-09-02T04:20:38.210+0000] {dag.py:3211} INFO - Sync 1 DAGs
[2024-09-02T04:20:38.343+0000] {logging_mixin.py:190} INFO - [2024-09-02T04:20:38.343+0000] {dag.py:4138} INFO - Setting next_dagrun for example_branch_operator to 2024-09-01 00:00:00+00:00, run_after=2024-09-02 00:00:00+00:00
[2024-09-02T04:20:38.536+0000] {processor.py:208} INFO - Processing /home/airflow/.local/lib/python3.12/site-packages/airflow/example_dags/example_branch_operator.py took 0.738 seconds
[2024-09-02T04:21:09.076+0000] {processor.py:186} INFO - Started process (PID=998) to work on /home/airflow/.local/lib/python3.12/site-packages/airflow/example_dags/example_branch_operator.py
[2024-09-02T04:21:09.087+0000] {processor.py:914} INFO - Processing file /home/airflow/.local/lib/python3.12/site-packages/airflow/example_dags/example_branch_operator.py for tasks to queue
[2024-09-02T04:21:09.095+0000] {logging_mixin.py:190} INFO - [2024-09-02T04:21:09.094+0000] {dagbag.py:587} INFO - Filling up the DagBag from /home/airflow/.local/lib/python3.12/site-packages/airflow/example_dags/example_branch_operator.py
[2024-09-02T04:21:09.185+0000] {processor.py:925} INFO - DAG(s) 'example_branch_operator' retrieved from /home/airflow/.local/lib/python3.12/site-packages/airflow/example_dags/example_branch_operator.py
[2024-09-02T04:21:09.341+0000] {logging_mixin.py:190} INFO - [2024-09-02T04:21:09.340+0000] {dag.py:3211} INFO - Sync 1 DAGs
[2024-09-02T04:21:09.522+0000] {logging_mixin.py:190} INFO - [2024-09-02T04:21:09.521+0000] {dag.py:4138} INFO - Setting next_dagrun for example_branch_operator to 2024-09-01 00:00:00+00:00, run_after=2024-09-02 00:00:00+00:00
[2024-09-02T04:21:09.696+0000] {processor.py:208} INFO - Processing /home/airflow/.local/lib/python3.12/site-packages/airflow/example_dags/example_branch_operator.py took 0.655 seconds
[2024-09-02T04:21:46.842+0000] {processor.py:186} INFO - Started process (PID=1062) to work on /home/airflow/.local/lib/python3.12/site-packages/airflow/example_dags/example_branch_operator.py
[2024-09-02T04:21:46.850+0000] {processor.py:914} INFO - Processing file /home/airflow/.local/lib/python3.12/site-packages/airflow/example_dags/example_branch_operator.py for tasks to queue
[2024-09-02T04:21:46.861+0000] {logging_mixin.py:190} INFO - [2024-09-02T04:21:46.860+0000] {dagbag.py:587} INFO - Filling up the DagBag from /home/airflow/.local/lib/python3.12/site-packages/airflow/example_dags/example_branch_operator.py
[2024-09-02T04:21:46.956+0000] {processor.py:925} INFO - DAG(s) 'example_branch_operator' retrieved from /home/airflow/.local/lib/python3.12/site-packages/airflow/example_dags/example_branch_operator.py
[2024-09-02T04:21:47.133+0000] {logging_mixin.py:190} INFO - [2024-09-02T04:21:47.132+0000] {dag.py:3211} INFO - Sync 1 DAGs
[2024-09-02T04:21:47.258+0000] {logging_mixin.py:190} INFO - [2024-09-02T04:21:47.257+0000] {dag.py:4138} INFO - Setting next_dagrun for example_branch_operator to 2024-09-01 00:00:00+00:00, run_after=2024-09-02 00:00:00+00:00
[2024-09-02T04:21:47.368+0000] {processor.py:208} INFO - Processing /home/airflow/.local/lib/python3.12/site-packages/airflow/example_dags/example_branch_operator.py took 0.549 seconds
[2024-09-02T04:22:27.224+0000] {processor.py:186} INFO - Started process (PID=1131) to work on /home/airflow/.local/lib/python3.12/site-packages/airflow/example_dags/example_branch_operator.py
[2024-09-02T04:22:27.227+0000] {processor.py:914} INFO - Processing file /home/airflow/.local/lib/python3.12/site-packages/airflow/example_dags/example_branch_operator.py for tasks to queue
[2024-09-02T04:22:27.244+0000] {logging_mixin.py:190} INFO - [2024-09-02T04:22:27.243+0000] {dagbag.py:587} INFO - Filling up the DagBag from /home/airflow/.local/lib/python3.12/site-packages/airflow/example_dags/example_branch_operator.py
[2024-09-02T04:22:27.372+0000] {processor.py:925} INFO - DAG(s) 'example_branch_operator' retrieved from /home/airflow/.local/lib/python3.12/site-packages/airflow/example_dags/example_branch_operator.py
[2024-09-02T04:22:27.558+0000] {logging_mixin.py:190} INFO - [2024-09-02T04:22:27.557+0000] {dag.py:3211} INFO - Sync 1 DAGs
[2024-09-02T04:22:27.730+0000] {logging_mixin.py:190} INFO - [2024-09-02T04:22:27.730+0000] {dag.py:4138} INFO - Setting next_dagrun for example_branch_operator to 2024-09-01 00:00:00+00:00, run_after=2024-09-02 00:00:00+00:00
[2024-09-02T04:22:27.849+0000] {processor.py:208} INFO - Processing /home/airflow/.local/lib/python3.12/site-packages/airflow/example_dags/example_branch_operator.py took 0.674 seconds
[2024-09-02T04:26:20.360+0000] {processor.py:186} INFO - Started process (PID=101) to work on /home/airflow/.local/lib/python3.12/site-packages/airflow/example_dags/example_branch_operator.py
[2024-09-02T04:26:20.380+0000] {processor.py:914} INFO - Processing file /home/airflow/.local/lib/python3.12/site-packages/airflow/example_dags/example_branch_operator.py for tasks to queue
[2024-09-02T04:26:20.416+0000] {logging_mixin.py:190} INFO - [2024-09-02T04:26:20.415+0000] {dagbag.py:587} INFO - Filling up the DagBag from /home/airflow/.local/lib/python3.12/site-packages/airflow/example_dags/example_branch_operator.py
[2024-09-02T04:26:20.759+0000] {processor.py:925} INFO - DAG(s) 'example_branch_operator' retrieved from /home/airflow/.local/lib/python3.12/site-packages/airflow/example_dags/example_branch_operator.py
[2024-09-02T04:26:22.205+0000] {logging_mixin.py:190} INFO - [2024-09-02T04:26:22.204+0000] {dag.py:3211} INFO - Sync 1 DAGs
[2024-09-02T04:26:22.707+0000] {logging_mixin.py:190} INFO - [2024-09-02T04:26:22.706+0000] {dag.py:4138} INFO - Setting next_dagrun for example_branch_operator to 2024-09-01 00:00:00+00:00, run_after=2024-09-02 00:00:00+00:00
[2024-09-02T04:26:22.909+0000] {processor.py:208} INFO - Processing /home/airflow/.local/lib/python3.12/site-packages/airflow/example_dags/example_branch_operator.py took 2.646 seconds
[2024-09-02T04:27:09.585+0000] {processor.py:186} INFO - Started process (PID=169) to work on /home/airflow/.local/lib/python3.12/site-packages/airflow/example_dags/example_branch_operator.py
[2024-09-02T04:27:09.587+0000] {processor.py:914} INFO - Processing file /home/airflow/.local/lib/python3.12/site-packages/airflow/example_dags/example_branch_operator.py for tasks to queue
[2024-09-02T04:27:09.594+0000] {logging_mixin.py:190} INFO - [2024-09-02T04:27:09.593+0000] {dagbag.py:587} INFO - Filling up the DagBag from /home/airflow/.local/lib/python3.12/site-packages/airflow/example_dags/example_branch_operator.py
[2024-09-02T04:27:09.648+0000] {processor.py:925} INFO - DAG(s) 'example_branch_operator' retrieved from /home/airflow/.local/lib/python3.12/site-packages/airflow/example_dags/example_branch_operator.py
[2024-09-02T04:27:09.759+0000] {logging_mixin.py:190} INFO - [2024-09-02T04:27:09.757+0000] {dag.py:3211} INFO - Sync 1 DAGs
[2024-09-02T04:27:09.832+0000] {logging_mixin.py:190} INFO - [2024-09-02T04:27:09.831+0000] {dag.py:4138} INFO - Setting next_dagrun for example_branch_operator to 2024-09-01 00:00:00+00:00, run_after=2024-09-02 00:00:00+00:00
[2024-09-02T04:27:09.880+0000] {processor.py:208} INFO - Processing /home/airflow/.local/lib/python3.12/site-packages/airflow/example_dags/example_branch_operator.py took 0.312 seconds
[2024-09-02T04:27:41.079+0000] {processor.py:186} INFO - Started process (PID=232) to work on /home/airflow/.local/lib/python3.12/site-packages/airflow/example_dags/example_branch_operator.py
[2024-09-02T04:27:41.081+0000] {processor.py:914} INFO - Processing file /home/airflow/.local/lib/python3.12/site-packages/airflow/example_dags/example_branch_operator.py for tasks to queue
[2024-09-02T04:27:41.087+0000] {logging_mixin.py:190} INFO - [2024-09-02T04:27:41.086+0000] {dagbag.py:587} INFO - Filling up the DagBag from /home/airflow/.local/lib/python3.12/site-packages/airflow/example_dags/example_branch_operator.py
[2024-09-02T04:27:41.128+0000] {processor.py:925} INFO - DAG(s) 'example_branch_operator' retrieved from /home/airflow/.local/lib/python3.12/site-packages/airflow/example_dags/example_branch_operator.py
[2024-09-02T04:27:41.213+0000] {logging_mixin.py:190} INFO - [2024-09-02T04:27:41.212+0000] {dag.py:3211} INFO - Sync 1 DAGs
[2024-09-02T04:27:41.351+0000] {logging_mixin.py:190} INFO - [2024-09-02T04:27:41.351+0000] {dag.py:4138} INFO - Setting next_dagrun for example_branch_operator to 2024-09-01 00:00:00+00:00, run_after=2024-09-02 00:00:00+00:00
[2024-09-02T04:27:41.432+0000] {processor.py:208} INFO - Processing /home/airflow/.local/lib/python3.12/site-packages/airflow/example_dags/example_branch_operator.py took 0.366 seconds
[2024-09-02T04:28:16.843+0000] {processor.py:186} INFO - Started process (PID=295) to work on /home/airflow/.local/lib/python3.12/site-packages/airflow/example_dags/example_branch_operator.py
[2024-09-02T04:28:16.852+0000] {processor.py:914} INFO - Processing file /home/airflow/.local/lib/python3.12/site-packages/airflow/example_dags/example_branch_operator.py for tasks to queue
[2024-09-02T04:28:16.868+0000] {logging_mixin.py:190} INFO - [2024-09-02T04:28:16.868+0000] {dagbag.py:587} INFO - Filling up the DagBag from /home/airflow/.local/lib/python3.12/site-packages/airflow/example_dags/example_branch_operator.py
[2024-09-02T04:28:17.005+0000] {processor.py:925} INFO - DAG(s) 'example_branch_operator' retrieved from /home/airflow/.local/lib/python3.12/site-packages/airflow/example_dags/example_branch_operator.py
[2024-09-02T04:28:17.267+0000] {logging_mixin.py:190} INFO - [2024-09-02T04:28:17.257+0000] {dag.py:3211} INFO - Sync 1 DAGs
[2024-09-02T04:28:17.477+0000] {logging_mixin.py:190} INFO - [2024-09-02T04:28:17.476+0000] {dag.py:4138} INFO - Setting next_dagrun for example_branch_operator to 2024-09-01 00:00:00+00:00, run_after=2024-09-02 00:00:00+00:00
[2024-09-02T04:28:17.685+0000] {processor.py:208} INFO - Processing /home/airflow/.local/lib/python3.12/site-packages/airflow/example_dags/example_branch_operator.py took 0.887 seconds
[2024-09-02T04:28:47.934+0000] {processor.py:186} INFO - Started process (PID=359) to work on /home/airflow/.local/lib/python3.12/site-packages/airflow/example_dags/example_branch_operator.py
[2024-09-02T04:28:47.938+0000] {processor.py:914} INFO - Processing file /home/airflow/.local/lib/python3.12/site-packages/airflow/example_dags/example_branch_operator.py for tasks to queue
[2024-09-02T04:28:47.946+0000] {logging_mixin.py:190} INFO - [2024-09-02T04:28:47.945+0000] {dagbag.py:587} INFO - Filling up the DagBag from /home/airflow/.local/lib/python3.12/site-packages/airflow/example_dags/example_branch_operator.py
[2024-09-02T04:28:48.071+0000] {processor.py:925} INFO - DAG(s) 'example_branch_operator' retrieved from /home/airflow/.local/lib/python3.12/site-packages/airflow/example_dags/example_branch_operator.py
[2024-09-02T04:28:48.234+0000] {logging_mixin.py:190} INFO - [2024-09-02T04:28:48.234+0000] {dag.py:3211} INFO - Sync 1 DAGs
[2024-09-02T04:28:48.361+0000] {logging_mixin.py:190} INFO - [2024-09-02T04:28:48.361+0000] {dag.py:4138} INFO - Setting next_dagrun for example_branch_operator to 2024-09-01 00:00:00+00:00, run_after=2024-09-02 00:00:00+00:00
[2024-09-02T04:28:48.459+0000] {processor.py:208} INFO - Processing /home/airflow/.local/lib/python3.12/site-packages/airflow/example_dags/example_branch_operator.py took 0.554 seconds
[2024-09-02T04:29:19.090+0000] {processor.py:186} INFO - Started process (PID=422) to work on /home/airflow/.local/lib/python3.12/site-packages/airflow/example_dags/example_branch_operator.py
[2024-09-02T04:29:19.092+0000] {processor.py:914} INFO - Processing file /home/airflow/.local/lib/python3.12/site-packages/airflow/example_dags/example_branch_operator.py for tasks to queue
[2024-09-02T04:29:19.098+0000] {logging_mixin.py:190} INFO - [2024-09-02T04:29:19.097+0000] {dagbag.py:587} INFO - Filling up the DagBag from /home/airflow/.local/lib/python3.12/site-packages/airflow/example_dags/example_branch_operator.py
[2024-09-02T04:29:19.163+0000] {processor.py:925} INFO - DAG(s) 'example_branch_operator' retrieved from /home/airflow/.local/lib/python3.12/site-packages/airflow/example_dags/example_branch_operator.py
[2024-09-02T04:29:19.240+0000] {logging_mixin.py:190} INFO - [2024-09-02T04:29:19.240+0000] {dag.py:3211} INFO - Sync 1 DAGs
[2024-09-02T04:29:19.316+0000] {logging_mixin.py:190} INFO - [2024-09-02T04:29:19.316+0000] {dag.py:4138} INFO - Setting next_dagrun for example_branch_operator to 2024-09-01 00:00:00+00:00, run_after=2024-09-02 00:00:00+00:00
[2024-09-02T04:29:19.372+0000] {processor.py:208} INFO - Processing /home/airflow/.local/lib/python3.12/site-packages/airflow/example_dags/example_branch_operator.py took 0.297 seconds
[2024-09-02T04:29:50.454+0000] {processor.py:186} INFO - Started process (PID=485) to work on /home/airflow/.local/lib/python3.12/site-packages/airflow/example_dags/example_branch_operator.py
[2024-09-02T04:29:50.457+0000] {processor.py:914} INFO - Processing file /home/airflow/.local/lib/python3.12/site-packages/airflow/example_dags/example_branch_operator.py for tasks to queue
[2024-09-02T04:29:50.463+0000] {logging_mixin.py:190} INFO - [2024-09-02T04:29:50.462+0000] {dagbag.py:587} INFO - Filling up the DagBag from /home/airflow/.local/lib/python3.12/site-packages/airflow/example_dags/example_branch_operator.py
[2024-09-02T04:29:50.513+0000] {processor.py:925} INFO - DAG(s) 'example_branch_operator' retrieved from /home/airflow/.local/lib/python3.12/site-packages/airflow/example_dags/example_branch_operator.py
[2024-09-02T04:29:50.587+0000] {logging_mixin.py:190} INFO - [2024-09-02T04:29:50.587+0000] {dag.py:3211} INFO - Sync 1 DAGs
[2024-09-02T04:29:50.647+0000] {logging_mixin.py:190} INFO - [2024-09-02T04:29:50.646+0000] {dag.py:4138} INFO - Setting next_dagrun for example_branch_operator to 2024-09-01 00:00:00+00:00, run_after=2024-09-02 00:00:00+00:00
[2024-09-02T04:29:50.699+0000] {processor.py:208} INFO - Processing /home/airflow/.local/lib/python3.12/site-packages/airflow/example_dags/example_branch_operator.py took 0.277 seconds
[2024-09-02T04:30:21.028+0000] {processor.py:186} INFO - Started process (PID=549) to work on /home/airflow/.local/lib/python3.12/site-packages/airflow/example_dags/example_branch_operator.py
[2024-09-02T04:30:21.033+0000] {processor.py:914} INFO - Processing file /home/airflow/.local/lib/python3.12/site-packages/airflow/example_dags/example_branch_operator.py for tasks to queue
[2024-09-02T04:30:21.050+0000] {logging_mixin.py:190} INFO - [2024-09-02T04:30:21.046+0000] {dagbag.py:587} INFO - Filling up the DagBag from /home/airflow/.local/lib/python3.12/site-packages/airflow/example_dags/example_branch_operator.py
[2024-09-02T04:30:21.136+0000] {processor.py:925} INFO - DAG(s) 'example_branch_operator' retrieved from /home/airflow/.local/lib/python3.12/site-packages/airflow/example_dags/example_branch_operator.py
[2024-09-02T04:30:21.267+0000] {logging_mixin.py:190} INFO - [2024-09-02T04:30:21.266+0000] {dag.py:3211} INFO - Sync 1 DAGs
[2024-09-02T04:30:21.400+0000] {logging_mixin.py:190} INFO - [2024-09-02T04:30:21.400+0000] {dag.py:4138} INFO - Setting next_dagrun for example_branch_operator to 2024-09-01 00:00:00+00:00, run_after=2024-09-02 00:00:00+00:00
[2024-09-02T04:30:21.620+0000] {processor.py:208} INFO - Processing /home/airflow/.local/lib/python3.12/site-packages/airflow/example_dags/example_branch_operator.py took 0.627 seconds
[2024-09-02T04:30:52.026+0000] {processor.py:186} INFO - Started process (PID=613) to work on /home/airflow/.local/lib/python3.12/site-packages/airflow/example_dags/example_branch_operator.py
[2024-09-02T04:30:52.029+0000] {processor.py:914} INFO - Processing file /home/airflow/.local/lib/python3.12/site-packages/airflow/example_dags/example_branch_operator.py for tasks to queue
[2024-09-02T04:30:52.035+0000] {logging_mixin.py:190} INFO - [2024-09-02T04:30:52.034+0000] {dagbag.py:587} INFO - Filling up the DagBag from /home/airflow/.local/lib/python3.12/site-packages/airflow/example_dags/example_branch_operator.py
[2024-09-02T04:30:52.078+0000] {processor.py:925} INFO - DAG(s) 'example_branch_operator' retrieved from /home/airflow/.local/lib/python3.12/site-packages/airflow/example_dags/example_branch_operator.py
[2024-09-02T04:30:52.143+0000] {logging_mixin.py:190} INFO - [2024-09-02T04:30:52.142+0000] {dag.py:3211} INFO - Sync 1 DAGs
[2024-09-02T04:30:52.198+0000] {logging_mixin.py:190} INFO - [2024-09-02T04:30:52.197+0000] {dag.py:4138} INFO - Setting next_dagrun for example_branch_operator to 2024-09-01 00:00:00+00:00, run_after=2024-09-02 00:00:00+00:00
[2024-09-02T04:30:52.254+0000] {processor.py:208} INFO - Processing /home/airflow/.local/lib/python3.12/site-packages/airflow/example_dags/example_branch_operator.py took 0.243 seconds
[2024-09-02T04:31:22.851+0000] {processor.py:186} INFO - Started process (PID=675) to work on /home/airflow/.local/lib/python3.12/site-packages/airflow/example_dags/example_branch_operator.py
[2024-09-02T04:31:22.854+0000] {processor.py:914} INFO - Processing file /home/airflow/.local/lib/python3.12/site-packages/airflow/example_dags/example_branch_operator.py for tasks to queue
[2024-09-02T04:31:22.859+0000] {logging_mixin.py:190} INFO - [2024-09-02T04:31:22.858+0000] {dagbag.py:587} INFO - Filling up the DagBag from /home/airflow/.local/lib/python3.12/site-packages/airflow/example_dags/example_branch_operator.py
[2024-09-02T04:31:22.941+0000] {processor.py:925} INFO - DAG(s) 'example_branch_operator' retrieved from /home/airflow/.local/lib/python3.12/site-packages/airflow/example_dags/example_branch_operator.py
[2024-09-02T04:31:23.054+0000] {logging_mixin.py:190} INFO - [2024-09-02T04:31:23.053+0000] {dag.py:3211} INFO - Sync 1 DAGs
[2024-09-02T04:31:23.186+0000] {logging_mixin.py:190} INFO - [2024-09-02T04:31:23.185+0000] {dag.py:4138} INFO - Setting next_dagrun for example_branch_operator to 2024-09-01 00:00:00+00:00, run_after=2024-09-02 00:00:00+00:00
[2024-09-02T04:31:23.301+0000] {processor.py:208} INFO - Processing /home/airflow/.local/lib/python3.12/site-packages/airflow/example_dags/example_branch_operator.py took 0.479 seconds
[2024-09-02T04:31:55.861+0000] {processor.py:186} INFO - Started process (PID=738) to work on /home/airflow/.local/lib/python3.12/site-packages/airflow/example_dags/example_branch_operator.py
[2024-09-02T04:31:55.864+0000] {processor.py:914} INFO - Processing file /home/airflow/.local/lib/python3.12/site-packages/airflow/example_dags/example_branch_operator.py for tasks to queue
[2024-09-02T04:31:55.892+0000] {logging_mixin.py:190} INFO - [2024-09-02T04:31:55.882+0000] {dagbag.py:587} INFO - Filling up the DagBag from /home/airflow/.local/lib/python3.12/site-packages/airflow/example_dags/example_branch_operator.py
[2024-09-02T04:31:56.036+0000] {processor.py:925} INFO - DAG(s) 'example_branch_operator' retrieved from /home/airflow/.local/lib/python3.12/site-packages/airflow/example_dags/example_branch_operator.py
[2024-09-02T04:31:56.283+0000] {logging_mixin.py:190} INFO - [2024-09-02T04:31:56.282+0000] {dag.py:3211} INFO - Sync 1 DAGs
[2024-09-02T04:31:56.476+0000] {logging_mixin.py:190} INFO - [2024-09-02T04:31:56.466+0000] {dag.py:4138} INFO - Setting next_dagrun for example_branch_operator to 2024-09-01 00:00:00+00:00, run_after=2024-09-02 00:00:00+00:00
[2024-09-02T04:31:56.610+0000] {processor.py:208} INFO - Processing /home/airflow/.local/lib/python3.12/site-packages/airflow/example_dags/example_branch_operator.py took 0.780 seconds
[2024-09-02T04:32:27.574+0000] {processor.py:186} INFO - Started process (PID=800) to work on /home/airflow/.local/lib/python3.12/site-packages/airflow/example_dags/example_branch_operator.py
[2024-09-02T04:32:27.592+0000] {processor.py:914} INFO - Processing file /home/airflow/.local/lib/python3.12/site-packages/airflow/example_dags/example_branch_operator.py for tasks to queue
[2024-09-02T04:32:27.600+0000] {logging_mixin.py:190} INFO - [2024-09-02T04:32:27.599+0000] {dagbag.py:587} INFO - Filling up the DagBag from /home/airflow/.local/lib/python3.12/site-packages/airflow/example_dags/example_branch_operator.py
[2024-09-02T04:32:27.777+0000] {processor.py:925} INFO - DAG(s) 'example_branch_operator' retrieved from /home/airflow/.local/lib/python3.12/site-packages/airflow/example_dags/example_branch_operator.py
[2024-09-02T04:32:28.022+0000] {logging_mixin.py:190} INFO - [2024-09-02T04:32:28.022+0000] {dag.py:3211} INFO - Sync 1 DAGs
[2024-09-02T04:32:28.175+0000] {logging_mixin.py:190} INFO - [2024-09-02T04:32:28.175+0000] {dag.py:4138} INFO - Setting next_dagrun for example_branch_operator to 2024-09-01 00:00:00+00:00, run_after=2024-09-02 00:00:00+00:00
[2024-09-02T04:32:28.267+0000] {processor.py:208} INFO - Processing /home/airflow/.local/lib/python3.12/site-packages/airflow/example_dags/example_branch_operator.py took 0.750 seconds
[2024-09-02T04:32:59.274+0000] {processor.py:186} INFO - Started process (PID=863) to work on /home/airflow/.local/lib/python3.12/site-packages/airflow/example_dags/example_branch_operator.py
[2024-09-02T04:32:59.293+0000] {processor.py:914} INFO - Processing file /home/airflow/.local/lib/python3.12/site-packages/airflow/example_dags/example_branch_operator.py for tasks to queue
[2024-09-02T04:32:59.305+0000] {logging_mixin.py:190} INFO - [2024-09-02T04:32:59.304+0000] {dagbag.py:587} INFO - Filling up the DagBag from /home/airflow/.local/lib/python3.12/site-packages/airflow/example_dags/example_branch_operator.py
[2024-09-02T04:32:59.512+0000] {processor.py:925} INFO - DAG(s) 'example_branch_operator' retrieved from /home/airflow/.local/lib/python3.12/site-packages/airflow/example_dags/example_branch_operator.py
[2024-09-02T04:32:59.772+0000] {logging_mixin.py:190} INFO - [2024-09-02T04:32:59.771+0000] {dag.py:3211} INFO - Sync 1 DAGs
[2024-09-02T04:33:00.146+0000] {logging_mixin.py:190} INFO - [2024-09-02T04:33:00.145+0000] {dag.py:4138} INFO - Setting next_dagrun for example_branch_operator to 2024-09-01 00:00:00+00:00, run_after=2024-09-02 00:00:00+00:00
[2024-09-02T04:33:00.428+0000] {processor.py:208} INFO - Processing /home/airflow/.local/lib/python3.12/site-packages/airflow/example_dags/example_branch_operator.py took 1.251 seconds
[2024-09-02T04:33:31.170+0000] {processor.py:186} INFO - Started process (PID=924) to work on /home/airflow/.local/lib/python3.12/site-packages/airflow/example_dags/example_branch_operator.py
[2024-09-02T04:33:31.173+0000] {processor.py:914} INFO - Processing file /home/airflow/.local/lib/python3.12/site-packages/airflow/example_dags/example_branch_operator.py for tasks to queue
[2024-09-02T04:33:31.189+0000] {logging_mixin.py:190} INFO - [2024-09-02T04:33:31.188+0000] {dagbag.py:587} INFO - Filling up the DagBag from /home/airflow/.local/lib/python3.12/site-packages/airflow/example_dags/example_branch_operator.py
[2024-09-02T04:33:31.317+0000] {processor.py:925} INFO - DAG(s) 'example_branch_operator' retrieved from /home/airflow/.local/lib/python3.12/site-packages/airflow/example_dags/example_branch_operator.py
[2024-09-02T04:33:31.469+0000] {logging_mixin.py:190} INFO - [2024-09-02T04:33:31.458+0000] {dag.py:3211} INFO - Sync 1 DAGs
[2024-09-02T04:33:31.578+0000] {logging_mixin.py:190} INFO - [2024-09-02T04:33:31.577+0000] {dag.py:4138} INFO - Setting next_dagrun for example_branch_operator to 2024-09-01 00:00:00+00:00, run_after=2024-09-02 00:00:00+00:00
[2024-09-02T04:33:31.676+0000] {processor.py:208} INFO - Processing /home/airflow/.local/lib/python3.12/site-packages/airflow/example_dags/example_branch_operator.py took 0.540 seconds
[2024-09-02T04:34:02.361+0000] {processor.py:186} INFO - Started process (PID=987) to work on /home/airflow/.local/lib/python3.12/site-packages/airflow/example_dags/example_branch_operator.py
[2024-09-02T04:34:02.364+0000] {processor.py:914} INFO - Processing file /home/airflow/.local/lib/python3.12/site-packages/airflow/example_dags/example_branch_operator.py for tasks to queue
[2024-09-02T04:34:02.382+0000] {logging_mixin.py:190} INFO - [2024-09-02T04:34:02.381+0000] {dagbag.py:587} INFO - Filling up the DagBag from /home/airflow/.local/lib/python3.12/site-packages/airflow/example_dags/example_branch_operator.py
[2024-09-02T04:34:02.490+0000] {processor.py:925} INFO - DAG(s) 'example_branch_operator' retrieved from /home/airflow/.local/lib/python3.12/site-packages/airflow/example_dags/example_branch_operator.py
[2024-09-02T04:34:02.670+0000] {logging_mixin.py:190} INFO - [2024-09-02T04:34:02.669+0000] {dag.py:3211} INFO - Sync 1 DAGs
[2024-09-02T04:34:02.771+0000] {logging_mixin.py:190} INFO - [2024-09-02T04:34:02.770+0000] {dag.py:4138} INFO - Setting next_dagrun for example_branch_operator to 2024-09-01 00:00:00+00:00, run_after=2024-09-02 00:00:00+00:00
[2024-09-02T04:34:02.860+0000] {processor.py:208} INFO - Processing /home/airflow/.local/lib/python3.12/site-packages/airflow/example_dags/example_branch_operator.py took 0.548 seconds
[2024-09-02T04:34:44.010+0000] {processor.py:186} INFO - Started process (PID=1058) to work on /home/airflow/.local/lib/python3.12/site-packages/airflow/example_dags/example_branch_operator.py
[2024-09-02T04:34:44.026+0000] {processor.py:914} INFO - Processing file /home/airflow/.local/lib/python3.12/site-packages/airflow/example_dags/example_branch_operator.py for tasks to queue
[2024-09-02T04:34:44.042+0000] {logging_mixin.py:190} INFO - [2024-09-02T04:34:44.041+0000] {dagbag.py:587} INFO - Filling up the DagBag from /home/airflow/.local/lib/python3.12/site-packages/airflow/example_dags/example_branch_operator.py
[2024-09-02T04:34:44.199+0000] {processor.py:925} INFO - DAG(s) 'example_branch_operator' retrieved from /home/airflow/.local/lib/python3.12/site-packages/airflow/example_dags/example_branch_operator.py
[2024-09-02T04:34:44.408+0000] {logging_mixin.py:190} INFO - [2024-09-02T04:34:44.407+0000] {dag.py:3211} INFO - Sync 1 DAGs
[2024-09-02T04:34:44.613+0000] {logging_mixin.py:190} INFO - [2024-09-02T04:34:44.612+0000] {dag.py:4138} INFO - Setting next_dagrun for example_branch_operator to 2024-09-01 00:00:00+00:00, run_after=2024-09-02 00:00:00+00:00
[2024-09-02T04:34:44.735+0000] {processor.py:208} INFO - Processing /home/airflow/.local/lib/python3.12/site-packages/airflow/example_dags/example_branch_operator.py took 0.791 seconds
[2024-09-02T04:35:19.182+0000] {processor.py:186} INFO - Started process (PID=1121) to work on /home/airflow/.local/lib/python3.12/site-packages/airflow/example_dags/example_branch_operator.py
[2024-09-02T04:35:19.195+0000] {processor.py:914} INFO - Processing file /home/airflow/.local/lib/python3.12/site-packages/airflow/example_dags/example_branch_operator.py for tasks to queue
[2024-09-02T04:35:19.212+0000] {logging_mixin.py:190} INFO - [2024-09-02T04:35:19.212+0000] {dagbag.py:587} INFO - Filling up the DagBag from /home/airflow/.local/lib/python3.12/site-packages/airflow/example_dags/example_branch_operator.py
[2024-09-02T04:35:19.428+0000] {processor.py:925} INFO - DAG(s) 'example_branch_operator' retrieved from /home/airflow/.local/lib/python3.12/site-packages/airflow/example_dags/example_branch_operator.py
[2024-09-02T04:35:19.660+0000] {logging_mixin.py:190} INFO - [2024-09-02T04:35:19.659+0000] {dag.py:3211} INFO - Sync 1 DAGs
[2024-09-02T04:35:19.910+0000] {logging_mixin.py:190} INFO - [2024-09-02T04:35:19.909+0000] {dag.py:4138} INFO - Setting next_dagrun for example_branch_operator to 2024-09-01 00:00:00+00:00, run_after=2024-09-02 00:00:00+00:00
[2024-09-02T04:35:20.112+0000] {processor.py:208} INFO - Processing /home/airflow/.local/lib/python3.12/site-packages/airflow/example_dags/example_branch_operator.py took 0.992 seconds
[2024-09-02T04:35:50.697+0000] {processor.py:186} INFO - Started process (PID=1186) to work on /home/airflow/.local/lib/python3.12/site-packages/airflow/example_dags/example_branch_operator.py
[2024-09-02T04:35:50.699+0000] {processor.py:914} INFO - Processing file /home/airflow/.local/lib/python3.12/site-packages/airflow/example_dags/example_branch_operator.py for tasks to queue
[2024-09-02T04:35:50.705+0000] {logging_mixin.py:190} INFO - [2024-09-02T04:35:50.704+0000] {dagbag.py:587} INFO - Filling up the DagBag from /home/airflow/.local/lib/python3.12/site-packages/airflow/example_dags/example_branch_operator.py
[2024-09-02T04:35:50.750+0000] {processor.py:925} INFO - DAG(s) 'example_branch_operator' retrieved from /home/airflow/.local/lib/python3.12/site-packages/airflow/example_dags/example_branch_operator.py
[2024-09-02T04:35:50.819+0000] {logging_mixin.py:190} INFO - [2024-09-02T04:35:50.818+0000] {dag.py:3211} INFO - Sync 1 DAGs
[2024-09-02T04:35:50.886+0000] {logging_mixin.py:190} INFO - [2024-09-02T04:35:50.886+0000] {dag.py:4138} INFO - Setting next_dagrun for example_branch_operator to 2024-09-01 00:00:00+00:00, run_after=2024-09-02 00:00:00+00:00
[2024-09-02T04:35:50.936+0000] {processor.py:208} INFO - Processing /home/airflow/.local/lib/python3.12/site-packages/airflow/example_dags/example_branch_operator.py took 0.253 seconds
[2024-09-02T04:36:21.442+0000] {processor.py:186} INFO - Started process (PID=1249) to work on /home/airflow/.local/lib/python3.12/site-packages/airflow/example_dags/example_branch_operator.py
[2024-09-02T04:36:21.445+0000] {processor.py:914} INFO - Processing file /home/airflow/.local/lib/python3.12/site-packages/airflow/example_dags/example_branch_operator.py for tasks to queue
[2024-09-02T04:36:21.452+0000] {logging_mixin.py:190} INFO - [2024-09-02T04:36:21.451+0000] {dagbag.py:587} INFO - Filling up the DagBag from /home/airflow/.local/lib/python3.12/site-packages/airflow/example_dags/example_branch_operator.py
[2024-09-02T04:36:21.552+0000] {processor.py:925} INFO - DAG(s) 'example_branch_operator' retrieved from /home/airflow/.local/lib/python3.12/site-packages/airflow/example_dags/example_branch_operator.py
[2024-09-02T04:36:21.666+0000] {logging_mixin.py:190} INFO - [2024-09-02T04:36:21.665+0000] {dag.py:3211} INFO - Sync 1 DAGs
[2024-09-02T04:36:21.775+0000] {logging_mixin.py:190} INFO - [2024-09-02T04:36:21.775+0000] {dag.py:4138} INFO - Setting next_dagrun for example_branch_operator to 2024-09-01 00:00:00+00:00, run_after=2024-09-02 00:00:00+00:00
[2024-09-02T04:36:21.839+0000] {processor.py:208} INFO - Processing /home/airflow/.local/lib/python3.12/site-packages/airflow/example_dags/example_branch_operator.py took 0.414 seconds
[2024-09-02T04:36:52.126+0000] {processor.py:186} INFO - Started process (PID=1311) to work on /home/airflow/.local/lib/python3.12/site-packages/airflow/example_dags/example_branch_operator.py
[2024-09-02T04:36:52.129+0000] {processor.py:914} INFO - Processing file /home/airflow/.local/lib/python3.12/site-packages/airflow/example_dags/example_branch_operator.py for tasks to queue
[2024-09-02T04:36:52.144+0000] {logging_mixin.py:190} INFO - [2024-09-02T04:36:52.143+0000] {dagbag.py:587} INFO - Filling up the DagBag from /home/airflow/.local/lib/python3.12/site-packages/airflow/example_dags/example_branch_operator.py
[2024-09-02T04:36:52.232+0000] {processor.py:925} INFO - DAG(s) 'example_branch_operator' retrieved from /home/airflow/.local/lib/python3.12/site-packages/airflow/example_dags/example_branch_operator.py
[2024-09-02T04:36:52.320+0000] {logging_mixin.py:190} INFO - [2024-09-02T04:36:52.319+0000] {dag.py:3211} INFO - Sync 1 DAGs
[2024-09-02T04:36:52.391+0000] {logging_mixin.py:190} INFO - [2024-09-02T04:36:52.390+0000] {dag.py:4138} INFO - Setting next_dagrun for example_branch_operator to 2024-09-01 00:00:00+00:00, run_after=2024-09-02 00:00:00+00:00
[2024-09-02T04:36:52.443+0000] {processor.py:208} INFO - Processing /home/airflow/.local/lib/python3.12/site-packages/airflow/example_dags/example_branch_operator.py took 0.335 seconds
[2024-09-02T04:37:23.053+0000] {processor.py:186} INFO - Started process (PID=1375) to work on /home/airflow/.local/lib/python3.12/site-packages/airflow/example_dags/example_branch_operator.py
[2024-09-02T04:37:23.056+0000] {processor.py:914} INFO - Processing file /home/airflow/.local/lib/python3.12/site-packages/airflow/example_dags/example_branch_operator.py for tasks to queue
[2024-09-02T04:37:23.062+0000] {logging_mixin.py:190} INFO - [2024-09-02T04:37:23.061+0000] {dagbag.py:587} INFO - Filling up the DagBag from /home/airflow/.local/lib/python3.12/site-packages/airflow/example_dags/example_branch_operator.py
[2024-09-02T04:37:23.134+0000] {processor.py:925} INFO - DAG(s) 'example_branch_operator' retrieved from /home/airflow/.local/lib/python3.12/site-packages/airflow/example_dags/example_branch_operator.py
[2024-09-02T04:37:23.227+0000] {logging_mixin.py:190} INFO - [2024-09-02T04:37:23.227+0000] {dag.py:3211} INFO - Sync 1 DAGs
[2024-09-02T04:37:23.310+0000] {logging_mixin.py:190} INFO - [2024-09-02T04:37:23.309+0000] {dag.py:4138} INFO - Setting next_dagrun for example_branch_operator to 2024-09-01 00:00:00+00:00, run_after=2024-09-02 00:00:00+00:00
[2024-09-02T04:37:23.387+0000] {processor.py:208} INFO - Processing /home/airflow/.local/lib/python3.12/site-packages/airflow/example_dags/example_branch_operator.py took 0.350 seconds
[2024-09-02T04:37:53.685+0000] {processor.py:186} INFO - Started process (PID=1437) to work on /home/airflow/.local/lib/python3.12/site-packages/airflow/example_dags/example_branch_operator.py
[2024-09-02T04:37:53.688+0000] {processor.py:914} INFO - Processing file /home/airflow/.local/lib/python3.12/site-packages/airflow/example_dags/example_branch_operator.py for tasks to queue
[2024-09-02T04:37:53.693+0000] {logging_mixin.py:190} INFO - [2024-09-02T04:37:53.692+0000] {dagbag.py:587} INFO - Filling up the DagBag from /home/airflow/.local/lib/python3.12/site-packages/airflow/example_dags/example_branch_operator.py
[2024-09-02T04:37:53.745+0000] {processor.py:925} INFO - DAG(s) 'example_branch_operator' retrieved from /home/airflow/.local/lib/python3.12/site-packages/airflow/example_dags/example_branch_operator.py
[2024-09-02T04:37:53.826+0000] {logging_mixin.py:190} INFO - [2024-09-02T04:37:53.825+0000] {dag.py:3211} INFO - Sync 1 DAGs
[2024-09-02T04:37:53.915+0000] {logging_mixin.py:190} INFO - [2024-09-02T04:37:53.914+0000] {dag.py:4138} INFO - Setting next_dagrun for example_branch_operator to 2024-09-01 00:00:00+00:00, run_after=2024-09-02 00:00:00+00:00
[2024-09-02T04:37:53.990+0000] {processor.py:208} INFO - Processing /home/airflow/.local/lib/python3.12/site-packages/airflow/example_dags/example_branch_operator.py took 0.320 seconds
[2024-09-02T04:38:24.572+0000] {processor.py:186} INFO - Started process (PID=1501) to work on /home/airflow/.local/lib/python3.12/site-packages/airflow/example_dags/example_branch_operator.py
[2024-09-02T04:38:24.574+0000] {processor.py:914} INFO - Processing file /home/airflow/.local/lib/python3.12/site-packages/airflow/example_dags/example_branch_operator.py for tasks to queue
[2024-09-02T04:38:24.586+0000] {logging_mixin.py:190} INFO - [2024-09-02T04:38:24.582+0000] {dagbag.py:587} INFO - Filling up the DagBag from /home/airflow/.local/lib/python3.12/site-packages/airflow/example_dags/example_branch_operator.py
[2024-09-02T04:38:24.717+0000] {processor.py:925} INFO - DAG(s) 'example_branch_operator' retrieved from /home/airflow/.local/lib/python3.12/site-packages/airflow/example_dags/example_branch_operator.py
[2024-09-02T04:38:24.909+0000] {logging_mixin.py:190} INFO - [2024-09-02T04:38:24.909+0000] {dag.py:3211} INFO - Sync 1 DAGs
[2024-09-02T04:38:25.068+0000] {logging_mixin.py:190} INFO - [2024-09-02T04:38:25.068+0000] {dag.py:4138} INFO - Setting next_dagrun for example_branch_operator to 2024-09-01 00:00:00+00:00, run_after=2024-09-02 00:00:00+00:00
[2024-09-02T04:38:25.237+0000] {processor.py:208} INFO - Processing /home/airflow/.local/lib/python3.12/site-packages/airflow/example_dags/example_branch_operator.py took 0.690 seconds
[2024-09-02T04:38:55.998+0000] {processor.py:186} INFO - Started process (PID=1564) to work on /home/airflow/.local/lib/python3.12/site-packages/airflow/example_dags/example_branch_operator.py
[2024-09-02T04:38:56.001+0000] {processor.py:914} INFO - Processing file /home/airflow/.local/lib/python3.12/site-packages/airflow/example_dags/example_branch_operator.py for tasks to queue
[2024-09-02T04:38:56.014+0000] {logging_mixin.py:190} INFO - [2024-09-02T04:38:56.013+0000] {dagbag.py:587} INFO - Filling up the DagBag from /home/airflow/.local/lib/python3.12/site-packages/airflow/example_dags/example_branch_operator.py
[2024-09-02T04:38:56.090+0000] {processor.py:925} INFO - DAG(s) 'example_branch_operator' retrieved from /home/airflow/.local/lib/python3.12/site-packages/airflow/example_dags/example_branch_operator.py
[2024-09-02T04:38:56.204+0000] {logging_mixin.py:190} INFO - [2024-09-02T04:38:56.200+0000] {dag.py:3211} INFO - Sync 1 DAGs
[2024-09-02T04:38:56.309+0000] {logging_mixin.py:190} INFO - [2024-09-02T04:38:56.308+0000] {dag.py:4138} INFO - Setting next_dagrun for example_branch_operator to 2024-09-01 00:00:00+00:00, run_after=2024-09-02 00:00:00+00:00
[2024-09-02T04:38:56.384+0000] {processor.py:208} INFO - Processing /home/airflow/.local/lib/python3.12/site-packages/airflow/example_dags/example_branch_operator.py took 0.409 seconds
[2024-09-02T04:39:26.790+0000] {processor.py:186} INFO - Started process (PID=1626) to work on /home/airflow/.local/lib/python3.12/site-packages/airflow/example_dags/example_branch_operator.py
[2024-09-02T04:39:26.793+0000] {processor.py:914} INFO - Processing file /home/airflow/.local/lib/python3.12/site-packages/airflow/example_dags/example_branch_operator.py for tasks to queue
[2024-09-02T04:39:26.798+0000] {logging_mixin.py:190} INFO - [2024-09-02T04:39:26.798+0000] {dagbag.py:587} INFO - Filling up the DagBag from /home/airflow/.local/lib/python3.12/site-packages/airflow/example_dags/example_branch_operator.py
[2024-09-02T04:39:26.845+0000] {processor.py:925} INFO - DAG(s) 'example_branch_operator' retrieved from /home/airflow/.local/lib/python3.12/site-packages/airflow/example_dags/example_branch_operator.py
[2024-09-02T04:39:26.910+0000] {logging_mixin.py:190} INFO - [2024-09-02T04:39:26.909+0000] {dag.py:3211} INFO - Sync 1 DAGs
[2024-09-02T04:39:26.970+0000] {logging_mixin.py:190} INFO - [2024-09-02T04:39:26.969+0000] {dag.py:4138} INFO - Setting next_dagrun for example_branch_operator to 2024-09-01 00:00:00+00:00, run_after=2024-09-02 00:00:00+00:00
[2024-09-02T04:39:27.015+0000] {processor.py:208} INFO - Processing /home/airflow/.local/lib/python3.12/site-packages/airflow/example_dags/example_branch_operator.py took 0.238 seconds
[2024-09-02T04:39:57.218+0000] {processor.py:186} INFO - Started process (PID=1689) to work on /home/airflow/.local/lib/python3.12/site-packages/airflow/example_dags/example_branch_operator.py
[2024-09-02T04:39:57.220+0000] {processor.py:914} INFO - Processing file /home/airflow/.local/lib/python3.12/site-packages/airflow/example_dags/example_branch_operator.py for tasks to queue
[2024-09-02T04:39:57.225+0000] {logging_mixin.py:190} INFO - [2024-09-02T04:39:57.224+0000] {dagbag.py:587} INFO - Filling up the DagBag from /home/airflow/.local/lib/python3.12/site-packages/airflow/example_dags/example_branch_operator.py
[2024-09-02T04:39:57.264+0000] {processor.py:925} INFO - DAG(s) 'example_branch_operator' retrieved from /home/airflow/.local/lib/python3.12/site-packages/airflow/example_dags/example_branch_operator.py
[2024-09-02T04:39:57.323+0000] {logging_mixin.py:190} INFO - [2024-09-02T04:39:57.322+0000] {dag.py:3211} INFO - Sync 1 DAGs
[2024-09-02T04:39:57.389+0000] {logging_mixin.py:190} INFO - [2024-09-02T04:39:57.388+0000] {dag.py:4138} INFO - Setting next_dagrun for example_branch_operator to 2024-09-01 00:00:00+00:00, run_after=2024-09-02 00:00:00+00:00
[2024-09-02T04:39:57.432+0000] {processor.py:208} INFO - Processing /home/airflow/.local/lib/python3.12/site-packages/airflow/example_dags/example_branch_operator.py took 0.227 seconds
[2024-09-02T04:40:27.544+0000] {processor.py:186} INFO - Started process (PID=1751) to work on /home/airflow/.local/lib/python3.12/site-packages/airflow/example_dags/example_branch_operator.py
[2024-09-02T04:40:27.546+0000] {processor.py:914} INFO - Processing file /home/airflow/.local/lib/python3.12/site-packages/airflow/example_dags/example_branch_operator.py for tasks to queue
[2024-09-02T04:40:27.552+0000] {logging_mixin.py:190} INFO - [2024-09-02T04:40:27.551+0000] {dagbag.py:587} INFO - Filling up the DagBag from /home/airflow/.local/lib/python3.12/site-packages/airflow/example_dags/example_branch_operator.py
[2024-09-02T04:40:27.590+0000] {processor.py:925} INFO - DAG(s) 'example_branch_operator' retrieved from /home/airflow/.local/lib/python3.12/site-packages/airflow/example_dags/example_branch_operator.py
[2024-09-02T04:40:27.657+0000] {logging_mixin.py:190} INFO - [2024-09-02T04:40:27.657+0000] {dag.py:3211} INFO - Sync 1 DAGs
[2024-09-02T04:40:27.717+0000] {logging_mixin.py:190} INFO - [2024-09-02T04:40:27.716+0000] {dag.py:4138} INFO - Setting next_dagrun for example_branch_operator to 2024-09-01 00:00:00+00:00, run_after=2024-09-02 00:00:00+00:00
[2024-09-02T04:40:27.761+0000] {processor.py:208} INFO - Processing /home/airflow/.local/lib/python3.12/site-packages/airflow/example_dags/example_branch_operator.py took 0.229 seconds
[2024-09-02T04:40:58.691+0000] {processor.py:186} INFO - Started process (PID=1814) to work on /home/airflow/.local/lib/python3.12/site-packages/airflow/example_dags/example_branch_operator.py
[2024-09-02T04:40:58.700+0000] {processor.py:914} INFO - Processing file /home/airflow/.local/lib/python3.12/site-packages/airflow/example_dags/example_branch_operator.py for tasks to queue
[2024-09-02T04:40:58.712+0000] {logging_mixin.py:190} INFO - [2024-09-02T04:40:58.711+0000] {dagbag.py:587} INFO - Filling up the DagBag from /home/airflow/.local/lib/python3.12/site-packages/airflow/example_dags/example_branch_operator.py
[2024-09-02T04:40:58.770+0000] {processor.py:925} INFO - DAG(s) 'example_branch_operator' retrieved from /home/airflow/.local/lib/python3.12/site-packages/airflow/example_dags/example_branch_operator.py
[2024-09-02T04:40:58.869+0000] {logging_mixin.py:190} INFO - [2024-09-02T04:40:58.868+0000] {dag.py:3211} INFO - Sync 1 DAGs
[2024-09-02T04:40:58.936+0000] {logging_mixin.py:190} INFO - [2024-09-02T04:40:58.936+0000] {dag.py:4138} INFO - Setting next_dagrun for example_branch_operator to 2024-09-01 00:00:00+00:00, run_after=2024-09-02 00:00:00+00:00
[2024-09-02T04:40:58.989+0000] {processor.py:208} INFO - Processing /home/airflow/.local/lib/python3.12/site-packages/airflow/example_dags/example_branch_operator.py took 0.312 seconds
[2024-09-02T04:41:29.163+0000] {processor.py:186} INFO - Started process (PID=1876) to work on /home/airflow/.local/lib/python3.12/site-packages/airflow/example_dags/example_branch_operator.py
[2024-09-02T04:41:29.167+0000] {processor.py:914} INFO - Processing file /home/airflow/.local/lib/python3.12/site-packages/airflow/example_dags/example_branch_operator.py for tasks to queue
[2024-09-02T04:41:29.179+0000] {logging_mixin.py:190} INFO - [2024-09-02T04:41:29.178+0000] {dagbag.py:587} INFO - Filling up the DagBag from /home/airflow/.local/lib/python3.12/site-packages/airflow/example_dags/example_branch_operator.py
[2024-09-02T04:41:29.247+0000] {processor.py:925} INFO - DAG(s) 'example_branch_operator' retrieved from /home/airflow/.local/lib/python3.12/site-packages/airflow/example_dags/example_branch_operator.py
[2024-09-02T04:41:29.320+0000] {logging_mixin.py:190} INFO - [2024-09-02T04:41:29.319+0000] {dag.py:3211} INFO - Sync 1 DAGs
[2024-09-02T04:41:29.379+0000] {logging_mixin.py:190} INFO - [2024-09-02T04:41:29.379+0000] {dag.py:4138} INFO - Setting next_dagrun for example_branch_operator to 2024-09-01 00:00:00+00:00, run_after=2024-09-02 00:00:00+00:00
[2024-09-02T04:41:29.421+0000] {processor.py:208} INFO - Processing /home/airflow/.local/lib/python3.12/site-packages/airflow/example_dags/example_branch_operator.py took 0.279 seconds
[2024-09-02T04:41:59.814+0000] {processor.py:186} INFO - Started process (PID=1939) to work on /home/airflow/.local/lib/python3.12/site-packages/airflow/example_dags/example_branch_operator.py
[2024-09-02T04:41:59.816+0000] {processor.py:914} INFO - Processing file /home/airflow/.local/lib/python3.12/site-packages/airflow/example_dags/example_branch_operator.py for tasks to queue
[2024-09-02T04:41:59.821+0000] {logging_mixin.py:190} INFO - [2024-09-02T04:41:59.821+0000] {dagbag.py:587} INFO - Filling up the DagBag from /home/airflow/.local/lib/python3.12/site-packages/airflow/example_dags/example_branch_operator.py
[2024-09-02T04:41:59.864+0000] {processor.py:925} INFO - DAG(s) 'example_branch_operator' retrieved from /home/airflow/.local/lib/python3.12/site-packages/airflow/example_dags/example_branch_operator.py
[2024-09-02T04:41:59.949+0000] {logging_mixin.py:190} INFO - [2024-09-02T04:41:59.949+0000] {dag.py:3211} INFO - Sync 1 DAGs
[2024-09-02T04:42:00.039+0000] {logging_mixin.py:190} INFO - [2024-09-02T04:42:00.039+0000] {dag.py:4138} INFO - Setting next_dagrun for example_branch_operator to 2024-09-01 00:00:00+00:00, run_after=2024-09-02 00:00:00+00:00
[2024-09-02T04:42:00.091+0000] {processor.py:208} INFO - Processing /home/airflow/.local/lib/python3.12/site-packages/airflow/example_dags/example_branch_operator.py took 0.299 seconds
[2024-09-02T04:42:30.220+0000] {processor.py:186} INFO - Started process (PID=2002) to work on /home/airflow/.local/lib/python3.12/site-packages/airflow/example_dags/example_branch_operator.py
[2024-09-02T04:42:30.223+0000] {processor.py:914} INFO - Processing file /home/airflow/.local/lib/python3.12/site-packages/airflow/example_dags/example_branch_operator.py for tasks to queue
[2024-09-02T04:42:30.228+0000] {logging_mixin.py:190} INFO - [2024-09-02T04:42:30.227+0000] {dagbag.py:587} INFO - Filling up the DagBag from /home/airflow/.local/lib/python3.12/site-packages/airflow/example_dags/example_branch_operator.py
[2024-09-02T04:42:30.278+0000] {processor.py:925} INFO - DAG(s) 'example_branch_operator' retrieved from /home/airflow/.local/lib/python3.12/site-packages/airflow/example_dags/example_branch_operator.py
[2024-09-02T04:42:30.419+0000] {logging_mixin.py:190} INFO - [2024-09-02T04:42:30.418+0000] {dag.py:3211} INFO - Sync 1 DAGs
[2024-09-02T04:42:30.516+0000] {logging_mixin.py:190} INFO - [2024-09-02T04:42:30.516+0000] {dag.py:4138} INFO - Setting next_dagrun for example_branch_operator to 2024-09-01 00:00:00+00:00, run_after=2024-09-02 00:00:00+00:00
[2024-09-02T04:42:30.603+0000] {processor.py:208} INFO - Processing /home/airflow/.local/lib/python3.12/site-packages/airflow/example_dags/example_branch_operator.py took 0.396 seconds
[2024-09-02T04:43:01.313+0000] {processor.py:186} INFO - Started process (PID=2065) to work on /home/airflow/.local/lib/python3.12/site-packages/airflow/example_dags/example_branch_operator.py
[2024-09-02T04:43:01.328+0000] {processor.py:914} INFO - Processing file /home/airflow/.local/lib/python3.12/site-packages/airflow/example_dags/example_branch_operator.py for tasks to queue
[2024-09-02T04:43:01.355+0000] {logging_mixin.py:190} INFO - [2024-09-02T04:43:01.345+0000] {dagbag.py:587} INFO - Filling up the DagBag from /home/airflow/.local/lib/python3.12/site-packages/airflow/example_dags/example_branch_operator.py
[2024-09-02T04:43:01.481+0000] {processor.py:925} INFO - DAG(s) 'example_branch_operator' retrieved from /home/airflow/.local/lib/python3.12/site-packages/airflow/example_dags/example_branch_operator.py
[2024-09-02T04:43:01.747+0000] {logging_mixin.py:190} INFO - [2024-09-02T04:43:01.747+0000] {dag.py:3211} INFO - Sync 1 DAGs
[2024-09-02T04:43:01.955+0000] {logging_mixin.py:190} INFO - [2024-09-02T04:43:01.955+0000] {dag.py:4138} INFO - Setting next_dagrun for example_branch_operator to 2024-09-01 00:00:00+00:00, run_after=2024-09-02 00:00:00+00:00
[2024-09-02T04:43:02.054+0000] {processor.py:208} INFO - Processing /home/airflow/.local/lib/python3.12/site-packages/airflow/example_dags/example_branch_operator.py took 0.784 seconds
[2024-09-02T04:43:32.504+0000] {processor.py:186} INFO - Started process (PID=2128) to work on /home/airflow/.local/lib/python3.12/site-packages/airflow/example_dags/example_branch_operator.py
[2024-09-02T04:43:32.506+0000] {processor.py:914} INFO - Processing file /home/airflow/.local/lib/python3.12/site-packages/airflow/example_dags/example_branch_operator.py for tasks to queue
[2024-09-02T04:43:32.512+0000] {logging_mixin.py:190} INFO - [2024-09-02T04:43:32.511+0000] {dagbag.py:587} INFO - Filling up the DagBag from /home/airflow/.local/lib/python3.12/site-packages/airflow/example_dags/example_branch_operator.py
[2024-09-02T04:43:32.614+0000] {processor.py:925} INFO - DAG(s) 'example_branch_operator' retrieved from /home/airflow/.local/lib/python3.12/site-packages/airflow/example_dags/example_branch_operator.py
[2024-09-02T04:43:32.679+0000] {logging_mixin.py:190} INFO - [2024-09-02T04:43:32.678+0000] {dag.py:3211} INFO - Sync 1 DAGs
[2024-09-02T04:43:32.736+0000] {logging_mixin.py:190} INFO - [2024-09-02T04:43:32.736+0000] {dag.py:4138} INFO - Setting next_dagrun for example_branch_operator to 2024-09-01 00:00:00+00:00, run_after=2024-09-02 00:00:00+00:00
[2024-09-02T04:43:32.776+0000] {processor.py:208} INFO - Processing /home/airflow/.local/lib/python3.12/site-packages/airflow/example_dags/example_branch_operator.py took 0.290 seconds
[2024-09-02T04:44:03.072+0000] {processor.py:186} INFO - Started process (PID=2191) to work on /home/airflow/.local/lib/python3.12/site-packages/airflow/example_dags/example_branch_operator.py
[2024-09-02T04:44:03.074+0000] {processor.py:914} INFO - Processing file /home/airflow/.local/lib/python3.12/site-packages/airflow/example_dags/example_branch_operator.py for tasks to queue
[2024-09-02T04:44:03.079+0000] {logging_mixin.py:190} INFO - [2024-09-02T04:44:03.078+0000] {dagbag.py:587} INFO - Filling up the DagBag from /home/airflow/.local/lib/python3.12/site-packages/airflow/example_dags/example_branch_operator.py
[2024-09-02T04:44:03.121+0000] {processor.py:925} INFO - DAG(s) 'example_branch_operator' retrieved from /home/airflow/.local/lib/python3.12/site-packages/airflow/example_dags/example_branch_operator.py
[2024-09-02T04:44:03.210+0000] {logging_mixin.py:190} INFO - [2024-09-02T04:44:03.210+0000] {dag.py:3211} INFO - Sync 1 DAGs
[2024-09-02T04:44:03.286+0000] {logging_mixin.py:190} INFO - [2024-09-02T04:44:03.284+0000] {dag.py:4138} INFO - Setting next_dagrun for example_branch_operator to 2024-09-01 00:00:00+00:00, run_after=2024-09-02 00:00:00+00:00
[2024-09-02T04:44:03.371+0000] {processor.py:208} INFO - Processing /home/airflow/.local/lib/python3.12/site-packages/airflow/example_dags/example_branch_operator.py took 0.312 seconds
[2024-09-02T04:44:34.229+0000] {processor.py:186} INFO - Started process (PID=2254) to work on /home/airflow/.local/lib/python3.12/site-packages/airflow/example_dags/example_branch_operator.py
[2024-09-02T04:44:34.231+0000] {processor.py:914} INFO - Processing file /home/airflow/.local/lib/python3.12/site-packages/airflow/example_dags/example_branch_operator.py for tasks to queue
[2024-09-02T04:44:34.235+0000] {logging_mixin.py:190} INFO - [2024-09-02T04:44:34.235+0000] {dagbag.py:587} INFO - Filling up the DagBag from /home/airflow/.local/lib/python3.12/site-packages/airflow/example_dags/example_branch_operator.py
[2024-09-02T04:44:34.271+0000] {processor.py:925} INFO - DAG(s) 'example_branch_operator' retrieved from /home/airflow/.local/lib/python3.12/site-packages/airflow/example_dags/example_branch_operator.py
[2024-09-02T04:44:34.328+0000] {logging_mixin.py:190} INFO - [2024-09-02T04:44:34.328+0000] {dag.py:3211} INFO - Sync 1 DAGs
[2024-09-02T04:44:34.381+0000] {logging_mixin.py:190} INFO - [2024-09-02T04:44:34.381+0000] {dag.py:4138} INFO - Setting next_dagrun for example_branch_operator to 2024-09-01 00:00:00+00:00, run_after=2024-09-02 00:00:00+00:00
[2024-09-02T04:44:34.421+0000] {processor.py:208} INFO - Processing /home/airflow/.local/lib/python3.12/site-packages/airflow/example_dags/example_branch_operator.py took 0.204 seconds
[2024-09-02T04:45:04.551+0000] {processor.py:186} INFO - Started process (PID=2317) to work on /home/airflow/.local/lib/python3.12/site-packages/airflow/example_dags/example_branch_operator.py
[2024-09-02T04:45:04.553+0000] {processor.py:914} INFO - Processing file /home/airflow/.local/lib/python3.12/site-packages/airflow/example_dags/example_branch_operator.py for tasks to queue
[2024-09-02T04:45:04.558+0000] {logging_mixin.py:190} INFO - [2024-09-02T04:45:04.558+0000] {dagbag.py:587} INFO - Filling up the DagBag from /home/airflow/.local/lib/python3.12/site-packages/airflow/example_dags/example_branch_operator.py
[2024-09-02T04:45:04.595+0000] {processor.py:925} INFO - DAG(s) 'example_branch_operator' retrieved from /home/airflow/.local/lib/python3.12/site-packages/airflow/example_dags/example_branch_operator.py
[2024-09-02T04:45:04.653+0000] {logging_mixin.py:190} INFO - [2024-09-02T04:45:04.653+0000] {dag.py:3211} INFO - Sync 1 DAGs
[2024-09-02T04:45:04.701+0000] {logging_mixin.py:190} INFO - [2024-09-02T04:45:04.701+0000] {dag.py:4138} INFO - Setting next_dagrun for example_branch_operator to 2024-09-01 00:00:00+00:00, run_after=2024-09-02 00:00:00+00:00
[2024-09-02T04:45:04.751+0000] {processor.py:208} INFO - Processing /home/airflow/.local/lib/python3.12/site-packages/airflow/example_dags/example_branch_operator.py took 0.213 seconds
[2024-09-02T04:45:34.859+0000] {processor.py:186} INFO - Started process (PID=2380) to work on /home/airflow/.local/lib/python3.12/site-packages/airflow/example_dags/example_branch_operator.py
[2024-09-02T04:45:34.861+0000] {processor.py:914} INFO - Processing file /home/airflow/.local/lib/python3.12/site-packages/airflow/example_dags/example_branch_operator.py for tasks to queue
[2024-09-02T04:45:34.868+0000] {logging_mixin.py:190} INFO - [2024-09-02T04:45:34.867+0000] {dagbag.py:587} INFO - Filling up the DagBag from /home/airflow/.local/lib/python3.12/site-packages/airflow/example_dags/example_branch_operator.py
[2024-09-02T04:45:34.932+0000] {processor.py:925} INFO - DAG(s) 'example_branch_operator' retrieved from /home/airflow/.local/lib/python3.12/site-packages/airflow/example_dags/example_branch_operator.py
[2024-09-02T04:45:35.021+0000] {logging_mixin.py:190} INFO - [2024-09-02T04:45:35.020+0000] {dag.py:3211} INFO - Sync 1 DAGs
[2024-09-02T04:45:35.089+0000] {logging_mixin.py:190} INFO - [2024-09-02T04:45:35.089+0000] {dag.py:4138} INFO - Setting next_dagrun for example_branch_operator to 2024-09-01 00:00:00+00:00, run_after=2024-09-02 00:00:00+00:00
[2024-09-02T04:45:35.139+0000] {processor.py:208} INFO - Processing /home/airflow/.local/lib/python3.12/site-packages/airflow/example_dags/example_branch_operator.py took 0.297 seconds
[2024-09-02T04:46:05.317+0000] {processor.py:186} INFO - Started process (PID=2444) to work on /home/airflow/.local/lib/python3.12/site-packages/airflow/example_dags/example_branch_operator.py
[2024-09-02T04:46:05.319+0000] {processor.py:914} INFO - Processing file /home/airflow/.local/lib/python3.12/site-packages/airflow/example_dags/example_branch_operator.py for tasks to queue
[2024-09-02T04:46:05.324+0000] {logging_mixin.py:190} INFO - [2024-09-02T04:46:05.324+0000] {dagbag.py:587} INFO - Filling up the DagBag from /home/airflow/.local/lib/python3.12/site-packages/airflow/example_dags/example_branch_operator.py
[2024-09-02T04:46:05.359+0000] {processor.py:925} INFO - DAG(s) 'example_branch_operator' retrieved from /home/airflow/.local/lib/python3.12/site-packages/airflow/example_dags/example_branch_operator.py
[2024-09-02T04:46:05.413+0000] {logging_mixin.py:190} INFO - [2024-09-02T04:46:05.413+0000] {dag.py:3211} INFO - Sync 1 DAGs
[2024-09-02T04:46:05.463+0000] {logging_mixin.py:190} INFO - [2024-09-02T04:46:05.463+0000] {dag.py:4138} INFO - Setting next_dagrun for example_branch_operator to 2024-09-01 00:00:00+00:00, run_after=2024-09-02 00:00:00+00:00
[2024-09-02T04:46:05.501+0000] {processor.py:208} INFO - Processing /home/airflow/.local/lib/python3.12/site-packages/airflow/example_dags/example_branch_operator.py took 0.196 seconds
[2024-09-02T04:46:36.155+0000] {processor.py:186} INFO - Started process (PID=2508) to work on /home/airflow/.local/lib/python3.12/site-packages/airflow/example_dags/example_branch_operator.py
[2024-09-02T04:46:36.158+0000] {processor.py:914} INFO - Processing file /home/airflow/.local/lib/python3.12/site-packages/airflow/example_dags/example_branch_operator.py for tasks to queue
[2024-09-02T04:46:36.165+0000] {logging_mixin.py:190} INFO - [2024-09-02T04:46:36.164+0000] {dagbag.py:587} INFO - Filling up the DagBag from /home/airflow/.local/lib/python3.12/site-packages/airflow/example_dags/example_branch_operator.py
[2024-09-02T04:46:36.214+0000] {processor.py:925} INFO - DAG(s) 'example_branch_operator' retrieved from /home/airflow/.local/lib/python3.12/site-packages/airflow/example_dags/example_branch_operator.py
[2024-09-02T04:46:36.311+0000] {logging_mixin.py:190} INFO - [2024-09-02T04:46:36.310+0000] {dag.py:3211} INFO - Sync 1 DAGs
[2024-09-02T04:46:36.420+0000] {logging_mixin.py:190} INFO - [2024-09-02T04:46:36.420+0000] {dag.py:4138} INFO - Setting next_dagrun for example_branch_operator to 2024-09-01 00:00:00+00:00, run_after=2024-09-02 00:00:00+00:00
[2024-09-02T04:46:36.473+0000] {processor.py:208} INFO - Processing /home/airflow/.local/lib/python3.12/site-packages/airflow/example_dags/example_branch_operator.py took 0.343 seconds
[2024-09-02T04:47:06.750+0000] {processor.py:186} INFO - Started process (PID=2571) to work on /home/airflow/.local/lib/python3.12/site-packages/airflow/example_dags/example_branch_operator.py
[2024-09-02T04:47:06.752+0000] {processor.py:914} INFO - Processing file /home/airflow/.local/lib/python3.12/site-packages/airflow/example_dags/example_branch_operator.py for tasks to queue
[2024-09-02T04:47:06.758+0000] {logging_mixin.py:190} INFO - [2024-09-02T04:47:06.757+0000] {dagbag.py:587} INFO - Filling up the DagBag from /home/airflow/.local/lib/python3.12/site-packages/airflow/example_dags/example_branch_operator.py
[2024-09-02T04:47:06.802+0000] {processor.py:925} INFO - DAG(s) 'example_branch_operator' retrieved from /home/airflow/.local/lib/python3.12/site-packages/airflow/example_dags/example_branch_operator.py
[2024-09-02T04:47:06.862+0000] {logging_mixin.py:190} INFO - [2024-09-02T04:47:06.861+0000] {dag.py:3211} INFO - Sync 1 DAGs
[2024-09-02T04:47:06.935+0000] {logging_mixin.py:190} INFO - [2024-09-02T04:47:06.935+0000] {dag.py:4138} INFO - Setting next_dagrun for example_branch_operator to 2024-09-01 00:00:00+00:00, run_after=2024-09-02 00:00:00+00:00
[2024-09-02T04:47:06.986+0000] {processor.py:208} INFO - Processing /home/airflow/.local/lib/python3.12/site-packages/airflow/example_dags/example_branch_operator.py took 0.248 seconds
