[2024-09-02T04:14:02.580+0000] {processor.py:186} INFO - Started process (PID=127) to work on /home/airflow/.local/lib/python3.12/site-packages/airflow/example_dags/example_workday_timetable.py
[2024-09-02T04:14:02.582+0000] {processor.py:914} INFO - Processing file /home/airflow/.local/lib/python3.12/site-packages/airflow/example_dags/example_workday_timetable.py for tasks to queue
[2024-09-02T04:14:02.589+0000] {logging_mixin.py:190} INFO - [2024-09-02T04:14:02.588+0000] {dagbag.py:587} INFO - Filling up the DagBag from /home/airflow/.local/lib/python3.12/site-packages/airflow/example_dags/example_workday_timetable.py
[2024-09-02T04:14:02.603+0000] {processor.py:925} INFO - DAG(s) 'example_workday_timetable' retrieved from /home/airflow/.local/lib/python3.12/site-packages/airflow/example_dags/example_workday_timetable.py
[2024-09-02T04:14:02.881+0000] {logging_mixin.py:190} INFO - [2024-09-02T04:14:02.877+0000] {override.py:1858} INFO - Created Permission View: can read on DAG:example_workday_timetable
[2024-09-02T04:14:02.907+0000] {logging_mixin.py:190} INFO - [2024-09-02T04:14:02.906+0000] {override.py:1858} INFO - Created Permission View: can delete on DAG:example_workday_timetable
[2024-09-02T04:14:02.924+0000] {logging_mixin.py:190} INFO - [2024-09-02T04:14:02.924+0000] {override.py:1858} INFO - Created Permission View: can edit on DAG:example_workday_timetable
[2024-09-02T04:14:02.926+0000] {logging_mixin.py:190} INFO - [2024-09-02T04:14:02.926+0000] {dag.py:3211} INFO - Sync 1 DAGs
[2024-09-02T04:14:02.960+0000] {logging_mixin.py:190} INFO - [2024-09-02T04:14:02.960+0000] {dag.py:3234} INFO - Creating ORM DAG for example_workday_timetable
[2024-09-02T04:14:03.103+0000] {logging_mixin.py:190} INFO - [2024-09-02T04:14:03.103+0000] {dag.py:4138} INFO - Setting next_dagrun for example_workday_timetable to 2021-01-04 00:00:00+00:00, run_after=2021-01-05 00:00:00+00:00
[2024-09-02T04:14:03.145+0000] {processor.py:208} INFO - Processing /home/airflow/.local/lib/python3.12/site-packages/airflow/example_dags/example_workday_timetable.py took 0.581 seconds
[2024-09-02T04:14:33.613+0000] {processor.py:186} INFO - Started process (PID=190) to work on /home/airflow/.local/lib/python3.12/site-packages/airflow/example_dags/example_workday_timetable.py
[2024-09-02T04:14:33.620+0000] {processor.py:914} INFO - Processing file /home/airflow/.local/lib/python3.12/site-packages/airflow/example_dags/example_workday_timetable.py for tasks to queue
[2024-09-02T04:14:33.637+0000] {logging_mixin.py:190} INFO - [2024-09-02T04:14:33.636+0000] {dagbag.py:587} INFO - Filling up the DagBag from /home/airflow/.local/lib/python3.12/site-packages/airflow/example_dags/example_workday_timetable.py
[2024-09-02T04:14:33.659+0000] {processor.py:925} INFO - DAG(s) 'example_workday_timetable' retrieved from /home/airflow/.local/lib/python3.12/site-packages/airflow/example_dags/example_workday_timetable.py
[2024-09-02T04:14:33.776+0000] {logging_mixin.py:190} INFO - [2024-09-02T04:14:33.775+0000] {dag.py:3211} INFO - Sync 1 DAGs
[2024-09-02T04:14:34.021+0000] {logging_mixin.py:190} INFO - [2024-09-02T04:14:34.021+0000] {dag.py:4138} INFO - Setting next_dagrun for example_workday_timetable to 2021-01-04 00:00:00+00:00, run_after=2021-01-05 00:00:00+00:00
[2024-09-02T04:14:34.078+0000] {processor.py:208} INFO - Processing /home/airflow/.local/lib/python3.12/site-packages/airflow/example_dags/example_workday_timetable.py took 0.489 seconds
[2024-09-02T04:15:04.238+0000] {processor.py:186} INFO - Started process (PID=253) to work on /home/airflow/.local/lib/python3.12/site-packages/airflow/example_dags/example_workday_timetable.py
[2024-09-02T04:15:04.239+0000] {processor.py:914} INFO - Processing file /home/airflow/.local/lib/python3.12/site-packages/airflow/example_dags/example_workday_timetable.py for tasks to queue
[2024-09-02T04:15:04.245+0000] {logging_mixin.py:190} INFO - [2024-09-02T04:15:04.244+0000] {dagbag.py:587} INFO - Filling up the DagBag from /home/airflow/.local/lib/python3.12/site-packages/airflow/example_dags/example_workday_timetable.py
[2024-09-02T04:15:04.256+0000] {processor.py:925} INFO - DAG(s) 'example_workday_timetable' retrieved from /home/airflow/.local/lib/python3.12/site-packages/airflow/example_dags/example_workday_timetable.py
[2024-09-02T04:15:04.299+0000] {logging_mixin.py:190} INFO - [2024-09-02T04:15:04.299+0000] {dag.py:3211} INFO - Sync 1 DAGs
[2024-09-02T04:15:04.442+0000] {logging_mixin.py:190} INFO - [2024-09-02T04:15:04.442+0000] {dag.py:4138} INFO - Setting next_dagrun for example_workday_timetable to 2021-01-04 00:00:00+00:00, run_after=2021-01-05 00:00:00+00:00
[2024-09-02T04:15:04.509+0000] {processor.py:208} INFO - Processing /home/airflow/.local/lib/python3.12/site-packages/airflow/example_dags/example_workday_timetable.py took 0.284 seconds
[2024-09-02T04:15:34.903+0000] {processor.py:186} INFO - Started process (PID=315) to work on /home/airflow/.local/lib/python3.12/site-packages/airflow/example_dags/example_workday_timetable.py
[2024-09-02T04:15:34.907+0000] {processor.py:914} INFO - Processing file /home/airflow/.local/lib/python3.12/site-packages/airflow/example_dags/example_workday_timetable.py for tasks to queue
[2024-09-02T04:15:34.913+0000] {logging_mixin.py:190} INFO - [2024-09-02T04:15:34.912+0000] {dagbag.py:587} INFO - Filling up the DagBag from /home/airflow/.local/lib/python3.12/site-packages/airflow/example_dags/example_workday_timetable.py
[2024-09-02T04:15:34.930+0000] {processor.py:925} INFO - DAG(s) 'example_workday_timetable' retrieved from /home/airflow/.local/lib/python3.12/site-packages/airflow/example_dags/example_workday_timetable.py
[2024-09-02T04:15:34.991+0000] {logging_mixin.py:190} INFO - [2024-09-02T04:15:34.991+0000] {dag.py:3211} INFO - Sync 1 DAGs
[2024-09-02T04:15:35.315+0000] {logging_mixin.py:190} INFO - [2024-09-02T04:15:35.314+0000] {dag.py:4138} INFO - Setting next_dagrun for example_workday_timetable to 2021-01-04 00:00:00+00:00, run_after=2021-01-05 00:00:00+00:00
[2024-09-02T04:15:35.373+0000] {processor.py:208} INFO - Processing /home/airflow/.local/lib/python3.12/site-packages/airflow/example_dags/example_workday_timetable.py took 0.487 seconds
[2024-09-02T04:16:05.623+0000] {processor.py:186} INFO - Started process (PID=378) to work on /home/airflow/.local/lib/python3.12/site-packages/airflow/example_dags/example_workday_timetable.py
[2024-09-02T04:16:05.626+0000] {processor.py:914} INFO - Processing file /home/airflow/.local/lib/python3.12/site-packages/airflow/example_dags/example_workday_timetable.py for tasks to queue
[2024-09-02T04:16:05.631+0000] {logging_mixin.py:190} INFO - [2024-09-02T04:16:05.630+0000] {dagbag.py:587} INFO - Filling up the DagBag from /home/airflow/.local/lib/python3.12/site-packages/airflow/example_dags/example_workday_timetable.py
[2024-09-02T04:16:05.642+0000] {processor.py:925} INFO - DAG(s) 'example_workday_timetable' retrieved from /home/airflow/.local/lib/python3.12/site-packages/airflow/example_dags/example_workday_timetable.py
[2024-09-02T04:16:05.691+0000] {logging_mixin.py:190} INFO - [2024-09-02T04:16:05.690+0000] {dag.py:3211} INFO - Sync 1 DAGs
[2024-09-02T04:16:05.852+0000] {logging_mixin.py:190} INFO - [2024-09-02T04:16:05.851+0000] {dag.py:4138} INFO - Setting next_dagrun for example_workday_timetable to 2021-01-04 00:00:00+00:00, run_after=2021-01-05 00:00:00+00:00
[2024-09-02T04:16:05.884+0000] {processor.py:208} INFO - Processing /home/airflow/.local/lib/python3.12/site-packages/airflow/example_dags/example_workday_timetable.py took 0.281 seconds
[2024-09-02T04:16:36.041+0000] {processor.py:186} INFO - Started process (PID=441) to work on /home/airflow/.local/lib/python3.12/site-packages/airflow/example_dags/example_workday_timetable.py
[2024-09-02T04:16:36.042+0000] {processor.py:914} INFO - Processing file /home/airflow/.local/lib/python3.12/site-packages/airflow/example_dags/example_workday_timetable.py for tasks to queue
[2024-09-02T04:16:36.048+0000] {logging_mixin.py:190} INFO - [2024-09-02T04:16:36.047+0000] {dagbag.py:587} INFO - Filling up the DagBag from /home/airflow/.local/lib/python3.12/site-packages/airflow/example_dags/example_workday_timetable.py
[2024-09-02T04:16:36.059+0000] {processor.py:925} INFO - DAG(s) 'example_workday_timetable' retrieved from /home/airflow/.local/lib/python3.12/site-packages/airflow/example_dags/example_workday_timetable.py
[2024-09-02T04:16:36.096+0000] {logging_mixin.py:190} INFO - [2024-09-02T04:16:36.096+0000] {dag.py:3211} INFO - Sync 1 DAGs
[2024-09-02T04:16:36.217+0000] {logging_mixin.py:190} INFO - [2024-09-02T04:16:36.216+0000] {dag.py:4138} INFO - Setting next_dagrun for example_workday_timetable to 2021-01-04 00:00:00+00:00, run_after=2021-01-05 00:00:00+00:00
[2024-09-02T04:16:36.249+0000] {processor.py:208} INFO - Processing /home/airflow/.local/lib/python3.12/site-packages/airflow/example_dags/example_workday_timetable.py took 0.220 seconds
[2024-09-02T04:17:06.563+0000] {processor.py:186} INFO - Started process (PID=504) to work on /home/airflow/.local/lib/python3.12/site-packages/airflow/example_dags/example_workday_timetable.py
[2024-09-02T04:17:06.565+0000] {processor.py:914} INFO - Processing file /home/airflow/.local/lib/python3.12/site-packages/airflow/example_dags/example_workday_timetable.py for tasks to queue
[2024-09-02T04:17:06.572+0000] {logging_mixin.py:190} INFO - [2024-09-02T04:17:06.571+0000] {dagbag.py:587} INFO - Filling up the DagBag from /home/airflow/.local/lib/python3.12/site-packages/airflow/example_dags/example_workday_timetable.py
[2024-09-02T04:17:06.587+0000] {processor.py:925} INFO - DAG(s) 'example_workday_timetable' retrieved from /home/airflow/.local/lib/python3.12/site-packages/airflow/example_dags/example_workday_timetable.py
[2024-09-02T04:17:06.626+0000] {logging_mixin.py:190} INFO - [2024-09-02T04:17:06.625+0000] {dag.py:3211} INFO - Sync 1 DAGs
[2024-09-02T04:17:06.742+0000] {logging_mixin.py:190} INFO - [2024-09-02T04:17:06.742+0000] {dag.py:4138} INFO - Setting next_dagrun for example_workday_timetable to 2021-01-04 00:00:00+00:00, run_after=2021-01-05 00:00:00+00:00
[2024-09-02T04:17:06.775+0000] {processor.py:208} INFO - Processing /home/airflow/.local/lib/python3.12/site-packages/airflow/example_dags/example_workday_timetable.py took 0.225 seconds
[2024-09-02T04:17:37.098+0000] {processor.py:186} INFO - Started process (PID=567) to work on /home/airflow/.local/lib/python3.12/site-packages/airflow/example_dags/example_workday_timetable.py
[2024-09-02T04:17:37.100+0000] {processor.py:914} INFO - Processing file /home/airflow/.local/lib/python3.12/site-packages/airflow/example_dags/example_workday_timetable.py for tasks to queue
[2024-09-02T04:17:37.105+0000] {logging_mixin.py:190} INFO - [2024-09-02T04:17:37.104+0000] {dagbag.py:587} INFO - Filling up the DagBag from /home/airflow/.local/lib/python3.12/site-packages/airflow/example_dags/example_workday_timetable.py
[2024-09-02T04:17:37.116+0000] {processor.py:925} INFO - DAG(s) 'example_workday_timetable' retrieved from /home/airflow/.local/lib/python3.12/site-packages/airflow/example_dags/example_workday_timetable.py
[2024-09-02T04:17:37.154+0000] {logging_mixin.py:190} INFO - [2024-09-02T04:17:37.154+0000] {dag.py:3211} INFO - Sync 1 DAGs
[2024-09-02T04:17:37.272+0000] {logging_mixin.py:190} INFO - [2024-09-02T04:17:37.272+0000] {dag.py:4138} INFO - Setting next_dagrun for example_workday_timetable to 2021-01-04 00:00:00+00:00, run_after=2021-01-05 00:00:00+00:00
[2024-09-02T04:17:37.306+0000] {processor.py:208} INFO - Processing /home/airflow/.local/lib/python3.12/site-packages/airflow/example_dags/example_workday_timetable.py took 0.219 seconds
[2024-09-02T04:18:07.990+0000] {processor.py:186} INFO - Started process (PID=630) to work on /home/airflow/.local/lib/python3.12/site-packages/airflow/example_dags/example_workday_timetable.py
[2024-09-02T04:18:07.992+0000] {processor.py:914} INFO - Processing file /home/airflow/.local/lib/python3.12/site-packages/airflow/example_dags/example_workday_timetable.py for tasks to queue
[2024-09-02T04:18:07.997+0000] {logging_mixin.py:190} INFO - [2024-09-02T04:18:07.996+0000] {dagbag.py:587} INFO - Filling up the DagBag from /home/airflow/.local/lib/python3.12/site-packages/airflow/example_dags/example_workday_timetable.py
[2024-09-02T04:18:08.009+0000] {processor.py:925} INFO - DAG(s) 'example_workday_timetable' retrieved from /home/airflow/.local/lib/python3.12/site-packages/airflow/example_dags/example_workday_timetable.py
[2024-09-02T04:18:08.051+0000] {logging_mixin.py:190} INFO - [2024-09-02T04:18:08.050+0000] {dag.py:3211} INFO - Sync 1 DAGs
[2024-09-02T04:18:08.237+0000] {logging_mixin.py:190} INFO - [2024-09-02T04:18:08.237+0000] {dag.py:4138} INFO - Setting next_dagrun for example_workday_timetable to 2021-01-04 00:00:00+00:00, run_after=2021-01-05 00:00:00+00:00
[2024-09-02T04:18:08.284+0000] {processor.py:208} INFO - Processing /home/airflow/.local/lib/python3.12/site-packages/airflow/example_dags/example_workday_timetable.py took 0.307 seconds
[2024-09-02T04:18:38.803+0000] {processor.py:186} INFO - Started process (PID=693) to work on /home/airflow/.local/lib/python3.12/site-packages/airflow/example_dags/example_workday_timetable.py
[2024-09-02T04:18:38.805+0000] {processor.py:914} INFO - Processing file /home/airflow/.local/lib/python3.12/site-packages/airflow/example_dags/example_workday_timetable.py for tasks to queue
[2024-09-02T04:18:38.811+0000] {logging_mixin.py:190} INFO - [2024-09-02T04:18:38.810+0000] {dagbag.py:587} INFO - Filling up the DagBag from /home/airflow/.local/lib/python3.12/site-packages/airflow/example_dags/example_workday_timetable.py
[2024-09-02T04:18:38.824+0000] {processor.py:925} INFO - DAG(s) 'example_workday_timetable' retrieved from /home/airflow/.local/lib/python3.12/site-packages/airflow/example_dags/example_workday_timetable.py
[2024-09-02T04:18:38.870+0000] {logging_mixin.py:190} INFO - [2024-09-02T04:18:38.870+0000] {dag.py:3211} INFO - Sync 1 DAGs
[2024-09-02T04:18:39.075+0000] {logging_mixin.py:190} INFO - [2024-09-02T04:18:39.075+0000] {dag.py:4138} INFO - Setting next_dagrun for example_workday_timetable to 2021-01-04 00:00:00+00:00, run_after=2021-01-05 00:00:00+00:00
[2024-09-02T04:18:39.123+0000] {processor.py:208} INFO - Processing /home/airflow/.local/lib/python3.12/site-packages/airflow/example_dags/example_workday_timetable.py took 0.334 seconds
[2024-09-02T04:19:09.516+0000] {processor.py:186} INFO - Started process (PID=756) to work on /home/airflow/.local/lib/python3.12/site-packages/airflow/example_dags/example_workday_timetable.py
[2024-09-02T04:19:09.518+0000] {processor.py:914} INFO - Processing file /home/airflow/.local/lib/python3.12/site-packages/airflow/example_dags/example_workday_timetable.py for tasks to queue
[2024-09-02T04:19:09.523+0000] {logging_mixin.py:190} INFO - [2024-09-02T04:19:09.522+0000] {dagbag.py:587} INFO - Filling up the DagBag from /home/airflow/.local/lib/python3.12/site-packages/airflow/example_dags/example_workday_timetable.py
[2024-09-02T04:19:09.535+0000] {processor.py:925} INFO - DAG(s) 'example_workday_timetable' retrieved from /home/airflow/.local/lib/python3.12/site-packages/airflow/example_dags/example_workday_timetable.py
[2024-09-02T04:19:09.576+0000] {logging_mixin.py:190} INFO - [2024-09-02T04:19:09.575+0000] {dag.py:3211} INFO - Sync 1 DAGs
[2024-09-02T04:19:09.754+0000] {logging_mixin.py:190} INFO - [2024-09-02T04:19:09.754+0000] {dag.py:4138} INFO - Setting next_dagrun for example_workday_timetable to 2021-01-04 00:00:00+00:00, run_after=2021-01-05 00:00:00+00:00
[2024-09-02T04:19:09.803+0000] {processor.py:208} INFO - Processing /home/airflow/.local/lib/python3.12/site-packages/airflow/example_dags/example_workday_timetable.py took 0.300 seconds
[2024-09-02T04:19:39.904+0000] {processor.py:186} INFO - Started process (PID=818) to work on /home/airflow/.local/lib/python3.12/site-packages/airflow/example_dags/example_workday_timetable.py
[2024-09-02T04:19:39.906+0000] {processor.py:914} INFO - Processing file /home/airflow/.local/lib/python3.12/site-packages/airflow/example_dags/example_workday_timetable.py for tasks to queue
[2024-09-02T04:19:39.912+0000] {logging_mixin.py:190} INFO - [2024-09-02T04:19:39.911+0000] {dagbag.py:587} INFO - Filling up the DagBag from /home/airflow/.local/lib/python3.12/site-packages/airflow/example_dags/example_workday_timetable.py
[2024-09-02T04:19:39.923+0000] {processor.py:925} INFO - DAG(s) 'example_workday_timetable' retrieved from /home/airflow/.local/lib/python3.12/site-packages/airflow/example_dags/example_workday_timetable.py
[2024-09-02T04:19:39.960+0000] {logging_mixin.py:190} INFO - [2024-09-02T04:19:39.959+0000] {dag.py:3211} INFO - Sync 1 DAGs
[2024-09-02T04:19:40.088+0000] {logging_mixin.py:190} INFO - [2024-09-02T04:19:40.087+0000] {dag.py:4138} INFO - Setting next_dagrun for example_workday_timetable to 2021-01-04 00:00:00+00:00, run_after=2021-01-05 00:00:00+00:00
[2024-09-02T04:19:40.120+0000] {processor.py:208} INFO - Processing /home/airflow/.local/lib/python3.12/site-packages/airflow/example_dags/example_workday_timetable.py took 0.228 seconds
[2024-09-02T04:20:10.402+0000] {processor.py:186} INFO - Started process (PID=881) to work on /home/airflow/.local/lib/python3.12/site-packages/airflow/example_dags/example_workday_timetable.py
[2024-09-02T04:20:10.404+0000] {processor.py:914} INFO - Processing file /home/airflow/.local/lib/python3.12/site-packages/airflow/example_dags/example_workday_timetable.py for tasks to queue
[2024-09-02T04:20:10.410+0000] {logging_mixin.py:190} INFO - [2024-09-02T04:20:10.410+0000] {dagbag.py:587} INFO - Filling up the DagBag from /home/airflow/.local/lib/python3.12/site-packages/airflow/example_dags/example_workday_timetable.py
[2024-09-02T04:20:10.424+0000] {processor.py:925} INFO - DAG(s) 'example_workday_timetable' retrieved from /home/airflow/.local/lib/python3.12/site-packages/airflow/example_dags/example_workday_timetable.py
[2024-09-02T04:20:10.487+0000] {logging_mixin.py:190} INFO - [2024-09-02T04:20:10.487+0000] {dag.py:3211} INFO - Sync 1 DAGs
[2024-09-02T04:20:10.705+0000] {logging_mixin.py:190} INFO - [2024-09-02T04:20:10.705+0000] {dag.py:4138} INFO - Setting next_dagrun for example_workday_timetable to 2021-01-04 00:00:00+00:00, run_after=2021-01-05 00:00:00+00:00
[2024-09-02T04:20:10.754+0000] {processor.py:208} INFO - Processing /home/airflow/.local/lib/python3.12/site-packages/airflow/example_dags/example_workday_timetable.py took 0.370 seconds
[2024-09-02T04:20:41.555+0000] {processor.py:186} INFO - Started process (PID=944) to work on /home/airflow/.local/lib/python3.12/site-packages/airflow/example_dags/example_workday_timetable.py
[2024-09-02T04:20:41.557+0000] {processor.py:914} INFO - Processing file /home/airflow/.local/lib/python3.12/site-packages/airflow/example_dags/example_workday_timetable.py for tasks to queue
[2024-09-02T04:20:41.564+0000] {logging_mixin.py:190} INFO - [2024-09-02T04:20:41.563+0000] {dagbag.py:587} INFO - Filling up the DagBag from /home/airflow/.local/lib/python3.12/site-packages/airflow/example_dags/example_workday_timetable.py
[2024-09-02T04:20:41.580+0000] {processor.py:925} INFO - DAG(s) 'example_workday_timetable' retrieved from /home/airflow/.local/lib/python3.12/site-packages/airflow/example_dags/example_workday_timetable.py
[2024-09-02T04:20:41.634+0000] {logging_mixin.py:190} INFO - [2024-09-02T04:20:41.633+0000] {dag.py:3211} INFO - Sync 1 DAGs
[2024-09-02T04:20:41.820+0000] {logging_mixin.py:190} INFO - [2024-09-02T04:20:41.820+0000] {dag.py:4138} INFO - Setting next_dagrun for example_workday_timetable to 2021-01-04 00:00:00+00:00, run_after=2021-01-05 00:00:00+00:00
[2024-09-02T04:20:41.868+0000] {processor.py:208} INFO - Processing /home/airflow/.local/lib/python3.12/site-packages/airflow/example_dags/example_workday_timetable.py took 0.331 seconds
[2024-09-02T04:21:17.610+0000] {processor.py:186} INFO - Started process (PID=1008) to work on /home/airflow/.local/lib/python3.12/site-packages/airflow/example_dags/example_workday_timetable.py
[2024-09-02T04:21:17.621+0000] {processor.py:914} INFO - Processing file /home/airflow/.local/lib/python3.12/site-packages/airflow/example_dags/example_workday_timetable.py for tasks to queue
[2024-09-02T04:21:17.679+0000] {logging_mixin.py:190} INFO - [2024-09-02T04:21:17.677+0000] {dagbag.py:587} INFO - Filling up the DagBag from /home/airflow/.local/lib/python3.12/site-packages/airflow/example_dags/example_workday_timetable.py
[2024-09-02T04:21:17.800+0000] {processor.py:925} INFO - DAG(s) 'example_workday_timetable' retrieved from /home/airflow/.local/lib/python3.12/site-packages/airflow/example_dags/example_workday_timetable.py
[2024-09-02T04:21:18.008+0000] {logging_mixin.py:190} INFO - [2024-09-02T04:21:18.008+0000] {dag.py:3211} INFO - Sync 1 DAGs
[2024-09-02T04:21:18.807+0000] {logging_mixin.py:190} INFO - [2024-09-02T04:21:18.807+0000] {dag.py:4138} INFO - Setting next_dagrun for example_workday_timetable to 2021-01-04 00:00:00+00:00, run_after=2021-01-05 00:00:00+00:00
[2024-09-02T04:21:19.055+0000] {processor.py:208} INFO - Processing /home/airflow/.local/lib/python3.12/site-packages/airflow/example_dags/example_workday_timetable.py took 1.536 seconds
[2024-09-02T04:21:49.501+0000] {processor.py:186} INFO - Started process (PID=1077) to work on /home/airflow/.local/lib/python3.12/site-packages/airflow/example_dags/example_workday_timetable.py
[2024-09-02T04:21:49.503+0000] {processor.py:914} INFO - Processing file /home/airflow/.local/lib/python3.12/site-packages/airflow/example_dags/example_workday_timetable.py for tasks to queue
[2024-09-02T04:21:49.509+0000] {logging_mixin.py:190} INFO - [2024-09-02T04:21:49.508+0000] {dagbag.py:587} INFO - Filling up the DagBag from /home/airflow/.local/lib/python3.12/site-packages/airflow/example_dags/example_workday_timetable.py
[2024-09-02T04:21:49.523+0000] {processor.py:925} INFO - DAG(s) 'example_workday_timetable' retrieved from /home/airflow/.local/lib/python3.12/site-packages/airflow/example_dags/example_workday_timetable.py
[2024-09-02T04:21:49.578+0000] {logging_mixin.py:190} INFO - [2024-09-02T04:21:49.578+0000] {dag.py:3211} INFO - Sync 1 DAGs
[2024-09-02T04:21:49.835+0000] {logging_mixin.py:190} INFO - [2024-09-02T04:21:49.835+0000] {dag.py:4138} INFO - Setting next_dagrun for example_workday_timetable to 2021-01-04 00:00:00+00:00, run_after=2021-01-05 00:00:00+00:00
[2024-09-02T04:21:49.877+0000] {processor.py:208} INFO - Processing /home/airflow/.local/lib/python3.12/site-packages/airflow/example_dags/example_workday_timetable.py took 0.391 seconds
[2024-09-02T04:22:37.958+0000] {processor.py:186} INFO - Started process (PID=1141) to work on /home/airflow/.local/lib/python3.12/site-packages/airflow/example_dags/example_workday_timetable.py
[2024-09-02T04:22:37.974+0000] {processor.py:914} INFO - Processing file /home/airflow/.local/lib/python3.12/site-packages/airflow/example_dags/example_workday_timetable.py for tasks to queue
[2024-09-02T04:22:37.993+0000] {logging_mixin.py:190} INFO - [2024-09-02T04:22:37.992+0000] {dagbag.py:587} INFO - Filling up the DagBag from /home/airflow/.local/lib/python3.12/site-packages/airflow/example_dags/example_workday_timetable.py
[2024-09-02T04:22:38.038+0000] {processor.py:925} INFO - DAG(s) 'example_workday_timetable' retrieved from /home/airflow/.local/lib/python3.12/site-packages/airflow/example_dags/example_workday_timetable.py
[2024-09-02T04:22:38.242+0000] {logging_mixin.py:190} INFO - [2024-09-02T04:22:38.228+0000] {dag.py:3211} INFO - Sync 1 DAGs
[2024-09-02T04:22:40.463+0000] {logging_mixin.py:190} INFO - [2024-09-02T04:22:40.452+0000] {dag.py:4138} INFO - Setting next_dagrun for example_workday_timetable to 2021-01-04 00:00:00+00:00, run_after=2021-01-05 00:00:00+00:00
[2024-09-02T04:22:40.798+0000] {processor.py:208} INFO - Processing /home/airflow/.local/lib/python3.12/site-packages/airflow/example_dags/example_workday_timetable.py took 2.909 seconds
[2024-09-02T04:26:38.131+0000] {processor.py:186} INFO - Started process (PID=116) to work on /home/airflow/.local/lib/python3.12/site-packages/airflow/example_dags/example_workday_timetable.py
[2024-09-02T04:26:38.162+0000] {processor.py:914} INFO - Processing file /home/airflow/.local/lib/python3.12/site-packages/airflow/example_dags/example_workday_timetable.py for tasks to queue
[2024-09-02T04:26:38.212+0000] {logging_mixin.py:190} INFO - [2024-09-02T04:26:38.211+0000] {dagbag.py:587} INFO - Filling up the DagBag from /home/airflow/.local/lib/python3.12/site-packages/airflow/example_dags/example_workday_timetable.py
[2024-09-02T04:26:38.276+0000] {processor.py:925} INFO - DAG(s) 'example_workday_timetable' retrieved from /home/airflow/.local/lib/python3.12/site-packages/airflow/example_dags/example_workday_timetable.py
[2024-09-02T04:26:38.741+0000] {logging_mixin.py:190} INFO - [2024-09-02T04:26:38.740+0000] {dag.py:3211} INFO - Sync 1 DAGs
[2024-09-02T04:26:39.594+0000] {logging_mixin.py:190} INFO - [2024-09-02T04:26:39.594+0000] {dag.py:4138} INFO - Setting next_dagrun for example_workday_timetable to 2021-01-04 00:00:00+00:00, run_after=2021-01-05 00:00:00+00:00
[2024-09-02T04:26:39.787+0000] {processor.py:208} INFO - Processing /home/airflow/.local/lib/python3.12/site-packages/airflow/example_dags/example_workday_timetable.py took 1.738 seconds
[2024-09-02T04:27:12.198+0000] {processor.py:186} INFO - Started process (PID=179) to work on /home/airflow/.local/lib/python3.12/site-packages/airflow/example_dags/example_workday_timetable.py
[2024-09-02T04:27:12.202+0000] {processor.py:914} INFO - Processing file /home/airflow/.local/lib/python3.12/site-packages/airflow/example_dags/example_workday_timetable.py for tasks to queue
[2024-09-02T04:27:12.219+0000] {logging_mixin.py:190} INFO - [2024-09-02T04:27:12.218+0000] {dagbag.py:587} INFO - Filling up the DagBag from /home/airflow/.local/lib/python3.12/site-packages/airflow/example_dags/example_workday_timetable.py
[2024-09-02T04:27:12.263+0000] {processor.py:925} INFO - DAG(s) 'example_workday_timetable' retrieved from /home/airflow/.local/lib/python3.12/site-packages/airflow/example_dags/example_workday_timetable.py
[2024-09-02T04:27:12.397+0000] {logging_mixin.py:190} INFO - [2024-09-02T04:27:12.396+0000] {dag.py:3211} INFO - Sync 1 DAGs
[2024-09-02T04:27:12.790+0000] {logging_mixin.py:190} INFO - [2024-09-02T04:27:12.789+0000] {dag.py:4138} INFO - Setting next_dagrun for example_workday_timetable to 2021-01-04 00:00:00+00:00, run_after=2021-01-05 00:00:00+00:00
[2024-09-02T04:27:12.894+0000] {processor.py:208} INFO - Processing /home/airflow/.local/lib/python3.12/site-packages/airflow/example_dags/example_workday_timetable.py took 0.730 seconds
[2024-09-02T04:27:45.825+0000] {processor.py:186} INFO - Started process (PID=242) to work on /home/airflow/.local/lib/python3.12/site-packages/airflow/example_dags/example_workday_timetable.py
[2024-09-02T04:27:45.828+0000] {processor.py:914} INFO - Processing file /home/airflow/.local/lib/python3.12/site-packages/airflow/example_dags/example_workday_timetable.py for tasks to queue
[2024-09-02T04:27:45.835+0000] {logging_mixin.py:190} INFO - [2024-09-02T04:27:45.834+0000] {dagbag.py:587} INFO - Filling up the DagBag from /home/airflow/.local/lib/python3.12/site-packages/airflow/example_dags/example_workday_timetable.py
[2024-09-02T04:27:45.850+0000] {processor.py:925} INFO - DAG(s) 'example_workday_timetable' retrieved from /home/airflow/.local/lib/python3.12/site-packages/airflow/example_dags/example_workday_timetable.py
[2024-09-02T04:27:45.921+0000] {logging_mixin.py:190} INFO - [2024-09-02T04:27:45.920+0000] {dag.py:3211} INFO - Sync 1 DAGs
[2024-09-02T04:27:46.132+0000] {logging_mixin.py:190} INFO - [2024-09-02T04:27:46.131+0000] {dag.py:4138} INFO - Setting next_dagrun for example_workday_timetable to 2021-01-04 00:00:00+00:00, run_after=2021-01-05 00:00:00+00:00
[2024-09-02T04:27:46.197+0000] {processor.py:208} INFO - Processing /home/airflow/.local/lib/python3.12/site-packages/airflow/example_dags/example_workday_timetable.py took 0.387 seconds
[2024-09-02T04:28:22.568+0000] {processor.py:186} INFO - Started process (PID=305) to work on /home/airflow/.local/lib/python3.12/site-packages/airflow/example_dags/example_workday_timetable.py
[2024-09-02T04:28:22.570+0000] {processor.py:914} INFO - Processing file /home/airflow/.local/lib/python3.12/site-packages/airflow/example_dags/example_workday_timetable.py for tasks to queue
[2024-09-02T04:28:22.583+0000] {logging_mixin.py:190} INFO - [2024-09-02T04:28:22.575+0000] {dagbag.py:587} INFO - Filling up the DagBag from /home/airflow/.local/lib/python3.12/site-packages/airflow/example_dags/example_workday_timetable.py
[2024-09-02T04:28:22.607+0000] {processor.py:925} INFO - DAG(s) 'example_workday_timetable' retrieved from /home/airflow/.local/lib/python3.12/site-packages/airflow/example_dags/example_workday_timetable.py
[2024-09-02T04:28:22.772+0000] {logging_mixin.py:190} INFO - [2024-09-02T04:28:22.772+0000] {dag.py:3211} INFO - Sync 1 DAGs
[2024-09-02T04:28:23.115+0000] {logging_mixin.py:190} INFO - [2024-09-02T04:28:23.114+0000] {dag.py:4138} INFO - Setting next_dagrun for example_workday_timetable to 2021-01-04 00:00:00+00:00, run_after=2021-01-05 00:00:00+00:00
[2024-09-02T04:28:23.205+0000] {processor.py:208} INFO - Processing /home/airflow/.local/lib/python3.12/site-packages/airflow/example_dags/example_workday_timetable.py took 0.667 seconds
[2024-09-02T04:28:53.881+0000] {processor.py:186} INFO - Started process (PID=369) to work on /home/airflow/.local/lib/python3.12/site-packages/airflow/example_dags/example_workday_timetable.py
[2024-09-02T04:28:53.884+0000] {processor.py:914} INFO - Processing file /home/airflow/.local/lib/python3.12/site-packages/airflow/example_dags/example_workday_timetable.py for tasks to queue
[2024-09-02T04:28:53.893+0000] {logging_mixin.py:190} INFO - [2024-09-02T04:28:53.892+0000] {dagbag.py:587} INFO - Filling up the DagBag from /home/airflow/.local/lib/python3.12/site-packages/airflow/example_dags/example_workday_timetable.py
[2024-09-02T04:28:53.914+0000] {processor.py:925} INFO - DAG(s) 'example_workday_timetable' retrieved from /home/airflow/.local/lib/python3.12/site-packages/airflow/example_dags/example_workday_timetable.py
[2024-09-02T04:28:53.989+0000] {logging_mixin.py:190} INFO - [2024-09-02T04:28:53.988+0000] {dag.py:3211} INFO - Sync 1 DAGs
[2024-09-02T04:28:54.256+0000] {logging_mixin.py:190} INFO - [2024-09-02T04:28:54.255+0000] {dag.py:4138} INFO - Setting next_dagrun for example_workday_timetable to 2021-01-04 00:00:00+00:00, run_after=2021-01-05 00:00:00+00:00
[2024-09-02T04:28:54.368+0000] {processor.py:208} INFO - Processing /home/airflow/.local/lib/python3.12/site-packages/airflow/example_dags/example_workday_timetable.py took 0.509 seconds
[2024-09-02T04:29:25.277+0000] {processor.py:186} INFO - Started process (PID=432) to work on /home/airflow/.local/lib/python3.12/site-packages/airflow/example_dags/example_workday_timetable.py
[2024-09-02T04:29:25.285+0000] {processor.py:914} INFO - Processing file /home/airflow/.local/lib/python3.12/site-packages/airflow/example_dags/example_workday_timetable.py for tasks to queue
[2024-09-02T04:29:25.290+0000] {logging_mixin.py:190} INFO - [2024-09-02T04:29:25.290+0000] {dagbag.py:587} INFO - Filling up the DagBag from /home/airflow/.local/lib/python3.12/site-packages/airflow/example_dags/example_workday_timetable.py
[2024-09-02T04:29:25.321+0000] {processor.py:925} INFO - DAG(s) 'example_workday_timetable' retrieved from /home/airflow/.local/lib/python3.12/site-packages/airflow/example_dags/example_workday_timetable.py
[2024-09-02T04:29:25.412+0000] {logging_mixin.py:190} INFO - [2024-09-02T04:29:25.411+0000] {dag.py:3211} INFO - Sync 1 DAGs
[2024-09-02T04:29:25.638+0000] {logging_mixin.py:190} INFO - [2024-09-02T04:29:25.637+0000] {dag.py:4138} INFO - Setting next_dagrun for example_workday_timetable to 2021-01-04 00:00:00+00:00, run_after=2021-01-05 00:00:00+00:00
[2024-09-02T04:29:25.709+0000] {processor.py:208} INFO - Processing /home/airflow/.local/lib/python3.12/site-packages/airflow/example_dags/example_workday_timetable.py took 0.447 seconds
[2024-09-02T04:29:56.435+0000] {processor.py:186} INFO - Started process (PID=495) to work on /home/airflow/.local/lib/python3.12/site-packages/airflow/example_dags/example_workday_timetable.py
[2024-09-02T04:29:56.438+0000] {processor.py:914} INFO - Processing file /home/airflow/.local/lib/python3.12/site-packages/airflow/example_dags/example_workday_timetable.py for tasks to queue
[2024-09-02T04:29:56.443+0000] {logging_mixin.py:190} INFO - [2024-09-02T04:29:56.442+0000] {dagbag.py:587} INFO - Filling up the DagBag from /home/airflow/.local/lib/python3.12/site-packages/airflow/example_dags/example_workday_timetable.py
[2024-09-02T04:29:56.461+0000] {processor.py:925} INFO - DAG(s) 'example_workday_timetable' retrieved from /home/airflow/.local/lib/python3.12/site-packages/airflow/example_dags/example_workday_timetable.py
[2024-09-02T04:29:56.528+0000] {logging_mixin.py:190} INFO - [2024-09-02T04:29:56.527+0000] {dag.py:3211} INFO - Sync 1 DAGs
[2024-09-02T04:29:56.780+0000] {logging_mixin.py:190} INFO - [2024-09-02T04:29:56.780+0000] {dag.py:4138} INFO - Setting next_dagrun for example_workday_timetable to 2021-01-04 00:00:00+00:00, run_after=2021-01-05 00:00:00+00:00
[2024-09-02T04:29:56.854+0000] {processor.py:208} INFO - Processing /home/airflow/.local/lib/python3.12/site-packages/airflow/example_dags/example_workday_timetable.py took 0.433 seconds
[2024-09-02T04:30:28.070+0000] {processor.py:186} INFO - Started process (PID=559) to work on /home/airflow/.local/lib/python3.12/site-packages/airflow/example_dags/example_workday_timetable.py
[2024-09-02T04:30:28.072+0000] {processor.py:914} INFO - Processing file /home/airflow/.local/lib/python3.12/site-packages/airflow/example_dags/example_workday_timetable.py for tasks to queue
[2024-09-02T04:30:28.078+0000] {logging_mixin.py:190} INFO - [2024-09-02T04:30:28.077+0000] {dagbag.py:587} INFO - Filling up the DagBag from /home/airflow/.local/lib/python3.12/site-packages/airflow/example_dags/example_workday_timetable.py
[2024-09-02T04:30:28.094+0000] {processor.py:925} INFO - DAG(s) 'example_workday_timetable' retrieved from /home/airflow/.local/lib/python3.12/site-packages/airflow/example_dags/example_workday_timetable.py
[2024-09-02T04:30:28.151+0000] {logging_mixin.py:190} INFO - [2024-09-02T04:30:28.150+0000] {dag.py:3211} INFO - Sync 1 DAGs
[2024-09-02T04:30:28.338+0000] {logging_mixin.py:190} INFO - [2024-09-02T04:30:28.337+0000] {dag.py:4138} INFO - Setting next_dagrun for example_workday_timetable to 2021-01-04 00:00:00+00:00, run_after=2021-01-05 00:00:00+00:00
[2024-09-02T04:30:28.402+0000] {processor.py:208} INFO - Processing /home/airflow/.local/lib/python3.12/site-packages/airflow/example_dags/example_workday_timetable.py took 0.355 seconds
[2024-09-02T04:31:00.292+0000] {processor.py:186} INFO - Started process (PID=622) to work on /home/airflow/.local/lib/python3.12/site-packages/airflow/example_dags/example_workday_timetable.py
[2024-09-02T04:31:00.295+0000] {processor.py:914} INFO - Processing file /home/airflow/.local/lib/python3.12/site-packages/airflow/example_dags/example_workday_timetable.py for tasks to queue
[2024-09-02T04:31:00.311+0000] {logging_mixin.py:190} INFO - [2024-09-02T04:31:00.310+0000] {dagbag.py:587} INFO - Filling up the DagBag from /home/airflow/.local/lib/python3.12/site-packages/airflow/example_dags/example_workday_timetable.py
[2024-09-02T04:31:00.375+0000] {processor.py:925} INFO - DAG(s) 'example_workday_timetable' retrieved from /home/airflow/.local/lib/python3.12/site-packages/airflow/example_dags/example_workday_timetable.py
[2024-09-02T04:31:00.495+0000] {logging_mixin.py:190} INFO - [2024-09-02T04:31:00.495+0000] {dag.py:3211} INFO - Sync 1 DAGs
[2024-09-02T04:31:00.877+0000] {logging_mixin.py:190} INFO - [2024-09-02T04:31:00.876+0000] {dag.py:4138} INFO - Setting next_dagrun for example_workday_timetable to 2021-01-04 00:00:00+00:00, run_after=2021-01-05 00:00:00+00:00
[2024-09-02T04:31:00.984+0000] {processor.py:208} INFO - Processing /home/airflow/.local/lib/python3.12/site-packages/airflow/example_dags/example_workday_timetable.py took 0.719 seconds
[2024-09-02T04:31:31.528+0000] {processor.py:186} INFO - Started process (PID=685) to work on /home/airflow/.local/lib/python3.12/site-packages/airflow/example_dags/example_workday_timetable.py
[2024-09-02T04:31:31.531+0000] {processor.py:914} INFO - Processing file /home/airflow/.local/lib/python3.12/site-packages/airflow/example_dags/example_workday_timetable.py for tasks to queue
[2024-09-02T04:31:31.541+0000] {logging_mixin.py:190} INFO - [2024-09-02T04:31:31.540+0000] {dagbag.py:587} INFO - Filling up the DagBag from /home/airflow/.local/lib/python3.12/site-packages/airflow/example_dags/example_workday_timetable.py
[2024-09-02T04:31:31.554+0000] {processor.py:925} INFO - DAG(s) 'example_workday_timetable' retrieved from /home/airflow/.local/lib/python3.12/site-packages/airflow/example_dags/example_workday_timetable.py
[2024-09-02T04:31:31.620+0000] {logging_mixin.py:190} INFO - [2024-09-02T04:31:31.619+0000] {dag.py:3211} INFO - Sync 1 DAGs
[2024-09-02T04:31:31.935+0000] {logging_mixin.py:190} INFO - [2024-09-02T04:31:31.933+0000] {dag.py:4138} INFO - Setting next_dagrun for example_workday_timetable to 2021-01-04 00:00:00+00:00, run_after=2021-01-05 00:00:00+00:00
[2024-09-02T04:31:32.032+0000] {processor.py:208} INFO - Processing /home/airflow/.local/lib/python3.12/site-packages/airflow/example_dags/example_workday_timetable.py took 0.522 seconds
[2024-09-02T04:32:02.225+0000] {processor.py:186} INFO - Started process (PID=747) to work on /home/airflow/.local/lib/python3.12/site-packages/airflow/example_dags/example_workday_timetable.py
[2024-09-02T04:32:02.237+0000] {processor.py:914} INFO - Processing file /home/airflow/.local/lib/python3.12/site-packages/airflow/example_dags/example_workday_timetable.py for tasks to queue
[2024-09-02T04:32:02.259+0000] {logging_mixin.py:190} INFO - [2024-09-02T04:32:02.258+0000] {dagbag.py:587} INFO - Filling up the DagBag from /home/airflow/.local/lib/python3.12/site-packages/airflow/example_dags/example_workday_timetable.py
[2024-09-02T04:32:02.296+0000] {processor.py:925} INFO - DAG(s) 'example_workday_timetable' retrieved from /home/airflow/.local/lib/python3.12/site-packages/airflow/example_dags/example_workday_timetable.py
[2024-09-02T04:32:02.398+0000] {logging_mixin.py:190} INFO - [2024-09-02T04:32:02.398+0000] {dag.py:3211} INFO - Sync 1 DAGs
[2024-09-02T04:32:02.849+0000] {logging_mixin.py:190} INFO - [2024-09-02T04:32:02.849+0000] {dag.py:4138} INFO - Setting next_dagrun for example_workday_timetable to 2021-01-04 00:00:00+00:00, run_after=2021-01-05 00:00:00+00:00
[2024-09-02T04:32:02.933+0000] {processor.py:208} INFO - Processing /home/airflow/.local/lib/python3.12/site-packages/airflow/example_dags/example_workday_timetable.py took 0.755 seconds
[2024-09-02T04:32:33.988+0000] {processor.py:186} INFO - Started process (PID=810) to work on /home/airflow/.local/lib/python3.12/site-packages/airflow/example_dags/example_workday_timetable.py
[2024-09-02T04:32:34.003+0000] {processor.py:914} INFO - Processing file /home/airflow/.local/lib/python3.12/site-packages/airflow/example_dags/example_workday_timetable.py for tasks to queue
[2024-09-02T04:32:34.020+0000] {logging_mixin.py:190} INFO - [2024-09-02T04:32:34.019+0000] {dagbag.py:587} INFO - Filling up the DagBag from /home/airflow/.local/lib/python3.12/site-packages/airflow/example_dags/example_workday_timetable.py
[2024-09-02T04:32:34.073+0000] {processor.py:925} INFO - DAG(s) 'example_workday_timetable' retrieved from /home/airflow/.local/lib/python3.12/site-packages/airflow/example_dags/example_workday_timetable.py
[2024-09-02T04:32:34.199+0000] {logging_mixin.py:190} INFO - [2024-09-02T04:32:34.198+0000] {dag.py:3211} INFO - Sync 1 DAGs
[2024-09-02T04:32:34.616+0000] {logging_mixin.py:190} INFO - [2024-09-02T04:32:34.616+0000] {dag.py:4138} INFO - Setting next_dagrun for example_workday_timetable to 2021-01-04 00:00:00+00:00, run_after=2021-01-05 00:00:00+00:00
[2024-09-02T04:32:34.788+0000] {processor.py:208} INFO - Processing /home/airflow/.local/lib/python3.12/site-packages/airflow/example_dags/example_workday_timetable.py took 0.837 seconds
[2024-09-02T04:33:06.624+0000] {processor.py:186} INFO - Started process (PID=873) to work on /home/airflow/.local/lib/python3.12/site-packages/airflow/example_dags/example_workday_timetable.py
[2024-09-02T04:33:06.647+0000] {processor.py:914} INFO - Processing file /home/airflow/.local/lib/python3.12/site-packages/airflow/example_dags/example_workday_timetable.py for tasks to queue
[2024-09-02T04:33:06.654+0000] {logging_mixin.py:190} INFO - [2024-09-02T04:33:06.654+0000] {dagbag.py:587} INFO - Filling up the DagBag from /home/airflow/.local/lib/python3.12/site-packages/airflow/example_dags/example_workday_timetable.py
[2024-09-02T04:33:06.691+0000] {processor.py:925} INFO - DAG(s) 'example_workday_timetable' retrieved from /home/airflow/.local/lib/python3.12/site-packages/airflow/example_dags/example_workday_timetable.py
[2024-09-02T04:33:06.846+0000] {logging_mixin.py:190} INFO - [2024-09-02T04:33:06.845+0000] {dag.py:3211} INFO - Sync 1 DAGs
[2024-09-02T04:33:07.247+0000] {logging_mixin.py:190} INFO - [2024-09-02T04:33:07.247+0000] {dag.py:4138} INFO - Setting next_dagrun for example_workday_timetable to 2021-01-04 00:00:00+00:00, run_after=2021-01-05 00:00:00+00:00
[2024-09-02T04:33:07.373+0000] {processor.py:208} INFO - Processing /home/airflow/.local/lib/python3.12/site-packages/airflow/example_dags/example_workday_timetable.py took 0.776 seconds
[2024-09-02T04:33:38.088+0000] {processor.py:186} INFO - Started process (PID=935) to work on /home/airflow/.local/lib/python3.12/site-packages/airflow/example_dags/example_workday_timetable.py
[2024-09-02T04:33:38.102+0000] {processor.py:914} INFO - Processing file /home/airflow/.local/lib/python3.12/site-packages/airflow/example_dags/example_workday_timetable.py for tasks to queue
[2024-09-02T04:33:38.119+0000] {logging_mixin.py:190} INFO - [2024-09-02T04:33:38.118+0000] {dagbag.py:587} INFO - Filling up the DagBag from /home/airflow/.local/lib/python3.12/site-packages/airflow/example_dags/example_workday_timetable.py
[2024-09-02T04:33:38.143+0000] {processor.py:925} INFO - DAG(s) 'example_workday_timetable' retrieved from /home/airflow/.local/lib/python3.12/site-packages/airflow/example_dags/example_workday_timetable.py
[2024-09-02T04:33:38.317+0000] {logging_mixin.py:190} INFO - [2024-09-02T04:33:38.317+0000] {dag.py:3211} INFO - Sync 1 DAGs
[2024-09-02T04:33:38.905+0000] {logging_mixin.py:190} INFO - [2024-09-02T04:33:38.905+0000] {dag.py:4138} INFO - Setting next_dagrun for example_workday_timetable to 2021-01-04 00:00:00+00:00, run_after=2021-01-05 00:00:00+00:00
[2024-09-02T04:33:39.030+0000] {processor.py:208} INFO - Processing /home/airflow/.local/lib/python3.12/site-packages/airflow/example_dags/example_workday_timetable.py took 1.008 seconds
[2024-09-02T04:34:09.167+0000] {processor.py:186} INFO - Started process (PID=1003) to work on /home/airflow/.local/lib/python3.12/site-packages/airflow/example_dags/example_workday_timetable.py
[2024-09-02T04:34:09.169+0000] {processor.py:914} INFO - Processing file /home/airflow/.local/lib/python3.12/site-packages/airflow/example_dags/example_workday_timetable.py for tasks to queue
[2024-09-02T04:34:09.174+0000] {logging_mixin.py:190} INFO - [2024-09-02T04:34:09.174+0000] {dagbag.py:587} INFO - Filling up the DagBag from /home/airflow/.local/lib/python3.12/site-packages/airflow/example_dags/example_workday_timetable.py
[2024-09-02T04:34:09.189+0000] {processor.py:925} INFO - DAG(s) 'example_workday_timetable' retrieved from /home/airflow/.local/lib/python3.12/site-packages/airflow/example_dags/example_workday_timetable.py
[2024-09-02T04:34:09.235+0000] {logging_mixin.py:190} INFO - [2024-09-02T04:34:09.235+0000] {dag.py:3211} INFO - Sync 1 DAGs
[2024-09-02T04:34:09.397+0000] {logging_mixin.py:190} INFO - [2024-09-02T04:34:09.396+0000] {dag.py:4138} INFO - Setting next_dagrun for example_workday_timetable to 2021-01-04 00:00:00+00:00, run_after=2021-01-05 00:00:00+00:00
[2024-09-02T04:34:09.439+0000] {processor.py:208} INFO - Processing /home/airflow/.local/lib/python3.12/site-packages/airflow/example_dags/example_workday_timetable.py took 0.287 seconds
[2024-09-02T04:34:47.612+0000] {processor.py:186} INFO - Started process (PID=1066) to work on /home/airflow/.local/lib/python3.12/site-packages/airflow/example_dags/example_workday_timetable.py
[2024-09-02T04:34:47.624+0000] {processor.py:914} INFO - Processing file /home/airflow/.local/lib/python3.12/site-packages/airflow/example_dags/example_workday_timetable.py for tasks to queue
[2024-09-02T04:34:47.641+0000] {logging_mixin.py:190} INFO - [2024-09-02T04:34:47.629+0000] {dagbag.py:587} INFO - Filling up the DagBag from /home/airflow/.local/lib/python3.12/site-packages/airflow/example_dags/example_workday_timetable.py
[2024-09-02T04:34:47.676+0000] {processor.py:925} INFO - DAG(s) 'example_workday_timetable' retrieved from /home/airflow/.local/lib/python3.12/site-packages/airflow/example_dags/example_workday_timetable.py
[2024-09-02T04:34:47.788+0000] {logging_mixin.py:190} INFO - [2024-09-02T04:34:47.788+0000] {dag.py:3211} INFO - Sync 1 DAGs
[2024-09-02T04:34:48.236+0000] {logging_mixin.py:190} INFO - [2024-09-02T04:34:48.235+0000] {dag.py:4138} INFO - Setting next_dagrun for example_workday_timetable to 2021-01-04 00:00:00+00:00, run_after=2021-01-05 00:00:00+00:00
[2024-09-02T04:34:48.351+0000] {processor.py:208} INFO - Processing /home/airflow/.local/lib/python3.12/site-packages/airflow/example_dags/example_workday_timetable.py took 0.775 seconds
[2024-09-02T04:35:24.481+0000] {processor.py:186} INFO - Started process (PID=1133) to work on /home/airflow/.local/lib/python3.12/site-packages/airflow/example_dags/example_workday_timetable.py
[2024-09-02T04:35:24.484+0000] {processor.py:914} INFO - Processing file /home/airflow/.local/lib/python3.12/site-packages/airflow/example_dags/example_workday_timetable.py for tasks to queue
[2024-09-02T04:35:24.489+0000] {logging_mixin.py:190} INFO - [2024-09-02T04:35:24.489+0000] {dagbag.py:587} INFO - Filling up the DagBag from /home/airflow/.local/lib/python3.12/site-packages/airflow/example_dags/example_workday_timetable.py
[2024-09-02T04:35:24.507+0000] {processor.py:925} INFO - DAG(s) 'example_workday_timetable' retrieved from /home/airflow/.local/lib/python3.12/site-packages/airflow/example_dags/example_workday_timetable.py
[2024-09-02T04:35:24.601+0000] {logging_mixin.py:190} INFO - [2024-09-02T04:35:24.600+0000] {dag.py:3211} INFO - Sync 1 DAGs
[2024-09-02T04:35:24.837+0000] {logging_mixin.py:190} INFO - [2024-09-02T04:35:24.837+0000] {dag.py:4138} INFO - Setting next_dagrun for example_workday_timetable to 2021-01-04 00:00:00+00:00, run_after=2021-01-05 00:00:00+00:00
[2024-09-02T04:35:24.894+0000] {processor.py:208} INFO - Processing /home/airflow/.local/lib/python3.12/site-packages/airflow/example_dags/example_workday_timetable.py took 0.434 seconds
[2024-09-02T04:35:55.171+0000] {processor.py:186} INFO - Started process (PID=1197) to work on /home/airflow/.local/lib/python3.12/site-packages/airflow/example_dags/example_workday_timetable.py
[2024-09-02T04:35:55.174+0000] {processor.py:914} INFO - Processing file /home/airflow/.local/lib/python3.12/site-packages/airflow/example_dags/example_workday_timetable.py for tasks to queue
[2024-09-02T04:35:55.180+0000] {logging_mixin.py:190} INFO - [2024-09-02T04:35:55.179+0000] {dagbag.py:587} INFO - Filling up the DagBag from /home/airflow/.local/lib/python3.12/site-packages/airflow/example_dags/example_workday_timetable.py
[2024-09-02T04:35:55.196+0000] {processor.py:925} INFO - DAG(s) 'example_workday_timetable' retrieved from /home/airflow/.local/lib/python3.12/site-packages/airflow/example_dags/example_workday_timetable.py
[2024-09-02T04:35:55.251+0000] {logging_mixin.py:190} INFO - [2024-09-02T04:35:55.251+0000] {dag.py:3211} INFO - Sync 1 DAGs
[2024-09-02T04:35:55.444+0000] {logging_mixin.py:190} INFO - [2024-09-02T04:35:55.444+0000] {dag.py:4138} INFO - Setting next_dagrun for example_workday_timetable to 2021-01-04 00:00:00+00:00, run_after=2021-01-05 00:00:00+00:00
[2024-09-02T04:35:55.490+0000] {processor.py:208} INFO - Processing /home/airflow/.local/lib/python3.12/site-packages/airflow/example_dags/example_workday_timetable.py took 0.334 seconds
[2024-09-02T04:36:26.055+0000] {processor.py:186} INFO - Started process (PID=1259) to work on /home/airflow/.local/lib/python3.12/site-packages/airflow/example_dags/example_workday_timetable.py
[2024-09-02T04:36:26.069+0000] {processor.py:914} INFO - Processing file /home/airflow/.local/lib/python3.12/site-packages/airflow/example_dags/example_workday_timetable.py for tasks to queue
[2024-09-02T04:36:26.085+0000] {logging_mixin.py:190} INFO - [2024-09-02T04:36:26.084+0000] {dagbag.py:587} INFO - Filling up the DagBag from /home/airflow/.local/lib/python3.12/site-packages/airflow/example_dags/example_workday_timetable.py
[2024-09-02T04:36:26.120+0000] {processor.py:925} INFO - DAG(s) 'example_workday_timetable' retrieved from /home/airflow/.local/lib/python3.12/site-packages/airflow/example_dags/example_workday_timetable.py
[2024-09-02T04:36:26.219+0000] {logging_mixin.py:190} INFO - [2024-09-02T04:36:26.218+0000] {dag.py:3211} INFO - Sync 1 DAGs
[2024-09-02T04:36:26.660+0000] {logging_mixin.py:190} INFO - [2024-09-02T04:36:26.660+0000] {dag.py:4138} INFO - Setting next_dagrun for example_workday_timetable to 2021-01-04 00:00:00+00:00, run_after=2021-01-05 00:00:00+00:00
[2024-09-02T04:36:26.793+0000] {processor.py:208} INFO - Processing /home/airflow/.local/lib/python3.12/site-packages/airflow/example_dags/example_workday_timetable.py took 0.781 seconds
[2024-09-02T04:36:57.302+0000] {processor.py:186} INFO - Started process (PID=1322) to work on /home/airflow/.local/lib/python3.12/site-packages/airflow/example_dags/example_workday_timetable.py
[2024-09-02T04:36:57.305+0000] {processor.py:914} INFO - Processing file /home/airflow/.local/lib/python3.12/site-packages/airflow/example_dags/example_workday_timetable.py for tasks to queue
[2024-09-02T04:36:57.315+0000] {logging_mixin.py:190} INFO - [2024-09-02T04:36:57.311+0000] {dagbag.py:587} INFO - Filling up the DagBag from /home/airflow/.local/lib/python3.12/site-packages/airflow/example_dags/example_workday_timetable.py
[2024-09-02T04:36:57.345+0000] {processor.py:925} INFO - DAG(s) 'example_workday_timetable' retrieved from /home/airflow/.local/lib/python3.12/site-packages/airflow/example_dags/example_workday_timetable.py
[2024-09-02T04:36:57.439+0000] {logging_mixin.py:190} INFO - [2024-09-02T04:36:57.438+0000] {dag.py:3211} INFO - Sync 1 DAGs
[2024-09-02T04:36:57.701+0000] {logging_mixin.py:190} INFO - [2024-09-02T04:36:57.700+0000] {dag.py:4138} INFO - Setting next_dagrun for example_workday_timetable to 2021-01-04 00:00:00+00:00, run_after=2021-01-05 00:00:00+00:00
[2024-09-02T04:36:57.796+0000] {processor.py:208} INFO - Processing /home/airflow/.local/lib/python3.12/site-packages/airflow/example_dags/example_workday_timetable.py took 0.532 seconds
[2024-09-02T04:37:27.939+0000] {processor.py:186} INFO - Started process (PID=1386) to work on /home/airflow/.local/lib/python3.12/site-packages/airflow/example_dags/example_workday_timetable.py
[2024-09-02T04:37:27.942+0000] {processor.py:914} INFO - Processing file /home/airflow/.local/lib/python3.12/site-packages/airflow/example_dags/example_workday_timetable.py for tasks to queue
[2024-09-02T04:37:27.950+0000] {logging_mixin.py:190} INFO - [2024-09-02T04:37:27.949+0000] {dagbag.py:587} INFO - Filling up the DagBag from /home/airflow/.local/lib/python3.12/site-packages/airflow/example_dags/example_workday_timetable.py
[2024-09-02T04:37:27.968+0000] {processor.py:925} INFO - DAG(s) 'example_workday_timetable' retrieved from /home/airflow/.local/lib/python3.12/site-packages/airflow/example_dags/example_workday_timetable.py
[2024-09-02T04:37:28.024+0000] {logging_mixin.py:190} INFO - [2024-09-02T04:37:28.023+0000] {dag.py:3211} INFO - Sync 1 DAGs
[2024-09-02T04:37:28.191+0000] {logging_mixin.py:190} INFO - [2024-09-02T04:37:28.190+0000] {dag.py:4138} INFO - Setting next_dagrun for example_workday_timetable to 2021-01-04 00:00:00+00:00, run_after=2021-01-05 00:00:00+00:00
[2024-09-02T04:37:28.239+0000] {processor.py:208} INFO - Processing /home/airflow/.local/lib/python3.12/site-packages/airflow/example_dags/example_workday_timetable.py took 0.316 seconds
[2024-09-02T04:37:58.748+0000] {processor.py:186} INFO - Started process (PID=1448) to work on /home/airflow/.local/lib/python3.12/site-packages/airflow/example_dags/example_workday_timetable.py
[2024-09-02T04:37:58.750+0000] {processor.py:914} INFO - Processing file /home/airflow/.local/lib/python3.12/site-packages/airflow/example_dags/example_workday_timetable.py for tasks to queue
[2024-09-02T04:37:58.758+0000] {logging_mixin.py:190} INFO - [2024-09-02T04:37:58.757+0000] {dagbag.py:587} INFO - Filling up the DagBag from /home/airflow/.local/lib/python3.12/site-packages/airflow/example_dags/example_workday_timetable.py
[2024-09-02T04:37:58.784+0000] {processor.py:925} INFO - DAG(s) 'example_workday_timetable' retrieved from /home/airflow/.local/lib/python3.12/site-packages/airflow/example_dags/example_workday_timetable.py
[2024-09-02T04:37:58.880+0000] {logging_mixin.py:190} INFO - [2024-09-02T04:37:58.878+0000] {dag.py:3211} INFO - Sync 1 DAGs
[2024-09-02T04:37:59.148+0000] {logging_mixin.py:190} INFO - [2024-09-02T04:37:59.147+0000] {dag.py:4138} INFO - Setting next_dagrun for example_workday_timetable to 2021-01-04 00:00:00+00:00, run_after=2021-01-05 00:00:00+00:00
[2024-09-02T04:37:59.209+0000] {processor.py:208} INFO - Processing /home/airflow/.local/lib/python3.12/site-packages/airflow/example_dags/example_workday_timetable.py took 0.487 seconds
[2024-09-02T04:38:29.817+0000] {processor.py:186} INFO - Started process (PID=1512) to work on /home/airflow/.local/lib/python3.12/site-packages/airflow/example_dags/example_workday_timetable.py
[2024-09-02T04:38:29.825+0000] {processor.py:914} INFO - Processing file /home/airflow/.local/lib/python3.12/site-packages/airflow/example_dags/example_workday_timetable.py for tasks to queue
[2024-09-02T04:38:29.840+0000] {logging_mixin.py:190} INFO - [2024-09-02T04:38:29.838+0000] {dagbag.py:587} INFO - Filling up the DagBag from /home/airflow/.local/lib/python3.12/site-packages/airflow/example_dags/example_workday_timetable.py
[2024-09-02T04:38:29.869+0000] {processor.py:925} INFO - DAG(s) 'example_workday_timetable' retrieved from /home/airflow/.local/lib/python3.12/site-packages/airflow/example_dags/example_workday_timetable.py
[2024-09-02T04:38:30.040+0000] {logging_mixin.py:190} INFO - [2024-09-02T04:38:30.039+0000] {dag.py:3211} INFO - Sync 1 DAGs
[2024-09-02T04:38:31.290+0000] {logging_mixin.py:190} INFO - [2024-09-02T04:38:31.289+0000] {dag.py:4138} INFO - Setting next_dagrun for example_workday_timetable to 2021-01-04 00:00:00+00:00, run_after=2021-01-05 00:00:00+00:00
[2024-09-02T04:38:31.435+0000] {processor.py:208} INFO - Processing /home/airflow/.local/lib/python3.12/site-packages/airflow/example_dags/example_workday_timetable.py took 1.648 seconds
[2024-09-02T04:39:02.519+0000] {processor.py:186} INFO - Started process (PID=1575) to work on /home/airflow/.local/lib/python3.12/site-packages/airflow/example_dags/example_workday_timetable.py
[2024-09-02T04:39:02.534+0000] {processor.py:914} INFO - Processing file /home/airflow/.local/lib/python3.12/site-packages/airflow/example_dags/example_workday_timetable.py for tasks to queue
[2024-09-02T04:39:02.561+0000] {logging_mixin.py:190} INFO - [2024-09-02T04:39:02.560+0000] {dagbag.py:587} INFO - Filling up the DagBag from /home/airflow/.local/lib/python3.12/site-packages/airflow/example_dags/example_workday_timetable.py
[2024-09-02T04:39:02.600+0000] {processor.py:925} INFO - DAG(s) 'example_workday_timetable' retrieved from /home/airflow/.local/lib/python3.12/site-packages/airflow/example_dags/example_workday_timetable.py
[2024-09-02T04:39:02.758+0000] {logging_mixin.py:190} INFO - [2024-09-02T04:39:02.745+0000] {dag.py:3211} INFO - Sync 1 DAGs
[2024-09-02T04:39:03.115+0000] {logging_mixin.py:190} INFO - [2024-09-02T04:39:03.115+0000] {dag.py:4138} INFO - Setting next_dagrun for example_workday_timetable to 2021-01-04 00:00:00+00:00, run_after=2021-01-05 00:00:00+00:00
[2024-09-02T04:39:03.203+0000] {processor.py:208} INFO - Processing /home/airflow/.local/lib/python3.12/site-packages/airflow/example_dags/example_workday_timetable.py took 0.717 seconds
[2024-09-02T04:39:34.035+0000] {processor.py:186} INFO - Started process (PID=1638) to work on /home/airflow/.local/lib/python3.12/site-packages/airflow/example_dags/example_workday_timetable.py
[2024-09-02T04:39:34.038+0000] {processor.py:914} INFO - Processing file /home/airflow/.local/lib/python3.12/site-packages/airflow/example_dags/example_workday_timetable.py for tasks to queue
[2024-09-02T04:39:34.047+0000] {logging_mixin.py:190} INFO - [2024-09-02T04:39:34.046+0000] {dagbag.py:587} INFO - Filling up the DagBag from /home/airflow/.local/lib/python3.12/site-packages/airflow/example_dags/example_workday_timetable.py
[2024-09-02T04:39:34.062+0000] {processor.py:925} INFO - DAG(s) 'example_workday_timetable' retrieved from /home/airflow/.local/lib/python3.12/site-packages/airflow/example_dags/example_workday_timetable.py
[2024-09-02T04:39:34.110+0000] {logging_mixin.py:190} INFO - [2024-09-02T04:39:34.110+0000] {dag.py:3211} INFO - Sync 1 DAGs
[2024-09-02T04:39:34.295+0000] {logging_mixin.py:190} INFO - [2024-09-02T04:39:34.295+0000] {dag.py:4138} INFO - Setting next_dagrun for example_workday_timetable to 2021-01-04 00:00:00+00:00, run_after=2021-01-05 00:00:00+00:00
[2024-09-02T04:39:34.362+0000] {processor.py:208} INFO - Processing /home/airflow/.local/lib/python3.12/site-packages/airflow/example_dags/example_workday_timetable.py took 0.344 seconds
[2024-09-02T04:40:04.621+0000] {processor.py:186} INFO - Started process (PID=1701) to work on /home/airflow/.local/lib/python3.12/site-packages/airflow/example_dags/example_workday_timetable.py
[2024-09-02T04:40:04.624+0000] {processor.py:914} INFO - Processing file /home/airflow/.local/lib/python3.12/site-packages/airflow/example_dags/example_workday_timetable.py for tasks to queue
[2024-09-02T04:40:04.629+0000] {logging_mixin.py:190} INFO - [2024-09-02T04:40:04.628+0000] {dagbag.py:587} INFO - Filling up the DagBag from /home/airflow/.local/lib/python3.12/site-packages/airflow/example_dags/example_workday_timetable.py
[2024-09-02T04:40:04.646+0000] {processor.py:925} INFO - DAG(s) 'example_workday_timetable' retrieved from /home/airflow/.local/lib/python3.12/site-packages/airflow/example_dags/example_workday_timetable.py
[2024-09-02T04:40:04.705+0000] {logging_mixin.py:190} INFO - [2024-09-02T04:40:04.704+0000] {dag.py:3211} INFO - Sync 1 DAGs
[2024-09-02T04:40:04.986+0000] {logging_mixin.py:190} INFO - [2024-09-02T04:40:04.986+0000] {dag.py:4138} INFO - Setting next_dagrun for example_workday_timetable to 2021-01-04 00:00:00+00:00, run_after=2021-01-05 00:00:00+00:00
[2024-09-02T04:40:05.035+0000] {processor.py:208} INFO - Processing /home/airflow/.local/lib/python3.12/site-packages/airflow/example_dags/example_workday_timetable.py took 0.430 seconds
[2024-09-02T04:40:35.676+0000] {processor.py:186} INFO - Started process (PID=1764) to work on /home/airflow/.local/lib/python3.12/site-packages/airflow/example_dags/example_workday_timetable.py
[2024-09-02T04:40:35.679+0000] {processor.py:914} INFO - Processing file /home/airflow/.local/lib/python3.12/site-packages/airflow/example_dags/example_workday_timetable.py for tasks to queue
[2024-09-02T04:40:35.685+0000] {logging_mixin.py:190} INFO - [2024-09-02T04:40:35.684+0000] {dagbag.py:587} INFO - Filling up the DagBag from /home/airflow/.local/lib/python3.12/site-packages/airflow/example_dags/example_workday_timetable.py
[2024-09-02T04:40:35.698+0000] {processor.py:925} INFO - DAG(s) 'example_workday_timetable' retrieved from /home/airflow/.local/lib/python3.12/site-packages/airflow/example_dags/example_workday_timetable.py
[2024-09-02T04:40:35.746+0000] {logging_mixin.py:190} INFO - [2024-09-02T04:40:35.746+0000] {dag.py:3211} INFO - Sync 1 DAGs
[2024-09-02T04:40:35.938+0000] {logging_mixin.py:190} INFO - [2024-09-02T04:40:35.937+0000] {dag.py:4138} INFO - Setting next_dagrun for example_workday_timetable to 2021-01-04 00:00:00+00:00, run_after=2021-01-05 00:00:00+00:00
[2024-09-02T04:40:35.984+0000] {processor.py:208} INFO - Processing /home/airflow/.local/lib/python3.12/site-packages/airflow/example_dags/example_workday_timetable.py took 0.326 seconds
[2024-09-02T04:41:06.854+0000] {processor.py:186} INFO - Started process (PID=1826) to work on /home/airflow/.local/lib/python3.12/site-packages/airflow/example_dags/example_workday_timetable.py
[2024-09-02T04:41:06.857+0000] {processor.py:914} INFO - Processing file /home/airflow/.local/lib/python3.12/site-packages/airflow/example_dags/example_workday_timetable.py for tasks to queue
[2024-09-02T04:41:06.862+0000] {logging_mixin.py:190} INFO - [2024-09-02T04:41:06.861+0000] {dagbag.py:587} INFO - Filling up the DagBag from /home/airflow/.local/lib/python3.12/site-packages/airflow/example_dags/example_workday_timetable.py
[2024-09-02T04:41:06.877+0000] {processor.py:925} INFO - DAG(s) 'example_workday_timetable' retrieved from /home/airflow/.local/lib/python3.12/site-packages/airflow/example_dags/example_workday_timetable.py
[2024-09-02T04:41:06.926+0000] {logging_mixin.py:190} INFO - [2024-09-02T04:41:06.926+0000] {dag.py:3211} INFO - Sync 1 DAGs
[2024-09-02T04:41:07.057+0000] {logging_mixin.py:190} INFO - [2024-09-02T04:41:07.057+0000] {dag.py:4138} INFO - Setting next_dagrun for example_workday_timetable to 2021-01-04 00:00:00+00:00, run_after=2021-01-05 00:00:00+00:00
[2024-09-02T04:41:07.097+0000] {processor.py:208} INFO - Processing /home/airflow/.local/lib/python3.12/site-packages/airflow/example_dags/example_workday_timetable.py took 0.255 seconds
[2024-09-02T04:41:37.590+0000] {processor.py:186} INFO - Started process (PID=1889) to work on /home/airflow/.local/lib/python3.12/site-packages/airflow/example_dags/example_workday_timetable.py
[2024-09-02T04:41:37.593+0000] {processor.py:914} INFO - Processing file /home/airflow/.local/lib/python3.12/site-packages/airflow/example_dags/example_workday_timetable.py for tasks to queue
[2024-09-02T04:41:37.603+0000] {logging_mixin.py:190} INFO - [2024-09-02T04:41:37.602+0000] {dagbag.py:587} INFO - Filling up the DagBag from /home/airflow/.local/lib/python3.12/site-packages/airflow/example_dags/example_workday_timetable.py
[2024-09-02T04:41:37.624+0000] {processor.py:925} INFO - DAG(s) 'example_workday_timetable' retrieved from /home/airflow/.local/lib/python3.12/site-packages/airflow/example_dags/example_workday_timetable.py
[2024-09-02T04:41:37.681+0000] {logging_mixin.py:190} INFO - [2024-09-02T04:41:37.680+0000] {dag.py:3211} INFO - Sync 1 DAGs
[2024-09-02T04:41:37.919+0000] {logging_mixin.py:190} INFO - [2024-09-02T04:41:37.919+0000] {dag.py:4138} INFO - Setting next_dagrun for example_workday_timetable to 2021-01-04 00:00:00+00:00, run_after=2021-01-05 00:00:00+00:00
[2024-09-02T04:41:38.052+0000] {processor.py:208} INFO - Processing /home/airflow/.local/lib/python3.12/site-packages/airflow/example_dags/example_workday_timetable.py took 0.481 seconds
[2024-09-02T04:42:08.186+0000] {processor.py:186} INFO - Started process (PID=1952) to work on /home/airflow/.local/lib/python3.12/site-packages/airflow/example_dags/example_workday_timetable.py
[2024-09-02T04:42:08.188+0000] {processor.py:914} INFO - Processing file /home/airflow/.local/lib/python3.12/site-packages/airflow/example_dags/example_workday_timetable.py for tasks to queue
[2024-09-02T04:42:08.194+0000] {logging_mixin.py:190} INFO - [2024-09-02T04:42:08.193+0000] {dagbag.py:587} INFO - Filling up the DagBag from /home/airflow/.local/lib/python3.12/site-packages/airflow/example_dags/example_workday_timetable.py
[2024-09-02T04:42:08.205+0000] {processor.py:925} INFO - DAG(s) 'example_workday_timetable' retrieved from /home/airflow/.local/lib/python3.12/site-packages/airflow/example_dags/example_workday_timetable.py
[2024-09-02T04:42:08.246+0000] {logging_mixin.py:190} INFO - [2024-09-02T04:42:08.246+0000] {dag.py:3211} INFO - Sync 1 DAGs
[2024-09-02T04:42:08.455+0000] {logging_mixin.py:190} INFO - [2024-09-02T04:42:08.455+0000] {dag.py:4138} INFO - Setting next_dagrun for example_workday_timetable to 2021-01-04 00:00:00+00:00, run_after=2021-01-05 00:00:00+00:00
[2024-09-02T04:42:08.541+0000] {processor.py:208} INFO - Processing /home/airflow/.local/lib/python3.12/site-packages/airflow/example_dags/example_workday_timetable.py took 0.367 seconds
[2024-09-02T04:42:38.777+0000] {processor.py:186} INFO - Started process (PID=2015) to work on /home/airflow/.local/lib/python3.12/site-packages/airflow/example_dags/example_workday_timetable.py
[2024-09-02T04:42:38.779+0000] {processor.py:914} INFO - Processing file /home/airflow/.local/lib/python3.12/site-packages/airflow/example_dags/example_workday_timetable.py for tasks to queue
[2024-09-02T04:42:38.785+0000] {logging_mixin.py:190} INFO - [2024-09-02T04:42:38.784+0000] {dagbag.py:587} INFO - Filling up the DagBag from /home/airflow/.local/lib/python3.12/site-packages/airflow/example_dags/example_workday_timetable.py
[2024-09-02T04:42:38.796+0000] {processor.py:925} INFO - DAG(s) 'example_workday_timetable' retrieved from /home/airflow/.local/lib/python3.12/site-packages/airflow/example_dags/example_workday_timetable.py
[2024-09-02T04:42:38.841+0000] {logging_mixin.py:190} INFO - [2024-09-02T04:42:38.841+0000] {dag.py:3211} INFO - Sync 1 DAGs
[2024-09-02T04:42:39.045+0000] {logging_mixin.py:190} INFO - [2024-09-02T04:42:39.044+0000] {dag.py:4138} INFO - Setting next_dagrun for example_workday_timetable to 2021-01-04 00:00:00+00:00, run_after=2021-01-05 00:00:00+00:00
[2024-09-02T04:42:39.127+0000] {processor.py:208} INFO - Processing /home/airflow/.local/lib/python3.12/site-packages/airflow/example_dags/example_workday_timetable.py took 0.367 seconds
[2024-09-02T04:43:09.733+0000] {processor.py:186} INFO - Started process (PID=2078) to work on /home/airflow/.local/lib/python3.12/site-packages/airflow/example_dags/example_workday_timetable.py
[2024-09-02T04:43:09.735+0000] {processor.py:914} INFO - Processing file /home/airflow/.local/lib/python3.12/site-packages/airflow/example_dags/example_workday_timetable.py for tasks to queue
[2024-09-02T04:43:09.740+0000] {logging_mixin.py:190} INFO - [2024-09-02T04:43:09.739+0000] {dagbag.py:587} INFO - Filling up the DagBag from /home/airflow/.local/lib/python3.12/site-packages/airflow/example_dags/example_workday_timetable.py
[2024-09-02T04:43:09.751+0000] {processor.py:925} INFO - DAG(s) 'example_workday_timetable' retrieved from /home/airflow/.local/lib/python3.12/site-packages/airflow/example_dags/example_workday_timetable.py
[2024-09-02T04:43:09.791+0000] {logging_mixin.py:190} INFO - [2024-09-02T04:43:09.791+0000] {dag.py:3211} INFO - Sync 1 DAGs
[2024-09-02T04:43:10.012+0000] {logging_mixin.py:190} INFO - [2024-09-02T04:43:10.011+0000] {dag.py:4138} INFO - Setting next_dagrun for example_workday_timetable to 2021-01-04 00:00:00+00:00, run_after=2021-01-05 00:00:00+00:00
[2024-09-02T04:43:10.082+0000] {processor.py:208} INFO - Processing /home/airflow/.local/lib/python3.12/site-packages/airflow/example_dags/example_workday_timetable.py took 0.361 seconds
[2024-09-02T04:43:40.396+0000] {processor.py:186} INFO - Started process (PID=2141) to work on /home/airflow/.local/lib/python3.12/site-packages/airflow/example_dags/example_workday_timetable.py
[2024-09-02T04:43:40.400+0000] {processor.py:914} INFO - Processing file /home/airflow/.local/lib/python3.12/site-packages/airflow/example_dags/example_workday_timetable.py for tasks to queue
[2024-09-02T04:43:40.407+0000] {logging_mixin.py:190} INFO - [2024-09-02T04:43:40.406+0000] {dagbag.py:587} INFO - Filling up the DagBag from /home/airflow/.local/lib/python3.12/site-packages/airflow/example_dags/example_workday_timetable.py
[2024-09-02T04:43:40.420+0000] {processor.py:925} INFO - DAG(s) 'example_workday_timetable' retrieved from /home/airflow/.local/lib/python3.12/site-packages/airflow/example_dags/example_workday_timetable.py
[2024-09-02T04:43:40.501+0000] {logging_mixin.py:190} INFO - [2024-09-02T04:43:40.501+0000] {dag.py:3211} INFO - Sync 1 DAGs
[2024-09-02T04:43:40.660+0000] {logging_mixin.py:190} INFO - [2024-09-02T04:43:40.660+0000] {dag.py:4138} INFO - Setting next_dagrun for example_workday_timetable to 2021-01-04 00:00:00+00:00, run_after=2021-01-05 00:00:00+00:00
[2024-09-02T04:43:40.732+0000] {processor.py:208} INFO - Processing /home/airflow/.local/lib/python3.12/site-packages/airflow/example_dags/example_workday_timetable.py took 0.353 seconds
[2024-09-02T04:44:11.005+0000] {processor.py:186} INFO - Started process (PID=2204) to work on /home/airflow/.local/lib/python3.12/site-packages/airflow/example_dags/example_workday_timetable.py
[2024-09-02T04:44:11.007+0000] {processor.py:914} INFO - Processing file /home/airflow/.local/lib/python3.12/site-packages/airflow/example_dags/example_workday_timetable.py for tasks to queue
[2024-09-02T04:44:11.013+0000] {logging_mixin.py:190} INFO - [2024-09-02T04:44:11.012+0000] {dagbag.py:587} INFO - Filling up the DagBag from /home/airflow/.local/lib/python3.12/site-packages/airflow/example_dags/example_workday_timetable.py
[2024-09-02T04:44:11.026+0000] {processor.py:925} INFO - DAG(s) 'example_workday_timetable' retrieved from /home/airflow/.local/lib/python3.12/site-packages/airflow/example_dags/example_workday_timetable.py
[2024-09-02T04:44:11.072+0000] {logging_mixin.py:190} INFO - [2024-09-02T04:44:11.072+0000] {dag.py:3211} INFO - Sync 1 DAGs
[2024-09-02T04:44:11.229+0000] {logging_mixin.py:190} INFO - [2024-09-02T04:44:11.229+0000] {dag.py:4138} INFO - Setting next_dagrun for example_workday_timetable to 2021-01-04 00:00:00+00:00, run_after=2021-01-05 00:00:00+00:00
[2024-09-02T04:44:11.266+0000] {processor.py:208} INFO - Processing /home/airflow/.local/lib/python3.12/site-packages/airflow/example_dags/example_workday_timetable.py took 0.275 seconds
[2024-09-02T04:44:41.428+0000] {processor.py:186} INFO - Started process (PID=2267) to work on /home/airflow/.local/lib/python3.12/site-packages/airflow/example_dags/example_workday_timetable.py
[2024-09-02T04:44:41.430+0000] {processor.py:914} INFO - Processing file /home/airflow/.local/lib/python3.12/site-packages/airflow/example_dags/example_workday_timetable.py for tasks to queue
[2024-09-02T04:44:41.436+0000] {logging_mixin.py:190} INFO - [2024-09-02T04:44:41.435+0000] {dagbag.py:587} INFO - Filling up the DagBag from /home/airflow/.local/lib/python3.12/site-packages/airflow/example_dags/example_workday_timetable.py
[2024-09-02T04:44:41.450+0000] {processor.py:925} INFO - DAG(s) 'example_workday_timetable' retrieved from /home/airflow/.local/lib/python3.12/site-packages/airflow/example_dags/example_workday_timetable.py
[2024-09-02T04:44:41.503+0000] {logging_mixin.py:190} INFO - [2024-09-02T04:44:41.503+0000] {dag.py:3211} INFO - Sync 1 DAGs
[2024-09-02T04:44:41.714+0000] {logging_mixin.py:190} INFO - [2024-09-02T04:44:41.713+0000] {dag.py:4138} INFO - Setting next_dagrun for example_workday_timetable to 2021-01-04 00:00:00+00:00, run_after=2021-01-05 00:00:00+00:00
[2024-09-02T04:44:41.768+0000] {processor.py:208} INFO - Processing /home/airflow/.local/lib/python3.12/site-packages/airflow/example_dags/example_workday_timetable.py took 0.354 seconds
[2024-09-02T04:45:12.343+0000] {processor.py:186} INFO - Started process (PID=2336) to work on /home/airflow/.local/lib/python3.12/site-packages/airflow/example_dags/example_workday_timetable.py
[2024-09-02T04:45:12.346+0000] {processor.py:914} INFO - Processing file /home/airflow/.local/lib/python3.12/site-packages/airflow/example_dags/example_workday_timetable.py for tasks to queue
[2024-09-02T04:45:12.351+0000] {logging_mixin.py:190} INFO - [2024-09-02T04:45:12.350+0000] {dagbag.py:587} INFO - Filling up the DagBag from /home/airflow/.local/lib/python3.12/site-packages/airflow/example_dags/example_workday_timetable.py
[2024-09-02T04:45:12.364+0000] {processor.py:925} INFO - DAG(s) 'example_workday_timetable' retrieved from /home/airflow/.local/lib/python3.12/site-packages/airflow/example_dags/example_workday_timetable.py
[2024-09-02T04:45:12.406+0000] {logging_mixin.py:190} INFO - [2024-09-02T04:45:12.405+0000] {dag.py:3211} INFO - Sync 1 DAGs
[2024-09-02T04:45:12.552+0000] {logging_mixin.py:190} INFO - [2024-09-02T04:45:12.552+0000] {dag.py:4138} INFO - Setting next_dagrun for example_workday_timetable to 2021-01-04 00:00:00+00:00, run_after=2021-01-05 00:00:00+00:00
[2024-09-02T04:45:12.672+0000] {processor.py:208} INFO - Processing /home/airflow/.local/lib/python3.12/site-packages/airflow/example_dags/example_workday_timetable.py took 0.343 seconds
[2024-09-02T04:45:42.897+0000] {processor.py:186} INFO - Started process (PID=2400) to work on /home/airflow/.local/lib/python3.12/site-packages/airflow/example_dags/example_workday_timetable.py
[2024-09-02T04:45:42.900+0000] {processor.py:914} INFO - Processing file /home/airflow/.local/lib/python3.12/site-packages/airflow/example_dags/example_workday_timetable.py for tasks to queue
[2024-09-02T04:45:42.911+0000] {logging_mixin.py:190} INFO - [2024-09-02T04:45:42.910+0000] {dagbag.py:587} INFO - Filling up the DagBag from /home/airflow/.local/lib/python3.12/site-packages/airflow/example_dags/example_workday_timetable.py
[2024-09-02T04:45:42.943+0000] {processor.py:925} INFO - DAG(s) 'example_workday_timetable' retrieved from /home/airflow/.local/lib/python3.12/site-packages/airflow/example_dags/example_workday_timetable.py
[2024-09-02T04:45:42.989+0000] {logging_mixin.py:190} INFO - [2024-09-02T04:45:42.989+0000] {dag.py:3211} INFO - Sync 1 DAGs
[2024-09-02T04:45:43.130+0000] {logging_mixin.py:190} INFO - [2024-09-02T04:45:43.130+0000] {dag.py:4138} INFO - Setting next_dagrun for example_workday_timetable to 2021-01-04 00:00:00+00:00, run_after=2021-01-05 00:00:00+00:00
[2024-09-02T04:45:43.172+0000] {processor.py:208} INFO - Processing /home/airflow/.local/lib/python3.12/site-packages/airflow/example_dags/example_workday_timetable.py took 0.290 seconds
[2024-09-02T04:46:13.393+0000] {processor.py:186} INFO - Started process (PID=2464) to work on /home/airflow/.local/lib/python3.12/site-packages/airflow/example_dags/example_workday_timetable.py
[2024-09-02T04:46:13.395+0000] {processor.py:914} INFO - Processing file /home/airflow/.local/lib/python3.12/site-packages/airflow/example_dags/example_workday_timetable.py for tasks to queue
[2024-09-02T04:46:13.401+0000] {logging_mixin.py:190} INFO - [2024-09-02T04:46:13.400+0000] {dagbag.py:587} INFO - Filling up the DagBag from /home/airflow/.local/lib/python3.12/site-packages/airflow/example_dags/example_workday_timetable.py
[2024-09-02T04:46:13.414+0000] {processor.py:925} INFO - DAG(s) 'example_workday_timetable' retrieved from /home/airflow/.local/lib/python3.12/site-packages/airflow/example_dags/example_workday_timetable.py
[2024-09-02T04:46:13.455+0000] {logging_mixin.py:190} INFO - [2024-09-02T04:46:13.454+0000] {dag.py:3211} INFO - Sync 1 DAGs
[2024-09-02T04:46:13.591+0000] {logging_mixin.py:190} INFO - [2024-09-02T04:46:13.591+0000] {dag.py:4138} INFO - Setting next_dagrun for example_workday_timetable to 2021-01-04 00:00:00+00:00, run_after=2021-01-05 00:00:00+00:00
[2024-09-02T04:46:13.628+0000] {processor.py:208} INFO - Processing /home/airflow/.local/lib/python3.12/site-packages/airflow/example_dags/example_workday_timetable.py took 0.249 seconds
[2024-09-02T04:46:44.147+0000] {processor.py:186} INFO - Started process (PID=2527) to work on /home/airflow/.local/lib/python3.12/site-packages/airflow/example_dags/example_workday_timetable.py
[2024-09-02T04:46:44.149+0000] {processor.py:914} INFO - Processing file /home/airflow/.local/lib/python3.12/site-packages/airflow/example_dags/example_workday_timetable.py for tasks to queue
[2024-09-02T04:46:44.153+0000] {logging_mixin.py:190} INFO - [2024-09-02T04:46:44.153+0000] {dagbag.py:587} INFO - Filling up the DagBag from /home/airflow/.local/lib/python3.12/site-packages/airflow/example_dags/example_workday_timetable.py
[2024-09-02T04:46:44.166+0000] {processor.py:925} INFO - DAG(s) 'example_workday_timetable' retrieved from /home/airflow/.local/lib/python3.12/site-packages/airflow/example_dags/example_workday_timetable.py
[2024-09-02T04:46:44.206+0000] {logging_mixin.py:190} INFO - [2024-09-02T04:46:44.205+0000] {dag.py:3211} INFO - Sync 1 DAGs
[2024-09-02T04:46:44.590+0000] {logging_mixin.py:190} INFO - [2024-09-02T04:46:44.589+0000] {dag.py:4138} INFO - Setting next_dagrun for example_workday_timetable to 2021-01-04 00:00:00+00:00, run_after=2021-01-05 00:00:00+00:00
[2024-09-02T04:46:44.729+0000] {processor.py:208} INFO - Processing /home/airflow/.local/lib/python3.12/site-packages/airflow/example_dags/example_workday_timetable.py took 0.593 seconds
