[2024-09-02T04:14:03.463+0000] {processor.py:186} INFO - Started process (PID=130) to work on /home/airflow/.local/lib/python3.12/site-packages/airflow/example_dags/example_bash_decorator.py
[2024-09-02T04:14:03.465+0000] {processor.py:914} INFO - Processing file /home/airflow/.local/lib/python3.12/site-packages/airflow/example_dags/example_bash_decorator.py for tasks to queue
[2024-09-02T04:14:03.471+0000] {logging_mixin.py:190} INFO - [2024-09-02T04:14:03.470+0000] {dagbag.py:587} INFO - Filling up the DagBag from /home/airflow/.local/lib/python3.12/site-packages/airflow/example_dags/example_bash_decorator.py
[2024-09-02T04:14:03.510+0000] {processor.py:925} INFO - DAG(s) 'example_bash_decorator' retrieved from /home/airflow/.local/lib/python3.12/site-packages/airflow/example_dags/example_bash_decorator.py
[2024-09-02T04:14:03.749+0000] {logging_mixin.py:190} INFO - [2024-09-02T04:14:03.747+0000] {override.py:1858} INFO - Created Permission View: can read on DAG:example_bash_decorator
[2024-09-02T04:14:03.774+0000] {logging_mixin.py:190} INFO - [2024-09-02T04:14:03.773+0000] {override.py:1858} INFO - Created Permission View: can delete on DAG:example_bash_decorator
[2024-09-02T04:14:03.790+0000] {logging_mixin.py:190} INFO - [2024-09-02T04:14:03.789+0000] {override.py:1858} INFO - Created Permission View: can edit on DAG:example_bash_decorator
[2024-09-02T04:14:03.792+0000] {logging_mixin.py:190} INFO - [2024-09-02T04:14:03.791+0000] {dag.py:3211} INFO - Sync 1 DAGs
[2024-09-02T04:14:03.822+0000] {logging_mixin.py:190} INFO - [2024-09-02T04:14:03.821+0000] {dag.py:3234} INFO - Creating ORM DAG for example_bash_decorator
[2024-09-02T04:14:03.824+0000] {logging_mixin.py:190} INFO - [2024-09-02T04:14:03.824+0000] {dag.py:4138} INFO - Setting next_dagrun for example_bash_decorator to None, run_after=None
[2024-09-02T04:14:03.858+0000] {processor.py:208} INFO - Processing /home/airflow/.local/lib/python3.12/site-packages/airflow/example_dags/example_bash_decorator.py took 0.408 seconds
[2024-09-02T04:14:34.182+0000] {processor.py:186} INFO - Started process (PID=192) to work on /home/airflow/.local/lib/python3.12/site-packages/airflow/example_dags/example_bash_decorator.py
[2024-09-02T04:14:34.184+0000] {processor.py:914} INFO - Processing file /home/airflow/.local/lib/python3.12/site-packages/airflow/example_dags/example_bash_decorator.py for tasks to queue
[2024-09-02T04:14:34.189+0000] {logging_mixin.py:190} INFO - [2024-09-02T04:14:34.188+0000] {dagbag.py:587} INFO - Filling up the DagBag from /home/airflow/.local/lib/python3.12/site-packages/airflow/example_dags/example_bash_decorator.py
[2024-09-02T04:14:34.232+0000] {processor.py:925} INFO - DAG(s) 'example_bash_decorator' retrieved from /home/airflow/.local/lib/python3.12/site-packages/airflow/example_dags/example_bash_decorator.py
[2024-09-02T04:14:34.310+0000] {logging_mixin.py:190} INFO - [2024-09-02T04:14:34.309+0000] {dag.py:3211} INFO - Sync 1 DAGs
[2024-09-02T04:14:34.349+0000] {logging_mixin.py:190} INFO - [2024-09-02T04:14:34.349+0000] {dag.py:4138} INFO - Setting next_dagrun for example_bash_decorator to None, run_after=None
[2024-09-02T04:14:34.423+0000] {processor.py:208} INFO - Processing /home/airflow/.local/lib/python3.12/site-packages/airflow/example_dags/example_bash_decorator.py took 0.256 seconds
[2024-09-02T04:15:04.917+0000] {processor.py:186} INFO - Started process (PID=255) to work on /home/airflow/.local/lib/python3.12/site-packages/airflow/example_dags/example_bash_decorator.py
[2024-09-02T04:15:04.920+0000] {processor.py:914} INFO - Processing file /home/airflow/.local/lib/python3.12/site-packages/airflow/example_dags/example_bash_decorator.py for tasks to queue
[2024-09-02T04:15:04.925+0000] {logging_mixin.py:190} INFO - [2024-09-02T04:15:04.925+0000] {dagbag.py:587} INFO - Filling up the DagBag from /home/airflow/.local/lib/python3.12/site-packages/airflow/example_dags/example_bash_decorator.py
[2024-09-02T04:15:04.958+0000] {processor.py:925} INFO - DAG(s) 'example_bash_decorator' retrieved from /home/airflow/.local/lib/python3.12/site-packages/airflow/example_dags/example_bash_decorator.py
[2024-09-02T04:15:05.010+0000] {logging_mixin.py:190} INFO - [2024-09-02T04:15:05.010+0000] {dag.py:3211} INFO - Sync 1 DAGs
[2024-09-02T04:15:05.055+0000] {logging_mixin.py:190} INFO - [2024-09-02T04:15:05.055+0000] {dag.py:4138} INFO - Setting next_dagrun for example_bash_decorator to None, run_after=None
[2024-09-02T04:15:05.103+0000] {processor.py:208} INFO - Processing /home/airflow/.local/lib/python3.12/site-packages/airflow/example_dags/example_bash_decorator.py took 0.201 seconds
[2024-09-02T04:15:36.046+0000] {processor.py:186} INFO - Started process (PID=318) to work on /home/airflow/.local/lib/python3.12/site-packages/airflow/example_dags/example_bash_decorator.py
[2024-09-02T04:15:36.054+0000] {processor.py:914} INFO - Processing file /home/airflow/.local/lib/python3.12/site-packages/airflow/example_dags/example_bash_decorator.py for tasks to queue
[2024-09-02T04:15:36.069+0000] {logging_mixin.py:190} INFO - [2024-09-02T04:15:36.068+0000] {dagbag.py:587} INFO - Filling up the DagBag from /home/airflow/.local/lib/python3.12/site-packages/airflow/example_dags/example_bash_decorator.py
[2024-09-02T04:15:36.124+0000] {processor.py:925} INFO - DAG(s) 'example_bash_decorator' retrieved from /home/airflow/.local/lib/python3.12/site-packages/airflow/example_dags/example_bash_decorator.py
[2024-09-02T04:15:36.208+0000] {logging_mixin.py:190} INFO - [2024-09-02T04:15:36.208+0000] {dag.py:3211} INFO - Sync 1 DAGs
[2024-09-02T04:15:36.279+0000] {logging_mixin.py:190} INFO - [2024-09-02T04:15:36.278+0000] {dag.py:4138} INFO - Setting next_dagrun for example_bash_decorator to None, run_after=None
[2024-09-02T04:15:36.357+0000] {processor.py:208} INFO - Processing /home/airflow/.local/lib/python3.12/site-packages/airflow/example_dags/example_bash_decorator.py took 0.335 seconds
[2024-09-02T04:16:06.634+0000] {processor.py:186} INFO - Started process (PID=380) to work on /home/airflow/.local/lib/python3.12/site-packages/airflow/example_dags/example_bash_decorator.py
[2024-09-02T04:16:06.636+0000] {processor.py:914} INFO - Processing file /home/airflow/.local/lib/python3.12/site-packages/airflow/example_dags/example_bash_decorator.py for tasks to queue
[2024-09-02T04:16:06.641+0000] {logging_mixin.py:190} INFO - [2024-09-02T04:16:06.641+0000] {dagbag.py:587} INFO - Filling up the DagBag from /home/airflow/.local/lib/python3.12/site-packages/airflow/example_dags/example_bash_decorator.py
[2024-09-02T04:16:06.672+0000] {processor.py:925} INFO - DAG(s) 'example_bash_decorator' retrieved from /home/airflow/.local/lib/python3.12/site-packages/airflow/example_dags/example_bash_decorator.py
[2024-09-02T04:16:06.717+0000] {logging_mixin.py:190} INFO - [2024-09-02T04:16:06.716+0000] {dag.py:3211} INFO - Sync 1 DAGs
[2024-09-02T04:16:06.754+0000] {logging_mixin.py:190} INFO - [2024-09-02T04:16:06.753+0000] {dag.py:4138} INFO - Setting next_dagrun for example_bash_decorator to None, run_after=None
[2024-09-02T04:16:06.806+0000] {processor.py:208} INFO - Processing /home/airflow/.local/lib/python3.12/site-packages/airflow/example_dags/example_bash_decorator.py took 0.184 seconds
[2024-09-02T04:16:37.304+0000] {processor.py:186} INFO - Started process (PID=443) to work on /home/airflow/.local/lib/python3.12/site-packages/airflow/example_dags/example_bash_decorator.py
[2024-09-02T04:16:37.305+0000] {processor.py:914} INFO - Processing file /home/airflow/.local/lib/python3.12/site-packages/airflow/example_dags/example_bash_decorator.py for tasks to queue
[2024-09-02T04:16:37.311+0000] {logging_mixin.py:190} INFO - [2024-09-02T04:16:37.310+0000] {dagbag.py:587} INFO - Filling up the DagBag from /home/airflow/.local/lib/python3.12/site-packages/airflow/example_dags/example_bash_decorator.py
[2024-09-02T04:16:37.342+0000] {processor.py:925} INFO - DAG(s) 'example_bash_decorator' retrieved from /home/airflow/.local/lib/python3.12/site-packages/airflow/example_dags/example_bash_decorator.py
[2024-09-02T04:16:37.408+0000] {logging_mixin.py:190} INFO - [2024-09-02T04:16:37.407+0000] {dag.py:3211} INFO - Sync 1 DAGs
[2024-09-02T04:16:37.449+0000] {logging_mixin.py:190} INFO - [2024-09-02T04:16:37.449+0000] {dag.py:4138} INFO - Setting next_dagrun for example_bash_decorator to None, run_after=None
[2024-09-02T04:16:37.500+0000] {processor.py:208} INFO - Processing /home/airflow/.local/lib/python3.12/site-packages/airflow/example_dags/example_bash_decorator.py took 0.208 seconds
[2024-09-02T04:17:07.594+0000] {processor.py:186} INFO - Started process (PID=505) to work on /home/airflow/.local/lib/python3.12/site-packages/airflow/example_dags/example_bash_decorator.py
[2024-09-02T04:17:07.596+0000] {processor.py:914} INFO - Processing file /home/airflow/.local/lib/python3.12/site-packages/airflow/example_dags/example_bash_decorator.py for tasks to queue
[2024-09-02T04:17:07.601+0000] {logging_mixin.py:190} INFO - [2024-09-02T04:17:07.600+0000] {dagbag.py:587} INFO - Filling up the DagBag from /home/airflow/.local/lib/python3.12/site-packages/airflow/example_dags/example_bash_decorator.py
[2024-09-02T04:17:07.628+0000] {processor.py:925} INFO - DAG(s) 'example_bash_decorator' retrieved from /home/airflow/.local/lib/python3.12/site-packages/airflow/example_dags/example_bash_decorator.py
[2024-09-02T04:17:07.672+0000] {logging_mixin.py:190} INFO - [2024-09-02T04:17:07.671+0000] {dag.py:3211} INFO - Sync 1 DAGs
[2024-09-02T04:17:07.703+0000] {logging_mixin.py:190} INFO - [2024-09-02T04:17:07.703+0000] {dag.py:4138} INFO - Setting next_dagrun for example_bash_decorator to None, run_after=None
[2024-09-02T04:17:07.739+0000] {processor.py:208} INFO - Processing /home/airflow/.local/lib/python3.12/site-packages/airflow/example_dags/example_bash_decorator.py took 0.157 seconds
[2024-09-02T04:17:38.251+0000] {processor.py:186} INFO - Started process (PID=569) to work on /home/airflow/.local/lib/python3.12/site-packages/airflow/example_dags/example_bash_decorator.py
[2024-09-02T04:17:38.253+0000] {processor.py:914} INFO - Processing file /home/airflow/.local/lib/python3.12/site-packages/airflow/example_dags/example_bash_decorator.py for tasks to queue
[2024-09-02T04:17:38.257+0000] {logging_mixin.py:190} INFO - [2024-09-02T04:17:38.257+0000] {dagbag.py:587} INFO - Filling up the DagBag from /home/airflow/.local/lib/python3.12/site-packages/airflow/example_dags/example_bash_decorator.py
[2024-09-02T04:17:38.289+0000] {processor.py:925} INFO - DAG(s) 'example_bash_decorator' retrieved from /home/airflow/.local/lib/python3.12/site-packages/airflow/example_dags/example_bash_decorator.py
[2024-09-02T04:17:38.337+0000] {logging_mixin.py:190} INFO - [2024-09-02T04:17:38.337+0000] {dag.py:3211} INFO - Sync 1 DAGs
[2024-09-02T04:17:38.369+0000] {logging_mixin.py:190} INFO - [2024-09-02T04:17:38.368+0000] {dag.py:4138} INFO - Setting next_dagrun for example_bash_decorator to None, run_after=None
[2024-09-02T04:17:38.402+0000] {processor.py:208} INFO - Processing /home/airflow/.local/lib/python3.12/site-packages/airflow/example_dags/example_bash_decorator.py took 0.163 seconds
[2024-09-02T04:18:09.342+0000] {processor.py:186} INFO - Started process (PID=632) to work on /home/airflow/.local/lib/python3.12/site-packages/airflow/example_dags/example_bash_decorator.py
[2024-09-02T04:18:09.344+0000] {processor.py:914} INFO - Processing file /home/airflow/.local/lib/python3.12/site-packages/airflow/example_dags/example_bash_decorator.py for tasks to queue
[2024-09-02T04:18:09.348+0000] {logging_mixin.py:190} INFO - [2024-09-02T04:18:09.348+0000] {dagbag.py:587} INFO - Filling up the DagBag from /home/airflow/.local/lib/python3.12/site-packages/airflow/example_dags/example_bash_decorator.py
[2024-09-02T04:18:09.379+0000] {processor.py:925} INFO - DAG(s) 'example_bash_decorator' retrieved from /home/airflow/.local/lib/python3.12/site-packages/airflow/example_dags/example_bash_decorator.py
[2024-09-02T04:18:09.423+0000] {logging_mixin.py:190} INFO - [2024-09-02T04:18:09.423+0000] {dag.py:3211} INFO - Sync 1 DAGs
[2024-09-02T04:18:09.453+0000] {logging_mixin.py:190} INFO - [2024-09-02T04:18:09.453+0000] {dag.py:4138} INFO - Setting next_dagrun for example_bash_decorator to None, run_after=None
[2024-09-02T04:18:09.487+0000] {processor.py:208} INFO - Processing /home/airflow/.local/lib/python3.12/site-packages/airflow/example_dags/example_bash_decorator.py took 0.158 seconds
[2024-09-02T04:18:39.851+0000] {processor.py:186} INFO - Started process (PID=695) to work on /home/airflow/.local/lib/python3.12/site-packages/airflow/example_dags/example_bash_decorator.py
[2024-09-02T04:18:39.853+0000] {processor.py:914} INFO - Processing file /home/airflow/.local/lib/python3.12/site-packages/airflow/example_dags/example_bash_decorator.py for tasks to queue
[2024-09-02T04:18:39.859+0000] {logging_mixin.py:190} INFO - [2024-09-02T04:18:39.858+0000] {dagbag.py:587} INFO - Filling up the DagBag from /home/airflow/.local/lib/python3.12/site-packages/airflow/example_dags/example_bash_decorator.py
[2024-09-02T04:18:39.899+0000] {processor.py:925} INFO - DAG(s) 'example_bash_decorator' retrieved from /home/airflow/.local/lib/python3.12/site-packages/airflow/example_dags/example_bash_decorator.py
[2024-09-02T04:18:39.956+0000] {logging_mixin.py:190} INFO - [2024-09-02T04:18:39.956+0000] {dag.py:3211} INFO - Sync 1 DAGs
[2024-09-02T04:18:39.994+0000] {logging_mixin.py:190} INFO - [2024-09-02T04:18:39.994+0000] {dag.py:4138} INFO - Setting next_dagrun for example_bash_decorator to None, run_after=None
[2024-09-02T04:18:40.035+0000] {processor.py:208} INFO - Processing /home/airflow/.local/lib/python3.12/site-packages/airflow/example_dags/example_bash_decorator.py took 0.199 seconds
[2024-09-02T04:19:10.544+0000] {processor.py:186} INFO - Started process (PID=758) to work on /home/airflow/.local/lib/python3.12/site-packages/airflow/example_dags/example_bash_decorator.py
[2024-09-02T04:19:10.546+0000] {processor.py:914} INFO - Processing file /home/airflow/.local/lib/python3.12/site-packages/airflow/example_dags/example_bash_decorator.py for tasks to queue
[2024-09-02T04:19:10.551+0000] {logging_mixin.py:190} INFO - [2024-09-02T04:19:10.551+0000] {dagbag.py:587} INFO - Filling up the DagBag from /home/airflow/.local/lib/python3.12/site-packages/airflow/example_dags/example_bash_decorator.py
[2024-09-02T04:19:10.581+0000] {processor.py:925} INFO - DAG(s) 'example_bash_decorator' retrieved from /home/airflow/.local/lib/python3.12/site-packages/airflow/example_dags/example_bash_decorator.py
[2024-09-02T04:19:10.634+0000] {logging_mixin.py:190} INFO - [2024-09-02T04:19:10.633+0000] {dag.py:3211} INFO - Sync 1 DAGs
[2024-09-02T04:19:10.666+0000] {logging_mixin.py:190} INFO - [2024-09-02T04:19:10.666+0000] {dag.py:4138} INFO - Setting next_dagrun for example_bash_decorator to None, run_after=None
[2024-09-02T04:19:10.705+0000] {processor.py:208} INFO - Processing /home/airflow/.local/lib/python3.12/site-packages/airflow/example_dags/example_bash_decorator.py took 0.174 seconds
[2024-09-02T04:19:40.965+0000] {processor.py:186} INFO - Started process (PID=820) to work on /home/airflow/.local/lib/python3.12/site-packages/airflow/example_dags/example_bash_decorator.py
[2024-09-02T04:19:40.968+0000] {processor.py:914} INFO - Processing file /home/airflow/.local/lib/python3.12/site-packages/airflow/example_dags/example_bash_decorator.py for tasks to queue
[2024-09-02T04:19:40.980+0000] {logging_mixin.py:190} INFO - [2024-09-02T04:19:40.979+0000] {dagbag.py:587} INFO - Filling up the DagBag from /home/airflow/.local/lib/python3.12/site-packages/airflow/example_dags/example_bash_decorator.py
[2024-09-02T04:19:41.042+0000] {processor.py:925} INFO - DAG(s) 'example_bash_decorator' retrieved from /home/airflow/.local/lib/python3.12/site-packages/airflow/example_dags/example_bash_decorator.py
[2024-09-02T04:19:41.158+0000] {logging_mixin.py:190} INFO - [2024-09-02T04:19:41.158+0000] {dag.py:3211} INFO - Sync 1 DAGs
[2024-09-02T04:19:41.238+0000] {logging_mixin.py:190} INFO - [2024-09-02T04:19:41.235+0000] {dag.py:4138} INFO - Setting next_dagrun for example_bash_decorator to None, run_after=None
[2024-09-02T04:19:41.325+0000] {processor.py:208} INFO - Processing /home/airflow/.local/lib/python3.12/site-packages/airflow/example_dags/example_bash_decorator.py took 0.382 seconds
[2024-09-02T04:20:11.873+0000] {processor.py:186} INFO - Started process (PID=883) to work on /home/airflow/.local/lib/python3.12/site-packages/airflow/example_dags/example_bash_decorator.py
[2024-09-02T04:20:11.875+0000] {processor.py:914} INFO - Processing file /home/airflow/.local/lib/python3.12/site-packages/airflow/example_dags/example_bash_decorator.py for tasks to queue
[2024-09-02T04:20:11.892+0000] {logging_mixin.py:190} INFO - [2024-09-02T04:20:11.891+0000] {dagbag.py:587} INFO - Filling up the DagBag from /home/airflow/.local/lib/python3.12/site-packages/airflow/example_dags/example_bash_decorator.py
[2024-09-02T04:20:11.986+0000] {processor.py:925} INFO - DAG(s) 'example_bash_decorator' retrieved from /home/airflow/.local/lib/python3.12/site-packages/airflow/example_dags/example_bash_decorator.py
[2024-09-02T04:20:12.112+0000] {logging_mixin.py:190} INFO - [2024-09-02T04:20:12.111+0000] {dag.py:3211} INFO - Sync 1 DAGs
[2024-09-02T04:20:12.190+0000] {logging_mixin.py:190} INFO - [2024-09-02T04:20:12.189+0000] {dag.py:4138} INFO - Setting next_dagrun for example_bash_decorator to None, run_after=None
[2024-09-02T04:20:12.330+0000] {processor.py:208} INFO - Processing /home/airflow/.local/lib/python3.12/site-packages/airflow/example_dags/example_bash_decorator.py took 0.480 seconds
[2024-09-02T04:20:42.987+0000] {processor.py:186} INFO - Started process (PID=946) to work on /home/airflow/.local/lib/python3.12/site-packages/airflow/example_dags/example_bash_decorator.py
[2024-09-02T04:20:42.989+0000] {processor.py:914} INFO - Processing file /home/airflow/.local/lib/python3.12/site-packages/airflow/example_dags/example_bash_decorator.py for tasks to queue
[2024-09-02T04:20:42.999+0000] {logging_mixin.py:190} INFO - [2024-09-02T04:20:42.998+0000] {dagbag.py:587} INFO - Filling up the DagBag from /home/airflow/.local/lib/python3.12/site-packages/airflow/example_dags/example_bash_decorator.py
[2024-09-02T04:20:43.040+0000] {processor.py:925} INFO - DAG(s) 'example_bash_decorator' retrieved from /home/airflow/.local/lib/python3.12/site-packages/airflow/example_dags/example_bash_decorator.py
[2024-09-02T04:20:43.111+0000] {logging_mixin.py:190} INFO - [2024-09-02T04:20:43.111+0000] {dag.py:3211} INFO - Sync 1 DAGs
[2024-09-02T04:20:43.150+0000] {logging_mixin.py:190} INFO - [2024-09-02T04:20:43.149+0000] {dag.py:4138} INFO - Setting next_dagrun for example_bash_decorator to None, run_after=None
[2024-09-02T04:20:43.217+0000] {processor.py:208} INFO - Processing /home/airflow/.local/lib/python3.12/site-packages/airflow/example_dags/example_bash_decorator.py took 0.252 seconds
[2024-09-02T04:21:19.347+0000] {processor.py:186} INFO - Started process (PID=1016) to work on /home/airflow/.local/lib/python3.12/site-packages/airflow/example_dags/example_bash_decorator.py
[2024-09-02T04:21:19.357+0000] {processor.py:914} INFO - Processing file /home/airflow/.local/lib/python3.12/site-packages/airflow/example_dags/example_bash_decorator.py for tasks to queue
[2024-09-02T04:21:19.377+0000] {logging_mixin.py:190} INFO - [2024-09-02T04:21:19.373+0000] {dagbag.py:587} INFO - Filling up the DagBag from /home/airflow/.local/lib/python3.12/site-packages/airflow/example_dags/example_bash_decorator.py
[2024-09-02T04:21:19.507+0000] {processor.py:925} INFO - DAG(s) 'example_bash_decorator' retrieved from /home/airflow/.local/lib/python3.12/site-packages/airflow/example_dags/example_bash_decorator.py
[2024-09-02T04:21:19.800+0000] {logging_mixin.py:190} INFO - [2024-09-02T04:21:19.785+0000] {dag.py:3211} INFO - Sync 1 DAGs
[2024-09-02T04:21:19.994+0000] {logging_mixin.py:190} INFO - [2024-09-02T04:21:19.994+0000] {dag.py:4138} INFO - Setting next_dagrun for example_bash_decorator to None, run_after=None
[2024-09-02T04:21:20.116+0000] {processor.py:208} INFO - Processing /home/airflow/.local/lib/python3.12/site-packages/airflow/example_dags/example_bash_decorator.py took 0.807 seconds
[2024-09-02T04:21:50.390+0000] {processor.py:186} INFO - Started process (PID=1079) to work on /home/airflow/.local/lib/python3.12/site-packages/airflow/example_dags/example_bash_decorator.py
[2024-09-02T04:21:50.396+0000] {processor.py:914} INFO - Processing file /home/airflow/.local/lib/python3.12/site-packages/airflow/example_dags/example_bash_decorator.py for tasks to queue
[2024-09-02T04:21:50.424+0000] {logging_mixin.py:190} INFO - [2024-09-02T04:21:50.415+0000] {dagbag.py:587} INFO - Filling up the DagBag from /home/airflow/.local/lib/python3.12/site-packages/airflow/example_dags/example_bash_decorator.py
[2024-09-02T04:21:50.499+0000] {processor.py:925} INFO - DAG(s) 'example_bash_decorator' retrieved from /home/airflow/.local/lib/python3.12/site-packages/airflow/example_dags/example_bash_decorator.py
[2024-09-02T04:21:50.590+0000] {logging_mixin.py:190} INFO - [2024-09-02T04:21:50.589+0000] {dag.py:3211} INFO - Sync 1 DAGs
[2024-09-02T04:21:50.664+0000] {logging_mixin.py:190} INFO - [2024-09-02T04:21:50.664+0000] {dag.py:4138} INFO - Setting next_dagrun for example_bash_decorator to None, run_after=None
[2024-09-02T04:21:50.757+0000] {processor.py:208} INFO - Processing /home/airflow/.local/lib/python3.12/site-packages/airflow/example_dags/example_bash_decorator.py took 0.397 seconds
[2024-09-02T04:22:42.293+0000] {processor.py:186} INFO - Started process (PID=1144) to work on /home/airflow/.local/lib/python3.12/site-packages/airflow/example_dags/example_bash_decorator.py
[2024-09-02T04:22:42.295+0000] {processor.py:914} INFO - Processing file /home/airflow/.local/lib/python3.12/site-packages/airflow/example_dags/example_bash_decorator.py for tasks to queue
[2024-09-02T04:22:42.328+0000] {logging_mixin.py:190} INFO - [2024-09-02T04:22:42.327+0000] {dagbag.py:587} INFO - Filling up the DagBag from /home/airflow/.local/lib/python3.12/site-packages/airflow/example_dags/example_bash_decorator.py
[2024-09-02T04:22:42.795+0000] {processor.py:925} INFO - DAG(s) 'example_bash_decorator' retrieved from /home/airflow/.local/lib/python3.12/site-packages/airflow/example_dags/example_bash_decorator.py
[2024-09-02T04:22:44.137+0000] {logging_mixin.py:190} INFO - [2024-09-02T04:22:44.136+0000] {dag.py:3211} INFO - Sync 1 DAGs
[2024-09-02T04:22:44.916+0000] {logging_mixin.py:190} INFO - [2024-09-02T04:22:44.915+0000] {dag.py:4138} INFO - Setting next_dagrun for example_bash_decorator to None, run_after=None
[2024-09-02T04:22:45.166+0000] {processor.py:208} INFO - Processing /home/airflow/.local/lib/python3.12/site-packages/airflow/example_dags/example_bash_decorator.py took 3.032 seconds
[2024-09-02T04:26:42.113+0000] {processor.py:186} INFO - Started process (PID=119) to work on /home/airflow/.local/lib/python3.12/site-packages/airflow/example_dags/example_bash_decorator.py
[2024-09-02T04:26:42.161+0000] {processor.py:914} INFO - Processing file /home/airflow/.local/lib/python3.12/site-packages/airflow/example_dags/example_bash_decorator.py for tasks to queue
[2024-09-02T04:26:42.224+0000] {logging_mixin.py:190} INFO - [2024-09-02T04:26:42.223+0000] {dagbag.py:587} INFO - Filling up the DagBag from /home/airflow/.local/lib/python3.12/site-packages/airflow/example_dags/example_bash_decorator.py
[2024-09-02T04:26:42.498+0000] {processor.py:925} INFO - DAG(s) 'example_bash_decorator' retrieved from /home/airflow/.local/lib/python3.12/site-packages/airflow/example_dags/example_bash_decorator.py
[2024-09-02T04:26:43.723+0000] {logging_mixin.py:190} INFO - [2024-09-02T04:26:43.722+0000] {dag.py:3211} INFO - Sync 1 DAGs
[2024-09-02T04:26:43.848+0000] {logging_mixin.py:190} INFO - [2024-09-02T04:26:43.837+0000] {dag.py:4138} INFO - Setting next_dagrun for example_bash_decorator to None, run_after=None
[2024-09-02T04:26:44.015+0000] {processor.py:208} INFO - Processing /home/airflow/.local/lib/python3.12/site-packages/airflow/example_dags/example_bash_decorator.py took 1.957 seconds
[2024-09-02T04:27:14.634+0000] {processor.py:186} INFO - Started process (PID=182) to work on /home/airflow/.local/lib/python3.12/site-packages/airflow/example_dags/example_bash_decorator.py
[2024-09-02T04:27:14.637+0000] {processor.py:914} INFO - Processing file /home/airflow/.local/lib/python3.12/site-packages/airflow/example_dags/example_bash_decorator.py for tasks to queue
[2024-09-02T04:27:14.642+0000] {logging_mixin.py:190} INFO - [2024-09-02T04:27:14.641+0000] {dagbag.py:587} INFO - Filling up the DagBag from /home/airflow/.local/lib/python3.12/site-packages/airflow/example_dags/example_bash_decorator.py
[2024-09-02T04:27:14.678+0000] {processor.py:925} INFO - DAG(s) 'example_bash_decorator' retrieved from /home/airflow/.local/lib/python3.12/site-packages/airflow/example_dags/example_bash_decorator.py
[2024-09-02T04:27:14.730+0000] {logging_mixin.py:190} INFO - [2024-09-02T04:27:14.729+0000] {dag.py:3211} INFO - Sync 1 DAGs
[2024-09-02T04:27:14.764+0000] {logging_mixin.py:190} INFO - [2024-09-02T04:27:14.763+0000] {dag.py:4138} INFO - Setting next_dagrun for example_bash_decorator to None, run_after=None
[2024-09-02T04:27:14.805+0000] {processor.py:208} INFO - Processing /home/airflow/.local/lib/python3.12/site-packages/airflow/example_dags/example_bash_decorator.py took 0.185 seconds
[2024-09-02T04:27:46.860+0000] {processor.py:186} INFO - Started process (PID=245) to work on /home/airflow/.local/lib/python3.12/site-packages/airflow/example_dags/example_bash_decorator.py
[2024-09-02T04:27:46.862+0000] {processor.py:914} INFO - Processing file /home/airflow/.local/lib/python3.12/site-packages/airflow/example_dags/example_bash_decorator.py for tasks to queue
[2024-09-02T04:27:46.867+0000] {logging_mixin.py:190} INFO - [2024-09-02T04:27:46.866+0000] {dagbag.py:587} INFO - Filling up the DagBag from /home/airflow/.local/lib/python3.12/site-packages/airflow/example_dags/example_bash_decorator.py
[2024-09-02T04:27:46.900+0000] {processor.py:925} INFO - DAG(s) 'example_bash_decorator' retrieved from /home/airflow/.local/lib/python3.12/site-packages/airflow/example_dags/example_bash_decorator.py
[2024-09-02T04:27:46.950+0000] {logging_mixin.py:190} INFO - [2024-09-02T04:27:46.950+0000] {dag.py:3211} INFO - Sync 1 DAGs
[2024-09-02T04:27:46.995+0000] {logging_mixin.py:190} INFO - [2024-09-02T04:27:46.995+0000] {dag.py:4138} INFO - Setting next_dagrun for example_bash_decorator to None, run_after=None
[2024-09-02T04:27:47.043+0000] {processor.py:208} INFO - Processing /home/airflow/.local/lib/python3.12/site-packages/airflow/example_dags/example_bash_decorator.py took 0.196 seconds
[2024-09-02T04:28:23.778+0000] {processor.py:186} INFO - Started process (PID=308) to work on /home/airflow/.local/lib/python3.12/site-packages/airflow/example_dags/example_bash_decorator.py
[2024-09-02T04:28:23.781+0000] {processor.py:914} INFO - Processing file /home/airflow/.local/lib/python3.12/site-packages/airflow/example_dags/example_bash_decorator.py for tasks to queue
[2024-09-02T04:28:23.800+0000] {logging_mixin.py:190} INFO - [2024-09-02T04:28:23.799+0000] {dagbag.py:587} INFO - Filling up the DagBag from /home/airflow/.local/lib/python3.12/site-packages/airflow/example_dags/example_bash_decorator.py
[2024-09-02T04:28:23.892+0000] {processor.py:925} INFO - DAG(s) 'example_bash_decorator' retrieved from /home/airflow/.local/lib/python3.12/site-packages/airflow/example_dags/example_bash_decorator.py
[2024-09-02T04:28:24.023+0000] {logging_mixin.py:190} INFO - [2024-09-02T04:28:24.016+0000] {dag.py:3211} INFO - Sync 1 DAGs
[2024-09-02T04:28:24.119+0000] {logging_mixin.py:190} INFO - [2024-09-02T04:28:24.118+0000] {dag.py:4138} INFO - Setting next_dagrun for example_bash_decorator to None, run_after=None
[2024-09-02T04:28:24.251+0000] {processor.py:208} INFO - Processing /home/airflow/.local/lib/python3.12/site-packages/airflow/example_dags/example_bash_decorator.py took 0.510 seconds
[2024-09-02T04:28:54.594+0000] {processor.py:186} INFO - Started process (PID=371) to work on /home/airflow/.local/lib/python3.12/site-packages/airflow/example_dags/example_bash_decorator.py
[2024-09-02T04:28:54.613+0000] {processor.py:914} INFO - Processing file /home/airflow/.local/lib/python3.12/site-packages/airflow/example_dags/example_bash_decorator.py for tasks to queue
[2024-09-02T04:28:54.625+0000] {logging_mixin.py:190} INFO - [2024-09-02T04:28:54.624+0000] {dagbag.py:587} INFO - Filling up the DagBag from /home/airflow/.local/lib/python3.12/site-packages/airflow/example_dags/example_bash_decorator.py
[2024-09-02T04:28:54.772+0000] {processor.py:925} INFO - DAG(s) 'example_bash_decorator' retrieved from /home/airflow/.local/lib/python3.12/site-packages/airflow/example_dags/example_bash_decorator.py
[2024-09-02T04:28:54.969+0000] {logging_mixin.py:190} INFO - [2024-09-02T04:28:54.968+0000] {dag.py:3211} INFO - Sync 1 DAGs
[2024-09-02T04:28:55.034+0000] {logging_mixin.py:190} INFO - [2024-09-02T04:28:55.033+0000] {dag.py:4138} INFO - Setting next_dagrun for example_bash_decorator to None, run_after=None
[2024-09-02T04:28:55.088+0000] {processor.py:208} INFO - Processing /home/airflow/.local/lib/python3.12/site-packages/airflow/example_dags/example_bash_decorator.py took 0.532 seconds
[2024-09-02T04:29:25.800+0000] {processor.py:186} INFO - Started process (PID=434) to work on /home/airflow/.local/lib/python3.12/site-packages/airflow/example_dags/example_bash_decorator.py
[2024-09-02T04:29:25.803+0000] {processor.py:914} INFO - Processing file /home/airflow/.local/lib/python3.12/site-packages/airflow/example_dags/example_bash_decorator.py for tasks to queue
[2024-09-02T04:29:25.808+0000] {logging_mixin.py:190} INFO - [2024-09-02T04:29:25.808+0000] {dagbag.py:587} INFO - Filling up the DagBag from /home/airflow/.local/lib/python3.12/site-packages/airflow/example_dags/example_bash_decorator.py
[2024-09-02T04:29:25.850+0000] {processor.py:925} INFO - DAG(s) 'example_bash_decorator' retrieved from /home/airflow/.local/lib/python3.12/site-packages/airflow/example_dags/example_bash_decorator.py
[2024-09-02T04:29:25.929+0000] {logging_mixin.py:190} INFO - [2024-09-02T04:29:25.927+0000] {dag.py:3211} INFO - Sync 1 DAGs
[2024-09-02T04:29:25.978+0000] {logging_mixin.py:190} INFO - [2024-09-02T04:29:25.977+0000] {dag.py:4138} INFO - Setting next_dagrun for example_bash_decorator to None, run_after=None
[2024-09-02T04:29:26.022+0000] {processor.py:208} INFO - Processing /home/airflow/.local/lib/python3.12/site-packages/airflow/example_dags/example_bash_decorator.py took 0.238 seconds
[2024-09-02T04:29:56.978+0000] {processor.py:186} INFO - Started process (PID=497) to work on /home/airflow/.local/lib/python3.12/site-packages/airflow/example_dags/example_bash_decorator.py
[2024-09-02T04:29:56.980+0000] {processor.py:914} INFO - Processing file /home/airflow/.local/lib/python3.12/site-packages/airflow/example_dags/example_bash_decorator.py for tasks to queue
[2024-09-02T04:29:56.986+0000] {logging_mixin.py:190} INFO - [2024-09-02T04:29:56.985+0000] {dagbag.py:587} INFO - Filling up the DagBag from /home/airflow/.local/lib/python3.12/site-packages/airflow/example_dags/example_bash_decorator.py
[2024-09-02T04:29:57.043+0000] {processor.py:925} INFO - DAG(s) 'example_bash_decorator' retrieved from /home/airflow/.local/lib/python3.12/site-packages/airflow/example_dags/example_bash_decorator.py
[2024-09-02T04:29:57.115+0000] {logging_mixin.py:190} INFO - [2024-09-02T04:29:57.115+0000] {dag.py:3211} INFO - Sync 1 DAGs
[2024-09-02T04:29:57.169+0000] {logging_mixin.py:190} INFO - [2024-09-02T04:29:57.168+0000] {dag.py:4138} INFO - Setting next_dagrun for example_bash_decorator to None, run_after=None
[2024-09-02T04:29:57.266+0000] {processor.py:208} INFO - Processing /home/airflow/.local/lib/python3.12/site-packages/airflow/example_dags/example_bash_decorator.py took 0.303 seconds
[2024-09-02T04:30:28.488+0000] {processor.py:186} INFO - Started process (PID=561) to work on /home/airflow/.local/lib/python3.12/site-packages/airflow/example_dags/example_bash_decorator.py
[2024-09-02T04:30:28.490+0000] {processor.py:914} INFO - Processing file /home/airflow/.local/lib/python3.12/site-packages/airflow/example_dags/example_bash_decorator.py for tasks to queue
[2024-09-02T04:30:28.497+0000] {logging_mixin.py:190} INFO - [2024-09-02T04:30:28.496+0000] {dagbag.py:587} INFO - Filling up the DagBag from /home/airflow/.local/lib/python3.12/site-packages/airflow/example_dags/example_bash_decorator.py
[2024-09-02T04:30:28.541+0000] {processor.py:925} INFO - DAG(s) 'example_bash_decorator' retrieved from /home/airflow/.local/lib/python3.12/site-packages/airflow/example_dags/example_bash_decorator.py
[2024-09-02T04:30:28.608+0000] {logging_mixin.py:190} INFO - [2024-09-02T04:30:28.607+0000] {dag.py:3211} INFO - Sync 1 DAGs
[2024-09-02T04:30:28.650+0000] {logging_mixin.py:190} INFO - [2024-09-02T04:30:28.650+0000] {dag.py:4138} INFO - Setting next_dagrun for example_bash_decorator to None, run_after=None
[2024-09-02T04:30:28.703+0000] {processor.py:208} INFO - Processing /home/airflow/.local/lib/python3.12/site-packages/airflow/example_dags/example_bash_decorator.py took 0.230 seconds
[2024-09-02T04:31:01.483+0000] {processor.py:186} INFO - Started process (PID=624) to work on /home/airflow/.local/lib/python3.12/site-packages/airflow/example_dags/example_bash_decorator.py
[2024-09-02T04:31:01.487+0000] {processor.py:914} INFO - Processing file /home/airflow/.local/lib/python3.12/site-packages/airflow/example_dags/example_bash_decorator.py for tasks to queue
[2024-09-02T04:31:01.495+0000] {logging_mixin.py:190} INFO - [2024-09-02T04:31:01.494+0000] {dagbag.py:587} INFO - Filling up the DagBag from /home/airflow/.local/lib/python3.12/site-packages/airflow/example_dags/example_bash_decorator.py
[2024-09-02T04:31:01.580+0000] {processor.py:925} INFO - DAG(s) 'example_bash_decorator' retrieved from /home/airflow/.local/lib/python3.12/site-packages/airflow/example_dags/example_bash_decorator.py
[2024-09-02T04:31:01.823+0000] {logging_mixin.py:190} INFO - [2024-09-02T04:31:01.823+0000] {dag.py:3211} INFO - Sync 1 DAGs
[2024-09-02T04:31:01.919+0000] {logging_mixin.py:190} INFO - [2024-09-02T04:31:01.919+0000] {dag.py:4138} INFO - Setting next_dagrun for example_bash_decorator to None, run_after=None
[2024-09-02T04:31:02.093+0000] {processor.py:208} INFO - Processing /home/airflow/.local/lib/python3.12/site-packages/airflow/example_dags/example_bash_decorator.py took 0.654 seconds
[2024-09-02T04:31:32.679+0000] {processor.py:186} INFO - Started process (PID=687) to work on /home/airflow/.local/lib/python3.12/site-packages/airflow/example_dags/example_bash_decorator.py
[2024-09-02T04:31:32.692+0000] {processor.py:914} INFO - Processing file /home/airflow/.local/lib/python3.12/site-packages/airflow/example_dags/example_bash_decorator.py for tasks to queue
[2024-09-02T04:31:32.698+0000] {logging_mixin.py:190} INFO - [2024-09-02T04:31:32.698+0000] {dagbag.py:587} INFO - Filling up the DagBag from /home/airflow/.local/lib/python3.12/site-packages/airflow/example_dags/example_bash_decorator.py
[2024-09-02T04:31:32.760+0000] {processor.py:925} INFO - DAG(s) 'example_bash_decorator' retrieved from /home/airflow/.local/lib/python3.12/site-packages/airflow/example_dags/example_bash_decorator.py
[2024-09-02T04:31:32.894+0000] {logging_mixin.py:190} INFO - [2024-09-02T04:31:32.893+0000] {dag.py:3211} INFO - Sync 1 DAGs
[2024-09-02T04:31:32.966+0000] {logging_mixin.py:190} INFO - [2024-09-02T04:31:32.965+0000] {dag.py:4138} INFO - Setting next_dagrun for example_bash_decorator to None, run_after=None
[2024-09-02T04:31:33.053+0000] {processor.py:208} INFO - Processing /home/airflow/.local/lib/python3.12/site-packages/airflow/example_dags/example_bash_decorator.py took 0.413 seconds
[2024-09-02T04:32:03.656+0000] {processor.py:186} INFO - Started process (PID=750) to work on /home/airflow/.local/lib/python3.12/site-packages/airflow/example_dags/example_bash_decorator.py
[2024-09-02T04:32:03.663+0000] {processor.py:914} INFO - Processing file /home/airflow/.local/lib/python3.12/site-packages/airflow/example_dags/example_bash_decorator.py for tasks to queue
[2024-09-02T04:32:03.679+0000] {logging_mixin.py:190} INFO - [2024-09-02T04:32:03.668+0000] {dagbag.py:587} INFO - Filling up the DagBag from /home/airflow/.local/lib/python3.12/site-packages/airflow/example_dags/example_bash_decorator.py
[2024-09-02T04:32:03.773+0000] {processor.py:925} INFO - DAG(s) 'example_bash_decorator' retrieved from /home/airflow/.local/lib/python3.12/site-packages/airflow/example_dags/example_bash_decorator.py
[2024-09-02T04:32:03.898+0000] {logging_mixin.py:190} INFO - [2024-09-02T04:32:03.897+0000] {dag.py:3211} INFO - Sync 1 DAGs
[2024-09-02T04:32:03.993+0000] {logging_mixin.py:190} INFO - [2024-09-02T04:32:03.993+0000] {dag.py:4138} INFO - Setting next_dagrun for example_bash_decorator to None, run_after=None
[2024-09-02T04:32:04.155+0000] {processor.py:208} INFO - Processing /home/airflow/.local/lib/python3.12/site-packages/airflow/example_dags/example_bash_decorator.py took 0.534 seconds
[2024-09-02T04:32:35.075+0000] {processor.py:186} INFO - Started process (PID=812) to work on /home/airflow/.local/lib/python3.12/site-packages/airflow/example_dags/example_bash_decorator.py
[2024-09-02T04:32:35.086+0000] {processor.py:914} INFO - Processing file /home/airflow/.local/lib/python3.12/site-packages/airflow/example_dags/example_bash_decorator.py for tasks to queue
[2024-09-02T04:32:35.093+0000] {logging_mixin.py:190} INFO - [2024-09-02T04:32:35.092+0000] {dagbag.py:587} INFO - Filling up the DagBag from /home/airflow/.local/lib/python3.12/site-packages/airflow/example_dags/example_bash_decorator.py
[2024-09-02T04:32:35.180+0000] {processor.py:925} INFO - DAG(s) 'example_bash_decorator' retrieved from /home/airflow/.local/lib/python3.12/site-packages/airflow/example_dags/example_bash_decorator.py
[2024-09-02T04:32:35.362+0000] {logging_mixin.py:190} INFO - [2024-09-02T04:32:35.362+0000] {dag.py:3211} INFO - Sync 1 DAGs
[2024-09-02T04:32:35.488+0000] {logging_mixin.py:190} INFO - [2024-09-02T04:32:35.488+0000] {dag.py:4138} INFO - Setting next_dagrun for example_bash_decorator to None, run_after=None
[2024-09-02T04:32:35.607+0000] {processor.py:208} INFO - Processing /home/airflow/.local/lib/python3.12/site-packages/airflow/example_dags/example_bash_decorator.py took 0.566 seconds
[2024-09-02T04:33:08.439+0000] {processor.py:186} INFO - Started process (PID=875) to work on /home/airflow/.local/lib/python3.12/site-packages/airflow/example_dags/example_bash_decorator.py
[2024-09-02T04:33:08.453+0000] {processor.py:914} INFO - Processing file /home/airflow/.local/lib/python3.12/site-packages/airflow/example_dags/example_bash_decorator.py for tasks to queue
[2024-09-02T04:33:08.468+0000] {logging_mixin.py:190} INFO - [2024-09-02T04:33:08.467+0000] {dagbag.py:587} INFO - Filling up the DagBag from /home/airflow/.local/lib/python3.12/site-packages/airflow/example_dags/example_bash_decorator.py
[2024-09-02T04:33:08.719+0000] {processor.py:925} INFO - DAG(s) 'example_bash_decorator' retrieved from /home/airflow/.local/lib/python3.12/site-packages/airflow/example_dags/example_bash_decorator.py
[2024-09-02T04:33:08.833+0000] {logging_mixin.py:190} INFO - [2024-09-02T04:33:08.832+0000] {dag.py:3211} INFO - Sync 1 DAGs
[2024-09-02T04:33:08.928+0000] {logging_mixin.py:190} INFO - [2024-09-02T04:33:08.927+0000] {dag.py:4138} INFO - Setting next_dagrun for example_bash_decorator to None, run_after=None
[2024-09-02T04:33:09.031+0000] {processor.py:208} INFO - Processing /home/airflow/.local/lib/python3.12/site-packages/airflow/example_dags/example_bash_decorator.py took 0.645 seconds
[2024-09-02T04:33:39.913+0000] {processor.py:186} INFO - Started process (PID=944) to work on /home/airflow/.local/lib/python3.12/site-packages/airflow/example_dags/example_bash_decorator.py
[2024-09-02T04:33:39.935+0000] {processor.py:914} INFO - Processing file /home/airflow/.local/lib/python3.12/site-packages/airflow/example_dags/example_bash_decorator.py for tasks to queue
[2024-09-02T04:33:39.941+0000] {logging_mixin.py:190} INFO - [2024-09-02T04:33:39.940+0000] {dagbag.py:587} INFO - Filling up the DagBag from /home/airflow/.local/lib/python3.12/site-packages/airflow/example_dags/example_bash_decorator.py
[2024-09-02T04:33:40.060+0000] {processor.py:925} INFO - DAG(s) 'example_bash_decorator' retrieved from /home/airflow/.local/lib/python3.12/site-packages/airflow/example_dags/example_bash_decorator.py
[2024-09-02T04:33:40.211+0000] {logging_mixin.py:190} INFO - [2024-09-02T04:33:40.210+0000] {dag.py:3211} INFO - Sync 1 DAGs
[2024-09-02T04:33:40.296+0000] {logging_mixin.py:190} INFO - [2024-09-02T04:33:40.295+0000] {dag.py:4138} INFO - Setting next_dagrun for example_bash_decorator to None, run_after=None
[2024-09-02T04:33:40.373+0000] {processor.py:208} INFO - Processing /home/airflow/.local/lib/python3.12/site-packages/airflow/example_dags/example_bash_decorator.py took 0.492 seconds
[2024-09-02T04:34:11.332+0000] {processor.py:186} INFO - Started process (PID=1007) to work on /home/airflow/.local/lib/python3.12/site-packages/airflow/example_dags/example_bash_decorator.py
[2024-09-02T04:34:11.335+0000] {processor.py:914} INFO - Processing file /home/airflow/.local/lib/python3.12/site-packages/airflow/example_dags/example_bash_decorator.py for tasks to queue
[2024-09-02T04:34:11.341+0000] {logging_mixin.py:190} INFO - [2024-09-02T04:34:11.341+0000] {dagbag.py:587} INFO - Filling up the DagBag from /home/airflow/.local/lib/python3.12/site-packages/airflow/example_dags/example_bash_decorator.py
[2024-09-02T04:34:11.376+0000] {processor.py:925} INFO - DAG(s) 'example_bash_decorator' retrieved from /home/airflow/.local/lib/python3.12/site-packages/airflow/example_dags/example_bash_decorator.py
[2024-09-02T04:34:11.434+0000] {logging_mixin.py:190} INFO - [2024-09-02T04:34:11.434+0000] {dag.py:3211} INFO - Sync 1 DAGs
[2024-09-02T04:34:11.471+0000] {logging_mixin.py:190} INFO - [2024-09-02T04:34:11.470+0000] {dag.py:4138} INFO - Setting next_dagrun for example_bash_decorator to None, run_after=None
[2024-09-02T04:34:11.515+0000] {processor.py:208} INFO - Processing /home/airflow/.local/lib/python3.12/site-packages/airflow/example_dags/example_bash_decorator.py took 0.198 seconds
[2024-09-02T04:34:51.039+0000] {processor.py:186} INFO - Started process (PID=1072) to work on /home/airflow/.local/lib/python3.12/site-packages/airflow/example_dags/example_bash_decorator.py
[2024-09-02T04:34:51.052+0000] {processor.py:914} INFO - Processing file /home/airflow/.local/lib/python3.12/site-packages/airflow/example_dags/example_bash_decorator.py for tasks to queue
[2024-09-02T04:34:51.068+0000] {logging_mixin.py:190} INFO - [2024-09-02T04:34:51.067+0000] {dagbag.py:587} INFO - Filling up the DagBag from /home/airflow/.local/lib/python3.12/site-packages/airflow/example_dags/example_bash_decorator.py
[2024-09-02T04:34:51.198+0000] {processor.py:925} INFO - DAG(s) 'example_bash_decorator' retrieved from /home/airflow/.local/lib/python3.12/site-packages/airflow/example_dags/example_bash_decorator.py
[2024-09-02T04:34:51.380+0000] {logging_mixin.py:190} INFO - [2024-09-02T04:34:51.376+0000] {dag.py:3211} INFO - Sync 1 DAGs
[2024-09-02T04:34:51.500+0000] {logging_mixin.py:190} INFO - [2024-09-02T04:34:51.499+0000] {dag.py:4138} INFO - Setting next_dagrun for example_bash_decorator to None, run_after=None
[2024-09-02T04:34:51.628+0000] {processor.py:208} INFO - Processing /home/airflow/.local/lib/python3.12/site-packages/airflow/example_dags/example_bash_decorator.py took 0.627 seconds
[2024-09-02T04:35:24.988+0000] {processor.py:186} INFO - Started process (PID=1135) to work on /home/airflow/.local/lib/python3.12/site-packages/airflow/example_dags/example_bash_decorator.py
[2024-09-02T04:35:24.990+0000] {processor.py:914} INFO - Processing file /home/airflow/.local/lib/python3.12/site-packages/airflow/example_dags/example_bash_decorator.py for tasks to queue
[2024-09-02T04:35:24.996+0000] {logging_mixin.py:190} INFO - [2024-09-02T04:35:24.995+0000] {dagbag.py:587} INFO - Filling up the DagBag from /home/airflow/.local/lib/python3.12/site-packages/airflow/example_dags/example_bash_decorator.py
[2024-09-02T04:35:25.110+0000] {processor.py:925} INFO - DAG(s) 'example_bash_decorator' retrieved from /home/airflow/.local/lib/python3.12/site-packages/airflow/example_dags/example_bash_decorator.py
[2024-09-02T04:35:25.233+0000] {logging_mixin.py:190} INFO - [2024-09-02T04:35:25.232+0000] {dag.py:3211} INFO - Sync 1 DAGs
[2024-09-02T04:35:25.335+0000] {logging_mixin.py:190} INFO - [2024-09-02T04:35:25.335+0000] {dag.py:4138} INFO - Setting next_dagrun for example_bash_decorator to None, run_after=None
[2024-09-02T04:35:25.451+0000] {processor.py:208} INFO - Processing /home/airflow/.local/lib/python3.12/site-packages/airflow/example_dags/example_bash_decorator.py took 0.485 seconds
[2024-09-02T04:35:55.853+0000] {processor.py:186} INFO - Started process (PID=1199) to work on /home/airflow/.local/lib/python3.12/site-packages/airflow/example_dags/example_bash_decorator.py
[2024-09-02T04:35:55.856+0000] {processor.py:914} INFO - Processing file /home/airflow/.local/lib/python3.12/site-packages/airflow/example_dags/example_bash_decorator.py for tasks to queue
[2024-09-02T04:35:55.863+0000] {logging_mixin.py:190} INFO - [2024-09-02T04:35:55.862+0000] {dagbag.py:587} INFO - Filling up the DagBag from /home/airflow/.local/lib/python3.12/site-packages/airflow/example_dags/example_bash_decorator.py
[2024-09-02T04:35:55.915+0000] {processor.py:925} INFO - DAG(s) 'example_bash_decorator' retrieved from /home/airflow/.local/lib/python3.12/site-packages/airflow/example_dags/example_bash_decorator.py
[2024-09-02T04:35:56.008+0000] {logging_mixin.py:190} INFO - [2024-09-02T04:35:56.008+0000] {dag.py:3211} INFO - Sync 1 DAGs
[2024-09-02T04:35:56.064+0000] {logging_mixin.py:190} INFO - [2024-09-02T04:35:56.063+0000] {dag.py:4138} INFO - Setting next_dagrun for example_bash_decorator to None, run_after=None
[2024-09-02T04:35:56.115+0000] {processor.py:208} INFO - Processing /home/airflow/.local/lib/python3.12/site-packages/airflow/example_dags/example_bash_decorator.py took 0.278 seconds
[2024-09-02T04:36:27.314+0000] {processor.py:186} INFO - Started process (PID=1262) to work on /home/airflow/.local/lib/python3.12/site-packages/airflow/example_dags/example_bash_decorator.py
[2024-09-02T04:36:27.316+0000] {processor.py:914} INFO - Processing file /home/airflow/.local/lib/python3.12/site-packages/airflow/example_dags/example_bash_decorator.py for tasks to queue
[2024-09-02T04:36:27.334+0000] {logging_mixin.py:190} INFO - [2024-09-02T04:36:27.333+0000] {dagbag.py:587} INFO - Filling up the DagBag from /home/airflow/.local/lib/python3.12/site-packages/airflow/example_dags/example_bash_decorator.py
[2024-09-02T04:36:27.412+0000] {processor.py:925} INFO - DAG(s) 'example_bash_decorator' retrieved from /home/airflow/.local/lib/python3.12/site-packages/airflow/example_dags/example_bash_decorator.py
[2024-09-02T04:36:27.551+0000] {logging_mixin.py:190} INFO - [2024-09-02T04:36:27.551+0000] {dag.py:3211} INFO - Sync 1 DAGs
[2024-09-02T04:36:27.645+0000] {logging_mixin.py:190} INFO - [2024-09-02T04:36:27.644+0000] {dag.py:4138} INFO - Setting next_dagrun for example_bash_decorator to None, run_after=None
[2024-09-02T04:36:27.773+0000] {processor.py:208} INFO - Processing /home/airflow/.local/lib/python3.12/site-packages/airflow/example_dags/example_bash_decorator.py took 0.485 seconds
[2024-09-02T04:36:57.911+0000] {processor.py:186} INFO - Started process (PID=1324) to work on /home/airflow/.local/lib/python3.12/site-packages/airflow/example_dags/example_bash_decorator.py
[2024-09-02T04:36:57.913+0000] {processor.py:914} INFO - Processing file /home/airflow/.local/lib/python3.12/site-packages/airflow/example_dags/example_bash_decorator.py for tasks to queue
[2024-09-02T04:36:57.919+0000] {logging_mixin.py:190} INFO - [2024-09-02T04:36:57.919+0000] {dagbag.py:587} INFO - Filling up the DagBag from /home/airflow/.local/lib/python3.12/site-packages/airflow/example_dags/example_bash_decorator.py
[2024-09-02T04:36:57.965+0000] {processor.py:925} INFO - DAG(s) 'example_bash_decorator' retrieved from /home/airflow/.local/lib/python3.12/site-packages/airflow/example_dags/example_bash_decorator.py
[2024-09-02T04:36:58.046+0000] {logging_mixin.py:190} INFO - [2024-09-02T04:36:58.046+0000] {dag.py:3211} INFO - Sync 1 DAGs
[2024-09-02T04:36:58.084+0000] {logging_mixin.py:190} INFO - [2024-09-02T04:36:58.083+0000] {dag.py:4138} INFO - Setting next_dagrun for example_bash_decorator to None, run_after=None
[2024-09-02T04:36:58.133+0000] {processor.py:208} INFO - Processing /home/airflow/.local/lib/python3.12/site-packages/airflow/example_dags/example_bash_decorator.py took 0.237 seconds
[2024-09-02T04:37:28.242+0000] {processor.py:186} INFO - Started process (PID=1388) to work on /home/airflow/.local/lib/python3.12/site-packages/airflow/example_dags/example_bash_decorator.py
[2024-09-02T04:37:28.245+0000] {processor.py:914} INFO - Processing file /home/airflow/.local/lib/python3.12/site-packages/airflow/example_dags/example_bash_decorator.py for tasks to queue
[2024-09-02T04:37:28.252+0000] {logging_mixin.py:190} INFO - [2024-09-02T04:37:28.251+0000] {dagbag.py:587} INFO - Filling up the DagBag from /home/airflow/.local/lib/python3.12/site-packages/airflow/example_dags/example_bash_decorator.py
[2024-09-02T04:37:28.290+0000] {processor.py:925} INFO - DAG(s) 'example_bash_decorator' retrieved from /home/airflow/.local/lib/python3.12/site-packages/airflow/example_dags/example_bash_decorator.py
[2024-09-02T04:37:28.338+0000] {logging_mixin.py:190} INFO - [2024-09-02T04:37:28.338+0000] {dag.py:3211} INFO - Sync 1 DAGs
[2024-09-02T04:37:28.369+0000] {logging_mixin.py:190} INFO - [2024-09-02T04:37:28.368+0000] {dag.py:4138} INFO - Setting next_dagrun for example_bash_decorator to None, run_after=None
[2024-09-02T04:37:28.402+0000] {processor.py:208} INFO - Processing /home/airflow/.local/lib/python3.12/site-packages/airflow/example_dags/example_bash_decorator.py took 0.174 seconds
[2024-09-02T04:37:59.374+0000] {processor.py:186} INFO - Started process (PID=1450) to work on /home/airflow/.local/lib/python3.12/site-packages/airflow/example_dags/example_bash_decorator.py
[2024-09-02T04:37:59.377+0000] {processor.py:914} INFO - Processing file /home/airflow/.local/lib/python3.12/site-packages/airflow/example_dags/example_bash_decorator.py for tasks to queue
[2024-09-02T04:37:59.384+0000] {logging_mixin.py:190} INFO - [2024-09-02T04:37:59.383+0000] {dagbag.py:587} INFO - Filling up the DagBag from /home/airflow/.local/lib/python3.12/site-packages/airflow/example_dags/example_bash_decorator.py
[2024-09-02T04:37:59.425+0000] {processor.py:925} INFO - DAG(s) 'example_bash_decorator' retrieved from /home/airflow/.local/lib/python3.12/site-packages/airflow/example_dags/example_bash_decorator.py
[2024-09-02T04:37:59.487+0000] {logging_mixin.py:190} INFO - [2024-09-02T04:37:59.487+0000] {dag.py:3211} INFO - Sync 1 DAGs
[2024-09-02T04:37:59.530+0000] {logging_mixin.py:190} INFO - [2024-09-02T04:37:59.530+0000] {dag.py:4138} INFO - Setting next_dagrun for example_bash_decorator to None, run_after=None
[2024-09-02T04:37:59.585+0000] {processor.py:208} INFO - Processing /home/airflow/.local/lib/python3.12/site-packages/airflow/example_dags/example_bash_decorator.py took 0.227 seconds
[2024-09-02T04:38:31.634+0000] {processor.py:186} INFO - Started process (PID=1514) to work on /home/airflow/.local/lib/python3.12/site-packages/airflow/example_dags/example_bash_decorator.py
[2024-09-02T04:38:31.643+0000] {processor.py:914} INFO - Processing file /home/airflow/.local/lib/python3.12/site-packages/airflow/example_dags/example_bash_decorator.py for tasks to queue
[2024-09-02T04:38:31.661+0000] {logging_mixin.py:190} INFO - [2024-09-02T04:38:31.660+0000] {dagbag.py:587} INFO - Filling up the DagBag from /home/airflow/.local/lib/python3.12/site-packages/airflow/example_dags/example_bash_decorator.py
[2024-09-02T04:38:31.766+0000] {processor.py:925} INFO - DAG(s) 'example_bash_decorator' retrieved from /home/airflow/.local/lib/python3.12/site-packages/airflow/example_dags/example_bash_decorator.py
[2024-09-02T04:38:31.938+0000] {logging_mixin.py:190} INFO - [2024-09-02T04:38:31.926+0000] {dag.py:3211} INFO - Sync 1 DAGs
[2024-09-02T04:38:32.073+0000] {logging_mixin.py:190} INFO - [2024-09-02T04:38:32.072+0000] {dag.py:4138} INFO - Setting next_dagrun for example_bash_decorator to None, run_after=None
[2024-09-02T04:38:32.182+0000] {processor.py:208} INFO - Processing /home/airflow/.local/lib/python3.12/site-packages/airflow/example_dags/example_bash_decorator.py took 0.587 seconds
[2024-09-02T04:39:03.329+0000] {processor.py:186} INFO - Started process (PID=1577) to work on /home/airflow/.local/lib/python3.12/site-packages/airflow/example_dags/example_bash_decorator.py
[2024-09-02T04:39:03.336+0000] {processor.py:914} INFO - Processing file /home/airflow/.local/lib/python3.12/site-packages/airflow/example_dags/example_bash_decorator.py for tasks to queue
[2024-09-02T04:39:03.346+0000] {logging_mixin.py:190} INFO - [2024-09-02T04:39:03.345+0000] {dagbag.py:587} INFO - Filling up the DagBag from /home/airflow/.local/lib/python3.12/site-packages/airflow/example_dags/example_bash_decorator.py
[2024-09-02T04:39:03.491+0000] {processor.py:925} INFO - DAG(s) 'example_bash_decorator' retrieved from /home/airflow/.local/lib/python3.12/site-packages/airflow/example_dags/example_bash_decorator.py
[2024-09-02T04:39:03.591+0000] {logging_mixin.py:190} INFO - [2024-09-02T04:39:03.582+0000] {dag.py:3211} INFO - Sync 1 DAGs
[2024-09-02T04:39:03.646+0000] {logging_mixin.py:190} INFO - [2024-09-02T04:39:03.646+0000] {dag.py:4138} INFO - Setting next_dagrun for example_bash_decorator to None, run_after=None
[2024-09-02T04:39:03.730+0000] {processor.py:208} INFO - Processing /home/airflow/.local/lib/python3.12/site-packages/airflow/example_dags/example_bash_decorator.py took 0.442 seconds
[2024-09-02T04:39:34.337+0000] {processor.py:186} INFO - Started process (PID=1640) to work on /home/airflow/.local/lib/python3.12/site-packages/airflow/example_dags/example_bash_decorator.py
[2024-09-02T04:39:34.340+0000] {processor.py:914} INFO - Processing file /home/airflow/.local/lib/python3.12/site-packages/airflow/example_dags/example_bash_decorator.py for tasks to queue
[2024-09-02T04:39:34.347+0000] {logging_mixin.py:190} INFO - [2024-09-02T04:39:34.346+0000] {dagbag.py:587} INFO - Filling up the DagBag from /home/airflow/.local/lib/python3.12/site-packages/airflow/example_dags/example_bash_decorator.py
[2024-09-02T04:39:34.402+0000] {processor.py:925} INFO - DAG(s) 'example_bash_decorator' retrieved from /home/airflow/.local/lib/python3.12/site-packages/airflow/example_dags/example_bash_decorator.py
[2024-09-02T04:39:34.477+0000] {logging_mixin.py:190} INFO - [2024-09-02T04:39:34.476+0000] {dag.py:3211} INFO - Sync 1 DAGs
[2024-09-02T04:39:34.523+0000] {logging_mixin.py:190} INFO - [2024-09-02T04:39:34.522+0000] {dag.py:4138} INFO - Setting next_dagrun for example_bash_decorator to None, run_after=None
[2024-09-02T04:39:34.568+0000] {processor.py:208} INFO - Processing /home/airflow/.local/lib/python3.12/site-packages/airflow/example_dags/example_bash_decorator.py took 0.253 seconds
[2024-09-02T04:40:05.112+0000] {processor.py:186} INFO - Started process (PID=1704) to work on /home/airflow/.local/lib/python3.12/site-packages/airflow/example_dags/example_bash_decorator.py
[2024-09-02T04:40:05.117+0000] {processor.py:914} INFO - Processing file /home/airflow/.local/lib/python3.12/site-packages/airflow/example_dags/example_bash_decorator.py for tasks to queue
[2024-09-02T04:40:05.123+0000] {logging_mixin.py:190} INFO - [2024-09-02T04:40:05.122+0000] {dagbag.py:587} INFO - Filling up the DagBag from /home/airflow/.local/lib/python3.12/site-packages/airflow/example_dags/example_bash_decorator.py
[2024-09-02T04:40:05.165+0000] {processor.py:925} INFO - DAG(s) 'example_bash_decorator' retrieved from /home/airflow/.local/lib/python3.12/site-packages/airflow/example_dags/example_bash_decorator.py
[2024-09-02T04:40:05.233+0000] {logging_mixin.py:190} INFO - [2024-09-02T04:40:05.232+0000] {dag.py:3211} INFO - Sync 1 DAGs
[2024-09-02T04:40:05.280+0000] {logging_mixin.py:190} INFO - [2024-09-02T04:40:05.280+0000] {dag.py:4138} INFO - Setting next_dagrun for example_bash_decorator to None, run_after=None
[2024-09-02T04:40:05.327+0000] {processor.py:208} INFO - Processing /home/airflow/.local/lib/python3.12/site-packages/airflow/example_dags/example_bash_decorator.py took 0.232 seconds
[2024-09-02T04:40:36.058+0000] {processor.py:186} INFO - Started process (PID=1766) to work on /home/airflow/.local/lib/python3.12/site-packages/airflow/example_dags/example_bash_decorator.py
[2024-09-02T04:40:36.060+0000] {processor.py:914} INFO - Processing file /home/airflow/.local/lib/python3.12/site-packages/airflow/example_dags/example_bash_decorator.py for tasks to queue
[2024-09-02T04:40:36.066+0000] {logging_mixin.py:190} INFO - [2024-09-02T04:40:36.065+0000] {dagbag.py:587} INFO - Filling up the DagBag from /home/airflow/.local/lib/python3.12/site-packages/airflow/example_dags/example_bash_decorator.py
[2024-09-02T04:40:36.105+0000] {processor.py:925} INFO - DAG(s) 'example_bash_decorator' retrieved from /home/airflow/.local/lib/python3.12/site-packages/airflow/example_dags/example_bash_decorator.py
[2024-09-02T04:40:36.163+0000] {logging_mixin.py:190} INFO - [2024-09-02T04:40:36.162+0000] {dag.py:3211} INFO - Sync 1 DAGs
[2024-09-02T04:40:36.203+0000] {logging_mixin.py:190} INFO - [2024-09-02T04:40:36.202+0000] {dag.py:4138} INFO - Setting next_dagrun for example_bash_decorator to None, run_after=None
[2024-09-02T04:40:36.246+0000] {processor.py:208} INFO - Processing /home/airflow/.local/lib/python3.12/site-packages/airflow/example_dags/example_bash_decorator.py took 0.202 seconds
[2024-09-02T04:41:07.161+0000] {processor.py:186} INFO - Started process (PID=1828) to work on /home/airflow/.local/lib/python3.12/site-packages/airflow/example_dags/example_bash_decorator.py
[2024-09-02T04:41:07.163+0000] {processor.py:914} INFO - Processing file /home/airflow/.local/lib/python3.12/site-packages/airflow/example_dags/example_bash_decorator.py for tasks to queue
[2024-09-02T04:41:07.168+0000] {logging_mixin.py:190} INFO - [2024-09-02T04:41:07.168+0000] {dagbag.py:587} INFO - Filling up the DagBag from /home/airflow/.local/lib/python3.12/site-packages/airflow/example_dags/example_bash_decorator.py
[2024-09-02T04:41:07.205+0000] {processor.py:925} INFO - DAG(s) 'example_bash_decorator' retrieved from /home/airflow/.local/lib/python3.12/site-packages/airflow/example_dags/example_bash_decorator.py
[2024-09-02T04:41:07.255+0000] {logging_mixin.py:190} INFO - [2024-09-02T04:41:07.255+0000] {dag.py:3211} INFO - Sync 1 DAGs
[2024-09-02T04:41:07.290+0000] {logging_mixin.py:190} INFO - [2024-09-02T04:41:07.290+0000] {dag.py:4138} INFO - Setting next_dagrun for example_bash_decorator to None, run_after=None
[2024-09-02T04:41:07.330+0000] {processor.py:208} INFO - Processing /home/airflow/.local/lib/python3.12/site-packages/airflow/example_dags/example_bash_decorator.py took 0.181 seconds
[2024-09-02T04:41:38.217+0000] {processor.py:186} INFO - Started process (PID=1891) to work on /home/airflow/.local/lib/python3.12/site-packages/airflow/example_dags/example_bash_decorator.py
[2024-09-02T04:41:38.225+0000] {processor.py:914} INFO - Processing file /home/airflow/.local/lib/python3.12/site-packages/airflow/example_dags/example_bash_decorator.py for tasks to queue
[2024-09-02T04:41:38.233+0000] {logging_mixin.py:190} INFO - [2024-09-02T04:41:38.232+0000] {dagbag.py:587} INFO - Filling up the DagBag from /home/airflow/.local/lib/python3.12/site-packages/airflow/example_dags/example_bash_decorator.py
[2024-09-02T04:41:38.286+0000] {processor.py:925} INFO - DAG(s) 'example_bash_decorator' retrieved from /home/airflow/.local/lib/python3.12/site-packages/airflow/example_dags/example_bash_decorator.py
[2024-09-02T04:41:38.368+0000] {logging_mixin.py:190} INFO - [2024-09-02T04:41:38.368+0000] {dag.py:3211} INFO - Sync 1 DAGs
[2024-09-02T04:41:38.422+0000] {logging_mixin.py:190} INFO - [2024-09-02T04:41:38.417+0000] {dag.py:4138} INFO - Setting next_dagrun for example_bash_decorator to None, run_after=None
[2024-09-02T04:41:38.503+0000] {processor.py:208} INFO - Processing /home/airflow/.local/lib/python3.12/site-packages/airflow/example_dags/example_bash_decorator.py took 0.328 seconds
[2024-09-02T04:42:08.659+0000] {processor.py:186} INFO - Started process (PID=1954) to work on /home/airflow/.local/lib/python3.12/site-packages/airflow/example_dags/example_bash_decorator.py
[2024-09-02T04:42:08.661+0000] {processor.py:914} INFO - Processing file /home/airflow/.local/lib/python3.12/site-packages/airflow/example_dags/example_bash_decorator.py for tasks to queue
[2024-09-02T04:42:08.676+0000] {logging_mixin.py:190} INFO - [2024-09-02T04:42:08.672+0000] {dagbag.py:587} INFO - Filling up the DagBag from /home/airflow/.local/lib/python3.12/site-packages/airflow/example_dags/example_bash_decorator.py
[2024-09-02T04:42:08.712+0000] {processor.py:925} INFO - DAG(s) 'example_bash_decorator' retrieved from /home/airflow/.local/lib/python3.12/site-packages/airflow/example_dags/example_bash_decorator.py
[2024-09-02T04:42:08.765+0000] {logging_mixin.py:190} INFO - [2024-09-02T04:42:08.764+0000] {dag.py:3211} INFO - Sync 1 DAGs
[2024-09-02T04:42:08.798+0000] {logging_mixin.py:190} INFO - [2024-09-02T04:42:08.798+0000] {dag.py:4138} INFO - Setting next_dagrun for example_bash_decorator to None, run_after=None
[2024-09-02T04:42:08.849+0000] {processor.py:208} INFO - Processing /home/airflow/.local/lib/python3.12/site-packages/airflow/example_dags/example_bash_decorator.py took 0.206 seconds
[2024-09-02T04:42:39.232+0000] {processor.py:186} INFO - Started process (PID=2017) to work on /home/airflow/.local/lib/python3.12/site-packages/airflow/example_dags/example_bash_decorator.py
[2024-09-02T04:42:39.235+0000] {processor.py:914} INFO - Processing file /home/airflow/.local/lib/python3.12/site-packages/airflow/example_dags/example_bash_decorator.py for tasks to queue
[2024-09-02T04:42:39.240+0000] {logging_mixin.py:190} INFO - [2024-09-02T04:42:39.240+0000] {dagbag.py:587} INFO - Filling up the DagBag from /home/airflow/.local/lib/python3.12/site-packages/airflow/example_dags/example_bash_decorator.py
[2024-09-02T04:42:39.274+0000] {processor.py:925} INFO - DAG(s) 'example_bash_decorator' retrieved from /home/airflow/.local/lib/python3.12/site-packages/airflow/example_dags/example_bash_decorator.py
[2024-09-02T04:42:39.335+0000] {logging_mixin.py:190} INFO - [2024-09-02T04:42:39.332+0000] {dag.py:3211} INFO - Sync 1 DAGs
[2024-09-02T04:42:39.372+0000] {logging_mixin.py:190} INFO - [2024-09-02T04:42:39.371+0000] {dag.py:4138} INFO - Setting next_dagrun for example_bash_decorator to None, run_after=None
[2024-09-02T04:42:39.412+0000] {processor.py:208} INFO - Processing /home/airflow/.local/lib/python3.12/site-packages/airflow/example_dags/example_bash_decorator.py took 0.193 seconds
[2024-09-02T04:43:10.157+0000] {processor.py:186} INFO - Started process (PID=2080) to work on /home/airflow/.local/lib/python3.12/site-packages/airflow/example_dags/example_bash_decorator.py
[2024-09-02T04:43:10.159+0000] {processor.py:914} INFO - Processing file /home/airflow/.local/lib/python3.12/site-packages/airflow/example_dags/example_bash_decorator.py for tasks to queue
[2024-09-02T04:43:10.164+0000] {logging_mixin.py:190} INFO - [2024-09-02T04:43:10.164+0000] {dagbag.py:587} INFO - Filling up the DagBag from /home/airflow/.local/lib/python3.12/site-packages/airflow/example_dags/example_bash_decorator.py
[2024-09-02T04:43:10.197+0000] {processor.py:925} INFO - DAG(s) 'example_bash_decorator' retrieved from /home/airflow/.local/lib/python3.12/site-packages/airflow/example_dags/example_bash_decorator.py
[2024-09-02T04:43:10.248+0000] {logging_mixin.py:190} INFO - [2024-09-02T04:43:10.248+0000] {dag.py:3211} INFO - Sync 1 DAGs
[2024-09-02T04:43:10.282+0000] {logging_mixin.py:190} INFO - [2024-09-02T04:43:10.281+0000] {dag.py:4138} INFO - Setting next_dagrun for example_bash_decorator to None, run_after=None
[2024-09-02T04:43:10.329+0000] {processor.py:208} INFO - Processing /home/airflow/.local/lib/python3.12/site-packages/airflow/example_dags/example_bash_decorator.py took 0.185 seconds
[2024-09-02T04:43:40.832+0000] {processor.py:186} INFO - Started process (PID=2143) to work on /home/airflow/.local/lib/python3.12/site-packages/airflow/example_dags/example_bash_decorator.py
[2024-09-02T04:43:40.835+0000] {processor.py:914} INFO - Processing file /home/airflow/.local/lib/python3.12/site-packages/airflow/example_dags/example_bash_decorator.py for tasks to queue
[2024-09-02T04:43:40.841+0000] {logging_mixin.py:190} INFO - [2024-09-02T04:43:40.840+0000] {dagbag.py:587} INFO - Filling up the DagBag from /home/airflow/.local/lib/python3.12/site-packages/airflow/example_dags/example_bash_decorator.py
[2024-09-02T04:43:40.872+0000] {processor.py:925} INFO - DAG(s) 'example_bash_decorator' retrieved from /home/airflow/.local/lib/python3.12/site-packages/airflow/example_dags/example_bash_decorator.py
[2024-09-02T04:43:40.924+0000] {logging_mixin.py:190} INFO - [2024-09-02T04:43:40.923+0000] {dag.py:3211} INFO - Sync 1 DAGs
[2024-09-02T04:43:40.956+0000] {logging_mixin.py:190} INFO - [2024-09-02T04:43:40.956+0000] {dag.py:4138} INFO - Setting next_dagrun for example_bash_decorator to None, run_after=None
[2024-09-02T04:43:40.996+0000] {processor.py:208} INFO - Processing /home/airflow/.local/lib/python3.12/site-packages/airflow/example_dags/example_bash_decorator.py took 0.182 seconds
[2024-09-02T04:44:11.338+0000] {processor.py:186} INFO - Started process (PID=2206) to work on /home/airflow/.local/lib/python3.12/site-packages/airflow/example_dags/example_bash_decorator.py
[2024-09-02T04:44:11.340+0000] {processor.py:914} INFO - Processing file /home/airflow/.local/lib/python3.12/site-packages/airflow/example_dags/example_bash_decorator.py for tasks to queue
[2024-09-02T04:44:11.345+0000] {logging_mixin.py:190} INFO - [2024-09-02T04:44:11.344+0000] {dagbag.py:587} INFO - Filling up the DagBag from /home/airflow/.local/lib/python3.12/site-packages/airflow/example_dags/example_bash_decorator.py
[2024-09-02T04:44:11.376+0000] {processor.py:925} INFO - DAG(s) 'example_bash_decorator' retrieved from /home/airflow/.local/lib/python3.12/site-packages/airflow/example_dags/example_bash_decorator.py
[2024-09-02T04:44:11.422+0000] {logging_mixin.py:190} INFO - [2024-09-02T04:44:11.421+0000] {dag.py:3211} INFO - Sync 1 DAGs
[2024-09-02T04:44:11.457+0000] {logging_mixin.py:190} INFO - [2024-09-02T04:44:11.457+0000] {dag.py:4138} INFO - Setting next_dagrun for example_bash_decorator to None, run_after=None
[2024-09-02T04:44:11.514+0000] {processor.py:208} INFO - Processing /home/airflow/.local/lib/python3.12/site-packages/airflow/example_dags/example_bash_decorator.py took 0.188 seconds
[2024-09-02T04:44:42.213+0000] {processor.py:186} INFO - Started process (PID=2275) to work on /home/airflow/.local/lib/python3.12/site-packages/airflow/example_dags/example_bash_decorator.py
[2024-09-02T04:44:42.215+0000] {processor.py:914} INFO - Processing file /home/airflow/.local/lib/python3.12/site-packages/airflow/example_dags/example_bash_decorator.py for tasks to queue
[2024-09-02T04:44:42.224+0000] {logging_mixin.py:190} INFO - [2024-09-02T04:44:42.223+0000] {dagbag.py:587} INFO - Filling up the DagBag from /home/airflow/.local/lib/python3.12/site-packages/airflow/example_dags/example_bash_decorator.py
[2024-09-02T04:44:42.271+0000] {processor.py:925} INFO - DAG(s) 'example_bash_decorator' retrieved from /home/airflow/.local/lib/python3.12/site-packages/airflow/example_dags/example_bash_decorator.py
[2024-09-02T04:44:42.333+0000] {logging_mixin.py:190} INFO - [2024-09-02T04:44:42.333+0000] {dag.py:3211} INFO - Sync 1 DAGs
[2024-09-02T04:44:42.370+0000] {logging_mixin.py:190} INFO - [2024-09-02T04:44:42.369+0000] {dag.py:4138} INFO - Setting next_dagrun for example_bash_decorator to None, run_after=None
[2024-09-02T04:44:42.417+0000] {processor.py:208} INFO - Processing /home/airflow/.local/lib/python3.12/site-packages/airflow/example_dags/example_bash_decorator.py took 0.222 seconds
[2024-09-02T04:45:12.838+0000] {processor.py:186} INFO - Started process (PID=2338) to work on /home/airflow/.local/lib/python3.12/site-packages/airflow/example_dags/example_bash_decorator.py
[2024-09-02T04:45:12.841+0000] {processor.py:914} INFO - Processing file /home/airflow/.local/lib/python3.12/site-packages/airflow/example_dags/example_bash_decorator.py for tasks to queue
[2024-09-02T04:45:12.846+0000] {logging_mixin.py:190} INFO - [2024-09-02T04:45:12.845+0000] {dagbag.py:587} INFO - Filling up the DagBag from /home/airflow/.local/lib/python3.12/site-packages/airflow/example_dags/example_bash_decorator.py
[2024-09-02T04:45:12.879+0000] {processor.py:925} INFO - DAG(s) 'example_bash_decorator' retrieved from /home/airflow/.local/lib/python3.12/site-packages/airflow/example_dags/example_bash_decorator.py
[2024-09-02T04:45:12.936+0000] {logging_mixin.py:190} INFO - [2024-09-02T04:45:12.936+0000] {dag.py:3211} INFO - Sync 1 DAGs
[2024-09-02T04:45:12.971+0000] {logging_mixin.py:190} INFO - [2024-09-02T04:45:12.971+0000] {dag.py:4138} INFO - Setting next_dagrun for example_bash_decorator to None, run_after=None
[2024-09-02T04:45:13.011+0000] {processor.py:208} INFO - Processing /home/airflow/.local/lib/python3.12/site-packages/airflow/example_dags/example_bash_decorator.py took 0.187 seconds
[2024-09-02T04:45:43.303+0000] {processor.py:186} INFO - Started process (PID=2402) to work on /home/airflow/.local/lib/python3.12/site-packages/airflow/example_dags/example_bash_decorator.py
[2024-09-02T04:45:43.306+0000] {processor.py:914} INFO - Processing file /home/airflow/.local/lib/python3.12/site-packages/airflow/example_dags/example_bash_decorator.py for tasks to queue
[2024-09-02T04:45:43.312+0000] {logging_mixin.py:190} INFO - [2024-09-02T04:45:43.311+0000] {dagbag.py:587} INFO - Filling up the DagBag from /home/airflow/.local/lib/python3.12/site-packages/airflow/example_dags/example_bash_decorator.py
[2024-09-02T04:45:43.349+0000] {processor.py:925} INFO - DAG(s) 'example_bash_decorator' retrieved from /home/airflow/.local/lib/python3.12/site-packages/airflow/example_dags/example_bash_decorator.py
[2024-09-02T04:45:43.421+0000] {logging_mixin.py:190} INFO - [2024-09-02T04:45:43.421+0000] {dag.py:3211} INFO - Sync 1 DAGs
[2024-09-02T04:45:43.500+0000] {logging_mixin.py:190} INFO - [2024-09-02T04:45:43.499+0000] {dag.py:4138} INFO - Setting next_dagrun for example_bash_decorator to None, run_after=None
[2024-09-02T04:45:43.553+0000] {processor.py:208} INFO - Processing /home/airflow/.local/lib/python3.12/site-packages/airflow/example_dags/example_bash_decorator.py took 0.264 seconds
[2024-09-02T04:46:13.699+0000] {processor.py:186} INFO - Started process (PID=2466) to work on /home/airflow/.local/lib/python3.12/site-packages/airflow/example_dags/example_bash_decorator.py
[2024-09-02T04:46:13.701+0000] {processor.py:914} INFO - Processing file /home/airflow/.local/lib/python3.12/site-packages/airflow/example_dags/example_bash_decorator.py for tasks to queue
[2024-09-02T04:46:13.707+0000] {logging_mixin.py:190} INFO - [2024-09-02T04:46:13.706+0000] {dagbag.py:587} INFO - Filling up the DagBag from /home/airflow/.local/lib/python3.12/site-packages/airflow/example_dags/example_bash_decorator.py
[2024-09-02T04:46:13.737+0000] {processor.py:925} INFO - DAG(s) 'example_bash_decorator' retrieved from /home/airflow/.local/lib/python3.12/site-packages/airflow/example_dags/example_bash_decorator.py
[2024-09-02T04:46:13.785+0000] {logging_mixin.py:190} INFO - [2024-09-02T04:46:13.784+0000] {dag.py:3211} INFO - Sync 1 DAGs
[2024-09-02T04:46:13.817+0000] {logging_mixin.py:190} INFO - [2024-09-02T04:46:13.817+0000] {dag.py:4138} INFO - Setting next_dagrun for example_bash_decorator to None, run_after=None
[2024-09-02T04:46:13.857+0000] {processor.py:208} INFO - Processing /home/airflow/.local/lib/python3.12/site-packages/airflow/example_dags/example_bash_decorator.py took 0.170 seconds
[2024-09-02T04:46:44.961+0000] {processor.py:186} INFO - Started process (PID=2529) to work on /home/airflow/.local/lib/python3.12/site-packages/airflow/example_dags/example_bash_decorator.py
[2024-09-02T04:46:44.974+0000] {processor.py:914} INFO - Processing file /home/airflow/.local/lib/python3.12/site-packages/airflow/example_dags/example_bash_decorator.py for tasks to queue
[2024-09-02T04:46:44.981+0000] {logging_mixin.py:190} INFO - [2024-09-02T04:46:44.980+0000] {dagbag.py:587} INFO - Filling up the DagBag from /home/airflow/.local/lib/python3.12/site-packages/airflow/example_dags/example_bash_decorator.py
[2024-09-02T04:46:45.082+0000] {processor.py:925} INFO - DAG(s) 'example_bash_decorator' retrieved from /home/airflow/.local/lib/python3.12/site-packages/airflow/example_dags/example_bash_decorator.py
[2024-09-02T04:46:45.198+0000] {logging_mixin.py:190} INFO - [2024-09-02T04:46:45.197+0000] {dag.py:3211} INFO - Sync 1 DAGs
[2024-09-02T04:46:45.289+0000] {logging_mixin.py:190} INFO - [2024-09-02T04:46:45.288+0000] {dag.py:4138} INFO - Setting next_dagrun for example_bash_decorator to None, run_after=None
[2024-09-02T04:46:45.353+0000] {processor.py:208} INFO - Processing /home/airflow/.local/lib/python3.12/site-packages/airflow/example_dags/example_bash_decorator.py took 0.417 seconds
