[2024-09-02T04:14:08.475+0000] {processor.py:186} INFO - Started process (PID=139) to work on /home/airflow/.local/lib/python3.12/site-packages/airflow/example_dags/example_external_task_marker_dag.py
[2024-09-02T04:14:08.480+0000] {processor.py:914} INFO - Processing file /home/airflow/.local/lib/python3.12/site-packages/airflow/example_dags/example_external_task_marker_dag.py for tasks to queue
[2024-09-02T04:14:08.494+0000] {logging_mixin.py:190} INFO - [2024-09-02T04:14:08.493+0000] {dagbag.py:587} INFO - Filling up the DagBag from /home/airflow/.local/lib/python3.12/site-packages/airflow/example_dags/example_external_task_marker_dag.py
[2024-09-02T04:14:08.547+0000] {processor.py:925} INFO - DAG(s) 'example_external_task_marker_parent', 'example_external_task_marker_child' retrieved from /home/airflow/.local/lib/python3.12/site-packages/airflow/example_dags/example_external_task_marker_dag.py
[2024-09-02T04:14:08.846+0000] {logging_mixin.py:190} INFO - [2024-09-02T04:14:08.844+0000] {override.py:1858} INFO - Created Permission View: can read on DAG:example_external_task_marker_parent
[2024-09-02T04:14:08.872+0000] {logging_mixin.py:190} INFO - [2024-09-02T04:14:08.871+0000] {override.py:1858} INFO - Created Permission View: can delete on DAG:example_external_task_marker_parent
[2024-09-02T04:14:08.888+0000] {logging_mixin.py:190} INFO - [2024-09-02T04:14:08.887+0000] {override.py:1858} INFO - Created Permission View: can edit on DAG:example_external_task_marker_parent
[2024-09-02T04:14:08.929+0000] {logging_mixin.py:190} INFO - [2024-09-02T04:14:08.928+0000] {override.py:1858} INFO - Created Permission View: can read on DAG:example_external_task_marker_child
[2024-09-02T04:14:08.952+0000] {logging_mixin.py:190} INFO - [2024-09-02T04:14:08.951+0000] {override.py:1858} INFO - Created Permission View: can delete on DAG:example_external_task_marker_child
[2024-09-02T04:14:08.976+0000] {logging_mixin.py:190} INFO - [2024-09-02T04:14:08.975+0000] {override.py:1858} INFO - Created Permission View: can edit on DAG:example_external_task_marker_child
[2024-09-02T04:14:08.977+0000] {logging_mixin.py:190} INFO - [2024-09-02T04:14:08.977+0000] {dag.py:3211} INFO - Sync 2 DAGs
[2024-09-02T04:14:09.022+0000] {logging_mixin.py:190} INFO - [2024-09-02T04:14:09.021+0000] {dag.py:3234} INFO - Creating ORM DAG for example_external_task_marker_parent
[2024-09-02T04:14:09.024+0000] {logging_mixin.py:190} INFO - [2024-09-02T04:14:09.023+0000] {dag.py:3234} INFO - Creating ORM DAG for example_external_task_marker_child
[2024-09-02T04:14:09.027+0000] {logging_mixin.py:190} INFO - [2024-09-02T04:14:09.025+0000] {dag.py:4138} INFO - Setting next_dagrun for example_external_task_marker_child to None, run_after=None
[2024-09-02T04:14:09.032+0000] {logging_mixin.py:190} INFO - [2024-09-02T04:14:09.032+0000] {dag.py:4138} INFO - Setting next_dagrun for example_external_task_marker_parent to None, run_after=None
[2024-09-02T04:14:09.092+0000] {processor.py:208} INFO - Processing /home/airflow/.local/lib/python3.12/site-packages/airflow/example_dags/example_external_task_marker_dag.py took 0.639 seconds
[2024-09-02T04:14:39.818+0000] {processor.py:186} INFO - Started process (PID=202) to work on /home/airflow/.local/lib/python3.12/site-packages/airflow/example_dags/example_external_task_marker_dag.py
[2024-09-02T04:14:39.822+0000] {processor.py:914} INFO - Processing file /home/airflow/.local/lib/python3.12/site-packages/airflow/example_dags/example_external_task_marker_dag.py for tasks to queue
[2024-09-02T04:14:39.828+0000] {logging_mixin.py:190} INFO - [2024-09-02T04:14:39.827+0000] {dagbag.py:587} INFO - Filling up the DagBag from /home/airflow/.local/lib/python3.12/site-packages/airflow/example_dags/example_external_task_marker_dag.py
[2024-09-02T04:14:39.848+0000] {processor.py:925} INFO - DAG(s) 'example_external_task_marker_child', 'example_external_task_marker_parent' retrieved from /home/airflow/.local/lib/python3.12/site-packages/airflow/example_dags/example_external_task_marker_dag.py
[2024-09-02T04:14:39.914+0000] {logging_mixin.py:190} INFO - [2024-09-02T04:14:39.914+0000] {dag.py:3211} INFO - Sync 2 DAGs
[2024-09-02T04:14:39.953+0000] {logging_mixin.py:190} INFO - [2024-09-02T04:14:39.952+0000] {dag.py:4138} INFO - Setting next_dagrun for example_external_task_marker_child to None, run_after=None
[2024-09-02T04:14:39.961+0000] {logging_mixin.py:190} INFO - [2024-09-02T04:14:39.960+0000] {dag.py:4138} INFO - Setting next_dagrun for example_external_task_marker_parent to None, run_after=None
[2024-09-02T04:14:40.007+0000] {processor.py:208} INFO - Processing /home/airflow/.local/lib/python3.12/site-packages/airflow/example_dags/example_external_task_marker_dag.py took 0.204 seconds
[2024-09-02T04:15:10.638+0000] {processor.py:186} INFO - Started process (PID=265) to work on /home/airflow/.local/lib/python3.12/site-packages/airflow/example_dags/example_external_task_marker_dag.py
[2024-09-02T04:15:10.640+0000] {processor.py:914} INFO - Processing file /home/airflow/.local/lib/python3.12/site-packages/airflow/example_dags/example_external_task_marker_dag.py for tasks to queue
[2024-09-02T04:15:10.646+0000] {logging_mixin.py:190} INFO - [2024-09-02T04:15:10.645+0000] {dagbag.py:587} INFO - Filling up the DagBag from /home/airflow/.local/lib/python3.12/site-packages/airflow/example_dags/example_external_task_marker_dag.py
[2024-09-02T04:15:10.663+0000] {processor.py:925} INFO - DAG(s) 'example_external_task_marker_parent', 'example_external_task_marker_child' retrieved from /home/airflow/.local/lib/python3.12/site-packages/airflow/example_dags/example_external_task_marker_dag.py
[2024-09-02T04:15:10.715+0000] {logging_mixin.py:190} INFO - [2024-09-02T04:15:10.715+0000] {dag.py:3211} INFO - Sync 2 DAGs
[2024-09-02T04:15:10.750+0000] {logging_mixin.py:190} INFO - [2024-09-02T04:15:10.750+0000] {dag.py:4138} INFO - Setting next_dagrun for example_external_task_marker_child to None, run_after=None
[2024-09-02T04:15:10.758+0000] {logging_mixin.py:190} INFO - [2024-09-02T04:15:10.758+0000] {dag.py:4138} INFO - Setting next_dagrun for example_external_task_marker_parent to None, run_after=None
[2024-09-02T04:15:10.795+0000] {processor.py:208} INFO - Processing /home/airflow/.local/lib/python3.12/site-packages/airflow/example_dags/example_external_task_marker_dag.py took 0.169 seconds
[2024-09-02T04:15:41.272+0000] {processor.py:186} INFO - Started process (PID=328) to work on /home/airflow/.local/lib/python3.12/site-packages/airflow/example_dags/example_external_task_marker_dag.py
[2024-09-02T04:15:41.275+0000] {processor.py:914} INFO - Processing file /home/airflow/.local/lib/python3.12/site-packages/airflow/example_dags/example_external_task_marker_dag.py for tasks to queue
[2024-09-02T04:15:41.281+0000] {logging_mixin.py:190} INFO - [2024-09-02T04:15:41.280+0000] {dagbag.py:587} INFO - Filling up the DagBag from /home/airflow/.local/lib/python3.12/site-packages/airflow/example_dags/example_external_task_marker_dag.py
[2024-09-02T04:15:41.323+0000] {processor.py:925} INFO - DAG(s) 'example_external_task_marker_child', 'example_external_task_marker_parent' retrieved from /home/airflow/.local/lib/python3.12/site-packages/airflow/example_dags/example_external_task_marker_dag.py
[2024-09-02T04:15:41.407+0000] {logging_mixin.py:190} INFO - [2024-09-02T04:15:41.406+0000] {dag.py:3211} INFO - Sync 2 DAGs
[2024-09-02T04:15:41.477+0000] {logging_mixin.py:190} INFO - [2024-09-02T04:15:41.477+0000] {dag.py:4138} INFO - Setting next_dagrun for example_external_task_marker_child to None, run_after=None
[2024-09-02T04:15:41.495+0000] {logging_mixin.py:190} INFO - [2024-09-02T04:15:41.495+0000] {dag.py:4138} INFO - Setting next_dagrun for example_external_task_marker_parent to None, run_after=None
[2024-09-02T04:15:41.544+0000] {processor.py:208} INFO - Processing /home/airflow/.local/lib/python3.12/site-packages/airflow/example_dags/example_external_task_marker_dag.py took 0.291 seconds
[2024-09-02T04:16:12.236+0000] {processor.py:186} INFO - Started process (PID=391) to work on /home/airflow/.local/lib/python3.12/site-packages/airflow/example_dags/example_external_task_marker_dag.py
[2024-09-02T04:16:12.254+0000] {processor.py:914} INFO - Processing file /home/airflow/.local/lib/python3.12/site-packages/airflow/example_dags/example_external_task_marker_dag.py for tasks to queue
[2024-09-02T04:16:12.289+0000] {logging_mixin.py:190} INFO - [2024-09-02T04:16:12.288+0000] {dagbag.py:587} INFO - Filling up the DagBag from /home/airflow/.local/lib/python3.12/site-packages/airflow/example_dags/example_external_task_marker_dag.py
[2024-09-02T04:16:12.339+0000] {processor.py:925} INFO - DAG(s) 'example_external_task_marker_child', 'example_external_task_marker_parent' retrieved from /home/airflow/.local/lib/python3.12/site-packages/airflow/example_dags/example_external_task_marker_dag.py
[2024-09-02T04:16:12.411+0000] {logging_mixin.py:190} INFO - [2024-09-02T04:16:12.411+0000] {dag.py:3211} INFO - Sync 2 DAGs
[2024-09-02T04:16:12.450+0000] {logging_mixin.py:190} INFO - [2024-09-02T04:16:12.449+0000] {dag.py:4138} INFO - Setting next_dagrun for example_external_task_marker_child to None, run_after=None
[2024-09-02T04:16:12.467+0000] {logging_mixin.py:190} INFO - [2024-09-02T04:16:12.466+0000] {dag.py:4138} INFO - Setting next_dagrun for example_external_task_marker_parent to None, run_after=None
[2024-09-02T04:16:12.522+0000] {processor.py:208} INFO - Processing /home/airflow/.local/lib/python3.12/site-packages/airflow/example_dags/example_external_task_marker_dag.py took 0.320 seconds
[2024-09-02T04:16:42.778+0000] {processor.py:186} INFO - Started process (PID=454) to work on /home/airflow/.local/lib/python3.12/site-packages/airflow/example_dags/example_external_task_marker_dag.py
[2024-09-02T04:16:42.780+0000] {processor.py:914} INFO - Processing file /home/airflow/.local/lib/python3.12/site-packages/airflow/example_dags/example_external_task_marker_dag.py for tasks to queue
[2024-09-02T04:16:42.787+0000] {logging_mixin.py:190} INFO - [2024-09-02T04:16:42.785+0000] {dagbag.py:587} INFO - Filling up the DagBag from /home/airflow/.local/lib/python3.12/site-packages/airflow/example_dags/example_external_task_marker_dag.py
[2024-09-02T04:16:42.807+0000] {processor.py:925} INFO - DAG(s) 'example_external_task_marker_child', 'example_external_task_marker_parent' retrieved from /home/airflow/.local/lib/python3.12/site-packages/airflow/example_dags/example_external_task_marker_dag.py
[2024-09-02T04:16:42.867+0000] {logging_mixin.py:190} INFO - [2024-09-02T04:16:42.867+0000] {dag.py:3211} INFO - Sync 2 DAGs
[2024-09-02T04:16:42.899+0000] {logging_mixin.py:190} INFO - [2024-09-02T04:16:42.898+0000] {dag.py:4138} INFO - Setting next_dagrun for example_external_task_marker_child to None, run_after=None
[2024-09-02T04:16:42.907+0000] {logging_mixin.py:190} INFO - [2024-09-02T04:16:42.907+0000] {dag.py:4138} INFO - Setting next_dagrun for example_external_task_marker_parent to None, run_after=None
[2024-09-02T04:16:42.941+0000] {processor.py:208} INFO - Processing /home/airflow/.local/lib/python3.12/site-packages/airflow/example_dags/example_external_task_marker_dag.py took 0.177 seconds
[2024-09-02T04:17:13.271+0000] {processor.py:186} INFO - Started process (PID=517) to work on /home/airflow/.local/lib/python3.12/site-packages/airflow/example_dags/example_external_task_marker_dag.py
[2024-09-02T04:17:13.273+0000] {processor.py:914} INFO - Processing file /home/airflow/.local/lib/python3.12/site-packages/airflow/example_dags/example_external_task_marker_dag.py for tasks to queue
[2024-09-02T04:17:13.287+0000] {logging_mixin.py:190} INFO - [2024-09-02T04:17:13.286+0000] {dagbag.py:587} INFO - Filling up the DagBag from /home/airflow/.local/lib/python3.12/site-packages/airflow/example_dags/example_external_task_marker_dag.py
[2024-09-02T04:17:13.324+0000] {processor.py:925} INFO - DAG(s) 'example_external_task_marker_child', 'example_external_task_marker_parent' retrieved from /home/airflow/.local/lib/python3.12/site-packages/airflow/example_dags/example_external_task_marker_dag.py
[2024-09-02T04:17:13.396+0000] {logging_mixin.py:190} INFO - [2024-09-02T04:17:13.395+0000] {dag.py:3211} INFO - Sync 2 DAGs
[2024-09-02T04:17:13.430+0000] {logging_mixin.py:190} INFO - [2024-09-02T04:17:13.430+0000] {dag.py:4138} INFO - Setting next_dagrun for example_external_task_marker_child to None, run_after=None
[2024-09-02T04:17:13.439+0000] {logging_mixin.py:190} INFO - [2024-09-02T04:17:13.438+0000] {dag.py:4138} INFO - Setting next_dagrun for example_external_task_marker_parent to None, run_after=None
[2024-09-02T04:17:13.475+0000] {processor.py:208} INFO - Processing /home/airflow/.local/lib/python3.12/site-packages/airflow/example_dags/example_external_task_marker_dag.py took 0.228 seconds
[2024-09-02T04:17:44.104+0000] {processor.py:186} INFO - Started process (PID=581) to work on /home/airflow/.local/lib/python3.12/site-packages/airflow/example_dags/example_external_task_marker_dag.py
[2024-09-02T04:17:44.106+0000] {processor.py:914} INFO - Processing file /home/airflow/.local/lib/python3.12/site-packages/airflow/example_dags/example_external_task_marker_dag.py for tasks to queue
[2024-09-02T04:17:44.113+0000] {logging_mixin.py:190} INFO - [2024-09-02T04:17:44.112+0000] {dagbag.py:587} INFO - Filling up the DagBag from /home/airflow/.local/lib/python3.12/site-packages/airflow/example_dags/example_external_task_marker_dag.py
[2024-09-02T04:17:44.133+0000] {processor.py:925} INFO - DAG(s) 'example_external_task_marker_child', 'example_external_task_marker_parent' retrieved from /home/airflow/.local/lib/python3.12/site-packages/airflow/example_dags/example_external_task_marker_dag.py
[2024-09-02T04:17:44.187+0000] {logging_mixin.py:190} INFO - [2024-09-02T04:17:44.186+0000] {dag.py:3211} INFO - Sync 2 DAGs
[2024-09-02T04:17:44.219+0000] {logging_mixin.py:190} INFO - [2024-09-02T04:17:44.219+0000] {dag.py:4138} INFO - Setting next_dagrun for example_external_task_marker_child to None, run_after=None
[2024-09-02T04:17:44.227+0000] {logging_mixin.py:190} INFO - [2024-09-02T04:17:44.226+0000] {dag.py:4138} INFO - Setting next_dagrun for example_external_task_marker_parent to None, run_after=None
[2024-09-02T04:17:44.260+0000] {processor.py:208} INFO - Processing /home/airflow/.local/lib/python3.12/site-packages/airflow/example_dags/example_external_task_marker_dag.py took 0.168 seconds
[2024-09-02T04:18:14.849+0000] {processor.py:186} INFO - Started process (PID=644) to work on /home/airflow/.local/lib/python3.12/site-packages/airflow/example_dags/example_external_task_marker_dag.py
[2024-09-02T04:18:14.862+0000] {processor.py:914} INFO - Processing file /home/airflow/.local/lib/python3.12/site-packages/airflow/example_dags/example_external_task_marker_dag.py for tasks to queue
[2024-09-02T04:18:14.877+0000] {logging_mixin.py:190} INFO - [2024-09-02T04:18:14.876+0000] {dagbag.py:587} INFO - Filling up the DagBag from /home/airflow/.local/lib/python3.12/site-packages/airflow/example_dags/example_external_task_marker_dag.py
[2024-09-02T04:18:14.915+0000] {processor.py:925} INFO - DAG(s) 'example_external_task_marker_child', 'example_external_task_marker_parent' retrieved from /home/airflow/.local/lib/python3.12/site-packages/airflow/example_dags/example_external_task_marker_dag.py
[2024-09-02T04:18:15.033+0000] {logging_mixin.py:190} INFO - [2024-09-02T04:18:15.032+0000] {dag.py:3211} INFO - Sync 2 DAGs
[2024-09-02T04:18:15.098+0000] {logging_mixin.py:190} INFO - [2024-09-02T04:18:15.097+0000] {dag.py:4138} INFO - Setting next_dagrun for example_external_task_marker_child to None, run_after=None
[2024-09-02T04:18:15.107+0000] {logging_mixin.py:190} INFO - [2024-09-02T04:18:15.106+0000] {dag.py:4138} INFO - Setting next_dagrun for example_external_task_marker_parent to None, run_after=None
[2024-09-02T04:18:15.158+0000] {processor.py:208} INFO - Processing /home/airflow/.local/lib/python3.12/site-packages/airflow/example_dags/example_external_task_marker_dag.py took 0.332 seconds
[2024-09-02T04:18:46.177+0000] {processor.py:186} INFO - Started process (PID=707) to work on /home/airflow/.local/lib/python3.12/site-packages/airflow/example_dags/example_external_task_marker_dag.py
[2024-09-02T04:18:46.181+0000] {processor.py:914} INFO - Processing file /home/airflow/.local/lib/python3.12/site-packages/airflow/example_dags/example_external_task_marker_dag.py for tasks to queue
[2024-09-02T04:18:46.186+0000] {logging_mixin.py:190} INFO - [2024-09-02T04:18:46.186+0000] {dagbag.py:587} INFO - Filling up the DagBag from /home/airflow/.local/lib/python3.12/site-packages/airflow/example_dags/example_external_task_marker_dag.py
[2024-09-02T04:18:46.205+0000] {processor.py:925} INFO - DAG(s) 'example_external_task_marker_parent', 'example_external_task_marker_child' retrieved from /home/airflow/.local/lib/python3.12/site-packages/airflow/example_dags/example_external_task_marker_dag.py
[2024-09-02T04:18:46.259+0000] {logging_mixin.py:190} INFO - [2024-09-02T04:18:46.258+0000] {dag.py:3211} INFO - Sync 2 DAGs
[2024-09-02T04:18:46.300+0000] {logging_mixin.py:190} INFO - [2024-09-02T04:18:46.300+0000] {dag.py:4138} INFO - Setting next_dagrun for example_external_task_marker_child to None, run_after=None
[2024-09-02T04:18:46.314+0000] {logging_mixin.py:190} INFO - [2024-09-02T04:18:46.313+0000] {dag.py:4138} INFO - Setting next_dagrun for example_external_task_marker_parent to None, run_after=None
[2024-09-02T04:18:46.387+0000] {processor.py:208} INFO - Processing /home/airflow/.local/lib/python3.12/site-packages/airflow/example_dags/example_external_task_marker_dag.py took 0.223 seconds
[2024-09-02T04:19:16.937+0000] {processor.py:186} INFO - Started process (PID=770) to work on /home/airflow/.local/lib/python3.12/site-packages/airflow/example_dags/example_external_task_marker_dag.py
[2024-09-02T04:19:16.939+0000] {processor.py:914} INFO - Processing file /home/airflow/.local/lib/python3.12/site-packages/airflow/example_dags/example_external_task_marker_dag.py for tasks to queue
[2024-09-02T04:19:16.945+0000] {logging_mixin.py:190} INFO - [2024-09-02T04:19:16.944+0000] {dagbag.py:587} INFO - Filling up the DagBag from /home/airflow/.local/lib/python3.12/site-packages/airflow/example_dags/example_external_task_marker_dag.py
[2024-09-02T04:19:17.008+0000] {processor.py:925} INFO - DAG(s) 'example_external_task_marker_child', 'example_external_task_marker_parent' retrieved from /home/airflow/.local/lib/python3.12/site-packages/airflow/example_dags/example_external_task_marker_dag.py
[2024-09-02T04:19:17.100+0000] {logging_mixin.py:190} INFO - [2024-09-02T04:19:17.099+0000] {dag.py:3211} INFO - Sync 2 DAGs
[2024-09-02T04:19:17.169+0000] {logging_mixin.py:190} INFO - [2024-09-02T04:19:17.169+0000] {dag.py:4138} INFO - Setting next_dagrun for example_external_task_marker_child to None, run_after=None
[2024-09-02T04:19:17.184+0000] {logging_mixin.py:190} INFO - [2024-09-02T04:19:17.183+0000] {dag.py:4138} INFO - Setting next_dagrun for example_external_task_marker_parent to None, run_after=None
[2024-09-02T04:19:17.249+0000] {processor.py:208} INFO - Processing /home/airflow/.local/lib/python3.12/site-packages/airflow/example_dags/example_external_task_marker_dag.py took 0.328 seconds
[2024-09-02T04:19:48.447+0000] {processor.py:186} INFO - Started process (PID=838) to work on /home/airflow/.local/lib/python3.12/site-packages/airflow/example_dags/example_external_task_marker_dag.py
[2024-09-02T04:19:48.449+0000] {processor.py:914} INFO - Processing file /home/airflow/.local/lib/python3.12/site-packages/airflow/example_dags/example_external_task_marker_dag.py for tasks to queue
[2024-09-02T04:19:48.455+0000] {logging_mixin.py:190} INFO - [2024-09-02T04:19:48.454+0000] {dagbag.py:587} INFO - Filling up the DagBag from /home/airflow/.local/lib/python3.12/site-packages/airflow/example_dags/example_external_task_marker_dag.py
[2024-09-02T04:19:48.473+0000] {processor.py:925} INFO - DAG(s) 'example_external_task_marker_child', 'example_external_task_marker_parent' retrieved from /home/airflow/.local/lib/python3.12/site-packages/airflow/example_dags/example_external_task_marker_dag.py
[2024-09-02T04:19:48.520+0000] {logging_mixin.py:190} INFO - [2024-09-02T04:19:48.519+0000] {dag.py:3211} INFO - Sync 2 DAGs
[2024-09-02T04:19:48.553+0000] {logging_mixin.py:190} INFO - [2024-09-02T04:19:48.553+0000] {dag.py:4138} INFO - Setting next_dagrun for example_external_task_marker_child to None, run_after=None
[2024-09-02T04:19:48.561+0000] {logging_mixin.py:190} INFO - [2024-09-02T04:19:48.561+0000] {dag.py:4138} INFO - Setting next_dagrun for example_external_task_marker_parent to None, run_after=None
[2024-09-02T04:19:48.594+0000] {processor.py:208} INFO - Processing /home/airflow/.local/lib/python3.12/site-packages/airflow/example_dags/example_external_task_marker_dag.py took 0.160 seconds
[2024-09-02T04:20:21.077+0000] {processor.py:186} INFO - Started process (PID=901) to work on /home/airflow/.local/lib/python3.12/site-packages/airflow/example_dags/example_external_task_marker_dag.py
[2024-09-02T04:20:21.079+0000] {processor.py:914} INFO - Processing file /home/airflow/.local/lib/python3.12/site-packages/airflow/example_dags/example_external_task_marker_dag.py for tasks to queue
[2024-09-02T04:20:21.112+0000] {logging_mixin.py:190} INFO - [2024-09-02T04:20:21.112+0000] {dagbag.py:587} INFO - Filling up the DagBag from /home/airflow/.local/lib/python3.12/site-packages/airflow/example_dags/example_external_task_marker_dag.py
[2024-09-02T04:20:21.166+0000] {processor.py:925} INFO - DAG(s) 'example_external_task_marker_child', 'example_external_task_marker_parent' retrieved from /home/airflow/.local/lib/python3.12/site-packages/airflow/example_dags/example_external_task_marker_dag.py
[2024-09-02T04:20:21.311+0000] {logging_mixin.py:190} INFO - [2024-09-02T04:20:21.310+0000] {dag.py:3211} INFO - Sync 2 DAGs
[2024-09-02T04:20:21.423+0000] {logging_mixin.py:190} INFO - [2024-09-02T04:20:21.422+0000] {dag.py:4138} INFO - Setting next_dagrun for example_external_task_marker_child to None, run_after=None
[2024-09-02T04:20:21.453+0000] {logging_mixin.py:190} INFO - [2024-09-02T04:20:21.442+0000] {dag.py:4138} INFO - Setting next_dagrun for example_external_task_marker_parent to None, run_after=None
[2024-09-02T04:20:21.525+0000] {processor.py:208} INFO - Processing /home/airflow/.local/lib/python3.12/site-packages/airflow/example_dags/example_external_task_marker_dag.py took 0.483 seconds
[2024-09-02T04:20:52.007+0000] {processor.py:186} INFO - Started process (PID=965) to work on /home/airflow/.local/lib/python3.12/site-packages/airflow/example_dags/example_external_task_marker_dag.py
[2024-09-02T04:20:52.009+0000] {processor.py:914} INFO - Processing file /home/airflow/.local/lib/python3.12/site-packages/airflow/example_dags/example_external_task_marker_dag.py for tasks to queue
[2024-09-02T04:20:52.015+0000] {logging_mixin.py:190} INFO - [2024-09-02T04:20:52.014+0000] {dagbag.py:587} INFO - Filling up the DagBag from /home/airflow/.local/lib/python3.12/site-packages/airflow/example_dags/example_external_task_marker_dag.py
[2024-09-02T04:20:52.036+0000] {processor.py:925} INFO - DAG(s) 'example_external_task_marker_parent', 'example_external_task_marker_child' retrieved from /home/airflow/.local/lib/python3.12/site-packages/airflow/example_dags/example_external_task_marker_dag.py
[2024-09-02T04:20:52.144+0000] {logging_mixin.py:190} INFO - [2024-09-02T04:20:52.144+0000] {dag.py:3211} INFO - Sync 2 DAGs
[2024-09-02T04:20:52.215+0000] {logging_mixin.py:190} INFO - [2024-09-02T04:20:52.215+0000] {dag.py:4138} INFO - Setting next_dagrun for example_external_task_marker_child to None, run_after=None
[2024-09-02T04:20:52.230+0000] {logging_mixin.py:190} INFO - [2024-09-02T04:20:52.230+0000] {dag.py:4138} INFO - Setting next_dagrun for example_external_task_marker_parent to None, run_after=None
[2024-09-02T04:20:52.310+0000] {processor.py:208} INFO - Processing /home/airflow/.local/lib/python3.12/site-packages/airflow/example_dags/example_external_task_marker_dag.py took 0.319 seconds
[2024-09-02T04:21:34.682+0000] {processor.py:186} INFO - Started process (PID=1031) to work on /home/airflow/.local/lib/python3.12/site-packages/airflow/example_dags/example_external_task_marker_dag.py
[2024-09-02T04:21:34.712+0000] {processor.py:914} INFO - Processing file /home/airflow/.local/lib/python3.12/site-packages/airflow/example_dags/example_external_task_marker_dag.py for tasks to queue
[2024-09-02T04:21:34.805+0000] {logging_mixin.py:190} INFO - [2024-09-02T04:21:34.804+0000] {dagbag.py:587} INFO - Filling up the DagBag from /home/airflow/.local/lib/python3.12/site-packages/airflow/example_dags/example_external_task_marker_dag.py
[2024-09-02T04:21:34.967+0000] {processor.py:925} INFO - DAG(s) 'example_external_task_marker_parent', 'example_external_task_marker_child' retrieved from /home/airflow/.local/lib/python3.12/site-packages/airflow/example_dags/example_external_task_marker_dag.py
[2024-09-02T04:21:35.465+0000] {logging_mixin.py:190} INFO - [2024-09-02T04:21:35.464+0000] {dag.py:3211} INFO - Sync 2 DAGs
[2024-09-02T04:21:35.609+0000] {logging_mixin.py:190} INFO - [2024-09-02T04:21:35.609+0000] {dag.py:4138} INFO - Setting next_dagrun for example_external_task_marker_child to None, run_after=None
[2024-09-02T04:21:35.642+0000] {logging_mixin.py:190} INFO - [2024-09-02T04:21:35.642+0000] {dag.py:4138} INFO - Setting next_dagrun for example_external_task_marker_parent to None, run_after=None
[2024-09-02T04:21:35.832+0000] {processor.py:208} INFO - Processing /home/airflow/.local/lib/python3.12/site-packages/airflow/example_dags/example_external_task_marker_dag.py took 1.186 seconds
[2024-09-02T04:22:06.028+0000] {processor.py:186} INFO - Started process (PID=1094) to work on /home/airflow/.local/lib/python3.12/site-packages/airflow/example_dags/example_external_task_marker_dag.py
[2024-09-02T04:22:06.031+0000] {processor.py:914} INFO - Processing file /home/airflow/.local/lib/python3.12/site-packages/airflow/example_dags/example_external_task_marker_dag.py for tasks to queue
[2024-09-02T04:22:06.046+0000] {logging_mixin.py:190} INFO - [2024-09-02T04:22:06.045+0000] {dagbag.py:587} INFO - Filling up the DagBag from /home/airflow/.local/lib/python3.12/site-packages/airflow/example_dags/example_external_task_marker_dag.py
[2024-09-02T04:22:06.073+0000] {processor.py:925} INFO - DAG(s) 'example_external_task_marker_child', 'example_external_task_marker_parent' retrieved from /home/airflow/.local/lib/python3.12/site-packages/airflow/example_dags/example_external_task_marker_dag.py
[2024-09-02T04:22:06.181+0000] {logging_mixin.py:190} INFO - [2024-09-02T04:22:06.180+0000] {dag.py:3211} INFO - Sync 2 DAGs
[2024-09-02T04:22:06.242+0000] {logging_mixin.py:190} INFO - [2024-09-02T04:22:06.242+0000] {dag.py:4138} INFO - Setting next_dagrun for example_external_task_marker_child to None, run_after=None
[2024-09-02T04:22:06.253+0000] {logging_mixin.py:190} INFO - [2024-09-02T04:22:06.252+0000] {dag.py:4138} INFO - Setting next_dagrun for example_external_task_marker_parent to None, run_after=None
[2024-09-02T04:22:06.300+0000] {processor.py:208} INFO - Processing /home/airflow/.local/lib/python3.12/site-packages/airflow/example_dags/example_external_task_marker_dag.py took 0.291 seconds
[2024-09-02T04:23:30.206+0000] {processor.py:186} INFO - Started process (PID=1193) to work on /home/airflow/.local/lib/python3.12/site-packages/airflow/example_dags/example_external_task_marker_dag.py
[2024-09-02T04:23:30.237+0000] {processor.py:914} INFO - Processing file /home/airflow/.local/lib/python3.12/site-packages/airflow/example_dags/example_external_task_marker_dag.py for tasks to queue
[2024-09-02T04:23:30.255+0000] {logging_mixin.py:190} INFO - [2024-09-02T04:23:30.254+0000] {dagbag.py:587} INFO - Filling up the DagBag from /home/airflow/.local/lib/python3.12/site-packages/airflow/example_dags/example_external_task_marker_dag.py
[2024-09-02T04:23:30.337+0000] {processor.py:925} INFO - DAG(s) 'example_external_task_marker_parent', 'example_external_task_marker_child' retrieved from /home/airflow/.local/lib/python3.12/site-packages/airflow/example_dags/example_external_task_marker_dag.py
[2024-09-02T04:23:30.735+0000] {logging_mixin.py:190} INFO - [2024-09-02T04:23:30.735+0000] {dag.py:3211} INFO - Sync 2 DAGs
[2024-09-02T04:23:31.144+0000] {logging_mixin.py:190} INFO - [2024-09-02T04:23:31.144+0000] {dag.py:4138} INFO - Setting next_dagrun for example_external_task_marker_child to None, run_after=None
[2024-09-02T04:23:31.257+0000] {logging_mixin.py:190} INFO - [2024-09-02T04:23:31.257+0000] {dag.py:4138} INFO - Setting next_dagrun for example_external_task_marker_parent to None, run_after=None
[2024-09-02T04:23:31.696+0000] {processor.py:208} INFO - Processing /home/airflow/.local/lib/python3.12/site-packages/airflow/example_dags/example_external_task_marker_dag.py took 1.553 seconds
[2024-09-02T04:26:50.609+0000] {processor.py:186} INFO - Started process (PID=128) to work on /home/airflow/.local/lib/python3.12/site-packages/airflow/example_dags/example_external_task_marker_dag.py
[2024-09-02T04:26:50.624+0000] {processor.py:914} INFO - Processing file /home/airflow/.local/lib/python3.12/site-packages/airflow/example_dags/example_external_task_marker_dag.py for tasks to queue
[2024-09-02T04:26:50.644+0000] {logging_mixin.py:190} INFO - [2024-09-02T04:26:50.643+0000] {dagbag.py:587} INFO - Filling up the DagBag from /home/airflow/.local/lib/python3.12/site-packages/airflow/example_dags/example_external_task_marker_dag.py
[2024-09-02T04:26:50.816+0000] {processor.py:925} INFO - DAG(s) 'example_external_task_marker_child', 'example_external_task_marker_parent' retrieved from /home/airflow/.local/lib/python3.12/site-packages/airflow/example_dags/example_external_task_marker_dag.py
[2024-09-02T04:26:51.356+0000] {logging_mixin.py:190} INFO - [2024-09-02T04:26:51.343+0000] {dag.py:3211} INFO - Sync 2 DAGs
[2024-09-02T04:26:51.569+0000] {logging_mixin.py:190} INFO - [2024-09-02T04:26:51.568+0000] {dag.py:4138} INFO - Setting next_dagrun for example_external_task_marker_child to None, run_after=None
[2024-09-02T04:26:51.604+0000] {logging_mixin.py:190} INFO - [2024-09-02T04:26:51.604+0000] {dag.py:4138} INFO - Setting next_dagrun for example_external_task_marker_parent to None, run_after=None
[2024-09-02T04:26:51.754+0000] {processor.py:208} INFO - Processing /home/airflow/.local/lib/python3.12/site-packages/airflow/example_dags/example_external_task_marker_dag.py took 1.208 seconds
[2024-09-02T04:27:22.121+0000] {processor.py:186} INFO - Started process (PID=191) to work on /home/airflow/.local/lib/python3.12/site-packages/airflow/example_dags/example_external_task_marker_dag.py
[2024-09-02T04:27:22.123+0000] {processor.py:914} INFO - Processing file /home/airflow/.local/lib/python3.12/site-packages/airflow/example_dags/example_external_task_marker_dag.py for tasks to queue
[2024-09-02T04:27:22.135+0000] {logging_mixin.py:190} INFO - [2024-09-02T04:27:22.134+0000] {dagbag.py:587} INFO - Filling up the DagBag from /home/airflow/.local/lib/python3.12/site-packages/airflow/example_dags/example_external_task_marker_dag.py
[2024-09-02T04:27:22.162+0000] {processor.py:925} INFO - DAG(s) 'example_external_task_marker_child', 'example_external_task_marker_parent' retrieved from /home/airflow/.local/lib/python3.12/site-packages/airflow/example_dags/example_external_task_marker_dag.py
[2024-09-02T04:27:22.231+0000] {logging_mixin.py:190} INFO - [2024-09-02T04:27:22.231+0000] {dag.py:3211} INFO - Sync 2 DAGs
[2024-09-02T04:27:22.271+0000] {logging_mixin.py:190} INFO - [2024-09-02T04:27:22.270+0000] {dag.py:4138} INFO - Setting next_dagrun for example_external_task_marker_child to None, run_after=None
[2024-09-02T04:27:22.281+0000] {logging_mixin.py:190} INFO - [2024-09-02T04:27:22.281+0000] {dag.py:4138} INFO - Setting next_dagrun for example_external_task_marker_parent to None, run_after=None
[2024-09-02T04:27:22.327+0000] {processor.py:208} INFO - Processing /home/airflow/.local/lib/python3.12/site-packages/airflow/example_dags/example_external_task_marker_dag.py took 0.219 seconds
[2024-09-02T04:27:52.464+0000] {processor.py:186} INFO - Started process (PID=254) to work on /home/airflow/.local/lib/python3.12/site-packages/airflow/example_dags/example_external_task_marker_dag.py
[2024-09-02T04:27:52.466+0000] {processor.py:914} INFO - Processing file /home/airflow/.local/lib/python3.12/site-packages/airflow/example_dags/example_external_task_marker_dag.py for tasks to queue
[2024-09-02T04:27:52.472+0000] {logging_mixin.py:190} INFO - [2024-09-02T04:27:52.471+0000] {dagbag.py:587} INFO - Filling up the DagBag from /home/airflow/.local/lib/python3.12/site-packages/airflow/example_dags/example_external_task_marker_dag.py
[2024-09-02T04:27:52.491+0000] {processor.py:925} INFO - DAG(s) 'example_external_task_marker_child', 'example_external_task_marker_parent' retrieved from /home/airflow/.local/lib/python3.12/site-packages/airflow/example_dags/example_external_task_marker_dag.py
[2024-09-02T04:27:52.545+0000] {logging_mixin.py:190} INFO - [2024-09-02T04:27:52.545+0000] {dag.py:3211} INFO - Sync 2 DAGs
[2024-09-02T04:27:52.585+0000] {logging_mixin.py:190} INFO - [2024-09-02T04:27:52.585+0000] {dag.py:4138} INFO - Setting next_dagrun for example_external_task_marker_child to None, run_after=None
[2024-09-02T04:27:52.594+0000] {logging_mixin.py:190} INFO - [2024-09-02T04:27:52.594+0000] {dag.py:4138} INFO - Setting next_dagrun for example_external_task_marker_parent to None, run_after=None
[2024-09-02T04:27:52.633+0000] {processor.py:208} INFO - Processing /home/airflow/.local/lib/python3.12/site-packages/airflow/example_dags/example_external_task_marker_dag.py took 0.184 seconds
[2024-09-02T04:28:28.118+0000] {processor.py:186} INFO - Started process (PID=317) to work on /home/airflow/.local/lib/python3.12/site-packages/airflow/example_dags/example_external_task_marker_dag.py
[2024-09-02T04:28:28.122+0000] {processor.py:914} INFO - Processing file /home/airflow/.local/lib/python3.12/site-packages/airflow/example_dags/example_external_task_marker_dag.py for tasks to queue
[2024-09-02T04:28:28.128+0000] {logging_mixin.py:190} INFO - [2024-09-02T04:28:28.127+0000] {dagbag.py:587} INFO - Filling up the DagBag from /home/airflow/.local/lib/python3.12/site-packages/airflow/example_dags/example_external_task_marker_dag.py
[2024-09-02T04:28:28.153+0000] {processor.py:925} INFO - DAG(s) 'example_external_task_marker_parent', 'example_external_task_marker_child' retrieved from /home/airflow/.local/lib/python3.12/site-packages/airflow/example_dags/example_external_task_marker_dag.py
[2024-09-02T04:28:28.255+0000] {logging_mixin.py:190} INFO - [2024-09-02T04:28:28.254+0000] {dag.py:3211} INFO - Sync 2 DAGs
[2024-09-02T04:28:28.321+0000] {logging_mixin.py:190} INFO - [2024-09-02T04:28:28.320+0000] {dag.py:4138} INFO - Setting next_dagrun for example_external_task_marker_child to None, run_after=None
[2024-09-02T04:28:28.336+0000] {logging_mixin.py:190} INFO - [2024-09-02T04:28:28.335+0000] {dag.py:4138} INFO - Setting next_dagrun for example_external_task_marker_parent to None, run_after=None
[2024-09-02T04:28:28.399+0000] {processor.py:208} INFO - Processing /home/airflow/.local/lib/python3.12/site-packages/airflow/example_dags/example_external_task_marker_dag.py took 0.300 seconds
[2024-09-02T04:29:01.208+0000] {processor.py:186} INFO - Started process (PID=383) to work on /home/airflow/.local/lib/python3.12/site-packages/airflow/example_dags/example_external_task_marker_dag.py
[2024-09-02T04:29:01.210+0000] {processor.py:914} INFO - Processing file /home/airflow/.local/lib/python3.12/site-packages/airflow/example_dags/example_external_task_marker_dag.py for tasks to queue
[2024-09-02T04:29:01.217+0000] {logging_mixin.py:190} INFO - [2024-09-02T04:29:01.216+0000] {dagbag.py:587} INFO - Filling up the DagBag from /home/airflow/.local/lib/python3.12/site-packages/airflow/example_dags/example_external_task_marker_dag.py
[2024-09-02T04:29:01.246+0000] {processor.py:925} INFO - DAG(s) 'example_external_task_marker_parent', 'example_external_task_marker_child' retrieved from /home/airflow/.local/lib/python3.12/site-packages/airflow/example_dags/example_external_task_marker_dag.py
[2024-09-02T04:29:01.371+0000] {logging_mixin.py:190} INFO - [2024-09-02T04:29:01.371+0000] {dag.py:3211} INFO - Sync 2 DAGs
[2024-09-02T04:29:01.459+0000] {logging_mixin.py:190} INFO - [2024-09-02T04:29:01.458+0000] {dag.py:4138} INFO - Setting next_dagrun for example_external_task_marker_child to None, run_after=None
[2024-09-02T04:29:01.492+0000] {logging_mixin.py:190} INFO - [2024-09-02T04:29:01.492+0000] {dag.py:4138} INFO - Setting next_dagrun for example_external_task_marker_parent to None, run_after=None
[2024-09-02T04:29:01.613+0000] {processor.py:208} INFO - Processing /home/airflow/.local/lib/python3.12/site-packages/airflow/example_dags/example_external_task_marker_dag.py took 0.423 seconds
[2024-09-02T04:29:32.448+0000] {processor.py:186} INFO - Started process (PID=446) to work on /home/airflow/.local/lib/python3.12/site-packages/airflow/example_dags/example_external_task_marker_dag.py
[2024-09-02T04:29:32.450+0000] {processor.py:914} INFO - Processing file /home/airflow/.local/lib/python3.12/site-packages/airflow/example_dags/example_external_task_marker_dag.py for tasks to queue
[2024-09-02T04:29:32.457+0000] {logging_mixin.py:190} INFO - [2024-09-02T04:29:32.455+0000] {dagbag.py:587} INFO - Filling up the DagBag from /home/airflow/.local/lib/python3.12/site-packages/airflow/example_dags/example_external_task_marker_dag.py
[2024-09-02T04:29:32.475+0000] {processor.py:925} INFO - DAG(s) 'example_external_task_marker_parent', 'example_external_task_marker_child' retrieved from /home/airflow/.local/lib/python3.12/site-packages/airflow/example_dags/example_external_task_marker_dag.py
[2024-09-02T04:29:32.555+0000] {logging_mixin.py:190} INFO - [2024-09-02T04:29:32.555+0000] {dag.py:3211} INFO - Sync 2 DAGs
[2024-09-02T04:29:32.610+0000] {logging_mixin.py:190} INFO - [2024-09-02T04:29:32.609+0000] {dag.py:4138} INFO - Setting next_dagrun for example_external_task_marker_child to None, run_after=None
[2024-09-02T04:29:32.621+0000] {logging_mixin.py:190} INFO - [2024-09-02T04:29:32.620+0000] {dag.py:4138} INFO - Setting next_dagrun for example_external_task_marker_parent to None, run_after=None
[2024-09-02T04:29:32.663+0000] {processor.py:208} INFO - Processing /home/airflow/.local/lib/python3.12/site-packages/airflow/example_dags/example_external_task_marker_dag.py took 0.229 seconds
[2024-09-02T04:30:03.019+0000] {processor.py:186} INFO - Started process (PID=509) to work on /home/airflow/.local/lib/python3.12/site-packages/airflow/example_dags/example_external_task_marker_dag.py
[2024-09-02T04:30:03.022+0000] {processor.py:914} INFO - Processing file /home/airflow/.local/lib/python3.12/site-packages/airflow/example_dags/example_external_task_marker_dag.py for tasks to queue
[2024-09-02T04:30:03.036+0000] {logging_mixin.py:190} INFO - [2024-09-02T04:30:03.035+0000] {dagbag.py:587} INFO - Filling up the DagBag from /home/airflow/.local/lib/python3.12/site-packages/airflow/example_dags/example_external_task_marker_dag.py
[2024-09-02T04:30:03.063+0000] {processor.py:925} INFO - DAG(s) 'example_external_task_marker_parent', 'example_external_task_marker_child' retrieved from /home/airflow/.local/lib/python3.12/site-packages/airflow/example_dags/example_external_task_marker_dag.py
[2024-09-02T04:30:03.139+0000] {logging_mixin.py:190} INFO - [2024-09-02T04:30:03.139+0000] {dag.py:3211} INFO - Sync 2 DAGs
[2024-09-02T04:30:03.190+0000] {logging_mixin.py:190} INFO - [2024-09-02T04:30:03.190+0000] {dag.py:4138} INFO - Setting next_dagrun for example_external_task_marker_child to None, run_after=None
[2024-09-02T04:30:03.201+0000] {logging_mixin.py:190} INFO - [2024-09-02T04:30:03.200+0000] {dag.py:4138} INFO - Setting next_dagrun for example_external_task_marker_parent to None, run_after=None
[2024-09-02T04:30:03.248+0000] {processor.py:208} INFO - Processing /home/airflow/.local/lib/python3.12/site-packages/airflow/example_dags/example_external_task_marker_dag.py took 0.254 seconds
[2024-09-02T04:30:33.802+0000] {processor.py:186} INFO - Started process (PID=573) to work on /home/airflow/.local/lib/python3.12/site-packages/airflow/example_dags/example_external_task_marker_dag.py
[2024-09-02T04:30:33.815+0000] {processor.py:914} INFO - Processing file /home/airflow/.local/lib/python3.12/site-packages/airflow/example_dags/example_external_task_marker_dag.py for tasks to queue
[2024-09-02T04:30:33.830+0000] {logging_mixin.py:190} INFO - [2024-09-02T04:30:33.830+0000] {dagbag.py:587} INFO - Filling up the DagBag from /home/airflow/.local/lib/python3.12/site-packages/airflow/example_dags/example_external_task_marker_dag.py
[2024-09-02T04:30:33.873+0000] {processor.py:925} INFO - DAG(s) 'example_external_task_marker_parent', 'example_external_task_marker_child' retrieved from /home/airflow/.local/lib/python3.12/site-packages/airflow/example_dags/example_external_task_marker_dag.py
[2024-09-02T04:30:33.944+0000] {logging_mixin.py:190} INFO - [2024-09-02T04:30:33.943+0000] {dag.py:3211} INFO - Sync 2 DAGs
[2024-09-02T04:30:33.984+0000] {logging_mixin.py:190} INFO - [2024-09-02T04:30:33.984+0000] {dag.py:4138} INFO - Setting next_dagrun for example_external_task_marker_child to None, run_after=None
[2024-09-02T04:30:34.006+0000] {logging_mixin.py:190} INFO - [2024-09-02T04:30:34.006+0000] {dag.py:4138} INFO - Setting next_dagrun for example_external_task_marker_parent to None, run_after=None
[2024-09-02T04:30:34.057+0000] {processor.py:208} INFO - Processing /home/airflow/.local/lib/python3.12/site-packages/airflow/example_dags/example_external_task_marker_dag.py took 0.278 seconds
[2024-09-02T04:31:07.757+0000] {processor.py:186} INFO - Started process (PID=642) to work on /home/airflow/.local/lib/python3.12/site-packages/airflow/example_dags/example_external_task_marker_dag.py
[2024-09-02T04:31:07.772+0000] {processor.py:914} INFO - Processing file /home/airflow/.local/lib/python3.12/site-packages/airflow/example_dags/example_external_task_marker_dag.py for tasks to queue
[2024-09-02T04:31:07.787+0000] {logging_mixin.py:190} INFO - [2024-09-02T04:31:07.787+0000] {dagbag.py:587} INFO - Filling up the DagBag from /home/airflow/.local/lib/python3.12/site-packages/airflow/example_dags/example_external_task_marker_dag.py
[2024-09-02T04:31:07.868+0000] {processor.py:925} INFO - DAG(s) 'example_external_task_marker_child', 'example_external_task_marker_parent' retrieved from /home/airflow/.local/lib/python3.12/site-packages/airflow/example_dags/example_external_task_marker_dag.py
[2024-09-02T04:31:08.021+0000] {logging_mixin.py:190} INFO - [2024-09-02T04:31:08.021+0000] {dag.py:3211} INFO - Sync 2 DAGs
[2024-09-02T04:31:08.144+0000] {logging_mixin.py:190} INFO - [2024-09-02T04:31:08.143+0000] {dag.py:4138} INFO - Setting next_dagrun for example_external_task_marker_child to None, run_after=None
[2024-09-02T04:31:08.175+0000] {logging_mixin.py:190} INFO - [2024-09-02T04:31:08.174+0000] {dag.py:4138} INFO - Setting next_dagrun for example_external_task_marker_parent to None, run_after=None
[2024-09-02T04:31:08.278+0000] {processor.py:208} INFO - Processing /home/airflow/.local/lib/python3.12/site-packages/airflow/example_dags/example_external_task_marker_dag.py took 0.574 seconds
[2024-09-02T04:31:38.974+0000] {processor.py:186} INFO - Started process (PID=705) to work on /home/airflow/.local/lib/python3.12/site-packages/airflow/example_dags/example_external_task_marker_dag.py
[2024-09-02T04:31:38.997+0000] {processor.py:914} INFO - Processing file /home/airflow/.local/lib/python3.12/site-packages/airflow/example_dags/example_external_task_marker_dag.py for tasks to queue
[2024-09-02T04:31:39.012+0000] {logging_mixin.py:190} INFO - [2024-09-02T04:31:39.011+0000] {dagbag.py:587} INFO - Filling up the DagBag from /home/airflow/.local/lib/python3.12/site-packages/airflow/example_dags/example_external_task_marker_dag.py
[2024-09-02T04:31:39.059+0000] {processor.py:925} INFO - DAG(s) 'example_external_task_marker_parent', 'example_external_task_marker_child' retrieved from /home/airflow/.local/lib/python3.12/site-packages/airflow/example_dags/example_external_task_marker_dag.py
[2024-09-02T04:31:39.194+0000] {logging_mixin.py:190} INFO - [2024-09-02T04:31:39.194+0000] {dag.py:3211} INFO - Sync 2 DAGs
[2024-09-02T04:31:39.330+0000] {logging_mixin.py:190} INFO - [2024-09-02T04:31:39.329+0000] {dag.py:4138} INFO - Setting next_dagrun for example_external_task_marker_child to None, run_after=None
[2024-09-02T04:31:39.357+0000] {logging_mixin.py:190} INFO - [2024-09-02T04:31:39.356+0000] {dag.py:4138} INFO - Setting next_dagrun for example_external_task_marker_parent to None, run_after=None
[2024-09-02T04:31:39.505+0000] {processor.py:208} INFO - Processing /home/airflow/.local/lib/python3.12/site-packages/airflow/example_dags/example_external_task_marker_dag.py took 0.580 seconds
[2024-09-02T04:32:11.660+0000] {processor.py:186} INFO - Started process (PID=768) to work on /home/airflow/.local/lib/python3.12/site-packages/airflow/example_dags/example_external_task_marker_dag.py
[2024-09-02T04:32:11.667+0000] {processor.py:914} INFO - Processing file /home/airflow/.local/lib/python3.12/site-packages/airflow/example_dags/example_external_task_marker_dag.py for tasks to queue
[2024-09-02T04:32:11.684+0000] {logging_mixin.py:190} INFO - [2024-09-02T04:32:11.683+0000] {dagbag.py:587} INFO - Filling up the DagBag from /home/airflow/.local/lib/python3.12/site-packages/airflow/example_dags/example_external_task_marker_dag.py
[2024-09-02T04:32:11.743+0000] {processor.py:925} INFO - DAG(s) 'example_external_task_marker_parent', 'example_external_task_marker_child' retrieved from /home/airflow/.local/lib/python3.12/site-packages/airflow/example_dags/example_external_task_marker_dag.py
[2024-09-02T04:32:11.890+0000] {logging_mixin.py:190} INFO - [2024-09-02T04:32:11.889+0000] {dag.py:3211} INFO - Sync 2 DAGs
[2024-09-02T04:32:11.984+0000] {logging_mixin.py:190} INFO - [2024-09-02T04:32:11.984+0000] {dag.py:4138} INFO - Setting next_dagrun for example_external_task_marker_child to None, run_after=None
[2024-09-02T04:32:12.003+0000] {logging_mixin.py:190} INFO - [2024-09-02T04:32:12.002+0000] {dag.py:4138} INFO - Setting next_dagrun for example_external_task_marker_parent to None, run_after=None
[2024-09-02T04:32:12.096+0000] {processor.py:208} INFO - Processing /home/airflow/.local/lib/python3.12/site-packages/airflow/example_dags/example_external_task_marker_dag.py took 0.472 seconds
[2024-09-02T04:32:42.718+0000] {processor.py:186} INFO - Started process (PID=831) to work on /home/airflow/.local/lib/python3.12/site-packages/airflow/example_dags/example_external_task_marker_dag.py
[2024-09-02T04:32:42.721+0000] {processor.py:914} INFO - Processing file /home/airflow/.local/lib/python3.12/site-packages/airflow/example_dags/example_external_task_marker_dag.py for tasks to queue
[2024-09-02T04:32:42.750+0000] {logging_mixin.py:190} INFO - [2024-09-02T04:32:42.738+0000] {dagbag.py:587} INFO - Filling up the DagBag from /home/airflow/.local/lib/python3.12/site-packages/airflow/example_dags/example_external_task_marker_dag.py
[2024-09-02T04:32:42.814+0000] {processor.py:925} INFO - DAG(s) 'example_external_task_marker_child', 'example_external_task_marker_parent' retrieved from /home/airflow/.local/lib/python3.12/site-packages/airflow/example_dags/example_external_task_marker_dag.py
[2024-09-02T04:32:42.936+0000] {logging_mixin.py:190} INFO - [2024-09-02T04:32:42.936+0000] {dag.py:3211} INFO - Sync 2 DAGs
[2024-09-02T04:32:43.023+0000] {logging_mixin.py:190} INFO - [2024-09-02T04:32:43.023+0000] {dag.py:4138} INFO - Setting next_dagrun for example_external_task_marker_child to None, run_after=None
[2024-09-02T04:32:43.053+0000] {logging_mixin.py:190} INFO - [2024-09-02T04:32:43.052+0000] {dag.py:4138} INFO - Setting next_dagrun for example_external_task_marker_parent to None, run_after=None
[2024-09-02T04:32:43.143+0000] {processor.py:208} INFO - Processing /home/airflow/.local/lib/python3.12/site-packages/airflow/example_dags/example_external_task_marker_dag.py took 0.463 seconds
[2024-09-02T04:33:17.424+0000] {processor.py:186} INFO - Started process (PID=894) to work on /home/airflow/.local/lib/python3.12/site-packages/airflow/example_dags/example_external_task_marker_dag.py
[2024-09-02T04:33:17.441+0000] {processor.py:914} INFO - Processing file /home/airflow/.local/lib/python3.12/site-packages/airflow/example_dags/example_external_task_marker_dag.py for tasks to queue
[2024-09-02T04:33:17.455+0000] {logging_mixin.py:190} INFO - [2024-09-02T04:33:17.454+0000] {dagbag.py:587} INFO - Filling up the DagBag from /home/airflow/.local/lib/python3.12/site-packages/airflow/example_dags/example_external_task_marker_dag.py
[2024-09-02T04:33:17.518+0000] {processor.py:925} INFO - DAG(s) 'example_external_task_marker_parent', 'example_external_task_marker_child' retrieved from /home/airflow/.local/lib/python3.12/site-packages/airflow/example_dags/example_external_task_marker_dag.py
[2024-09-02T04:33:17.730+0000] {logging_mixin.py:190} INFO - [2024-09-02T04:33:17.729+0000] {dag.py:3211} INFO - Sync 2 DAGs
[2024-09-02T04:33:17.863+0000] {logging_mixin.py:190} INFO - [2024-09-02T04:33:17.863+0000] {dag.py:4138} INFO - Setting next_dagrun for example_external_task_marker_child to None, run_after=None
[2024-09-02T04:33:17.919+0000] {logging_mixin.py:190} INFO - [2024-09-02T04:33:17.918+0000] {dag.py:4138} INFO - Setting next_dagrun for example_external_task_marker_parent to None, run_after=None
[2024-09-02T04:33:18.016+0000] {processor.py:208} INFO - Processing /home/airflow/.local/lib/python3.12/site-packages/airflow/example_dags/example_external_task_marker_dag.py took 0.629 seconds
[2024-09-02T04:33:49.511+0000] {processor.py:186} INFO - Started process (PID=957) to work on /home/airflow/.local/lib/python3.12/site-packages/airflow/example_dags/example_external_task_marker_dag.py
[2024-09-02T04:33:49.514+0000] {processor.py:914} INFO - Processing file /home/airflow/.local/lib/python3.12/site-packages/airflow/example_dags/example_external_task_marker_dag.py for tasks to queue
[2024-09-02T04:33:49.531+0000] {logging_mixin.py:190} INFO - [2024-09-02T04:33:49.531+0000] {dagbag.py:587} INFO - Filling up the DagBag from /home/airflow/.local/lib/python3.12/site-packages/airflow/example_dags/example_external_task_marker_dag.py
[2024-09-02T04:33:49.568+0000] {processor.py:925} INFO - DAG(s) 'example_external_task_marker_child', 'example_external_task_marker_parent' retrieved from /home/airflow/.local/lib/python3.12/site-packages/airflow/example_dags/example_external_task_marker_dag.py
[2024-09-02T04:33:49.718+0000] {logging_mixin.py:190} INFO - [2024-09-02T04:33:49.718+0000] {dag.py:3211} INFO - Sync 2 DAGs
[2024-09-02T04:33:49.812+0000] {logging_mixin.py:190} INFO - [2024-09-02T04:33:49.812+0000] {dag.py:4138} INFO - Setting next_dagrun for example_external_task_marker_child to None, run_after=None
[2024-09-02T04:33:49.826+0000] {logging_mixin.py:190} INFO - [2024-09-02T04:33:49.822+0000] {dag.py:4138} INFO - Setting next_dagrun for example_external_task_marker_parent to None, run_after=None
[2024-09-02T04:33:49.972+0000] {processor.py:208} INFO - Processing /home/airflow/.local/lib/python3.12/site-packages/airflow/example_dags/example_external_task_marker_dag.py took 0.510 seconds
[2024-09-02T04:34:20.795+0000] {processor.py:186} INFO - Started process (PID=1019) to work on /home/airflow/.local/lib/python3.12/site-packages/airflow/example_dags/example_external_task_marker_dag.py
[2024-09-02T04:34:20.797+0000] {processor.py:914} INFO - Processing file /home/airflow/.local/lib/python3.12/site-packages/airflow/example_dags/example_external_task_marker_dag.py for tasks to queue
[2024-09-02T04:34:20.813+0000] {logging_mixin.py:190} INFO - [2024-09-02T04:34:20.812+0000] {dagbag.py:587} INFO - Filling up the DagBag from /home/airflow/.local/lib/python3.12/site-packages/airflow/example_dags/example_external_task_marker_dag.py
[2024-09-02T04:34:20.869+0000] {processor.py:925} INFO - DAG(s) 'example_external_task_marker_parent', 'example_external_task_marker_child' retrieved from /home/airflow/.local/lib/python3.12/site-packages/airflow/example_dags/example_external_task_marker_dag.py
[2024-09-02T04:34:21.029+0000] {logging_mixin.py:190} INFO - [2024-09-02T04:34:21.028+0000] {dag.py:3211} INFO - Sync 2 DAGs
[2024-09-02T04:34:21.120+0000] {logging_mixin.py:190} INFO - [2024-09-02T04:34:21.119+0000] {dag.py:4138} INFO - Setting next_dagrun for example_external_task_marker_child to None, run_after=None
[2024-09-02T04:34:21.141+0000] {logging_mixin.py:190} INFO - [2024-09-02T04:34:21.140+0000] {dag.py:4138} INFO - Setting next_dagrun for example_external_task_marker_parent to None, run_after=None
[2024-09-02T04:34:21.262+0000] {processor.py:208} INFO - Processing /home/airflow/.local/lib/python3.12/site-packages/airflow/example_dags/example_external_task_marker_dag.py took 0.508 seconds
[2024-09-02T04:34:55.271+0000] {processor.py:186} INFO - Started process (PID=1082) to work on /home/airflow/.local/lib/python3.12/site-packages/airflow/example_dags/example_external_task_marker_dag.py
[2024-09-02T04:34:55.273+0000] {processor.py:914} INFO - Processing file /home/airflow/.local/lib/python3.12/site-packages/airflow/example_dags/example_external_task_marker_dag.py for tasks to queue
[2024-09-02T04:34:55.282+0000] {logging_mixin.py:190} INFO - [2024-09-02T04:34:55.281+0000] {dagbag.py:587} INFO - Filling up the DagBag from /home/airflow/.local/lib/python3.12/site-packages/airflow/example_dags/example_external_task_marker_dag.py
[2024-09-02T04:34:55.312+0000] {processor.py:925} INFO - DAG(s) 'example_external_task_marker_parent', 'example_external_task_marker_child' retrieved from /home/airflow/.local/lib/python3.12/site-packages/airflow/example_dags/example_external_task_marker_dag.py
[2024-09-02T04:34:55.416+0000] {logging_mixin.py:190} INFO - [2024-09-02T04:34:55.415+0000] {dag.py:3211} INFO - Sync 2 DAGs
[2024-09-02T04:34:55.510+0000] {logging_mixin.py:190} INFO - [2024-09-02T04:34:55.509+0000] {dag.py:4138} INFO - Setting next_dagrun for example_external_task_marker_child to None, run_after=None
[2024-09-02T04:34:55.550+0000] {logging_mixin.py:190} INFO - [2024-09-02T04:34:55.549+0000] {dag.py:4138} INFO - Setting next_dagrun for example_external_task_marker_parent to None, run_after=None
[2024-09-02T04:34:55.633+0000] {processor.py:208} INFO - Processing /home/airflow/.local/lib/python3.12/site-packages/airflow/example_dags/example_external_task_marker_dag.py took 0.397 seconds
[2024-09-02T04:35:28.985+0000] {processor.py:186} INFO - Started process (PID=1149) to work on /home/airflow/.local/lib/python3.12/site-packages/airflow/example_dags/example_external_task_marker_dag.py
[2024-09-02T04:35:28.988+0000] {processor.py:914} INFO - Processing file /home/airflow/.local/lib/python3.12/site-packages/airflow/example_dags/example_external_task_marker_dag.py for tasks to queue
[2024-09-02T04:35:28.994+0000] {logging_mixin.py:190} INFO - [2024-09-02T04:35:28.993+0000] {dagbag.py:587} INFO - Filling up the DagBag from /home/airflow/.local/lib/python3.12/site-packages/airflow/example_dags/example_external_task_marker_dag.py
[2024-09-02T04:35:29.026+0000] {processor.py:925} INFO - DAG(s) 'example_external_task_marker_child', 'example_external_task_marker_parent' retrieved from /home/airflow/.local/lib/python3.12/site-packages/airflow/example_dags/example_external_task_marker_dag.py
[2024-09-02T04:35:29.106+0000] {logging_mixin.py:190} INFO - [2024-09-02T04:35:29.105+0000] {dag.py:3211} INFO - Sync 2 DAGs
[2024-09-02T04:35:29.164+0000] {logging_mixin.py:190} INFO - [2024-09-02T04:35:29.161+0000] {dag.py:4138} INFO - Setting next_dagrun for example_external_task_marker_child to None, run_after=None
[2024-09-02T04:35:29.181+0000] {logging_mixin.py:190} INFO - [2024-09-02T04:35:29.180+0000] {dag.py:4138} INFO - Setting next_dagrun for example_external_task_marker_parent to None, run_after=None
[2024-09-02T04:35:29.235+0000] {processor.py:208} INFO - Processing /home/airflow/.local/lib/python3.12/site-packages/airflow/example_dags/example_external_task_marker_dag.py took 0.268 seconds
[2024-09-02T04:35:59.592+0000] {processor.py:186} INFO - Started process (PID=1212) to work on /home/airflow/.local/lib/python3.12/site-packages/airflow/example_dags/example_external_task_marker_dag.py
[2024-09-02T04:35:59.595+0000] {processor.py:914} INFO - Processing file /home/airflow/.local/lib/python3.12/site-packages/airflow/example_dags/example_external_task_marker_dag.py for tasks to queue
[2024-09-02T04:35:59.605+0000] {logging_mixin.py:190} INFO - [2024-09-02T04:35:59.605+0000] {dagbag.py:587} INFO - Filling up the DagBag from /home/airflow/.local/lib/python3.12/site-packages/airflow/example_dags/example_external_task_marker_dag.py
[2024-09-02T04:35:59.631+0000] {processor.py:925} INFO - DAG(s) 'example_external_task_marker_child', 'example_external_task_marker_parent' retrieved from /home/airflow/.local/lib/python3.12/site-packages/airflow/example_dags/example_external_task_marker_dag.py
[2024-09-02T04:35:59.704+0000] {logging_mixin.py:190} INFO - [2024-09-02T04:35:59.703+0000] {dag.py:3211} INFO - Sync 2 DAGs
[2024-09-02T04:35:59.791+0000] {logging_mixin.py:190} INFO - [2024-09-02T04:35:59.779+0000] {dag.py:4138} INFO - Setting next_dagrun for example_external_task_marker_child to None, run_after=None
[2024-09-02T04:35:59.812+0000] {logging_mixin.py:190} INFO - [2024-09-02T04:35:59.811+0000] {dag.py:4138} INFO - Setting next_dagrun for example_external_task_marker_parent to None, run_after=None
[2024-09-02T04:35:59.924+0000] {processor.py:208} INFO - Processing /home/airflow/.local/lib/python3.12/site-packages/airflow/example_dags/example_external_task_marker_dag.py took 0.350 seconds
[2024-09-02T04:36:33.693+0000] {processor.py:186} INFO - Started process (PID=1277) to work on /home/airflow/.local/lib/python3.12/site-packages/airflow/example_dags/example_external_task_marker_dag.py
[2024-09-02T04:36:33.703+0000] {processor.py:914} INFO - Processing file /home/airflow/.local/lib/python3.12/site-packages/airflow/example_dags/example_external_task_marker_dag.py for tasks to queue
[2024-09-02T04:36:33.709+0000] {logging_mixin.py:190} INFO - [2024-09-02T04:36:33.708+0000] {dagbag.py:587} INFO - Filling up the DagBag from /home/airflow/.local/lib/python3.12/site-packages/airflow/example_dags/example_external_task_marker_dag.py
[2024-09-02T04:36:33.752+0000] {processor.py:925} INFO - DAG(s) 'example_external_task_marker_child', 'example_external_task_marker_parent' retrieved from /home/airflow/.local/lib/python3.12/site-packages/airflow/example_dags/example_external_task_marker_dag.py
[2024-09-02T04:36:33.853+0000] {logging_mixin.py:190} INFO - [2024-09-02T04:36:33.853+0000] {dag.py:3211} INFO - Sync 2 DAGs
[2024-09-02T04:36:33.916+0000] {logging_mixin.py:190} INFO - [2024-09-02T04:36:33.916+0000] {dag.py:4138} INFO - Setting next_dagrun for example_external_task_marker_child to None, run_after=None
[2024-09-02T04:36:33.934+0000] {logging_mixin.py:190} INFO - [2024-09-02T04:36:33.934+0000] {dag.py:4138} INFO - Setting next_dagrun for example_external_task_marker_parent to None, run_after=None
[2024-09-02T04:36:34.007+0000] {processor.py:208} INFO - Processing /home/airflow/.local/lib/python3.12/site-packages/airflow/example_dags/example_external_task_marker_dag.py took 0.341 seconds
[2024-09-02T04:37:04.620+0000] {processor.py:186} INFO - Started process (PID=1340) to work on /home/airflow/.local/lib/python3.12/site-packages/airflow/example_dags/example_external_task_marker_dag.py
[2024-09-02T04:37:04.623+0000] {processor.py:914} INFO - Processing file /home/airflow/.local/lib/python3.12/site-packages/airflow/example_dags/example_external_task_marker_dag.py for tasks to queue
[2024-09-02T04:37:04.633+0000] {logging_mixin.py:190} INFO - [2024-09-02T04:37:04.632+0000] {dagbag.py:587} INFO - Filling up the DagBag from /home/airflow/.local/lib/python3.12/site-packages/airflow/example_dags/example_external_task_marker_dag.py
[2024-09-02T04:37:04.658+0000] {processor.py:925} INFO - DAG(s) 'example_external_task_marker_child', 'example_external_task_marker_parent' retrieved from /home/airflow/.local/lib/python3.12/site-packages/airflow/example_dags/example_external_task_marker_dag.py
[2024-09-02T04:37:04.808+0000] {logging_mixin.py:190} INFO - [2024-09-02T04:37:04.808+0000] {dag.py:3211} INFO - Sync 2 DAGs
[2024-09-02T04:37:04.872+0000] {logging_mixin.py:190} INFO - [2024-09-02T04:37:04.871+0000] {dag.py:4138} INFO - Setting next_dagrun for example_external_task_marker_child to None, run_after=None
[2024-09-02T04:37:04.885+0000] {logging_mixin.py:190} INFO - [2024-09-02T04:37:04.884+0000] {dag.py:4138} INFO - Setting next_dagrun for example_external_task_marker_parent to None, run_after=None
[2024-09-02T04:37:04.936+0000] {processor.py:208} INFO - Processing /home/airflow/.local/lib/python3.12/site-packages/airflow/example_dags/example_external_task_marker_dag.py took 0.337 seconds
[2024-09-02T04:37:35.051+0000] {processor.py:186} INFO - Started process (PID=1403) to work on /home/airflow/.local/lib/python3.12/site-packages/airflow/example_dags/example_external_task_marker_dag.py
[2024-09-02T04:37:35.054+0000] {processor.py:914} INFO - Processing file /home/airflow/.local/lib/python3.12/site-packages/airflow/example_dags/example_external_task_marker_dag.py for tasks to queue
[2024-09-02T04:37:35.060+0000] {logging_mixin.py:190} INFO - [2024-09-02T04:37:35.059+0000] {dagbag.py:587} INFO - Filling up the DagBag from /home/airflow/.local/lib/python3.12/site-packages/airflow/example_dags/example_external_task_marker_dag.py
[2024-09-02T04:37:35.079+0000] {processor.py:925} INFO - DAG(s) 'example_external_task_marker_child', 'example_external_task_marker_parent' retrieved from /home/airflow/.local/lib/python3.12/site-packages/airflow/example_dags/example_external_task_marker_dag.py
[2024-09-02T04:37:35.132+0000] {logging_mixin.py:190} INFO - [2024-09-02T04:37:35.132+0000] {dag.py:3211} INFO - Sync 2 DAGs
[2024-09-02T04:37:35.172+0000] {logging_mixin.py:190} INFO - [2024-09-02T04:37:35.171+0000] {dag.py:4138} INFO - Setting next_dagrun for example_external_task_marker_child to None, run_after=None
[2024-09-02T04:37:35.181+0000] {logging_mixin.py:190} INFO - [2024-09-02T04:37:35.181+0000] {dag.py:4138} INFO - Setting next_dagrun for example_external_task_marker_parent to None, run_after=None
[2024-09-02T04:37:35.222+0000] {processor.py:208} INFO - Processing /home/airflow/.local/lib/python3.12/site-packages/airflow/example_dags/example_external_task_marker_dag.py took 0.186 seconds
[2024-09-02T04:38:06.171+0000] {processor.py:186} INFO - Started process (PID=1465) to work on /home/airflow/.local/lib/python3.12/site-packages/airflow/example_dags/example_external_task_marker_dag.py
[2024-09-02T04:38:06.173+0000] {processor.py:914} INFO - Processing file /home/airflow/.local/lib/python3.12/site-packages/airflow/example_dags/example_external_task_marker_dag.py for tasks to queue
[2024-09-02T04:38:06.186+0000] {logging_mixin.py:190} INFO - [2024-09-02T04:38:06.185+0000] {dagbag.py:587} INFO - Filling up the DagBag from /home/airflow/.local/lib/python3.12/site-packages/airflow/example_dags/example_external_task_marker_dag.py
[2024-09-02T04:38:06.205+0000] {processor.py:925} INFO - DAG(s) 'example_external_task_marker_parent', 'example_external_task_marker_child' retrieved from /home/airflow/.local/lib/python3.12/site-packages/airflow/example_dags/example_external_task_marker_dag.py
[2024-09-02T04:38:06.271+0000] {logging_mixin.py:190} INFO - [2024-09-02T04:38:06.271+0000] {dag.py:3211} INFO - Sync 2 DAGs
[2024-09-02T04:38:06.329+0000] {logging_mixin.py:190} INFO - [2024-09-02T04:38:06.328+0000] {dag.py:4138} INFO - Setting next_dagrun for example_external_task_marker_child to None, run_after=None
[2024-09-02T04:38:06.342+0000] {logging_mixin.py:190} INFO - [2024-09-02T04:38:06.342+0000] {dag.py:4138} INFO - Setting next_dagrun for example_external_task_marker_parent to None, run_after=None
[2024-09-02T04:38:06.392+0000] {processor.py:208} INFO - Processing /home/airflow/.local/lib/python3.12/site-packages/airflow/example_dags/example_external_task_marker_dag.py took 0.235 seconds
[2024-09-02T04:38:36.606+0000] {processor.py:186} INFO - Started process (PID=1529) to work on /home/airflow/.local/lib/python3.12/site-packages/airflow/example_dags/example_external_task_marker_dag.py
[2024-09-02T04:38:36.609+0000] {processor.py:914} INFO - Processing file /home/airflow/.local/lib/python3.12/site-packages/airflow/example_dags/example_external_task_marker_dag.py for tasks to queue
[2024-09-02T04:38:36.616+0000] {logging_mixin.py:190} INFO - [2024-09-02T04:38:36.615+0000] {dagbag.py:587} INFO - Filling up the DagBag from /home/airflow/.local/lib/python3.12/site-packages/airflow/example_dags/example_external_task_marker_dag.py
[2024-09-02T04:38:36.636+0000] {processor.py:925} INFO - DAG(s) 'example_external_task_marker_child', 'example_external_task_marker_parent' retrieved from /home/airflow/.local/lib/python3.12/site-packages/airflow/example_dags/example_external_task_marker_dag.py
[2024-09-02T04:38:36.692+0000] {logging_mixin.py:190} INFO - [2024-09-02T04:38:36.691+0000] {dag.py:3211} INFO - Sync 2 DAGs
[2024-09-02T04:38:36.736+0000] {logging_mixin.py:190} INFO - [2024-09-02T04:38:36.735+0000] {dag.py:4138} INFO - Setting next_dagrun for example_external_task_marker_child to None, run_after=None
[2024-09-02T04:38:36.745+0000] {logging_mixin.py:190} INFO - [2024-09-02T04:38:36.745+0000] {dag.py:4138} INFO - Setting next_dagrun for example_external_task_marker_parent to None, run_after=None
[2024-09-02T04:38:36.782+0000] {processor.py:208} INFO - Processing /home/airflow/.local/lib/python3.12/site-packages/airflow/example_dags/example_external_task_marker_dag.py took 0.190 seconds
[2024-09-02T04:39:09.032+0000] {processor.py:186} INFO - Started process (PID=1592) to work on /home/airflow/.local/lib/python3.12/site-packages/airflow/example_dags/example_external_task_marker_dag.py
[2024-09-02T04:39:09.035+0000] {processor.py:914} INFO - Processing file /home/airflow/.local/lib/python3.12/site-packages/airflow/example_dags/example_external_task_marker_dag.py for tasks to queue
[2024-09-02T04:39:09.047+0000] {logging_mixin.py:190} INFO - [2024-09-02T04:39:09.045+0000] {dagbag.py:587} INFO - Filling up the DagBag from /home/airflow/.local/lib/python3.12/site-packages/airflow/example_dags/example_external_task_marker_dag.py
[2024-09-02T04:39:09.079+0000] {processor.py:925} INFO - DAG(s) 'example_external_task_marker_child', 'example_external_task_marker_parent' retrieved from /home/airflow/.local/lib/python3.12/site-packages/airflow/example_dags/example_external_task_marker_dag.py
[2024-09-02T04:39:09.175+0000] {logging_mixin.py:190} INFO - [2024-09-02T04:39:09.172+0000] {dag.py:3211} INFO - Sync 2 DAGs
[2024-09-02T04:39:09.240+0000] {logging_mixin.py:190} INFO - [2024-09-02T04:39:09.240+0000] {dag.py:4138} INFO - Setting next_dagrun for example_external_task_marker_child to None, run_after=None
[2024-09-02T04:39:09.257+0000] {logging_mixin.py:190} INFO - [2024-09-02T04:39:09.257+0000] {dag.py:4138} INFO - Setting next_dagrun for example_external_task_marker_parent to None, run_after=None
[2024-09-02T04:39:09.332+0000] {processor.py:208} INFO - Processing /home/airflow/.local/lib/python3.12/site-packages/airflow/example_dags/example_external_task_marker_dag.py took 0.332 seconds
[2024-09-02T04:39:39.497+0000] {processor.py:186} INFO - Started process (PID=1655) to work on /home/airflow/.local/lib/python3.12/site-packages/airflow/example_dags/example_external_task_marker_dag.py
[2024-09-02T04:39:39.501+0000] {processor.py:914} INFO - Processing file /home/airflow/.local/lib/python3.12/site-packages/airflow/example_dags/example_external_task_marker_dag.py for tasks to queue
[2024-09-02T04:39:39.512+0000] {logging_mixin.py:190} INFO - [2024-09-02T04:39:39.506+0000] {dagbag.py:587} INFO - Filling up the DagBag from /home/airflow/.local/lib/python3.12/site-packages/airflow/example_dags/example_external_task_marker_dag.py
[2024-09-02T04:39:39.566+0000] {processor.py:925} INFO - DAG(s) 'example_external_task_marker_child', 'example_external_task_marker_parent' retrieved from /home/airflow/.local/lib/python3.12/site-packages/airflow/example_dags/example_external_task_marker_dag.py
[2024-09-02T04:39:39.652+0000] {logging_mixin.py:190} INFO - [2024-09-02T04:39:39.651+0000] {dag.py:3211} INFO - Sync 2 DAGs
[2024-09-02T04:39:39.702+0000] {logging_mixin.py:190} INFO - [2024-09-02T04:39:39.702+0000] {dag.py:4138} INFO - Setting next_dagrun for example_external_task_marker_child to None, run_after=None
[2024-09-02T04:39:39.712+0000] {logging_mixin.py:190} INFO - [2024-09-02T04:39:39.712+0000] {dag.py:4138} INFO - Setting next_dagrun for example_external_task_marker_parent to None, run_after=None
[2024-09-02T04:39:39.771+0000] {processor.py:208} INFO - Processing /home/airflow/.local/lib/python3.12/site-packages/airflow/example_dags/example_external_task_marker_dag.py took 0.304 seconds
[2024-09-02T04:40:09.929+0000] {processor.py:186} INFO - Started process (PID=1718) to work on /home/airflow/.local/lib/python3.12/site-packages/airflow/example_dags/example_external_task_marker_dag.py
[2024-09-02T04:40:09.931+0000] {processor.py:914} INFO - Processing file /home/airflow/.local/lib/python3.12/site-packages/airflow/example_dags/example_external_task_marker_dag.py for tasks to queue
[2024-09-02T04:40:09.936+0000] {logging_mixin.py:190} INFO - [2024-09-02T04:40:09.936+0000] {dagbag.py:587} INFO - Filling up the DagBag from /home/airflow/.local/lib/python3.12/site-packages/airflow/example_dags/example_external_task_marker_dag.py
[2024-09-02T04:40:09.954+0000] {processor.py:925} INFO - DAG(s) 'example_external_task_marker_parent', 'example_external_task_marker_child' retrieved from /home/airflow/.local/lib/python3.12/site-packages/airflow/example_dags/example_external_task_marker_dag.py
[2024-09-02T04:40:10.006+0000] {logging_mixin.py:190} INFO - [2024-09-02T04:40:10.006+0000] {dag.py:3211} INFO - Sync 2 DAGs
[2024-09-02T04:40:10.039+0000] {logging_mixin.py:190} INFO - [2024-09-02T04:40:10.038+0000] {dag.py:4138} INFO - Setting next_dagrun for example_external_task_marker_child to None, run_after=None
[2024-09-02T04:40:10.046+0000] {logging_mixin.py:190} INFO - [2024-09-02T04:40:10.046+0000] {dag.py:4138} INFO - Setting next_dagrun for example_external_task_marker_parent to None, run_after=None
[2024-09-02T04:40:10.081+0000] {processor.py:208} INFO - Processing /home/airflow/.local/lib/python3.12/site-packages/airflow/example_dags/example_external_task_marker_dag.py took 0.167 seconds
[2024-09-02T04:40:40.809+0000] {processor.py:186} INFO - Started process (PID=1780) to work on /home/airflow/.local/lib/python3.12/site-packages/airflow/example_dags/example_external_task_marker_dag.py
[2024-09-02T04:40:40.813+0000] {processor.py:914} INFO - Processing file /home/airflow/.local/lib/python3.12/site-packages/airflow/example_dags/example_external_task_marker_dag.py for tasks to queue
[2024-09-02T04:40:40.820+0000] {logging_mixin.py:190} INFO - [2024-09-02T04:40:40.819+0000] {dagbag.py:587} INFO - Filling up the DagBag from /home/airflow/.local/lib/python3.12/site-packages/airflow/example_dags/example_external_task_marker_dag.py
[2024-09-02T04:40:40.843+0000] {processor.py:925} INFO - DAG(s) 'example_external_task_marker_child', 'example_external_task_marker_parent' retrieved from /home/airflow/.local/lib/python3.12/site-packages/airflow/example_dags/example_external_task_marker_dag.py
[2024-09-02T04:40:40.917+0000] {logging_mixin.py:190} INFO - [2024-09-02T04:40:40.917+0000] {dag.py:3211} INFO - Sync 2 DAGs
[2024-09-02T04:40:40.980+0000] {logging_mixin.py:190} INFO - [2024-09-02T04:40:40.979+0000] {dag.py:4138} INFO - Setting next_dagrun for example_external_task_marker_child to None, run_after=None
[2024-09-02T04:40:40.991+0000] {logging_mixin.py:190} INFO - [2024-09-02T04:40:40.990+0000] {dag.py:4138} INFO - Setting next_dagrun for example_external_task_marker_parent to None, run_after=None
[2024-09-02T04:40:41.040+0000] {processor.py:208} INFO - Processing /home/airflow/.local/lib/python3.12/site-packages/airflow/example_dags/example_external_task_marker_dag.py took 0.247 seconds
[2024-09-02T04:41:11.842+0000] {processor.py:186} INFO - Started process (PID=1848) to work on /home/airflow/.local/lib/python3.12/site-packages/airflow/example_dags/example_external_task_marker_dag.py
[2024-09-02T04:41:11.844+0000] {processor.py:914} INFO - Processing file /home/airflow/.local/lib/python3.12/site-packages/airflow/example_dags/example_external_task_marker_dag.py for tasks to queue
[2024-09-02T04:41:11.849+0000] {logging_mixin.py:190} INFO - [2024-09-02T04:41:11.848+0000] {dagbag.py:587} INFO - Filling up the DagBag from /home/airflow/.local/lib/python3.12/site-packages/airflow/example_dags/example_external_task_marker_dag.py
[2024-09-02T04:41:11.867+0000] {processor.py:925} INFO - DAG(s) 'example_external_task_marker_child', 'example_external_task_marker_parent' retrieved from /home/airflow/.local/lib/python3.12/site-packages/airflow/example_dags/example_external_task_marker_dag.py
[2024-09-02T04:41:11.916+0000] {logging_mixin.py:190} INFO - [2024-09-02T04:41:11.916+0000] {dag.py:3211} INFO - Sync 2 DAGs
[2024-09-02T04:41:11.945+0000] {logging_mixin.py:190} INFO - [2024-09-02T04:41:11.944+0000] {dag.py:4138} INFO - Setting next_dagrun for example_external_task_marker_child to None, run_after=None
[2024-09-02T04:41:11.952+0000] {logging_mixin.py:190} INFO - [2024-09-02T04:41:11.952+0000] {dag.py:4138} INFO - Setting next_dagrun for example_external_task_marker_parent to None, run_after=None
[2024-09-02T04:41:11.984+0000] {processor.py:208} INFO - Processing /home/airflow/.local/lib/python3.12/site-packages/airflow/example_dags/example_external_task_marker_dag.py took 0.154 seconds
[2024-09-02T04:41:42.689+0000] {processor.py:186} INFO - Started process (PID=1911) to work on /home/airflow/.local/lib/python3.12/site-packages/airflow/example_dags/example_external_task_marker_dag.py
[2024-09-02T04:41:42.691+0000] {processor.py:914} INFO - Processing file /home/airflow/.local/lib/python3.12/site-packages/airflow/example_dags/example_external_task_marker_dag.py for tasks to queue
[2024-09-02T04:41:42.697+0000] {logging_mixin.py:190} INFO - [2024-09-02T04:41:42.696+0000] {dagbag.py:587} INFO - Filling up the DagBag from /home/airflow/.local/lib/python3.12/site-packages/airflow/example_dags/example_external_task_marker_dag.py
[2024-09-02T04:41:42.716+0000] {processor.py:925} INFO - DAG(s) 'example_external_task_marker_child', 'example_external_task_marker_parent' retrieved from /home/airflow/.local/lib/python3.12/site-packages/airflow/example_dags/example_external_task_marker_dag.py
[2024-09-02T04:41:42.766+0000] {logging_mixin.py:190} INFO - [2024-09-02T04:41:42.766+0000] {dag.py:3211} INFO - Sync 2 DAGs
[2024-09-02T04:41:42.801+0000] {logging_mixin.py:190} INFO - [2024-09-02T04:41:42.800+0000] {dag.py:4138} INFO - Setting next_dagrun for example_external_task_marker_child to None, run_after=None
[2024-09-02T04:41:42.809+0000] {logging_mixin.py:190} INFO - [2024-09-02T04:41:42.808+0000] {dag.py:4138} INFO - Setting next_dagrun for example_external_task_marker_parent to None, run_after=None
[2024-09-02T04:41:42.846+0000] {processor.py:208} INFO - Processing /home/airflow/.local/lib/python3.12/site-packages/airflow/example_dags/example_external_task_marker_dag.py took 0.169 seconds
[2024-09-02T04:42:14.679+0000] {processor.py:186} INFO - Started process (PID=1974) to work on /home/airflow/.local/lib/python3.12/site-packages/airflow/example_dags/example_external_task_marker_dag.py
[2024-09-02T04:42:14.719+0000] {processor.py:914} INFO - Processing file /home/airflow/.local/lib/python3.12/site-packages/airflow/example_dags/example_external_task_marker_dag.py for tasks to queue
[2024-09-02T04:42:14.727+0000] {logging_mixin.py:190} INFO - [2024-09-02T04:42:14.726+0000] {dagbag.py:587} INFO - Filling up the DagBag from /home/airflow/.local/lib/python3.12/site-packages/airflow/example_dags/example_external_task_marker_dag.py
[2024-09-02T04:42:14.804+0000] {processor.py:925} INFO - DAG(s) 'example_external_task_marker_child', 'example_external_task_marker_parent' retrieved from /home/airflow/.local/lib/python3.12/site-packages/airflow/example_dags/example_external_task_marker_dag.py
[2024-09-02T04:42:15.046+0000] {logging_mixin.py:190} INFO - [2024-09-02T04:42:15.035+0000] {dag.py:3211} INFO - Sync 2 DAGs
[2024-09-02T04:42:15.163+0000] {logging_mixin.py:190} INFO - [2024-09-02T04:42:15.162+0000] {dag.py:4138} INFO - Setting next_dagrun for example_external_task_marker_child to None, run_after=None
[2024-09-02T04:42:15.172+0000] {logging_mixin.py:190} INFO - [2024-09-02T04:42:15.172+0000] {dag.py:4138} INFO - Setting next_dagrun for example_external_task_marker_parent to None, run_after=None
[2024-09-02T04:42:15.264+0000] {processor.py:208} INFO - Processing /home/airflow/.local/lib/python3.12/site-packages/airflow/example_dags/example_external_task_marker_dag.py took 0.622 seconds
[2024-09-02T04:42:46.019+0000] {processor.py:186} INFO - Started process (PID=2038) to work on /home/airflow/.local/lib/python3.12/site-packages/airflow/example_dags/example_external_task_marker_dag.py
[2024-09-02T04:42:46.023+0000] {processor.py:914} INFO - Processing file /home/airflow/.local/lib/python3.12/site-packages/airflow/example_dags/example_external_task_marker_dag.py for tasks to queue
[2024-09-02T04:42:46.031+0000] {logging_mixin.py:190} INFO - [2024-09-02T04:42:46.029+0000] {dagbag.py:587} INFO - Filling up the DagBag from /home/airflow/.local/lib/python3.12/site-packages/airflow/example_dags/example_external_task_marker_dag.py
[2024-09-02T04:42:46.055+0000] {processor.py:925} INFO - DAG(s) 'example_external_task_marker_child', 'example_external_task_marker_parent' retrieved from /home/airflow/.local/lib/python3.12/site-packages/airflow/example_dags/example_external_task_marker_dag.py
[2024-09-02T04:42:46.118+0000] {logging_mixin.py:190} INFO - [2024-09-02T04:42:46.118+0000] {dag.py:3211} INFO - Sync 2 DAGs
[2024-09-02T04:42:46.160+0000] {logging_mixin.py:190} INFO - [2024-09-02T04:42:46.159+0000] {dag.py:4138} INFO - Setting next_dagrun for example_external_task_marker_child to None, run_after=None
[2024-09-02T04:42:46.168+0000] {logging_mixin.py:190} INFO - [2024-09-02T04:42:46.168+0000] {dag.py:4138} INFO - Setting next_dagrun for example_external_task_marker_parent to None, run_after=None
[2024-09-02T04:42:46.203+0000] {processor.py:208} INFO - Processing /home/airflow/.local/lib/python3.12/site-packages/airflow/example_dags/example_external_task_marker_dag.py took 0.204 seconds
[2024-09-02T04:43:18.004+0000] {processor.py:186} INFO - Started process (PID=2102) to work on /home/airflow/.local/lib/python3.12/site-packages/airflow/example_dags/example_external_task_marker_dag.py
[2024-09-02T04:43:18.015+0000] {processor.py:914} INFO - Processing file /home/airflow/.local/lib/python3.12/site-packages/airflow/example_dags/example_external_task_marker_dag.py for tasks to queue
[2024-09-02T04:43:18.031+0000] {logging_mixin.py:190} INFO - [2024-09-02T04:43:18.021+0000] {dagbag.py:587} INFO - Filling up the DagBag from /home/airflow/.local/lib/python3.12/site-packages/airflow/example_dags/example_external_task_marker_dag.py
[2024-09-02T04:43:18.067+0000] {processor.py:925} INFO - DAG(s) 'example_external_task_marker_parent', 'example_external_task_marker_child' retrieved from /home/airflow/.local/lib/python3.12/site-packages/airflow/example_dags/example_external_task_marker_dag.py
[2024-09-02T04:43:18.144+0000] {logging_mixin.py:190} INFO - [2024-09-02T04:43:18.143+0000] {dag.py:3211} INFO - Sync 2 DAGs
[2024-09-02T04:43:18.193+0000] {logging_mixin.py:190} INFO - [2024-09-02T04:43:18.193+0000] {dag.py:4138} INFO - Setting next_dagrun for example_external_task_marker_child to None, run_after=None
[2024-09-02T04:43:18.201+0000] {logging_mixin.py:190} INFO - [2024-09-02T04:43:18.201+0000] {dag.py:4138} INFO - Setting next_dagrun for example_external_task_marker_parent to None, run_after=None
[2024-09-02T04:43:18.241+0000] {processor.py:208} INFO - Processing /home/airflow/.local/lib/python3.12/site-packages/airflow/example_dags/example_external_task_marker_dag.py took 0.266 seconds
[2024-09-02T04:43:48.822+0000] {processor.py:186} INFO - Started process (PID=2165) to work on /home/airflow/.local/lib/python3.12/site-packages/airflow/example_dags/example_external_task_marker_dag.py
[2024-09-02T04:43:48.824+0000] {processor.py:914} INFO - Processing file /home/airflow/.local/lib/python3.12/site-packages/airflow/example_dags/example_external_task_marker_dag.py for tasks to queue
[2024-09-02T04:43:48.830+0000] {logging_mixin.py:190} INFO - [2024-09-02T04:43:48.829+0000] {dagbag.py:587} INFO - Filling up the DagBag from /home/airflow/.local/lib/python3.12/site-packages/airflow/example_dags/example_external_task_marker_dag.py
[2024-09-02T04:43:48.849+0000] {processor.py:925} INFO - DAG(s) 'example_external_task_marker_parent', 'example_external_task_marker_child' retrieved from /home/airflow/.local/lib/python3.12/site-packages/airflow/example_dags/example_external_task_marker_dag.py
[2024-09-02T04:43:48.897+0000] {logging_mixin.py:190} INFO - [2024-09-02T04:43:48.897+0000] {dag.py:3211} INFO - Sync 2 DAGs
[2024-09-02T04:43:48.932+0000] {logging_mixin.py:190} INFO - [2024-09-02T04:43:48.932+0000] {dag.py:4138} INFO - Setting next_dagrun for example_external_task_marker_child to None, run_after=None
[2024-09-02T04:43:48.941+0000] {logging_mixin.py:190} INFO - [2024-09-02T04:43:48.940+0000] {dag.py:4138} INFO - Setting next_dagrun for example_external_task_marker_parent to None, run_after=None
[2024-09-02T04:43:48.982+0000] {processor.py:208} INFO - Processing /home/airflow/.local/lib/python3.12/site-packages/airflow/example_dags/example_external_task_marker_dag.py took 0.172 seconds
[2024-09-02T04:44:19.509+0000] {processor.py:186} INFO - Started process (PID=2227) to work on /home/airflow/.local/lib/python3.12/site-packages/airflow/example_dags/example_external_task_marker_dag.py
[2024-09-02T04:44:19.511+0000] {processor.py:914} INFO - Processing file /home/airflow/.local/lib/python3.12/site-packages/airflow/example_dags/example_external_task_marker_dag.py for tasks to queue
[2024-09-02T04:44:19.516+0000] {logging_mixin.py:190} INFO - [2024-09-02T04:44:19.515+0000] {dagbag.py:587} INFO - Filling up the DagBag from /home/airflow/.local/lib/python3.12/site-packages/airflow/example_dags/example_external_task_marker_dag.py
[2024-09-02T04:44:19.532+0000] {processor.py:925} INFO - DAG(s) 'example_external_task_marker_child', 'example_external_task_marker_parent' retrieved from /home/airflow/.local/lib/python3.12/site-packages/airflow/example_dags/example_external_task_marker_dag.py
[2024-09-02T04:44:19.578+0000] {logging_mixin.py:190} INFO - [2024-09-02T04:44:19.577+0000] {dag.py:3211} INFO - Sync 2 DAGs
[2024-09-02T04:44:19.608+0000] {logging_mixin.py:190} INFO - [2024-09-02T04:44:19.607+0000] {dag.py:4138} INFO - Setting next_dagrun for example_external_task_marker_child to None, run_after=None
[2024-09-02T04:44:19.616+0000] {logging_mixin.py:190} INFO - [2024-09-02T04:44:19.616+0000] {dag.py:4138} INFO - Setting next_dagrun for example_external_task_marker_parent to None, run_after=None
[2024-09-02T04:44:19.649+0000] {processor.py:208} INFO - Processing /home/airflow/.local/lib/python3.12/site-packages/airflow/example_dags/example_external_task_marker_dag.py took 0.152 seconds
[2024-09-02T04:44:50.022+0000] {processor.py:186} INFO - Started process (PID=2290) to work on /home/airflow/.local/lib/python3.12/site-packages/airflow/example_dags/example_external_task_marker_dag.py
[2024-09-02T04:44:50.024+0000] {processor.py:914} INFO - Processing file /home/airflow/.local/lib/python3.12/site-packages/airflow/example_dags/example_external_task_marker_dag.py for tasks to queue
[2024-09-02T04:44:50.029+0000] {logging_mixin.py:190} INFO - [2024-09-02T04:44:50.029+0000] {dagbag.py:587} INFO - Filling up the DagBag from /home/airflow/.local/lib/python3.12/site-packages/airflow/example_dags/example_external_task_marker_dag.py
[2024-09-02T04:44:50.047+0000] {processor.py:925} INFO - DAG(s) 'example_external_task_marker_child', 'example_external_task_marker_parent' retrieved from /home/airflow/.local/lib/python3.12/site-packages/airflow/example_dags/example_external_task_marker_dag.py
[2024-09-02T04:44:50.097+0000] {logging_mixin.py:190} INFO - [2024-09-02T04:44:50.097+0000] {dag.py:3211} INFO - Sync 2 DAGs
[2024-09-02T04:44:50.128+0000] {logging_mixin.py:190} INFO - [2024-09-02T04:44:50.128+0000] {dag.py:4138} INFO - Setting next_dagrun for example_external_task_marker_child to None, run_after=None
[2024-09-02T04:44:50.136+0000] {logging_mixin.py:190} INFO - [2024-09-02T04:44:50.135+0000] {dag.py:4138} INFO - Setting next_dagrun for example_external_task_marker_parent to None, run_after=None
[2024-09-02T04:44:50.168+0000] {processor.py:208} INFO - Processing /home/airflow/.local/lib/python3.12/site-packages/airflow/example_dags/example_external_task_marker_dag.py took 0.159 seconds
[2024-09-02T04:45:20.663+0000] {processor.py:186} INFO - Started process (PID=2353) to work on /home/airflow/.local/lib/python3.12/site-packages/airflow/example_dags/example_external_task_marker_dag.py
[2024-09-02T04:45:20.665+0000] {processor.py:914} INFO - Processing file /home/airflow/.local/lib/python3.12/site-packages/airflow/example_dags/example_external_task_marker_dag.py for tasks to queue
[2024-09-02T04:45:20.670+0000] {logging_mixin.py:190} INFO - [2024-09-02T04:45:20.669+0000] {dagbag.py:587} INFO - Filling up the DagBag from /home/airflow/.local/lib/python3.12/site-packages/airflow/example_dags/example_external_task_marker_dag.py
[2024-09-02T04:45:20.690+0000] {processor.py:925} INFO - DAG(s) 'example_external_task_marker_child', 'example_external_task_marker_parent' retrieved from /home/airflow/.local/lib/python3.12/site-packages/airflow/example_dags/example_external_task_marker_dag.py
[2024-09-02T04:45:20.758+0000] {logging_mixin.py:190} INFO - [2024-09-02T04:45:20.757+0000] {dag.py:3211} INFO - Sync 2 DAGs
[2024-09-02T04:45:20.813+0000] {logging_mixin.py:190} INFO - [2024-09-02T04:45:20.812+0000] {dag.py:4138} INFO - Setting next_dagrun for example_external_task_marker_child to None, run_after=None
[2024-09-02T04:45:20.828+0000] {logging_mixin.py:190} INFO - [2024-09-02T04:45:20.827+0000] {dag.py:4138} INFO - Setting next_dagrun for example_external_task_marker_parent to None, run_after=None
[2024-09-02T04:45:20.902+0000] {processor.py:208} INFO - Processing /home/airflow/.local/lib/python3.12/site-packages/airflow/example_dags/example_external_task_marker_dag.py took 0.251 seconds
[2024-09-02T04:45:52.086+0000] {processor.py:186} INFO - Started process (PID=2419) to work on /home/airflow/.local/lib/python3.12/site-packages/airflow/example_dags/example_external_task_marker_dag.py
[2024-09-02T04:45:52.089+0000] {processor.py:914} INFO - Processing file /home/airflow/.local/lib/python3.12/site-packages/airflow/example_dags/example_external_task_marker_dag.py for tasks to queue
[2024-09-02T04:45:52.094+0000] {logging_mixin.py:190} INFO - [2024-09-02T04:45:52.094+0000] {dagbag.py:587} INFO - Filling up the DagBag from /home/airflow/.local/lib/python3.12/site-packages/airflow/example_dags/example_external_task_marker_dag.py
[2024-09-02T04:45:52.125+0000] {processor.py:925} INFO - DAG(s) 'example_external_task_marker_parent', 'example_external_task_marker_child' retrieved from /home/airflow/.local/lib/python3.12/site-packages/airflow/example_dags/example_external_task_marker_dag.py
[2024-09-02T04:45:52.179+0000] {logging_mixin.py:190} INFO - [2024-09-02T04:45:52.178+0000] {dag.py:3211} INFO - Sync 2 DAGs
[2024-09-02T04:45:52.213+0000] {logging_mixin.py:190} INFO - [2024-09-02T04:45:52.212+0000] {dag.py:4138} INFO - Setting next_dagrun for example_external_task_marker_child to None, run_after=None
[2024-09-02T04:45:52.220+0000] {logging_mixin.py:190} INFO - [2024-09-02T04:45:52.220+0000] {dag.py:4138} INFO - Setting next_dagrun for example_external_task_marker_parent to None, run_after=None
[2024-09-02T04:45:52.258+0000] {processor.py:208} INFO - Processing /home/airflow/.local/lib/python3.12/site-packages/airflow/example_dags/example_external_task_marker_dag.py took 0.187 seconds
[2024-09-02T04:46:22.414+0000] {processor.py:186} INFO - Started process (PID=2483) to work on /home/airflow/.local/lib/python3.12/site-packages/airflow/example_dags/example_external_task_marker_dag.py
[2024-09-02T04:46:22.416+0000] {processor.py:914} INFO - Processing file /home/airflow/.local/lib/python3.12/site-packages/airflow/example_dags/example_external_task_marker_dag.py for tasks to queue
[2024-09-02T04:46:22.421+0000] {logging_mixin.py:190} INFO - [2024-09-02T04:46:22.420+0000] {dagbag.py:587} INFO - Filling up the DagBag from /home/airflow/.local/lib/python3.12/site-packages/airflow/example_dags/example_external_task_marker_dag.py
[2024-09-02T04:46:22.436+0000] {processor.py:925} INFO - DAG(s) 'example_external_task_marker_child', 'example_external_task_marker_parent' retrieved from /home/airflow/.local/lib/python3.12/site-packages/airflow/example_dags/example_external_task_marker_dag.py
[2024-09-02T04:46:22.484+0000] {logging_mixin.py:190} INFO - [2024-09-02T04:46:22.483+0000] {dag.py:3211} INFO - Sync 2 DAGs
[2024-09-02T04:46:22.534+0000] {logging_mixin.py:190} INFO - [2024-09-02T04:46:22.533+0000] {dag.py:4138} INFO - Setting next_dagrun for example_external_task_marker_child to None, run_after=None
[2024-09-02T04:46:22.545+0000] {logging_mixin.py:190} INFO - [2024-09-02T04:46:22.544+0000] {dag.py:4138} INFO - Setting next_dagrun for example_external_task_marker_parent to None, run_after=None
[2024-09-02T04:46:22.583+0000] {processor.py:208} INFO - Processing /home/airflow/.local/lib/python3.12/site-packages/airflow/example_dags/example_external_task_marker_dag.py took 0.181 seconds
[2024-09-02T04:46:56.296+0000] {processor.py:186} INFO - Started process (PID=2547) to work on /home/airflow/.local/lib/python3.12/site-packages/airflow/example_dags/example_external_task_marker_dag.py
[2024-09-02T04:46:56.316+0000] {processor.py:914} INFO - Processing file /home/airflow/.local/lib/python3.12/site-packages/airflow/example_dags/example_external_task_marker_dag.py for tasks to queue
[2024-09-02T04:46:56.324+0000] {logging_mixin.py:190} INFO - [2024-09-02T04:46:56.323+0000] {dagbag.py:587} INFO - Filling up the DagBag from /home/airflow/.local/lib/python3.12/site-packages/airflow/example_dags/example_external_task_marker_dag.py
[2024-09-02T04:46:56.387+0000] {processor.py:925} INFO - DAG(s) 'example_external_task_marker_child', 'example_external_task_marker_parent' retrieved from /home/airflow/.local/lib/python3.12/site-packages/airflow/example_dags/example_external_task_marker_dag.py
[2024-09-02T04:46:56.518+0000] {logging_mixin.py:190} INFO - [2024-09-02T04:46:56.518+0000] {dag.py:3211} INFO - Sync 2 DAGs
[2024-09-02T04:46:56.601+0000] {logging_mixin.py:190} INFO - [2024-09-02T04:46:56.601+0000] {dag.py:4138} INFO - Setting next_dagrun for example_external_task_marker_child to None, run_after=None
[2024-09-02T04:46:56.620+0000] {logging_mixin.py:190} INFO - [2024-09-02T04:46:56.619+0000] {dag.py:4138} INFO - Setting next_dagrun for example_external_task_marker_parent to None, run_after=None
[2024-09-02T04:46:56.688+0000] {processor.py:208} INFO - Processing /home/airflow/.local/lib/python3.12/site-packages/airflow/example_dags/example_external_task_marker_dag.py took 0.416 seconds
