[2024-09-02T04:13:46.139+0000] {processor.py:186} INFO - Started process (PID=97) to work on /home/airflow/.local/lib/python3.12/site-packages/airflow/example_dags/tutorial.py
[2024-09-02T04:13:46.142+0000] {processor.py:914} INFO - Processing file /home/airflow/.local/lib/python3.12/site-packages/airflow/example_dags/tutorial.py for tasks to queue
[2024-09-02T04:13:46.159+0000] {logging_mixin.py:190} INFO - [2024-09-02T04:13:46.158+0000] {dagbag.py:587} INFO - Filling up the DagBag from /home/airflow/.local/lib/python3.12/site-packages/airflow/example_dags/tutorial.py
[2024-09-02T04:13:46.206+0000] {processor.py:925} INFO - DAG(s) 'tutorial' retrieved from /home/airflow/.local/lib/python3.12/site-packages/airflow/example_dags/tutorial.py
[2024-09-02T04:13:46.858+0000] {logging_mixin.py:190} INFO - [2024-09-02T04:13:46.856+0000] {override.py:1858} INFO - Created Permission View: can read on DAG:tutorial
[2024-09-02T04:13:46.921+0000] {logging_mixin.py:190} INFO - [2024-09-02T04:13:46.920+0000] {override.py:1858} INFO - Created Permission View: can delete on DAG:tutorial
[2024-09-02T04:13:46.984+0000] {logging_mixin.py:190} INFO - [2024-09-02T04:13:46.983+0000] {override.py:1858} INFO - Created Permission View: can edit on DAG:tutorial
[2024-09-02T04:13:46.988+0000] {logging_mixin.py:190} INFO - [2024-09-02T04:13:46.988+0000] {dag.py:3211} INFO - Sync 1 DAGs
[2024-09-02T04:13:47.054+0000] {logging_mixin.py:190} INFO - [2024-09-02T04:13:47.054+0000] {dag.py:3234} INFO - Creating ORM DAG for tutorial
[2024-09-02T04:13:47.100+0000] {logging_mixin.py:190} INFO - [2024-09-02T04:13:47.100+0000] {dag.py:4138} INFO - Setting next_dagrun for tutorial to 2024-09-01 00:00:00+00:00, run_after=2024-09-02 00:00:00+00:00
[2024-09-02T04:13:47.207+0000] {processor.py:208} INFO - Processing /home/airflow/.local/lib/python3.12/site-packages/airflow/example_dags/tutorial.py took 1.140 seconds
[2024-09-02T04:14:17.715+0000] {processor.py:186} INFO - Started process (PID=160) to work on /home/airflow/.local/lib/python3.12/site-packages/airflow/example_dags/tutorial.py
[2024-09-02T04:14:17.744+0000] {processor.py:914} INFO - Processing file /home/airflow/.local/lib/python3.12/site-packages/airflow/example_dags/tutorial.py for tasks to queue
[2024-09-02T04:14:17.792+0000] {logging_mixin.py:190} INFO - [2024-09-02T04:14:17.779+0000] {dagbag.py:587} INFO - Filling up the DagBag from /home/airflow/.local/lib/python3.12/site-packages/airflow/example_dags/tutorial.py
[2024-09-02T04:14:17.901+0000] {processor.py:925} INFO - DAG(s) 'tutorial' retrieved from /home/airflow/.local/lib/python3.12/site-packages/airflow/example_dags/tutorial.py
[2024-09-02T04:14:18.111+0000] {logging_mixin.py:190} INFO - [2024-09-02T04:14:18.110+0000] {dag.py:3211} INFO - Sync 1 DAGs
[2024-09-02T04:14:18.357+0000] {logging_mixin.py:190} INFO - [2024-09-02T04:14:18.357+0000] {dag.py:4138} INFO - Setting next_dagrun for tutorial to 2024-09-01 00:00:00+00:00, run_after=2024-09-02 00:00:00+00:00
[2024-09-02T04:14:18.517+0000] {processor.py:208} INFO - Processing /home/airflow/.local/lib/python3.12/site-packages/airflow/example_dags/tutorial.py took 0.851 seconds
[2024-09-02T04:14:49.069+0000] {processor.py:186} INFO - Started process (PID=223) to work on /home/airflow/.local/lib/python3.12/site-packages/airflow/example_dags/tutorial.py
[2024-09-02T04:14:49.071+0000] {processor.py:914} INFO - Processing file /home/airflow/.local/lib/python3.12/site-packages/airflow/example_dags/tutorial.py for tasks to queue
[2024-09-02T04:14:49.077+0000] {logging_mixin.py:190} INFO - [2024-09-02T04:14:49.077+0000] {dagbag.py:587} INFO - Filling up the DagBag from /home/airflow/.local/lib/python3.12/site-packages/airflow/example_dags/tutorial.py
[2024-09-02T04:14:49.093+0000] {processor.py:925} INFO - DAG(s) 'tutorial' retrieved from /home/airflow/.local/lib/python3.12/site-packages/airflow/example_dags/tutorial.py
[2024-09-02T04:14:49.139+0000] {logging_mixin.py:190} INFO - [2024-09-02T04:14:49.139+0000] {dag.py:3211} INFO - Sync 1 DAGs
[2024-09-02T04:14:49.200+0000] {logging_mixin.py:190} INFO - [2024-09-02T04:14:49.200+0000] {dag.py:4138} INFO - Setting next_dagrun for tutorial to 2024-09-01 00:00:00+00:00, run_after=2024-09-02 00:00:00+00:00
[2024-09-02T04:14:49.246+0000] {processor.py:208} INFO - Processing /home/airflow/.local/lib/python3.12/site-packages/airflow/example_dags/tutorial.py took 0.189 seconds
[2024-09-02T04:15:19.358+0000] {processor.py:186} INFO - Started process (PID=285) to work on /home/airflow/.local/lib/python3.12/site-packages/airflow/example_dags/tutorial.py
[2024-09-02T04:15:19.360+0000] {processor.py:914} INFO - Processing file /home/airflow/.local/lib/python3.12/site-packages/airflow/example_dags/tutorial.py for tasks to queue
[2024-09-02T04:15:19.365+0000] {logging_mixin.py:190} INFO - [2024-09-02T04:15:19.364+0000] {dagbag.py:587} INFO - Filling up the DagBag from /home/airflow/.local/lib/python3.12/site-packages/airflow/example_dags/tutorial.py
[2024-09-02T04:15:19.384+0000] {processor.py:925} INFO - DAG(s) 'tutorial' retrieved from /home/airflow/.local/lib/python3.12/site-packages/airflow/example_dags/tutorial.py
[2024-09-02T04:15:19.427+0000] {logging_mixin.py:190} INFO - [2024-09-02T04:15:19.427+0000] {dag.py:3211} INFO - Sync 1 DAGs
[2024-09-02T04:15:19.477+0000] {logging_mixin.py:190} INFO - [2024-09-02T04:15:19.477+0000] {dag.py:4138} INFO - Setting next_dagrun for tutorial to 2024-09-01 00:00:00+00:00, run_after=2024-09-02 00:00:00+00:00
[2024-09-02T04:15:19.517+0000] {processor.py:208} INFO - Processing /home/airflow/.local/lib/python3.12/site-packages/airflow/example_dags/tutorial.py took 0.172 seconds
[2024-09-02T04:15:50.013+0000] {processor.py:186} INFO - Started process (PID=349) to work on /home/airflow/.local/lib/python3.12/site-packages/airflow/example_dags/tutorial.py
[2024-09-02T04:15:50.015+0000] {processor.py:914} INFO - Processing file /home/airflow/.local/lib/python3.12/site-packages/airflow/example_dags/tutorial.py for tasks to queue
[2024-09-02T04:15:50.020+0000] {logging_mixin.py:190} INFO - [2024-09-02T04:15:50.020+0000] {dagbag.py:587} INFO - Filling up the DagBag from /home/airflow/.local/lib/python3.12/site-packages/airflow/example_dags/tutorial.py
[2024-09-02T04:15:50.038+0000] {processor.py:925} INFO - DAG(s) 'tutorial' retrieved from /home/airflow/.local/lib/python3.12/site-packages/airflow/example_dags/tutorial.py
[2024-09-02T04:15:50.083+0000] {logging_mixin.py:190} INFO - [2024-09-02T04:15:50.082+0000] {dag.py:3211} INFO - Sync 1 DAGs
[2024-09-02T04:15:50.134+0000] {logging_mixin.py:190} INFO - [2024-09-02T04:15:50.133+0000] {dag.py:4138} INFO - Setting next_dagrun for tutorial to 2024-09-01 00:00:00+00:00, run_after=2024-09-02 00:00:00+00:00
[2024-09-02T04:15:50.171+0000] {processor.py:208} INFO - Processing /home/airflow/.local/lib/python3.12/site-packages/airflow/example_dags/tutorial.py took 0.171 seconds
[2024-09-02T04:16:20.990+0000] {processor.py:186} INFO - Started process (PID=412) to work on /home/airflow/.local/lib/python3.12/site-packages/airflow/example_dags/tutorial.py
[2024-09-02T04:16:20.991+0000] {processor.py:914} INFO - Processing file /home/airflow/.local/lib/python3.12/site-packages/airflow/example_dags/tutorial.py for tasks to queue
[2024-09-02T04:16:20.996+0000] {logging_mixin.py:190} INFO - [2024-09-02T04:16:20.995+0000] {dagbag.py:587} INFO - Filling up the DagBag from /home/airflow/.local/lib/python3.12/site-packages/airflow/example_dags/tutorial.py
[2024-09-02T04:16:21.012+0000] {processor.py:925} INFO - DAG(s) 'tutorial' retrieved from /home/airflow/.local/lib/python3.12/site-packages/airflow/example_dags/tutorial.py
[2024-09-02T04:16:21.059+0000] {logging_mixin.py:190} INFO - [2024-09-02T04:16:21.059+0000] {dag.py:3211} INFO - Sync 1 DAGs
[2024-09-02T04:16:21.114+0000] {logging_mixin.py:190} INFO - [2024-09-02T04:16:21.113+0000] {dag.py:4138} INFO - Setting next_dagrun for tutorial to 2024-09-01 00:00:00+00:00, run_after=2024-09-02 00:00:00+00:00
[2024-09-02T04:16:21.155+0000] {processor.py:208} INFO - Processing /home/airflow/.local/lib/python3.12/site-packages/airflow/example_dags/tutorial.py took 0.178 seconds
[2024-09-02T04:16:51.328+0000] {processor.py:186} INFO - Started process (PID=475) to work on /home/airflow/.local/lib/python3.12/site-packages/airflow/example_dags/tutorial.py
[2024-09-02T04:16:51.331+0000] {processor.py:914} INFO - Processing file /home/airflow/.local/lib/python3.12/site-packages/airflow/example_dags/tutorial.py for tasks to queue
[2024-09-02T04:16:51.338+0000] {logging_mixin.py:190} INFO - [2024-09-02T04:16:51.337+0000] {dagbag.py:587} INFO - Filling up the DagBag from /home/airflow/.local/lib/python3.12/site-packages/airflow/example_dags/tutorial.py
[2024-09-02T04:16:51.360+0000] {processor.py:925} INFO - DAG(s) 'tutorial' retrieved from /home/airflow/.local/lib/python3.12/site-packages/airflow/example_dags/tutorial.py
[2024-09-02T04:16:51.412+0000] {logging_mixin.py:190} INFO - [2024-09-02T04:16:51.411+0000] {dag.py:3211} INFO - Sync 1 DAGs
[2024-09-02T04:16:51.483+0000] {logging_mixin.py:190} INFO - [2024-09-02T04:16:51.482+0000] {dag.py:4138} INFO - Setting next_dagrun for tutorial to 2024-09-01 00:00:00+00:00, run_after=2024-09-02 00:00:00+00:00
[2024-09-02T04:16:51.526+0000] {processor.py:208} INFO - Processing /home/airflow/.local/lib/python3.12/site-packages/airflow/example_dags/tutorial.py took 0.212 seconds
[2024-09-02T04:17:21.781+0000] {processor.py:186} INFO - Started process (PID=538) to work on /home/airflow/.local/lib/python3.12/site-packages/airflow/example_dags/tutorial.py
[2024-09-02T04:17:21.782+0000] {processor.py:914} INFO - Processing file /home/airflow/.local/lib/python3.12/site-packages/airflow/example_dags/tutorial.py for tasks to queue
[2024-09-02T04:17:21.787+0000] {logging_mixin.py:190} INFO - [2024-09-02T04:17:21.786+0000] {dagbag.py:587} INFO - Filling up the DagBag from /home/airflow/.local/lib/python3.12/site-packages/airflow/example_dags/tutorial.py
[2024-09-02T04:17:21.803+0000] {processor.py:925} INFO - DAG(s) 'tutorial' retrieved from /home/airflow/.local/lib/python3.12/site-packages/airflow/example_dags/tutorial.py
[2024-09-02T04:17:21.843+0000] {logging_mixin.py:190} INFO - [2024-09-02T04:17:21.843+0000] {dag.py:3211} INFO - Sync 1 DAGs
[2024-09-02T04:17:21.897+0000] {logging_mixin.py:190} INFO - [2024-09-02T04:17:21.897+0000] {dag.py:4138} INFO - Setting next_dagrun for tutorial to 2024-09-01 00:00:00+00:00, run_after=2024-09-02 00:00:00+00:00
[2024-09-02T04:17:21.933+0000] {processor.py:208} INFO - Processing /home/airflow/.local/lib/python3.12/site-packages/airflow/example_dags/tutorial.py took 0.164 seconds
[2024-09-02T04:17:52.463+0000] {processor.py:186} INFO - Started process (PID=601) to work on /home/airflow/.local/lib/python3.12/site-packages/airflow/example_dags/tutorial.py
[2024-09-02T04:17:52.465+0000] {processor.py:914} INFO - Processing file /home/airflow/.local/lib/python3.12/site-packages/airflow/example_dags/tutorial.py for tasks to queue
[2024-09-02T04:17:52.470+0000] {logging_mixin.py:190} INFO - [2024-09-02T04:17:52.470+0000] {dagbag.py:587} INFO - Filling up the DagBag from /home/airflow/.local/lib/python3.12/site-packages/airflow/example_dags/tutorial.py
[2024-09-02T04:17:52.488+0000] {processor.py:925} INFO - DAG(s) 'tutorial' retrieved from /home/airflow/.local/lib/python3.12/site-packages/airflow/example_dags/tutorial.py
[2024-09-02T04:17:52.537+0000] {logging_mixin.py:190} INFO - [2024-09-02T04:17:52.536+0000] {dag.py:3211} INFO - Sync 1 DAGs
[2024-09-02T04:17:52.595+0000] {logging_mixin.py:190} INFO - [2024-09-02T04:17:52.595+0000] {dag.py:4138} INFO - Setting next_dagrun for tutorial to 2024-09-01 00:00:00+00:00, run_after=2024-09-02 00:00:00+00:00
[2024-09-02T04:17:52.641+0000] {processor.py:208} INFO - Processing /home/airflow/.local/lib/python3.12/site-packages/airflow/example_dags/tutorial.py took 0.191 seconds
[2024-09-02T04:18:22.888+0000] {processor.py:186} INFO - Started process (PID=664) to work on /home/airflow/.local/lib/python3.12/site-packages/airflow/example_dags/tutorial.py
[2024-09-02T04:18:22.891+0000] {processor.py:914} INFO - Processing file /home/airflow/.local/lib/python3.12/site-packages/airflow/example_dags/tutorial.py for tasks to queue
[2024-09-02T04:18:22.897+0000] {logging_mixin.py:190} INFO - [2024-09-02T04:18:22.896+0000] {dagbag.py:587} INFO - Filling up the DagBag from /home/airflow/.local/lib/python3.12/site-packages/airflow/example_dags/tutorial.py
[2024-09-02T04:18:22.913+0000] {processor.py:925} INFO - DAG(s) 'tutorial' retrieved from /home/airflow/.local/lib/python3.12/site-packages/airflow/example_dags/tutorial.py
[2024-09-02T04:18:22.955+0000] {logging_mixin.py:190} INFO - [2024-09-02T04:18:22.955+0000] {dag.py:3211} INFO - Sync 1 DAGs
[2024-09-02T04:18:23.006+0000] {logging_mixin.py:190} INFO - [2024-09-02T04:18:23.005+0000] {dag.py:4138} INFO - Setting next_dagrun for tutorial to 2024-09-01 00:00:00+00:00, run_after=2024-09-02 00:00:00+00:00
[2024-09-02T04:18:23.046+0000] {processor.py:208} INFO - Processing /home/airflow/.local/lib/python3.12/site-packages/airflow/example_dags/tutorial.py took 0.170 seconds
[2024-09-02T04:18:53.638+0000] {processor.py:186} INFO - Started process (PID=727) to work on /home/airflow/.local/lib/python3.12/site-packages/airflow/example_dags/tutorial.py
[2024-09-02T04:18:53.640+0000] {processor.py:914} INFO - Processing file /home/airflow/.local/lib/python3.12/site-packages/airflow/example_dags/tutorial.py for tasks to queue
[2024-09-02T04:18:53.645+0000] {logging_mixin.py:190} INFO - [2024-09-02T04:18:53.644+0000] {dagbag.py:587} INFO - Filling up the DagBag from /home/airflow/.local/lib/python3.12/site-packages/airflow/example_dags/tutorial.py
[2024-09-02T04:18:53.664+0000] {processor.py:925} INFO - DAG(s) 'tutorial' retrieved from /home/airflow/.local/lib/python3.12/site-packages/airflow/example_dags/tutorial.py
[2024-09-02T04:18:53.713+0000] {logging_mixin.py:190} INFO - [2024-09-02T04:18:53.712+0000] {dag.py:3211} INFO - Sync 1 DAGs
[2024-09-02T04:18:53.773+0000] {logging_mixin.py:190} INFO - [2024-09-02T04:18:53.772+0000] {dag.py:4138} INFO - Setting next_dagrun for tutorial to 2024-09-01 00:00:00+00:00, run_after=2024-09-02 00:00:00+00:00
[2024-09-02T04:18:53.813+0000] {processor.py:208} INFO - Processing /home/airflow/.local/lib/python3.12/site-packages/airflow/example_dags/tutorial.py took 0.187 seconds
[2024-09-02T04:19:24.415+0000] {processor.py:186} INFO - Started process (PID=789) to work on /home/airflow/.local/lib/python3.12/site-packages/airflow/example_dags/tutorial.py
[2024-09-02T04:19:24.418+0000] {processor.py:914} INFO - Processing file /home/airflow/.local/lib/python3.12/site-packages/airflow/example_dags/tutorial.py for tasks to queue
[2024-09-02T04:19:24.423+0000] {logging_mixin.py:190} INFO - [2024-09-02T04:19:24.423+0000] {dagbag.py:587} INFO - Filling up the DagBag from /home/airflow/.local/lib/python3.12/site-packages/airflow/example_dags/tutorial.py
[2024-09-02T04:19:24.447+0000] {processor.py:925} INFO - DAG(s) 'tutorial' retrieved from /home/airflow/.local/lib/python3.12/site-packages/airflow/example_dags/tutorial.py
[2024-09-02T04:19:24.512+0000] {logging_mixin.py:190} INFO - [2024-09-02T04:19:24.510+0000] {dag.py:3211} INFO - Sync 1 DAGs
[2024-09-02T04:19:24.604+0000] {logging_mixin.py:190} INFO - [2024-09-02T04:19:24.604+0000] {dag.py:4138} INFO - Setting next_dagrun for tutorial to 2024-09-01 00:00:00+00:00, run_after=2024-09-02 00:00:00+00:00
[2024-09-02T04:19:24.661+0000] {processor.py:208} INFO - Processing /home/airflow/.local/lib/python3.12/site-packages/airflow/example_dags/tutorial.py took 0.266 seconds
[2024-09-02T04:19:55.455+0000] {processor.py:186} INFO - Started process (PID=852) to work on /home/airflow/.local/lib/python3.12/site-packages/airflow/example_dags/tutorial.py
[2024-09-02T04:19:55.457+0000] {processor.py:914} INFO - Processing file /home/airflow/.local/lib/python3.12/site-packages/airflow/example_dags/tutorial.py for tasks to queue
[2024-09-02T04:19:55.472+0000] {logging_mixin.py:190} INFO - [2024-09-02T04:19:55.468+0000] {dagbag.py:587} INFO - Filling up the DagBag from /home/airflow/.local/lib/python3.12/site-packages/airflow/example_dags/tutorial.py
[2024-09-02T04:19:55.508+0000] {processor.py:925} INFO - DAG(s) 'tutorial' retrieved from /home/airflow/.local/lib/python3.12/site-packages/airflow/example_dags/tutorial.py
[2024-09-02T04:19:55.645+0000] {logging_mixin.py:190} INFO - [2024-09-02T04:19:55.644+0000] {dag.py:3211} INFO - Sync 1 DAGs
[2024-09-02T04:19:55.820+0000] {logging_mixin.py:190} INFO - [2024-09-02T04:19:55.820+0000] {dag.py:4138} INFO - Setting next_dagrun for tutorial to 2024-09-01 00:00:00+00:00, run_after=2024-09-02 00:00:00+00:00
[2024-09-02T04:19:55.993+0000] {processor.py:208} INFO - Processing /home/airflow/.local/lib/python3.12/site-packages/airflow/example_dags/tutorial.py took 0.565 seconds
[2024-09-02T04:20:26.406+0000] {processor.py:186} INFO - Started process (PID=915) to work on /home/airflow/.local/lib/python3.12/site-packages/airflow/example_dags/tutorial.py
[2024-09-02T04:20:26.410+0000] {processor.py:914} INFO - Processing file /home/airflow/.local/lib/python3.12/site-packages/airflow/example_dags/tutorial.py for tasks to queue
[2024-09-02T04:20:26.422+0000] {logging_mixin.py:190} INFO - [2024-09-02T04:20:26.421+0000] {dagbag.py:587} INFO - Filling up the DagBag from /home/airflow/.local/lib/python3.12/site-packages/airflow/example_dags/tutorial.py
[2024-09-02T04:20:26.452+0000] {processor.py:925} INFO - DAG(s) 'tutorial' retrieved from /home/airflow/.local/lib/python3.12/site-packages/airflow/example_dags/tutorial.py
[2024-09-02T04:20:26.512+0000] {logging_mixin.py:190} INFO - [2024-09-02T04:20:26.512+0000] {dag.py:3211} INFO - Sync 1 DAGs
[2024-09-02T04:20:26.599+0000] {logging_mixin.py:190} INFO - [2024-09-02T04:20:26.599+0000] {dag.py:4138} INFO - Setting next_dagrun for tutorial to 2024-09-01 00:00:00+00:00, run_after=2024-09-02 00:00:00+00:00
[2024-09-02T04:20:26.645+0000] {processor.py:208} INFO - Processing /home/airflow/.local/lib/python3.12/site-packages/airflow/example_dags/tutorial.py took 0.259 seconds
[2024-09-02T04:20:57.381+0000] {processor.py:186} INFO - Started process (PID=979) to work on /home/airflow/.local/lib/python3.12/site-packages/airflow/example_dags/tutorial.py
[2024-09-02T04:20:57.384+0000] {processor.py:914} INFO - Processing file /home/airflow/.local/lib/python3.12/site-packages/airflow/example_dags/tutorial.py for tasks to queue
[2024-09-02T04:20:57.393+0000] {logging_mixin.py:190} INFO - [2024-09-02T04:20:57.392+0000] {dagbag.py:587} INFO - Filling up the DagBag from /home/airflow/.local/lib/python3.12/site-packages/airflow/example_dags/tutorial.py
[2024-09-02T04:20:57.424+0000] {processor.py:925} INFO - DAG(s) 'tutorial' retrieved from /home/airflow/.local/lib/python3.12/site-packages/airflow/example_dags/tutorial.py
[2024-09-02T04:20:57.511+0000] {logging_mixin.py:190} INFO - [2024-09-02T04:20:57.511+0000] {dag.py:3211} INFO - Sync 1 DAGs
[2024-09-02T04:20:57.645+0000] {logging_mixin.py:190} INFO - [2024-09-02T04:20:57.645+0000] {dag.py:4138} INFO - Setting next_dagrun for tutorial to 2024-09-01 00:00:00+00:00, run_after=2024-09-02 00:00:00+00:00
[2024-09-02T04:20:57.774+0000] {processor.py:208} INFO - Processing /home/airflow/.local/lib/python3.12/site-packages/airflow/example_dags/tutorial.py took 0.409 seconds
[2024-09-02T04:21:39.250+0000] {processor.py:186} INFO - Started process (PID=1042) to work on /home/airflow/.local/lib/python3.12/site-packages/airflow/example_dags/tutorial.py
[2024-09-02T04:21:39.256+0000] {processor.py:914} INFO - Processing file /home/airflow/.local/lib/python3.12/site-packages/airflow/example_dags/tutorial.py for tasks to queue
[2024-09-02T04:21:39.283+0000] {logging_mixin.py:190} INFO - [2024-09-02T04:21:39.282+0000] {dagbag.py:587} INFO - Filling up the DagBag from /home/airflow/.local/lib/python3.12/site-packages/airflow/example_dags/tutorial.py
[2024-09-02T04:21:39.362+0000] {processor.py:925} INFO - DAG(s) 'tutorial' retrieved from /home/airflow/.local/lib/python3.12/site-packages/airflow/example_dags/tutorial.py
[2024-09-02T04:21:39.522+0000] {logging_mixin.py:190} INFO - [2024-09-02T04:21:39.521+0000] {dag.py:3211} INFO - Sync 1 DAGs
[2024-09-02T04:21:39.682+0000] {logging_mixin.py:190} INFO - [2024-09-02T04:21:39.681+0000] {dag.py:4138} INFO - Setting next_dagrun for tutorial to 2024-09-01 00:00:00+00:00, run_after=2024-09-02 00:00:00+00:00
[2024-09-02T04:21:39.807+0000] {processor.py:208} INFO - Processing /home/airflow/.local/lib/python3.12/site-packages/airflow/example_dags/tutorial.py took 0.612 seconds
[2024-09-02T04:22:10.123+0000] {processor.py:186} INFO - Started process (PID=1105) to work on /home/airflow/.local/lib/python3.12/site-packages/airflow/example_dags/tutorial.py
[2024-09-02T04:22:10.127+0000] {processor.py:914} INFO - Processing file /home/airflow/.local/lib/python3.12/site-packages/airflow/example_dags/tutorial.py for tasks to queue
[2024-09-02T04:22:10.140+0000] {logging_mixin.py:190} INFO - [2024-09-02T04:22:10.138+0000] {dagbag.py:587} INFO - Filling up the DagBag from /home/airflow/.local/lib/python3.12/site-packages/airflow/example_dags/tutorial.py
[2024-09-02T04:22:10.193+0000] {processor.py:925} INFO - DAG(s) 'tutorial' retrieved from /home/airflow/.local/lib/python3.12/site-packages/airflow/example_dags/tutorial.py
[2024-09-02T04:22:10.300+0000] {logging_mixin.py:190} INFO - [2024-09-02T04:22:10.300+0000] {dag.py:3211} INFO - Sync 1 DAGs
[2024-09-02T04:22:10.392+0000] {logging_mixin.py:190} INFO - [2024-09-02T04:22:10.391+0000] {dag.py:4138} INFO - Setting next_dagrun for tutorial to 2024-09-01 00:00:00+00:00, run_after=2024-09-02 00:00:00+00:00
[2024-09-02T04:22:10.525+0000] {processor.py:208} INFO - Processing /home/airflow/.local/lib/python3.12/site-packages/airflow/example_dags/tutorial.py took 0.430 seconds
[2024-09-02T04:23:07.335+0000] {processor.py:186} INFO - Started process (PID=1163) to work on /home/airflow/.local/lib/python3.12/site-packages/airflow/example_dags/tutorial.py
[2024-09-02T04:23:07.348+0000] {processor.py:914} INFO - Processing file /home/airflow/.local/lib/python3.12/site-packages/airflow/example_dags/tutorial.py for tasks to queue
[2024-09-02T04:23:07.365+0000] {logging_mixin.py:190} INFO - [2024-09-02T04:23:07.364+0000] {dagbag.py:587} INFO - Filling up the DagBag from /home/airflow/.local/lib/python3.12/site-packages/airflow/example_dags/tutorial.py
[2024-09-02T04:23:07.430+0000] {processor.py:925} INFO - DAG(s) 'tutorial' retrieved from /home/airflow/.local/lib/python3.12/site-packages/airflow/example_dags/tutorial.py
[2024-09-02T04:23:07.593+0000] {logging_mixin.py:190} INFO - [2024-09-02T04:23:07.592+0000] {dag.py:3211} INFO - Sync 1 DAGs
[2024-09-02T04:23:07.832+0000] {logging_mixin.py:190} INFO - [2024-09-02T04:23:07.832+0000] {dag.py:4138} INFO - Setting next_dagrun for tutorial to 2024-09-01 00:00:00+00:00, run_after=2024-09-02 00:00:00+00:00
[2024-09-02T04:23:08.082+0000] {processor.py:208} INFO - Processing /home/airflow/.local/lib/python3.12/site-packages/airflow/example_dags/tutorial.py took 0.784 seconds
[2024-09-02T04:26:06.144+0000] {processor.py:186} INFO - Started process (PID=81) to work on /home/airflow/.local/lib/python3.12/site-packages/airflow/example_dags/tutorial.py
[2024-09-02T04:26:06.169+0000] {processor.py:914} INFO - Processing file /home/airflow/.local/lib/python3.12/site-packages/airflow/example_dags/tutorial.py for tasks to queue
[2024-09-02T04:26:06.272+0000] {logging_mixin.py:190} INFO - [2024-09-02T04:26:06.244+0000] {dagbag.py:587} INFO - Filling up the DagBag from /home/airflow/.local/lib/python3.12/site-packages/airflow/example_dags/tutorial.py
[2024-09-02T04:26:06.469+0000] {processor.py:925} INFO - DAG(s) 'tutorial' retrieved from /home/airflow/.local/lib/python3.12/site-packages/airflow/example_dags/tutorial.py
[2024-09-02T04:26:06.645+0000] {logging_mixin.py:190} INFO - [2024-09-02T04:26:06.645+0000] {dag.py:3211} INFO - Sync 1 DAGs
[2024-09-02T04:26:06.774+0000] {logging_mixin.py:190} INFO - [2024-09-02T04:26:06.774+0000] {dag.py:4138} INFO - Setting next_dagrun for tutorial to 2024-09-01 00:00:00+00:00, run_after=2024-09-02 00:00:00+00:00
[2024-09-02T04:26:06.884+0000] {processor.py:208} INFO - Processing /home/airflow/.local/lib/python3.12/site-packages/airflow/example_dags/tutorial.py took 0.793 seconds
[2024-09-02T04:27:01.979+0000] {processor.py:186} INFO - Started process (PID=143) to work on /home/airflow/.local/lib/python3.12/site-packages/airflow/example_dags/tutorial.py
[2024-09-02T04:27:01.992+0000] {processor.py:914} INFO - Processing file /home/airflow/.local/lib/python3.12/site-packages/airflow/example_dags/tutorial.py for tasks to queue
[2024-09-02T04:27:02.030+0000] {logging_mixin.py:190} INFO - [2024-09-02T04:27:02.029+0000] {dagbag.py:587} INFO - Filling up the DagBag from /home/airflow/.local/lib/python3.12/site-packages/airflow/example_dags/tutorial.py
[2024-09-02T04:27:02.111+0000] {processor.py:925} INFO - DAG(s) 'tutorial' retrieved from /home/airflow/.local/lib/python3.12/site-packages/airflow/example_dags/tutorial.py
[2024-09-02T04:27:02.296+0000] {logging_mixin.py:190} INFO - [2024-09-02T04:27:02.296+0000] {dag.py:3211} INFO - Sync 1 DAGs
[2024-09-02T04:27:02.605+0000] {logging_mixin.py:190} INFO - [2024-09-02T04:27:02.605+0000] {dag.py:4138} INFO - Setting next_dagrun for tutorial to 2024-09-01 00:00:00+00:00, run_after=2024-09-02 00:00:00+00:00
[2024-09-02T04:27:02.808+0000] {processor.py:208} INFO - Processing /home/airflow/.local/lib/python3.12/site-packages/airflow/example_dags/tutorial.py took 0.913 seconds
[2024-09-02T04:27:33.401+0000] {processor.py:186} INFO - Started process (PID=206) to work on /home/airflow/.local/lib/python3.12/site-packages/airflow/example_dags/tutorial.py
[2024-09-02T04:27:33.403+0000] {processor.py:914} INFO - Processing file /home/airflow/.local/lib/python3.12/site-packages/airflow/example_dags/tutorial.py for tasks to queue
[2024-09-02T04:27:33.410+0000] {logging_mixin.py:190} INFO - [2024-09-02T04:27:33.409+0000] {dagbag.py:587} INFO - Filling up the DagBag from /home/airflow/.local/lib/python3.12/site-packages/airflow/example_dags/tutorial.py
[2024-09-02T04:27:33.434+0000] {processor.py:925} INFO - DAG(s) 'tutorial' retrieved from /home/airflow/.local/lib/python3.12/site-packages/airflow/example_dags/tutorial.py
[2024-09-02T04:27:33.504+0000] {logging_mixin.py:190} INFO - [2024-09-02T04:27:33.503+0000] {dag.py:3211} INFO - Sync 1 DAGs
[2024-09-02T04:27:33.576+0000] {logging_mixin.py:190} INFO - [2024-09-02T04:27:33.576+0000] {dag.py:4138} INFO - Setting next_dagrun for tutorial to 2024-09-01 00:00:00+00:00, run_after=2024-09-02 00:00:00+00:00
[2024-09-02T04:27:33.628+0000] {processor.py:208} INFO - Processing /home/airflow/.local/lib/python3.12/site-packages/airflow/example_dags/tutorial.py took 0.240 seconds
[2024-09-02T04:28:03.884+0000] {processor.py:186} INFO - Started process (PID=269) to work on /home/airflow/.local/lib/python3.12/site-packages/airflow/example_dags/tutorial.py
[2024-09-02T04:28:03.891+0000] {processor.py:914} INFO - Processing file /home/airflow/.local/lib/python3.12/site-packages/airflow/example_dags/tutorial.py for tasks to queue
[2024-09-02T04:28:03.903+0000] {logging_mixin.py:190} INFO - [2024-09-02T04:28:03.902+0000] {dagbag.py:587} INFO - Filling up the DagBag from /home/airflow/.local/lib/python3.12/site-packages/airflow/example_dags/tutorial.py
[2024-09-02T04:28:03.935+0000] {processor.py:925} INFO - DAG(s) 'tutorial' retrieved from /home/airflow/.local/lib/python3.12/site-packages/airflow/example_dags/tutorial.py
[2024-09-02T04:28:04.002+0000] {logging_mixin.py:190} INFO - [2024-09-02T04:28:04.002+0000] {dag.py:3211} INFO - Sync 1 DAGs
[2024-09-02T04:28:04.072+0000] {logging_mixin.py:190} INFO - [2024-09-02T04:28:04.071+0000] {dag.py:4138} INFO - Setting next_dagrun for tutorial to 2024-09-01 00:00:00+00:00, run_after=2024-09-02 00:00:00+00:00
[2024-09-02T04:28:04.122+0000] {processor.py:208} INFO - Processing /home/airflow/.local/lib/python3.12/site-packages/airflow/example_dags/tutorial.py took 0.253 seconds
[2024-09-02T04:28:34.364+0000] {processor.py:186} INFO - Started process (PID=332) to work on /home/airflow/.local/lib/python3.12/site-packages/airflow/example_dags/tutorial.py
[2024-09-02T04:28:34.367+0000] {processor.py:914} INFO - Processing file /home/airflow/.local/lib/python3.12/site-packages/airflow/example_dags/tutorial.py for tasks to queue
[2024-09-02T04:28:34.373+0000] {logging_mixin.py:190} INFO - [2024-09-02T04:28:34.372+0000] {dagbag.py:587} INFO - Filling up the DagBag from /home/airflow/.local/lib/python3.12/site-packages/airflow/example_dags/tutorial.py
[2024-09-02T04:28:34.414+0000] {processor.py:925} INFO - DAG(s) 'tutorial' retrieved from /home/airflow/.local/lib/python3.12/site-packages/airflow/example_dags/tutorial.py
[2024-09-02T04:28:34.533+0000] {logging_mixin.py:190} INFO - [2024-09-02T04:28:34.532+0000] {dag.py:3211} INFO - Sync 1 DAGs
[2024-09-02T04:28:34.686+0000] {logging_mixin.py:190} INFO - [2024-09-02T04:28:34.685+0000] {dag.py:4138} INFO - Setting next_dagrun for tutorial to 2024-09-01 00:00:00+00:00, run_after=2024-09-02 00:00:00+00:00
[2024-09-02T04:28:34.801+0000] {processor.py:208} INFO - Processing /home/airflow/.local/lib/python3.12/site-packages/airflow/example_dags/tutorial.py took 0.459 seconds
[2024-09-02T04:29:05.396+0000] {processor.py:186} INFO - Started process (PID=396) to work on /home/airflow/.local/lib/python3.12/site-packages/airflow/example_dags/tutorial.py
[2024-09-02T04:29:05.398+0000] {processor.py:914} INFO - Processing file /home/airflow/.local/lib/python3.12/site-packages/airflow/example_dags/tutorial.py for tasks to queue
[2024-09-02T04:29:05.405+0000] {logging_mixin.py:190} INFO - [2024-09-02T04:29:05.404+0000] {dagbag.py:587} INFO - Filling up the DagBag from /home/airflow/.local/lib/python3.12/site-packages/airflow/example_dags/tutorial.py
[2024-09-02T04:29:05.426+0000] {processor.py:925} INFO - DAG(s) 'tutorial' retrieved from /home/airflow/.local/lib/python3.12/site-packages/airflow/example_dags/tutorial.py
[2024-09-02T04:29:05.482+0000] {logging_mixin.py:190} INFO - [2024-09-02T04:29:05.480+0000] {dag.py:3211} INFO - Sync 1 DAGs
[2024-09-02T04:29:05.572+0000] {logging_mixin.py:190} INFO - [2024-09-02T04:29:05.571+0000] {dag.py:4138} INFO - Setting next_dagrun for tutorial to 2024-09-01 00:00:00+00:00, run_after=2024-09-02 00:00:00+00:00
[2024-09-02T04:29:05.626+0000] {processor.py:208} INFO - Processing /home/airflow/.local/lib/python3.12/site-packages/airflow/example_dags/tutorial.py took 0.248 seconds
[2024-09-02T04:29:36.048+0000] {processor.py:186} INFO - Started process (PID=459) to work on /home/airflow/.local/lib/python3.12/site-packages/airflow/example_dags/tutorial.py
[2024-09-02T04:29:36.053+0000] {processor.py:914} INFO - Processing file /home/airflow/.local/lib/python3.12/site-packages/airflow/example_dags/tutorial.py for tasks to queue
[2024-09-02T04:29:36.062+0000] {logging_mixin.py:190} INFO - [2024-09-02T04:29:36.061+0000] {dagbag.py:587} INFO - Filling up the DagBag from /home/airflow/.local/lib/python3.12/site-packages/airflow/example_dags/tutorial.py
[2024-09-02T04:29:36.099+0000] {processor.py:925} INFO - DAG(s) 'tutorial' retrieved from /home/airflow/.local/lib/python3.12/site-packages/airflow/example_dags/tutorial.py
[2024-09-02T04:29:36.275+0000] {logging_mixin.py:190} INFO - [2024-09-02T04:29:36.244+0000] {dag.py:3211} INFO - Sync 1 DAGs
[2024-09-02T04:29:36.400+0000] {logging_mixin.py:190} INFO - [2024-09-02T04:29:36.399+0000] {dag.py:4138} INFO - Setting next_dagrun for tutorial to 2024-09-01 00:00:00+00:00, run_after=2024-09-02 00:00:00+00:00
[2024-09-02T04:29:36.452+0000] {processor.py:208} INFO - Processing /home/airflow/.local/lib/python3.12/site-packages/airflow/example_dags/tutorial.py took 0.428 seconds
[2024-09-02T04:30:07.119+0000] {processor.py:186} INFO - Started process (PID=529) to work on /home/airflow/.local/lib/python3.12/site-packages/airflow/example_dags/tutorial.py
[2024-09-02T04:30:07.121+0000] {processor.py:914} INFO - Processing file /home/airflow/.local/lib/python3.12/site-packages/airflow/example_dags/tutorial.py for tasks to queue
[2024-09-02T04:30:07.128+0000] {logging_mixin.py:190} INFO - [2024-09-02T04:30:07.126+0000] {dagbag.py:587} INFO - Filling up the DagBag from /home/airflow/.local/lib/python3.12/site-packages/airflow/example_dags/tutorial.py
[2024-09-02T04:30:07.173+0000] {processor.py:925} INFO - DAG(s) 'tutorial' retrieved from /home/airflow/.local/lib/python3.12/site-packages/airflow/example_dags/tutorial.py
[2024-09-02T04:30:07.330+0000] {logging_mixin.py:190} INFO - [2024-09-02T04:30:07.329+0000] {dag.py:3211} INFO - Sync 1 DAGs
[2024-09-02T04:30:07.435+0000] {logging_mixin.py:190} INFO - [2024-09-02T04:30:07.434+0000] {dag.py:4138} INFO - Setting next_dagrun for tutorial to 2024-09-01 00:00:00+00:00, run_after=2024-09-02 00:00:00+00:00
[2024-09-02T04:30:07.524+0000] {processor.py:208} INFO - Processing /home/airflow/.local/lib/python3.12/site-packages/airflow/example_dags/tutorial.py took 0.424 seconds
[2024-09-02T04:30:37.981+0000] {processor.py:186} INFO - Started process (PID=592) to work on /home/airflow/.local/lib/python3.12/site-packages/airflow/example_dags/tutorial.py
[2024-09-02T04:30:37.984+0000] {processor.py:914} INFO - Processing file /home/airflow/.local/lib/python3.12/site-packages/airflow/example_dags/tutorial.py for tasks to queue
[2024-09-02T04:30:38.000+0000] {logging_mixin.py:190} INFO - [2024-09-02T04:30:37.999+0000] {dagbag.py:587} INFO - Filling up the DagBag from /home/airflow/.local/lib/python3.12/site-packages/airflow/example_dags/tutorial.py
[2024-09-02T04:30:38.041+0000] {processor.py:925} INFO - DAG(s) 'tutorial' retrieved from /home/airflow/.local/lib/python3.12/site-packages/airflow/example_dags/tutorial.py
[2024-09-02T04:30:38.154+0000] {logging_mixin.py:190} INFO - [2024-09-02T04:30:38.153+0000] {dag.py:3211} INFO - Sync 1 DAGs
[2024-09-02T04:30:38.275+0000] {logging_mixin.py:190} INFO - [2024-09-02T04:30:38.274+0000] {dag.py:4138} INFO - Setting next_dagrun for tutorial to 2024-09-01 00:00:00+00:00, run_after=2024-09-02 00:00:00+00:00
[2024-09-02T04:30:38.353+0000] {processor.py:208} INFO - Processing /home/airflow/.local/lib/python3.12/site-packages/airflow/example_dags/tutorial.py took 0.409 seconds
[2024-09-02T04:31:11.971+0000] {processor.py:186} INFO - Started process (PID=654) to work on /home/airflow/.local/lib/python3.12/site-packages/airflow/example_dags/tutorial.py
[2024-09-02T04:31:11.975+0000] {processor.py:914} INFO - Processing file /home/airflow/.local/lib/python3.12/site-packages/airflow/example_dags/tutorial.py for tasks to queue
[2024-09-02T04:31:11.993+0000] {logging_mixin.py:190} INFO - [2024-09-02T04:31:11.982+0000] {dagbag.py:587} INFO - Filling up the DagBag from /home/airflow/.local/lib/python3.12/site-packages/airflow/example_dags/tutorial.py
[2024-09-02T04:31:12.049+0000] {processor.py:925} INFO - DAG(s) 'tutorial' retrieved from /home/airflow/.local/lib/python3.12/site-packages/airflow/example_dags/tutorial.py
[2024-09-02T04:31:12.224+0000] {logging_mixin.py:190} INFO - [2024-09-02T04:31:12.223+0000] {dag.py:3211} INFO - Sync 1 DAGs
[2024-09-02T04:31:12.438+0000] {logging_mixin.py:190} INFO - [2024-09-02T04:31:12.431+0000] {dag.py:4138} INFO - Setting next_dagrun for tutorial to 2024-09-01 00:00:00+00:00, run_after=2024-09-02 00:00:00+00:00
[2024-09-02T04:31:12.542+0000] {processor.py:208} INFO - Processing /home/airflow/.local/lib/python3.12/site-packages/airflow/example_dags/tutorial.py took 0.610 seconds
[2024-09-02T04:31:43.832+0000] {processor.py:186} INFO - Started process (PID=717) to work on /home/airflow/.local/lib/python3.12/site-packages/airflow/example_dags/tutorial.py
[2024-09-02T04:31:43.834+0000] {processor.py:914} INFO - Processing file /home/airflow/.local/lib/python3.12/site-packages/airflow/example_dags/tutorial.py for tasks to queue
[2024-09-02T04:31:43.885+0000] {logging_mixin.py:190} INFO - [2024-09-02T04:31:43.865+0000] {dagbag.py:587} INFO - Filling up the DagBag from /home/airflow/.local/lib/python3.12/site-packages/airflow/example_dags/tutorial.py
[2024-09-02T04:31:43.928+0000] {processor.py:925} INFO - DAG(s) 'tutorial' retrieved from /home/airflow/.local/lib/python3.12/site-packages/airflow/example_dags/tutorial.py
[2024-09-02T04:31:44.059+0000] {logging_mixin.py:190} INFO - [2024-09-02T04:31:44.058+0000] {dag.py:3211} INFO - Sync 1 DAGs
[2024-09-02T04:31:44.257+0000] {logging_mixin.py:190} INFO - [2024-09-02T04:31:44.256+0000] {dag.py:4138} INFO - Setting next_dagrun for tutorial to 2024-09-01 00:00:00+00:00, run_after=2024-09-02 00:00:00+00:00
[2024-09-02T04:31:44.433+0000] {processor.py:208} INFO - Processing /home/airflow/.local/lib/python3.12/site-packages/airflow/example_dags/tutorial.py took 0.650 seconds
[2024-09-02T04:32:15.696+0000] {processor.py:186} INFO - Started process (PID=780) to work on /home/airflow/.local/lib/python3.12/site-packages/airflow/example_dags/tutorial.py
[2024-09-02T04:32:15.709+0000] {processor.py:914} INFO - Processing file /home/airflow/.local/lib/python3.12/site-packages/airflow/example_dags/tutorial.py for tasks to queue
[2024-09-02T04:32:15.726+0000] {logging_mixin.py:190} INFO - [2024-09-02T04:32:15.725+0000] {dagbag.py:587} INFO - Filling up the DagBag from /home/airflow/.local/lib/python3.12/site-packages/airflow/example_dags/tutorial.py
[2024-09-02T04:32:15.793+0000] {processor.py:925} INFO - DAG(s) 'tutorial' retrieved from /home/airflow/.local/lib/python3.12/site-packages/airflow/example_dags/tutorial.py
[2024-09-02T04:32:15.904+0000] {logging_mixin.py:190} INFO - [2024-09-02T04:32:15.903+0000] {dag.py:3211} INFO - Sync 1 DAGs
[2024-09-02T04:32:16.074+0000] {logging_mixin.py:190} INFO - [2024-09-02T04:32:16.073+0000] {dag.py:4138} INFO - Setting next_dagrun for tutorial to 2024-09-01 00:00:00+00:00, run_after=2024-09-02 00:00:00+00:00
[2024-09-02T04:32:16.186+0000] {processor.py:208} INFO - Processing /home/airflow/.local/lib/python3.12/site-packages/airflow/example_dags/tutorial.py took 0.549 seconds
[2024-09-02T04:32:46.552+0000] {processor.py:186} INFO - Started process (PID=843) to work on /home/airflow/.local/lib/python3.12/site-packages/airflow/example_dags/tutorial.py
[2024-09-02T04:32:46.554+0000] {processor.py:914} INFO - Processing file /home/airflow/.local/lib/python3.12/site-packages/airflow/example_dags/tutorial.py for tasks to queue
[2024-09-02T04:32:46.571+0000] {logging_mixin.py:190} INFO - [2024-09-02T04:32:46.570+0000] {dagbag.py:587} INFO - Filling up the DagBag from /home/airflow/.local/lib/python3.12/site-packages/airflow/example_dags/tutorial.py
[2024-09-02T04:32:46.611+0000] {processor.py:925} INFO - DAG(s) 'tutorial' retrieved from /home/airflow/.local/lib/python3.12/site-packages/airflow/example_dags/tutorial.py
[2024-09-02T04:32:46.712+0000] {logging_mixin.py:190} INFO - [2024-09-02T04:32:46.701+0000] {dag.py:3211} INFO - Sync 1 DAGs
[2024-09-02T04:32:46.813+0000] {logging_mixin.py:190} INFO - [2024-09-02T04:32:46.812+0000] {dag.py:4138} INFO - Setting next_dagrun for tutorial to 2024-09-01 00:00:00+00:00, run_after=2024-09-02 00:00:00+00:00
[2024-09-02T04:32:46.893+0000] {processor.py:208} INFO - Processing /home/airflow/.local/lib/python3.12/site-packages/airflow/example_dags/tutorial.py took 0.364 seconds
[2024-09-02T04:33:21.818+0000] {processor.py:186} INFO - Started process (PID=905) to work on /home/airflow/.local/lib/python3.12/site-packages/airflow/example_dags/tutorial.py
[2024-09-02T04:33:21.833+0000] {processor.py:914} INFO - Processing file /home/airflow/.local/lib/python3.12/site-packages/airflow/example_dags/tutorial.py for tasks to queue
[2024-09-02T04:33:21.850+0000] {logging_mixin.py:190} INFO - [2024-09-02T04:33:21.849+0000] {dagbag.py:587} INFO - Filling up the DagBag from /home/airflow/.local/lib/python3.12/site-packages/airflow/example_dags/tutorial.py
[2024-09-02T04:33:21.910+0000] {processor.py:925} INFO - DAG(s) 'tutorial' retrieved from /home/airflow/.local/lib/python3.12/site-packages/airflow/example_dags/tutorial.py
[2024-09-02T04:33:22.140+0000] {logging_mixin.py:190} INFO - [2024-09-02T04:33:22.139+0000] {dag.py:3211} INFO - Sync 1 DAGs
[2024-09-02T04:33:22.342+0000] {logging_mixin.py:190} INFO - [2024-09-02T04:33:22.342+0000] {dag.py:4138} INFO - Setting next_dagrun for tutorial to 2024-09-01 00:00:00+00:00, run_after=2024-09-02 00:00:00+00:00
[2024-09-02T04:33:22.488+0000] {processor.py:208} INFO - Processing /home/airflow/.local/lib/python3.12/site-packages/airflow/example_dags/tutorial.py took 0.729 seconds
[2024-09-02T04:33:53.401+0000] {processor.py:186} INFO - Started process (PID=968) to work on /home/airflow/.local/lib/python3.12/site-packages/airflow/example_dags/tutorial.py
[2024-09-02T04:33:53.405+0000] {processor.py:914} INFO - Processing file /home/airflow/.local/lib/python3.12/site-packages/airflow/example_dags/tutorial.py for tasks to queue
[2024-09-02T04:33:53.411+0000] {logging_mixin.py:190} INFO - [2024-09-02T04:33:53.410+0000] {dagbag.py:587} INFO - Filling up the DagBag from /home/airflow/.local/lib/python3.12/site-packages/airflow/example_dags/tutorial.py
[2024-09-02T04:33:53.484+0000] {processor.py:925} INFO - DAG(s) 'tutorial' retrieved from /home/airflow/.local/lib/python3.12/site-packages/airflow/example_dags/tutorial.py
[2024-09-02T04:33:53.586+0000] {logging_mixin.py:190} INFO - [2024-09-02T04:33:53.586+0000] {dag.py:3211} INFO - Sync 1 DAGs
[2024-09-02T04:33:53.702+0000] {logging_mixin.py:190} INFO - [2024-09-02T04:33:53.701+0000] {dag.py:4138} INFO - Setting next_dagrun for tutorial to 2024-09-01 00:00:00+00:00, run_after=2024-09-02 00:00:00+00:00
[2024-09-02T04:33:53.840+0000] {processor.py:208} INFO - Processing /home/airflow/.local/lib/python3.12/site-packages/airflow/example_dags/tutorial.py took 0.474 seconds
[2024-09-02T04:34:27.009+0000] {processor.py:186} INFO - Started process (PID=1029) to work on /home/airflow/.local/lib/python3.12/site-packages/airflow/example_dags/tutorial.py
[2024-09-02T04:34:27.023+0000] {processor.py:914} INFO - Processing file /home/airflow/.local/lib/python3.12/site-packages/airflow/example_dags/tutorial.py for tasks to queue
[2024-09-02T04:34:27.056+0000] {logging_mixin.py:190} INFO - [2024-09-02T04:34:27.054+0000] {dagbag.py:587} INFO - Filling up the DagBag from /home/airflow/.local/lib/python3.12/site-packages/airflow/example_dags/tutorial.py
[2024-09-02T04:34:27.156+0000] {processor.py:925} INFO - DAG(s) 'tutorial' retrieved from /home/airflow/.local/lib/python3.12/site-packages/airflow/example_dags/tutorial.py
[2024-09-02T04:34:27.389+0000] {logging_mixin.py:190} INFO - [2024-09-02T04:34:27.388+0000] {dag.py:3211} INFO - Sync 1 DAGs
[2024-09-02T04:34:27.819+0000] {logging_mixin.py:190} INFO - [2024-09-02T04:34:27.790+0000] {dag.py:4138} INFO - Setting next_dagrun for tutorial to 2024-09-01 00:00:00+00:00, run_after=2024-09-02 00:00:00+00:00
[2024-09-02T04:34:28.051+0000] {processor.py:208} INFO - Processing /home/airflow/.local/lib/python3.12/site-packages/airflow/example_dags/tutorial.py took 1.093 seconds
[2024-09-02T04:34:59.595+0000] {processor.py:186} INFO - Started process (PID=1092) to work on /home/airflow/.local/lib/python3.12/site-packages/airflow/example_dags/tutorial.py
[2024-09-02T04:34:59.810+0000] {processor.py:914} INFO - Processing file /home/airflow/.local/lib/python3.12/site-packages/airflow/example_dags/tutorial.py for tasks to queue
[2024-09-02T04:34:59.862+0000] {logging_mixin.py:190} INFO - [2024-09-02T04:34:59.861+0000] {dagbag.py:587} INFO - Filling up the DagBag from /home/airflow/.local/lib/python3.12/site-packages/airflow/example_dags/tutorial.py
[2024-09-02T04:34:59.984+0000] {processor.py:925} INFO - DAG(s) 'tutorial' retrieved from /home/airflow/.local/lib/python3.12/site-packages/airflow/example_dags/tutorial.py
[2024-09-02T04:35:00.381+0000] {logging_mixin.py:190} INFO - [2024-09-02T04:35:00.381+0000] {dag.py:3211} INFO - Sync 1 DAGs
[2024-09-02T04:35:00.629+0000] {logging_mixin.py:190} INFO - [2024-09-02T04:35:00.615+0000] {dag.py:4138} INFO - Setting next_dagrun for tutorial to 2024-09-01 00:00:00+00:00, run_after=2024-09-02 00:00:00+00:00
[2024-09-02T04:35:00.825+0000] {processor.py:208} INFO - Processing /home/airflow/.local/lib/python3.12/site-packages/airflow/example_dags/tutorial.py took 1.301 seconds
[2024-09-02T04:35:31.322+0000] {processor.py:186} INFO - Started process (PID=1155) to work on /home/airflow/.local/lib/python3.12/site-packages/airflow/example_dags/tutorial.py
[2024-09-02T04:35:31.328+0000] {processor.py:914} INFO - Processing file /home/airflow/.local/lib/python3.12/site-packages/airflow/example_dags/tutorial.py for tasks to queue
[2024-09-02T04:35:31.335+0000] {logging_mixin.py:190} INFO - [2024-09-02T04:35:31.334+0000] {dagbag.py:587} INFO - Filling up the DagBag from /home/airflow/.local/lib/python3.12/site-packages/airflow/example_dags/tutorial.py
[2024-09-02T04:35:31.369+0000] {processor.py:925} INFO - DAG(s) 'tutorial' retrieved from /home/airflow/.local/lib/python3.12/site-packages/airflow/example_dags/tutorial.py
[2024-09-02T04:35:31.426+0000] {logging_mixin.py:190} INFO - [2024-09-02T04:35:31.425+0000] {dag.py:3211} INFO - Sync 1 DAGs
[2024-09-02T04:35:31.512+0000] {logging_mixin.py:190} INFO - [2024-09-02T04:35:31.512+0000] {dag.py:4138} INFO - Setting next_dagrun for tutorial to 2024-09-01 00:00:00+00:00, run_after=2024-09-02 00:00:00+00:00
[2024-09-02T04:35:31.589+0000] {processor.py:208} INFO - Processing /home/airflow/.local/lib/python3.12/site-packages/airflow/example_dags/tutorial.py took 0.303 seconds
[2024-09-02T04:36:02.128+0000] {processor.py:186} INFO - Started process (PID=1219) to work on /home/airflow/.local/lib/python3.12/site-packages/airflow/example_dags/tutorial.py
[2024-09-02T04:36:02.130+0000] {processor.py:914} INFO - Processing file /home/airflow/.local/lib/python3.12/site-packages/airflow/example_dags/tutorial.py for tasks to queue
[2024-09-02T04:36:02.138+0000] {logging_mixin.py:190} INFO - [2024-09-02T04:36:02.137+0000] {dagbag.py:587} INFO - Filling up the DagBag from /home/airflow/.local/lib/python3.12/site-packages/airflow/example_dags/tutorial.py
[2024-09-02T04:36:02.160+0000] {processor.py:925} INFO - DAG(s) 'tutorial' retrieved from /home/airflow/.local/lib/python3.12/site-packages/airflow/example_dags/tutorial.py
[2024-09-02T04:36:02.202+0000] {logging_mixin.py:190} INFO - [2024-09-02T04:36:02.202+0000] {dag.py:3211} INFO - Sync 1 DAGs
[2024-09-02T04:36:02.264+0000] {logging_mixin.py:190} INFO - [2024-09-02T04:36:02.263+0000] {dag.py:4138} INFO - Setting next_dagrun for tutorial to 2024-09-01 00:00:00+00:00, run_after=2024-09-02 00:00:00+00:00
[2024-09-02T04:36:02.318+0000] {processor.py:208} INFO - Processing /home/airflow/.local/lib/python3.12/site-packages/airflow/example_dags/tutorial.py took 0.208 seconds
[2024-09-02T04:36:34.390+0000] {processor.py:186} INFO - Started process (PID=1282) to work on /home/airflow/.local/lib/python3.12/site-packages/airflow/example_dags/tutorial.py
[2024-09-02T04:36:34.393+0000] {processor.py:914} INFO - Processing file /home/airflow/.local/lib/python3.12/site-packages/airflow/example_dags/tutorial.py for tasks to queue
[2024-09-02T04:36:34.399+0000] {logging_mixin.py:190} INFO - [2024-09-02T04:36:34.398+0000] {dagbag.py:587} INFO - Filling up the DagBag from /home/airflow/.local/lib/python3.12/site-packages/airflow/example_dags/tutorial.py
[2024-09-02T04:36:34.423+0000] {processor.py:925} INFO - DAG(s) 'tutorial' retrieved from /home/airflow/.local/lib/python3.12/site-packages/airflow/example_dags/tutorial.py
[2024-09-02T04:36:34.478+0000] {logging_mixin.py:190} INFO - [2024-09-02T04:36:34.477+0000] {dag.py:3211} INFO - Sync 1 DAGs
[2024-09-02T04:36:34.544+0000] {logging_mixin.py:190} INFO - [2024-09-02T04:36:34.544+0000] {dag.py:4138} INFO - Setting next_dagrun for tutorial to 2024-09-01 00:00:00+00:00, run_after=2024-09-02 00:00:00+00:00
[2024-09-02T04:36:34.616+0000] {processor.py:208} INFO - Processing /home/airflow/.local/lib/python3.12/site-packages/airflow/example_dags/tutorial.py took 0.241 seconds
[2024-09-02T04:37:05.672+0000] {processor.py:186} INFO - Started process (PID=1344) to work on /home/airflow/.local/lib/python3.12/site-packages/airflow/example_dags/tutorial.py
[2024-09-02T04:37:05.677+0000] {processor.py:914} INFO - Processing file /home/airflow/.local/lib/python3.12/site-packages/airflow/example_dags/tutorial.py for tasks to queue
[2024-09-02T04:37:05.683+0000] {logging_mixin.py:190} INFO - [2024-09-02T04:37:05.682+0000] {dagbag.py:587} INFO - Filling up the DagBag from /home/airflow/.local/lib/python3.12/site-packages/airflow/example_dags/tutorial.py
[2024-09-02T04:37:05.718+0000] {processor.py:925} INFO - DAG(s) 'tutorial' retrieved from /home/airflow/.local/lib/python3.12/site-packages/airflow/example_dags/tutorial.py
[2024-09-02T04:37:05.823+0000] {logging_mixin.py:190} INFO - [2024-09-02T04:37:05.823+0000] {dag.py:3211} INFO - Sync 1 DAGs
[2024-09-02T04:37:05.964+0000] {logging_mixin.py:190} INFO - [2024-09-02T04:37:05.963+0000] {dag.py:4138} INFO - Setting next_dagrun for tutorial to 2024-09-01 00:00:00+00:00, run_after=2024-09-02 00:00:00+00:00
[2024-09-02T04:37:06.089+0000] {processor.py:208} INFO - Processing /home/airflow/.local/lib/python3.12/site-packages/airflow/example_dags/tutorial.py took 0.445 seconds
[2024-09-02T04:37:37.180+0000] {processor.py:186} INFO - Started process (PID=1408) to work on /home/airflow/.local/lib/python3.12/site-packages/airflow/example_dags/tutorial.py
[2024-09-02T04:37:37.208+0000] {processor.py:914} INFO - Processing file /home/airflow/.local/lib/python3.12/site-packages/airflow/example_dags/tutorial.py for tasks to queue
[2024-09-02T04:37:37.226+0000] {logging_mixin.py:190} INFO - [2024-09-02T04:37:37.225+0000] {dagbag.py:587} INFO - Filling up the DagBag from /home/airflow/.local/lib/python3.12/site-packages/airflow/example_dags/tutorial.py
[2024-09-02T04:37:37.264+0000] {processor.py:925} INFO - DAG(s) 'tutorial' retrieved from /home/airflow/.local/lib/python3.12/site-packages/airflow/example_dags/tutorial.py
[2024-09-02T04:37:37.386+0000] {logging_mixin.py:190} INFO - [2024-09-02T04:37:37.385+0000] {dag.py:3211} INFO - Sync 1 DAGs
[2024-09-02T04:37:37.528+0000] {logging_mixin.py:190} INFO - [2024-09-02T04:37:37.526+0000] {dag.py:4138} INFO - Setting next_dagrun for tutorial to 2024-09-01 00:00:00+00:00, run_after=2024-09-02 00:00:00+00:00
[2024-09-02T04:37:37.623+0000] {processor.py:208} INFO - Processing /home/airflow/.local/lib/python3.12/site-packages/airflow/example_dags/tutorial.py took 0.468 seconds
[2024-09-02T04:38:07.871+0000] {processor.py:186} INFO - Started process (PID=1470) to work on /home/airflow/.local/lib/python3.12/site-packages/airflow/example_dags/tutorial.py
[2024-09-02T04:38:07.873+0000] {processor.py:914} INFO - Processing file /home/airflow/.local/lib/python3.12/site-packages/airflow/example_dags/tutorial.py for tasks to queue
[2024-09-02T04:38:07.879+0000] {logging_mixin.py:190} INFO - [2024-09-02T04:38:07.878+0000] {dagbag.py:587} INFO - Filling up the DagBag from /home/airflow/.local/lib/python3.12/site-packages/airflow/example_dags/tutorial.py
[2024-09-02T04:38:07.898+0000] {processor.py:925} INFO - DAG(s) 'tutorial' retrieved from /home/airflow/.local/lib/python3.12/site-packages/airflow/example_dags/tutorial.py
[2024-09-02T04:38:07.946+0000] {logging_mixin.py:190} INFO - [2024-09-02T04:38:07.946+0000] {dag.py:3211} INFO - Sync 1 DAGs
[2024-09-02T04:38:08.015+0000] {logging_mixin.py:190} INFO - [2024-09-02T04:38:08.014+0000] {dag.py:4138} INFO - Setting next_dagrun for tutorial to 2024-09-01 00:00:00+00:00, run_after=2024-09-02 00:00:00+00:00
[2024-09-02T04:38:08.062+0000] {processor.py:208} INFO - Processing /home/airflow/.local/lib/python3.12/site-packages/airflow/example_dags/tutorial.py took 0.202 seconds
[2024-09-02T04:38:38.520+0000] {processor.py:186} INFO - Started process (PID=1534) to work on /home/airflow/.local/lib/python3.12/site-packages/airflow/example_dags/tutorial.py
[2024-09-02T04:38:38.522+0000] {processor.py:914} INFO - Processing file /home/airflow/.local/lib/python3.12/site-packages/airflow/example_dags/tutorial.py for tasks to queue
[2024-09-02T04:38:38.528+0000] {logging_mixin.py:190} INFO - [2024-09-02T04:38:38.527+0000] {dagbag.py:587} INFO - Filling up the DagBag from /home/airflow/.local/lib/python3.12/site-packages/airflow/example_dags/tutorial.py
[2024-09-02T04:38:38.546+0000] {processor.py:925} INFO - DAG(s) 'tutorial' retrieved from /home/airflow/.local/lib/python3.12/site-packages/airflow/example_dags/tutorial.py
[2024-09-02T04:38:38.589+0000] {logging_mixin.py:190} INFO - [2024-09-02T04:38:38.588+0000] {dag.py:3211} INFO - Sync 1 DAGs
[2024-09-02T04:38:38.640+0000] {logging_mixin.py:190} INFO - [2024-09-02T04:38:38.640+0000] {dag.py:4138} INFO - Setting next_dagrun for tutorial to 2024-09-01 00:00:00+00:00, run_after=2024-09-02 00:00:00+00:00
[2024-09-02T04:38:38.689+0000] {processor.py:208} INFO - Processing /home/airflow/.local/lib/python3.12/site-packages/airflow/example_dags/tutorial.py took 0.181 seconds
[2024-09-02T04:39:09.787+0000] {processor.py:186} INFO - Started process (PID=1596) to work on /home/airflow/.local/lib/python3.12/site-packages/airflow/example_dags/tutorial.py
[2024-09-02T04:39:09.790+0000] {processor.py:914} INFO - Processing file /home/airflow/.local/lib/python3.12/site-packages/airflow/example_dags/tutorial.py for tasks to queue
[2024-09-02T04:39:09.801+0000] {logging_mixin.py:190} INFO - [2024-09-02T04:39:09.801+0000] {dagbag.py:587} INFO - Filling up the DagBag from /home/airflow/.local/lib/python3.12/site-packages/airflow/example_dags/tutorial.py
[2024-09-02T04:39:09.841+0000] {processor.py:925} INFO - DAG(s) 'tutorial' retrieved from /home/airflow/.local/lib/python3.12/site-packages/airflow/example_dags/tutorial.py
[2024-09-02T04:39:09.916+0000] {logging_mixin.py:190} INFO - [2024-09-02T04:39:09.916+0000] {dag.py:3211} INFO - Sync 1 DAGs
[2024-09-02T04:39:10.163+0000] {logging_mixin.py:190} INFO - [2024-09-02T04:39:10.162+0000] {dag.py:4138} INFO - Setting next_dagrun for tutorial to 2024-09-01 00:00:00+00:00, run_after=2024-09-02 00:00:00+00:00
[2024-09-02T04:39:10.316+0000] {processor.py:208} INFO - Processing /home/airflow/.local/lib/python3.12/site-packages/airflow/example_dags/tutorial.py took 0.551 seconds
[2024-09-02T04:39:40.793+0000] {processor.py:186} INFO - Started process (PID=1659) to work on /home/airflow/.local/lib/python3.12/site-packages/airflow/example_dags/tutorial.py
[2024-09-02T04:39:40.819+0000] {processor.py:914} INFO - Processing file /home/airflow/.local/lib/python3.12/site-packages/airflow/example_dags/tutorial.py for tasks to queue
[2024-09-02T04:39:40.840+0000] {logging_mixin.py:190} INFO - [2024-09-02T04:39:40.839+0000] {dagbag.py:587} INFO - Filling up the DagBag from /home/airflow/.local/lib/python3.12/site-packages/airflow/example_dags/tutorial.py
[2024-09-02T04:39:40.876+0000] {processor.py:925} INFO - DAG(s) 'tutorial' retrieved from /home/airflow/.local/lib/python3.12/site-packages/airflow/example_dags/tutorial.py
[2024-09-02T04:39:40.983+0000] {logging_mixin.py:190} INFO - [2024-09-02T04:39:40.981+0000] {dag.py:3211} INFO - Sync 1 DAGs
[2024-09-02T04:39:41.081+0000] {logging_mixin.py:190} INFO - [2024-09-02T04:39:41.077+0000] {dag.py:4138} INFO - Setting next_dagrun for tutorial to 2024-09-01 00:00:00+00:00, run_after=2024-09-02 00:00:00+00:00
[2024-09-02T04:39:41.180+0000] {processor.py:208} INFO - Processing /home/airflow/.local/lib/python3.12/site-packages/airflow/example_dags/tutorial.py took 0.411 seconds
[2024-09-02T04:40:11.312+0000] {processor.py:186} INFO - Started process (PID=1726) to work on /home/airflow/.local/lib/python3.12/site-packages/airflow/example_dags/tutorial.py
[2024-09-02T04:40:11.315+0000] {processor.py:914} INFO - Processing file /home/airflow/.local/lib/python3.12/site-packages/airflow/example_dags/tutorial.py for tasks to queue
[2024-09-02T04:40:11.321+0000] {logging_mixin.py:190} INFO - [2024-09-02T04:40:11.320+0000] {dagbag.py:587} INFO - Filling up the DagBag from /home/airflow/.local/lib/python3.12/site-packages/airflow/example_dags/tutorial.py
[2024-09-02T04:40:11.340+0000] {processor.py:925} INFO - DAG(s) 'tutorial' retrieved from /home/airflow/.local/lib/python3.12/site-packages/airflow/example_dags/tutorial.py
[2024-09-02T04:40:11.391+0000] {logging_mixin.py:190} INFO - [2024-09-02T04:40:11.390+0000] {dag.py:3211} INFO - Sync 1 DAGs
[2024-09-02T04:40:11.448+0000] {logging_mixin.py:190} INFO - [2024-09-02T04:40:11.448+0000] {dag.py:4138} INFO - Setting next_dagrun for tutorial to 2024-09-01 00:00:00+00:00, run_after=2024-09-02 00:00:00+00:00
[2024-09-02T04:40:11.524+0000] {processor.py:208} INFO - Processing /home/airflow/.local/lib/python3.12/site-packages/airflow/example_dags/tutorial.py took 0.232 seconds
[2024-09-02T04:40:42.113+0000] {processor.py:186} INFO - Started process (PID=1788) to work on /home/airflow/.local/lib/python3.12/site-packages/airflow/example_dags/tutorial.py
[2024-09-02T04:40:42.131+0000] {processor.py:914} INFO - Processing file /home/airflow/.local/lib/python3.12/site-packages/airflow/example_dags/tutorial.py for tasks to queue
[2024-09-02T04:40:42.142+0000] {logging_mixin.py:190} INFO - [2024-09-02T04:40:42.141+0000] {dagbag.py:587} INFO - Filling up the DagBag from /home/airflow/.local/lib/python3.12/site-packages/airflow/example_dags/tutorial.py
[2024-09-02T04:40:42.168+0000] {processor.py:925} INFO - DAG(s) 'tutorial' retrieved from /home/airflow/.local/lib/python3.12/site-packages/airflow/example_dags/tutorial.py
[2024-09-02T04:40:42.213+0000] {logging_mixin.py:190} INFO - [2024-09-02T04:40:42.213+0000] {dag.py:3211} INFO - Sync 1 DAGs
[2024-09-02T04:40:42.265+0000] {logging_mixin.py:190} INFO - [2024-09-02T04:40:42.265+0000] {dag.py:4138} INFO - Setting next_dagrun for tutorial to 2024-09-01 00:00:00+00:00, run_after=2024-09-02 00:00:00+00:00
[2024-09-02T04:40:42.308+0000] {processor.py:208} INFO - Processing /home/airflow/.local/lib/python3.12/site-packages/airflow/example_dags/tutorial.py took 0.220 seconds
[2024-09-02T04:41:12.977+0000] {processor.py:186} INFO - Started process (PID=1851) to work on /home/airflow/.local/lib/python3.12/site-packages/airflow/example_dags/tutorial.py
[2024-09-02T04:41:12.979+0000] {processor.py:914} INFO - Processing file /home/airflow/.local/lib/python3.12/site-packages/airflow/example_dags/tutorial.py for tasks to queue
[2024-09-02T04:41:12.985+0000] {logging_mixin.py:190} INFO - [2024-09-02T04:41:12.984+0000] {dagbag.py:587} INFO - Filling up the DagBag from /home/airflow/.local/lib/python3.12/site-packages/airflow/example_dags/tutorial.py
[2024-09-02T04:41:13.004+0000] {processor.py:925} INFO - DAG(s) 'tutorial' retrieved from /home/airflow/.local/lib/python3.12/site-packages/airflow/example_dags/tutorial.py
[2024-09-02T04:41:13.059+0000] {logging_mixin.py:190} INFO - [2024-09-02T04:41:13.058+0000] {dag.py:3211} INFO - Sync 1 DAGs
[2024-09-02T04:41:13.149+0000] {logging_mixin.py:190} INFO - [2024-09-02T04:41:13.149+0000] {dag.py:4138} INFO - Setting next_dagrun for tutorial to 2024-09-01 00:00:00+00:00, run_after=2024-09-02 00:00:00+00:00
[2024-09-02T04:41:13.195+0000] {processor.py:208} INFO - Processing /home/airflow/.local/lib/python3.12/site-packages/airflow/example_dags/tutorial.py took 0.233 seconds
[2024-09-02T04:41:43.975+0000] {processor.py:186} INFO - Started process (PID=1914) to work on /home/airflow/.local/lib/python3.12/site-packages/airflow/example_dags/tutorial.py
[2024-09-02T04:41:43.977+0000] {processor.py:914} INFO - Processing file /home/airflow/.local/lib/python3.12/site-packages/airflow/example_dags/tutorial.py for tasks to queue
[2024-09-02T04:41:43.982+0000] {logging_mixin.py:190} INFO - [2024-09-02T04:41:43.982+0000] {dagbag.py:587} INFO - Filling up the DagBag from /home/airflow/.local/lib/python3.12/site-packages/airflow/example_dags/tutorial.py
[2024-09-02T04:41:43.998+0000] {processor.py:925} INFO - DAG(s) 'tutorial' retrieved from /home/airflow/.local/lib/python3.12/site-packages/airflow/example_dags/tutorial.py
[2024-09-02T04:41:44.040+0000] {logging_mixin.py:190} INFO - [2024-09-02T04:41:44.039+0000] {dag.py:3211} INFO - Sync 1 DAGs
[2024-09-02T04:41:44.089+0000] {logging_mixin.py:190} INFO - [2024-09-02T04:41:44.088+0000] {dag.py:4138} INFO - Setting next_dagrun for tutorial to 2024-09-01 00:00:00+00:00, run_after=2024-09-02 00:00:00+00:00
[2024-09-02T04:41:44.129+0000] {processor.py:208} INFO - Processing /home/airflow/.local/lib/python3.12/site-packages/airflow/example_dags/tutorial.py took 0.166 seconds
[2024-09-02T04:42:15.388+0000] {processor.py:186} INFO - Started process (PID=1976) to work on /home/airflow/.local/lib/python3.12/site-packages/airflow/example_dags/tutorial.py
[2024-09-02T04:42:15.391+0000] {processor.py:914} INFO - Processing file /home/airflow/.local/lib/python3.12/site-packages/airflow/example_dags/tutorial.py for tasks to queue
[2024-09-02T04:42:15.397+0000] {logging_mixin.py:190} INFO - [2024-09-02T04:42:15.396+0000] {dagbag.py:587} INFO - Filling up the DagBag from /home/airflow/.local/lib/python3.12/site-packages/airflow/example_dags/tutorial.py
[2024-09-02T04:42:15.422+0000] {processor.py:925} INFO - DAG(s) 'tutorial' retrieved from /home/airflow/.local/lib/python3.12/site-packages/airflow/example_dags/tutorial.py
[2024-09-02T04:42:15.471+0000] {logging_mixin.py:190} INFO - [2024-09-02T04:42:15.470+0000] {dag.py:3211} INFO - Sync 1 DAGs
[2024-09-02T04:42:15.535+0000] {logging_mixin.py:190} INFO - [2024-09-02T04:42:15.534+0000] {dag.py:4138} INFO - Setting next_dagrun for tutorial to 2024-09-01 00:00:00+00:00, run_after=2024-09-02 00:00:00+00:00
[2024-09-02T04:42:15.645+0000] {processor.py:208} INFO - Processing /home/airflow/.local/lib/python3.12/site-packages/airflow/example_dags/tutorial.py took 0.276 seconds
[2024-09-02T04:42:46.092+0000] {processor.py:186} INFO - Started process (PID=2039) to work on /home/airflow/.local/lib/python3.12/site-packages/airflow/example_dags/tutorial.py
[2024-09-02T04:42:46.095+0000] {processor.py:914} INFO - Processing file /home/airflow/.local/lib/python3.12/site-packages/airflow/example_dags/tutorial.py for tasks to queue
[2024-09-02T04:42:46.101+0000] {logging_mixin.py:190} INFO - [2024-09-02T04:42:46.100+0000] {dagbag.py:587} INFO - Filling up the DagBag from /home/airflow/.local/lib/python3.12/site-packages/airflow/example_dags/tutorial.py
[2024-09-02T04:42:46.121+0000] {processor.py:925} INFO - DAG(s) 'tutorial' retrieved from /home/airflow/.local/lib/python3.12/site-packages/airflow/example_dags/tutorial.py
[2024-09-02T04:42:46.171+0000] {logging_mixin.py:190} INFO - [2024-09-02T04:42:46.171+0000] {dag.py:3211} INFO - Sync 1 DAGs
[2024-09-02T04:42:46.227+0000] {logging_mixin.py:190} INFO - [2024-09-02T04:42:46.226+0000] {dag.py:4138} INFO - Setting next_dagrun for tutorial to 2024-09-01 00:00:00+00:00, run_after=2024-09-02 00:00:00+00:00
[2024-09-02T04:42:46.317+0000] {processor.py:208} INFO - Processing /home/airflow/.local/lib/python3.12/site-packages/airflow/example_dags/tutorial.py took 0.239 seconds
[2024-09-02T04:43:17.541+0000] {processor.py:186} INFO - Started process (PID=2101) to work on /home/airflow/.local/lib/python3.12/site-packages/airflow/example_dags/tutorial.py
[2024-09-02T04:43:17.559+0000] {processor.py:914} INFO - Processing file /home/airflow/.local/lib/python3.12/site-packages/airflow/example_dags/tutorial.py for tasks to queue
[2024-09-02T04:43:17.569+0000] {logging_mixin.py:190} INFO - [2024-09-02T04:43:17.568+0000] {dagbag.py:587} INFO - Filling up the DagBag from /home/airflow/.local/lib/python3.12/site-packages/airflow/example_dags/tutorial.py
[2024-09-02T04:43:17.604+0000] {processor.py:925} INFO - DAG(s) 'tutorial' retrieved from /home/airflow/.local/lib/python3.12/site-packages/airflow/example_dags/tutorial.py
[2024-09-02T04:43:17.714+0000] {logging_mixin.py:190} INFO - [2024-09-02T04:43:17.712+0000] {dag.py:3211} INFO - Sync 1 DAGs
[2024-09-02T04:43:17.792+0000] {logging_mixin.py:190} INFO - [2024-09-02T04:43:17.791+0000] {dag.py:4138} INFO - Setting next_dagrun for tutorial to 2024-09-01 00:00:00+00:00, run_after=2024-09-02 00:00:00+00:00
[2024-09-02T04:43:17.896+0000] {processor.py:208} INFO - Processing /home/airflow/.local/lib/python3.12/site-packages/airflow/example_dags/tutorial.py took 0.381 seconds
[2024-09-02T04:43:48.608+0000] {processor.py:186} INFO - Started process (PID=2163) to work on /home/airflow/.local/lib/python3.12/site-packages/airflow/example_dags/tutorial.py
[2024-09-02T04:43:48.610+0000] {processor.py:914} INFO - Processing file /home/airflow/.local/lib/python3.12/site-packages/airflow/example_dags/tutorial.py for tasks to queue
[2024-09-02T04:43:48.615+0000] {logging_mixin.py:190} INFO - [2024-09-02T04:43:48.615+0000] {dagbag.py:587} INFO - Filling up the DagBag from /home/airflow/.local/lib/python3.12/site-packages/airflow/example_dags/tutorial.py
[2024-09-02T04:43:48.631+0000] {processor.py:925} INFO - DAG(s) 'tutorial' retrieved from /home/airflow/.local/lib/python3.12/site-packages/airflow/example_dags/tutorial.py
[2024-09-02T04:43:48.674+0000] {logging_mixin.py:190} INFO - [2024-09-02T04:43:48.674+0000] {dag.py:3211} INFO - Sync 1 DAGs
[2024-09-02T04:43:48.729+0000] {logging_mixin.py:190} INFO - [2024-09-02T04:43:48.729+0000] {dag.py:4138} INFO - Setting next_dagrun for tutorial to 2024-09-01 00:00:00+00:00, run_after=2024-09-02 00:00:00+00:00
[2024-09-02T04:43:48.767+0000] {processor.py:208} INFO - Processing /home/airflow/.local/lib/python3.12/site-packages/airflow/example_dags/tutorial.py took 0.170 seconds
[2024-09-02T04:44:19.505+0000] {processor.py:186} INFO - Started process (PID=2226) to work on /home/airflow/.local/lib/python3.12/site-packages/airflow/example_dags/tutorial.py
[2024-09-02T04:44:19.507+0000] {processor.py:914} INFO - Processing file /home/airflow/.local/lib/python3.12/site-packages/airflow/example_dags/tutorial.py for tasks to queue
[2024-09-02T04:44:19.512+0000] {logging_mixin.py:190} INFO - [2024-09-02T04:44:19.511+0000] {dagbag.py:587} INFO - Filling up the DagBag from /home/airflow/.local/lib/python3.12/site-packages/airflow/example_dags/tutorial.py
[2024-09-02T04:44:19.528+0000] {processor.py:925} INFO - DAG(s) 'tutorial' retrieved from /home/airflow/.local/lib/python3.12/site-packages/airflow/example_dags/tutorial.py
[2024-09-02T04:44:19.568+0000] {logging_mixin.py:190} INFO - [2024-09-02T04:44:19.567+0000] {dag.py:3211} INFO - Sync 1 DAGs
[2024-09-02T04:44:19.615+0000] {logging_mixin.py:190} INFO - [2024-09-02T04:44:19.615+0000] {dag.py:4138} INFO - Setting next_dagrun for tutorial to 2024-09-01 00:00:00+00:00, run_after=2024-09-02 00:00:00+00:00
[2024-09-02T04:44:19.651+0000] {processor.py:208} INFO - Processing /home/airflow/.local/lib/python3.12/site-packages/airflow/example_dags/tutorial.py took 0.158 seconds
[2024-09-02T04:44:50.016+0000] {processor.py:186} INFO - Started process (PID=2289) to work on /home/airflow/.local/lib/python3.12/site-packages/airflow/example_dags/tutorial.py
[2024-09-02T04:44:50.018+0000] {processor.py:914} INFO - Processing file /home/airflow/.local/lib/python3.12/site-packages/airflow/example_dags/tutorial.py for tasks to queue
[2024-09-02T04:44:50.024+0000] {logging_mixin.py:190} INFO - [2024-09-02T04:44:50.024+0000] {dagbag.py:587} INFO - Filling up the DagBag from /home/airflow/.local/lib/python3.12/site-packages/airflow/example_dags/tutorial.py
[2024-09-02T04:44:50.043+0000] {processor.py:925} INFO - DAG(s) 'tutorial' retrieved from /home/airflow/.local/lib/python3.12/site-packages/airflow/example_dags/tutorial.py
[2024-09-02T04:44:50.089+0000] {logging_mixin.py:190} INFO - [2024-09-02T04:44:50.089+0000] {dag.py:3211} INFO - Sync 1 DAGs
[2024-09-02T04:44:50.138+0000] {logging_mixin.py:190} INFO - [2024-09-02T04:44:50.138+0000] {dag.py:4138} INFO - Setting next_dagrun for tutorial to 2024-09-01 00:00:00+00:00, run_after=2024-09-02 00:00:00+00:00
[2024-09-02T04:44:50.177+0000] {processor.py:208} INFO - Processing /home/airflow/.local/lib/python3.12/site-packages/airflow/example_dags/tutorial.py took 0.176 seconds
[2024-09-02T04:45:20.660+0000] {processor.py:186} INFO - Started process (PID=2352) to work on /home/airflow/.local/lib/python3.12/site-packages/airflow/example_dags/tutorial.py
[2024-09-02T04:45:20.662+0000] {processor.py:914} INFO - Processing file /home/airflow/.local/lib/python3.12/site-packages/airflow/example_dags/tutorial.py for tasks to queue
[2024-09-02T04:45:20.667+0000] {logging_mixin.py:190} INFO - [2024-09-02T04:45:20.667+0000] {dagbag.py:587} INFO - Filling up the DagBag from /home/airflow/.local/lib/python3.12/site-packages/airflow/example_dags/tutorial.py
[2024-09-02T04:45:20.684+0000] {processor.py:925} INFO - DAG(s) 'tutorial' retrieved from /home/airflow/.local/lib/python3.12/site-packages/airflow/example_dags/tutorial.py
[2024-09-02T04:45:20.741+0000] {logging_mixin.py:190} INFO - [2024-09-02T04:45:20.741+0000] {dag.py:3211} INFO - Sync 1 DAGs
[2024-09-02T04:45:20.837+0000] {logging_mixin.py:190} INFO - [2024-09-02T04:45:20.836+0000] {dag.py:4138} INFO - Setting next_dagrun for tutorial to 2024-09-01 00:00:00+00:00, run_after=2024-09-02 00:00:00+00:00
[2024-09-02T04:45:20.937+0000] {processor.py:208} INFO - Processing /home/airflow/.local/lib/python3.12/site-packages/airflow/example_dags/tutorial.py took 0.290 seconds
[2024-09-02T04:45:51.564+0000] {processor.py:186} INFO - Started process (PID=2416) to work on /home/airflow/.local/lib/python3.12/site-packages/airflow/example_dags/tutorial.py
[2024-09-02T04:45:51.566+0000] {processor.py:914} INFO - Processing file /home/airflow/.local/lib/python3.12/site-packages/airflow/example_dags/tutorial.py for tasks to queue
[2024-09-02T04:45:51.571+0000] {logging_mixin.py:190} INFO - [2024-09-02T04:45:51.570+0000] {dagbag.py:587} INFO - Filling up the DagBag from /home/airflow/.local/lib/python3.12/site-packages/airflow/example_dags/tutorial.py
[2024-09-02T04:45:51.595+0000] {processor.py:925} INFO - DAG(s) 'tutorial' retrieved from /home/airflow/.local/lib/python3.12/site-packages/airflow/example_dags/tutorial.py
[2024-09-02T04:45:51.639+0000] {logging_mixin.py:190} INFO - [2024-09-02T04:45:51.639+0000] {dag.py:3211} INFO - Sync 1 DAGs
[2024-09-02T04:45:51.690+0000] {logging_mixin.py:190} INFO - [2024-09-02T04:45:51.690+0000] {dag.py:4138} INFO - Setting next_dagrun for tutorial to 2024-09-01 00:00:00+00:00, run_after=2024-09-02 00:00:00+00:00
[2024-09-02T04:45:51.731+0000] {processor.py:208} INFO - Processing /home/airflow/.local/lib/python3.12/site-packages/airflow/example_dags/tutorial.py took 0.184 seconds
[2024-09-02T04:46:21.869+0000] {processor.py:186} INFO - Started process (PID=2480) to work on /home/airflow/.local/lib/python3.12/site-packages/airflow/example_dags/tutorial.py
[2024-09-02T04:46:21.872+0000] {processor.py:914} INFO - Processing file /home/airflow/.local/lib/python3.12/site-packages/airflow/example_dags/tutorial.py for tasks to queue
[2024-09-02T04:46:21.877+0000] {logging_mixin.py:190} INFO - [2024-09-02T04:46:21.876+0000] {dagbag.py:587} INFO - Filling up the DagBag from /home/airflow/.local/lib/python3.12/site-packages/airflow/example_dags/tutorial.py
[2024-09-02T04:46:21.902+0000] {processor.py:925} INFO - DAG(s) 'tutorial' retrieved from /home/airflow/.local/lib/python3.12/site-packages/airflow/example_dags/tutorial.py
[2024-09-02T04:46:22.018+0000] {logging_mixin.py:190} INFO - [2024-09-02T04:46:22.018+0000] {dag.py:3211} INFO - Sync 1 DAGs
[2024-09-02T04:46:22.066+0000] {logging_mixin.py:190} INFO - [2024-09-02T04:46:22.066+0000] {dag.py:4138} INFO - Setting next_dagrun for tutorial to 2024-09-01 00:00:00+00:00, run_after=2024-09-02 00:00:00+00:00
[2024-09-02T04:46:22.109+0000] {processor.py:208} INFO - Processing /home/airflow/.local/lib/python3.12/site-packages/airflow/example_dags/tutorial.py took 0.252 seconds
[2024-09-02T04:46:52.553+0000] {processor.py:186} INFO - Started process (PID=2542) to work on /home/airflow/.local/lib/python3.12/site-packages/airflow/example_dags/tutorial.py
[2024-09-02T04:46:52.565+0000] {processor.py:914} INFO - Processing file /home/airflow/.local/lib/python3.12/site-packages/airflow/example_dags/tutorial.py for tasks to queue
[2024-09-02T04:46:52.572+0000] {logging_mixin.py:190} INFO - [2024-09-02T04:46:52.571+0000] {dagbag.py:587} INFO - Filling up the DagBag from /home/airflow/.local/lib/python3.12/site-packages/airflow/example_dags/tutorial.py
[2024-09-02T04:46:52.675+0000] {processor.py:925} INFO - DAG(s) 'tutorial' retrieved from /home/airflow/.local/lib/python3.12/site-packages/airflow/example_dags/tutorial.py
[2024-09-02T04:46:52.859+0000] {logging_mixin.py:190} INFO - [2024-09-02T04:46:52.858+0000] {dag.py:3211} INFO - Sync 1 DAGs
[2024-09-02T04:46:53.088+0000] {logging_mixin.py:190} INFO - [2024-09-02T04:46:53.087+0000] {dag.py:4138} INFO - Setting next_dagrun for tutorial to 2024-09-01 00:00:00+00:00, run_after=2024-09-02 00:00:00+00:00
[2024-09-02T04:46:53.289+0000] {processor.py:208} INFO - Processing /home/airflow/.local/lib/python3.12/site-packages/airflow/example_dags/tutorial.py took 0.770 seconds
