[2024-09-02T04:13:56.331+0000] {processor.py:186} INFO - Started process (PID=114) to work on /home/airflow/.local/lib/python3.12/site-packages/airflow/example_dags/tutorial_dag.py
[2024-09-02T04:13:56.334+0000] {processor.py:914} INFO - Processing file /home/airflow/.local/lib/python3.12/site-packages/airflow/example_dags/tutorial_dag.py for tasks to queue
[2024-09-02T04:13:56.341+0000] {logging_mixin.py:190} INFO - [2024-09-02T04:13:56.340+0000] {dagbag.py:587} INFO - Filling up the DagBag from /home/airflow/.local/lib/python3.12/site-packages/airflow/example_dags/tutorial_dag.py
[2024-09-02T04:13:56.363+0000] {processor.py:925} INFO - DAG(s) 'tutorial_dag' retrieved from /home/airflow/.local/lib/python3.12/site-packages/airflow/example_dags/tutorial_dag.py
[2024-09-02T04:13:56.771+0000] {logging_mixin.py:190} INFO - [2024-09-02T04:13:56.770+0000] {override.py:1858} INFO - Created Permission View: can read on DAG:tutorial_dag
[2024-09-02T04:13:56.819+0000] {logging_mixin.py:190} INFO - [2024-09-02T04:13:56.819+0000] {override.py:1858} INFO - Created Permission View: can delete on DAG:tutorial_dag
[2024-09-02T04:13:56.846+0000] {logging_mixin.py:190} INFO - [2024-09-02T04:13:56.845+0000] {override.py:1858} INFO - Created Permission View: can edit on DAG:tutorial_dag
[2024-09-02T04:13:56.848+0000] {logging_mixin.py:190} INFO - [2024-09-02T04:13:56.848+0000] {dag.py:3211} INFO - Sync 1 DAGs
[2024-09-02T04:13:56.895+0000] {logging_mixin.py:190} INFO - [2024-09-02T04:13:56.895+0000] {dag.py:3234} INFO - Creating ORM DAG for tutorial_dag
[2024-09-02T04:13:56.897+0000] {logging_mixin.py:190} INFO - [2024-09-02T04:13:56.897+0000] {dag.py:4138} INFO - Setting next_dagrun for tutorial_dag to None, run_after=None
[2024-09-02T04:13:56.969+0000] {processor.py:208} INFO - Processing /home/airflow/.local/lib/python3.12/site-packages/airflow/example_dags/tutorial_dag.py took 0.653 seconds
[2024-09-02T04:14:27.253+0000] {processor.py:186} INFO - Started process (PID=177) to work on /home/airflow/.local/lib/python3.12/site-packages/airflow/example_dags/tutorial_dag.py
[2024-09-02T04:14:27.255+0000] {processor.py:914} INFO - Processing file /home/airflow/.local/lib/python3.12/site-packages/airflow/example_dags/tutorial_dag.py for tasks to queue
[2024-09-02T04:14:27.261+0000] {logging_mixin.py:190} INFO - [2024-09-02T04:14:27.260+0000] {dagbag.py:587} INFO - Filling up the DagBag from /home/airflow/.local/lib/python3.12/site-packages/airflow/example_dags/tutorial_dag.py
[2024-09-02T04:14:27.296+0000] {processor.py:925} INFO - DAG(s) 'tutorial_dag' retrieved from /home/airflow/.local/lib/python3.12/site-packages/airflow/example_dags/tutorial_dag.py
[2024-09-02T04:14:27.362+0000] {logging_mixin.py:190} INFO - [2024-09-02T04:14:27.361+0000] {dag.py:3211} INFO - Sync 1 DAGs
[2024-09-02T04:14:27.408+0000] {logging_mixin.py:190} INFO - [2024-09-02T04:14:27.407+0000] {dag.py:4138} INFO - Setting next_dagrun for tutorial_dag to None, run_after=None
[2024-09-02T04:14:27.494+0000] {processor.py:208} INFO - Processing /home/airflow/.local/lib/python3.12/site-packages/airflow/example_dags/tutorial_dag.py took 0.252 seconds
[2024-09-02T04:14:57.866+0000] {processor.py:186} INFO - Started process (PID=239) to work on /home/airflow/.local/lib/python3.12/site-packages/airflow/example_dags/tutorial_dag.py
[2024-09-02T04:14:57.868+0000] {processor.py:914} INFO - Processing file /home/airflow/.local/lib/python3.12/site-packages/airflow/example_dags/tutorial_dag.py for tasks to queue
[2024-09-02T04:14:57.874+0000] {logging_mixin.py:190} INFO - [2024-09-02T04:14:57.873+0000] {dagbag.py:587} INFO - Filling up the DagBag from /home/airflow/.local/lib/python3.12/site-packages/airflow/example_dags/tutorial_dag.py
[2024-09-02T04:14:57.892+0000] {processor.py:925} INFO - DAG(s) 'tutorial_dag' retrieved from /home/airflow/.local/lib/python3.12/site-packages/airflow/example_dags/tutorial_dag.py
[2024-09-02T04:14:57.944+0000] {logging_mixin.py:190} INFO - [2024-09-02T04:14:57.943+0000] {dag.py:3211} INFO - Sync 1 DAGs
[2024-09-02T04:14:57.982+0000] {logging_mixin.py:190} INFO - [2024-09-02T04:14:57.981+0000] {dag.py:4138} INFO - Setting next_dagrun for tutorial_dag to None, run_after=None
[2024-09-02T04:14:58.050+0000] {processor.py:208} INFO - Processing /home/airflow/.local/lib/python3.12/site-packages/airflow/example_dags/tutorial_dag.py took 0.198 seconds
[2024-09-02T04:15:28.221+0000] {processor.py:186} INFO - Started process (PID=302) to work on /home/airflow/.local/lib/python3.12/site-packages/airflow/example_dags/tutorial_dag.py
[2024-09-02T04:15:28.223+0000] {processor.py:914} INFO - Processing file /home/airflow/.local/lib/python3.12/site-packages/airflow/example_dags/tutorial_dag.py for tasks to queue
[2024-09-02T04:15:28.229+0000] {logging_mixin.py:190} INFO - [2024-09-02T04:15:28.228+0000] {dagbag.py:587} INFO - Filling up the DagBag from /home/airflow/.local/lib/python3.12/site-packages/airflow/example_dags/tutorial_dag.py
[2024-09-02T04:15:28.245+0000] {processor.py:925} INFO - DAG(s) 'tutorial_dag' retrieved from /home/airflow/.local/lib/python3.12/site-packages/airflow/example_dags/tutorial_dag.py
[2024-09-02T04:15:28.289+0000] {logging_mixin.py:190} INFO - [2024-09-02T04:15:28.288+0000] {dag.py:3211} INFO - Sync 1 DAGs
[2024-09-02T04:15:28.320+0000] {logging_mixin.py:190} INFO - [2024-09-02T04:15:28.319+0000] {dag.py:4138} INFO - Setting next_dagrun for tutorial_dag to None, run_after=None
[2024-09-02T04:15:28.399+0000] {processor.py:208} INFO - Processing /home/airflow/.local/lib/python3.12/site-packages/airflow/example_dags/tutorial_dag.py took 0.190 seconds
[2024-09-02T04:15:58.676+0000] {processor.py:186} INFO - Started process (PID=365) to work on /home/airflow/.local/lib/python3.12/site-packages/airflow/example_dags/tutorial_dag.py
[2024-09-02T04:15:58.678+0000] {processor.py:914} INFO - Processing file /home/airflow/.local/lib/python3.12/site-packages/airflow/example_dags/tutorial_dag.py for tasks to queue
[2024-09-02T04:15:58.683+0000] {logging_mixin.py:190} INFO - [2024-09-02T04:15:58.683+0000] {dagbag.py:587} INFO - Filling up the DagBag from /home/airflow/.local/lib/python3.12/site-packages/airflow/example_dags/tutorial_dag.py
[2024-09-02T04:15:58.699+0000] {processor.py:925} INFO - DAG(s) 'tutorial_dag' retrieved from /home/airflow/.local/lib/python3.12/site-packages/airflow/example_dags/tutorial_dag.py
[2024-09-02T04:15:58.741+0000] {logging_mixin.py:190} INFO - [2024-09-02T04:15:58.740+0000] {dag.py:3211} INFO - Sync 1 DAGs
[2024-09-02T04:15:58.772+0000] {logging_mixin.py:190} INFO - [2024-09-02T04:15:58.771+0000] {dag.py:4138} INFO - Setting next_dagrun for tutorial_dag to None, run_after=None
[2024-09-02T04:15:58.805+0000] {processor.py:208} INFO - Processing /home/airflow/.local/lib/python3.12/site-packages/airflow/example_dags/tutorial_dag.py took 0.141 seconds
[2024-09-02T04:16:28.997+0000] {processor.py:186} INFO - Started process (PID=428) to work on /home/airflow/.local/lib/python3.12/site-packages/airflow/example_dags/tutorial_dag.py
[2024-09-02T04:16:28.999+0000] {processor.py:914} INFO - Processing file /home/airflow/.local/lib/python3.12/site-packages/airflow/example_dags/tutorial_dag.py for tasks to queue
[2024-09-02T04:16:29.004+0000] {logging_mixin.py:190} INFO - [2024-09-02T04:16:29.003+0000] {dagbag.py:587} INFO - Filling up the DagBag from /home/airflow/.local/lib/python3.12/site-packages/airflow/example_dags/tutorial_dag.py
[2024-09-02T04:16:29.018+0000] {processor.py:925} INFO - DAG(s) 'tutorial_dag' retrieved from /home/airflow/.local/lib/python3.12/site-packages/airflow/example_dags/tutorial_dag.py
[2024-09-02T04:16:29.058+0000] {logging_mixin.py:190} INFO - [2024-09-02T04:16:29.057+0000] {dag.py:3211} INFO - Sync 1 DAGs
[2024-09-02T04:16:29.090+0000] {logging_mixin.py:190} INFO - [2024-09-02T04:16:29.090+0000] {dag.py:4138} INFO - Setting next_dagrun for tutorial_dag to None, run_after=None
[2024-09-02T04:16:29.127+0000] {processor.py:208} INFO - Processing /home/airflow/.local/lib/python3.12/site-packages/airflow/example_dags/tutorial_dag.py took 0.142 seconds
[2024-09-02T04:16:59.614+0000] {processor.py:186} INFO - Started process (PID=491) to work on /home/airflow/.local/lib/python3.12/site-packages/airflow/example_dags/tutorial_dag.py
[2024-09-02T04:16:59.619+0000] {processor.py:914} INFO - Processing file /home/airflow/.local/lib/python3.12/site-packages/airflow/example_dags/tutorial_dag.py for tasks to queue
[2024-09-02T04:16:59.628+0000] {logging_mixin.py:190} INFO - [2024-09-02T04:16:59.627+0000] {dagbag.py:587} INFO - Filling up the DagBag from /home/airflow/.local/lib/python3.12/site-packages/airflow/example_dags/tutorial_dag.py
[2024-09-02T04:16:59.667+0000] {processor.py:925} INFO - DAG(s) 'tutorial_dag' retrieved from /home/airflow/.local/lib/python3.12/site-packages/airflow/example_dags/tutorial_dag.py
[2024-09-02T04:16:59.755+0000] {logging_mixin.py:190} INFO - [2024-09-02T04:16:59.753+0000] {dag.py:3211} INFO - Sync 1 DAGs
[2024-09-02T04:16:59.816+0000] {logging_mixin.py:190} INFO - [2024-09-02T04:16:59.815+0000] {dag.py:4138} INFO - Setting next_dagrun for tutorial_dag to None, run_after=None
[2024-09-02T04:16:59.861+0000] {processor.py:208} INFO - Processing /home/airflow/.local/lib/python3.12/site-packages/airflow/example_dags/tutorial_dag.py took 0.270 seconds
[2024-09-02T04:17:30.718+0000] {processor.py:186} INFO - Started process (PID=554) to work on /home/airflow/.local/lib/python3.12/site-packages/airflow/example_dags/tutorial_dag.py
[2024-09-02T04:17:30.724+0000] {processor.py:914} INFO - Processing file /home/airflow/.local/lib/python3.12/site-packages/airflow/example_dags/tutorial_dag.py for tasks to queue
[2024-09-02T04:17:30.732+0000] {logging_mixin.py:190} INFO - [2024-09-02T04:17:30.731+0000] {dagbag.py:587} INFO - Filling up the DagBag from /home/airflow/.local/lib/python3.12/site-packages/airflow/example_dags/tutorial_dag.py
[2024-09-02T04:17:30.750+0000] {processor.py:925} INFO - DAG(s) 'tutorial_dag' retrieved from /home/airflow/.local/lib/python3.12/site-packages/airflow/example_dags/tutorial_dag.py
[2024-09-02T04:17:30.791+0000] {logging_mixin.py:190} INFO - [2024-09-02T04:17:30.791+0000] {dag.py:3211} INFO - Sync 1 DAGs
[2024-09-02T04:17:30.825+0000] {logging_mixin.py:190} INFO - [2024-09-02T04:17:30.824+0000] {dag.py:4138} INFO - Setting next_dagrun for tutorial_dag to None, run_after=None
[2024-09-02T04:17:30.862+0000] {processor.py:208} INFO - Processing /home/airflow/.local/lib/python3.12/site-packages/airflow/example_dags/tutorial_dag.py took 0.162 seconds
[2024-09-02T04:18:01.475+0000] {processor.py:186} INFO - Started process (PID=617) to work on /home/airflow/.local/lib/python3.12/site-packages/airflow/example_dags/tutorial_dag.py
[2024-09-02T04:18:01.477+0000] {processor.py:914} INFO - Processing file /home/airflow/.local/lib/python3.12/site-packages/airflow/example_dags/tutorial_dag.py for tasks to queue
[2024-09-02T04:18:01.484+0000] {logging_mixin.py:190} INFO - [2024-09-02T04:18:01.483+0000] {dagbag.py:587} INFO - Filling up the DagBag from /home/airflow/.local/lib/python3.12/site-packages/airflow/example_dags/tutorial_dag.py
[2024-09-02T04:18:01.501+0000] {processor.py:925} INFO - DAG(s) 'tutorial_dag' retrieved from /home/airflow/.local/lib/python3.12/site-packages/airflow/example_dags/tutorial_dag.py
[2024-09-02T04:18:01.552+0000] {logging_mixin.py:190} INFO - [2024-09-02T04:18:01.551+0000] {dag.py:3211} INFO - Sync 1 DAGs
[2024-09-02T04:18:01.592+0000] {logging_mixin.py:190} INFO - [2024-09-02T04:18:01.591+0000] {dag.py:4138} INFO - Setting next_dagrun for tutorial_dag to None, run_after=None
[2024-09-02T04:18:01.645+0000] {processor.py:208} INFO - Processing /home/airflow/.local/lib/python3.12/site-packages/airflow/example_dags/tutorial_dag.py took 0.185 seconds
[2024-09-02T04:18:31.898+0000] {processor.py:186} INFO - Started process (PID=679) to work on /home/airflow/.local/lib/python3.12/site-packages/airflow/example_dags/tutorial_dag.py
[2024-09-02T04:18:31.900+0000] {processor.py:914} INFO - Processing file /home/airflow/.local/lib/python3.12/site-packages/airflow/example_dags/tutorial_dag.py for tasks to queue
[2024-09-02T04:18:31.905+0000] {logging_mixin.py:190} INFO - [2024-09-02T04:18:31.904+0000] {dagbag.py:587} INFO - Filling up the DagBag from /home/airflow/.local/lib/python3.12/site-packages/airflow/example_dags/tutorial_dag.py
[2024-09-02T04:18:31.921+0000] {processor.py:925} INFO - DAG(s) 'tutorial_dag' retrieved from /home/airflow/.local/lib/python3.12/site-packages/airflow/example_dags/tutorial_dag.py
[2024-09-02T04:18:31.960+0000] {logging_mixin.py:190} INFO - [2024-09-02T04:18:31.960+0000] {dag.py:3211} INFO - Sync 1 DAGs
[2024-09-02T04:18:31.988+0000] {logging_mixin.py:190} INFO - [2024-09-02T04:18:31.988+0000] {dag.py:4138} INFO - Setting next_dagrun for tutorial_dag to None, run_after=None
[2024-09-02T04:18:32.024+0000] {processor.py:208} INFO - Processing /home/airflow/.local/lib/python3.12/site-packages/airflow/example_dags/tutorial_dag.py took 0.137 seconds
[2024-09-02T04:19:02.494+0000] {processor.py:186} INFO - Started process (PID=742) to work on /home/airflow/.local/lib/python3.12/site-packages/airflow/example_dags/tutorial_dag.py
[2024-09-02T04:19:02.497+0000] {processor.py:914} INFO - Processing file /home/airflow/.local/lib/python3.12/site-packages/airflow/example_dags/tutorial_dag.py for tasks to queue
[2024-09-02T04:19:02.504+0000] {logging_mixin.py:190} INFO - [2024-09-02T04:19:02.503+0000] {dagbag.py:587} INFO - Filling up the DagBag from /home/airflow/.local/lib/python3.12/site-packages/airflow/example_dags/tutorial_dag.py
[2024-09-02T04:19:02.518+0000] {processor.py:925} INFO - DAG(s) 'tutorial_dag' retrieved from /home/airflow/.local/lib/python3.12/site-packages/airflow/example_dags/tutorial_dag.py
[2024-09-02T04:19:02.555+0000] {logging_mixin.py:190} INFO - [2024-09-02T04:19:02.555+0000] {dag.py:3211} INFO - Sync 1 DAGs
[2024-09-02T04:19:02.583+0000] {logging_mixin.py:190} INFO - [2024-09-02T04:19:02.582+0000] {dag.py:4138} INFO - Setting next_dagrun for tutorial_dag to None, run_after=None
[2024-09-02T04:19:02.627+0000] {processor.py:208} INFO - Processing /home/airflow/.local/lib/python3.12/site-packages/airflow/example_dags/tutorial_dag.py took 0.151 seconds
[2024-09-02T04:19:32.884+0000] {processor.py:186} INFO - Started process (PID=804) to work on /home/airflow/.local/lib/python3.12/site-packages/airflow/example_dags/tutorial_dag.py
[2024-09-02T04:19:32.886+0000] {processor.py:914} INFO - Processing file /home/airflow/.local/lib/python3.12/site-packages/airflow/example_dags/tutorial_dag.py for tasks to queue
[2024-09-02T04:19:32.891+0000] {logging_mixin.py:190} INFO - [2024-09-02T04:19:32.891+0000] {dagbag.py:587} INFO - Filling up the DagBag from /home/airflow/.local/lib/python3.12/site-packages/airflow/example_dags/tutorial_dag.py
[2024-09-02T04:19:32.906+0000] {processor.py:925} INFO - DAG(s) 'tutorial_dag' retrieved from /home/airflow/.local/lib/python3.12/site-packages/airflow/example_dags/tutorial_dag.py
[2024-09-02T04:19:32.947+0000] {logging_mixin.py:190} INFO - [2024-09-02T04:19:32.946+0000] {dag.py:3211} INFO - Sync 1 DAGs
[2024-09-02T04:19:32.976+0000] {logging_mixin.py:190} INFO - [2024-09-02T04:19:32.976+0000] {dag.py:4138} INFO - Setting next_dagrun for tutorial_dag to None, run_after=None
[2024-09-02T04:19:33.015+0000] {processor.py:208} INFO - Processing /home/airflow/.local/lib/python3.12/site-packages/airflow/example_dags/tutorial_dag.py took 0.143 seconds
[2024-09-02T04:20:03.552+0000] {processor.py:186} INFO - Started process (PID=867) to work on /home/airflow/.local/lib/python3.12/site-packages/airflow/example_dags/tutorial_dag.py
[2024-09-02T04:20:03.554+0000] {processor.py:914} INFO - Processing file /home/airflow/.local/lib/python3.12/site-packages/airflow/example_dags/tutorial_dag.py for tasks to queue
[2024-09-02T04:20:03.560+0000] {logging_mixin.py:190} INFO - [2024-09-02T04:20:03.559+0000] {dagbag.py:587} INFO - Filling up the DagBag from /home/airflow/.local/lib/python3.12/site-packages/airflow/example_dags/tutorial_dag.py
[2024-09-02T04:20:03.577+0000] {processor.py:925} INFO - DAG(s) 'tutorial_dag' retrieved from /home/airflow/.local/lib/python3.12/site-packages/airflow/example_dags/tutorial_dag.py
[2024-09-02T04:20:03.621+0000] {logging_mixin.py:190} INFO - [2024-09-02T04:20:03.620+0000] {dag.py:3211} INFO - Sync 1 DAGs
[2024-09-02T04:20:03.654+0000] {logging_mixin.py:190} INFO - [2024-09-02T04:20:03.653+0000] {dag.py:4138} INFO - Setting next_dagrun for tutorial_dag to None, run_after=None
[2024-09-02T04:20:03.711+0000] {processor.py:208} INFO - Processing /home/airflow/.local/lib/python3.12/site-packages/airflow/example_dags/tutorial_dag.py took 0.172 seconds
[2024-09-02T04:20:34.296+0000] {processor.py:186} INFO - Started process (PID=930) to work on /home/airflow/.local/lib/python3.12/site-packages/airflow/example_dags/tutorial_dag.py
[2024-09-02T04:20:34.299+0000] {processor.py:914} INFO - Processing file /home/airflow/.local/lib/python3.12/site-packages/airflow/example_dags/tutorial_dag.py for tasks to queue
[2024-09-02T04:20:34.307+0000] {logging_mixin.py:190} INFO - [2024-09-02T04:20:34.305+0000] {dagbag.py:587} INFO - Filling up the DagBag from /home/airflow/.local/lib/python3.12/site-packages/airflow/example_dags/tutorial_dag.py
[2024-09-02T04:20:34.336+0000] {processor.py:925} INFO - DAG(s) 'tutorial_dag' retrieved from /home/airflow/.local/lib/python3.12/site-packages/airflow/example_dags/tutorial_dag.py
[2024-09-02T04:20:34.407+0000] {logging_mixin.py:190} INFO - [2024-09-02T04:20:34.406+0000] {dag.py:3211} INFO - Sync 1 DAGs
[2024-09-02T04:20:34.456+0000] {logging_mixin.py:190} INFO - [2024-09-02T04:20:34.456+0000] {dag.py:4138} INFO - Setting next_dagrun for tutorial_dag to None, run_after=None
[2024-09-02T04:20:34.520+0000] {processor.py:208} INFO - Processing /home/airflow/.local/lib/python3.12/site-packages/airflow/example_dags/tutorial_dag.py took 0.250 seconds
[2024-09-02T04:21:05.780+0000] {processor.py:186} INFO - Started process (PID=994) to work on /home/airflow/.local/lib/python3.12/site-packages/airflow/example_dags/tutorial_dag.py
[2024-09-02T04:21:05.783+0000] {processor.py:914} INFO - Processing file /home/airflow/.local/lib/python3.12/site-packages/airflow/example_dags/tutorial_dag.py for tasks to queue
[2024-09-02T04:21:05.792+0000] {logging_mixin.py:190} INFO - [2024-09-02T04:21:05.791+0000] {dagbag.py:587} INFO - Filling up the DagBag from /home/airflow/.local/lib/python3.12/site-packages/airflow/example_dags/tutorial_dag.py
[2024-09-02T04:21:05.824+0000] {processor.py:925} INFO - DAG(s) 'tutorial_dag' retrieved from /home/airflow/.local/lib/python3.12/site-packages/airflow/example_dags/tutorial_dag.py
[2024-09-02T04:21:05.895+0000] {logging_mixin.py:190} INFO - [2024-09-02T04:21:05.894+0000] {dag.py:3211} INFO - Sync 1 DAGs
[2024-09-02T04:21:05.955+0000] {logging_mixin.py:190} INFO - [2024-09-02T04:21:05.954+0000] {dag.py:4138} INFO - Setting next_dagrun for tutorial_dag to None, run_after=None
[2024-09-02T04:21:06.018+0000] {processor.py:208} INFO - Processing /home/airflow/.local/lib/python3.12/site-packages/airflow/example_dags/tutorial_dag.py took 0.257 seconds
[2024-09-02T04:21:44.532+0000] {processor.py:186} INFO - Started process (PID=1057) to work on /home/airflow/.local/lib/python3.12/site-packages/airflow/example_dags/tutorial_dag.py
[2024-09-02T04:21:44.545+0000] {processor.py:914} INFO - Processing file /home/airflow/.local/lib/python3.12/site-packages/airflow/example_dags/tutorial_dag.py for tasks to queue
[2024-09-02T04:21:44.562+0000] {logging_mixin.py:190} INFO - [2024-09-02T04:21:44.561+0000] {dagbag.py:587} INFO - Filling up the DagBag from /home/airflow/.local/lib/python3.12/site-packages/airflow/example_dags/tutorial_dag.py
[2024-09-02T04:21:44.609+0000] {processor.py:925} INFO - DAG(s) 'tutorial_dag' retrieved from /home/airflow/.local/lib/python3.12/site-packages/airflow/example_dags/tutorial_dag.py
[2024-09-02T04:21:44.714+0000] {logging_mixin.py:190} INFO - [2024-09-02T04:21:44.713+0000] {dag.py:3211} INFO - Sync 1 DAGs
[2024-09-02T04:21:44.809+0000] {logging_mixin.py:190} INFO - [2024-09-02T04:21:44.808+0000] {dag.py:4138} INFO - Setting next_dagrun for tutorial_dag to None, run_after=None
[2024-09-02T04:21:44.909+0000] {processor.py:208} INFO - Processing /home/airflow/.local/lib/python3.12/site-packages/airflow/example_dags/tutorial_dag.py took 0.413 seconds
[2024-09-02T04:22:25.490+0000] {processor.py:186} INFO - Started process (PID=1128) to work on /home/airflow/.local/lib/python3.12/site-packages/airflow/example_dags/tutorial_dag.py
[2024-09-02T04:22:25.495+0000] {processor.py:914} INFO - Processing file /home/airflow/.local/lib/python3.12/site-packages/airflow/example_dags/tutorial_dag.py for tasks to queue
[2024-09-02T04:22:25.510+0000] {logging_mixin.py:190} INFO - [2024-09-02T04:22:25.509+0000] {dagbag.py:587} INFO - Filling up the DagBag from /home/airflow/.local/lib/python3.12/site-packages/airflow/example_dags/tutorial_dag.py
[2024-09-02T04:22:25.563+0000] {processor.py:925} INFO - DAG(s) 'tutorial_dag' retrieved from /home/airflow/.local/lib/python3.12/site-packages/airflow/example_dags/tutorial_dag.py
[2024-09-02T04:22:25.676+0000] {logging_mixin.py:190} INFO - [2024-09-02T04:22:25.676+0000] {dag.py:3211} INFO - Sync 1 DAGs
[2024-09-02T04:22:25.804+0000] {logging_mixin.py:190} INFO - [2024-09-02T04:22:25.803+0000] {dag.py:4138} INFO - Setting next_dagrun for tutorial_dag to None, run_after=None
[2024-09-02T04:22:25.925+0000] {processor.py:208} INFO - Processing /home/airflow/.local/lib/python3.12/site-packages/airflow/example_dags/tutorial_dag.py took 0.468 seconds
[2024-09-02T04:23:21.787+0000] {processor.py:186} INFO - Started process (PID=1180) to work on /home/airflow/.local/lib/python3.12/site-packages/airflow/example_dags/tutorial_dag.py
[2024-09-02T04:23:21.803+0000] {processor.py:914} INFO - Processing file /home/airflow/.local/lib/python3.12/site-packages/airflow/example_dags/tutorial_dag.py for tasks to queue
[2024-09-02T04:23:21.851+0000] {logging_mixin.py:190} INFO - [2024-09-02T04:23:21.850+0000] {dagbag.py:587} INFO - Filling up the DagBag from /home/airflow/.local/lib/python3.12/site-packages/airflow/example_dags/tutorial_dag.py
[2024-09-02T04:23:22.028+0000] {processor.py:925} INFO - DAG(s) 'tutorial_dag' retrieved from /home/airflow/.local/lib/python3.12/site-packages/airflow/example_dags/tutorial_dag.py
[2024-09-02T04:23:22.387+0000] {logging_mixin.py:190} INFO - [2024-09-02T04:23:22.387+0000] {dag.py:3211} INFO - Sync 1 DAGs
[2024-09-02T04:23:22.585+0000] {logging_mixin.py:190} INFO - [2024-09-02T04:23:22.584+0000] {dag.py:4138} INFO - Setting next_dagrun for tutorial_dag to None, run_after=None
[2024-09-02T04:23:22.790+0000] {processor.py:208} INFO - Processing /home/airflow/.local/lib/python3.12/site-packages/airflow/example_dags/tutorial_dag.py took 1.051 seconds
[2024-09-02T04:26:18.225+0000] {processor.py:186} INFO - Started process (PID=98) to work on /home/airflow/.local/lib/python3.12/site-packages/airflow/example_dags/tutorial_dag.py
[2024-09-02T04:26:18.229+0000] {processor.py:914} INFO - Processing file /home/airflow/.local/lib/python3.12/site-packages/airflow/example_dags/tutorial_dag.py for tasks to queue
[2024-09-02T04:26:18.248+0000] {logging_mixin.py:190} INFO - [2024-09-02T04:26:18.246+0000] {dagbag.py:587} INFO - Filling up the DagBag from /home/airflow/.local/lib/python3.12/site-packages/airflow/example_dags/tutorial_dag.py
[2024-09-02T04:26:18.299+0000] {processor.py:925} INFO - DAG(s) 'tutorial_dag' retrieved from /home/airflow/.local/lib/python3.12/site-packages/airflow/example_dags/tutorial_dag.py
[2024-09-02T04:26:18.645+0000] {logging_mixin.py:190} INFO - [2024-09-02T04:26:18.644+0000] {dag.py:3211} INFO - Sync 1 DAGs
[2024-09-02T04:26:18.768+0000] {logging_mixin.py:190} INFO - [2024-09-02T04:26:18.768+0000] {dag.py:4138} INFO - Setting next_dagrun for tutorial_dag to None, run_after=None
[2024-09-02T04:26:19.030+0000] {processor.py:208} INFO - Processing /home/airflow/.local/lib/python3.12/site-packages/airflow/example_dags/tutorial_dag.py took 0.866 seconds
[2024-09-02T04:27:09.096+0000] {processor.py:186} INFO - Started process (PID=166) to work on /home/airflow/.local/lib/python3.12/site-packages/airflow/example_dags/tutorial_dag.py
[2024-09-02T04:27:09.099+0000] {processor.py:914} INFO - Processing file /home/airflow/.local/lib/python3.12/site-packages/airflow/example_dags/tutorial_dag.py for tasks to queue
[2024-09-02T04:27:09.104+0000] {logging_mixin.py:190} INFO - [2024-09-02T04:27:09.104+0000] {dagbag.py:587} INFO - Filling up the DagBag from /home/airflow/.local/lib/python3.12/site-packages/airflow/example_dags/tutorial_dag.py
[2024-09-02T04:27:09.125+0000] {processor.py:925} INFO - DAG(s) 'tutorial_dag' retrieved from /home/airflow/.local/lib/python3.12/site-packages/airflow/example_dags/tutorial_dag.py
[2024-09-02T04:27:09.267+0000] {logging_mixin.py:190} INFO - [2024-09-02T04:27:09.266+0000] {dag.py:3211} INFO - Sync 1 DAGs
[2024-09-02T04:27:09.324+0000] {logging_mixin.py:190} INFO - [2024-09-02T04:27:09.324+0000] {dag.py:4138} INFO - Setting next_dagrun for tutorial_dag to None, run_after=None
[2024-09-02T04:27:09.392+0000] {processor.py:208} INFO - Processing /home/airflow/.local/lib/python3.12/site-packages/airflow/example_dags/tutorial_dag.py took 0.310 seconds
[2024-09-02T04:27:40.250+0000] {processor.py:186} INFO - Started process (PID=229) to work on /home/airflow/.local/lib/python3.12/site-packages/airflow/example_dags/tutorial_dag.py
[2024-09-02T04:27:40.253+0000] {processor.py:914} INFO - Processing file /home/airflow/.local/lib/python3.12/site-packages/airflow/example_dags/tutorial_dag.py for tasks to queue
[2024-09-02T04:27:40.261+0000] {logging_mixin.py:190} INFO - [2024-09-02T04:27:40.260+0000] {dagbag.py:587} INFO - Filling up the DagBag from /home/airflow/.local/lib/python3.12/site-packages/airflow/example_dags/tutorial_dag.py
[2024-09-02T04:27:40.289+0000] {processor.py:925} INFO - DAG(s) 'tutorial_dag' retrieved from /home/airflow/.local/lib/python3.12/site-packages/airflow/example_dags/tutorial_dag.py
[2024-09-02T04:27:40.397+0000] {logging_mixin.py:190} INFO - [2024-09-02T04:27:40.396+0000] {dag.py:3211} INFO - Sync 1 DAGs
[2024-09-02T04:27:40.452+0000] {logging_mixin.py:190} INFO - [2024-09-02T04:27:40.452+0000] {dag.py:4138} INFO - Setting next_dagrun for tutorial_dag to None, run_after=None
[2024-09-02T04:27:40.506+0000] {processor.py:208} INFO - Processing /home/airflow/.local/lib/python3.12/site-packages/airflow/example_dags/tutorial_dag.py took 0.275 seconds
[2024-09-02T04:28:13.435+0000] {processor.py:186} INFO - Started process (PID=292) to work on /home/airflow/.local/lib/python3.12/site-packages/airflow/example_dags/tutorial_dag.py
[2024-09-02T04:28:13.459+0000] {processor.py:914} INFO - Processing file /home/airflow/.local/lib/python3.12/site-packages/airflow/example_dags/tutorial_dag.py for tasks to queue
[2024-09-02T04:28:13.477+0000] {logging_mixin.py:190} INFO - [2024-09-02T04:28:13.476+0000] {dagbag.py:587} INFO - Filling up the DagBag from /home/airflow/.local/lib/python3.12/site-packages/airflow/example_dags/tutorial_dag.py
[2024-09-02T04:28:13.525+0000] {processor.py:925} INFO - DAG(s) 'tutorial_dag' retrieved from /home/airflow/.local/lib/python3.12/site-packages/airflow/example_dags/tutorial_dag.py
[2024-09-02T04:28:13.740+0000] {logging_mixin.py:190} INFO - [2024-09-02T04:28:13.740+0000] {dag.py:3211} INFO - Sync 1 DAGs
[2024-09-02T04:28:13.911+0000] {logging_mixin.py:190} INFO - [2024-09-02T04:28:13.911+0000] {dag.py:4138} INFO - Setting next_dagrun for tutorial_dag to None, run_after=None
[2024-09-02T04:28:14.157+0000] {processor.py:208} INFO - Processing /home/airflow/.local/lib/python3.12/site-packages/airflow/example_dags/tutorial_dag.py took 0.745 seconds
[2024-09-02T04:28:45.025+0000] {processor.py:186} INFO - Started process (PID=356) to work on /home/airflow/.local/lib/python3.12/site-packages/airflow/example_dags/tutorial_dag.py
[2024-09-02T04:28:45.028+0000] {processor.py:914} INFO - Processing file /home/airflow/.local/lib/python3.12/site-packages/airflow/example_dags/tutorial_dag.py for tasks to queue
[2024-09-02T04:28:45.068+0000] {logging_mixin.py:190} INFO - [2024-09-02T04:28:45.067+0000] {dagbag.py:587} INFO - Filling up the DagBag from /home/airflow/.local/lib/python3.12/site-packages/airflow/example_dags/tutorial_dag.py
[2024-09-02T04:28:45.117+0000] {processor.py:925} INFO - DAG(s) 'tutorial_dag' retrieved from /home/airflow/.local/lib/python3.12/site-packages/airflow/example_dags/tutorial_dag.py
[2024-09-02T04:28:45.252+0000] {logging_mixin.py:190} INFO - [2024-09-02T04:28:45.251+0000] {dag.py:3211} INFO - Sync 1 DAGs
[2024-09-02T04:28:45.349+0000] {logging_mixin.py:190} INFO - [2024-09-02T04:28:45.348+0000] {dag.py:4138} INFO - Setting next_dagrun for tutorial_dag to None, run_after=None
[2024-09-02T04:28:45.509+0000] {processor.py:208} INFO - Processing /home/airflow/.local/lib/python3.12/site-packages/airflow/example_dags/tutorial_dag.py took 0.513 seconds
[2024-09-02T04:29:15.673+0000] {processor.py:186} INFO - Started process (PID=418) to work on /home/airflow/.local/lib/python3.12/site-packages/airflow/example_dags/tutorial_dag.py
[2024-09-02T04:29:15.676+0000] {processor.py:914} INFO - Processing file /home/airflow/.local/lib/python3.12/site-packages/airflow/example_dags/tutorial_dag.py for tasks to queue
[2024-09-02T04:29:15.683+0000] {logging_mixin.py:190} INFO - [2024-09-02T04:29:15.682+0000] {dagbag.py:587} INFO - Filling up the DagBag from /home/airflow/.local/lib/python3.12/site-packages/airflow/example_dags/tutorial_dag.py
[2024-09-02T04:29:15.705+0000] {processor.py:925} INFO - DAG(s) 'tutorial_dag' retrieved from /home/airflow/.local/lib/python3.12/site-packages/airflow/example_dags/tutorial_dag.py
[2024-09-02T04:29:15.751+0000] {logging_mixin.py:190} INFO - [2024-09-02T04:29:15.751+0000] {dag.py:3211} INFO - Sync 1 DAGs
[2024-09-02T04:29:15.789+0000] {logging_mixin.py:190} INFO - [2024-09-02T04:29:15.789+0000] {dag.py:4138} INFO - Setting next_dagrun for tutorial_dag to None, run_after=None
[2024-09-02T04:29:15.836+0000] {processor.py:208} INFO - Processing /home/airflow/.local/lib/python3.12/site-packages/airflow/example_dags/tutorial_dag.py took 0.179 seconds
[2024-09-02T04:29:46.521+0000] {processor.py:186} INFO - Started process (PID=481) to work on /home/airflow/.local/lib/python3.12/site-packages/airflow/example_dags/tutorial_dag.py
[2024-09-02T04:29:46.530+0000] {processor.py:914} INFO - Processing file /home/airflow/.local/lib/python3.12/site-packages/airflow/example_dags/tutorial_dag.py for tasks to queue
[2024-09-02T04:29:46.536+0000] {logging_mixin.py:190} INFO - [2024-09-02T04:29:46.535+0000] {dagbag.py:587} INFO - Filling up the DagBag from /home/airflow/.local/lib/python3.12/site-packages/airflow/example_dags/tutorial_dag.py
[2024-09-02T04:29:46.557+0000] {processor.py:925} INFO - DAG(s) 'tutorial_dag' retrieved from /home/airflow/.local/lib/python3.12/site-packages/airflow/example_dags/tutorial_dag.py
[2024-09-02T04:29:46.636+0000] {logging_mixin.py:190} INFO - [2024-09-02T04:29:46.635+0000] {dag.py:3211} INFO - Sync 1 DAGs
[2024-09-02T04:29:46.677+0000] {logging_mixin.py:190} INFO - [2024-09-02T04:29:46.677+0000] {dag.py:4138} INFO - Setting next_dagrun for tutorial_dag to None, run_after=None
[2024-09-02T04:29:46.731+0000] {processor.py:208} INFO - Processing /home/airflow/.local/lib/python3.12/site-packages/airflow/example_dags/tutorial_dag.py took 0.231 seconds
[2024-09-02T04:30:18.215+0000] {processor.py:186} INFO - Started process (PID=545) to work on /home/airflow/.local/lib/python3.12/site-packages/airflow/example_dags/tutorial_dag.py
[2024-09-02T04:30:18.223+0000] {processor.py:914} INFO - Processing file /home/airflow/.local/lib/python3.12/site-packages/airflow/example_dags/tutorial_dag.py for tasks to queue
[2024-09-02T04:30:18.243+0000] {logging_mixin.py:190} INFO - [2024-09-02T04:30:18.242+0000] {dagbag.py:587} INFO - Filling up the DagBag from /home/airflow/.local/lib/python3.12/site-packages/airflow/example_dags/tutorial_dag.py
[2024-09-02T04:30:18.290+0000] {processor.py:925} INFO - DAG(s) 'tutorial_dag' retrieved from /home/airflow/.local/lib/python3.12/site-packages/airflow/example_dags/tutorial_dag.py
[2024-09-02T04:30:18.415+0000] {logging_mixin.py:190} INFO - [2024-09-02T04:30:18.415+0000] {dag.py:3211} INFO - Sync 1 DAGs
[2024-09-02T04:30:18.504+0000] {logging_mixin.py:190} INFO - [2024-09-02T04:30:18.503+0000] {dag.py:4138} INFO - Setting next_dagrun for tutorial_dag to None, run_after=None
[2024-09-02T04:30:18.624+0000] {processor.py:208} INFO - Processing /home/airflow/.local/lib/python3.12/site-packages/airflow/example_dags/tutorial_dag.py took 0.430 seconds
[2024-09-02T04:30:49.324+0000] {processor.py:186} INFO - Started process (PID=608) to work on /home/airflow/.local/lib/python3.12/site-packages/airflow/example_dags/tutorial_dag.py
[2024-09-02T04:30:49.327+0000] {processor.py:914} INFO - Processing file /home/airflow/.local/lib/python3.12/site-packages/airflow/example_dags/tutorial_dag.py for tasks to queue
[2024-09-02T04:30:49.340+0000] {logging_mixin.py:190} INFO - [2024-09-02T04:30:49.339+0000] {dagbag.py:587} INFO - Filling up the DagBag from /home/airflow/.local/lib/python3.12/site-packages/airflow/example_dags/tutorial_dag.py
[2024-09-02T04:30:49.380+0000] {processor.py:925} INFO - DAG(s) 'tutorial_dag' retrieved from /home/airflow/.local/lib/python3.12/site-packages/airflow/example_dags/tutorial_dag.py
[2024-09-02T04:30:49.478+0000] {logging_mixin.py:190} INFO - [2024-09-02T04:30:49.477+0000] {dag.py:3211} INFO - Sync 1 DAGs
[2024-09-02T04:30:49.545+0000] {logging_mixin.py:190} INFO - [2024-09-02T04:30:49.544+0000] {dag.py:4138} INFO - Setting next_dagrun for tutorial_dag to None, run_after=None
[2024-09-02T04:30:49.601+0000] {processor.py:208} INFO - Processing /home/airflow/.local/lib/python3.12/site-packages/airflow/example_dags/tutorial_dag.py took 0.299 seconds
[2024-09-02T04:31:20.364+0000] {processor.py:186} INFO - Started process (PID=671) to work on /home/airflow/.local/lib/python3.12/site-packages/airflow/example_dags/tutorial_dag.py
[2024-09-02T04:31:20.377+0000] {processor.py:914} INFO - Processing file /home/airflow/.local/lib/python3.12/site-packages/airflow/example_dags/tutorial_dag.py for tasks to queue
[2024-09-02T04:31:20.392+0000] {logging_mixin.py:190} INFO - [2024-09-02T04:31:20.391+0000] {dagbag.py:587} INFO - Filling up the DagBag from /home/airflow/.local/lib/python3.12/site-packages/airflow/example_dags/tutorial_dag.py
[2024-09-02T04:31:20.432+0000] {processor.py:925} INFO - DAG(s) 'tutorial_dag' retrieved from /home/airflow/.local/lib/python3.12/site-packages/airflow/example_dags/tutorial_dag.py
[2024-09-02T04:31:20.579+0000] {logging_mixin.py:190} INFO - [2024-09-02T04:31:20.579+0000] {dag.py:3211} INFO - Sync 1 DAGs
[2024-09-02T04:31:20.645+0000] {logging_mixin.py:190} INFO - [2024-09-02T04:31:20.645+0000] {dag.py:4138} INFO - Setting next_dagrun for tutorial_dag to None, run_after=None
[2024-09-02T04:31:20.799+0000] {processor.py:208} INFO - Processing /home/airflow/.local/lib/python3.12/site-packages/airflow/example_dags/tutorial_dag.py took 0.465 seconds
[2024-09-02T04:31:53.192+0000] {processor.py:186} INFO - Started process (PID=734) to work on /home/airflow/.local/lib/python3.12/site-packages/airflow/example_dags/tutorial_dag.py
[2024-09-02T04:31:53.194+0000] {processor.py:914} INFO - Processing file /home/airflow/.local/lib/python3.12/site-packages/airflow/example_dags/tutorial_dag.py for tasks to queue
[2024-09-02T04:31:53.242+0000] {logging_mixin.py:190} INFO - [2024-09-02T04:31:53.241+0000] {dagbag.py:587} INFO - Filling up the DagBag from /home/airflow/.local/lib/python3.12/site-packages/airflow/example_dags/tutorial_dag.py
[2024-09-02T04:31:53.354+0000] {processor.py:925} INFO - DAG(s) 'tutorial_dag' retrieved from /home/airflow/.local/lib/python3.12/site-packages/airflow/example_dags/tutorial_dag.py
[2024-09-02T04:31:53.587+0000] {logging_mixin.py:190} INFO - [2024-09-02T04:31:53.587+0000] {dag.py:3211} INFO - Sync 1 DAGs
[2024-09-02T04:31:53.707+0000] {logging_mixin.py:190} INFO - [2024-09-02T04:31:53.707+0000] {dag.py:4138} INFO - Setting next_dagrun for tutorial_dag to None, run_after=None
[2024-09-02T04:31:53.855+0000] {processor.py:208} INFO - Processing /home/airflow/.local/lib/python3.12/site-packages/airflow/example_dags/tutorial_dag.py took 0.748 seconds
[2024-09-02T04:32:25.662+0000] {processor.py:186} INFO - Started process (PID=796) to work on /home/airflow/.local/lib/python3.12/site-packages/airflow/example_dags/tutorial_dag.py
[2024-09-02T04:32:25.675+0000] {processor.py:914} INFO - Processing file /home/airflow/.local/lib/python3.12/site-packages/airflow/example_dags/tutorial_dag.py for tasks to queue
[2024-09-02T04:32:25.691+0000] {logging_mixin.py:190} INFO - [2024-09-02T04:32:25.680+0000] {dagbag.py:587} INFO - Filling up the DagBag from /home/airflow/.local/lib/python3.12/site-packages/airflow/example_dags/tutorial_dag.py
[2024-09-02T04:32:25.739+0000] {processor.py:925} INFO - DAG(s) 'tutorial_dag' retrieved from /home/airflow/.local/lib/python3.12/site-packages/airflow/example_dags/tutorial_dag.py
[2024-09-02T04:32:25.902+0000] {logging_mixin.py:190} INFO - [2024-09-02T04:32:25.901+0000] {dag.py:3211} INFO - Sync 1 DAGs
[2024-09-02T04:32:26.075+0000] {logging_mixin.py:190} INFO - [2024-09-02T04:32:26.074+0000] {dag.py:4138} INFO - Setting next_dagrun for tutorial_dag to None, run_after=None
[2024-09-02T04:32:26.219+0000] {processor.py:208} INFO - Processing /home/airflow/.local/lib/python3.12/site-packages/airflow/example_dags/tutorial_dag.py took 0.602 seconds
[2024-09-02T04:32:56.424+0000] {processor.py:186} INFO - Started process (PID=859) to work on /home/airflow/.local/lib/python3.12/site-packages/airflow/example_dags/tutorial_dag.py
[2024-09-02T04:32:56.448+0000] {processor.py:914} INFO - Processing file /home/airflow/.local/lib/python3.12/site-packages/airflow/example_dags/tutorial_dag.py for tasks to queue
[2024-09-02T04:32:56.454+0000] {logging_mixin.py:190} INFO - [2024-09-02T04:32:56.453+0000] {dagbag.py:587} INFO - Filling up the DagBag from /home/airflow/.local/lib/python3.12/site-packages/airflow/example_dags/tutorial_dag.py
[2024-09-02T04:32:56.490+0000] {processor.py:925} INFO - DAG(s) 'tutorial_dag' retrieved from /home/airflow/.local/lib/python3.12/site-packages/airflow/example_dags/tutorial_dag.py
[2024-09-02T04:32:56.635+0000] {logging_mixin.py:190} INFO - [2024-09-02T04:32:56.625+0000] {dag.py:3211} INFO - Sync 1 DAGs
[2024-09-02T04:32:56.686+0000] {logging_mixin.py:190} INFO - [2024-09-02T04:32:56.686+0000] {dag.py:4138} INFO - Setting next_dagrun for tutorial_dag to None, run_after=None
[2024-09-02T04:32:56.777+0000] {processor.py:208} INFO - Processing /home/airflow/.local/lib/python3.12/site-packages/airflow/example_dags/tutorial_dag.py took 0.373 seconds
[2024-09-02T04:33:28.906+0000] {processor.py:186} INFO - Started process (PID=921) to work on /home/airflow/.local/lib/python3.12/site-packages/airflow/example_dags/tutorial_dag.py
[2024-09-02T04:33:28.919+0000] {processor.py:914} INFO - Processing file /home/airflow/.local/lib/python3.12/site-packages/airflow/example_dags/tutorial_dag.py for tasks to queue
[2024-09-02T04:33:28.937+0000] {logging_mixin.py:190} INFO - [2024-09-02T04:33:28.936+0000] {dagbag.py:587} INFO - Filling up the DagBag from /home/airflow/.local/lib/python3.12/site-packages/airflow/example_dags/tutorial_dag.py
[2024-09-02T04:33:29.000+0000] {processor.py:925} INFO - DAG(s) 'tutorial_dag' retrieved from /home/airflow/.local/lib/python3.12/site-packages/airflow/example_dags/tutorial_dag.py
[2024-09-02T04:33:29.144+0000] {logging_mixin.py:190} INFO - [2024-09-02T04:33:29.143+0000] {dag.py:3211} INFO - Sync 1 DAGs
[2024-09-02T04:33:29.245+0000] {logging_mixin.py:190} INFO - [2024-09-02T04:33:29.242+0000] {dag.py:4138} INFO - Setting next_dagrun for tutorial_dag to None, run_after=None
[2024-09-02T04:33:29.374+0000] {processor.py:208} INFO - Processing /home/airflow/.local/lib/python3.12/site-packages/airflow/example_dags/tutorial_dag.py took 0.511 seconds
[2024-09-02T04:34:00.773+0000] {processor.py:186} INFO - Started process (PID=984) to work on /home/airflow/.local/lib/python3.12/site-packages/airflow/example_dags/tutorial_dag.py
[2024-09-02T04:34:00.807+0000] {processor.py:914} INFO - Processing file /home/airflow/.local/lib/python3.12/site-packages/airflow/example_dags/tutorial_dag.py for tasks to queue
[2024-09-02T04:34:00.823+0000] {logging_mixin.py:190} INFO - [2024-09-02T04:34:00.822+0000] {dagbag.py:587} INFO - Filling up the DagBag from /home/airflow/.local/lib/python3.12/site-packages/airflow/example_dags/tutorial_dag.py
[2024-09-02T04:34:00.882+0000] {processor.py:925} INFO - DAG(s) 'tutorial_dag' retrieved from /home/airflow/.local/lib/python3.12/site-packages/airflow/example_dags/tutorial_dag.py
[2024-09-02T04:34:01.032+0000] {logging_mixin.py:190} INFO - [2024-09-02T04:34:01.032+0000] {dag.py:3211} INFO - Sync 1 DAGs
[2024-09-02T04:34:01.211+0000] {logging_mixin.py:190} INFO - [2024-09-02T04:34:01.210+0000] {dag.py:4138} INFO - Setting next_dagrun for tutorial_dag to None, run_after=None
[2024-09-02T04:34:01.344+0000] {processor.py:208} INFO - Processing /home/airflow/.local/lib/python3.12/site-packages/airflow/example_dags/tutorial_dag.py took 0.585 seconds
[2024-09-02T04:34:42.228+0000] {processor.py:186} INFO - Started process (PID=1055) to work on /home/airflow/.local/lib/python3.12/site-packages/airflow/example_dags/tutorial_dag.py
[2024-09-02T04:34:42.234+0000] {processor.py:914} INFO - Processing file /home/airflow/.local/lib/python3.12/site-packages/airflow/example_dags/tutorial_dag.py for tasks to queue
[2024-09-02T04:34:42.260+0000] {logging_mixin.py:190} INFO - [2024-09-02T04:34:42.248+0000] {dagbag.py:587} INFO - Filling up the DagBag from /home/airflow/.local/lib/python3.12/site-packages/airflow/example_dags/tutorial_dag.py
[2024-09-02T04:34:42.314+0000] {processor.py:925} INFO - DAG(s) 'tutorial_dag' retrieved from /home/airflow/.local/lib/python3.12/site-packages/airflow/example_dags/tutorial_dag.py
[2024-09-02T04:34:42.457+0000] {logging_mixin.py:190} INFO - [2024-09-02T04:34:42.457+0000] {dag.py:3211} INFO - Sync 1 DAGs
[2024-09-02T04:34:42.560+0000] {logging_mixin.py:190} INFO - [2024-09-02T04:34:42.560+0000] {dag.py:4138} INFO - Setting next_dagrun for tutorial_dag to None, run_after=None
[2024-09-02T04:34:42.701+0000] {processor.py:208} INFO - Processing /home/airflow/.local/lib/python3.12/site-packages/airflow/example_dags/tutorial_dag.py took 0.538 seconds
[2024-09-02T04:35:16.175+0000] {processor.py:186} INFO - Started process (PID=1118) to work on /home/airflow/.local/lib/python3.12/site-packages/airflow/example_dags/tutorial_dag.py
[2024-09-02T04:35:16.203+0000] {processor.py:914} INFO - Processing file /home/airflow/.local/lib/python3.12/site-packages/airflow/example_dags/tutorial_dag.py for tasks to queue
[2024-09-02T04:35:16.222+0000] {logging_mixin.py:190} INFO - [2024-09-02T04:35:16.221+0000] {dagbag.py:587} INFO - Filling up the DagBag from /home/airflow/.local/lib/python3.12/site-packages/airflow/example_dags/tutorial_dag.py
[2024-09-02T04:35:16.288+0000] {processor.py:925} INFO - DAG(s) 'tutorial_dag' retrieved from /home/airflow/.local/lib/python3.12/site-packages/airflow/example_dags/tutorial_dag.py
[2024-09-02T04:35:16.501+0000] {logging_mixin.py:190} INFO - [2024-09-02T04:35:16.501+0000] {dag.py:3211} INFO - Sync 1 DAGs
[2024-09-02T04:35:16.735+0000] {logging_mixin.py:190} INFO - [2024-09-02T04:35:16.735+0000] {dag.py:4138} INFO - Setting next_dagrun for tutorial_dag to None, run_after=None
[2024-09-02T04:35:16.935+0000] {processor.py:208} INFO - Processing /home/airflow/.local/lib/python3.12/site-packages/airflow/example_dags/tutorial_dag.py took 0.812 seconds
[2024-09-02T04:35:47.666+0000] {processor.py:186} INFO - Started process (PID=1182) to work on /home/airflow/.local/lib/python3.12/site-packages/airflow/example_dags/tutorial_dag.py
[2024-09-02T04:35:47.678+0000] {processor.py:914} INFO - Processing file /home/airflow/.local/lib/python3.12/site-packages/airflow/example_dags/tutorial_dag.py for tasks to queue
[2024-09-02T04:35:47.685+0000] {logging_mixin.py:190} INFO - [2024-09-02T04:35:47.684+0000] {dagbag.py:587} INFO - Filling up the DagBag from /home/airflow/.local/lib/python3.12/site-packages/airflow/example_dags/tutorial_dag.py
[2024-09-02T04:35:47.709+0000] {processor.py:925} INFO - DAG(s) 'tutorial_dag' retrieved from /home/airflow/.local/lib/python3.12/site-packages/airflow/example_dags/tutorial_dag.py
[2024-09-02T04:35:47.798+0000] {logging_mixin.py:190} INFO - [2024-09-02T04:35:47.797+0000] {dag.py:3211} INFO - Sync 1 DAGs
[2024-09-02T04:35:47.865+0000] {logging_mixin.py:190} INFO - [2024-09-02T04:35:47.864+0000] {dag.py:4138} INFO - Setting next_dagrun for tutorial_dag to None, run_after=None
[2024-09-02T04:35:47.958+0000] {processor.py:208} INFO - Processing /home/airflow/.local/lib/python3.12/site-packages/airflow/example_dags/tutorial_dag.py took 0.313 seconds
[2024-09-02T04:36:18.416+0000] {processor.py:186} INFO - Started process (PID=1244) to work on /home/airflow/.local/lib/python3.12/site-packages/airflow/example_dags/tutorial_dag.py
[2024-09-02T04:36:18.423+0000] {processor.py:914} INFO - Processing file /home/airflow/.local/lib/python3.12/site-packages/airflow/example_dags/tutorial_dag.py for tasks to queue
[2024-09-02T04:36:18.431+0000] {logging_mixin.py:190} INFO - [2024-09-02T04:36:18.430+0000] {dagbag.py:587} INFO - Filling up the DagBag from /home/airflow/.local/lib/python3.12/site-packages/airflow/example_dags/tutorial_dag.py
[2024-09-02T04:36:18.459+0000] {processor.py:925} INFO - DAG(s) 'tutorial_dag' retrieved from /home/airflow/.local/lib/python3.12/site-packages/airflow/example_dags/tutorial_dag.py
[2024-09-02T04:36:18.541+0000] {logging_mixin.py:190} INFO - [2024-09-02T04:36:18.541+0000] {dag.py:3211} INFO - Sync 1 DAGs
[2024-09-02T04:36:18.584+0000] {logging_mixin.py:190} INFO - [2024-09-02T04:36:18.583+0000] {dag.py:4138} INFO - Setting next_dagrun for tutorial_dag to None, run_after=None
[2024-09-02T04:36:18.665+0000] {processor.py:208} INFO - Processing /home/airflow/.local/lib/python3.12/site-packages/airflow/example_dags/tutorial_dag.py took 0.265 seconds
[2024-09-02T04:36:48.936+0000] {processor.py:186} INFO - Started process (PID=1307) to work on /home/airflow/.local/lib/python3.12/site-packages/airflow/example_dags/tutorial_dag.py
[2024-09-02T04:36:48.939+0000] {processor.py:914} INFO - Processing file /home/airflow/.local/lib/python3.12/site-packages/airflow/example_dags/tutorial_dag.py for tasks to queue
[2024-09-02T04:36:48.955+0000] {logging_mixin.py:190} INFO - [2024-09-02T04:36:48.954+0000] {dagbag.py:587} INFO - Filling up the DagBag from /home/airflow/.local/lib/python3.12/site-packages/airflow/example_dags/tutorial_dag.py
[2024-09-02T04:36:48.984+0000] {processor.py:925} INFO - DAG(s) 'tutorial_dag' retrieved from /home/airflow/.local/lib/python3.12/site-packages/airflow/example_dags/tutorial_dag.py
[2024-09-02T04:36:49.088+0000] {logging_mixin.py:190} INFO - [2024-09-02T04:36:49.087+0000] {dag.py:3211} INFO - Sync 1 DAGs
[2024-09-02T04:36:49.152+0000] {logging_mixin.py:190} INFO - [2024-09-02T04:36:49.150+0000] {dag.py:4138} INFO - Setting next_dagrun for tutorial_dag to None, run_after=None
[2024-09-02T04:36:49.231+0000] {processor.py:208} INFO - Processing /home/airflow/.local/lib/python3.12/site-packages/airflow/example_dags/tutorial_dag.py took 0.318 seconds
[2024-09-02T04:37:20.068+0000] {processor.py:186} INFO - Started process (PID=1371) to work on /home/airflow/.local/lib/python3.12/site-packages/airflow/example_dags/tutorial_dag.py
[2024-09-02T04:37:20.073+0000] {processor.py:914} INFO - Processing file /home/airflow/.local/lib/python3.12/site-packages/airflow/example_dags/tutorial_dag.py for tasks to queue
[2024-09-02T04:37:20.078+0000] {logging_mixin.py:190} INFO - [2024-09-02T04:37:20.078+0000] {dagbag.py:587} INFO - Filling up the DagBag from /home/airflow/.local/lib/python3.12/site-packages/airflow/example_dags/tutorial_dag.py
[2024-09-02T04:37:20.104+0000] {processor.py:925} INFO - DAG(s) 'tutorial_dag' retrieved from /home/airflow/.local/lib/python3.12/site-packages/airflow/example_dags/tutorial_dag.py
[2024-09-02T04:37:20.187+0000] {logging_mixin.py:190} INFO - [2024-09-02T04:37:20.185+0000] {dag.py:3211} INFO - Sync 1 DAGs
[2024-09-02T04:37:20.246+0000] {logging_mixin.py:190} INFO - [2024-09-02T04:37:20.246+0000] {dag.py:4138} INFO - Setting next_dagrun for tutorial_dag to None, run_after=None
[2024-09-02T04:37:20.316+0000] {processor.py:208} INFO - Processing /home/airflow/.local/lib/python3.12/site-packages/airflow/example_dags/tutorial_dag.py took 0.270 seconds
[2024-09-02T04:37:50.520+0000] {processor.py:186} INFO - Started process (PID=1432) to work on /home/airflow/.local/lib/python3.12/site-packages/airflow/example_dags/tutorial_dag.py
[2024-09-02T04:37:50.523+0000] {processor.py:914} INFO - Processing file /home/airflow/.local/lib/python3.12/site-packages/airflow/example_dags/tutorial_dag.py for tasks to queue
[2024-09-02T04:37:50.532+0000] {logging_mixin.py:190} INFO - [2024-09-02T04:37:50.531+0000] {dagbag.py:587} INFO - Filling up the DagBag from /home/airflow/.local/lib/python3.12/site-packages/airflow/example_dags/tutorial_dag.py
[2024-09-02T04:37:50.582+0000] {processor.py:925} INFO - DAG(s) 'tutorial_dag' retrieved from /home/airflow/.local/lib/python3.12/site-packages/airflow/example_dags/tutorial_dag.py
[2024-09-02T04:37:50.701+0000] {logging_mixin.py:190} INFO - [2024-09-02T04:37:50.701+0000] {dag.py:3211} INFO - Sync 1 DAGs
[2024-09-02T04:37:50.749+0000] {logging_mixin.py:190} INFO - [2024-09-02T04:37:50.748+0000] {dag.py:4138} INFO - Setting next_dagrun for tutorial_dag to None, run_after=None
[2024-09-02T04:37:50.844+0000] {processor.py:208} INFO - Processing /home/airflow/.local/lib/python3.12/site-packages/airflow/example_dags/tutorial_dag.py took 0.360 seconds
[2024-09-02T04:38:21.187+0000] {processor.py:186} INFO - Started process (PID=1496) to work on /home/airflow/.local/lib/python3.12/site-packages/airflow/example_dags/tutorial_dag.py
[2024-09-02T04:38:21.196+0000] {processor.py:914} INFO - Processing file /home/airflow/.local/lib/python3.12/site-packages/airflow/example_dags/tutorial_dag.py for tasks to queue
[2024-09-02T04:38:21.203+0000] {logging_mixin.py:190} INFO - [2024-09-02T04:38:21.202+0000] {dagbag.py:587} INFO - Filling up the DagBag from /home/airflow/.local/lib/python3.12/site-packages/airflow/example_dags/tutorial_dag.py
[2024-09-02T04:38:21.235+0000] {processor.py:925} INFO - DAG(s) 'tutorial_dag' retrieved from /home/airflow/.local/lib/python3.12/site-packages/airflow/example_dags/tutorial_dag.py
[2024-09-02T04:38:21.335+0000] {logging_mixin.py:190} INFO - [2024-09-02T04:38:21.334+0000] {dag.py:3211} INFO - Sync 1 DAGs
[2024-09-02T04:38:21.426+0000] {logging_mixin.py:190} INFO - [2024-09-02T04:38:21.425+0000] {dag.py:4138} INFO - Setting next_dagrun for tutorial_dag to None, run_after=None
[2024-09-02T04:38:21.499+0000] {processor.py:208} INFO - Processing /home/airflow/.local/lib/python3.12/site-packages/airflow/example_dags/tutorial_dag.py took 0.327 seconds
[2024-09-02T04:38:52.486+0000] {processor.py:186} INFO - Started process (PID=1559) to work on /home/airflow/.local/lib/python3.12/site-packages/airflow/example_dags/tutorial_dag.py
[2024-09-02T04:38:52.489+0000] {processor.py:914} INFO - Processing file /home/airflow/.local/lib/python3.12/site-packages/airflow/example_dags/tutorial_dag.py for tasks to queue
[2024-09-02T04:38:52.495+0000] {logging_mixin.py:190} INFO - [2024-09-02T04:38:52.494+0000] {dagbag.py:587} INFO - Filling up the DagBag from /home/airflow/.local/lib/python3.12/site-packages/airflow/example_dags/tutorial_dag.py
[2024-09-02T04:38:52.518+0000] {processor.py:925} INFO - DAG(s) 'tutorial_dag' retrieved from /home/airflow/.local/lib/python3.12/site-packages/airflow/example_dags/tutorial_dag.py
[2024-09-02T04:38:52.581+0000] {logging_mixin.py:190} INFO - [2024-09-02T04:38:52.580+0000] {dag.py:3211} INFO - Sync 1 DAGs
[2024-09-02T04:38:52.624+0000] {logging_mixin.py:190} INFO - [2024-09-02T04:38:52.623+0000] {dag.py:4138} INFO - Setting next_dagrun for tutorial_dag to None, run_after=None
[2024-09-02T04:38:52.683+0000] {processor.py:208} INFO - Processing /home/airflow/.local/lib/python3.12/site-packages/airflow/example_dags/tutorial_dag.py took 0.213 seconds
[2024-09-02T04:39:23.221+0000] {processor.py:186} INFO - Started process (PID=1622) to work on /home/airflow/.local/lib/python3.12/site-packages/airflow/example_dags/tutorial_dag.py
[2024-09-02T04:39:23.223+0000] {processor.py:914} INFO - Processing file /home/airflow/.local/lib/python3.12/site-packages/airflow/example_dags/tutorial_dag.py for tasks to queue
[2024-09-02T04:39:23.228+0000] {logging_mixin.py:190} INFO - [2024-09-02T04:39:23.228+0000] {dagbag.py:587} INFO - Filling up the DagBag from /home/airflow/.local/lib/python3.12/site-packages/airflow/example_dags/tutorial_dag.py
[2024-09-02T04:39:23.246+0000] {processor.py:925} INFO - DAG(s) 'tutorial_dag' retrieved from /home/airflow/.local/lib/python3.12/site-packages/airflow/example_dags/tutorial_dag.py
[2024-09-02T04:39:23.292+0000] {logging_mixin.py:190} INFO - [2024-09-02T04:39:23.291+0000] {dag.py:3211} INFO - Sync 1 DAGs
[2024-09-02T04:39:23.330+0000] {logging_mixin.py:190} INFO - [2024-09-02T04:39:23.329+0000] {dag.py:4138} INFO - Setting next_dagrun for tutorial_dag to None, run_after=None
[2024-09-02T04:39:23.376+0000] {processor.py:208} INFO - Processing /home/airflow/.local/lib/python3.12/site-packages/airflow/example_dags/tutorial_dag.py took 0.167 seconds
[2024-09-02T04:39:53.642+0000] {processor.py:186} INFO - Started process (PID=1685) to work on /home/airflow/.local/lib/python3.12/site-packages/airflow/example_dags/tutorial_dag.py
[2024-09-02T04:39:53.645+0000] {processor.py:914} INFO - Processing file /home/airflow/.local/lib/python3.12/site-packages/airflow/example_dags/tutorial_dag.py for tasks to queue
[2024-09-02T04:39:53.652+0000] {logging_mixin.py:190} INFO - [2024-09-02T04:39:53.651+0000] {dagbag.py:587} INFO - Filling up the DagBag from /home/airflow/.local/lib/python3.12/site-packages/airflow/example_dags/tutorial_dag.py
[2024-09-02T04:39:53.669+0000] {processor.py:925} INFO - DAG(s) 'tutorial_dag' retrieved from /home/airflow/.local/lib/python3.12/site-packages/airflow/example_dags/tutorial_dag.py
[2024-09-02T04:39:53.712+0000] {logging_mixin.py:190} INFO - [2024-09-02T04:39:53.711+0000] {dag.py:3211} INFO - Sync 1 DAGs
[2024-09-02T04:39:53.751+0000] {logging_mixin.py:190} INFO - [2024-09-02T04:39:53.751+0000] {dag.py:4138} INFO - Setting next_dagrun for tutorial_dag to None, run_after=None
[2024-09-02T04:39:53.836+0000] {processor.py:208} INFO - Processing /home/airflow/.local/lib/python3.12/site-packages/airflow/example_dags/tutorial_dag.py took 0.206 seconds
[2024-09-02T04:40:24.117+0000] {processor.py:186} INFO - Started process (PID=1747) to work on /home/airflow/.local/lib/python3.12/site-packages/airflow/example_dags/tutorial_dag.py
[2024-09-02T04:40:24.119+0000] {processor.py:914} INFO - Processing file /home/airflow/.local/lib/python3.12/site-packages/airflow/example_dags/tutorial_dag.py for tasks to queue
[2024-09-02T04:40:24.127+0000] {logging_mixin.py:190} INFO - [2024-09-02T04:40:24.126+0000] {dagbag.py:587} INFO - Filling up the DagBag from /home/airflow/.local/lib/python3.12/site-packages/airflow/example_dags/tutorial_dag.py
[2024-09-02T04:40:24.149+0000] {processor.py:925} INFO - DAG(s) 'tutorial_dag' retrieved from /home/airflow/.local/lib/python3.12/site-packages/airflow/example_dags/tutorial_dag.py
[2024-09-02T04:40:24.231+0000] {logging_mixin.py:190} INFO - [2024-09-02T04:40:24.230+0000] {dag.py:3211} INFO - Sync 1 DAGs
[2024-09-02T04:40:24.279+0000] {logging_mixin.py:190} INFO - [2024-09-02T04:40:24.277+0000] {dag.py:4138} INFO - Setting next_dagrun for tutorial_dag to None, run_after=None
[2024-09-02T04:40:24.391+0000] {processor.py:208} INFO - Processing /home/airflow/.local/lib/python3.12/site-packages/airflow/example_dags/tutorial_dag.py took 0.290 seconds
[2024-09-02T04:40:55.084+0000] {processor.py:186} INFO - Started process (PID=1809) to work on /home/airflow/.local/lib/python3.12/site-packages/airflow/example_dags/tutorial_dag.py
[2024-09-02T04:40:55.086+0000] {processor.py:914} INFO - Processing file /home/airflow/.local/lib/python3.12/site-packages/airflow/example_dags/tutorial_dag.py for tasks to queue
[2024-09-02T04:40:55.091+0000] {logging_mixin.py:190} INFO - [2024-09-02T04:40:55.090+0000] {dagbag.py:587} INFO - Filling up the DagBag from /home/airflow/.local/lib/python3.12/site-packages/airflow/example_dags/tutorial_dag.py
[2024-09-02T04:40:55.106+0000] {processor.py:925} INFO - DAG(s) 'tutorial_dag' retrieved from /home/airflow/.local/lib/python3.12/site-packages/airflow/example_dags/tutorial_dag.py
[2024-09-02T04:40:55.146+0000] {logging_mixin.py:190} INFO - [2024-09-02T04:40:55.146+0000] {dag.py:3211} INFO - Sync 1 DAGs
[2024-09-02T04:40:55.176+0000] {logging_mixin.py:190} INFO - [2024-09-02T04:40:55.176+0000] {dag.py:4138} INFO - Setting next_dagrun for tutorial_dag to None, run_after=None
[2024-09-02T04:40:55.210+0000] {processor.py:208} INFO - Processing /home/airflow/.local/lib/python3.12/site-packages/airflow/example_dags/tutorial_dag.py took 0.137 seconds
[2024-09-02T04:41:25.556+0000] {processor.py:186} INFO - Started process (PID=1872) to work on /home/airflow/.local/lib/python3.12/site-packages/airflow/example_dags/tutorial_dag.py
[2024-09-02T04:41:25.558+0000] {processor.py:914} INFO - Processing file /home/airflow/.local/lib/python3.12/site-packages/airflow/example_dags/tutorial_dag.py for tasks to queue
[2024-09-02T04:41:25.564+0000] {logging_mixin.py:190} INFO - [2024-09-02T04:41:25.563+0000] {dagbag.py:587} INFO - Filling up the DagBag from /home/airflow/.local/lib/python3.12/site-packages/airflow/example_dags/tutorial_dag.py
[2024-09-02T04:41:25.581+0000] {processor.py:925} INFO - DAG(s) 'tutorial_dag' retrieved from /home/airflow/.local/lib/python3.12/site-packages/airflow/example_dags/tutorial_dag.py
[2024-09-02T04:41:25.626+0000] {logging_mixin.py:190} INFO - [2024-09-02T04:41:25.625+0000] {dag.py:3211} INFO - Sync 1 DAGs
[2024-09-02T04:41:25.664+0000] {logging_mixin.py:190} INFO - [2024-09-02T04:41:25.663+0000] {dag.py:4138} INFO - Setting next_dagrun for tutorial_dag to None, run_after=None
[2024-09-02T04:41:25.708+0000] {processor.py:208} INFO - Processing /home/airflow/.local/lib/python3.12/site-packages/airflow/example_dags/tutorial_dag.py took 0.167 seconds
[2024-09-02T04:41:56.362+0000] {processor.py:186} INFO - Started process (PID=1935) to work on /home/airflow/.local/lib/python3.12/site-packages/airflow/example_dags/tutorial_dag.py
[2024-09-02T04:41:56.364+0000] {processor.py:914} INFO - Processing file /home/airflow/.local/lib/python3.12/site-packages/airflow/example_dags/tutorial_dag.py for tasks to queue
[2024-09-02T04:41:56.369+0000] {logging_mixin.py:190} INFO - [2024-09-02T04:41:56.369+0000] {dagbag.py:587} INFO - Filling up the DagBag from /home/airflow/.local/lib/python3.12/site-packages/airflow/example_dags/tutorial_dag.py
[2024-09-02T04:41:56.383+0000] {processor.py:925} INFO - DAG(s) 'tutorial_dag' retrieved from /home/airflow/.local/lib/python3.12/site-packages/airflow/example_dags/tutorial_dag.py
[2024-09-02T04:41:56.425+0000] {logging_mixin.py:190} INFO - [2024-09-02T04:41:56.425+0000] {dag.py:3211} INFO - Sync 1 DAGs
[2024-09-02T04:41:56.456+0000] {logging_mixin.py:190} INFO - [2024-09-02T04:41:56.455+0000] {dag.py:4138} INFO - Setting next_dagrun for tutorial_dag to None, run_after=None
[2024-09-02T04:41:56.493+0000] {processor.py:208} INFO - Processing /home/airflow/.local/lib/python3.12/site-packages/airflow/example_dags/tutorial_dag.py took 0.146 seconds
[2024-09-02T04:42:27.413+0000] {processor.py:186} INFO - Started process (PID=1998) to work on /home/airflow/.local/lib/python3.12/site-packages/airflow/example_dags/tutorial_dag.py
[2024-09-02T04:42:27.416+0000] {processor.py:914} INFO - Processing file /home/airflow/.local/lib/python3.12/site-packages/airflow/example_dags/tutorial_dag.py for tasks to queue
[2024-09-02T04:42:27.421+0000] {logging_mixin.py:190} INFO - [2024-09-02T04:42:27.421+0000] {dagbag.py:587} INFO - Filling up the DagBag from /home/airflow/.local/lib/python3.12/site-packages/airflow/example_dags/tutorial_dag.py
[2024-09-02T04:42:27.439+0000] {processor.py:925} INFO - DAG(s) 'tutorial_dag' retrieved from /home/airflow/.local/lib/python3.12/site-packages/airflow/example_dags/tutorial_dag.py
[2024-09-02T04:42:27.480+0000] {logging_mixin.py:190} INFO - [2024-09-02T04:42:27.480+0000] {dag.py:3211} INFO - Sync 1 DAGs
[2024-09-02T04:42:27.511+0000] {logging_mixin.py:190} INFO - [2024-09-02T04:42:27.510+0000] {dag.py:4138} INFO - Setting next_dagrun for tutorial_dag to None, run_after=None
[2024-09-02T04:42:27.547+0000] {processor.py:208} INFO - Processing /home/airflow/.local/lib/python3.12/site-packages/airflow/example_dags/tutorial_dag.py took 0.145 seconds
[2024-09-02T04:42:58.514+0000] {processor.py:186} INFO - Started process (PID=2061) to work on /home/airflow/.local/lib/python3.12/site-packages/airflow/example_dags/tutorial_dag.py
[2024-09-02T04:42:58.525+0000] {processor.py:914} INFO - Processing file /home/airflow/.local/lib/python3.12/site-packages/airflow/example_dags/tutorial_dag.py for tasks to queue
[2024-09-02T04:42:58.544+0000] {logging_mixin.py:190} INFO - [2024-09-02T04:42:58.543+0000] {dagbag.py:587} INFO - Filling up the DagBag from /home/airflow/.local/lib/python3.12/site-packages/airflow/example_dags/tutorial_dag.py
[2024-09-02T04:42:58.570+0000] {processor.py:925} INFO - DAG(s) 'tutorial_dag' retrieved from /home/airflow/.local/lib/python3.12/site-packages/airflow/example_dags/tutorial_dag.py
[2024-09-02T04:42:58.645+0000] {logging_mixin.py:190} INFO - [2024-09-02T04:42:58.644+0000] {dag.py:3211} INFO - Sync 1 DAGs
[2024-09-02T04:42:58.724+0000] {logging_mixin.py:190} INFO - [2024-09-02T04:42:58.723+0000] {dag.py:4138} INFO - Setting next_dagrun for tutorial_dag to None, run_after=None
[2024-09-02T04:42:58.797+0000] {processor.py:208} INFO - Processing /home/airflow/.local/lib/python3.12/site-packages/airflow/example_dags/tutorial_dag.py took 0.306 seconds
[2024-09-02T04:43:28.914+0000] {processor.py:186} INFO - Started process (PID=2124) to work on /home/airflow/.local/lib/python3.12/site-packages/airflow/example_dags/tutorial_dag.py
[2024-09-02T04:43:28.917+0000] {processor.py:914} INFO - Processing file /home/airflow/.local/lib/python3.12/site-packages/airflow/example_dags/tutorial_dag.py for tasks to queue
[2024-09-02T04:43:28.922+0000] {logging_mixin.py:190} INFO - [2024-09-02T04:43:28.921+0000] {dagbag.py:587} INFO - Filling up the DagBag from /home/airflow/.local/lib/python3.12/site-packages/airflow/example_dags/tutorial_dag.py
[2024-09-02T04:43:28.938+0000] {processor.py:925} INFO - DAG(s) 'tutorial_dag' retrieved from /home/airflow/.local/lib/python3.12/site-packages/airflow/example_dags/tutorial_dag.py
[2024-09-02T04:43:28.985+0000] {logging_mixin.py:190} INFO - [2024-09-02T04:43:28.984+0000] {dag.py:3211} INFO - Sync 1 DAGs
[2024-09-02T04:43:29.020+0000] {logging_mixin.py:190} INFO - [2024-09-02T04:43:29.020+0000] {dag.py:4138} INFO - Setting next_dagrun for tutorial_dag to None, run_after=None
[2024-09-02T04:43:29.065+0000] {processor.py:208} INFO - Processing /home/airflow/.local/lib/python3.12/site-packages/airflow/example_dags/tutorial_dag.py took 0.164 seconds
[2024-09-02T04:43:59.200+0000] {processor.py:186} INFO - Started process (PID=2187) to work on /home/airflow/.local/lib/python3.12/site-packages/airflow/example_dags/tutorial_dag.py
[2024-09-02T04:43:59.202+0000] {processor.py:914} INFO - Processing file /home/airflow/.local/lib/python3.12/site-packages/airflow/example_dags/tutorial_dag.py for tasks to queue
[2024-09-02T04:43:59.206+0000] {logging_mixin.py:190} INFO - [2024-09-02T04:43:59.206+0000] {dagbag.py:587} INFO - Filling up the DagBag from /home/airflow/.local/lib/python3.12/site-packages/airflow/example_dags/tutorial_dag.py
[2024-09-02T04:43:59.220+0000] {processor.py:925} INFO - DAG(s) 'tutorial_dag' retrieved from /home/airflow/.local/lib/python3.12/site-packages/airflow/example_dags/tutorial_dag.py
[2024-09-02T04:43:59.256+0000] {logging_mixin.py:190} INFO - [2024-09-02T04:43:59.255+0000] {dag.py:3211} INFO - Sync 1 DAGs
[2024-09-02T04:43:59.283+0000] {logging_mixin.py:190} INFO - [2024-09-02T04:43:59.282+0000] {dag.py:4138} INFO - Setting next_dagrun for tutorial_dag to None, run_after=None
[2024-09-02T04:43:59.315+0000] {processor.py:208} INFO - Processing /home/airflow/.local/lib/python3.12/site-packages/airflow/example_dags/tutorial_dag.py took 0.127 seconds
[2024-09-02T04:44:29.667+0000] {processor.py:186} INFO - Started process (PID=2250) to work on /home/airflow/.local/lib/python3.12/site-packages/airflow/example_dags/tutorial_dag.py
[2024-09-02T04:44:29.670+0000] {processor.py:914} INFO - Processing file /home/airflow/.local/lib/python3.12/site-packages/airflow/example_dags/tutorial_dag.py for tasks to queue
[2024-09-02T04:44:29.675+0000] {logging_mixin.py:190} INFO - [2024-09-02T04:44:29.674+0000] {dagbag.py:587} INFO - Filling up the DagBag from /home/airflow/.local/lib/python3.12/site-packages/airflow/example_dags/tutorial_dag.py
[2024-09-02T04:44:29.689+0000] {processor.py:925} INFO - DAG(s) 'tutorial_dag' retrieved from /home/airflow/.local/lib/python3.12/site-packages/airflow/example_dags/tutorial_dag.py
[2024-09-02T04:44:29.723+0000] {logging_mixin.py:190} INFO - [2024-09-02T04:44:29.722+0000] {dag.py:3211} INFO - Sync 1 DAGs
[2024-09-02T04:44:29.750+0000] {logging_mixin.py:190} INFO - [2024-09-02T04:44:29.749+0000] {dag.py:4138} INFO - Setting next_dagrun for tutorial_dag to None, run_after=None
[2024-09-02T04:44:29.783+0000] {processor.py:208} INFO - Processing /home/airflow/.local/lib/python3.12/site-packages/airflow/example_dags/tutorial_dag.py took 0.127 seconds
[2024-09-02T04:44:59.936+0000] {processor.py:186} INFO - Started process (PID=2313) to work on /home/airflow/.local/lib/python3.12/site-packages/airflow/example_dags/tutorial_dag.py
[2024-09-02T04:44:59.938+0000] {processor.py:914} INFO - Processing file /home/airflow/.local/lib/python3.12/site-packages/airflow/example_dags/tutorial_dag.py for tasks to queue
[2024-09-02T04:44:59.942+0000] {logging_mixin.py:190} INFO - [2024-09-02T04:44:59.942+0000] {dagbag.py:587} INFO - Filling up the DagBag from /home/airflow/.local/lib/python3.12/site-packages/airflow/example_dags/tutorial_dag.py
[2024-09-02T04:44:59.957+0000] {processor.py:925} INFO - DAG(s) 'tutorial_dag' retrieved from /home/airflow/.local/lib/python3.12/site-packages/airflow/example_dags/tutorial_dag.py
[2024-09-02T04:44:59.999+0000] {logging_mixin.py:190} INFO - [2024-09-02T04:44:59.999+0000] {dag.py:3211} INFO - Sync 1 DAGs
[2024-09-02T04:45:00.038+0000] {logging_mixin.py:190} INFO - [2024-09-02T04:45:00.038+0000] {dag.py:4138} INFO - Setting next_dagrun for tutorial_dag to None, run_after=None
[2024-09-02T04:45:00.079+0000] {processor.py:208} INFO - Processing /home/airflow/.local/lib/python3.12/site-packages/airflow/example_dags/tutorial_dag.py took 0.154 seconds
[2024-09-02T04:45:30.394+0000] {processor.py:186} INFO - Started process (PID=2376) to work on /home/airflow/.local/lib/python3.12/site-packages/airflow/example_dags/tutorial_dag.py
[2024-09-02T04:45:30.396+0000] {processor.py:914} INFO - Processing file /home/airflow/.local/lib/python3.12/site-packages/airflow/example_dags/tutorial_dag.py for tasks to queue
[2024-09-02T04:45:30.401+0000] {logging_mixin.py:190} INFO - [2024-09-02T04:45:30.400+0000] {dagbag.py:587} INFO - Filling up the DagBag from /home/airflow/.local/lib/python3.12/site-packages/airflow/example_dags/tutorial_dag.py
[2024-09-02T04:45:30.416+0000] {processor.py:925} INFO - DAG(s) 'tutorial_dag' retrieved from /home/airflow/.local/lib/python3.12/site-packages/airflow/example_dags/tutorial_dag.py
[2024-09-02T04:45:30.463+0000] {logging_mixin.py:190} INFO - [2024-09-02T04:45:30.462+0000] {dag.py:3211} INFO - Sync 1 DAGs
[2024-09-02T04:45:30.500+0000] {logging_mixin.py:190} INFO - [2024-09-02T04:45:30.500+0000] {dag.py:4138} INFO - Setting next_dagrun for tutorial_dag to None, run_after=None
[2024-09-02T04:45:30.562+0000] {processor.py:208} INFO - Processing /home/airflow/.local/lib/python3.12/site-packages/airflow/example_dags/tutorial_dag.py took 0.179 seconds
[2024-09-02T04:46:01.404+0000] {processor.py:186} INFO - Started process (PID=2440) to work on /home/airflow/.local/lib/python3.12/site-packages/airflow/example_dags/tutorial_dag.py
[2024-09-02T04:46:01.407+0000] {processor.py:914} INFO - Processing file /home/airflow/.local/lib/python3.12/site-packages/airflow/example_dags/tutorial_dag.py for tasks to queue
[2024-09-02T04:46:01.426+0000] {logging_mixin.py:190} INFO - [2024-09-02T04:46:01.425+0000] {dagbag.py:587} INFO - Filling up the DagBag from /home/airflow/.local/lib/python3.12/site-packages/airflow/example_dags/tutorial_dag.py
[2024-09-02T04:46:01.490+0000] {processor.py:925} INFO - DAG(s) 'tutorial_dag' retrieved from /home/airflow/.local/lib/python3.12/site-packages/airflow/example_dags/tutorial_dag.py
[2024-09-02T04:46:01.612+0000] {logging_mixin.py:190} INFO - [2024-09-02T04:46:01.611+0000] {dag.py:3211} INFO - Sync 1 DAGs
[2024-09-02T04:46:01.723+0000] {logging_mixin.py:190} INFO - [2024-09-02T04:46:01.723+0000] {dag.py:4138} INFO - Setting next_dagrun for tutorial_dag to None, run_after=None
[2024-09-02T04:46:01.851+0000] {processor.py:208} INFO - Processing /home/airflow/.local/lib/python3.12/site-packages/airflow/example_dags/tutorial_dag.py took 0.470 seconds
[2024-09-02T04:46:32.424+0000] {processor.py:186} INFO - Started process (PID=2504) to work on /home/airflow/.local/lib/python3.12/site-packages/airflow/example_dags/tutorial_dag.py
[2024-09-02T04:46:32.426+0000] {processor.py:914} INFO - Processing file /home/airflow/.local/lib/python3.12/site-packages/airflow/example_dags/tutorial_dag.py for tasks to queue
[2024-09-02T04:46:32.432+0000] {logging_mixin.py:190} INFO - [2024-09-02T04:46:32.431+0000] {dagbag.py:587} INFO - Filling up the DagBag from /home/airflow/.local/lib/python3.12/site-packages/airflow/example_dags/tutorial_dag.py
[2024-09-02T04:46:32.450+0000] {processor.py:925} INFO - DAG(s) 'tutorial_dag' retrieved from /home/airflow/.local/lib/python3.12/site-packages/airflow/example_dags/tutorial_dag.py
[2024-09-02T04:46:32.527+0000] {logging_mixin.py:190} INFO - [2024-09-02T04:46:32.526+0000] {dag.py:3211} INFO - Sync 1 DAGs
[2024-09-02T04:46:32.581+0000] {logging_mixin.py:190} INFO - [2024-09-02T04:46:32.581+0000] {dag.py:4138} INFO - Setting next_dagrun for tutorial_dag to None, run_after=None
[2024-09-02T04:46:32.667+0000] {processor.py:208} INFO - Processing /home/airflow/.local/lib/python3.12/site-packages/airflow/example_dags/tutorial_dag.py took 0.258 seconds
[2024-09-02T04:47:03.146+0000] {processor.py:186} INFO - Started process (PID=2567) to work on /home/airflow/.local/lib/python3.12/site-packages/airflow/example_dags/tutorial_dag.py
[2024-09-02T04:47:03.148+0000] {processor.py:914} INFO - Processing file /home/airflow/.local/lib/python3.12/site-packages/airflow/example_dags/tutorial_dag.py for tasks to queue
[2024-09-02T04:47:03.154+0000] {logging_mixin.py:190} INFO - [2024-09-02T04:47:03.152+0000] {dagbag.py:587} INFO - Filling up the DagBag from /home/airflow/.local/lib/python3.12/site-packages/airflow/example_dags/tutorial_dag.py
[2024-09-02T04:47:03.168+0000] {processor.py:925} INFO - DAG(s) 'tutorial_dag' retrieved from /home/airflow/.local/lib/python3.12/site-packages/airflow/example_dags/tutorial_dag.py
[2024-09-02T04:47:03.227+0000] {logging_mixin.py:190} INFO - [2024-09-02T04:47:03.227+0000] {dag.py:3211} INFO - Sync 1 DAGs
[2024-09-02T04:47:03.261+0000] {logging_mixin.py:190} INFO - [2024-09-02T04:47:03.260+0000] {dag.py:4138} INFO - Setting next_dagrun for tutorial_dag to None, run_after=None
[2024-09-02T04:47:03.306+0000] {processor.py:208} INFO - Processing /home/airflow/.local/lib/python3.12/site-packages/airflow/example_dags/tutorial_dag.py took 0.172 seconds
