[2024-09-02T04:13:59.095+0000] {processor.py:186} INFO - Started process (PID=119) to work on /home/airflow/.local/lib/python3.12/site-packages/airflow/example_dags/tutorial_objectstorage.py
[2024-09-02T04:13:59.101+0000] {processor.py:914} INFO - Processing file /home/airflow/.local/lib/python3.12/site-packages/airflow/example_dags/tutorial_objectstorage.py for tasks to queue
[2024-09-02T04:13:59.116+0000] {logging_mixin.py:190} INFO - [2024-09-02T04:13:59.115+0000] {dagbag.py:587} INFO - Filling up the DagBag from /home/airflow/.local/lib/python3.12/site-packages/airflow/example_dags/tutorial_objectstorage.py
[2024-09-02T04:13:59.149+0000] {processor.py:925} INFO - DAG(s) 'tutorial_objectstorage' retrieved from /home/airflow/.local/lib/python3.12/site-packages/airflow/example_dags/tutorial_objectstorage.py
[2024-09-02T04:13:59.471+0000] {logging_mixin.py:190} INFO - [2024-09-02T04:13:59.469+0000] {override.py:1858} INFO - Created Permission View: can read on DAG:tutorial_objectstorage
[2024-09-02T04:13:59.495+0000] {logging_mixin.py:190} INFO - [2024-09-02T04:13:59.493+0000] {override.py:1858} INFO - Created Permission View: can delete on DAG:tutorial_objectstorage
[2024-09-02T04:13:59.517+0000] {logging_mixin.py:190} INFO - [2024-09-02T04:13:59.516+0000] {override.py:1858} INFO - Created Permission View: can edit on DAG:tutorial_objectstorage
[2024-09-02T04:13:59.519+0000] {logging_mixin.py:190} INFO - [2024-09-02T04:13:59.518+0000] {dag.py:3211} INFO - Sync 1 DAGs
[2024-09-02T04:13:59.553+0000] {logging_mixin.py:190} INFO - [2024-09-02T04:13:59.552+0000] {dag.py:3234} INFO - Creating ORM DAG for tutorial_objectstorage
[2024-09-02T04:13:59.567+0000] {logging_mixin.py:190} INFO - [2024-09-02T04:13:59.566+0000] {dag.py:4138} INFO - Setting next_dagrun for tutorial_objectstorage to None, run_after=None
[2024-09-02T04:13:59.615+0000] {processor.py:208} INFO - Processing /home/airflow/.local/lib/python3.12/site-packages/airflow/example_dags/tutorial_objectstorage.py took 0.549 seconds
[2024-09-02T04:14:30.470+0000] {processor.py:186} INFO - Started process (PID=182) to work on /home/airflow/.local/lib/python3.12/site-packages/airflow/example_dags/tutorial_objectstorage.py
[2024-09-02T04:14:30.476+0000] {processor.py:914} INFO - Processing file /home/airflow/.local/lib/python3.12/site-packages/airflow/example_dags/tutorial_objectstorage.py for tasks to queue
[2024-09-02T04:14:30.492+0000] {logging_mixin.py:190} INFO - [2024-09-02T04:14:30.491+0000] {dagbag.py:587} INFO - Filling up the DagBag from /home/airflow/.local/lib/python3.12/site-packages/airflow/example_dags/tutorial_objectstorage.py
[2024-09-02T04:14:30.533+0000] {processor.py:925} INFO - DAG(s) 'tutorial_objectstorage' retrieved from /home/airflow/.local/lib/python3.12/site-packages/airflow/example_dags/tutorial_objectstorage.py
[2024-09-02T04:14:30.629+0000] {logging_mixin.py:190} INFO - [2024-09-02T04:14:30.629+0000] {dag.py:3211} INFO - Sync 1 DAGs
[2024-09-02T04:14:30.700+0000] {logging_mixin.py:190} INFO - [2024-09-02T04:14:30.699+0000] {dag.py:4138} INFO - Setting next_dagrun for tutorial_objectstorage to None, run_after=None
[2024-09-02T04:14:30.836+0000] {processor.py:208} INFO - Processing /home/airflow/.local/lib/python3.12/site-packages/airflow/example_dags/tutorial_objectstorage.py took 0.385 seconds
[2024-09-02T04:15:01.426+0000] {processor.py:186} INFO - Started process (PID=245) to work on /home/airflow/.local/lib/python3.12/site-packages/airflow/example_dags/tutorial_objectstorage.py
[2024-09-02T04:15:01.428+0000] {processor.py:914} INFO - Processing file /home/airflow/.local/lib/python3.12/site-packages/airflow/example_dags/tutorial_objectstorage.py for tasks to queue
[2024-09-02T04:15:01.433+0000] {logging_mixin.py:190} INFO - [2024-09-02T04:15:01.432+0000] {dagbag.py:587} INFO - Filling up the DagBag from /home/airflow/.local/lib/python3.12/site-packages/airflow/example_dags/tutorial_objectstorage.py
[2024-09-02T04:15:01.452+0000] {processor.py:925} INFO - DAG(s) 'tutorial_objectstorage' retrieved from /home/airflow/.local/lib/python3.12/site-packages/airflow/example_dags/tutorial_objectstorage.py
[2024-09-02T04:15:01.498+0000] {logging_mixin.py:190} INFO - [2024-09-02T04:15:01.497+0000] {dag.py:3211} INFO - Sync 1 DAGs
[2024-09-02T04:15:01.529+0000] {logging_mixin.py:190} INFO - [2024-09-02T04:15:01.529+0000] {dag.py:4138} INFO - Setting next_dagrun for tutorial_objectstorage to None, run_after=None
[2024-09-02T04:15:01.570+0000] {processor.py:208} INFO - Processing /home/airflow/.local/lib/python3.12/site-packages/airflow/example_dags/tutorial_objectstorage.py took 0.156 seconds
[2024-09-02T04:15:32.241+0000] {processor.py:186} INFO - Started process (PID=308) to work on /home/airflow/.local/lib/python3.12/site-packages/airflow/example_dags/tutorial_objectstorage.py
[2024-09-02T04:15:32.248+0000] {processor.py:914} INFO - Processing file /home/airflow/.local/lib/python3.12/site-packages/airflow/example_dags/tutorial_objectstorage.py for tasks to queue
[2024-09-02T04:15:32.255+0000] {logging_mixin.py:190} INFO - [2024-09-02T04:15:32.255+0000] {dagbag.py:587} INFO - Filling up the DagBag from /home/airflow/.local/lib/python3.12/site-packages/airflow/example_dags/tutorial_objectstorage.py
[2024-09-02T04:15:32.322+0000] {processor.py:925} INFO - DAG(s) 'tutorial_objectstorage' retrieved from /home/airflow/.local/lib/python3.12/site-packages/airflow/example_dags/tutorial_objectstorage.py
[2024-09-02T04:15:32.421+0000] {logging_mixin.py:190} INFO - [2024-09-02T04:15:32.420+0000] {dag.py:3211} INFO - Sync 1 DAGs
[2024-09-02T04:15:32.525+0000] {logging_mixin.py:190} INFO - [2024-09-02T04:15:32.524+0000] {dag.py:4138} INFO - Setting next_dagrun for tutorial_objectstorage to None, run_after=None
[2024-09-02T04:15:32.621+0000] {processor.py:208} INFO - Processing /home/airflow/.local/lib/python3.12/site-packages/airflow/example_dags/tutorial_objectstorage.py took 0.413 seconds
[2024-09-02T04:16:02.821+0000] {processor.py:186} INFO - Started process (PID=371) to work on /home/airflow/.local/lib/python3.12/site-packages/airflow/example_dags/tutorial_objectstorage.py
[2024-09-02T04:16:02.823+0000] {processor.py:914} INFO - Processing file /home/airflow/.local/lib/python3.12/site-packages/airflow/example_dags/tutorial_objectstorage.py for tasks to queue
[2024-09-02T04:16:02.833+0000] {logging_mixin.py:190} INFO - [2024-09-02T04:16:02.832+0000] {dagbag.py:587} INFO - Filling up the DagBag from /home/airflow/.local/lib/python3.12/site-packages/airflow/example_dags/tutorial_objectstorage.py
[2024-09-02T04:16:02.854+0000] {processor.py:925} INFO - DAG(s) 'tutorial_objectstorage' retrieved from /home/airflow/.local/lib/python3.12/site-packages/airflow/example_dags/tutorial_objectstorage.py
[2024-09-02T04:16:02.898+0000] {logging_mixin.py:190} INFO - [2024-09-02T04:16:02.898+0000] {dag.py:3211} INFO - Sync 1 DAGs
[2024-09-02T04:16:02.934+0000] {logging_mixin.py:190} INFO - [2024-09-02T04:16:02.933+0000] {dag.py:4138} INFO - Setting next_dagrun for tutorial_objectstorage to None, run_after=None
[2024-09-02T04:16:02.972+0000] {processor.py:208} INFO - Processing /home/airflow/.local/lib/python3.12/site-packages/airflow/example_dags/tutorial_objectstorage.py took 0.169 seconds
[2024-09-02T04:16:33.274+0000] {processor.py:186} INFO - Started process (PID=434) to work on /home/airflow/.local/lib/python3.12/site-packages/airflow/example_dags/tutorial_objectstorage.py
[2024-09-02T04:16:33.276+0000] {processor.py:914} INFO - Processing file /home/airflow/.local/lib/python3.12/site-packages/airflow/example_dags/tutorial_objectstorage.py for tasks to queue
[2024-09-02T04:16:33.281+0000] {logging_mixin.py:190} INFO - [2024-09-02T04:16:33.280+0000] {dagbag.py:587} INFO - Filling up the DagBag from /home/airflow/.local/lib/python3.12/site-packages/airflow/example_dags/tutorial_objectstorage.py
[2024-09-02T04:16:33.300+0000] {processor.py:925} INFO - DAG(s) 'tutorial_objectstorage' retrieved from /home/airflow/.local/lib/python3.12/site-packages/airflow/example_dags/tutorial_objectstorage.py
[2024-09-02T04:16:33.340+0000] {logging_mixin.py:190} INFO - [2024-09-02T04:16:33.339+0000] {dag.py:3211} INFO - Sync 1 DAGs
[2024-09-02T04:16:33.371+0000] {logging_mixin.py:190} INFO - [2024-09-02T04:16:33.370+0000] {dag.py:4138} INFO - Setting next_dagrun for tutorial_objectstorage to None, run_after=None
[2024-09-02T04:16:33.407+0000] {processor.py:208} INFO - Processing /home/airflow/.local/lib/python3.12/site-packages/airflow/example_dags/tutorial_objectstorage.py took 0.145 seconds
[2024-09-02T04:17:04.367+0000] {processor.py:186} INFO - Started process (PID=497) to work on /home/airflow/.local/lib/python3.12/site-packages/airflow/example_dags/tutorial_objectstorage.py
[2024-09-02T04:17:04.369+0000] {processor.py:914} INFO - Processing file /home/airflow/.local/lib/python3.12/site-packages/airflow/example_dags/tutorial_objectstorage.py for tasks to queue
[2024-09-02T04:17:04.374+0000] {logging_mixin.py:190} INFO - [2024-09-02T04:17:04.373+0000] {dagbag.py:587} INFO - Filling up the DagBag from /home/airflow/.local/lib/python3.12/site-packages/airflow/example_dags/tutorial_objectstorage.py
[2024-09-02T04:17:04.392+0000] {processor.py:925} INFO - DAG(s) 'tutorial_objectstorage' retrieved from /home/airflow/.local/lib/python3.12/site-packages/airflow/example_dags/tutorial_objectstorage.py
[2024-09-02T04:17:04.432+0000] {logging_mixin.py:190} INFO - [2024-09-02T04:17:04.431+0000] {dag.py:3211} INFO - Sync 1 DAGs
[2024-09-02T04:17:04.465+0000] {logging_mixin.py:190} INFO - [2024-09-02T04:17:04.464+0000] {dag.py:4138} INFO - Setting next_dagrun for tutorial_objectstorage to None, run_after=None
[2024-09-02T04:17:04.508+0000] {processor.py:208} INFO - Processing /home/airflow/.local/lib/python3.12/site-packages/airflow/example_dags/tutorial_objectstorage.py took 0.154 seconds
[2024-09-02T04:17:35.202+0000] {processor.py:186} INFO - Started process (PID=560) to work on /home/airflow/.local/lib/python3.12/site-packages/airflow/example_dags/tutorial_objectstorage.py
[2024-09-02T04:17:35.205+0000] {processor.py:914} INFO - Processing file /home/airflow/.local/lib/python3.12/site-packages/airflow/example_dags/tutorial_objectstorage.py for tasks to queue
[2024-09-02T04:17:35.211+0000] {logging_mixin.py:190} INFO - [2024-09-02T04:17:35.210+0000] {dagbag.py:587} INFO - Filling up the DagBag from /home/airflow/.local/lib/python3.12/site-packages/airflow/example_dags/tutorial_objectstorage.py
[2024-09-02T04:17:35.258+0000] {processor.py:925} INFO - DAG(s) 'tutorial_objectstorage' retrieved from /home/airflow/.local/lib/python3.12/site-packages/airflow/example_dags/tutorial_objectstorage.py
[2024-09-02T04:17:35.381+0000] {logging_mixin.py:190} INFO - [2024-09-02T04:17:35.379+0000] {dag.py:3211} INFO - Sync 1 DAGs
[2024-09-02T04:17:35.429+0000] {logging_mixin.py:190} INFO - [2024-09-02T04:17:35.428+0000] {dag.py:4138} INFO - Setting next_dagrun for tutorial_objectstorage to None, run_after=None
[2024-09-02T04:17:35.474+0000] {processor.py:208} INFO - Processing /home/airflow/.local/lib/python3.12/site-packages/airflow/example_dags/tutorial_objectstorage.py took 0.288 seconds
[2024-09-02T04:18:06.126+0000] {processor.py:186} INFO - Started process (PID=623) to work on /home/airflow/.local/lib/python3.12/site-packages/airflow/example_dags/tutorial_objectstorage.py
[2024-09-02T04:18:06.129+0000] {processor.py:914} INFO - Processing file /home/airflow/.local/lib/python3.12/site-packages/airflow/example_dags/tutorial_objectstorage.py for tasks to queue
[2024-09-02T04:18:06.134+0000] {logging_mixin.py:190} INFO - [2024-09-02T04:18:06.133+0000] {dagbag.py:587} INFO - Filling up the DagBag from /home/airflow/.local/lib/python3.12/site-packages/airflow/example_dags/tutorial_objectstorage.py
[2024-09-02T04:18:06.151+0000] {processor.py:925} INFO - DAG(s) 'tutorial_objectstorage' retrieved from /home/airflow/.local/lib/python3.12/site-packages/airflow/example_dags/tutorial_objectstorage.py
[2024-09-02T04:18:06.192+0000] {logging_mixin.py:190} INFO - [2024-09-02T04:18:06.191+0000] {dag.py:3211} INFO - Sync 1 DAGs
[2024-09-02T04:18:06.226+0000] {logging_mixin.py:190} INFO - [2024-09-02T04:18:06.225+0000] {dag.py:4138} INFO - Setting next_dagrun for tutorial_objectstorage to None, run_after=None
[2024-09-02T04:18:06.264+0000] {processor.py:208} INFO - Processing /home/airflow/.local/lib/python3.12/site-packages/airflow/example_dags/tutorial_objectstorage.py took 0.152 seconds
[2024-09-02T04:18:36.615+0000] {processor.py:186} INFO - Started process (PID=686) to work on /home/airflow/.local/lib/python3.12/site-packages/airflow/example_dags/tutorial_objectstorage.py
[2024-09-02T04:18:36.617+0000] {processor.py:914} INFO - Processing file /home/airflow/.local/lib/python3.12/site-packages/airflow/example_dags/tutorial_objectstorage.py for tasks to queue
[2024-09-02T04:18:36.623+0000] {logging_mixin.py:190} INFO - [2024-09-02T04:18:36.623+0000] {dagbag.py:587} INFO - Filling up the DagBag from /home/airflow/.local/lib/python3.12/site-packages/airflow/example_dags/tutorial_objectstorage.py
[2024-09-02T04:18:36.649+0000] {processor.py:925} INFO - DAG(s) 'tutorial_objectstorage' retrieved from /home/airflow/.local/lib/python3.12/site-packages/airflow/example_dags/tutorial_objectstorage.py
[2024-09-02T04:18:36.699+0000] {logging_mixin.py:190} INFO - [2024-09-02T04:18:36.699+0000] {dag.py:3211} INFO - Sync 1 DAGs
[2024-09-02T04:18:36.767+0000] {logging_mixin.py:190} INFO - [2024-09-02T04:18:36.767+0000] {dag.py:4138} INFO - Setting next_dagrun for tutorial_objectstorage to None, run_after=None
[2024-09-02T04:18:36.814+0000] {processor.py:208} INFO - Processing /home/airflow/.local/lib/python3.12/site-packages/airflow/example_dags/tutorial_objectstorage.py took 0.220 seconds
[2024-09-02T04:19:07.020+0000] {processor.py:186} INFO - Started process (PID=749) to work on /home/airflow/.local/lib/python3.12/site-packages/airflow/example_dags/tutorial_objectstorage.py
[2024-09-02T04:19:07.022+0000] {processor.py:914} INFO - Processing file /home/airflow/.local/lib/python3.12/site-packages/airflow/example_dags/tutorial_objectstorage.py for tasks to queue
[2024-09-02T04:19:07.027+0000] {logging_mixin.py:190} INFO - [2024-09-02T04:19:07.027+0000] {dagbag.py:587} INFO - Filling up the DagBag from /home/airflow/.local/lib/python3.12/site-packages/airflow/example_dags/tutorial_objectstorage.py
[2024-09-02T04:19:07.046+0000] {processor.py:925} INFO - DAG(s) 'tutorial_objectstorage' retrieved from /home/airflow/.local/lib/python3.12/site-packages/airflow/example_dags/tutorial_objectstorage.py
[2024-09-02T04:19:07.100+0000] {logging_mixin.py:190} INFO - [2024-09-02T04:19:07.100+0000] {dag.py:3211} INFO - Sync 1 DAGs
[2024-09-02T04:19:07.146+0000] {logging_mixin.py:190} INFO - [2024-09-02T04:19:07.146+0000] {dag.py:4138} INFO - Setting next_dagrun for tutorial_objectstorage to None, run_after=None
[2024-09-02T04:19:07.183+0000] {processor.py:208} INFO - Processing /home/airflow/.local/lib/python3.12/site-packages/airflow/example_dags/tutorial_objectstorage.py took 0.175 seconds
[2024-09-02T04:19:37.380+0000] {processor.py:186} INFO - Started process (PID=811) to work on /home/airflow/.local/lib/python3.12/site-packages/airflow/example_dags/tutorial_objectstorage.py
[2024-09-02T04:19:37.383+0000] {processor.py:914} INFO - Processing file /home/airflow/.local/lib/python3.12/site-packages/airflow/example_dags/tutorial_objectstorage.py for tasks to queue
[2024-09-02T04:19:37.390+0000] {logging_mixin.py:190} INFO - [2024-09-02T04:19:37.389+0000] {dagbag.py:587} INFO - Filling up the DagBag from /home/airflow/.local/lib/python3.12/site-packages/airflow/example_dags/tutorial_objectstorage.py
[2024-09-02T04:19:37.415+0000] {processor.py:925} INFO - DAG(s) 'tutorial_objectstorage' retrieved from /home/airflow/.local/lib/python3.12/site-packages/airflow/example_dags/tutorial_objectstorage.py
[2024-09-02T04:19:37.484+0000] {logging_mixin.py:190} INFO - [2024-09-02T04:19:37.481+0000] {dag.py:3211} INFO - Sync 1 DAGs
[2024-09-02T04:19:37.536+0000] {logging_mixin.py:190} INFO - [2024-09-02T04:19:37.535+0000] {dag.py:4138} INFO - Setting next_dagrun for tutorial_objectstorage to None, run_after=None
[2024-09-02T04:19:37.613+0000] {processor.py:208} INFO - Processing /home/airflow/.local/lib/python3.12/site-packages/airflow/example_dags/tutorial_objectstorage.py took 0.250 seconds
[2024-09-02T04:20:08.348+0000] {processor.py:186} INFO - Started process (PID=874) to work on /home/airflow/.local/lib/python3.12/site-packages/airflow/example_dags/tutorial_objectstorage.py
[2024-09-02T04:20:08.350+0000] {processor.py:914} INFO - Processing file /home/airflow/.local/lib/python3.12/site-packages/airflow/example_dags/tutorial_objectstorage.py for tasks to queue
[2024-09-02T04:20:08.356+0000] {logging_mixin.py:190} INFO - [2024-09-02T04:20:08.355+0000] {dagbag.py:587} INFO - Filling up the DagBag from /home/airflow/.local/lib/python3.12/site-packages/airflow/example_dags/tutorial_objectstorage.py
[2024-09-02T04:20:08.376+0000] {processor.py:925} INFO - DAG(s) 'tutorial_objectstorage' retrieved from /home/airflow/.local/lib/python3.12/site-packages/airflow/example_dags/tutorial_objectstorage.py
[2024-09-02T04:20:08.426+0000] {logging_mixin.py:190} INFO - [2024-09-02T04:20:08.426+0000] {dag.py:3211} INFO - Sync 1 DAGs
[2024-09-02T04:20:08.463+0000] {logging_mixin.py:190} INFO - [2024-09-02T04:20:08.462+0000] {dag.py:4138} INFO - Setting next_dagrun for tutorial_objectstorage to None, run_after=None
[2024-09-02T04:20:08.517+0000] {processor.py:208} INFO - Processing /home/airflow/.local/lib/python3.12/site-packages/airflow/example_dags/tutorial_objectstorage.py took 0.181 seconds
[2024-09-02T04:20:39.067+0000] {processor.py:186} INFO - Started process (PID=937) to work on /home/airflow/.local/lib/python3.12/site-packages/airflow/example_dags/tutorial_objectstorage.py
[2024-09-02T04:20:39.070+0000] {processor.py:914} INFO - Processing file /home/airflow/.local/lib/python3.12/site-packages/airflow/example_dags/tutorial_objectstorage.py for tasks to queue
[2024-09-02T04:20:39.076+0000] {logging_mixin.py:190} INFO - [2024-09-02T04:20:39.075+0000] {dagbag.py:587} INFO - Filling up the DagBag from /home/airflow/.local/lib/python3.12/site-packages/airflow/example_dags/tutorial_objectstorage.py
[2024-09-02T04:20:39.100+0000] {processor.py:925} INFO - DAG(s) 'tutorial_objectstorage' retrieved from /home/airflow/.local/lib/python3.12/site-packages/airflow/example_dags/tutorial_objectstorage.py
[2024-09-02T04:20:39.152+0000] {logging_mixin.py:190} INFO - [2024-09-02T04:20:39.152+0000] {dag.py:3211} INFO - Sync 1 DAGs
[2024-09-02T04:20:39.211+0000] {logging_mixin.py:190} INFO - [2024-09-02T04:20:39.210+0000] {dag.py:4138} INFO - Setting next_dagrun for tutorial_objectstorage to None, run_after=None
[2024-09-02T04:20:39.272+0000] {processor.py:208} INFO - Processing /home/airflow/.local/lib/python3.12/site-packages/airflow/example_dags/tutorial_objectstorage.py took 0.225 seconds
[2024-09-02T04:21:10.973+0000] {processor.py:186} INFO - Started process (PID=1001) to work on /home/airflow/.local/lib/python3.12/site-packages/airflow/example_dags/tutorial_objectstorage.py
[2024-09-02T04:21:10.980+0000] {processor.py:914} INFO - Processing file /home/airflow/.local/lib/python3.12/site-packages/airflow/example_dags/tutorial_objectstorage.py for tasks to queue
[2024-09-02T04:21:10.998+0000] {logging_mixin.py:190} INFO - [2024-09-02T04:21:10.997+0000] {dagbag.py:587} INFO - Filling up the DagBag from /home/airflow/.local/lib/python3.12/site-packages/airflow/example_dags/tutorial_objectstorage.py
[2024-09-02T04:21:11.115+0000] {processor.py:925} INFO - DAG(s) 'tutorial_objectstorage' retrieved from /home/airflow/.local/lib/python3.12/site-packages/airflow/example_dags/tutorial_objectstorage.py
[2024-09-02T04:21:11.340+0000] {logging_mixin.py:190} INFO - [2024-09-02T04:21:11.339+0000] {dag.py:3211} INFO - Sync 1 DAGs
[2024-09-02T04:21:11.464+0000] {logging_mixin.py:190} INFO - [2024-09-02T04:21:11.463+0000] {dag.py:4138} INFO - Setting next_dagrun for tutorial_objectstorage to None, run_after=None
[2024-09-02T04:21:11.571+0000] {processor.py:208} INFO - Processing /home/airflow/.local/lib/python3.12/site-packages/airflow/example_dags/tutorial_objectstorage.py took 0.641 seconds
[2024-09-02T04:21:47.512+0000] {processor.py:186} INFO - Started process (PID=1064) to work on /home/airflow/.local/lib/python3.12/site-packages/airflow/example_dags/tutorial_objectstorage.py
[2024-09-02T04:21:47.514+0000] {processor.py:914} INFO - Processing file /home/airflow/.local/lib/python3.12/site-packages/airflow/example_dags/tutorial_objectstorage.py for tasks to queue
[2024-09-02T04:21:47.531+0000] {logging_mixin.py:190} INFO - [2024-09-02T04:21:47.530+0000] {dagbag.py:587} INFO - Filling up the DagBag from /home/airflow/.local/lib/python3.12/site-packages/airflow/example_dags/tutorial_objectstorage.py
[2024-09-02T04:21:47.583+0000] {processor.py:925} INFO - DAG(s) 'tutorial_objectstorage' retrieved from /home/airflow/.local/lib/python3.12/site-packages/airflow/example_dags/tutorial_objectstorage.py
[2024-09-02T04:21:47.698+0000] {logging_mixin.py:190} INFO - [2024-09-02T04:21:47.687+0000] {dag.py:3211} INFO - Sync 1 DAGs
[2024-09-02T04:21:47.773+0000] {logging_mixin.py:190} INFO - [2024-09-02T04:21:47.773+0000] {dag.py:4138} INFO - Setting next_dagrun for tutorial_objectstorage to None, run_after=None
[2024-09-02T04:21:47.889+0000] {processor.py:208} INFO - Processing /home/airflow/.local/lib/python3.12/site-packages/airflow/example_dags/tutorial_objectstorage.py took 0.416 seconds
[2024-09-02T04:22:28.046+0000] {processor.py:186} INFO - Started process (PID=1133) to work on /home/airflow/.local/lib/python3.12/site-packages/airflow/example_dags/tutorial_objectstorage.py
[2024-09-02T04:22:28.059+0000] {processor.py:914} INFO - Processing file /home/airflow/.local/lib/python3.12/site-packages/airflow/example_dags/tutorial_objectstorage.py for tasks to queue
[2024-09-02T04:22:28.075+0000] {logging_mixin.py:190} INFO - [2024-09-02T04:22:28.074+0000] {dagbag.py:587} INFO - Filling up the DagBag from /home/airflow/.local/lib/python3.12/site-packages/airflow/example_dags/tutorial_objectstorage.py
[2024-09-02T04:22:28.140+0000] {processor.py:925} INFO - DAG(s) 'tutorial_objectstorage' retrieved from /home/airflow/.local/lib/python3.12/site-packages/airflow/example_dags/tutorial_objectstorage.py
[2024-09-02T04:22:28.256+0000] {logging_mixin.py:190} INFO - [2024-09-02T04:22:28.255+0000] {dag.py:3211} INFO - Sync 1 DAGs
[2024-09-02T04:22:28.362+0000] {logging_mixin.py:190} INFO - [2024-09-02T04:22:28.362+0000] {dag.py:4138} INFO - Setting next_dagrun for tutorial_objectstorage to None, run_after=None
[2024-09-02T04:22:28.578+0000] {processor.py:208} INFO - Processing /home/airflow/.local/lib/python3.12/site-packages/airflow/example_dags/tutorial_objectstorage.py took 0.568 seconds
[2024-09-02T04:26:23.328+0000] {processor.py:186} INFO - Started process (PID=103) to work on /home/airflow/.local/lib/python3.12/site-packages/airflow/example_dags/tutorial_objectstorage.py
[2024-09-02T04:26:23.347+0000] {processor.py:914} INFO - Processing file /home/airflow/.local/lib/python3.12/site-packages/airflow/example_dags/tutorial_objectstorage.py for tasks to queue
[2024-09-02T04:26:23.364+0000] {logging_mixin.py:190} INFO - [2024-09-02T04:26:23.363+0000] {dagbag.py:587} INFO - Filling up the DagBag from /home/airflow/.local/lib/python3.12/site-packages/airflow/example_dags/tutorial_objectstorage.py
[2024-09-02T04:26:23.571+0000] {processor.py:925} INFO - DAG(s) 'tutorial_objectstorage' retrieved from /home/airflow/.local/lib/python3.12/site-packages/airflow/example_dags/tutorial_objectstorage.py
[2024-09-02T04:26:23.693+0000] {logging_mixin.py:190} INFO - [2024-09-02T04:26:23.692+0000] {dag.py:3211} INFO - Sync 1 DAGs
[2024-09-02T04:26:23.930+0000] {logging_mixin.py:190} INFO - [2024-09-02T04:26:23.929+0000] {dag.py:4138} INFO - Setting next_dagrun for tutorial_objectstorage to None, run_after=None
[2024-09-02T04:26:24.172+0000] {processor.py:208} INFO - Processing /home/airflow/.local/lib/python3.12/site-packages/airflow/example_dags/tutorial_objectstorage.py took 0.923 seconds
[2024-09-02T04:27:09.971+0000] {processor.py:186} INFO - Started process (PID=171) to work on /home/airflow/.local/lib/python3.12/site-packages/airflow/example_dags/tutorial_objectstorage.py
[2024-09-02T04:27:09.974+0000] {processor.py:914} INFO - Processing file /home/airflow/.local/lib/python3.12/site-packages/airflow/example_dags/tutorial_objectstorage.py for tasks to queue
[2024-09-02T04:27:09.987+0000] {logging_mixin.py:190} INFO - [2024-09-02T04:27:09.986+0000] {dagbag.py:587} INFO - Filling up the DagBag from /home/airflow/.local/lib/python3.12/site-packages/airflow/example_dags/tutorial_objectstorage.py
[2024-09-02T04:27:10.015+0000] {processor.py:925} INFO - DAG(s) 'tutorial_objectstorage' retrieved from /home/airflow/.local/lib/python3.12/site-packages/airflow/example_dags/tutorial_objectstorage.py
[2024-09-02T04:27:10.088+0000] {logging_mixin.py:190} INFO - [2024-09-02T04:27:10.087+0000] {dag.py:3211} INFO - Sync 1 DAGs
[2024-09-02T04:27:10.136+0000] {logging_mixin.py:190} INFO - [2024-09-02T04:27:10.136+0000] {dag.py:4138} INFO - Setting next_dagrun for tutorial_objectstorage to None, run_after=None
[2024-09-02T04:27:10.185+0000] {processor.py:208} INFO - Processing /home/airflow/.local/lib/python3.12/site-packages/airflow/example_dags/tutorial_objectstorage.py took 0.231 seconds
[2024-09-02T04:27:41.567+0000] {processor.py:186} INFO - Started process (PID=234) to work on /home/airflow/.local/lib/python3.12/site-packages/airflow/example_dags/tutorial_objectstorage.py
[2024-09-02T04:27:41.570+0000] {processor.py:914} INFO - Processing file /home/airflow/.local/lib/python3.12/site-packages/airflow/example_dags/tutorial_objectstorage.py for tasks to queue
[2024-09-02T04:27:41.582+0000] {logging_mixin.py:190} INFO - [2024-09-02T04:27:41.581+0000] {dagbag.py:587} INFO - Filling up the DagBag from /home/airflow/.local/lib/python3.12/site-packages/airflow/example_dags/tutorial_objectstorage.py
[2024-09-02T04:27:41.616+0000] {processor.py:925} INFO - DAG(s) 'tutorial_objectstorage' retrieved from /home/airflow/.local/lib/python3.12/site-packages/airflow/example_dags/tutorial_objectstorage.py
[2024-09-02T04:27:41.721+0000] {logging_mixin.py:190} INFO - [2024-09-02T04:27:41.721+0000] {dag.py:3211} INFO - Sync 1 DAGs
[2024-09-02T04:27:41.771+0000] {logging_mixin.py:190} INFO - [2024-09-02T04:27:41.770+0000] {dag.py:4138} INFO - Setting next_dagrun for tutorial_objectstorage to None, run_after=None
[2024-09-02T04:27:41.847+0000] {processor.py:208} INFO - Processing /home/airflow/.local/lib/python3.12/site-packages/airflow/example_dags/tutorial_objectstorage.py took 0.300 seconds
[2024-09-02T04:28:17.955+0000] {processor.py:186} INFO - Started process (PID=297) to work on /home/airflow/.local/lib/python3.12/site-packages/airflow/example_dags/tutorial_objectstorage.py
[2024-09-02T04:28:17.970+0000] {processor.py:914} INFO - Processing file /home/airflow/.local/lib/python3.12/site-packages/airflow/example_dags/tutorial_objectstorage.py for tasks to queue
[2024-09-02T04:28:17.975+0000] {logging_mixin.py:190} INFO - [2024-09-02T04:28:17.975+0000] {dagbag.py:587} INFO - Filling up the DagBag from /home/airflow/.local/lib/python3.12/site-packages/airflow/example_dags/tutorial_objectstorage.py
[2024-09-02T04:28:18.023+0000] {processor.py:925} INFO - DAG(s) 'tutorial_objectstorage' retrieved from /home/airflow/.local/lib/python3.12/site-packages/airflow/example_dags/tutorial_objectstorage.py
[2024-09-02T04:28:18.219+0000] {logging_mixin.py:190} INFO - [2024-09-02T04:28:18.219+0000] {dag.py:3211} INFO - Sync 1 DAGs
[2024-09-02T04:28:18.367+0000] {logging_mixin.py:190} INFO - [2024-09-02T04:28:18.366+0000] {dag.py:4138} INFO - Setting next_dagrun for tutorial_objectstorage to None, run_after=None
[2024-09-02T04:28:18.533+0000] {processor.py:208} INFO - Processing /home/airflow/.local/lib/python3.12/site-packages/airflow/example_dags/tutorial_objectstorage.py took 0.607 seconds
[2024-09-02T04:28:49.040+0000] {processor.py:186} INFO - Started process (PID=361) to work on /home/airflow/.local/lib/python3.12/site-packages/airflow/example_dags/tutorial_objectstorage.py
[2024-09-02T04:28:49.042+0000] {processor.py:914} INFO - Processing file /home/airflow/.local/lib/python3.12/site-packages/airflow/example_dags/tutorial_objectstorage.py for tasks to queue
[2024-09-02T04:28:49.048+0000] {logging_mixin.py:190} INFO - [2024-09-02T04:28:49.047+0000] {dagbag.py:587} INFO - Filling up the DagBag from /home/airflow/.local/lib/python3.12/site-packages/airflow/example_dags/tutorial_objectstorage.py
[2024-09-02T04:28:49.069+0000] {processor.py:925} INFO - DAG(s) 'tutorial_objectstorage' retrieved from /home/airflow/.local/lib/python3.12/site-packages/airflow/example_dags/tutorial_objectstorage.py
[2024-09-02T04:28:49.126+0000] {logging_mixin.py:190} INFO - [2024-09-02T04:28:49.125+0000] {dag.py:3211} INFO - Sync 1 DAGs
[2024-09-02T04:28:49.168+0000] {logging_mixin.py:190} INFO - [2024-09-02T04:28:49.167+0000] {dag.py:4138} INFO - Setting next_dagrun for tutorial_objectstorage to None, run_after=None
[2024-09-02T04:28:49.251+0000] {processor.py:208} INFO - Processing /home/airflow/.local/lib/python3.12/site-packages/airflow/example_dags/tutorial_objectstorage.py took 0.225 seconds
[2024-09-02T04:29:19.368+0000] {processor.py:186} INFO - Started process (PID=423) to work on /home/airflow/.local/lib/python3.12/site-packages/airflow/example_dags/tutorial_objectstorage.py
[2024-09-02T04:29:19.371+0000] {processor.py:914} INFO - Processing file /home/airflow/.local/lib/python3.12/site-packages/airflow/example_dags/tutorial_objectstorage.py for tasks to queue
[2024-09-02T04:29:19.383+0000] {logging_mixin.py:190} INFO - [2024-09-02T04:29:19.382+0000] {dagbag.py:587} INFO - Filling up the DagBag from /home/airflow/.local/lib/python3.12/site-packages/airflow/example_dags/tutorial_objectstorage.py
[2024-09-02T04:29:19.413+0000] {processor.py:925} INFO - DAG(s) 'tutorial_objectstorage' retrieved from /home/airflow/.local/lib/python3.12/site-packages/airflow/example_dags/tutorial_objectstorage.py
[2024-09-02T04:29:19.471+0000] {logging_mixin.py:190} INFO - [2024-09-02T04:29:19.470+0000] {dag.py:3211} INFO - Sync 1 DAGs
[2024-09-02T04:29:19.513+0000] {logging_mixin.py:190} INFO - [2024-09-02T04:29:19.512+0000] {dag.py:4138} INFO - Setting next_dagrun for tutorial_objectstorage to None, run_after=None
[2024-09-02T04:29:19.568+0000] {processor.py:208} INFO - Processing /home/airflow/.local/lib/python3.12/site-packages/airflow/example_dags/tutorial_objectstorage.py took 0.216 seconds
[2024-09-02T04:29:50.771+0000] {processor.py:186} INFO - Started process (PID=487) to work on /home/airflow/.local/lib/python3.12/site-packages/airflow/example_dags/tutorial_objectstorage.py
[2024-09-02T04:29:50.773+0000] {processor.py:914} INFO - Processing file /home/airflow/.local/lib/python3.12/site-packages/airflow/example_dags/tutorial_objectstorage.py for tasks to queue
[2024-09-02T04:29:50.779+0000] {logging_mixin.py:190} INFO - [2024-09-02T04:29:50.778+0000] {dagbag.py:587} INFO - Filling up the DagBag from /home/airflow/.local/lib/python3.12/site-packages/airflow/example_dags/tutorial_objectstorage.py
[2024-09-02T04:29:50.801+0000] {processor.py:925} INFO - DAG(s) 'tutorial_objectstorage' retrieved from /home/airflow/.local/lib/python3.12/site-packages/airflow/example_dags/tutorial_objectstorage.py
[2024-09-02T04:29:50.853+0000] {logging_mixin.py:190} INFO - [2024-09-02T04:29:50.853+0000] {dag.py:3211} INFO - Sync 1 DAGs
[2024-09-02T04:29:50.919+0000] {logging_mixin.py:190} INFO - [2024-09-02T04:29:50.919+0000] {dag.py:4138} INFO - Setting next_dagrun for tutorial_objectstorage to None, run_after=None
[2024-09-02T04:29:50.986+0000] {processor.py:208} INFO - Processing /home/airflow/.local/lib/python3.12/site-packages/airflow/example_dags/tutorial_objectstorage.py took 0.227 seconds
[2024-09-02T04:30:21.814+0000] {processor.py:186} INFO - Started process (PID=551) to work on /home/airflow/.local/lib/python3.12/site-packages/airflow/example_dags/tutorial_objectstorage.py
[2024-09-02T04:30:21.816+0000] {processor.py:914} INFO - Processing file /home/airflow/.local/lib/python3.12/site-packages/airflow/example_dags/tutorial_objectstorage.py for tasks to queue
[2024-09-02T04:30:21.829+0000] {logging_mixin.py:190} INFO - [2024-09-02T04:30:21.828+0000] {dagbag.py:587} INFO - Filling up the DagBag from /home/airflow/.local/lib/python3.12/site-packages/airflow/example_dags/tutorial_objectstorage.py
[2024-09-02T04:30:21.855+0000] {processor.py:925} INFO - DAG(s) 'tutorial_objectstorage' retrieved from /home/airflow/.local/lib/python3.12/site-packages/airflow/example_dags/tutorial_objectstorage.py
[2024-09-02T04:30:21.926+0000] {logging_mixin.py:190} INFO - [2024-09-02T04:30:21.926+0000] {dag.py:3211} INFO - Sync 1 DAGs
[2024-09-02T04:30:21.989+0000] {logging_mixin.py:190} INFO - [2024-09-02T04:30:21.988+0000] {dag.py:4138} INFO - Setting next_dagrun for tutorial_objectstorage to None, run_after=None
[2024-09-02T04:30:22.070+0000] {processor.py:208} INFO - Processing /home/airflow/.local/lib/python3.12/site-packages/airflow/example_dags/tutorial_objectstorage.py took 0.279 seconds
[2024-09-02T04:30:52.360+0000] {processor.py:186} INFO - Started process (PID=614) to work on /home/airflow/.local/lib/python3.12/site-packages/airflow/example_dags/tutorial_objectstorage.py
[2024-09-02T04:30:52.363+0000] {processor.py:914} INFO - Processing file /home/airflow/.local/lib/python3.12/site-packages/airflow/example_dags/tutorial_objectstorage.py for tasks to queue
[2024-09-02T04:30:52.368+0000] {logging_mixin.py:190} INFO - [2024-09-02T04:30:52.367+0000] {dagbag.py:587} INFO - Filling up the DagBag from /home/airflow/.local/lib/python3.12/site-packages/airflow/example_dags/tutorial_objectstorage.py
[2024-09-02T04:30:52.389+0000] {processor.py:925} INFO - DAG(s) 'tutorial_objectstorage' retrieved from /home/airflow/.local/lib/python3.12/site-packages/airflow/example_dags/tutorial_objectstorage.py
[2024-09-02T04:30:52.436+0000] {logging_mixin.py:190} INFO - [2024-09-02T04:30:52.435+0000] {dag.py:3211} INFO - Sync 1 DAGs
[2024-09-02T04:30:52.473+0000] {logging_mixin.py:190} INFO - [2024-09-02T04:30:52.472+0000] {dag.py:4138} INFO - Setting next_dagrun for tutorial_objectstorage to None, run_after=None
[2024-09-02T04:30:52.527+0000] {processor.py:208} INFO - Processing /home/airflow/.local/lib/python3.12/site-packages/airflow/example_dags/tutorial_objectstorage.py took 0.179 seconds
[2024-09-02T04:31:23.394+0000] {processor.py:186} INFO - Started process (PID=677) to work on /home/airflow/.local/lib/python3.12/site-packages/airflow/example_dags/tutorial_objectstorage.py
[2024-09-02T04:31:23.397+0000] {processor.py:914} INFO - Processing file /home/airflow/.local/lib/python3.12/site-packages/airflow/example_dags/tutorial_objectstorage.py for tasks to queue
[2024-09-02T04:31:23.403+0000] {logging_mixin.py:190} INFO - [2024-09-02T04:31:23.402+0000] {dagbag.py:587} INFO - Filling up the DagBag from /home/airflow/.local/lib/python3.12/site-packages/airflow/example_dags/tutorial_objectstorage.py
[2024-09-02T04:31:23.429+0000] {processor.py:925} INFO - DAG(s) 'tutorial_objectstorage' retrieved from /home/airflow/.local/lib/python3.12/site-packages/airflow/example_dags/tutorial_objectstorage.py
[2024-09-02T04:31:23.488+0000] {logging_mixin.py:190} INFO - [2024-09-02T04:31:23.487+0000] {dag.py:3211} INFO - Sync 1 DAGs
[2024-09-02T04:31:23.527+0000] {logging_mixin.py:190} INFO - [2024-09-02T04:31:23.526+0000] {dag.py:4138} INFO - Setting next_dagrun for tutorial_objectstorage to None, run_after=None
[2024-09-02T04:31:23.603+0000] {processor.py:208} INFO - Processing /home/airflow/.local/lib/python3.12/site-packages/airflow/example_dags/tutorial_objectstorage.py took 0.225 seconds
[2024-09-02T04:31:57.692+0000] {processor.py:186} INFO - Started process (PID=740) to work on /home/airflow/.local/lib/python3.12/site-packages/airflow/example_dags/tutorial_objectstorage.py
[2024-09-02T04:31:57.703+0000] {processor.py:914} INFO - Processing file /home/airflow/.local/lib/python3.12/site-packages/airflow/example_dags/tutorial_objectstorage.py for tasks to queue
[2024-09-02T04:31:57.721+0000] {logging_mixin.py:190} INFO - [2024-09-02T04:31:57.720+0000] {dagbag.py:587} INFO - Filling up the DagBag from /home/airflow/.local/lib/python3.12/site-packages/airflow/example_dags/tutorial_objectstorage.py
[2024-09-02T04:31:57.791+0000] {processor.py:925} INFO - DAG(s) 'tutorial_objectstorage' retrieved from /home/airflow/.local/lib/python3.12/site-packages/airflow/example_dags/tutorial_objectstorage.py
[2024-09-02T04:31:57.921+0000] {logging_mixin.py:190} INFO - [2024-09-02T04:31:57.911+0000] {dag.py:3211} INFO - Sync 1 DAGs
[2024-09-02T04:31:58.034+0000] {logging_mixin.py:190} INFO - [2024-09-02T04:31:58.024+0000] {dag.py:4138} INFO - Setting next_dagrun for tutorial_objectstorage to None, run_after=None
[2024-09-02T04:31:58.155+0000] {processor.py:208} INFO - Processing /home/airflow/.local/lib/python3.12/site-packages/airflow/example_dags/tutorial_objectstorage.py took 0.512 seconds
[2024-09-02T04:32:29.695+0000] {processor.py:186} INFO - Started process (PID=803) to work on /home/airflow/.local/lib/python3.12/site-packages/airflow/example_dags/tutorial_objectstorage.py
[2024-09-02T04:32:29.710+0000] {processor.py:914} INFO - Processing file /home/airflow/.local/lib/python3.12/site-packages/airflow/example_dags/tutorial_objectstorage.py for tasks to queue
[2024-09-02T04:32:29.758+0000] {logging_mixin.py:190} INFO - [2024-09-02T04:32:29.746+0000] {dagbag.py:587} INFO - Filling up the DagBag from /home/airflow/.local/lib/python3.12/site-packages/airflow/example_dags/tutorial_objectstorage.py
[2024-09-02T04:32:29.888+0000] {processor.py:925} INFO - DAG(s) 'tutorial_objectstorage' retrieved from /home/airflow/.local/lib/python3.12/site-packages/airflow/example_dags/tutorial_objectstorage.py
[2024-09-02T04:32:30.122+0000] {logging_mixin.py:190} INFO - [2024-09-02T04:32:30.122+0000] {dag.py:3211} INFO - Sync 1 DAGs
[2024-09-02T04:32:30.337+0000] {logging_mixin.py:190} INFO - [2024-09-02T04:32:30.337+0000] {dag.py:4138} INFO - Setting next_dagrun for tutorial_objectstorage to None, run_after=None
[2024-09-02T04:32:30.497+0000] {processor.py:208} INFO - Processing /home/airflow/.local/lib/python3.12/site-packages/airflow/example_dags/tutorial_objectstorage.py took 0.839 seconds
[2024-09-02T04:33:01.933+0000] {processor.py:186} INFO - Started process (PID=866) to work on /home/airflow/.local/lib/python3.12/site-packages/airflow/example_dags/tutorial_objectstorage.py
[2024-09-02T04:33:01.973+0000] {processor.py:914} INFO - Processing file /home/airflow/.local/lib/python3.12/site-packages/airflow/example_dags/tutorial_objectstorage.py for tasks to queue
[2024-09-02T04:33:01.995+0000] {logging_mixin.py:190} INFO - [2024-09-02T04:33:01.994+0000] {dagbag.py:587} INFO - Filling up the DagBag from /home/airflow/.local/lib/python3.12/site-packages/airflow/example_dags/tutorial_objectstorage.py
[2024-09-02T04:33:02.052+0000] {processor.py:925} INFO - DAG(s) 'tutorial_objectstorage' retrieved from /home/airflow/.local/lib/python3.12/site-packages/airflow/example_dags/tutorial_objectstorage.py
[2024-09-02T04:33:02.232+0000] {logging_mixin.py:190} INFO - [2024-09-02T04:33:02.231+0000] {dag.py:3211} INFO - Sync 1 DAGs
[2024-09-02T04:33:02.338+0000] {logging_mixin.py:190} INFO - [2024-09-02T04:33:02.337+0000] {dag.py:4138} INFO - Setting next_dagrun for tutorial_objectstorage to None, run_after=None
[2024-09-02T04:33:02.477+0000] {processor.py:208} INFO - Processing /home/airflow/.local/lib/python3.12/site-packages/airflow/example_dags/tutorial_objectstorage.py took 0.591 seconds
[2024-09-02T04:33:33.372+0000] {processor.py:186} INFO - Started process (PID=927) to work on /home/airflow/.local/lib/python3.12/site-packages/airflow/example_dags/tutorial_objectstorage.py
[2024-09-02T04:33:33.384+0000] {processor.py:914} INFO - Processing file /home/airflow/.local/lib/python3.12/site-packages/airflow/example_dags/tutorial_objectstorage.py for tasks to queue
[2024-09-02T04:33:33.391+0000] {logging_mixin.py:190} INFO - [2024-09-02T04:33:33.390+0000] {dagbag.py:587} INFO - Filling up the DagBag from /home/airflow/.local/lib/python3.12/site-packages/airflow/example_dags/tutorial_objectstorage.py
[2024-09-02T04:33:33.444+0000] {processor.py:925} INFO - DAG(s) 'tutorial_objectstorage' retrieved from /home/airflow/.local/lib/python3.12/site-packages/airflow/example_dags/tutorial_objectstorage.py
[2024-09-02T04:33:33.527+0000] {logging_mixin.py:190} INFO - [2024-09-02T04:33:33.517+0000] {dag.py:3211} INFO - Sync 1 DAGs
[2024-09-02T04:33:33.585+0000] {logging_mixin.py:190} INFO - [2024-09-02T04:33:33.585+0000] {dag.py:4138} INFO - Setting next_dagrun for tutorial_objectstorage to None, run_after=None
[2024-09-02T04:33:33.675+0000] {processor.py:208} INFO - Processing /home/airflow/.local/lib/python3.12/site-packages/airflow/example_dags/tutorial_objectstorage.py took 0.327 seconds
[2024-09-02T04:34:04.655+0000] {processor.py:186} INFO - Started process (PID=990) to work on /home/airflow/.local/lib/python3.12/site-packages/airflow/example_dags/tutorial_objectstorage.py
[2024-09-02T04:34:04.680+0000] {processor.py:914} INFO - Processing file /home/airflow/.local/lib/python3.12/site-packages/airflow/example_dags/tutorial_objectstorage.py for tasks to queue
[2024-09-02T04:34:04.697+0000] {logging_mixin.py:190} INFO - [2024-09-02T04:34:04.696+0000] {dagbag.py:587} INFO - Filling up the DagBag from /home/airflow/.local/lib/python3.12/site-packages/airflow/example_dags/tutorial_objectstorage.py
[2024-09-02T04:34:04.763+0000] {processor.py:925} INFO - DAG(s) 'tutorial_objectstorage' retrieved from /home/airflow/.local/lib/python3.12/site-packages/airflow/example_dags/tutorial_objectstorage.py
[2024-09-02T04:34:04.883+0000] {logging_mixin.py:190} INFO - [2024-09-02T04:34:04.882+0000] {dag.py:3211} INFO - Sync 1 DAGs
[2024-09-02T04:34:05.001+0000] {logging_mixin.py:190} INFO - [2024-09-02T04:34:05.000+0000] {dag.py:4138} INFO - Setting next_dagrun for tutorial_objectstorage to None, run_after=None
[2024-09-02T04:34:05.135+0000] {processor.py:208} INFO - Processing /home/airflow/.local/lib/python3.12/site-packages/airflow/example_dags/tutorial_objectstorage.py took 0.514 seconds
[2024-09-02T04:34:45.198+0000] {processor.py:186} INFO - Started process (PID=1060) to work on /home/airflow/.local/lib/python3.12/site-packages/airflow/example_dags/tutorial_objectstorage.py
[2024-09-02T04:34:45.211+0000] {processor.py:914} INFO - Processing file /home/airflow/.local/lib/python3.12/site-packages/airflow/example_dags/tutorial_objectstorage.py for tasks to queue
[2024-09-02T04:34:45.227+0000] {logging_mixin.py:190} INFO - [2024-09-02T04:34:45.226+0000] {dagbag.py:587} INFO - Filling up the DagBag from /home/airflow/.local/lib/python3.12/site-packages/airflow/example_dags/tutorial_objectstorage.py
[2024-09-02T04:34:45.291+0000] {processor.py:925} INFO - DAG(s) 'tutorial_objectstorage' retrieved from /home/airflow/.local/lib/python3.12/site-packages/airflow/example_dags/tutorial_objectstorage.py
[2024-09-02T04:34:45.449+0000] {logging_mixin.py:190} INFO - [2024-09-02T04:34:45.448+0000] {dag.py:3211} INFO - Sync 1 DAGs
[2024-09-02T04:34:45.602+0000] {logging_mixin.py:190} INFO - [2024-09-02T04:34:45.602+0000] {dag.py:4138} INFO - Setting next_dagrun for tutorial_objectstorage to None, run_after=None
[2024-09-02T04:34:45.781+0000] {processor.py:208} INFO - Processing /home/airflow/.local/lib/python3.12/site-packages/airflow/example_dags/tutorial_objectstorage.py took 0.622 seconds
[2024-09-02T04:35:20.713+0000] {processor.py:186} INFO - Started process (PID=1123) to work on /home/airflow/.local/lib/python3.12/site-packages/airflow/example_dags/tutorial_objectstorage.py
[2024-09-02T04:35:20.727+0000] {processor.py:914} INFO - Processing file /home/airflow/.local/lib/python3.12/site-packages/airflow/example_dags/tutorial_objectstorage.py for tasks to queue
[2024-09-02T04:35:20.744+0000] {logging_mixin.py:190} INFO - [2024-09-02T04:35:20.743+0000] {dagbag.py:587} INFO - Filling up the DagBag from /home/airflow/.local/lib/python3.12/site-packages/airflow/example_dags/tutorial_objectstorage.py
[2024-09-02T04:35:20.809+0000] {processor.py:925} INFO - DAG(s) 'tutorial_objectstorage' retrieved from /home/airflow/.local/lib/python3.12/site-packages/airflow/example_dags/tutorial_objectstorage.py
[2024-09-02T04:35:20.964+0000] {logging_mixin.py:190} INFO - [2024-09-02T04:35:20.964+0000] {dag.py:3211} INFO - Sync 1 DAGs
[2024-09-02T04:35:21.054+0000] {logging_mixin.py:190} INFO - [2024-09-02T04:35:21.054+0000] {dag.py:4138} INFO - Setting next_dagrun for tutorial_objectstorage to None, run_after=None
[2024-09-02T04:35:21.142+0000] {processor.py:208} INFO - Processing /home/airflow/.local/lib/python3.12/site-packages/airflow/example_dags/tutorial_objectstorage.py took 0.456 seconds
[2024-09-02T04:35:51.778+0000] {processor.py:186} INFO - Started process (PID=1187) to work on /home/airflow/.local/lib/python3.12/site-packages/airflow/example_dags/tutorial_objectstorage.py
[2024-09-02T04:35:51.780+0000] {processor.py:914} INFO - Processing file /home/airflow/.local/lib/python3.12/site-packages/airflow/example_dags/tutorial_objectstorage.py for tasks to queue
[2024-09-02T04:35:51.785+0000] {logging_mixin.py:190} INFO - [2024-09-02T04:35:51.784+0000] {dagbag.py:587} INFO - Filling up the DagBag from /home/airflow/.local/lib/python3.12/site-packages/airflow/example_dags/tutorial_objectstorage.py
[2024-09-02T04:35:51.806+0000] {processor.py:925} INFO - DAG(s) 'tutorial_objectstorage' retrieved from /home/airflow/.local/lib/python3.12/site-packages/airflow/example_dags/tutorial_objectstorage.py
[2024-09-02T04:35:51.857+0000] {logging_mixin.py:190} INFO - [2024-09-02T04:35:51.857+0000] {dag.py:3211} INFO - Sync 1 DAGs
[2024-09-02T04:35:51.913+0000] {logging_mixin.py:190} INFO - [2024-09-02T04:35:51.912+0000] {dag.py:4138} INFO - Setting next_dagrun for tutorial_objectstorage to None, run_after=None
[2024-09-02T04:35:51.956+0000] {processor.py:208} INFO - Processing /home/airflow/.local/lib/python3.12/site-packages/airflow/example_dags/tutorial_objectstorage.py took 0.192 seconds
[2024-09-02T04:36:22.689+0000] {processor.py:186} INFO - Started process (PID=1250) to work on /home/airflow/.local/lib/python3.12/site-packages/airflow/example_dags/tutorial_objectstorage.py
[2024-09-02T04:36:22.695+0000] {processor.py:914} INFO - Processing file /home/airflow/.local/lib/python3.12/site-packages/airflow/example_dags/tutorial_objectstorage.py for tasks to queue
[2024-09-02T04:36:22.715+0000] {logging_mixin.py:190} INFO - [2024-09-02T04:36:22.715+0000] {dagbag.py:587} INFO - Filling up the DagBag from /home/airflow/.local/lib/python3.12/site-packages/airflow/example_dags/tutorial_objectstorage.py
[2024-09-02T04:36:22.774+0000] {processor.py:925} INFO - DAG(s) 'tutorial_objectstorage' retrieved from /home/airflow/.local/lib/python3.12/site-packages/airflow/example_dags/tutorial_objectstorage.py
[2024-09-02T04:36:22.869+0000] {logging_mixin.py:190} INFO - [2024-09-02T04:36:22.869+0000] {dag.py:3211} INFO - Sync 1 DAGs
[2024-09-02T04:36:22.958+0000] {logging_mixin.py:190} INFO - [2024-09-02T04:36:22.957+0000] {dag.py:4138} INFO - Setting next_dagrun for tutorial_objectstorage to None, run_after=None
[2024-09-02T04:36:23.116+0000] {processor.py:208} INFO - Processing /home/airflow/.local/lib/python3.12/site-packages/airflow/example_dags/tutorial_objectstorage.py took 0.459 seconds
[2024-09-02T04:36:53.430+0000] {processor.py:186} INFO - Started process (PID=1313) to work on /home/airflow/.local/lib/python3.12/site-packages/airflow/example_dags/tutorial_objectstorage.py
[2024-09-02T04:36:53.432+0000] {processor.py:914} INFO - Processing file /home/airflow/.local/lib/python3.12/site-packages/airflow/example_dags/tutorial_objectstorage.py for tasks to queue
[2024-09-02T04:36:53.442+0000] {logging_mixin.py:190} INFO - [2024-09-02T04:36:53.441+0000] {dagbag.py:587} INFO - Filling up the DagBag from /home/airflow/.local/lib/python3.12/site-packages/airflow/example_dags/tutorial_objectstorage.py
[2024-09-02T04:36:53.465+0000] {processor.py:925} INFO - DAG(s) 'tutorial_objectstorage' retrieved from /home/airflow/.local/lib/python3.12/site-packages/airflow/example_dags/tutorial_objectstorage.py
[2024-09-02T04:36:53.542+0000] {logging_mixin.py:190} INFO - [2024-09-02T04:36:53.541+0000] {dag.py:3211} INFO - Sync 1 DAGs
[2024-09-02T04:36:53.584+0000] {logging_mixin.py:190} INFO - [2024-09-02T04:36:53.583+0000] {dag.py:4138} INFO - Setting next_dagrun for tutorial_objectstorage to None, run_after=None
[2024-09-02T04:36:53.638+0000] {processor.py:208} INFO - Processing /home/airflow/.local/lib/python3.12/site-packages/airflow/example_dags/tutorial_objectstorage.py took 0.224 seconds
[2024-09-02T04:37:24.472+0000] {processor.py:186} INFO - Started process (PID=1377) to work on /home/airflow/.local/lib/python3.12/site-packages/airflow/example_dags/tutorial_objectstorage.py
[2024-09-02T04:37:24.477+0000] {processor.py:914} INFO - Processing file /home/airflow/.local/lib/python3.12/site-packages/airflow/example_dags/tutorial_objectstorage.py for tasks to queue
[2024-09-02T04:37:24.483+0000] {logging_mixin.py:190} INFO - [2024-09-02T04:37:24.482+0000] {dagbag.py:587} INFO - Filling up the DagBag from /home/airflow/.local/lib/python3.12/site-packages/airflow/example_dags/tutorial_objectstorage.py
[2024-09-02T04:37:24.506+0000] {processor.py:925} INFO - DAG(s) 'tutorial_objectstorage' retrieved from /home/airflow/.local/lib/python3.12/site-packages/airflow/example_dags/tutorial_objectstorage.py
[2024-09-02T04:37:24.558+0000] {logging_mixin.py:190} INFO - [2024-09-02T04:37:24.558+0000] {dag.py:3211} INFO - Sync 1 DAGs
[2024-09-02T04:37:24.594+0000] {logging_mixin.py:190} INFO - [2024-09-02T04:37:24.593+0000] {dag.py:4138} INFO - Setting next_dagrun for tutorial_objectstorage to None, run_after=None
[2024-09-02T04:37:24.640+0000] {processor.py:208} INFO - Processing /home/airflow/.local/lib/python3.12/site-packages/airflow/example_dags/tutorial_objectstorage.py took 0.183 seconds
[2024-09-02T04:37:55.075+0000] {processor.py:186} INFO - Started process (PID=1439) to work on /home/airflow/.local/lib/python3.12/site-packages/airflow/example_dags/tutorial_objectstorage.py
[2024-09-02T04:37:55.077+0000] {processor.py:914} INFO - Processing file /home/airflow/.local/lib/python3.12/site-packages/airflow/example_dags/tutorial_objectstorage.py for tasks to queue
[2024-09-02T04:37:55.084+0000] {logging_mixin.py:190} INFO - [2024-09-02T04:37:55.083+0000] {dagbag.py:587} INFO - Filling up the DagBag from /home/airflow/.local/lib/python3.12/site-packages/airflow/example_dags/tutorial_objectstorage.py
[2024-09-02T04:37:55.114+0000] {processor.py:925} INFO - DAG(s) 'tutorial_objectstorage' retrieved from /home/airflow/.local/lib/python3.12/site-packages/airflow/example_dags/tutorial_objectstorage.py
[2024-09-02T04:37:55.170+0000] {logging_mixin.py:190} INFO - [2024-09-02T04:37:55.169+0000] {dag.py:3211} INFO - Sync 1 DAGs
[2024-09-02T04:37:55.210+0000] {logging_mixin.py:190} INFO - [2024-09-02T04:37:55.209+0000] {dag.py:4138} INFO - Setting next_dagrun for tutorial_objectstorage to None, run_after=None
[2024-09-02T04:37:55.258+0000] {processor.py:208} INFO - Processing /home/airflow/.local/lib/python3.12/site-packages/airflow/example_dags/tutorial_objectstorage.py took 0.207 seconds
[2024-09-02T04:38:25.443+0000] {processor.py:186} INFO - Started process (PID=1503) to work on /home/airflow/.local/lib/python3.12/site-packages/airflow/example_dags/tutorial_objectstorage.py
[2024-09-02T04:38:25.446+0000] {processor.py:914} INFO - Processing file /home/airflow/.local/lib/python3.12/site-packages/airflow/example_dags/tutorial_objectstorage.py for tasks to queue
[2024-09-02T04:38:25.473+0000] {logging_mixin.py:190} INFO - [2024-09-02T04:38:25.462+0000] {dagbag.py:587} INFO - Filling up the DagBag from /home/airflow/.local/lib/python3.12/site-packages/airflow/example_dags/tutorial_objectstorage.py
[2024-09-02T04:38:25.539+0000] {processor.py:925} INFO - DAG(s) 'tutorial_objectstorage' retrieved from /home/airflow/.local/lib/python3.12/site-packages/airflow/example_dags/tutorial_objectstorage.py
[2024-09-02T04:38:25.649+0000] {logging_mixin.py:190} INFO - [2024-09-02T04:38:25.648+0000] {dag.py:3211} INFO - Sync 1 DAGs
[2024-09-02T04:38:25.724+0000] {logging_mixin.py:190} INFO - [2024-09-02T04:38:25.723+0000] {dag.py:4138} INFO - Setting next_dagrun for tutorial_objectstorage to None, run_after=None
[2024-09-02T04:38:25.821+0000] {processor.py:208} INFO - Processing /home/airflow/.local/lib/python3.12/site-packages/airflow/example_dags/tutorial_objectstorage.py took 0.400 seconds
[2024-09-02T04:38:56.874+0000] {processor.py:186} INFO - Started process (PID=1566) to work on /home/airflow/.local/lib/python3.12/site-packages/airflow/example_dags/tutorial_objectstorage.py
[2024-09-02T04:38:56.876+0000] {processor.py:914} INFO - Processing file /home/airflow/.local/lib/python3.12/site-packages/airflow/example_dags/tutorial_objectstorage.py for tasks to queue
[2024-09-02T04:38:56.884+0000] {logging_mixin.py:190} INFO - [2024-09-02T04:38:56.883+0000] {dagbag.py:587} INFO - Filling up the DagBag from /home/airflow/.local/lib/python3.12/site-packages/airflow/example_dags/tutorial_objectstorage.py
[2024-09-02T04:38:56.911+0000] {processor.py:925} INFO - DAG(s) 'tutorial_objectstorage' retrieved from /home/airflow/.local/lib/python3.12/site-packages/airflow/example_dags/tutorial_objectstorage.py
[2024-09-02T04:38:56.970+0000] {logging_mixin.py:190} INFO - [2024-09-02T04:38:56.969+0000] {dag.py:3211} INFO - Sync 1 DAGs
[2024-09-02T04:38:57.021+0000] {logging_mixin.py:190} INFO - [2024-09-02T04:38:57.020+0000] {dag.py:4138} INFO - Setting next_dagrun for tutorial_objectstorage to None, run_after=None
[2024-09-02T04:38:57.076+0000] {processor.py:208} INFO - Processing /home/airflow/.local/lib/python3.12/site-packages/airflow/example_dags/tutorial_objectstorage.py took 0.222 seconds
[2024-09-02T04:39:27.449+0000] {processor.py:186} INFO - Started process (PID=1629) to work on /home/airflow/.local/lib/python3.12/site-packages/airflow/example_dags/tutorial_objectstorage.py
[2024-09-02T04:39:27.451+0000] {processor.py:914} INFO - Processing file /home/airflow/.local/lib/python3.12/site-packages/airflow/example_dags/tutorial_objectstorage.py for tasks to queue
[2024-09-02T04:39:27.456+0000] {logging_mixin.py:190} INFO - [2024-09-02T04:39:27.455+0000] {dagbag.py:587} INFO - Filling up the DagBag from /home/airflow/.local/lib/python3.12/site-packages/airflow/example_dags/tutorial_objectstorage.py
[2024-09-02T04:39:27.477+0000] {processor.py:925} INFO - DAG(s) 'tutorial_objectstorage' retrieved from /home/airflow/.local/lib/python3.12/site-packages/airflow/example_dags/tutorial_objectstorage.py
[2024-09-02T04:39:27.541+0000] {logging_mixin.py:190} INFO - [2024-09-02T04:39:27.540+0000] {dag.py:3211} INFO - Sync 1 DAGs
[2024-09-02T04:39:27.585+0000] {logging_mixin.py:190} INFO - [2024-09-02T04:39:27.585+0000] {dag.py:4138} INFO - Setting next_dagrun for tutorial_objectstorage to None, run_after=None
[2024-09-02T04:39:27.662+0000] {processor.py:208} INFO - Processing /home/airflow/.local/lib/python3.12/site-packages/airflow/example_dags/tutorial_objectstorage.py took 0.229 seconds
[2024-09-02T04:39:57.813+0000] {processor.py:186} INFO - Started process (PID=1692) to work on /home/airflow/.local/lib/python3.12/site-packages/airflow/example_dags/tutorial_objectstorage.py
[2024-09-02T04:39:57.815+0000] {processor.py:914} INFO - Processing file /home/airflow/.local/lib/python3.12/site-packages/airflow/example_dags/tutorial_objectstorage.py for tasks to queue
[2024-09-02T04:39:57.821+0000] {logging_mixin.py:190} INFO - [2024-09-02T04:39:57.820+0000] {dagbag.py:587} INFO - Filling up the DagBag from /home/airflow/.local/lib/python3.12/site-packages/airflow/example_dags/tutorial_objectstorage.py
[2024-09-02T04:39:57.846+0000] {processor.py:925} INFO - DAG(s) 'tutorial_objectstorage' retrieved from /home/airflow/.local/lib/python3.12/site-packages/airflow/example_dags/tutorial_objectstorage.py
[2024-09-02T04:39:57.900+0000] {logging_mixin.py:190} INFO - [2024-09-02T04:39:57.899+0000] {dag.py:3211} INFO - Sync 1 DAGs
[2024-09-02T04:39:57.940+0000] {logging_mixin.py:190} INFO - [2024-09-02T04:39:57.939+0000] {dag.py:4138} INFO - Setting next_dagrun for tutorial_objectstorage to None, run_after=None
[2024-09-02T04:39:58.003+0000] {processor.py:208} INFO - Processing /home/airflow/.local/lib/python3.12/site-packages/airflow/example_dags/tutorial_objectstorage.py took 0.207 seconds
[2024-09-02T04:40:28.090+0000] {processor.py:186} INFO - Started process (PID=1753) to work on /home/airflow/.local/lib/python3.12/site-packages/airflow/example_dags/tutorial_objectstorage.py
[2024-09-02T04:40:28.092+0000] {processor.py:914} INFO - Processing file /home/airflow/.local/lib/python3.12/site-packages/airflow/example_dags/tutorial_objectstorage.py for tasks to queue
[2024-09-02T04:40:28.097+0000] {logging_mixin.py:190} INFO - [2024-09-02T04:40:28.097+0000] {dagbag.py:587} INFO - Filling up the DagBag from /home/airflow/.local/lib/python3.12/site-packages/airflow/example_dags/tutorial_objectstorage.py
[2024-09-02T04:40:28.116+0000] {processor.py:925} INFO - DAG(s) 'tutorial_objectstorage' retrieved from /home/airflow/.local/lib/python3.12/site-packages/airflow/example_dags/tutorial_objectstorage.py
[2024-09-02T04:40:28.159+0000] {logging_mixin.py:190} INFO - [2024-09-02T04:40:28.159+0000] {dag.py:3211} INFO - Sync 1 DAGs
[2024-09-02T04:40:28.195+0000] {logging_mixin.py:190} INFO - [2024-09-02T04:40:28.195+0000] {dag.py:4138} INFO - Setting next_dagrun for tutorial_objectstorage to None, run_after=None
[2024-09-02T04:40:28.232+0000] {processor.py:208} INFO - Processing /home/airflow/.local/lib/python3.12/site-packages/airflow/example_dags/tutorial_objectstorage.py took 0.155 seconds
[2024-09-02T04:40:59.200+0000] {processor.py:186} INFO - Started process (PID=1816) to work on /home/airflow/.local/lib/python3.12/site-packages/airflow/example_dags/tutorial_objectstorage.py
[2024-09-02T04:40:59.204+0000] {processor.py:914} INFO - Processing file /home/airflow/.local/lib/python3.12/site-packages/airflow/example_dags/tutorial_objectstorage.py for tasks to queue
[2024-09-02T04:40:59.209+0000] {logging_mixin.py:190} INFO - [2024-09-02T04:40:59.208+0000] {dagbag.py:587} INFO - Filling up the DagBag from /home/airflow/.local/lib/python3.12/site-packages/airflow/example_dags/tutorial_objectstorage.py
[2024-09-02T04:40:59.234+0000] {processor.py:925} INFO - DAG(s) 'tutorial_objectstorage' retrieved from /home/airflow/.local/lib/python3.12/site-packages/airflow/example_dags/tutorial_objectstorage.py
[2024-09-02T04:40:59.284+0000] {logging_mixin.py:190} INFO - [2024-09-02T04:40:59.284+0000] {dag.py:3211} INFO - Sync 1 DAGs
[2024-09-02T04:40:59.336+0000] {logging_mixin.py:190} INFO - [2024-09-02T04:40:59.335+0000] {dag.py:4138} INFO - Setting next_dagrun for tutorial_objectstorage to None, run_after=None
[2024-09-02T04:40:59.377+0000] {processor.py:208} INFO - Processing /home/airflow/.local/lib/python3.12/site-packages/airflow/example_dags/tutorial_objectstorage.py took 0.190 seconds
[2024-09-02T04:41:29.823+0000] {processor.py:186} INFO - Started process (PID=1879) to work on /home/airflow/.local/lib/python3.12/site-packages/airflow/example_dags/tutorial_objectstorage.py
[2024-09-02T04:41:29.826+0000] {processor.py:914} INFO - Processing file /home/airflow/.local/lib/python3.12/site-packages/airflow/example_dags/tutorial_objectstorage.py for tasks to queue
[2024-09-02T04:41:29.831+0000] {logging_mixin.py:190} INFO - [2024-09-02T04:41:29.830+0000] {dagbag.py:587} INFO - Filling up the DagBag from /home/airflow/.local/lib/python3.12/site-packages/airflow/example_dags/tutorial_objectstorage.py
[2024-09-02T04:41:29.852+0000] {processor.py:925} INFO - DAG(s) 'tutorial_objectstorage' retrieved from /home/airflow/.local/lib/python3.12/site-packages/airflow/example_dags/tutorial_objectstorage.py
[2024-09-02T04:41:29.899+0000] {logging_mixin.py:190} INFO - [2024-09-02T04:41:29.898+0000] {dag.py:3211} INFO - Sync 1 DAGs
[2024-09-02T04:41:29.937+0000] {logging_mixin.py:190} INFO - [2024-09-02T04:41:29.936+0000] {dag.py:4138} INFO - Setting next_dagrun for tutorial_objectstorage to None, run_after=None
[2024-09-02T04:41:29.982+0000] {processor.py:208} INFO - Processing /home/airflow/.local/lib/python3.12/site-packages/airflow/example_dags/tutorial_objectstorage.py took 0.173 seconds
[2024-09-02T04:42:00.164+0000] {processor.py:186} INFO - Started process (PID=1941) to work on /home/airflow/.local/lib/python3.12/site-packages/airflow/example_dags/tutorial_objectstorage.py
[2024-09-02T04:42:00.172+0000] {processor.py:914} INFO - Processing file /home/airflow/.local/lib/python3.12/site-packages/airflow/example_dags/tutorial_objectstorage.py for tasks to queue
[2024-09-02T04:42:00.177+0000] {logging_mixin.py:190} INFO - [2024-09-02T04:42:00.176+0000] {dagbag.py:587} INFO - Filling up the DagBag from /home/airflow/.local/lib/python3.12/site-packages/airflow/example_dags/tutorial_objectstorage.py
[2024-09-02T04:42:00.205+0000] {processor.py:925} INFO - DAG(s) 'tutorial_objectstorage' retrieved from /home/airflow/.local/lib/python3.12/site-packages/airflow/example_dags/tutorial_objectstorage.py
[2024-09-02T04:42:00.286+0000] {logging_mixin.py:190} INFO - [2024-09-02T04:42:00.286+0000] {dag.py:3211} INFO - Sync 1 DAGs
[2024-09-02T04:42:00.358+0000] {logging_mixin.py:190} INFO - [2024-09-02T04:42:00.357+0000] {dag.py:4138} INFO - Setting next_dagrun for tutorial_objectstorage to None, run_after=None
[2024-09-02T04:42:00.451+0000] {processor.py:208} INFO - Processing /home/airflow/.local/lib/python3.12/site-packages/airflow/example_dags/tutorial_objectstorage.py took 0.303 seconds
[2024-09-02T04:42:30.944+0000] {processor.py:186} INFO - Started process (PID=2004) to work on /home/airflow/.local/lib/python3.12/site-packages/airflow/example_dags/tutorial_objectstorage.py
[2024-09-02T04:42:30.953+0000] {processor.py:914} INFO - Processing file /home/airflow/.local/lib/python3.12/site-packages/airflow/example_dags/tutorial_objectstorage.py for tasks to queue
[2024-09-02T04:42:30.974+0000] {logging_mixin.py:190} INFO - [2024-09-02T04:42:30.973+0000] {dagbag.py:587} INFO - Filling up the DagBag from /home/airflow/.local/lib/python3.12/site-packages/airflow/example_dags/tutorial_objectstorage.py
[2024-09-02T04:42:31.044+0000] {processor.py:925} INFO - DAG(s) 'tutorial_objectstorage' retrieved from /home/airflow/.local/lib/python3.12/site-packages/airflow/example_dags/tutorial_objectstorage.py
[2024-09-02T04:42:31.151+0000] {logging_mixin.py:190} INFO - [2024-09-02T04:42:31.150+0000] {dag.py:3211} INFO - Sync 1 DAGs
[2024-09-02T04:42:31.245+0000] {logging_mixin.py:190} INFO - [2024-09-02T04:42:31.244+0000] {dag.py:4138} INFO - Setting next_dagrun for tutorial_objectstorage to None, run_after=None
[2024-09-02T04:42:31.360+0000] {processor.py:208} INFO - Processing /home/airflow/.local/lib/python3.12/site-packages/airflow/example_dags/tutorial_objectstorage.py took 0.454 seconds
[2024-09-02T04:43:02.160+0000] {processor.py:186} INFO - Started process (PID=2067) to work on /home/airflow/.local/lib/python3.12/site-packages/airflow/example_dags/tutorial_objectstorage.py
[2024-09-02T04:43:02.162+0000] {processor.py:914} INFO - Processing file /home/airflow/.local/lib/python3.12/site-packages/airflow/example_dags/tutorial_objectstorage.py for tasks to queue
[2024-09-02T04:43:02.169+0000] {logging_mixin.py:190} INFO - [2024-09-02T04:43:02.168+0000] {dagbag.py:587} INFO - Filling up the DagBag from /home/airflow/.local/lib/python3.12/site-packages/airflow/example_dags/tutorial_objectstorage.py
[2024-09-02T04:43:02.193+0000] {processor.py:925} INFO - DAG(s) 'tutorial_objectstorage' retrieved from /home/airflow/.local/lib/python3.12/site-packages/airflow/example_dags/tutorial_objectstorage.py
[2024-09-02T04:43:02.232+0000] {logging_mixin.py:190} INFO - [2024-09-02T04:43:02.231+0000] {dag.py:3211} INFO - Sync 1 DAGs
[2024-09-02T04:43:02.264+0000] {logging_mixin.py:190} INFO - [2024-09-02T04:43:02.263+0000] {dag.py:4138} INFO - Setting next_dagrun for tutorial_objectstorage to None, run_after=None
[2024-09-02T04:43:02.300+0000] {processor.py:208} INFO - Processing /home/airflow/.local/lib/python3.12/site-packages/airflow/example_dags/tutorial_objectstorage.py took 0.153 seconds
[2024-09-02T04:43:32.841+0000] {processor.py:186} INFO - Started process (PID=2130) to work on /home/airflow/.local/lib/python3.12/site-packages/airflow/example_dags/tutorial_objectstorage.py
[2024-09-02T04:43:32.849+0000] {processor.py:914} INFO - Processing file /home/airflow/.local/lib/python3.12/site-packages/airflow/example_dags/tutorial_objectstorage.py for tasks to queue
[2024-09-02T04:43:32.854+0000] {logging_mixin.py:190} INFO - [2024-09-02T04:43:32.854+0000] {dagbag.py:587} INFO - Filling up the DagBag from /home/airflow/.local/lib/python3.12/site-packages/airflow/example_dags/tutorial_objectstorage.py
[2024-09-02T04:43:32.874+0000] {processor.py:925} INFO - DAG(s) 'tutorial_objectstorage' retrieved from /home/airflow/.local/lib/python3.12/site-packages/airflow/example_dags/tutorial_objectstorage.py
[2024-09-02T04:43:32.914+0000] {logging_mixin.py:190} INFO - [2024-09-02T04:43:32.913+0000] {dag.py:3211} INFO - Sync 1 DAGs
[2024-09-02T04:43:32.943+0000] {logging_mixin.py:190} INFO - [2024-09-02T04:43:32.943+0000] {dag.py:4138} INFO - Setting next_dagrun for tutorial_objectstorage to None, run_after=None
[2024-09-02T04:43:32.980+0000] {processor.py:208} INFO - Processing /home/airflow/.local/lib/python3.12/site-packages/airflow/example_dags/tutorial_objectstorage.py took 0.153 seconds
[2024-09-02T04:44:03.515+0000] {processor.py:186} INFO - Started process (PID=2193) to work on /home/airflow/.local/lib/python3.12/site-packages/airflow/example_dags/tutorial_objectstorage.py
[2024-09-02T04:44:03.517+0000] {processor.py:914} INFO - Processing file /home/airflow/.local/lib/python3.12/site-packages/airflow/example_dags/tutorial_objectstorage.py for tasks to queue
[2024-09-02T04:44:03.522+0000] {logging_mixin.py:190} INFO - [2024-09-02T04:44:03.522+0000] {dagbag.py:587} INFO - Filling up the DagBag from /home/airflow/.local/lib/python3.12/site-packages/airflow/example_dags/tutorial_objectstorage.py
[2024-09-02T04:44:03.540+0000] {processor.py:925} INFO - DAG(s) 'tutorial_objectstorage' retrieved from /home/airflow/.local/lib/python3.12/site-packages/airflow/example_dags/tutorial_objectstorage.py
[2024-09-02T04:44:03.579+0000] {logging_mixin.py:190} INFO - [2024-09-02T04:44:03.578+0000] {dag.py:3211} INFO - Sync 1 DAGs
[2024-09-02T04:44:03.608+0000] {logging_mixin.py:190} INFO - [2024-09-02T04:44:03.607+0000] {dag.py:4138} INFO - Setting next_dagrun for tutorial_objectstorage to None, run_after=None
[2024-09-02T04:44:03.646+0000] {processor.py:208} INFO - Processing /home/airflow/.local/lib/python3.12/site-packages/airflow/example_dags/tutorial_objectstorage.py took 0.149 seconds
[2024-09-02T04:44:34.453+0000] {processor.py:186} INFO - Started process (PID=2256) to work on /home/airflow/.local/lib/python3.12/site-packages/airflow/example_dags/tutorial_objectstorage.py
[2024-09-02T04:44:34.455+0000] {processor.py:914} INFO - Processing file /home/airflow/.local/lib/python3.12/site-packages/airflow/example_dags/tutorial_objectstorage.py for tasks to queue
[2024-09-02T04:44:34.460+0000] {logging_mixin.py:190} INFO - [2024-09-02T04:44:34.459+0000] {dagbag.py:587} INFO - Filling up the DagBag from /home/airflow/.local/lib/python3.12/site-packages/airflow/example_dags/tutorial_objectstorage.py
[2024-09-02T04:44:34.477+0000] {processor.py:925} INFO - DAG(s) 'tutorial_objectstorage' retrieved from /home/airflow/.local/lib/python3.12/site-packages/airflow/example_dags/tutorial_objectstorage.py
[2024-09-02T04:44:34.513+0000] {logging_mixin.py:190} INFO - [2024-09-02T04:44:34.512+0000] {dag.py:3211} INFO - Sync 1 DAGs
[2024-09-02T04:44:34.540+0000] {logging_mixin.py:190} INFO - [2024-09-02T04:44:34.540+0000] {dag.py:4138} INFO - Setting next_dagrun for tutorial_objectstorage to None, run_after=None
[2024-09-02T04:44:34.572+0000] {processor.py:208} INFO - Processing /home/airflow/.local/lib/python3.12/site-packages/airflow/example_dags/tutorial_objectstorage.py took 0.131 seconds
[2024-09-02T04:45:04.807+0000] {processor.py:186} INFO - Started process (PID=2319) to work on /home/airflow/.local/lib/python3.12/site-packages/airflow/example_dags/tutorial_objectstorage.py
[2024-09-02T04:45:04.809+0000] {processor.py:914} INFO - Processing file /home/airflow/.local/lib/python3.12/site-packages/airflow/example_dags/tutorial_objectstorage.py for tasks to queue
[2024-09-02T04:45:04.814+0000] {logging_mixin.py:190} INFO - [2024-09-02T04:45:04.813+0000] {dagbag.py:587} INFO - Filling up the DagBag from /home/airflow/.local/lib/python3.12/site-packages/airflow/example_dags/tutorial_objectstorage.py
[2024-09-02T04:45:04.831+0000] {processor.py:925} INFO - DAG(s) 'tutorial_objectstorage' retrieved from /home/airflow/.local/lib/python3.12/site-packages/airflow/example_dags/tutorial_objectstorage.py
[2024-09-02T04:45:04.870+0000] {logging_mixin.py:190} INFO - [2024-09-02T04:45:04.869+0000] {dag.py:3211} INFO - Sync 1 DAGs
[2024-09-02T04:45:04.897+0000] {logging_mixin.py:190} INFO - [2024-09-02T04:45:04.896+0000] {dag.py:4138} INFO - Setting next_dagrun for tutorial_objectstorage to None, run_after=None
[2024-09-02T04:45:04.930+0000] {processor.py:208} INFO - Processing /home/airflow/.local/lib/python3.12/site-packages/airflow/example_dags/tutorial_objectstorage.py took 0.135 seconds
[2024-09-02T04:45:35.197+0000] {processor.py:186} INFO - Started process (PID=2382) to work on /home/airflow/.local/lib/python3.12/site-packages/airflow/example_dags/tutorial_objectstorage.py
[2024-09-02T04:45:35.200+0000] {processor.py:914} INFO - Processing file /home/airflow/.local/lib/python3.12/site-packages/airflow/example_dags/tutorial_objectstorage.py for tasks to queue
[2024-09-02T04:45:35.206+0000] {logging_mixin.py:190} INFO - [2024-09-02T04:45:35.205+0000] {dagbag.py:587} INFO - Filling up the DagBag from /home/airflow/.local/lib/python3.12/site-packages/airflow/example_dags/tutorial_objectstorage.py
[2024-09-02T04:45:35.229+0000] {processor.py:925} INFO - DAG(s) 'tutorial_objectstorage' retrieved from /home/airflow/.local/lib/python3.12/site-packages/airflow/example_dags/tutorial_objectstorage.py
[2024-09-02T04:45:35.278+0000] {logging_mixin.py:190} INFO - [2024-09-02T04:45:35.277+0000] {dag.py:3211} INFO - Sync 1 DAGs
[2024-09-02T04:45:35.315+0000] {logging_mixin.py:190} INFO - [2024-09-02T04:45:35.314+0000] {dag.py:4138} INFO - Setting next_dagrun for tutorial_objectstorage to None, run_after=None
[2024-09-02T04:45:35.357+0000] {processor.py:208} INFO - Processing /home/airflow/.local/lib/python3.12/site-packages/airflow/example_dags/tutorial_objectstorage.py took 0.175 seconds
[2024-09-02T04:46:05.637+0000] {processor.py:186} INFO - Started process (PID=2446) to work on /home/airflow/.local/lib/python3.12/site-packages/airflow/example_dags/tutorial_objectstorage.py
[2024-09-02T04:46:05.640+0000] {processor.py:914} INFO - Processing file /home/airflow/.local/lib/python3.12/site-packages/airflow/example_dags/tutorial_objectstorage.py for tasks to queue
[2024-09-02T04:46:05.646+0000] {logging_mixin.py:190} INFO - [2024-09-02T04:46:05.645+0000] {dagbag.py:587} INFO - Filling up the DagBag from /home/airflow/.local/lib/python3.12/site-packages/airflow/example_dags/tutorial_objectstorage.py
[2024-09-02T04:46:05.663+0000] {processor.py:925} INFO - DAG(s) 'tutorial_objectstorage' retrieved from /home/airflow/.local/lib/python3.12/site-packages/airflow/example_dags/tutorial_objectstorage.py
[2024-09-02T04:46:05.703+0000] {logging_mixin.py:190} INFO - [2024-09-02T04:46:05.702+0000] {dag.py:3211} INFO - Sync 1 DAGs
[2024-09-02T04:46:05.731+0000] {logging_mixin.py:190} INFO - [2024-09-02T04:46:05.730+0000] {dag.py:4138} INFO - Setting next_dagrun for tutorial_objectstorage to None, run_after=None
[2024-09-02T04:46:05.767+0000] {processor.py:208} INFO - Processing /home/airflow/.local/lib/python3.12/site-packages/airflow/example_dags/tutorial_objectstorage.py took 0.148 seconds
[2024-09-02T04:46:36.526+0000] {processor.py:186} INFO - Started process (PID=2510) to work on /home/airflow/.local/lib/python3.12/site-packages/airflow/example_dags/tutorial_objectstorage.py
[2024-09-02T04:46:36.529+0000] {processor.py:914} INFO - Processing file /home/airflow/.local/lib/python3.12/site-packages/airflow/example_dags/tutorial_objectstorage.py for tasks to queue
[2024-09-02T04:46:36.534+0000] {logging_mixin.py:190} INFO - [2024-09-02T04:46:36.533+0000] {dagbag.py:587} INFO - Filling up the DagBag from /home/airflow/.local/lib/python3.12/site-packages/airflow/example_dags/tutorial_objectstorage.py
[2024-09-02T04:46:36.555+0000] {processor.py:925} INFO - DAG(s) 'tutorial_objectstorage' retrieved from /home/airflow/.local/lib/python3.12/site-packages/airflow/example_dags/tutorial_objectstorage.py
[2024-09-02T04:46:36.601+0000] {logging_mixin.py:190} INFO - [2024-09-02T04:46:36.601+0000] {dag.py:3211} INFO - Sync 1 DAGs
[2024-09-02T04:46:36.639+0000] {logging_mixin.py:190} INFO - [2024-09-02T04:46:36.639+0000] {dag.py:4138} INFO - Setting next_dagrun for tutorial_objectstorage to None, run_after=None
[2024-09-02T04:46:36.685+0000] {processor.py:208} INFO - Processing /home/airflow/.local/lib/python3.12/site-packages/airflow/example_dags/tutorial_objectstorage.py took 0.175 seconds
[2024-09-02T04:47:07.049+0000] {processor.py:186} INFO - Started process (PID=2573) to work on /home/airflow/.local/lib/python3.12/site-packages/airflow/example_dags/tutorial_objectstorage.py
[2024-09-02T04:47:07.051+0000] {processor.py:914} INFO - Processing file /home/airflow/.local/lib/python3.12/site-packages/airflow/example_dags/tutorial_objectstorage.py for tasks to queue
[2024-09-02T04:47:07.055+0000] {logging_mixin.py:190} INFO - [2024-09-02T04:47:07.055+0000] {dagbag.py:587} INFO - Filling up the DagBag from /home/airflow/.local/lib/python3.12/site-packages/airflow/example_dags/tutorial_objectstorage.py
[2024-09-02T04:47:07.075+0000] {processor.py:925} INFO - DAG(s) 'tutorial_objectstorage' retrieved from /home/airflow/.local/lib/python3.12/site-packages/airflow/example_dags/tutorial_objectstorage.py
[2024-09-02T04:47:07.117+0000] {logging_mixin.py:190} INFO - [2024-09-02T04:47:07.117+0000] {dag.py:3211} INFO - Sync 1 DAGs
[2024-09-02T04:47:07.151+0000] {logging_mixin.py:190} INFO - [2024-09-02T04:47:07.150+0000] {dag.py:4138} INFO - Setting next_dagrun for tutorial_objectstorage to None, run_after=None
[2024-09-02T04:47:07.196+0000] {processor.py:208} INFO - Processing /home/airflow/.local/lib/python3.12/site-packages/airflow/example_dags/tutorial_objectstorage.py took 0.160 seconds
