[2024-09-02T04:13:37.806+0000] {processor.py:186} INFO - Started process (PID=83) to work on /opt/airflow/dags/hw_dag.py
[2024-09-02T04:13:37.808+0000] {processor.py:914} INFO - Processing file /opt/airflow/dags/hw_dag.py for tasks to queue
[2024-09-02T04:13:37.826+0000] {logging_mixin.py:190} INFO - [2024-09-02T04:13:37.813+0000] {dagbag.py:587} INFO - Filling up the DagBag from /opt/airflow/dags/hw_dag.py
[2024-09-02T04:13:38.162+0000] {logging_mixin.py:190} INFO - [2024-09-02T04:13:38.083+0000] {dagbag.py:386} ERROR - Failed to import: /opt/airflow/dags/hw_dag.py
Traceback (most recent call last):
  File "/home/airflow/.local/lib/python3.12/site-packages/airflow/models/dagbag.py", line 382, in parse
    loader.exec_module(new_module)
  File "<frozen importlib._bootstrap_external>", line 995, in exec_module
  File "<frozen importlib._bootstrap>", line 488, in _call_with_frames_removed
  File "/opt/airflow/dags/hw_dag.py", line 17, in <module>
    from modules.predict import predict
ModuleNotFoundError: No module named 'modules'
[2024-09-02T04:13:38.177+0000] {processor.py:927} WARNING - No viable dags retrieved from /opt/airflow/dags/hw_dag.py
[2024-09-02T04:13:38.402+0000] {processor.py:208} INFO - Processing /opt/airflow/dags/hw_dag.py took 0.718 seconds
[2024-09-02T04:14:09.828+0000] {processor.py:186} INFO - Started process (PID=146) to work on /opt/airflow/dags/hw_dag.py
[2024-09-02T04:14:09.831+0000] {processor.py:914} INFO - Processing file /opt/airflow/dags/hw_dag.py for tasks to queue
[2024-09-02T04:14:09.839+0000] {logging_mixin.py:190} INFO - [2024-09-02T04:14:09.838+0000] {dagbag.py:587} INFO - Filling up the DagBag from /opt/airflow/dags/hw_dag.py
[2024-09-02T04:14:09.874+0000] {logging_mixin.py:190} INFO - [2024-09-02T04:14:09.867+0000] {dagbag.py:386} ERROR - Failed to import: /opt/airflow/dags/hw_dag.py
Traceback (most recent call last):
  File "/home/airflow/.local/lib/python3.12/site-packages/airflow/models/dagbag.py", line 382, in parse
    loader.exec_module(new_module)
  File "<frozen importlib._bootstrap_external>", line 995, in exec_module
  File "<frozen importlib._bootstrap>", line 488, in _call_with_frames_removed
  File "/opt/airflow/dags/hw_dag.py", line 17, in <module>
    from modules.predict import predict
ModuleNotFoundError: No module named 'modules'
[2024-09-02T04:14:09.876+0000] {processor.py:927} WARNING - No viable dags retrieved from /opt/airflow/dags/hw_dag.py
[2024-09-02T04:14:09.928+0000] {processor.py:208} INFO - Processing /opt/airflow/dags/hw_dag.py took 0.117 seconds
[2024-09-02T04:14:40.448+0000] {processor.py:186} INFO - Started process (PID=208) to work on /opt/airflow/dags/hw_dag.py
[2024-09-02T04:14:40.451+0000] {processor.py:914} INFO - Processing file /opt/airflow/dags/hw_dag.py for tasks to queue
[2024-09-02T04:14:40.461+0000] {logging_mixin.py:190} INFO - [2024-09-02T04:14:40.460+0000] {dagbag.py:587} INFO - Filling up the DagBag from /opt/airflow/dags/hw_dag.py
[2024-09-02T04:14:40.501+0000] {logging_mixin.py:190} INFO - [2024-09-02T04:14:40.493+0000] {dagbag.py:386} ERROR - Failed to import: /opt/airflow/dags/hw_dag.py
Traceback (most recent call last):
  File "/home/airflow/.local/lib/python3.12/site-packages/airflow/models/dagbag.py", line 382, in parse
    loader.exec_module(new_module)
  File "<frozen importlib._bootstrap_external>", line 995, in exec_module
  File "<frozen importlib._bootstrap>", line 488, in _call_with_frames_removed
  File "/opt/airflow/dags/hw_dag.py", line 17, in <module>
    from modules.predict import predict
ModuleNotFoundError: No module named 'modules'
[2024-09-02T04:14:40.506+0000] {processor.py:927} WARNING - No viable dags retrieved from /opt/airflow/dags/hw_dag.py
[2024-09-02T04:14:40.589+0000] {processor.py:208} INFO - Processing /opt/airflow/dags/hw_dag.py took 0.164 seconds
[2024-09-02T04:15:11.284+0000] {processor.py:186} INFO - Started process (PID=272) to work on /opt/airflow/dags/hw_dag.py
[2024-09-02T04:15:11.286+0000] {processor.py:914} INFO - Processing file /opt/airflow/dags/hw_dag.py for tasks to queue
[2024-09-02T04:15:11.291+0000] {logging_mixin.py:190} INFO - [2024-09-02T04:15:11.290+0000] {dagbag.py:587} INFO - Filling up the DagBag from /opt/airflow/dags/hw_dag.py
[2024-09-02T04:15:11.315+0000] {logging_mixin.py:190} INFO - [2024-09-02T04:15:11.308+0000] {dagbag.py:386} ERROR - Failed to import: /opt/airflow/dags/hw_dag.py
Traceback (most recent call last):
  File "/home/airflow/.local/lib/python3.12/site-packages/airflow/models/dagbag.py", line 382, in parse
    loader.exec_module(new_module)
  File "<frozen importlib._bootstrap_external>", line 995, in exec_module
  File "<frozen importlib._bootstrap>", line 488, in _call_with_frames_removed
  File "/opt/airflow/dags/hw_dag.py", line 17, in <module>
    from modules.predict import predict
ModuleNotFoundError: No module named 'modules'
[2024-09-02T04:15:11.318+0000] {processor.py:927} WARNING - No viable dags retrieved from /opt/airflow/dags/hw_dag.py
[2024-09-02T04:15:11.355+0000] {processor.py:208} INFO - Processing /opt/airflow/dags/hw_dag.py took 0.085 seconds
[2024-09-02T04:15:42.092+0000] {processor.py:186} INFO - Started process (PID=334) to work on /opt/airflow/dags/hw_dag.py
[2024-09-02T04:15:42.094+0000] {processor.py:914} INFO - Processing file /opt/airflow/dags/hw_dag.py for tasks to queue
[2024-09-02T04:15:42.100+0000] {logging_mixin.py:190} INFO - [2024-09-02T04:15:42.099+0000] {dagbag.py:587} INFO - Filling up the DagBag from /opt/airflow/dags/hw_dag.py
[2024-09-02T04:15:42.132+0000] {logging_mixin.py:190} INFO - [2024-09-02T04:15:42.125+0000] {dagbag.py:386} ERROR - Failed to import: /opt/airflow/dags/hw_dag.py
Traceback (most recent call last):
  File "/home/airflow/.local/lib/python3.12/site-packages/airflow/models/dagbag.py", line 382, in parse
    loader.exec_module(new_module)
  File "<frozen importlib._bootstrap_external>", line 995, in exec_module
  File "<frozen importlib._bootstrap>", line 488, in _call_with_frames_removed
  File "/opt/airflow/dags/hw_dag.py", line 17, in <module>
    from modules.predict import predict
ModuleNotFoundError: No module named 'modules'
[2024-09-02T04:15:42.135+0000] {processor.py:927} WARNING - No viable dags retrieved from /opt/airflow/dags/hw_dag.py
[2024-09-02T04:15:42.184+0000] {processor.py:208} INFO - Processing /opt/airflow/dags/hw_dag.py took 0.111 seconds
[2024-09-02T04:16:12.906+0000] {processor.py:186} INFO - Started process (PID=397) to work on /opt/airflow/dags/hw_dag.py
[2024-09-02T04:16:12.918+0000] {processor.py:914} INFO - Processing file /opt/airflow/dags/hw_dag.py for tasks to queue
[2024-09-02T04:16:12.924+0000] {logging_mixin.py:190} INFO - [2024-09-02T04:16:12.923+0000] {dagbag.py:587} INFO - Filling up the DagBag from /opt/airflow/dags/hw_dag.py
[2024-09-02T04:16:12.965+0000] {logging_mixin.py:190} INFO - [2024-09-02T04:16:12.949+0000] {dagbag.py:386} ERROR - Failed to import: /opt/airflow/dags/hw_dag.py
Traceback (most recent call last):
  File "/home/airflow/.local/lib/python3.12/site-packages/airflow/models/dagbag.py", line 382, in parse
    loader.exec_module(new_module)
  File "<frozen importlib._bootstrap_external>", line 995, in exec_module
  File "<frozen importlib._bootstrap>", line 488, in _call_with_frames_removed
  File "/opt/airflow/dags/hw_dag.py", line 17, in <module>
    from modules.predict import predict
ModuleNotFoundError: No module named 'modules'
[2024-09-02T04:16:12.970+0000] {processor.py:927} WARNING - No viable dags retrieved from /opt/airflow/dags/hw_dag.py
[2024-09-02T04:16:13.031+0000] {processor.py:208} INFO - Processing /opt/airflow/dags/hw_dag.py took 0.141 seconds
[2024-09-02T04:16:43.224+0000] {processor.py:186} INFO - Started process (PID=460) to work on /opt/airflow/dags/hw_dag.py
[2024-09-02T04:16:43.226+0000] {processor.py:914} INFO - Processing file /opt/airflow/dags/hw_dag.py for tasks to queue
[2024-09-02T04:16:43.230+0000] {logging_mixin.py:190} INFO - [2024-09-02T04:16:43.230+0000] {dagbag.py:587} INFO - Filling up the DagBag from /opt/airflow/dags/hw_dag.py
[2024-09-02T04:16:43.252+0000] {logging_mixin.py:190} INFO - [2024-09-02T04:16:43.247+0000] {dagbag.py:386} ERROR - Failed to import: /opt/airflow/dags/hw_dag.py
Traceback (most recent call last):
  File "/home/airflow/.local/lib/python3.12/site-packages/airflow/models/dagbag.py", line 382, in parse
    loader.exec_module(new_module)
  File "<frozen importlib._bootstrap_external>", line 995, in exec_module
  File "<frozen importlib._bootstrap>", line 488, in _call_with_frames_removed
  File "/opt/airflow/dags/hw_dag.py", line 17, in <module>
    from modules.predict import predict
ModuleNotFoundError: No module named 'modules'
[2024-09-02T04:16:43.254+0000] {processor.py:927} WARNING - No viable dags retrieved from /opt/airflow/dags/hw_dag.py
[2024-09-02T04:16:43.292+0000] {processor.py:208} INFO - Processing /opt/airflow/dags/hw_dag.py took 0.080 seconds
[2024-09-02T04:17:13.764+0000] {processor.py:186} INFO - Started process (PID=522) to work on /opt/airflow/dags/hw_dag.py
[2024-09-02T04:17:13.766+0000] {processor.py:914} INFO - Processing file /opt/airflow/dags/hw_dag.py for tasks to queue
[2024-09-02T04:17:13.771+0000] {logging_mixin.py:190} INFO - [2024-09-02T04:17:13.771+0000] {dagbag.py:587} INFO - Filling up the DagBag from /opt/airflow/dags/hw_dag.py
[2024-09-02T04:17:13.803+0000] {logging_mixin.py:190} INFO - [2024-09-02T04:17:13.795+0000] {dagbag.py:386} ERROR - Failed to import: /opt/airflow/dags/hw_dag.py
Traceback (most recent call last):
  File "/home/airflow/.local/lib/python3.12/site-packages/airflow/models/dagbag.py", line 382, in parse
    loader.exec_module(new_module)
  File "<frozen importlib._bootstrap_external>", line 995, in exec_module
  File "<frozen importlib._bootstrap>", line 488, in _call_with_frames_removed
  File "/opt/airflow/dags/hw_dag.py", line 17, in <module>
    from modules.predict import predict
ModuleNotFoundError: No module named 'modules'
[2024-09-02T04:17:13.806+0000] {processor.py:927} WARNING - No viable dags retrieved from /opt/airflow/dags/hw_dag.py
[2024-09-02T04:17:13.846+0000] {processor.py:208} INFO - Processing /opt/airflow/dags/hw_dag.py took 0.093 seconds
[2024-09-02T04:17:44.093+0000] {processor.py:186} INFO - Started process (PID=580) to work on /opt/airflow/dags/hw_dag.py
[2024-09-02T04:17:44.095+0000] {processor.py:914} INFO - Processing file /opt/airflow/dags/hw_dag.py for tasks to queue
[2024-09-02T04:17:44.101+0000] {logging_mixin.py:190} INFO - [2024-09-02T04:17:44.100+0000] {dagbag.py:587} INFO - Filling up the DagBag from /opt/airflow/dags/hw_dag.py
[2024-09-02T04:17:44.130+0000] {logging_mixin.py:190} INFO - [2024-09-02T04:17:44.124+0000] {dagbag.py:386} ERROR - Failed to import: /opt/airflow/dags/hw_dag.py
Traceback (most recent call last):
  File "/home/airflow/.local/lib/python3.12/site-packages/airflow/models/dagbag.py", line 382, in parse
    loader.exec_module(new_module)
  File "<frozen importlib._bootstrap_external>", line 995, in exec_module
  File "<frozen importlib._bootstrap>", line 488, in _call_with_frames_removed
  File "/opt/airflow/dags/hw_dag.py", line 17, in <module>
    from modules.predict import predict
ModuleNotFoundError: No module named 'modules'
[2024-09-02T04:17:44.132+0000] {processor.py:927} WARNING - No viable dags retrieved from /opt/airflow/dags/hw_dag.py
[2024-09-02T04:17:44.173+0000] {processor.py:208} INFO - Processing /opt/airflow/dags/hw_dag.py took 0.095 seconds
[2024-09-02T04:18:14.467+0000] {processor.py:186} INFO - Started process (PID=643) to work on /opt/airflow/dags/hw_dag.py
[2024-09-02T04:18:14.470+0000] {processor.py:914} INFO - Processing file /opt/airflow/dags/hw_dag.py for tasks to queue
[2024-09-02T04:18:14.476+0000] {logging_mixin.py:190} INFO - [2024-09-02T04:18:14.476+0000] {dagbag.py:587} INFO - Filling up the DagBag from /opt/airflow/dags/hw_dag.py
[2024-09-02T04:18:14.516+0000] {logging_mixin.py:190} INFO - [2024-09-02T04:18:14.509+0000] {dagbag.py:386} ERROR - Failed to import: /opt/airflow/dags/hw_dag.py
Traceback (most recent call last):
  File "/home/airflow/.local/lib/python3.12/site-packages/airflow/models/dagbag.py", line 382, in parse
    loader.exec_module(new_module)
  File "<frozen importlib._bootstrap_external>", line 995, in exec_module
  File "<frozen importlib._bootstrap>", line 488, in _call_with_frames_removed
  File "/opt/airflow/dags/hw_dag.py", line 17, in <module>
    from modules.predict import predict
ModuleNotFoundError: No module named 'modules'
[2024-09-02T04:18:14.520+0000] {processor.py:927} WARNING - No viable dags retrieved from /opt/airflow/dags/hw_dag.py
[2024-09-02T04:18:14.624+0000] {processor.py:208} INFO - Processing /opt/airflow/dags/hw_dag.py took 0.171 seconds
[2024-09-02T04:18:45.055+0000] {processor.py:186} INFO - Started process (PID=706) to work on /opt/airflow/dags/hw_dag.py
[2024-09-02T04:18:45.057+0000] {processor.py:914} INFO - Processing file /opt/airflow/dags/hw_dag.py for tasks to queue
[2024-09-02T04:18:45.062+0000] {logging_mixin.py:190} INFO - [2024-09-02T04:18:45.062+0000] {dagbag.py:587} INFO - Filling up the DagBag from /opt/airflow/dags/hw_dag.py
[2024-09-02T04:18:45.090+0000] {logging_mixin.py:190} INFO - [2024-09-02T04:18:45.084+0000] {dagbag.py:386} ERROR - Failed to import: /opt/airflow/dags/hw_dag.py
Traceback (most recent call last):
  File "/home/airflow/.local/lib/python3.12/site-packages/airflow/models/dagbag.py", line 382, in parse
    loader.exec_module(new_module)
  File "<frozen importlib._bootstrap_external>", line 995, in exec_module
  File "<frozen importlib._bootstrap>", line 488, in _call_with_frames_removed
  File "/opt/airflow/dags/hw_dag.py", line 17, in <module>
    from modules.predict import predict
ModuleNotFoundError: No module named 'modules'
[2024-09-02T04:18:45.092+0000] {processor.py:927} WARNING - No viable dags retrieved from /opt/airflow/dags/hw_dag.py
[2024-09-02T04:18:45.130+0000] {processor.py:208} INFO - Processing /opt/airflow/dags/hw_dag.py took 0.089 seconds
[2024-09-02T04:19:16.385+0000] {processor.py:186} INFO - Started process (PID=767) to work on /opt/airflow/dags/hw_dag.py
[2024-09-02T04:19:16.388+0000] {processor.py:914} INFO - Processing file /opt/airflow/dags/hw_dag.py for tasks to queue
[2024-09-02T04:19:16.396+0000] {logging_mixin.py:190} INFO - [2024-09-02T04:19:16.394+0000] {dagbag.py:587} INFO - Filling up the DagBag from /opt/airflow/dags/hw_dag.py
[2024-09-02T04:19:16.431+0000] {logging_mixin.py:190} INFO - [2024-09-02T04:19:16.424+0000] {dagbag.py:386} ERROR - Failed to import: /opt/airflow/dags/hw_dag.py
Traceback (most recent call last):
  File "/home/airflow/.local/lib/python3.12/site-packages/airflow/models/dagbag.py", line 382, in parse
    loader.exec_module(new_module)
  File "<frozen importlib._bootstrap_external>", line 995, in exec_module
  File "<frozen importlib._bootstrap>", line 488, in _call_with_frames_removed
  File "/opt/airflow/dags/hw_dag.py", line 17, in <module>
    from modules.predict import predict
ModuleNotFoundError: No module named 'modules'
[2024-09-02T04:19:16.435+0000] {processor.py:927} WARNING - No viable dags retrieved from /opt/airflow/dags/hw_dag.py
[2024-09-02T04:19:16.536+0000] {processor.py:208} INFO - Processing /opt/airflow/dags/hw_dag.py took 0.165 seconds
[2024-09-02T04:19:47.479+0000] {processor.py:186} INFO - Started process (PID=834) to work on /opt/airflow/dags/hw_dag.py
[2024-09-02T04:19:47.481+0000] {processor.py:914} INFO - Processing file /opt/airflow/dags/hw_dag.py for tasks to queue
[2024-09-02T04:19:47.487+0000] {logging_mixin.py:190} INFO - [2024-09-02T04:19:47.486+0000] {dagbag.py:587} INFO - Filling up the DagBag from /opt/airflow/dags/hw_dag.py
[2024-09-02T04:19:47.521+0000] {logging_mixin.py:190} INFO - [2024-09-02T04:19:47.513+0000] {dagbag.py:386} ERROR - Failed to import: /opt/airflow/dags/hw_dag.py
Traceback (most recent call last):
  File "/home/airflow/.local/lib/python3.12/site-packages/airflow/models/dagbag.py", line 382, in parse
    loader.exec_module(new_module)
  File "<frozen importlib._bootstrap_external>", line 995, in exec_module
  File "<frozen importlib._bootstrap>", line 488, in _call_with_frames_removed
  File "/opt/airflow/dags/hw_dag.py", line 17, in <module>
    from modules.predict import predict
ModuleNotFoundError: No module named 'modules'
[2024-09-02T04:19:47.524+0000] {processor.py:927} WARNING - No viable dags retrieved from /opt/airflow/dags/hw_dag.py
[2024-09-02T04:19:47.636+0000] {processor.py:208} INFO - Processing /opt/airflow/dags/hw_dag.py took 0.175 seconds
[2024-09-02T04:20:18.868+0000] {processor.py:186} INFO - Started process (PID=897) to work on /opt/airflow/dags/hw_dag.py
[2024-09-02T04:20:18.871+0000] {processor.py:914} INFO - Processing file /opt/airflow/dags/hw_dag.py for tasks to queue
[2024-09-02T04:20:18.878+0000] {logging_mixin.py:190} INFO - [2024-09-02T04:20:18.877+0000] {dagbag.py:587} INFO - Filling up the DagBag from /opt/airflow/dags/hw_dag.py
[2024-09-02T04:20:19.732+0000] {logging_mixin.py:190} INFO - [2024-09-02T04:20:19.471+0000] {dagbag.py:386} ERROR - Failed to import: /opt/airflow/dags/hw_dag.py
Traceback (most recent call last):
  File "/home/airflow/.local/lib/python3.12/site-packages/airflow/models/dagbag.py", line 382, in parse
    loader.exec_module(new_module)
  File "<frozen importlib._bootstrap_external>", line 995, in exec_module
  File "<frozen importlib._bootstrap>", line 488, in _call_with_frames_removed
  File "/opt/airflow/dags/hw_dag.py", line 17, in <module>
    from modules.predict import predict
ModuleNotFoundError: No module named 'modules'
[2024-09-02T04:20:19.795+0000] {processor.py:927} WARNING - No viable dags retrieved from /opt/airflow/dags/hw_dag.py
[2024-09-02T04:20:19.877+0000] {processor.py:208} INFO - Processing /opt/airflow/dags/hw_dag.py took 1.051 seconds
[2024-09-02T04:20:50.405+0000] {processor.py:186} INFO - Started process (PID=961) to work on /opt/airflow/dags/hw_dag.py
[2024-09-02T04:20:50.407+0000] {processor.py:914} INFO - Processing file /opt/airflow/dags/hw_dag.py for tasks to queue
[2024-09-02T04:20:50.413+0000] {logging_mixin.py:190} INFO - [2024-09-02T04:20:50.413+0000] {dagbag.py:587} INFO - Filling up the DagBag from /opt/airflow/dags/hw_dag.py
[2024-09-02T04:20:50.449+0000] {logging_mixin.py:190} INFO - [2024-09-02T04:20:50.441+0000] {dagbag.py:386} ERROR - Failed to import: /opt/airflow/dags/hw_dag.py
Traceback (most recent call last):
  File "/home/airflow/.local/lib/python3.12/site-packages/airflow/models/dagbag.py", line 382, in parse
    loader.exec_module(new_module)
  File "<frozen importlib._bootstrap_external>", line 995, in exec_module
  File "<frozen importlib._bootstrap>", line 488, in _call_with_frames_removed
  File "/opt/airflow/dags/hw_dag.py", line 17, in <module>
    from modules.predict import predict
ModuleNotFoundError: No module named 'modules'
[2024-09-02T04:20:50.453+0000] {processor.py:927} WARNING - No viable dags retrieved from /opt/airflow/dags/hw_dag.py
[2024-09-02T04:20:50.517+0000] {processor.py:208} INFO - Processing /opt/airflow/dags/hw_dag.py took 0.128 seconds
[2024-09-02T04:21:27.975+0000] {processor.py:186} INFO - Started process (PID=1023) to work on /opt/airflow/dags/hw_dag.py
[2024-09-02T04:21:28.020+0000] {processor.py:914} INFO - Processing file /opt/airflow/dags/hw_dag.py for tasks to queue
[2024-09-02T04:21:28.071+0000] {logging_mixin.py:190} INFO - [2024-09-02T04:21:28.070+0000] {dagbag.py:587} INFO - Filling up the DagBag from /opt/airflow/dags/hw_dag.py
[2024-09-02T04:21:29.676+0000] {logging_mixin.py:190} INFO - [2024-09-02T04:21:29.578+0000] {dagbag.py:386} ERROR - Failed to import: /opt/airflow/dags/hw_dag.py
Traceback (most recent call last):
  File "/home/airflow/.local/lib/python3.12/site-packages/airflow/models/dagbag.py", line 382, in parse
    loader.exec_module(new_module)
  File "<frozen importlib._bootstrap_external>", line 995, in exec_module
  File "<frozen importlib._bootstrap>", line 488, in _call_with_frames_removed
  File "/opt/airflow/dags/hw_dag.py", line 17, in <module>
    from modules.predict import predict
ModuleNotFoundError: No module named 'modules'
[2024-09-02T04:21:29.745+0000] {processor.py:927} WARNING - No viable dags retrieved from /opt/airflow/dags/hw_dag.py
[2024-09-02T04:21:29.914+0000] {processor.py:208} INFO - Processing /opt/airflow/dags/hw_dag.py took 1.986 seconds
[2024-09-02T04:22:00.871+0000] {processor.py:186} INFO - Started process (PID=1087) to work on /opt/airflow/dags/hw_dag.py
[2024-09-02T04:22:00.874+0000] {processor.py:914} INFO - Processing file /opt/airflow/dags/hw_dag.py for tasks to queue
[2024-09-02T04:22:00.887+0000] {logging_mixin.py:190} INFO - [2024-09-02T04:22:00.887+0000] {dagbag.py:587} INFO - Filling up the DagBag from /opt/airflow/dags/hw_dag.py
[2024-09-02T04:22:00.924+0000] {logging_mixin.py:190} INFO - [2024-09-02T04:22:00.918+0000] {dagbag.py:386} ERROR - Failed to import: /opt/airflow/dags/hw_dag.py
Traceback (most recent call last):
  File "/home/airflow/.local/lib/python3.12/site-packages/airflow/models/dagbag.py", line 382, in parse
    loader.exec_module(new_module)
  File "<frozen importlib._bootstrap_external>", line 995, in exec_module
  File "<frozen importlib._bootstrap>", line 488, in _call_with_frames_removed
  File "/opt/airflow/dags/hw_dag.py", line 17, in <module>
    from modules.predict import predict
ModuleNotFoundError: No module named 'modules'
[2024-09-02T04:22:00.927+0000] {processor.py:927} WARNING - No viable dags retrieved from /opt/airflow/dags/hw_dag.py
[2024-09-02T04:22:00.989+0000] {processor.py:208} INFO - Processing /opt/airflow/dags/hw_dag.py took 0.140 seconds
[2024-09-02T04:22:57.856+0000] {processor.py:186} INFO - Started process (PID=1155) to work on /opt/airflow/dags/hw_dag.py
[2024-09-02T04:22:57.892+0000] {processor.py:914} INFO - Processing file /opt/airflow/dags/hw_dag.py for tasks to queue
[2024-09-02T04:22:57.945+0000] {logging_mixin.py:190} INFO - [2024-09-02T04:22:57.928+0000] {dagbag.py:587} INFO - Filling up the DagBag from /opt/airflow/dags/hw_dag.py
[2024-09-02T04:22:59.357+0000] {logging_mixin.py:190} INFO - [2024-09-02T04:22:59.041+0000] {dagbag.py:386} ERROR - Failed to import: /opt/airflow/dags/hw_dag.py
Traceback (most recent call last):
  File "/home/airflow/.local/lib/python3.12/site-packages/airflow/models/dagbag.py", line 382, in parse
    loader.exec_module(new_module)
  File "<frozen importlib._bootstrap_external>", line 995, in exec_module
  File "<frozen importlib._bootstrap>", line 488, in _call_with_frames_removed
  File "/opt/airflow/dags/hw_dag.py", line 17, in <module>
    from modules.predict import predict
ModuleNotFoundError: No module named 'modules'
[2024-09-02T04:22:59.360+0000] {processor.py:927} WARNING - No viable dags retrieved from /opt/airflow/dags/hw_dag.py
[2024-09-02T04:22:59.491+0000] {processor.py:208} INFO - Processing /opt/airflow/dags/hw_dag.py took 1.688 seconds
[2024-09-02T04:23:36.035+0000] {processor.py:186} INFO - Started process (PID=1200) to work on /opt/airflow/dags/hw_dag.py
[2024-09-02T04:23:36.041+0000] {processor.py:914} INFO - Processing file /opt/airflow/dags/hw_dag.py for tasks to queue
[2024-09-02T04:23:36.067+0000] {logging_mixin.py:190} INFO - [2024-09-02T04:23:36.066+0000] {dagbag.py:587} INFO - Filling up the DagBag from /opt/airflow/dags/hw_dag.py
[2024-09-02T04:23:36.346+0000] {logging_mixin.py:190} INFO - [2024-09-02T04:23:36.271+0000] {dagbag.py:386} ERROR - Failed to import: /opt/airflow/dags/hw_dag.py
Traceback (most recent call last):
  File "/home/airflow/.local/lib/python3.12/site-packages/airflow/models/dagbag.py", line 382, in parse
    loader.exec_module(new_module)
  File "<frozen importlib._bootstrap_external>", line 995, in exec_module
  File "<frozen importlib._bootstrap>", line 488, in _call_with_frames_removed
  File "/opt/airflow/dags/hw_dag.py", line 17, in <module>
    from modules.predict import predict
ModuleNotFoundError: No module named 'modules'
[2024-09-02T04:23:36.351+0000] {processor.py:927} WARNING - No viable dags retrieved from /opt/airflow/dags/hw_dag.py
[2024-09-02T04:23:36.550+0000] {processor.py:208} INFO - Processing /opt/airflow/dags/hw_dag.py took 0.561 seconds
[2024-09-02T04:26:01.072+0000] {processor.py:186} INFO - Started process (PID=68) to work on /opt/airflow/dags/hw_dag.py
[2024-09-02T04:26:01.090+0000] {processor.py:914} INFO - Processing file /opt/airflow/dags/hw_dag.py for tasks to queue
[2024-09-02T04:26:01.113+0000] {logging_mixin.py:190} INFO - [2024-09-02T04:26:01.113+0000] {dagbag.py:587} INFO - Filling up the DagBag from /opt/airflow/dags/hw_dag.py
[2024-09-02T04:26:01.204+0000] {logging_mixin.py:190} INFO - [2024-09-02T04:26:01.189+0000] {dagbag.py:386} ERROR - Failed to import: /opt/airflow/dags/hw_dag.py
Traceback (most recent call last):
  File "/home/airflow/.local/lib/python3.12/site-packages/airflow/models/dagbag.py", line 382, in parse
    loader.exec_module(new_module)
  File "<frozen importlib._bootstrap_external>", line 995, in exec_module
  File "<frozen importlib._bootstrap>", line 488, in _call_with_frames_removed
  File "/opt/airflow/dags/hw_dag.py", line 17, in <module>
    from modules.predict import predict
ModuleNotFoundError: No module named 'modules'
[2024-09-02T04:26:01.207+0000] {processor.py:927} WARNING - No viable dags retrieved from /opt/airflow/dags/hw_dag.py
[2024-09-02T04:26:01.554+0000] {processor.py:208} INFO - Processing /opt/airflow/dags/hw_dag.py took 0.547 seconds
[2024-09-02T04:26:54.110+0000] {processor.py:186} INFO - Started process (PID=135) to work on /opt/airflow/dags/hw_dag.py
[2024-09-02T04:26:54.143+0000] {processor.py:914} INFO - Processing file /opt/airflow/dags/hw_dag.py for tasks to queue
[2024-09-02T04:26:54.161+0000] {logging_mixin.py:190} INFO - [2024-09-02T04:26:54.160+0000] {dagbag.py:587} INFO - Filling up the DagBag from /opt/airflow/dags/hw_dag.py
[2024-09-02T04:26:54.230+0000] {logging_mixin.py:190} INFO - [2024-09-02T04:26:54.216+0000] {dagbag.py:386} ERROR - Failed to import: /opt/airflow/dags/hw_dag.py
Traceback (most recent call last):
  File "/home/airflow/.local/lib/python3.12/site-packages/airflow/models/dagbag.py", line 382, in parse
    loader.exec_module(new_module)
  File "<frozen importlib._bootstrap_external>", line 995, in exec_module
  File "<frozen importlib._bootstrap>", line 488, in _call_with_frames_removed
  File "/opt/airflow/dags/hw_dag.py", line 17, in <module>
    from modules.predict import predict
ModuleNotFoundError: No module named 'modules'
[2024-09-02T04:26:54.234+0000] {processor.py:927} WARNING - No viable dags retrieved from /opt/airflow/dags/hw_dag.py
[2024-09-02T04:26:54.467+0000] {processor.py:208} INFO - Processing /opt/airflow/dags/hw_dag.py took 0.435 seconds
[2024-09-02T04:27:24.704+0000] {processor.py:186} INFO - Started process (PID=198) to work on /opt/airflow/dags/hw_dag.py
[2024-09-02T04:27:24.706+0000] {processor.py:914} INFO - Processing file /opt/airflow/dags/hw_dag.py for tasks to queue
[2024-09-02T04:27:24.711+0000] {logging_mixin.py:190} INFO - [2024-09-02T04:27:24.710+0000] {dagbag.py:587} INFO - Filling up the DagBag from /opt/airflow/dags/hw_dag.py
[2024-09-02T04:27:24.737+0000] {logging_mixin.py:190} INFO - [2024-09-02T04:27:24.731+0000] {dagbag.py:386} ERROR - Failed to import: /opt/airflow/dags/hw_dag.py
Traceback (most recent call last):
  File "/home/airflow/.local/lib/python3.12/site-packages/airflow/models/dagbag.py", line 382, in parse
    loader.exec_module(new_module)
  File "<frozen importlib._bootstrap_external>", line 995, in exec_module
  File "<frozen importlib._bootstrap>", line 488, in _call_with_frames_removed
  File "/opt/airflow/dags/hw_dag.py", line 17, in <module>
    from modules.predict import predict
ModuleNotFoundError: No module named 'modules'
[2024-09-02T04:27:24.740+0000] {processor.py:927} WARNING - No viable dags retrieved from /opt/airflow/dags/hw_dag.py
[2024-09-02T04:27:24.783+0000] {processor.py:208} INFO - Processing /opt/airflow/dags/hw_dag.py took 0.092 seconds
[2024-09-02T04:27:54.976+0000] {processor.py:186} INFO - Started process (PID=259) to work on /opt/airflow/dags/hw_dag.py
[2024-09-02T04:27:55.391+0000] {processor.py:914} INFO - Processing file /opt/airflow/dags/hw_dag.py for tasks to queue
[2024-09-02T04:27:55.397+0000] {logging_mixin.py:190} INFO - [2024-09-02T04:27:55.396+0000] {dagbag.py:587} INFO - Filling up the DagBag from /opt/airflow/dags/hw_dag.py
[2024-09-02T04:27:55.488+0000] {logging_mixin.py:190} INFO - [2024-09-02T04:27:55.479+0000] {dagbag.py:386} ERROR - Failed to import: /opt/airflow/dags/hw_dag.py
Traceback (most recent call last):
  File "/home/airflow/.local/lib/python3.12/site-packages/airflow/models/dagbag.py", line 382, in parse
    loader.exec_module(new_module)
  File "<frozen importlib._bootstrap_external>", line 995, in exec_module
  File "<frozen importlib._bootstrap>", line 488, in _call_with_frames_removed
  File "/opt/airflow/dags/hw_dag.py", line 17, in <module>
    from modules.predict import predict
ModuleNotFoundError: No module named 'modules'
[2024-09-02T04:27:55.491+0000] {processor.py:927} WARNING - No viable dags retrieved from /opt/airflow/dags/hw_dag.py
[2024-09-02T04:27:55.562+0000] {processor.py:208} INFO - Processing /opt/airflow/dags/hw_dag.py took 0.612 seconds
[2024-09-02T04:28:29.069+0000] {processor.py:186} INFO - Started process (PID=320) to work on /opt/airflow/dags/hw_dag.py
[2024-09-02T04:28:29.072+0000] {processor.py:914} INFO - Processing file /opt/airflow/dags/hw_dag.py for tasks to queue
[2024-09-02T04:28:29.084+0000] {logging_mixin.py:190} INFO - [2024-09-02T04:28:29.083+0000] {dagbag.py:587} INFO - Filling up the DagBag from /opt/airflow/dags/hw_dag.py
[2024-09-02T04:28:29.151+0000] {logging_mixin.py:190} INFO - [2024-09-02T04:28:29.126+0000] {dagbag.py:386} ERROR - Failed to import: /opt/airflow/dags/hw_dag.py
Traceback (most recent call last):
  File "/home/airflow/.local/lib/python3.12/site-packages/airflow/models/dagbag.py", line 382, in parse
    loader.exec_module(new_module)
  File "<frozen importlib._bootstrap_external>", line 995, in exec_module
  File "<frozen importlib._bootstrap>", line 488, in _call_with_frames_removed
  File "/opt/airflow/dags/hw_dag.py", line 17, in <module>
    from modules.predict import predict
ModuleNotFoundError: No module named 'modules'
[2024-09-02T04:28:29.178+0000] {processor.py:927} WARNING - No viable dags retrieved from /opt/airflow/dags/hw_dag.py
[2024-09-02T04:28:29.287+0000] {processor.py:208} INFO - Processing /opt/airflow/dags/hw_dag.py took 0.242 seconds
[2024-09-02T04:29:00.721+0000] {processor.py:186} INFO - Started process (PID=381) to work on /opt/airflow/dags/hw_dag.py
[2024-09-02T04:29:00.731+0000] {processor.py:914} INFO - Processing file /opt/airflow/dags/hw_dag.py for tasks to queue
[2024-09-02T04:29:00.738+0000] {logging_mixin.py:190} INFO - [2024-09-02T04:29:00.738+0000] {dagbag.py:587} INFO - Filling up the DagBag from /opt/airflow/dags/hw_dag.py
[2024-09-02T04:29:00.909+0000] {logging_mixin.py:190} INFO - [2024-09-02T04:29:00.859+0000] {dagbag.py:386} ERROR - Failed to import: /opt/airflow/dags/hw_dag.py
Traceback (most recent call last):
  File "/home/airflow/.local/lib/python3.12/site-packages/airflow/models/dagbag.py", line 382, in parse
    loader.exec_module(new_module)
  File "<frozen importlib._bootstrap_external>", line 995, in exec_module
  File "<frozen importlib._bootstrap>", line 488, in _call_with_frames_removed
  File "/opt/airflow/dags/hw_dag.py", line 17, in <module>
    from modules.predict import predict
ModuleNotFoundError: No module named 'modules'
[2024-09-02T04:29:00.922+0000] {processor.py:927} WARNING - No viable dags retrieved from /opt/airflow/dags/hw_dag.py
[2024-09-02T04:29:01.014+0000] {processor.py:208} INFO - Processing /opt/airflow/dags/hw_dag.py took 0.317 seconds
[2024-09-02T04:29:31.211+0000] {processor.py:186} INFO - Started process (PID=443) to work on /opt/airflow/dags/hw_dag.py
[2024-09-02T04:29:31.214+0000] {processor.py:914} INFO - Processing file /opt/airflow/dags/hw_dag.py for tasks to queue
[2024-09-02T04:29:31.220+0000] {logging_mixin.py:190} INFO - [2024-09-02T04:29:31.219+0000] {dagbag.py:587} INFO - Filling up the DagBag from /opt/airflow/dags/hw_dag.py
[2024-09-02T04:29:31.261+0000] {logging_mixin.py:190} INFO - [2024-09-02T04:29:31.254+0000] {dagbag.py:386} ERROR - Failed to import: /opt/airflow/dags/hw_dag.py
Traceback (most recent call last):
  File "/home/airflow/.local/lib/python3.12/site-packages/airflow/models/dagbag.py", line 382, in parse
    loader.exec_module(new_module)
  File "<frozen importlib._bootstrap_external>", line 995, in exec_module
  File "<frozen importlib._bootstrap>", line 488, in _call_with_frames_removed
  File "/opt/airflow/dags/hw_dag.py", line 17, in <module>
    from modules.predict import predict
ModuleNotFoundError: No module named 'modules'
[2024-09-02T04:29:31.264+0000] {processor.py:927} WARNING - No viable dags retrieved from /opt/airflow/dags/hw_dag.py
[2024-09-02T04:29:31.333+0000] {processor.py:208} INFO - Processing /opt/airflow/dags/hw_dag.py took 0.143 seconds
[2024-09-02T04:30:01.760+0000] {processor.py:186} INFO - Started process (PID=506) to work on /opt/airflow/dags/hw_dag.py
[2024-09-02T04:30:01.763+0000] {processor.py:914} INFO - Processing file /opt/airflow/dags/hw_dag.py for tasks to queue
[2024-09-02T04:30:01.768+0000] {logging_mixin.py:190} INFO - [2024-09-02T04:30:01.767+0000] {dagbag.py:587} INFO - Filling up the DagBag from /opt/airflow/dags/hw_dag.py
[2024-09-02T04:30:01.803+0000] {logging_mixin.py:190} INFO - [2024-09-02T04:30:01.796+0000] {dagbag.py:386} ERROR - Failed to import: /opt/airflow/dags/hw_dag.py
Traceback (most recent call last):
  File "/home/airflow/.local/lib/python3.12/site-packages/airflow/models/dagbag.py", line 382, in parse
    loader.exec_module(new_module)
  File "<frozen importlib._bootstrap_external>", line 995, in exec_module
  File "<frozen importlib._bootstrap>", line 488, in _call_with_frames_removed
  File "/opt/airflow/dags/hw_dag.py", line 17, in <module>
    from modules.predict import predict
ModuleNotFoundError: No module named 'modules'
[2024-09-02T04:30:01.806+0000] {processor.py:927} WARNING - No viable dags retrieved from /opt/airflow/dags/hw_dag.py
[2024-09-02T04:30:01.874+0000] {processor.py:208} INFO - Processing /opt/airflow/dags/hw_dag.py took 0.129 seconds
[2024-09-02T04:30:32.826+0000] {processor.py:186} INFO - Started process (PID=568) to work on /opt/airflow/dags/hw_dag.py
[2024-09-02T04:30:32.832+0000] {processor.py:914} INFO - Processing file /opt/airflow/dags/hw_dag.py for tasks to queue
[2024-09-02T04:30:32.842+0000] {logging_mixin.py:190} INFO - [2024-09-02T04:30:32.841+0000] {dagbag.py:587} INFO - Filling up the DagBag from /opt/airflow/dags/hw_dag.py
[2024-09-02T04:30:32.892+0000] {logging_mixin.py:190} INFO - [2024-09-02T04:30:32.881+0000] {dagbag.py:386} ERROR - Failed to import: /opt/airflow/dags/hw_dag.py
Traceback (most recent call last):
  File "/home/airflow/.local/lib/python3.12/site-packages/airflow/models/dagbag.py", line 382, in parse
    loader.exec_module(new_module)
  File "<frozen importlib._bootstrap_external>", line 995, in exec_module
  File "<frozen importlib._bootstrap>", line 488, in _call_with_frames_removed
  File "/opt/airflow/dags/hw_dag.py", line 17, in <module>
    from modules.predict import predict
ModuleNotFoundError: No module named 'modules'
[2024-09-02T04:30:32.895+0000] {processor.py:927} WARNING - No viable dags retrieved from /opt/airflow/dags/hw_dag.py
[2024-09-02T04:30:32.967+0000] {processor.py:208} INFO - Processing /opt/airflow/dags/hw_dag.py took 0.165 seconds
[2024-09-02T04:31:03.733+0000] {processor.py:186} INFO - Started process (PID=629) to work on /opt/airflow/dags/hw_dag.py
[2024-09-02T04:31:03.736+0000] {processor.py:914} INFO - Processing file /opt/airflow/dags/hw_dag.py for tasks to queue
[2024-09-02T04:31:03.758+0000] {logging_mixin.py:190} INFO - [2024-09-02T04:31:03.757+0000] {dagbag.py:587} INFO - Filling up the DagBag from /opt/airflow/dags/hw_dag.py
[2024-09-02T04:31:03.897+0000] {logging_mixin.py:190} INFO - [2024-09-02T04:31:03.889+0000] {dagbag.py:386} ERROR - Failed to import: /opt/airflow/dags/hw_dag.py
Traceback (most recent call last):
  File "/home/airflow/.local/lib/python3.12/site-packages/airflow/models/dagbag.py", line 382, in parse
    loader.exec_module(new_module)
  File "<frozen importlib._bootstrap_external>", line 995, in exec_module
  File "<frozen importlib._bootstrap>", line 488, in _call_with_frames_removed
  File "/opt/airflow/dags/hw_dag.py", line 17, in <module>
    from modules.predict import predict
ModuleNotFoundError: No module named 'modules'
[2024-09-02T04:31:03.906+0000] {processor.py:927} WARNING - No viable dags retrieved from /opt/airflow/dags/hw_dag.py
[2024-09-02T04:31:03.996+0000] {processor.py:208} INFO - Processing /opt/airflow/dags/hw_dag.py took 0.289 seconds
[2024-09-02T04:31:34.693+0000] {processor.py:186} INFO - Started process (PID=691) to work on /opt/airflow/dags/hw_dag.py
[2024-09-02T04:31:34.696+0000] {processor.py:914} INFO - Processing file /opt/airflow/dags/hw_dag.py for tasks to queue
[2024-09-02T04:31:34.749+0000] {logging_mixin.py:190} INFO - [2024-09-02T04:31:34.736+0000] {dagbag.py:587} INFO - Filling up the DagBag from /opt/airflow/dags/hw_dag.py
[2024-09-02T04:31:34.985+0000] {logging_mixin.py:190} INFO - [2024-09-02T04:31:34.933+0000] {dagbag.py:386} ERROR - Failed to import: /opt/airflow/dags/hw_dag.py
Traceback (most recent call last):
  File "/home/airflow/.local/lib/python3.12/site-packages/airflow/models/dagbag.py", line 382, in parse
    loader.exec_module(new_module)
  File "<frozen importlib._bootstrap_external>", line 995, in exec_module
  File "<frozen importlib._bootstrap>", line 488, in _call_with_frames_removed
  File "/opt/airflow/dags/hw_dag.py", line 17, in <module>
    from modules.predict import predict
ModuleNotFoundError: No module named 'modules'
[2024-09-02T04:31:34.989+0000] {processor.py:927} WARNING - No viable dags retrieved from /opt/airflow/dags/hw_dag.py
[2024-09-02T04:31:35.105+0000] {processor.py:208} INFO - Processing /opt/airflow/dags/hw_dag.py took 0.447 seconds
[2024-09-02T04:32:06.381+0000] {processor.py:186} INFO - Started process (PID=754) to work on /opt/airflow/dags/hw_dag.py
[2024-09-02T04:32:06.385+0000] {processor.py:914} INFO - Processing file /opt/airflow/dags/hw_dag.py for tasks to queue
[2024-09-02T04:32:06.402+0000] {logging_mixin.py:190} INFO - [2024-09-02T04:32:06.401+0000] {dagbag.py:587} INFO - Filling up the DagBag from /opt/airflow/dags/hw_dag.py
[2024-09-02T04:32:06.617+0000] {logging_mixin.py:190} INFO - [2024-09-02T04:32:06.600+0000] {dagbag.py:386} ERROR - Failed to import: /opt/airflow/dags/hw_dag.py
Traceback (most recent call last):
  File "/home/airflow/.local/lib/python3.12/site-packages/airflow/models/dagbag.py", line 382, in parse
    loader.exec_module(new_module)
  File "<frozen importlib._bootstrap_external>", line 995, in exec_module
  File "<frozen importlib._bootstrap>", line 488, in _call_with_frames_removed
  File "/opt/airflow/dags/hw_dag.py", line 17, in <module>
    from modules.predict import predict
ModuleNotFoundError: No module named 'modules'
[2024-09-02T04:32:06.632+0000] {processor.py:927} WARNING - No viable dags retrieved from /opt/airflow/dags/hw_dag.py
[2024-09-02T04:32:06.812+0000] {processor.py:208} INFO - Processing /opt/airflow/dags/hw_dag.py took 0.512 seconds
[2024-09-02T04:32:37.319+0000] {processor.py:186} INFO - Started process (PID=816) to work on /opt/airflow/dags/hw_dag.py
[2024-09-02T04:32:37.321+0000] {processor.py:914} INFO - Processing file /opt/airflow/dags/hw_dag.py for tasks to queue
[2024-09-02T04:32:37.337+0000] {logging_mixin.py:190} INFO - [2024-09-02T04:32:37.336+0000] {dagbag.py:587} INFO - Filling up the DagBag from /opt/airflow/dags/hw_dag.py
[2024-09-02T04:32:37.407+0000] {logging_mixin.py:190} INFO - [2024-09-02T04:32:37.375+0000] {dagbag.py:386} ERROR - Failed to import: /opt/airflow/dags/hw_dag.py
Traceback (most recent call last):
  File "/home/airflow/.local/lib/python3.12/site-packages/airflow/models/dagbag.py", line 382, in parse
    loader.exec_module(new_module)
  File "<frozen importlib._bootstrap_external>", line 995, in exec_module
  File "<frozen importlib._bootstrap>", line 488, in _call_with_frames_removed
  File "/opt/airflow/dags/hw_dag.py", line 17, in <module>
    from modules.predict import predict
ModuleNotFoundError: No module named 'modules'
[2024-09-02T04:32:37.410+0000] {processor.py:927} WARNING - No viable dags retrieved from /opt/airflow/dags/hw_dag.py
[2024-09-02T04:32:37.515+0000] {processor.py:208} INFO - Processing /opt/airflow/dags/hw_dag.py took 0.223 seconds
[2024-09-02T04:33:08.829+0000] {processor.py:186} INFO - Started process (PID=881) to work on /opt/airflow/dags/hw_dag.py
[2024-09-02T04:33:08.843+0000] {processor.py:914} INFO - Processing file /opt/airflow/dags/hw_dag.py for tasks to queue
[2024-09-02T04:33:08.849+0000] {logging_mixin.py:190} INFO - [2024-09-02T04:33:08.848+0000] {dagbag.py:587} INFO - Filling up the DagBag from /opt/airflow/dags/hw_dag.py
[2024-09-02T04:33:08.897+0000] {logging_mixin.py:190} INFO - [2024-09-02T04:33:08.889+0000] {dagbag.py:386} ERROR - Failed to import: /opt/airflow/dags/hw_dag.py
Traceback (most recent call last):
  File "/home/airflow/.local/lib/python3.12/site-packages/airflow/models/dagbag.py", line 382, in parse
    loader.exec_module(new_module)
  File "<frozen importlib._bootstrap_external>", line 995, in exec_module
  File "<frozen importlib._bootstrap>", line 488, in _call_with_frames_removed
  File "/opt/airflow/dags/hw_dag.py", line 17, in <module>
    from modules.predict import predict
ModuleNotFoundError: No module named 'modules'
[2024-09-02T04:33:08.905+0000] {processor.py:927} WARNING - No viable dags retrieved from /opt/airflow/dags/hw_dag.py
[2024-09-02T04:33:09.010+0000] {processor.py:208} INFO - Processing /opt/airflow/dags/hw_dag.py took 0.208 seconds
[2024-09-02T04:33:39.637+0000] {processor.py:186} INFO - Started process (PID=943) to work on /opt/airflow/dags/hw_dag.py
[2024-09-02T04:33:39.653+0000] {processor.py:914} INFO - Processing file /opt/airflow/dags/hw_dag.py for tasks to queue
[2024-09-02T04:33:39.667+0000] {logging_mixin.py:190} INFO - [2024-09-02T04:33:39.666+0000] {dagbag.py:587} INFO - Filling up the DagBag from /opt/airflow/dags/hw_dag.py
[2024-09-02T04:33:39.852+0000] {logging_mixin.py:190} INFO - [2024-09-02T04:33:39.835+0000] {dagbag.py:386} ERROR - Failed to import: /opt/airflow/dags/hw_dag.py
Traceback (most recent call last):
  File "/home/airflow/.local/lib/python3.12/site-packages/airflow/models/dagbag.py", line 382, in parse
    loader.exec_module(new_module)
  File "<frozen importlib._bootstrap_external>", line 995, in exec_module
  File "<frozen importlib._bootstrap>", line 488, in _call_with_frames_removed
  File "/opt/airflow/dags/hw_dag.py", line 18, in <module>
    from modules.pipeline import pipeline
  File "/home/airflow/airflow_hw/modules/pipeline.py", line 7, in <module>
    from sklearn.compose import ColumnTransformer, make_column_selector
ModuleNotFoundError: No module named 'sklearn'
[2024-09-02T04:33:39.856+0000] {processor.py:927} WARNING - No viable dags retrieved from /opt/airflow/dags/hw_dag.py
[2024-09-02T04:33:39.975+0000] {processor.py:208} INFO - Processing /opt/airflow/dags/hw_dag.py took 0.391 seconds
[2024-09-02T04:34:10.295+0000] {processor.py:186} INFO - Started process (PID=1006) to work on /opt/airflow/dags/hw_dag.py
[2024-09-02T04:34:10.297+0000] {processor.py:914} INFO - Processing file /opt/airflow/dags/hw_dag.py for tasks to queue
[2024-09-02T04:34:10.304+0000] {logging_mixin.py:190} INFO - [2024-09-02T04:34:10.303+0000] {dagbag.py:587} INFO - Filling up the DagBag from /opt/airflow/dags/hw_dag.py
[2024-09-02T04:34:10.340+0000] {logging_mixin.py:190} INFO - [2024-09-02T04:34:10.332+0000] {dagbag.py:386} ERROR - Failed to import: /opt/airflow/dags/hw_dag.py
Traceback (most recent call last):
  File "/home/airflow/.local/lib/python3.12/site-packages/airflow/models/dagbag.py", line 382, in parse
    loader.exec_module(new_module)
  File "<frozen importlib._bootstrap_external>", line 995, in exec_module
  File "<frozen importlib._bootstrap>", line 488, in _call_with_frames_removed
  File "/opt/airflow/dags/hw_dag.py", line 18, in <module>
    from modules.pipeline import pipeline
  File "/home/airflow/airflow_hw/modules/pipeline.py", line 7, in <module>
    from sklearn.compose import ColumnTransformer, make_column_selector
ModuleNotFoundError: No module named 'sklearn'
[2024-09-02T04:34:10.344+0000] {processor.py:927} WARNING - No viable dags retrieved from /opt/airflow/dags/hw_dag.py
[2024-09-02T04:34:10.389+0000] {processor.py:208} INFO - Processing /opt/airflow/dags/hw_dag.py took 0.109 seconds
[2024-09-02T04:34:48.031+0000] {processor.py:186} INFO - Started process (PID=1067) to work on /opt/airflow/dags/hw_dag.py
[2024-09-02T04:34:48.033+0000] {processor.py:914} INFO - Processing file /opt/airflow/dags/hw_dag.py for tasks to queue
[2024-09-02T04:34:48.050+0000] {logging_mixin.py:190} INFO - [2024-09-02T04:34:48.049+0000] {dagbag.py:587} INFO - Filling up the DagBag from /opt/airflow/dags/hw_dag.py
[2024-09-02T04:34:48.118+0000] {logging_mixin.py:190} INFO - [2024-09-02T04:34:48.111+0000] {dagbag.py:386} ERROR - Failed to import: /opt/airflow/dags/hw_dag.py
Traceback (most recent call last):
  File "/home/airflow/.local/lib/python3.12/site-packages/airflow/models/dagbag.py", line 382, in parse
    loader.exec_module(new_module)
  File "<frozen importlib._bootstrap_external>", line 995, in exec_module
  File "<frozen importlib._bootstrap>", line 488, in _call_with_frames_removed
  File "/opt/airflow/dags/hw_dag.py", line 18, in <module>
    from modules.pipeline import pipeline
  File "/home/airflow/airflow_hw/modules/pipeline.py", line 7, in <module>
    from sklearn.compose import ColumnTransformer, make_column_selector
ModuleNotFoundError: No module named 'sklearn'
[2024-09-02T04:34:48.128+0000] {processor.py:927} WARNING - No viable dags retrieved from /opt/airflow/dags/hw_dag.py
[2024-09-02T04:34:48.221+0000] {processor.py:208} INFO - Processing /opt/airflow/dags/hw_dag.py took 0.226 seconds
[2024-09-02T04:35:22.618+0000] {processor.py:186} INFO - Started process (PID=1129) to work on /opt/airflow/dags/hw_dag.py
[2024-09-02T04:35:22.621+0000] {processor.py:914} INFO - Processing file /opt/airflow/dags/hw_dag.py for tasks to queue
[2024-09-02T04:35:22.653+0000] {logging_mixin.py:190} INFO - [2024-09-02T04:35:22.652+0000] {dagbag.py:587} INFO - Filling up the DagBag from /opt/airflow/dags/hw_dag.py
[2024-09-02T04:35:22.730+0000] {logging_mixin.py:190} INFO - [2024-09-02T04:35:22.703+0000] {dagbag.py:386} ERROR - Failed to import: /opt/airflow/dags/hw_dag.py
Traceback (most recent call last):
  File "/home/airflow/.local/lib/python3.12/site-packages/airflow/models/dagbag.py", line 382, in parse
    loader.exec_module(new_module)
  File "<frozen importlib._bootstrap_external>", line 995, in exec_module
  File "<frozen importlib._bootstrap>", line 488, in _call_with_frames_removed
  File "/opt/airflow/dags/hw_dag.py", line 18, in <module>
    from modules.pipeline import pipeline
  File "/home/airflow/airflow_hw/modules/pipeline.py", line 7, in <module>
    from sklearn.compose import ColumnTransformer, make_column_selector
ModuleNotFoundError: No module named 'sklearn'
[2024-09-02T04:35:22.733+0000] {processor.py:927} WARNING - No viable dags retrieved from /opt/airflow/dags/hw_dag.py
[2024-09-02T04:35:22.849+0000] {processor.py:208} INFO - Processing /opt/airflow/dags/hw_dag.py took 0.307 seconds
[2024-09-02T04:35:53.120+0000] {processor.py:186} INFO - Started process (PID=1192) to work on /opt/airflow/dags/hw_dag.py
[2024-09-02T04:35:53.123+0000] {processor.py:914} INFO - Processing file /opt/airflow/dags/hw_dag.py for tasks to queue
[2024-09-02T04:35:53.129+0000] {logging_mixin.py:190} INFO - [2024-09-02T04:35:53.128+0000] {dagbag.py:587} INFO - Filling up the DagBag from /opt/airflow/dags/hw_dag.py
[2024-09-02T04:35:53.180+0000] {logging_mixin.py:190} INFO - [2024-09-02T04:35:53.171+0000] {dagbag.py:386} ERROR - Failed to import: /opt/airflow/dags/hw_dag.py
Traceback (most recent call last):
  File "/home/airflow/.local/lib/python3.12/site-packages/airflow/models/dagbag.py", line 382, in parse
    loader.exec_module(new_module)
  File "<frozen importlib._bootstrap_external>", line 995, in exec_module
  File "<frozen importlib._bootstrap>", line 488, in _call_with_frames_removed
  File "/opt/airflow/dags/hw_dag.py", line 18, in <module>
    from modules.pipeline import pipeline
  File "/home/airflow/airflow_hw/modules/pipeline.py", line 7, in <module>
    from sklearn.compose import ColumnTransformer, make_column_selector
ModuleNotFoundError: No module named 'sklearn'
[2024-09-02T04:35:53.183+0000] {processor.py:927} WARNING - No viable dags retrieved from /opt/airflow/dags/hw_dag.py
[2024-09-02T04:35:53.233+0000] {processor.py:208} INFO - Processing /opt/airflow/dags/hw_dag.py took 0.133 seconds
[2024-09-02T04:36:23.523+0000] {processor.py:186} INFO - Started process (PID=1253) to work on /opt/airflow/dags/hw_dag.py
[2024-09-02T04:36:23.525+0000] {processor.py:914} INFO - Processing file /opt/airflow/dags/hw_dag.py for tasks to queue
[2024-09-02T04:36:23.543+0000] {logging_mixin.py:190} INFO - [2024-09-02T04:36:23.542+0000] {dagbag.py:587} INFO - Filling up the DagBag from /opt/airflow/dags/hw_dag.py
[2024-09-02T04:36:23.688+0000] {logging_mixin.py:190} INFO - [2024-09-02T04:36:23.661+0000] {dagbag.py:386} ERROR - Failed to import: /opt/airflow/dags/hw_dag.py
Traceback (most recent call last):
  File "/home/airflow/.local/lib/python3.12/site-packages/airflow/models/dagbag.py", line 382, in parse
    loader.exec_module(new_module)
  File "<frozen importlib._bootstrap_external>", line 995, in exec_module
  File "<frozen importlib._bootstrap>", line 488, in _call_with_frames_removed
  File "/opt/airflow/dags/hw_dag.py", line 18, in <module>
    from modules.pipeline import pipeline
  File "/home/airflow/airflow_hw/modules/pipeline.py", line 7, in <module>
    from sklearn.compose import ColumnTransformer, make_column_selector
ModuleNotFoundError: No module named 'sklearn'
[2024-09-02T04:36:23.699+0000] {processor.py:927} WARNING - No viable dags retrieved from /opt/airflow/dags/hw_dag.py
[2024-09-02T04:36:23.829+0000] {processor.py:208} INFO - Processing /opt/airflow/dags/hw_dag.py took 0.374 seconds
[2024-09-02T04:36:54.745+0000] {processor.py:186} INFO - Started process (PID=1315) to work on /opt/airflow/dags/hw_dag.py
[2024-09-02T04:36:54.748+0000] {processor.py:914} INFO - Processing file /opt/airflow/dags/hw_dag.py for tasks to queue
[2024-09-02T04:36:54.759+0000] {logging_mixin.py:190} INFO - [2024-09-02T04:36:54.756+0000] {dagbag.py:587} INFO - Filling up the DagBag from /opt/airflow/dags/hw_dag.py
[2024-09-02T04:36:54.804+0000] {logging_mixin.py:190} INFO - [2024-09-02T04:36:54.793+0000] {dagbag.py:386} ERROR - Failed to import: /opt/airflow/dags/hw_dag.py
Traceback (most recent call last):
  File "/home/airflow/.local/lib/python3.12/site-packages/airflow/models/dagbag.py", line 382, in parse
    loader.exec_module(new_module)
  File "<frozen importlib._bootstrap_external>", line 995, in exec_module
  File "<frozen importlib._bootstrap>", line 488, in _call_with_frames_removed
  File "/opt/airflow/dags/hw_dag.py", line 18, in <module>
    from modules.pipeline import pipeline
  File "/home/airflow/airflow_hw/modules/pipeline.py", line 7, in <module>
    from sklearn.compose import ColumnTransformer, make_column_selector
ModuleNotFoundError: No module named 'sklearn'
[2024-09-02T04:36:54.807+0000] {processor.py:927} WARNING - No viable dags retrieved from /opt/airflow/dags/hw_dag.py
[2024-09-02T04:36:54.867+0000] {processor.py:208} INFO - Processing /opt/airflow/dags/hw_dag.py took 0.146 seconds
[2024-09-02T04:37:25.750+0000] {processor.py:186} INFO - Started process (PID=1379) to work on /opt/airflow/dags/hw_dag.py
[2024-09-02T04:37:25.753+0000] {processor.py:914} INFO - Processing file /opt/airflow/dags/hw_dag.py for tasks to queue
[2024-09-02T04:37:25.759+0000] {logging_mixin.py:190} INFO - [2024-09-02T04:37:25.758+0000] {dagbag.py:587} INFO - Filling up the DagBag from /opt/airflow/dags/hw_dag.py
[2024-09-02T04:37:25.799+0000] {logging_mixin.py:190} INFO - [2024-09-02T04:37:25.791+0000] {dagbag.py:386} ERROR - Failed to import: /opt/airflow/dags/hw_dag.py
Traceback (most recent call last):
  File "/home/airflow/.local/lib/python3.12/site-packages/airflow/models/dagbag.py", line 382, in parse
    loader.exec_module(new_module)
  File "<frozen importlib._bootstrap_external>", line 995, in exec_module
  File "<frozen importlib._bootstrap>", line 488, in _call_with_frames_removed
  File "/opt/airflow/dags/hw_dag.py", line 18, in <module>
    from modules.pipeline import pipeline
  File "/home/airflow/airflow_hw/modules/pipeline.py", line 7, in <module>
    from sklearn.compose import ColumnTransformer, make_column_selector
ModuleNotFoundError: No module named 'sklearn'
[2024-09-02T04:37:25.803+0000] {processor.py:927} WARNING - No viable dags retrieved from /opt/airflow/dags/hw_dag.py
[2024-09-02T04:37:25.858+0000] {processor.py:208} INFO - Processing /opt/airflow/dags/hw_dag.py took 0.132 seconds
[2024-09-02T04:37:56.361+0000] {processor.py:186} INFO - Started process (PID=1441) to work on /opt/airflow/dags/hw_dag.py
[2024-09-02T04:37:56.364+0000] {processor.py:914} INFO - Processing file /opt/airflow/dags/hw_dag.py for tasks to queue
[2024-09-02T04:37:56.370+0000] {logging_mixin.py:190} INFO - [2024-09-02T04:37:56.369+0000] {dagbag.py:587} INFO - Filling up the DagBag from /opt/airflow/dags/hw_dag.py
[2024-09-02T04:37:56.414+0000] {logging_mixin.py:190} INFO - [2024-09-02T04:37:56.405+0000] {dagbag.py:386} ERROR - Failed to import: /opt/airflow/dags/hw_dag.py
Traceback (most recent call last):
  File "/home/airflow/.local/lib/python3.12/site-packages/airflow/models/dagbag.py", line 382, in parse
    loader.exec_module(new_module)
  File "<frozen importlib._bootstrap_external>", line 995, in exec_module
  File "<frozen importlib._bootstrap>", line 488, in _call_with_frames_removed
  File "/opt/airflow/dags/hw_dag.py", line 18, in <module>
    from modules.pipeline import pipeline
  File "/home/airflow/airflow_hw/modules/pipeline.py", line 7, in <module>
    from sklearn.compose import ColumnTransformer, make_column_selector
ModuleNotFoundError: No module named 'sklearn'
[2024-09-02T04:37:56.417+0000] {processor.py:927} WARNING - No viable dags retrieved from /opt/airflow/dags/hw_dag.py
[2024-09-02T04:37:56.471+0000] {processor.py:208} INFO - Processing /opt/airflow/dags/hw_dag.py took 0.134 seconds
[2024-09-02T04:38:26.716+0000] {processor.py:186} INFO - Started process (PID=1505) to work on /opt/airflow/dags/hw_dag.py
[2024-09-02T04:38:26.728+0000] {processor.py:914} INFO - Processing file /opt/airflow/dags/hw_dag.py for tasks to queue
[2024-09-02T04:38:26.745+0000] {logging_mixin.py:190} INFO - [2024-09-02T04:38:26.734+0000] {dagbag.py:587} INFO - Filling up the DagBag from /opt/airflow/dags/hw_dag.py
[2024-09-02T04:38:26.815+0000] {logging_mixin.py:190} INFO - [2024-09-02T04:38:26.796+0000] {dagbag.py:386} ERROR - Failed to import: /opt/airflow/dags/hw_dag.py
Traceback (most recent call last):
  File "/home/airflow/.local/lib/python3.12/site-packages/airflow/models/dagbag.py", line 382, in parse
    loader.exec_module(new_module)
  File "<frozen importlib._bootstrap_external>", line 995, in exec_module
  File "<frozen importlib._bootstrap>", line 488, in _call_with_frames_removed
  File "/opt/airflow/dags/hw_dag.py", line 18, in <module>
    from modules.pipeline import pipeline
  File "/home/airflow/airflow_hw/modules/pipeline.py", line 7, in <module>
    from sklearn.compose import ColumnTransformer, make_column_selector
ModuleNotFoundError: No module named 'sklearn'
[2024-09-02T04:38:26.824+0000] {processor.py:927} WARNING - No viable dags retrieved from /opt/airflow/dags/hw_dag.py
[2024-09-02T04:38:26.922+0000] {processor.py:208} INFO - Processing /opt/airflow/dags/hw_dag.py took 0.252 seconds
[2024-09-02T04:38:57.566+0000] {processor.py:186} INFO - Started process (PID=1568) to work on /opt/airflow/dags/hw_dag.py
[2024-09-02T04:38:57.573+0000] {processor.py:914} INFO - Processing file /opt/airflow/dags/hw_dag.py for tasks to queue
[2024-09-02T04:38:57.581+0000] {logging_mixin.py:190} INFO - [2024-09-02T04:38:57.580+0000] {dagbag.py:587} INFO - Filling up the DagBag from /opt/airflow/dags/hw_dag.py
[2024-09-02T04:38:57.634+0000] {logging_mixin.py:190} INFO - [2024-09-02T04:38:57.623+0000] {dagbag.py:386} ERROR - Failed to import: /opt/airflow/dags/hw_dag.py
Traceback (most recent call last):
  File "/home/airflow/.local/lib/python3.12/site-packages/airflow/models/dagbag.py", line 382, in parse
    loader.exec_module(new_module)
  File "<frozen importlib._bootstrap_external>", line 995, in exec_module
  File "<frozen importlib._bootstrap>", line 488, in _call_with_frames_removed
  File "/opt/airflow/dags/hw_dag.py", line 18, in <module>
    from modules.pipeline import pipeline
  File "/home/airflow/airflow_hw/modules/pipeline.py", line 7, in <module>
    from sklearn.compose import ColumnTransformer, make_column_selector
ModuleNotFoundError: No module named 'sklearn'
[2024-09-02T04:38:57.639+0000] {processor.py:927} WARNING - No viable dags retrieved from /opt/airflow/dags/hw_dag.py
[2024-09-02T04:38:57.706+0000] {processor.py:208} INFO - Processing /opt/airflow/dags/hw_dag.py took 0.160 seconds
[2024-09-02T04:39:27.803+0000] {processor.py:186} INFO - Started process (PID=1631) to work on /opt/airflow/dags/hw_dag.py
[2024-09-02T04:39:27.805+0000] {processor.py:914} INFO - Processing file /opt/airflow/dags/hw_dag.py for tasks to queue
[2024-09-02T04:39:27.813+0000] {logging_mixin.py:190} INFO - [2024-09-02T04:39:27.811+0000] {dagbag.py:587} INFO - Filling up the DagBag from /opt/airflow/dags/hw_dag.py
[2024-09-02T04:39:27.858+0000] {logging_mixin.py:190} INFO - [2024-09-02T04:39:27.849+0000] {dagbag.py:386} ERROR - Failed to import: /opt/airflow/dags/hw_dag.py
Traceback (most recent call last):
  File "/home/airflow/.local/lib/python3.12/site-packages/airflow/models/dagbag.py", line 382, in parse
    loader.exec_module(new_module)
  File "<frozen importlib._bootstrap_external>", line 995, in exec_module
  File "<frozen importlib._bootstrap>", line 488, in _call_with_frames_removed
  File "/opt/airflow/dags/hw_dag.py", line 18, in <module>
    from modules.pipeline import pipeline
  File "/home/airflow/airflow_hw/modules/pipeline.py", line 7, in <module>
    from sklearn.compose import ColumnTransformer, make_column_selector
ModuleNotFoundError: No module named 'sklearn'
[2024-09-02T04:39:27.861+0000] {processor.py:927} WARNING - No viable dags retrieved from /opt/airflow/dags/hw_dag.py
[2024-09-02T04:39:27.914+0000] {processor.py:208} INFO - Processing /opt/airflow/dags/hw_dag.py took 0.128 seconds
[2024-09-02T04:39:58.101+0000] {processor.py:186} INFO - Started process (PID=1693) to work on /opt/airflow/dags/hw_dag.py
[2024-09-02T04:39:58.104+0000] {processor.py:914} INFO - Processing file /opt/airflow/dags/hw_dag.py for tasks to queue
[2024-09-02T04:39:58.111+0000] {logging_mixin.py:190} INFO - [2024-09-02T04:39:58.110+0000] {dagbag.py:587} INFO - Filling up the DagBag from /opt/airflow/dags/hw_dag.py
[2024-09-02T04:39:58.153+0000] {logging_mixin.py:190} INFO - [2024-09-02T04:39:58.146+0000] {dagbag.py:386} ERROR - Failed to import: /opt/airflow/dags/hw_dag.py
Traceback (most recent call last):
  File "/home/airflow/.local/lib/python3.12/site-packages/airflow/models/dagbag.py", line 382, in parse
    loader.exec_module(new_module)
  File "<frozen importlib._bootstrap_external>", line 995, in exec_module
  File "<frozen importlib._bootstrap>", line 488, in _call_with_frames_removed
  File "/opt/airflow/dags/hw_dag.py", line 18, in <module>
    from modules.pipeline import pipeline
  File "/home/airflow/airflow_hw/modules/pipeline.py", line 7, in <module>
    from sklearn.compose import ColumnTransformer, make_column_selector
ModuleNotFoundError: No module named 'sklearn'
[2024-09-02T04:39:58.156+0000] {processor.py:927} WARNING - No viable dags retrieved from /opt/airflow/dags/hw_dag.py
[2024-09-02T04:39:58.211+0000] {processor.py:208} INFO - Processing /opt/airflow/dags/hw_dag.py took 0.125 seconds
[2024-09-02T04:40:28.301+0000] {processor.py:186} INFO - Started process (PID=1754) to work on /opt/airflow/dags/hw_dag.py
[2024-09-02T04:40:28.303+0000] {processor.py:914} INFO - Processing file /opt/airflow/dags/hw_dag.py for tasks to queue
[2024-09-02T04:40:28.308+0000] {logging_mixin.py:190} INFO - [2024-09-02T04:40:28.308+0000] {dagbag.py:587} INFO - Filling up the DagBag from /opt/airflow/dags/hw_dag.py
[2024-09-02T04:40:28.342+0000] {logging_mixin.py:190} INFO - [2024-09-02T04:40:28.336+0000] {dagbag.py:386} ERROR - Failed to import: /opt/airflow/dags/hw_dag.py
Traceback (most recent call last):
  File "/home/airflow/.local/lib/python3.12/site-packages/airflow/models/dagbag.py", line 382, in parse
    loader.exec_module(new_module)
  File "<frozen importlib._bootstrap_external>", line 995, in exec_module
  File "<frozen importlib._bootstrap>", line 488, in _call_with_frames_removed
  File "/opt/airflow/dags/hw_dag.py", line 18, in <module>
    from modules.pipeline import pipeline
  File "/home/airflow/airflow_hw/modules/pipeline.py", line 7, in <module>
    from sklearn.compose import ColumnTransformer, make_column_selector
ModuleNotFoundError: No module named 'sklearn'
[2024-09-02T04:40:28.345+0000] {processor.py:927} WARNING - No viable dags retrieved from /opt/airflow/dags/hw_dag.py
[2024-09-02T04:40:28.385+0000] {processor.py:208} INFO - Processing /opt/airflow/dags/hw_dag.py took 0.098 seconds
[2024-09-02T04:40:58.483+0000] {processor.py:186} INFO - Started process (PID=1812) to work on /opt/airflow/dags/hw_dag.py
[2024-09-02T04:40:58.485+0000] {processor.py:914} INFO - Processing file /opt/airflow/dags/hw_dag.py for tasks to queue
[2024-09-02T04:40:58.491+0000] {logging_mixin.py:190} INFO - [2024-09-02T04:40:58.490+0000] {dagbag.py:587} INFO - Filling up the DagBag from /opt/airflow/dags/hw_dag.py
[2024-09-02T04:40:58.530+0000] {logging_mixin.py:190} INFO - [2024-09-02T04:40:58.523+0000] {dagbag.py:386} ERROR - Failed to import: /opt/airflow/dags/hw_dag.py
Traceback (most recent call last):
  File "/home/airflow/.local/lib/python3.12/site-packages/airflow/models/dagbag.py", line 382, in parse
    loader.exec_module(new_module)
  File "<frozen importlib._bootstrap_external>", line 995, in exec_module
  File "<frozen importlib._bootstrap>", line 488, in _call_with_frames_removed
  File "/opt/airflow/dags/hw_dag.py", line 18, in <module>
    from modules.pipeline import pipeline
  File "/home/airflow/airflow_hw/modules/pipeline.py", line 7, in <module>
    from sklearn.compose import ColumnTransformer, make_column_selector
ModuleNotFoundError: No module named 'sklearn'
[2024-09-02T04:40:58.536+0000] {processor.py:927} WARNING - No viable dags retrieved from /opt/airflow/dags/hw_dag.py
[2024-09-02T04:40:58.581+0000] {processor.py:208} INFO - Processing /opt/airflow/dags/hw_dag.py took 0.119 seconds
[2024-09-02T04:41:29.037+0000] {processor.py:186} INFO - Started process (PID=1875) to work on /opt/airflow/dags/hw_dag.py
[2024-09-02T04:41:29.039+0000] {processor.py:914} INFO - Processing file /opt/airflow/dags/hw_dag.py for tasks to queue
[2024-09-02T04:41:29.048+0000] {logging_mixin.py:190} INFO - [2024-09-02T04:41:29.047+0000] {dagbag.py:587} INFO - Filling up the DagBag from /opt/airflow/dags/hw_dag.py
[2024-09-02T04:41:29.129+0000] {logging_mixin.py:190} INFO - [2024-09-02T04:41:29.119+0000] {dagbag.py:386} ERROR - Failed to import: /opt/airflow/dags/hw_dag.py
Traceback (most recent call last):
  File "/home/airflow/.local/lib/python3.12/site-packages/airflow/models/dagbag.py", line 382, in parse
    loader.exec_module(new_module)
  File "<frozen importlib._bootstrap_external>", line 995, in exec_module
  File "<frozen importlib._bootstrap>", line 488, in _call_with_frames_removed
  File "/opt/airflow/dags/hw_dag.py", line 18, in <module>
    from modules.pipeline import pipeline
  File "/home/airflow/airflow_hw/modules/pipeline.py", line 7, in <module>
    from sklearn.compose import ColumnTransformer, make_column_selector
ModuleNotFoundError: No module named 'sklearn'
[2024-09-02T04:41:29.139+0000] {processor.py:927} WARNING - No viable dags retrieved from /opt/airflow/dags/hw_dag.py
[2024-09-02T04:41:29.201+0000] {processor.py:208} INFO - Processing /opt/airflow/dags/hw_dag.py took 0.178 seconds
[2024-09-02T04:41:59.785+0000] {processor.py:186} INFO - Started process (PID=1938) to work on /opt/airflow/dags/hw_dag.py
[2024-09-02T04:41:59.787+0000] {processor.py:914} INFO - Processing file /opt/airflow/dags/hw_dag.py for tasks to queue
[2024-09-02T04:41:59.793+0000] {logging_mixin.py:190} INFO - [2024-09-02T04:41:59.792+0000] {dagbag.py:587} INFO - Filling up the DagBag from /opt/airflow/dags/hw_dag.py
[2024-09-02T04:41:59.838+0000] {logging_mixin.py:190} INFO - [2024-09-02T04:41:59.829+0000] {dagbag.py:386} ERROR - Failed to import: /opt/airflow/dags/hw_dag.py
Traceback (most recent call last):
  File "/home/airflow/.local/lib/python3.12/site-packages/airflow/models/dagbag.py", line 382, in parse
    loader.exec_module(new_module)
  File "<frozen importlib._bootstrap_external>", line 995, in exec_module
  File "<frozen importlib._bootstrap>", line 488, in _call_with_frames_removed
  File "/opt/airflow/dags/hw_dag.py", line 18, in <module>
    from modules.pipeline import pipeline
  File "/home/airflow/airflow_hw/modules/pipeline.py", line 7, in <module>
    from sklearn.compose import ColumnTransformer, make_column_selector
ModuleNotFoundError: No module named 'sklearn'
[2024-09-02T04:41:59.840+0000] {processor.py:927} WARNING - No viable dags retrieved from /opt/airflow/dags/hw_dag.py
[2024-09-02T04:41:59.883+0000] {processor.py:208} INFO - Processing /opt/airflow/dags/hw_dag.py took 0.113 seconds
[2024-09-02T04:42:30.209+0000] {processor.py:186} INFO - Started process (PID=2001) to work on /opt/airflow/dags/hw_dag.py
[2024-09-02T04:42:30.211+0000] {processor.py:914} INFO - Processing file /opt/airflow/dags/hw_dag.py for tasks to queue
[2024-09-02T04:42:30.217+0000] {logging_mixin.py:190} INFO - [2024-09-02T04:42:30.216+0000] {dagbag.py:587} INFO - Filling up the DagBag from /opt/airflow/dags/hw_dag.py
[2024-09-02T04:42:30.246+0000] {logging_mixin.py:190} INFO - [2024-09-02T04:42:30.240+0000] {dagbag.py:386} ERROR - Failed to import: /opt/airflow/dags/hw_dag.py
Traceback (most recent call last):
  File "/home/airflow/.local/lib/python3.12/site-packages/airflow/models/dagbag.py", line 382, in parse
    loader.exec_module(new_module)
  File "<frozen importlib._bootstrap_external>", line 995, in exec_module
  File "<frozen importlib._bootstrap>", line 488, in _call_with_frames_removed
  File "/opt/airflow/dags/hw_dag.py", line 18, in <module>
    from modules.pipeline import pipeline
  File "/home/airflow/airflow_hw/modules/pipeline.py", line 7, in <module>
    from sklearn.compose import ColumnTransformer, make_column_selector
ModuleNotFoundError: No module named 'sklearn'
[2024-09-02T04:42:30.249+0000] {processor.py:927} WARNING - No viable dags retrieved from /opt/airflow/dags/hw_dag.py
[2024-09-02T04:42:30.310+0000] {processor.py:208} INFO - Processing /opt/airflow/dags/hw_dag.py took 0.113 seconds
[2024-09-02T04:43:01.253+0000] {processor.py:186} INFO - Started process (PID=2064) to work on /opt/airflow/dags/hw_dag.py
[2024-09-02T04:43:01.264+0000] {processor.py:914} INFO - Processing file /opt/airflow/dags/hw_dag.py for tasks to queue
[2024-09-02T04:43:01.283+0000] {logging_mixin.py:190} INFO - [2024-09-02T04:43:01.281+0000] {dagbag.py:587} INFO - Filling up the DagBag from /opt/airflow/dags/hw_dag.py
[2024-09-02T04:43:01.396+0000] {logging_mixin.py:190} INFO - [2024-09-02T04:43:01.381+0000] {dagbag.py:386} ERROR - Failed to import: /opt/airflow/dags/hw_dag.py
Traceback (most recent call last):
  File "/home/airflow/.local/lib/python3.12/site-packages/airflow/models/dagbag.py", line 382, in parse
    loader.exec_module(new_module)
  File "<frozen importlib._bootstrap_external>", line 995, in exec_module
  File "<frozen importlib._bootstrap>", line 488, in _call_with_frames_removed
  File "/opt/airflow/dags/hw_dag.py", line 18, in <module>
    from modules.pipeline import pipeline
  File "/home/airflow/airflow_hw/modules/pipeline.py", line 7, in <module>
    from sklearn.compose import ColumnTransformer, make_column_selector
ModuleNotFoundError: No module named 'sklearn'
[2024-09-02T04:43:01.400+0000] {processor.py:927} WARNING - No viable dags retrieved from /opt/airflow/dags/hw_dag.py
[2024-09-02T04:43:01.564+0000] {processor.py:208} INFO - Processing /opt/airflow/dags/hw_dag.py took 0.340 seconds
[2024-09-02T04:43:32.473+0000] {processor.py:186} INFO - Started process (PID=2127) to work on /opt/airflow/dags/hw_dag.py
[2024-09-02T04:43:32.476+0000] {processor.py:914} INFO - Processing file /opt/airflow/dags/hw_dag.py for tasks to queue
[2024-09-02T04:43:32.482+0000] {logging_mixin.py:190} INFO - [2024-09-02T04:43:32.481+0000] {dagbag.py:587} INFO - Filling up the DagBag from /opt/airflow/dags/hw_dag.py
[2024-09-02T04:43:32.512+0000] {logging_mixin.py:190} INFO - [2024-09-02T04:43:32.507+0000] {dagbag.py:386} ERROR - Failed to import: /opt/airflow/dags/hw_dag.py
Traceback (most recent call last):
  File "/home/airflow/.local/lib/python3.12/site-packages/airflow/models/dagbag.py", line 382, in parse
    loader.exec_module(new_module)
  File "<frozen importlib._bootstrap_external>", line 995, in exec_module
  File "<frozen importlib._bootstrap>", line 488, in _call_with_frames_removed
  File "/opt/airflow/dags/hw_dag.py", line 18, in <module>
    from modules.pipeline import pipeline
  File "/home/airflow/airflow_hw/modules/pipeline.py", line 7, in <module>
    from sklearn.compose import ColumnTransformer, make_column_selector
ModuleNotFoundError: No module named 'sklearn'
[2024-09-02T04:43:32.515+0000] {processor.py:927} WARNING - No viable dags retrieved from /opt/airflow/dags/hw_dag.py
[2024-09-02T04:43:32.580+0000] {processor.py:208} INFO - Processing /opt/airflow/dags/hw_dag.py took 0.119 seconds
[2024-09-02T04:44:02.834+0000] {processor.py:186} INFO - Started process (PID=2190) to work on /opt/airflow/dags/hw_dag.py
[2024-09-02T04:44:02.873+0000] {processor.py:914} INFO - Processing file /opt/airflow/dags/hw_dag.py for tasks to queue
[2024-09-02T04:44:02.908+0000] {logging_mixin.py:190} INFO - [2024-09-02T04:44:02.907+0000] {dagbag.py:587} INFO - Filling up the DagBag from /opt/airflow/dags/hw_dag.py
[2024-09-02T04:44:02.952+0000] {logging_mixin.py:190} INFO - [2024-09-02T04:44:02.946+0000] {dagbag.py:386} ERROR - Failed to import: /opt/airflow/dags/hw_dag.py
Traceback (most recent call last):
  File "/home/airflow/.local/lib/python3.12/site-packages/airflow/models/dagbag.py", line 382, in parse
    loader.exec_module(new_module)
  File "<frozen importlib._bootstrap_external>", line 995, in exec_module
  File "<frozen importlib._bootstrap>", line 488, in _call_with_frames_removed
  File "/opt/airflow/dags/hw_dag.py", line 18, in <module>
    from modules.pipeline import pipeline
  File "/home/airflow/airflow_hw/modules/pipeline.py", line 7, in <module>
    from sklearn.compose import ColumnTransformer, make_column_selector
ModuleNotFoundError: No module named 'sklearn'
[2024-09-02T04:44:02.954+0000] {processor.py:927} WARNING - No viable dags retrieved from /opt/airflow/dags/hw_dag.py
[2024-09-02T04:44:02.993+0000] {processor.py:208} INFO - Processing /opt/airflow/dags/hw_dag.py took 0.183 seconds
[2024-09-02T04:44:33.183+0000] {processor.py:186} INFO - Started process (PID=2253) to work on /opt/airflow/dags/hw_dag.py
[2024-09-02T04:44:33.186+0000] {processor.py:914} INFO - Processing file /opt/airflow/dags/hw_dag.py for tasks to queue
[2024-09-02T04:44:33.191+0000] {logging_mixin.py:190} INFO - [2024-09-02T04:44:33.190+0000] {dagbag.py:587} INFO - Filling up the DagBag from /opt/airflow/dags/hw_dag.py
[2024-09-02T04:44:33.226+0000] {logging_mixin.py:190} INFO - [2024-09-02T04:44:33.219+0000] {dagbag.py:386} ERROR - Failed to import: /opt/airflow/dags/hw_dag.py
Traceback (most recent call last):
  File "/home/airflow/.local/lib/python3.12/site-packages/airflow/models/dagbag.py", line 382, in parse
    loader.exec_module(new_module)
  File "<frozen importlib._bootstrap_external>", line 995, in exec_module
  File "<frozen importlib._bootstrap>", line 488, in _call_with_frames_removed
  File "/opt/airflow/dags/hw_dag.py", line 18, in <module>
    from modules.pipeline import pipeline
  File "/home/airflow/airflow_hw/modules/pipeline.py", line 7, in <module>
    from sklearn.compose import ColumnTransformer, make_column_selector
ModuleNotFoundError: No module named 'sklearn'
[2024-09-02T04:44:33.229+0000] {processor.py:927} WARNING - No viable dags retrieved from /opt/airflow/dags/hw_dag.py
[2024-09-02T04:44:33.268+0000] {processor.py:208} INFO - Processing /opt/airflow/dags/hw_dag.py took 0.105 seconds
[2024-09-02T04:45:03.367+0000] {processor.py:186} INFO - Started process (PID=2316) to work on /opt/airflow/dags/hw_dag.py
[2024-09-02T04:45:03.369+0000] {processor.py:914} INFO - Processing file /opt/airflow/dags/hw_dag.py for tasks to queue
[2024-09-02T04:45:03.388+0000] {logging_mixin.py:190} INFO - [2024-09-02T04:45:03.388+0000] {dagbag.py:587} INFO - Filling up the DagBag from /opt/airflow/dags/hw_dag.py
[2024-09-02T04:45:03.427+0000] {logging_mixin.py:190} INFO - [2024-09-02T04:45:03.419+0000] {dagbag.py:386} ERROR - Failed to import: /opt/airflow/dags/hw_dag.py
Traceback (most recent call last):
  File "/home/airflow/.local/lib/python3.12/site-packages/airflow/models/dagbag.py", line 382, in parse
    loader.exec_module(new_module)
  File "<frozen importlib._bootstrap_external>", line 995, in exec_module
  File "<frozen importlib._bootstrap>", line 488, in _call_with_frames_removed
  File "/opt/airflow/dags/hw_dag.py", line 18, in <module>
    from modules.pipeline import pipeline
  File "/home/airflow/airflow_hw/modules/pipeline.py", line 7, in <module>
    from sklearn.compose import ColumnTransformer, make_column_selector
ModuleNotFoundError: No module named 'sklearn'
[2024-09-02T04:45:03.432+0000] {processor.py:927} WARNING - No viable dags retrieved from /opt/airflow/dags/hw_dag.py
[2024-09-02T04:45:03.464+0000] {processor.py:208} INFO - Processing /opt/airflow/dags/hw_dag.py took 0.111 seconds
[2024-09-02T04:45:33.750+0000] {processor.py:186} INFO - Started process (PID=2379) to work on /opt/airflow/dags/hw_dag.py
[2024-09-02T04:45:33.752+0000] {processor.py:914} INFO - Processing file /opt/airflow/dags/hw_dag.py for tasks to queue
[2024-09-02T04:45:33.756+0000] {logging_mixin.py:190} INFO - [2024-09-02T04:45:33.756+0000] {dagbag.py:587} INFO - Filling up the DagBag from /opt/airflow/dags/hw_dag.py
[2024-09-02T04:45:33.787+0000] {logging_mixin.py:190} INFO - [2024-09-02T04:45:33.780+0000] {dagbag.py:386} ERROR - Failed to import: /opt/airflow/dags/hw_dag.py
Traceback (most recent call last):
  File "/home/airflow/.local/lib/python3.12/site-packages/airflow/models/dagbag.py", line 382, in parse
    loader.exec_module(new_module)
  File "<frozen importlib._bootstrap_external>", line 995, in exec_module
  File "<frozen importlib._bootstrap>", line 488, in _call_with_frames_removed
  File "/opt/airflow/dags/hw_dag.py", line 18, in <module>
    from modules.pipeline import pipeline
  File "/home/airflow/airflow_hw/modules/pipeline.py", line 7, in <module>
    from sklearn.compose import ColumnTransformer, make_column_selector
ModuleNotFoundError: No module named 'sklearn'
[2024-09-02T04:45:33.789+0000] {processor.py:927} WARNING - No viable dags retrieved from /opt/airflow/dags/hw_dag.py
[2024-09-02T04:45:33.822+0000] {processor.py:208} INFO - Processing /opt/airflow/dags/hw_dag.py took 0.083 seconds
[2024-09-02T04:46:04.132+0000] {processor.py:186} INFO - Started process (PID=2443) to work on /opt/airflow/dags/hw_dag.py
[2024-09-02T04:46:04.134+0000] {processor.py:914} INFO - Processing file /opt/airflow/dags/hw_dag.py for tasks to queue
[2024-09-02T04:46:04.138+0000] {logging_mixin.py:190} INFO - [2024-09-02T04:46:04.138+0000] {dagbag.py:587} INFO - Filling up the DagBag from /opt/airflow/dags/hw_dag.py
[2024-09-02T04:46:04.164+0000] {logging_mixin.py:190} INFO - [2024-09-02T04:46:04.159+0000] {dagbag.py:386} ERROR - Failed to import: /opt/airflow/dags/hw_dag.py
Traceback (most recent call last):
  File "/home/airflow/.local/lib/python3.12/site-packages/airflow/models/dagbag.py", line 382, in parse
    loader.exec_module(new_module)
  File "<frozen importlib._bootstrap_external>", line 995, in exec_module
  File "<frozen importlib._bootstrap>", line 488, in _call_with_frames_removed
  File "/opt/airflow/dags/hw_dag.py", line 18, in <module>
    from modules.pipeline import pipeline
  File "/home/airflow/airflow_hw/modules/pipeline.py", line 7, in <module>
    from sklearn.compose import ColumnTransformer, make_column_selector
ModuleNotFoundError: No module named 'sklearn'
[2024-09-02T04:46:04.166+0000] {processor.py:927} WARNING - No viable dags retrieved from /opt/airflow/dags/hw_dag.py
[2024-09-02T04:46:04.210+0000] {processor.py:208} INFO - Processing /opt/airflow/dags/hw_dag.py took 0.089 seconds
[2024-09-02T04:46:34.966+0000] {processor.py:186} INFO - Started process (PID=2507) to work on /opt/airflow/dags/hw_dag.py
[2024-09-02T04:46:34.968+0000] {processor.py:914} INFO - Processing file /opt/airflow/dags/hw_dag.py for tasks to queue
[2024-09-02T04:46:34.973+0000] {logging_mixin.py:190} INFO - [2024-09-02T04:46:34.973+0000] {dagbag.py:587} INFO - Filling up the DagBag from /opt/airflow/dags/hw_dag.py
[2024-09-02T04:46:35.014+0000] {logging_mixin.py:190} INFO - [2024-09-02T04:46:35.006+0000] {dagbag.py:386} ERROR - Failed to import: /opt/airflow/dags/hw_dag.py
Traceback (most recent call last):
  File "/home/airflow/.local/lib/python3.12/site-packages/airflow/models/dagbag.py", line 382, in parse
    loader.exec_module(new_module)
  File "<frozen importlib._bootstrap_external>", line 995, in exec_module
  File "<frozen importlib._bootstrap>", line 488, in _call_with_frames_removed
  File "/opt/airflow/dags/hw_dag.py", line 18, in <module>
    from modules.pipeline import pipeline
  File "/home/airflow/airflow_hw/modules/pipeline.py", line 7, in <module>
    from sklearn.compose import ColumnTransformer, make_column_selector
ModuleNotFoundError: No module named 'sklearn'
[2024-09-02T04:46:35.017+0000] {processor.py:927} WARNING - No viable dags retrieved from /opt/airflow/dags/hw_dag.py
[2024-09-02T04:46:35.058+0000] {processor.py:208} INFO - Processing /opt/airflow/dags/hw_dag.py took 0.105 seconds
[2024-09-02T04:47:05.449+0000] {processor.py:186} INFO - Started process (PID=2570) to work on /opt/airflow/dags/hw_dag.py
[2024-09-02T04:47:05.451+0000] {processor.py:914} INFO - Processing file /opt/airflow/dags/hw_dag.py for tasks to queue
[2024-09-02T04:47:05.462+0000] {logging_mixin.py:190} INFO - [2024-09-02T04:47:05.461+0000] {dagbag.py:587} INFO - Filling up the DagBag from /opt/airflow/dags/hw_dag.py
[2024-09-02T04:47:05.552+0000] {logging_mixin.py:190} INFO - [2024-09-02T04:47:05.530+0000] {dagbag.py:386} ERROR - Failed to import: /opt/airflow/dags/hw_dag.py
Traceback (most recent call last):
  File "/home/airflow/.local/lib/python3.12/site-packages/airflow/models/dagbag.py", line 382, in parse
    loader.exec_module(new_module)
  File "<frozen importlib._bootstrap_external>", line 995, in exec_module
  File "<frozen importlib._bootstrap>", line 488, in _call_with_frames_removed
  File "/opt/airflow/dags/hw_dag.py", line 18, in <module>
    from modules.pipeline import pipeline
  File "/home/airflow/airflow_hw/modules/pipeline.py", line 7, in <module>
    from sklearn.compose import ColumnTransformer, make_column_selector
ModuleNotFoundError: No module named 'sklearn'
[2024-09-02T04:47:05.556+0000] {processor.py:927} WARNING - No viable dags retrieved from /opt/airflow/dags/hw_dag.py
[2024-09-02T04:47:05.654+0000] {processor.py:208} INFO - Processing /opt/airflow/dags/hw_dag.py took 0.228 seconds
