[2024-09-12T14:59:16.577+0000] {processor.py:186} INFO - Started process (PID=132) to work on /home/airflow/.local/lib/python3.12/site-packages/airflow/example_dags/example_kubernetes_executor.py
[2024-09-12T14:59:16.622+0000] {processor.py:914} INFO - Processing file /home/airflow/.local/lib/python3.12/site-packages/airflow/example_dags/example_kubernetes_executor.py for tasks to queue
[2024-09-12T14:59:16.643+0000] {logging_mixin.py:190} INFO - [2024-09-12T14:59:16.642+0000] {dagbag.py:587} INFO - Filling up the DagBag from /home/airflow/.local/lib/python3.12/site-packages/airflow/example_dags/example_kubernetes_executor.py
[2024-09-12T14:59:16.833+0000] {processor.py:925} INFO - DAG(s) 'example_kubernetes_executor' retrieved from /home/airflow/.local/lib/python3.12/site-packages/airflow/example_dags/example_kubernetes_executor.py
[2024-09-12T14:59:17.371+0000] {logging_mixin.py:190} INFO - [2024-09-12T14:59:17.371+0000] {dag.py:3211} INFO - Sync 1 DAGs
[2024-09-12T14:59:17.548+0000] {logging_mixin.py:190} INFO - [2024-09-12T14:59:17.547+0000] {dag.py:4138} INFO - Setting next_dagrun for example_kubernetes_executor to None, run_after=None
[2024-09-12T14:59:17.769+0000] {processor.py:208} INFO - Processing /home/airflow/.local/lib/python3.12/site-packages/airflow/example_dags/example_kubernetes_executor.py took 1.230 seconds
[2024-09-12T15:00:13.376+0000] {processor.py:186} INFO - Started process (PID=208) to work on /home/airflow/.local/lib/python3.12/site-packages/airflow/example_dags/example_kubernetes_executor.py
[2024-09-12T15:00:13.396+0000] {processor.py:914} INFO - Processing file /home/airflow/.local/lib/python3.12/site-packages/airflow/example_dags/example_kubernetes_executor.py for tasks to queue
[2024-09-12T15:00:13.413+0000] {logging_mixin.py:190} INFO - [2024-09-12T15:00:13.413+0000] {dagbag.py:587} INFO - Filling up the DagBag from /home/airflow/.local/lib/python3.12/site-packages/airflow/example_dags/example_kubernetes_executor.py
[2024-09-12T15:00:13.609+0000] {processor.py:925} INFO - DAG(s) 'example_kubernetes_executor' retrieved from /home/airflow/.local/lib/python3.12/site-packages/airflow/example_dags/example_kubernetes_executor.py
[2024-09-12T15:00:13.927+0000] {logging_mixin.py:190} INFO - [2024-09-12T15:00:13.927+0000] {dag.py:3211} INFO - Sync 1 DAGs
[2024-09-12T15:00:14.104+0000] {logging_mixin.py:190} INFO - [2024-09-12T15:00:14.104+0000] {dag.py:4138} INFO - Setting next_dagrun for example_kubernetes_executor to None, run_after=None
[2024-09-12T15:00:14.292+0000] {processor.py:208} INFO - Processing /home/airflow/.local/lib/python3.12/site-packages/airflow/example_dags/example_kubernetes_executor.py took 0.949 seconds
[2024-09-12T15:01:27.022+0000] {processor.py:186} INFO - Started process (PID=290) to work on /home/airflow/.local/lib/python3.12/site-packages/airflow/example_dags/example_kubernetes_executor.py
[2024-09-12T15:01:27.036+0000] {processor.py:914} INFO - Processing file /home/airflow/.local/lib/python3.12/site-packages/airflow/example_dags/example_kubernetes_executor.py for tasks to queue
[2024-09-12T15:01:27.082+0000] {logging_mixin.py:190} INFO - [2024-09-12T15:01:27.054+0000] {dagbag.py:587} INFO - Filling up the DagBag from /home/airflow/.local/lib/python3.12/site-packages/airflow/example_dags/example_kubernetes_executor.py
[2024-09-12T15:01:27.324+0000] {processor.py:925} INFO - DAG(s) 'example_kubernetes_executor' retrieved from /home/airflow/.local/lib/python3.12/site-packages/airflow/example_dags/example_kubernetes_executor.py
[2024-09-12T15:01:27.762+0000] {logging_mixin.py:190} INFO - [2024-09-12T15:01:27.751+0000] {dag.py:3211} INFO - Sync 1 DAGs
[2024-09-12T15:01:27.972+0000] {logging_mixin.py:190} INFO - [2024-09-12T15:01:27.972+0000] {dag.py:4138} INFO - Setting next_dagrun for example_kubernetes_executor to None, run_after=None
[2024-09-12T15:01:28.241+0000] {processor.py:208} INFO - Processing /home/airflow/.local/lib/python3.12/site-packages/airflow/example_dags/example_kubernetes_executor.py took 1.300 seconds
[2024-09-12T15:03:42.224+0000] {processor.py:186} INFO - Started process (PID=387) to work on /home/airflow/.local/lib/python3.12/site-packages/airflow/example_dags/example_kubernetes_executor.py
[2024-09-12T15:03:42.241+0000] {processor.py:914} INFO - Processing file /home/airflow/.local/lib/python3.12/site-packages/airflow/example_dags/example_kubernetes_executor.py for tasks to queue
[2024-09-12T15:03:42.257+0000] {logging_mixin.py:190} INFO - [2024-09-12T15:03:42.256+0000] {dagbag.py:587} INFO - Filling up the DagBag from /home/airflow/.local/lib/python3.12/site-packages/airflow/example_dags/example_kubernetes_executor.py
[2024-09-12T15:03:42.631+0000] {processor.py:925} INFO - DAG(s) 'example_kubernetes_executor' retrieved from /home/airflow/.local/lib/python3.12/site-packages/airflow/example_dags/example_kubernetes_executor.py
[2024-09-12T15:03:43.253+0000] {logging_mixin.py:190} INFO - [2024-09-12T15:03:43.252+0000] {dag.py:3211} INFO - Sync 1 DAGs
[2024-09-12T15:03:43.538+0000] {logging_mixin.py:190} INFO - [2024-09-12T15:03:43.537+0000] {dag.py:4138} INFO - Setting next_dagrun for example_kubernetes_executor to None, run_after=None
[2024-09-12T15:03:43.844+0000] {processor.py:208} INFO - Processing /home/airflow/.local/lib/python3.12/site-packages/airflow/example_dags/example_kubernetes_executor.py took 1.696 seconds
[2024-09-12T15:04:38.384+0000] {processor.py:186} INFO - Started process (PID=459) to work on /home/airflow/.local/lib/python3.12/site-packages/airflow/example_dags/example_kubernetes_executor.py
[2024-09-12T15:04:38.404+0000] {processor.py:914} INFO - Processing file /home/airflow/.local/lib/python3.12/site-packages/airflow/example_dags/example_kubernetes_executor.py for tasks to queue
[2024-09-12T15:04:38.410+0000] {logging_mixin.py:190} INFO - [2024-09-12T15:04:38.409+0000] {dagbag.py:587} INFO - Filling up the DagBag from /home/airflow/.local/lib/python3.12/site-packages/airflow/example_dags/example_kubernetes_executor.py
[2024-09-12T15:04:38.604+0000] {processor.py:925} INFO - DAG(s) 'example_kubernetes_executor' retrieved from /home/airflow/.local/lib/python3.12/site-packages/airflow/example_dags/example_kubernetes_executor.py
[2024-09-12T15:04:38.938+0000] {logging_mixin.py:190} INFO - [2024-09-12T15:04:38.937+0000] {dag.py:3211} INFO - Sync 1 DAGs
[2024-09-12T15:04:39.208+0000] {logging_mixin.py:190} INFO - [2024-09-12T15:04:39.207+0000] {dag.py:4138} INFO - Setting next_dagrun for example_kubernetes_executor to None, run_after=None
[2024-09-12T15:04:39.710+0000] {processor.py:208} INFO - Processing /home/airflow/.local/lib/python3.12/site-packages/airflow/example_dags/example_kubernetes_executor.py took 1.394 seconds
[2024-09-12T15:06:10.724+0000] {processor.py:186} INFO - Started process (PID=559) to work on /home/airflow/.local/lib/python3.12/site-packages/airflow/example_dags/example_kubernetes_executor.py
[2024-09-12T15:06:10.756+0000] {processor.py:914} INFO - Processing file /home/airflow/.local/lib/python3.12/site-packages/airflow/example_dags/example_kubernetes_executor.py for tasks to queue
[2024-09-12T15:06:10.777+0000] {logging_mixin.py:190} INFO - [2024-09-12T15:06:10.776+0000] {dagbag.py:587} INFO - Filling up the DagBag from /home/airflow/.local/lib/python3.12/site-packages/airflow/example_dags/example_kubernetes_executor.py
[2024-09-12T15:06:10.965+0000] {processor.py:925} INFO - DAG(s) 'example_kubernetes_executor' retrieved from /home/airflow/.local/lib/python3.12/site-packages/airflow/example_dags/example_kubernetes_executor.py
[2024-09-12T15:06:11.598+0000] {logging_mixin.py:190} INFO - [2024-09-12T15:06:11.597+0000] {dag.py:3211} INFO - Sync 1 DAGs
[2024-09-12T15:06:11.748+0000] {logging_mixin.py:190} INFO - [2024-09-12T15:06:11.748+0000] {dag.py:4138} INFO - Setting next_dagrun for example_kubernetes_executor to None, run_after=None
[2024-09-12T15:06:11.969+0000] {processor.py:208} INFO - Processing /home/airflow/.local/lib/python3.12/site-packages/airflow/example_dags/example_kubernetes_executor.py took 1.312 seconds
[2024-09-12T15:07:30.775+0000] {processor.py:186} INFO - Started process (PID=655) to work on /home/airflow/.local/lib/python3.12/site-packages/airflow/example_dags/example_kubernetes_executor.py
[2024-09-12T15:07:30.842+0000] {processor.py:914} INFO - Processing file /home/airflow/.local/lib/python3.12/site-packages/airflow/example_dags/example_kubernetes_executor.py for tasks to queue
[2024-09-12T15:07:30.846+0000] {logging_mixin.py:190} INFO - [2024-09-12T15:07:30.845+0000] {dagbag.py:587} INFO - Filling up the DagBag from /home/airflow/.local/lib/python3.12/site-packages/airflow/example_dags/example_kubernetes_executor.py
[2024-09-12T15:07:31.194+0000] {processor.py:925} INFO - DAG(s) 'example_kubernetes_executor' retrieved from /home/airflow/.local/lib/python3.12/site-packages/airflow/example_dags/example_kubernetes_executor.py
[2024-09-12T15:07:31.747+0000] {logging_mixin.py:190} INFO - [2024-09-12T15:07:31.746+0000] {dag.py:3211} INFO - Sync 1 DAGs
[2024-09-12T15:07:32.015+0000] {logging_mixin.py:190} INFO - [2024-09-12T15:07:31.969+0000] {dag.py:4138} INFO - Setting next_dagrun for example_kubernetes_executor to None, run_after=None
[2024-09-12T15:07:32.243+0000] {processor.py:208} INFO - Processing /home/airflow/.local/lib/python3.12/site-packages/airflow/example_dags/example_kubernetes_executor.py took 1.527 seconds
[2024-09-12T15:09:00.279+0000] {processor.py:186} INFO - Started process (PID=738) to work on /home/airflow/.local/lib/python3.12/site-packages/airflow/example_dags/example_kubernetes_executor.py
[2024-09-12T15:09:00.296+0000] {processor.py:914} INFO - Processing file /home/airflow/.local/lib/python3.12/site-packages/airflow/example_dags/example_kubernetes_executor.py for tasks to queue
[2024-09-12T15:09:00.308+0000] {logging_mixin.py:190} INFO - [2024-09-12T15:09:00.308+0000] {dagbag.py:587} INFO - Filling up the DagBag from /home/airflow/.local/lib/python3.12/site-packages/airflow/example_dags/example_kubernetes_executor.py
[2024-09-12T15:09:00.438+0000] {processor.py:925} INFO - DAG(s) 'example_kubernetes_executor' retrieved from /home/airflow/.local/lib/python3.12/site-packages/airflow/example_dags/example_kubernetes_executor.py
[2024-09-12T15:09:00.818+0000] {logging_mixin.py:190} INFO - [2024-09-12T15:09:00.774+0000] {dag.py:3211} INFO - Sync 1 DAGs
[2024-09-12T15:09:00.982+0000] {logging_mixin.py:190} INFO - [2024-09-12T15:09:00.982+0000] {dag.py:4138} INFO - Setting next_dagrun for example_kubernetes_executor to None, run_after=None
[2024-09-12T15:09:01.380+0000] {processor.py:208} INFO - Processing /home/airflow/.local/lib/python3.12/site-packages/airflow/example_dags/example_kubernetes_executor.py took 1.149 seconds
[2024-09-12T15:10:11.402+0000] {processor.py:186} INFO - Started process (PID=823) to work on /home/airflow/.local/lib/python3.12/site-packages/airflow/example_dags/example_kubernetes_executor.py
[2024-09-12T15:10:11.415+0000] {processor.py:914} INFO - Processing file /home/airflow/.local/lib/python3.12/site-packages/airflow/example_dags/example_kubernetes_executor.py for tasks to queue
[2024-09-12T15:10:11.433+0000] {logging_mixin.py:190} INFO - [2024-09-12T15:10:11.432+0000] {dagbag.py:587} INFO - Filling up the DagBag from /home/airflow/.local/lib/python3.12/site-packages/airflow/example_dags/example_kubernetes_executor.py
[2024-09-12T15:10:11.966+0000] {processor.py:925} INFO - DAG(s) 'example_kubernetes_executor' retrieved from /home/airflow/.local/lib/python3.12/site-packages/airflow/example_dags/example_kubernetes_executor.py
[2024-09-12T15:10:13.114+0000] {logging_mixin.py:190} INFO - [2024-09-12T15:10:13.113+0000] {dag.py:3211} INFO - Sync 1 DAGs
[2024-09-12T15:10:13.393+0000] {logging_mixin.py:190} INFO - [2024-09-12T15:10:13.393+0000] {dag.py:4138} INFO - Setting next_dagrun for example_kubernetes_executor to None, run_after=None
[2024-09-12T15:10:13.660+0000] {processor.py:208} INFO - Processing /home/airflow/.local/lib/python3.12/site-packages/airflow/example_dags/example_kubernetes_executor.py took 2.297 seconds
[2024-09-12T15:11:08.097+0000] {processor.py:186} INFO - Started process (PID=890) to work on /home/airflow/.local/lib/python3.12/site-packages/airflow/example_dags/example_kubernetes_executor.py
[2024-09-12T15:11:08.113+0000] {processor.py:914} INFO - Processing file /home/airflow/.local/lib/python3.12/site-packages/airflow/example_dags/example_kubernetes_executor.py for tasks to queue
[2024-09-12T15:11:08.116+0000] {logging_mixin.py:190} INFO - [2024-09-12T15:11:08.116+0000] {dagbag.py:587} INFO - Filling up the DagBag from /home/airflow/.local/lib/python3.12/site-packages/airflow/example_dags/example_kubernetes_executor.py
[2024-09-12T15:11:08.287+0000] {processor.py:925} INFO - DAG(s) 'example_kubernetes_executor' retrieved from /home/airflow/.local/lib/python3.12/site-packages/airflow/example_dags/example_kubernetes_executor.py
[2024-09-12T15:11:08.864+0000] {logging_mixin.py:190} INFO - [2024-09-12T15:11:08.863+0000] {dag.py:3211} INFO - Sync 1 DAGs
[2024-09-12T15:11:09.209+0000] {logging_mixin.py:190} INFO - [2024-09-12T15:11:09.209+0000] {dag.py:4138} INFO - Setting next_dagrun for example_kubernetes_executor to None, run_after=None
[2024-09-12T15:11:09.471+0000] {processor.py:208} INFO - Processing /home/airflow/.local/lib/python3.12/site-packages/airflow/example_dags/example_kubernetes_executor.py took 1.507 seconds
[2024-09-12T15:15:39.309+0000] {processor.py:186} INFO - Started process (PID=134) to work on /home/airflow/.local/lib/python3.12/site-packages/airflow/example_dags/example_kubernetes_executor.py
[2024-09-12T15:15:39.327+0000] {processor.py:914} INFO - Processing file /home/airflow/.local/lib/python3.12/site-packages/airflow/example_dags/example_kubernetes_executor.py for tasks to queue
[2024-09-12T15:15:39.364+0000] {logging_mixin.py:190} INFO - [2024-09-12T15:15:39.363+0000] {dagbag.py:587} INFO - Filling up the DagBag from /home/airflow/.local/lib/python3.12/site-packages/airflow/example_dags/example_kubernetes_executor.py
[2024-09-12T15:15:39.878+0000] {processor.py:925} INFO - DAG(s) 'example_kubernetes_executor' retrieved from /home/airflow/.local/lib/python3.12/site-packages/airflow/example_dags/example_kubernetes_executor.py
[2024-09-12T15:15:40.524+0000] {logging_mixin.py:190} INFO - [2024-09-12T15:15:40.511+0000] {dag.py:3211} INFO - Sync 1 DAGs
[2024-09-12T15:15:40.664+0000] {logging_mixin.py:190} INFO - [2024-09-12T15:15:40.663+0000] {dag.py:4138} INFO - Setting next_dagrun for example_kubernetes_executor to None, run_after=None
[2024-09-12T15:15:40.827+0000] {processor.py:208} INFO - Processing /home/airflow/.local/lib/python3.12/site-packages/airflow/example_dags/example_kubernetes_executor.py took 1.558 seconds
[2024-09-12T15:17:27.544+0000] {processor.py:186} INFO - Started process (PID=249) to work on /home/airflow/.local/lib/python3.12/site-packages/airflow/example_dags/example_kubernetes_executor.py
[2024-09-12T15:17:27.573+0000] {processor.py:914} INFO - Processing file /home/airflow/.local/lib/python3.12/site-packages/airflow/example_dags/example_kubernetes_executor.py for tasks to queue
[2024-09-12T15:17:27.590+0000] {logging_mixin.py:190} INFO - [2024-09-12T15:17:27.590+0000] {dagbag.py:587} INFO - Filling up the DagBag from /home/airflow/.local/lib/python3.12/site-packages/airflow/example_dags/example_kubernetes_executor.py
[2024-09-12T15:17:27.791+0000] {processor.py:925} INFO - DAG(s) 'example_kubernetes_executor' retrieved from /home/airflow/.local/lib/python3.12/site-packages/airflow/example_dags/example_kubernetes_executor.py
[2024-09-12T15:17:28.252+0000] {logging_mixin.py:190} INFO - [2024-09-12T15:17:28.252+0000] {dag.py:3211} INFO - Sync 1 DAGs
[2024-09-12T15:17:28.603+0000] {logging_mixin.py:190} INFO - [2024-09-12T15:17:28.554+0000] {dag.py:4138} INFO - Setting next_dagrun for example_kubernetes_executor to None, run_after=None
[2024-09-12T15:17:28.969+0000] {processor.py:208} INFO - Processing /home/airflow/.local/lib/python3.12/site-packages/airflow/example_dags/example_kubernetes_executor.py took 1.491 seconds
[2024-09-12T15:18:37.928+0000] {processor.py:186} INFO - Started process (PID=342) to work on /home/airflow/.local/lib/python3.12/site-packages/airflow/example_dags/example_kubernetes_executor.py
[2024-09-12T15:18:37.943+0000] {processor.py:914} INFO - Processing file /home/airflow/.local/lib/python3.12/site-packages/airflow/example_dags/example_kubernetes_executor.py for tasks to queue
[2024-09-12T15:18:37.961+0000] {logging_mixin.py:190} INFO - [2024-09-12T15:18:37.960+0000] {dagbag.py:587} INFO - Filling up the DagBag from /home/airflow/.local/lib/python3.12/site-packages/airflow/example_dags/example_kubernetes_executor.py
[2024-09-12T15:18:38.099+0000] {processor.py:925} INFO - DAG(s) 'example_kubernetes_executor' retrieved from /home/airflow/.local/lib/python3.12/site-packages/airflow/example_dags/example_kubernetes_executor.py
[2024-09-12T15:18:38.393+0000] {logging_mixin.py:190} INFO - [2024-09-12T15:18:38.393+0000] {dag.py:3211} INFO - Sync 1 DAGs
[2024-09-12T15:18:38.605+0000] {logging_mixin.py:190} INFO - [2024-09-12T15:18:38.604+0000] {dag.py:4138} INFO - Setting next_dagrun for example_kubernetes_executor to None, run_after=None
[2024-09-12T15:18:38.833+0000] {processor.py:208} INFO - Processing /home/airflow/.local/lib/python3.12/site-packages/airflow/example_dags/example_kubernetes_executor.py took 0.953 seconds
[2024-09-12T15:19:53.453+0000] {processor.py:186} INFO - Started process (PID=431) to work on /home/airflow/.local/lib/python3.12/site-packages/airflow/example_dags/example_kubernetes_executor.py
[2024-09-12T15:19:53.465+0000] {processor.py:914} INFO - Processing file /home/airflow/.local/lib/python3.12/site-packages/airflow/example_dags/example_kubernetes_executor.py for tasks to queue
[2024-09-12T15:19:53.520+0000] {logging_mixin.py:190} INFO - [2024-09-12T15:19:53.502+0000] {dagbag.py:587} INFO - Filling up the DagBag from /home/airflow/.local/lib/python3.12/site-packages/airflow/example_dags/example_kubernetes_executor.py
[2024-09-12T15:19:53.711+0000] {processor.py:925} INFO - DAG(s) 'example_kubernetes_executor' retrieved from /home/airflow/.local/lib/python3.12/site-packages/airflow/example_dags/example_kubernetes_executor.py
[2024-09-12T15:19:54.405+0000] {logging_mixin.py:190} INFO - [2024-09-12T15:19:54.405+0000] {dag.py:3211} INFO - Sync 1 DAGs
[2024-09-12T15:19:54.693+0000] {logging_mixin.py:190} INFO - [2024-09-12T15:19:54.693+0000] {dag.py:4138} INFO - Setting next_dagrun for example_kubernetes_executor to None, run_after=None
[2024-09-12T15:19:54.947+0000] {processor.py:208} INFO - Processing /home/airflow/.local/lib/python3.12/site-packages/airflow/example_dags/example_kubernetes_executor.py took 1.522 seconds
[2024-09-12T15:20:59.073+0000] {processor.py:186} INFO - Started process (PID=525) to work on /home/airflow/.local/lib/python3.12/site-packages/airflow/example_dags/example_kubernetes_executor.py
[2024-09-12T15:20:59.104+0000] {processor.py:914} INFO - Processing file /home/airflow/.local/lib/python3.12/site-packages/airflow/example_dags/example_kubernetes_executor.py for tasks to queue
[2024-09-12T15:20:59.153+0000] {logging_mixin.py:190} INFO - [2024-09-12T15:20:59.152+0000] {dagbag.py:587} INFO - Filling up the DagBag from /home/airflow/.local/lib/python3.12/site-packages/airflow/example_dags/example_kubernetes_executor.py
[2024-09-12T15:20:59.309+0000] {processor.py:925} INFO - DAG(s) 'example_kubernetes_executor' retrieved from /home/airflow/.local/lib/python3.12/site-packages/airflow/example_dags/example_kubernetes_executor.py
[2024-09-12T15:20:59.865+0000] {logging_mixin.py:190} INFO - [2024-09-12T15:20:59.865+0000] {dag.py:3211} INFO - Sync 1 DAGs
[2024-09-12T15:21:00.320+0000] {logging_mixin.py:190} INFO - [2024-09-12T15:21:00.319+0000] {dag.py:4138} INFO - Setting next_dagrun for example_kubernetes_executor to None, run_after=None
[2024-09-12T15:21:00.509+0000] {processor.py:208} INFO - Processing /home/airflow/.local/lib/python3.12/site-packages/airflow/example_dags/example_kubernetes_executor.py took 1.518 seconds
[2024-09-12T15:22:15.147+0000] {processor.py:186} INFO - Started process (PID=596) to work on /home/airflow/.local/lib/python3.12/site-packages/airflow/example_dags/example_kubernetes_executor.py
[2024-09-12T15:22:15.149+0000] {processor.py:914} INFO - Processing file /home/airflow/.local/lib/python3.12/site-packages/airflow/example_dags/example_kubernetes_executor.py for tasks to queue
[2024-09-12T15:22:15.212+0000] {logging_mixin.py:190} INFO - [2024-09-12T15:22:15.211+0000] {dagbag.py:587} INFO - Filling up the DagBag from /home/airflow/.local/lib/python3.12/site-packages/airflow/example_dags/example_kubernetes_executor.py
[2024-09-12T15:22:15.386+0000] {processor.py:925} INFO - DAG(s) 'example_kubernetes_executor' retrieved from /home/airflow/.local/lib/python3.12/site-packages/airflow/example_dags/example_kubernetes_executor.py
[2024-09-12T15:22:15.960+0000] {logging_mixin.py:190} INFO - [2024-09-12T15:22:15.959+0000] {dag.py:3211} INFO - Sync 1 DAGs
[2024-09-12T15:22:16.326+0000] {logging_mixin.py:190} INFO - [2024-09-12T15:22:16.325+0000] {dag.py:4138} INFO - Setting next_dagrun for example_kubernetes_executor to None, run_after=None
[2024-09-12T15:22:16.673+0000] {processor.py:208} INFO - Processing /home/airflow/.local/lib/python3.12/site-packages/airflow/example_dags/example_kubernetes_executor.py took 1.699 seconds
[2024-09-12T15:23:19.442+0000] {processor.py:186} INFO - Started process (PID=673) to work on /home/airflow/.local/lib/python3.12/site-packages/airflow/example_dags/example_kubernetes_executor.py
[2024-09-12T15:23:19.456+0000] {processor.py:914} INFO - Processing file /home/airflow/.local/lib/python3.12/site-packages/airflow/example_dags/example_kubernetes_executor.py for tasks to queue
[2024-09-12T15:23:19.489+0000] {logging_mixin.py:190} INFO - [2024-09-12T15:23:19.488+0000] {dagbag.py:587} INFO - Filling up the DagBag from /home/airflow/.local/lib/python3.12/site-packages/airflow/example_dags/example_kubernetes_executor.py
[2024-09-12T15:23:19.629+0000] {processor.py:925} INFO - DAG(s) 'example_kubernetes_executor' retrieved from /home/airflow/.local/lib/python3.12/site-packages/airflow/example_dags/example_kubernetes_executor.py
[2024-09-12T15:23:20.335+0000] {logging_mixin.py:190} INFO - [2024-09-12T15:23:20.334+0000] {dag.py:3211} INFO - Sync 1 DAGs
[2024-09-12T15:23:20.751+0000] {logging_mixin.py:190} INFO - [2024-09-12T15:23:20.750+0000] {dag.py:4138} INFO - Setting next_dagrun for example_kubernetes_executor to None, run_after=None
[2024-09-12T15:23:20.992+0000] {processor.py:208} INFO - Processing /home/airflow/.local/lib/python3.12/site-packages/airflow/example_dags/example_kubernetes_executor.py took 1.576 seconds
[2024-09-12T15:24:24.240+0000] {processor.py:186} INFO - Started process (PID=749) to work on /home/airflow/.local/lib/python3.12/site-packages/airflow/example_dags/example_kubernetes_executor.py
[2024-09-12T15:24:24.270+0000] {processor.py:914} INFO - Processing file /home/airflow/.local/lib/python3.12/site-packages/airflow/example_dags/example_kubernetes_executor.py for tasks to queue
[2024-09-12T15:24:24.288+0000] {logging_mixin.py:190} INFO - [2024-09-12T15:24:24.287+0000] {dagbag.py:587} INFO - Filling up the DagBag from /home/airflow/.local/lib/python3.12/site-packages/airflow/example_dags/example_kubernetes_executor.py
[2024-09-12T15:24:24.544+0000] {processor.py:925} INFO - DAG(s) 'example_kubernetes_executor' retrieved from /home/airflow/.local/lib/python3.12/site-packages/airflow/example_dags/example_kubernetes_executor.py
[2024-09-12T15:24:25.046+0000] {logging_mixin.py:190} INFO - [2024-09-12T15:24:25.045+0000] {dag.py:3211} INFO - Sync 1 DAGs
[2024-09-12T15:24:25.222+0000] {logging_mixin.py:190} INFO - [2024-09-12T15:24:25.211+0000] {dag.py:4138} INFO - Setting next_dagrun for example_kubernetes_executor to None, run_after=None
[2024-09-12T15:24:25.323+0000] {processor.py:208} INFO - Processing /home/airflow/.local/lib/python3.12/site-packages/airflow/example_dags/example_kubernetes_executor.py took 1.180 seconds
[2024-09-12T15:26:25.898+0000] {processor.py:186} INFO - Started process (PID=839) to work on /home/airflow/.local/lib/python3.12/site-packages/airflow/example_dags/example_kubernetes_executor.py
[2024-09-12T15:26:25.928+0000] {processor.py:914} INFO - Processing file /home/airflow/.local/lib/python3.12/site-packages/airflow/example_dags/example_kubernetes_executor.py for tasks to queue
[2024-09-12T15:26:25.962+0000] {logging_mixin.py:190} INFO - [2024-09-12T15:26:25.962+0000] {dagbag.py:587} INFO - Filling up the DagBag from /home/airflow/.local/lib/python3.12/site-packages/airflow/example_dags/example_kubernetes_executor.py
[2024-09-12T15:26:26.251+0000] {processor.py:925} INFO - DAG(s) 'example_kubernetes_executor' retrieved from /home/airflow/.local/lib/python3.12/site-packages/airflow/example_dags/example_kubernetes_executor.py
[2024-09-12T15:26:26.771+0000] {logging_mixin.py:190} INFO - [2024-09-12T15:26:26.770+0000] {dag.py:3211} INFO - Sync 1 DAGs
[2024-09-12T15:26:27.010+0000] {logging_mixin.py:190} INFO - [2024-09-12T15:26:27.010+0000] {dag.py:4138} INFO - Setting next_dagrun for example_kubernetes_executor to None, run_after=None
[2024-09-12T15:26:27.611+0000] {processor.py:208} INFO - Processing /home/airflow/.local/lib/python3.12/site-packages/airflow/example_dags/example_kubernetes_executor.py took 1.857 seconds
[2024-09-12T15:27:31.977+0000] {processor.py:186} INFO - Started process (PID=914) to work on /home/airflow/.local/lib/python3.12/site-packages/airflow/example_dags/example_kubernetes_executor.py
[2024-09-12T15:27:31.980+0000] {processor.py:914} INFO - Processing file /home/airflow/.local/lib/python3.12/site-packages/airflow/example_dags/example_kubernetes_executor.py for tasks to queue
[2024-09-12T15:27:32.025+0000] {logging_mixin.py:190} INFO - [2024-09-12T15:27:32.024+0000] {dagbag.py:587} INFO - Filling up the DagBag from /home/airflow/.local/lib/python3.12/site-packages/airflow/example_dags/example_kubernetes_executor.py
[2024-09-12T15:27:32.106+0000] {processor.py:925} INFO - DAG(s) 'example_kubernetes_executor' retrieved from /home/airflow/.local/lib/python3.12/site-packages/airflow/example_dags/example_kubernetes_executor.py
[2024-09-12T15:27:32.688+0000] {logging_mixin.py:190} INFO - [2024-09-12T15:27:32.688+0000] {dag.py:3211} INFO - Sync 1 DAGs
[2024-09-12T15:27:32.880+0000] {logging_mixin.py:190} INFO - [2024-09-12T15:27:32.879+0000] {dag.py:4138} INFO - Setting next_dagrun for example_kubernetes_executor to None, run_after=None
[2024-09-12T15:27:33.056+0000] {processor.py:208} INFO - Processing /home/airflow/.local/lib/python3.12/site-packages/airflow/example_dags/example_kubernetes_executor.py took 1.141 seconds
[2024-09-12T15:28:23.482+0000] {processor.py:186} INFO - Started process (PID=986) to work on /home/airflow/.local/lib/python3.12/site-packages/airflow/example_dags/example_kubernetes_executor.py
[2024-09-12T15:28:23.514+0000] {processor.py:914} INFO - Processing file /home/airflow/.local/lib/python3.12/site-packages/airflow/example_dags/example_kubernetes_executor.py for tasks to queue
[2024-09-12T15:28:23.531+0000] {logging_mixin.py:190} INFO - [2024-09-12T15:28:23.530+0000] {dagbag.py:587} INFO - Filling up the DagBag from /home/airflow/.local/lib/python3.12/site-packages/airflow/example_dags/example_kubernetes_executor.py
[2024-09-12T15:28:23.711+0000] {processor.py:925} INFO - DAG(s) 'example_kubernetes_executor' retrieved from /home/airflow/.local/lib/python3.12/site-packages/airflow/example_dags/example_kubernetes_executor.py
[2024-09-12T15:28:24.114+0000] {logging_mixin.py:190} INFO - [2024-09-12T15:28:24.113+0000] {dag.py:3211} INFO - Sync 1 DAGs
[2024-09-12T15:28:24.301+0000] {logging_mixin.py:190} INFO - [2024-09-12T15:28:24.301+0000] {dag.py:4138} INFO - Setting next_dagrun for example_kubernetes_executor to None, run_after=None
[2024-09-12T15:28:24.504+0000] {processor.py:208} INFO - Processing /home/airflow/.local/lib/python3.12/site-packages/airflow/example_dags/example_kubernetes_executor.py took 1.072 seconds
[2024-09-12T15:29:26.437+0000] {processor.py:186} INFO - Started process (PID=1075) to work on /home/airflow/.local/lib/python3.12/site-packages/airflow/example_dags/example_kubernetes_executor.py
[2024-09-12T15:29:26.445+0000] {processor.py:914} INFO - Processing file /home/airflow/.local/lib/python3.12/site-packages/airflow/example_dags/example_kubernetes_executor.py for tasks to queue
[2024-09-12T15:29:26.461+0000] {logging_mixin.py:190} INFO - [2024-09-12T15:29:26.461+0000] {dagbag.py:587} INFO - Filling up the DagBag from /home/airflow/.local/lib/python3.12/site-packages/airflow/example_dags/example_kubernetes_executor.py
[2024-09-12T15:29:26.729+0000] {processor.py:925} INFO - DAG(s) 'example_kubernetes_executor' retrieved from /home/airflow/.local/lib/python3.12/site-packages/airflow/example_dags/example_kubernetes_executor.py
[2024-09-12T15:29:27.460+0000] {logging_mixin.py:190} INFO - [2024-09-12T15:29:27.452+0000] {dag.py:3211} INFO - Sync 1 DAGs
[2024-09-12T15:29:27.671+0000] {logging_mixin.py:190} INFO - [2024-09-12T15:29:27.669+0000] {dag.py:4138} INFO - Setting next_dagrun for example_kubernetes_executor to None, run_after=None
[2024-09-12T15:29:28.107+0000] {processor.py:208} INFO - Processing /home/airflow/.local/lib/python3.12/site-packages/airflow/example_dags/example_kubernetes_executor.py took 1.759 seconds
[2024-09-12T15:31:39.324+0000] {processor.py:186} INFO - Started process (PID=1180) to work on /home/airflow/.local/lib/python3.12/site-packages/airflow/example_dags/example_kubernetes_executor.py
[2024-09-12T15:31:39.336+0000] {processor.py:914} INFO - Processing file /home/airflow/.local/lib/python3.12/site-packages/airflow/example_dags/example_kubernetes_executor.py for tasks to queue
[2024-09-12T15:31:39.379+0000] {logging_mixin.py:190} INFO - [2024-09-12T15:31:39.371+0000] {dagbag.py:587} INFO - Filling up the DagBag from /home/airflow/.local/lib/python3.12/site-packages/airflow/example_dags/example_kubernetes_executor.py
[2024-09-12T15:31:39.491+0000] {processor.py:925} INFO - DAG(s) 'example_kubernetes_executor' retrieved from /home/airflow/.local/lib/python3.12/site-packages/airflow/example_dags/example_kubernetes_executor.py
[2024-09-12T15:31:40.109+0000] {logging_mixin.py:190} INFO - [2024-09-12T15:31:40.108+0000] {dag.py:3211} INFO - Sync 1 DAGs
[2024-09-12T15:31:40.392+0000] {logging_mixin.py:190} INFO - [2024-09-12T15:31:40.392+0000] {dag.py:4138} INFO - Setting next_dagrun for example_kubernetes_executor to None, run_after=None
[2024-09-12T15:31:40.552+0000] {processor.py:208} INFO - Processing /home/airflow/.local/lib/python3.12/site-packages/airflow/example_dags/example_kubernetes_executor.py took 1.271 seconds
[2024-09-12T15:32:23.858+0000] {processor.py:186} INFO - Started process (PID=1251) to work on /home/airflow/.local/lib/python3.12/site-packages/airflow/example_dags/example_kubernetes_executor.py
[2024-09-12T15:32:23.862+0000] {processor.py:914} INFO - Processing file /home/airflow/.local/lib/python3.12/site-packages/airflow/example_dags/example_kubernetes_executor.py for tasks to queue
[2024-09-12T15:32:23.875+0000] {logging_mixin.py:190} INFO - [2024-09-12T15:32:23.870+0000] {dagbag.py:587} INFO - Filling up the DagBag from /home/airflow/.local/lib/python3.12/site-packages/airflow/example_dags/example_kubernetes_executor.py
[2024-09-12T15:32:23.977+0000] {processor.py:925} INFO - DAG(s) 'example_kubernetes_executor' retrieved from /home/airflow/.local/lib/python3.12/site-packages/airflow/example_dags/example_kubernetes_executor.py
[2024-09-12T15:32:24.175+0000] {logging_mixin.py:190} INFO - [2024-09-12T15:32:24.175+0000] {dag.py:3211} INFO - Sync 1 DAGs
[2024-09-12T15:32:24.270+0000] {logging_mixin.py:190} INFO - [2024-09-12T15:32:24.270+0000] {dag.py:4138} INFO - Setting next_dagrun for example_kubernetes_executor to None, run_after=None
[2024-09-12T15:32:24.429+0000] {processor.py:208} INFO - Processing /home/airflow/.local/lib/python3.12/site-packages/airflow/example_dags/example_kubernetes_executor.py took 0.617 seconds
[2024-09-12T15:33:25.329+0000] {processor.py:186} INFO - Started process (PID=1327) to work on /home/airflow/.local/lib/python3.12/site-packages/airflow/example_dags/example_kubernetes_executor.py
[2024-09-12T15:33:25.378+0000] {processor.py:914} INFO - Processing file /home/airflow/.local/lib/python3.12/site-packages/airflow/example_dags/example_kubernetes_executor.py for tasks to queue
[2024-09-12T15:33:25.385+0000] {logging_mixin.py:190} INFO - [2024-09-12T15:33:25.384+0000] {dagbag.py:587} INFO - Filling up the DagBag from /home/airflow/.local/lib/python3.12/site-packages/airflow/example_dags/example_kubernetes_executor.py
[2024-09-12T15:33:25.588+0000] {processor.py:925} INFO - DAG(s) 'example_kubernetes_executor' retrieved from /home/airflow/.local/lib/python3.12/site-packages/airflow/example_dags/example_kubernetes_executor.py
[2024-09-12T15:33:25.903+0000] {logging_mixin.py:190} INFO - [2024-09-12T15:33:25.903+0000] {dag.py:3211} INFO - Sync 1 DAGs
[2024-09-12T15:33:26.093+0000] {logging_mixin.py:190} INFO - [2024-09-12T15:33:26.093+0000] {dag.py:4138} INFO - Setting next_dagrun for example_kubernetes_executor to None, run_after=None
[2024-09-12T15:33:26.532+0000] {processor.py:208} INFO - Processing /home/airflow/.local/lib/python3.12/site-packages/airflow/example_dags/example_kubernetes_executor.py took 1.335 seconds
[2024-09-12T15:34:05.623+0000] {processor.py:186} INFO - Started process (PID=1399) to work on /home/airflow/.local/lib/python3.12/site-packages/airflow/example_dags/example_kubernetes_executor.py
[2024-09-12T15:34:05.633+0000] {processor.py:914} INFO - Processing file /home/airflow/.local/lib/python3.12/site-packages/airflow/example_dags/example_kubernetes_executor.py for tasks to queue
[2024-09-12T15:34:05.643+0000] {logging_mixin.py:190} INFO - [2024-09-12T15:34:05.643+0000] {dagbag.py:587} INFO - Filling up the DagBag from /home/airflow/.local/lib/python3.12/site-packages/airflow/example_dags/example_kubernetes_executor.py
[2024-09-12T15:34:05.747+0000] {processor.py:925} INFO - DAG(s) 'example_kubernetes_executor' retrieved from /home/airflow/.local/lib/python3.12/site-packages/airflow/example_dags/example_kubernetes_executor.py
[2024-09-12T15:34:06.054+0000] {logging_mixin.py:190} INFO - [2024-09-12T15:34:06.054+0000] {dag.py:3211} INFO - Sync 1 DAGs
[2024-09-12T15:34:06.124+0000] {logging_mixin.py:190} INFO - [2024-09-12T15:34:06.124+0000] {dag.py:4138} INFO - Setting next_dagrun for example_kubernetes_executor to None, run_after=None
[2024-09-12T15:34:06.218+0000] {processor.py:208} INFO - Processing /home/airflow/.local/lib/python3.12/site-packages/airflow/example_dags/example_kubernetes_executor.py took 0.637 seconds
[2024-09-12T15:34:46.623+0000] {processor.py:186} INFO - Started process (PID=1469) to work on /home/airflow/.local/lib/python3.12/site-packages/airflow/example_dags/example_kubernetes_executor.py
[2024-09-12T15:34:46.639+0000] {processor.py:914} INFO - Processing file /home/airflow/.local/lib/python3.12/site-packages/airflow/example_dags/example_kubernetes_executor.py for tasks to queue
[2024-09-12T15:34:46.643+0000] {logging_mixin.py:190} INFO - [2024-09-12T15:34:46.642+0000] {dagbag.py:587} INFO - Filling up the DagBag from /home/airflow/.local/lib/python3.12/site-packages/airflow/example_dags/example_kubernetes_executor.py
[2024-09-12T15:34:46.754+0000] {processor.py:925} INFO - DAG(s) 'example_kubernetes_executor' retrieved from /home/airflow/.local/lib/python3.12/site-packages/airflow/example_dags/example_kubernetes_executor.py
[2024-09-12T15:34:47.172+0000] {logging_mixin.py:190} INFO - [2024-09-12T15:34:47.172+0000] {dag.py:3211} INFO - Sync 1 DAGs
[2024-09-12T15:34:47.307+0000] {logging_mixin.py:190} INFO - [2024-09-12T15:34:47.306+0000] {dag.py:4138} INFO - Setting next_dagrun for example_kubernetes_executor to None, run_after=None
[2024-09-12T15:34:47.519+0000] {processor.py:208} INFO - Processing /home/airflow/.local/lib/python3.12/site-packages/airflow/example_dags/example_kubernetes_executor.py took 0.935 seconds
[2024-09-12T15:35:58.741+0000] {processor.py:186} INFO - Started process (PID=1541) to work on /home/airflow/.local/lib/python3.12/site-packages/airflow/example_dags/example_kubernetes_executor.py
[2024-09-12T15:35:58.757+0000] {processor.py:914} INFO - Processing file /home/airflow/.local/lib/python3.12/site-packages/airflow/example_dags/example_kubernetes_executor.py for tasks to queue
[2024-09-12T15:35:58.792+0000] {logging_mixin.py:190} INFO - [2024-09-12T15:35:58.761+0000] {dagbag.py:587} INFO - Filling up the DagBag from /home/airflow/.local/lib/python3.12/site-packages/airflow/example_dags/example_kubernetes_executor.py
[2024-09-12T15:35:59.079+0000] {processor.py:925} INFO - DAG(s) 'example_kubernetes_executor' retrieved from /home/airflow/.local/lib/python3.12/site-packages/airflow/example_dags/example_kubernetes_executor.py
[2024-09-12T15:35:59.444+0000] {logging_mixin.py:190} INFO - [2024-09-12T15:35:59.444+0000] {dag.py:3211} INFO - Sync 1 DAGs
[2024-09-12T15:35:59.523+0000] {logging_mixin.py:190} INFO - [2024-09-12T15:35:59.522+0000] {dag.py:4138} INFO - Setting next_dagrun for example_kubernetes_executor to None, run_after=None
[2024-09-12T15:35:59.656+0000] {processor.py:208} INFO - Processing /home/airflow/.local/lib/python3.12/site-packages/airflow/example_dags/example_kubernetes_executor.py took 0.984 seconds
[2024-09-12T15:37:07.982+0000] {processor.py:186} INFO - Started process (PID=1623) to work on /home/airflow/.local/lib/python3.12/site-packages/airflow/example_dags/example_kubernetes_executor.py
[2024-09-12T15:37:07.997+0000] {processor.py:914} INFO - Processing file /home/airflow/.local/lib/python3.12/site-packages/airflow/example_dags/example_kubernetes_executor.py for tasks to queue
[2024-09-12T15:37:08.014+0000] {logging_mixin.py:190} INFO - [2024-09-12T15:37:08.013+0000] {dagbag.py:587} INFO - Filling up the DagBag from /home/airflow/.local/lib/python3.12/site-packages/airflow/example_dags/example_kubernetes_executor.py
[2024-09-12T15:37:08.245+0000] {processor.py:925} INFO - DAG(s) 'example_kubernetes_executor' retrieved from /home/airflow/.local/lib/python3.12/site-packages/airflow/example_dags/example_kubernetes_executor.py
[2024-09-12T15:37:08.554+0000] {logging_mixin.py:190} INFO - [2024-09-12T15:37:08.553+0000] {dag.py:3211} INFO - Sync 1 DAGs
[2024-09-12T15:37:08.640+0000] {logging_mixin.py:190} INFO - [2024-09-12T15:37:08.639+0000] {dag.py:4138} INFO - Setting next_dagrun for example_kubernetes_executor to None, run_after=None
[2024-09-12T15:37:08.893+0000] {processor.py:208} INFO - Processing /home/airflow/.local/lib/python3.12/site-packages/airflow/example_dags/example_kubernetes_executor.py took 0.966 seconds
[2024-09-12T15:38:28.792+0000] {processor.py:186} INFO - Started process (PID=1706) to work on /home/airflow/.local/lib/python3.12/site-packages/airflow/example_dags/example_kubernetes_executor.py
[2024-09-12T15:38:28.836+0000] {processor.py:914} INFO - Processing file /home/airflow/.local/lib/python3.12/site-packages/airflow/example_dags/example_kubernetes_executor.py for tasks to queue
[2024-09-12T15:38:28.894+0000] {logging_mixin.py:190} INFO - [2024-09-12T15:38:28.871+0000] {dagbag.py:587} INFO - Filling up the DagBag from /home/airflow/.local/lib/python3.12/site-packages/airflow/example_dags/example_kubernetes_executor.py
[2024-09-12T15:38:29.116+0000] {processor.py:925} INFO - DAG(s) 'example_kubernetes_executor' retrieved from /home/airflow/.local/lib/python3.12/site-packages/airflow/example_dags/example_kubernetes_executor.py
[2024-09-12T15:38:29.715+0000] {logging_mixin.py:190} INFO - [2024-09-12T15:38:29.715+0000] {dag.py:3211} INFO - Sync 1 DAGs
[2024-09-12T15:38:29.966+0000] {logging_mixin.py:190} INFO - [2024-09-12T15:38:29.966+0000] {dag.py:4138} INFO - Setting next_dagrun for example_kubernetes_executor to None, run_after=None
[2024-09-12T15:38:30.254+0000] {processor.py:208} INFO - Processing /home/airflow/.local/lib/python3.12/site-packages/airflow/example_dags/example_kubernetes_executor.py took 1.544 seconds
[2024-09-12T15:40:13.926+0000] {processor.py:186} INFO - Started process (PID=1804) to work on /home/airflow/.local/lib/python3.12/site-packages/airflow/example_dags/example_kubernetes_executor.py
[2024-09-12T15:40:13.964+0000] {processor.py:914} INFO - Processing file /home/airflow/.local/lib/python3.12/site-packages/airflow/example_dags/example_kubernetes_executor.py for tasks to queue
[2024-09-12T15:40:13.985+0000] {logging_mixin.py:190} INFO - [2024-09-12T15:40:13.984+0000] {dagbag.py:587} INFO - Filling up the DagBag from /home/airflow/.local/lib/python3.12/site-packages/airflow/example_dags/example_kubernetes_executor.py
[2024-09-12T15:40:14.195+0000] {processor.py:925} INFO - DAG(s) 'example_kubernetes_executor' retrieved from /home/airflow/.local/lib/python3.12/site-packages/airflow/example_dags/example_kubernetes_executor.py
[2024-09-12T15:40:14.706+0000] {logging_mixin.py:190} INFO - [2024-09-12T15:40:14.694+0000] {dag.py:3211} INFO - Sync 1 DAGs
[2024-09-12T15:40:14.899+0000] {logging_mixin.py:190} INFO - [2024-09-12T15:40:14.899+0000] {dag.py:4138} INFO - Setting next_dagrun for example_kubernetes_executor to None, run_after=None
[2024-09-12T15:40:15.218+0000] {processor.py:208} INFO - Processing /home/airflow/.local/lib/python3.12/site-packages/airflow/example_dags/example_kubernetes_executor.py took 1.466 seconds
[2024-09-12T15:45:10.099+0000] {processor.py:186} INFO - Started process (PID=1943) to work on /home/airflow/.local/lib/python3.12/site-packages/airflow/example_dags/example_kubernetes_executor.py
[2024-09-12T15:45:10.114+0000] {processor.py:914} INFO - Processing file /home/airflow/.local/lib/python3.12/site-packages/airflow/example_dags/example_kubernetes_executor.py for tasks to queue
[2024-09-12T15:45:10.132+0000] {logging_mixin.py:190} INFO - [2024-09-12T15:45:10.131+0000] {dagbag.py:587} INFO - Filling up the DagBag from /home/airflow/.local/lib/python3.12/site-packages/airflow/example_dags/example_kubernetes_executor.py
[2024-09-12T15:45:10.286+0000] {processor.py:925} INFO - DAG(s) 'example_kubernetes_executor' retrieved from /home/airflow/.local/lib/python3.12/site-packages/airflow/example_dags/example_kubernetes_executor.py
[2024-09-12T15:45:10.718+0000] {logging_mixin.py:190} INFO - [2024-09-12T15:45:10.718+0000] {dag.py:3211} INFO - Sync 1 DAGs
[2024-09-12T15:45:10.901+0000] {logging_mixin.py:190} INFO - [2024-09-12T15:45:10.889+0000] {dag.py:4138} INFO - Setting next_dagrun for example_kubernetes_executor to None, run_after=None
[2024-09-12T15:45:11.111+0000] {processor.py:208} INFO - Processing /home/airflow/.local/lib/python3.12/site-packages/airflow/example_dags/example_kubernetes_executor.py took 1.051 seconds
[2024-09-12T15:46:12.365+0000] {processor.py:186} INFO - Started process (PID=2021) to work on /home/airflow/.local/lib/python3.12/site-packages/airflow/example_dags/example_kubernetes_executor.py
[2024-09-12T15:46:12.553+0000] {processor.py:914} INFO - Processing file /home/airflow/.local/lib/python3.12/site-packages/airflow/example_dags/example_kubernetes_executor.py for tasks to queue
[2024-09-12T15:46:12.746+0000] {logging_mixin.py:190} INFO - [2024-09-12T15:46:12.745+0000] {dagbag.py:587} INFO - Filling up the DagBag from /home/airflow/.local/lib/python3.12/site-packages/airflow/example_dags/example_kubernetes_executor.py
[2024-09-12T15:46:13.653+0000] {processor.py:925} INFO - DAG(s) 'example_kubernetes_executor' retrieved from /home/airflow/.local/lib/python3.12/site-packages/airflow/example_dags/example_kubernetes_executor.py
[2024-09-12T15:46:14.918+0000] {logging_mixin.py:190} INFO - [2024-09-12T15:46:14.917+0000] {dag.py:3211} INFO - Sync 1 DAGs
[2024-09-12T15:46:15.350+0000] {logging_mixin.py:190} INFO - [2024-09-12T15:46:15.349+0000] {dag.py:4138} INFO - Setting next_dagrun for example_kubernetes_executor to None, run_after=None
[2024-09-12T15:46:16.198+0000] {processor.py:208} INFO - Processing /home/airflow/.local/lib/python3.12/site-packages/airflow/example_dags/example_kubernetes_executor.py took 3.948 seconds
[2024-09-12T15:47:08.659+0000] {processor.py:186} INFO - Started process (PID=2094) to work on /home/airflow/.local/lib/python3.12/site-packages/airflow/example_dags/example_kubernetes_executor.py
[2024-09-12T15:47:08.661+0000] {processor.py:914} INFO - Processing file /home/airflow/.local/lib/python3.12/site-packages/airflow/example_dags/example_kubernetes_executor.py for tasks to queue
[2024-09-12T15:47:08.680+0000] {logging_mixin.py:190} INFO - [2024-09-12T15:47:08.679+0000] {dagbag.py:587} INFO - Filling up the DagBag from /home/airflow/.local/lib/python3.12/site-packages/airflow/example_dags/example_kubernetes_executor.py
[2024-09-12T15:47:08.904+0000] {processor.py:925} INFO - DAG(s) 'example_kubernetes_executor' retrieved from /home/airflow/.local/lib/python3.12/site-packages/airflow/example_dags/example_kubernetes_executor.py
[2024-09-12T15:47:09.272+0000] {logging_mixin.py:190} INFO - [2024-09-12T15:47:09.272+0000] {dag.py:3211} INFO - Sync 1 DAGs
[2024-09-12T15:47:09.439+0000] {logging_mixin.py:190} INFO - [2024-09-12T15:47:09.438+0000] {dag.py:4138} INFO - Setting next_dagrun for example_kubernetes_executor to None, run_after=None
[2024-09-12T15:47:09.727+0000] {processor.py:208} INFO - Processing /home/airflow/.local/lib/python3.12/site-packages/airflow/example_dags/example_kubernetes_executor.py took 1.113 seconds
[2024-09-12T15:48:05.791+0000] {processor.py:186} INFO - Started process (PID=2168) to work on /home/airflow/.local/lib/python3.12/site-packages/airflow/example_dags/example_kubernetes_executor.py
[2024-09-12T15:48:05.800+0000] {processor.py:914} INFO - Processing file /home/airflow/.local/lib/python3.12/site-packages/airflow/example_dags/example_kubernetes_executor.py for tasks to queue
[2024-09-12T15:48:05.807+0000] {logging_mixin.py:190} INFO - [2024-09-12T15:48:05.806+0000] {dagbag.py:587} INFO - Filling up the DagBag from /home/airflow/.local/lib/python3.12/site-packages/airflow/example_dags/example_kubernetes_executor.py
[2024-09-12T15:48:05.908+0000] {processor.py:925} INFO - DAG(s) 'example_kubernetes_executor' retrieved from /home/airflow/.local/lib/python3.12/site-packages/airflow/example_dags/example_kubernetes_executor.py
[2024-09-12T15:48:06.121+0000] {logging_mixin.py:190} INFO - [2024-09-12T15:48:06.120+0000] {dag.py:3211} INFO - Sync 1 DAGs
[2024-09-12T15:48:06.249+0000] {logging_mixin.py:190} INFO - [2024-09-12T15:48:06.249+0000] {dag.py:4138} INFO - Setting next_dagrun for example_kubernetes_executor to None, run_after=None
[2024-09-12T15:48:06.392+0000] {processor.py:208} INFO - Processing /home/airflow/.local/lib/python3.12/site-packages/airflow/example_dags/example_kubernetes_executor.py took 0.628 seconds
[2024-09-12T15:48:55.476+0000] {processor.py:186} INFO - Started process (PID=2236) to work on /home/airflow/.local/lib/python3.12/site-packages/airflow/example_dags/example_kubernetes_executor.py
[2024-09-12T15:48:55.509+0000] {processor.py:914} INFO - Processing file /home/airflow/.local/lib/python3.12/site-packages/airflow/example_dags/example_kubernetes_executor.py for tasks to queue
[2024-09-12T15:48:55.535+0000] {logging_mixin.py:190} INFO - [2024-09-12T15:48:55.514+0000] {dagbag.py:587} INFO - Filling up the DagBag from /home/airflow/.local/lib/python3.12/site-packages/airflow/example_dags/example_kubernetes_executor.py
[2024-09-12T15:48:55.879+0000] {processor.py:925} INFO - DAG(s) 'example_kubernetes_executor' retrieved from /home/airflow/.local/lib/python3.12/site-packages/airflow/example_dags/example_kubernetes_executor.py
[2024-09-12T15:48:56.415+0000] {logging_mixin.py:190} INFO - [2024-09-12T15:48:56.414+0000] {dag.py:3211} INFO - Sync 1 DAGs
[2024-09-12T15:48:56.618+0000] {logging_mixin.py:190} INFO - [2024-09-12T15:48:56.618+0000] {dag.py:4138} INFO - Setting next_dagrun for example_kubernetes_executor to None, run_after=None
[2024-09-12T15:48:56.856+0000] {processor.py:208} INFO - Processing /home/airflow/.local/lib/python3.12/site-packages/airflow/example_dags/example_kubernetes_executor.py took 1.520 seconds
[2024-09-12T15:50:09.083+0000] {processor.py:186} INFO - Started process (PID=2314) to work on /home/airflow/.local/lib/python3.12/site-packages/airflow/example_dags/example_kubernetes_executor.py
[2024-09-12T15:50:09.098+0000] {processor.py:914} INFO - Processing file /home/airflow/.local/lib/python3.12/site-packages/airflow/example_dags/example_kubernetes_executor.py for tasks to queue
[2024-09-12T15:50:09.103+0000] {logging_mixin.py:190} INFO - [2024-09-12T15:50:09.102+0000] {dagbag.py:587} INFO - Filling up the DagBag from /home/airflow/.local/lib/python3.12/site-packages/airflow/example_dags/example_kubernetes_executor.py
[2024-09-12T15:50:09.202+0000] {processor.py:925} INFO - DAG(s) 'example_kubernetes_executor' retrieved from /home/airflow/.local/lib/python3.12/site-packages/airflow/example_dags/example_kubernetes_executor.py
[2024-09-12T15:50:09.412+0000] {logging_mixin.py:190} INFO - [2024-09-12T15:50:09.412+0000] {dag.py:3211} INFO - Sync 1 DAGs
[2024-09-12T15:50:09.514+0000] {logging_mixin.py:190} INFO - [2024-09-12T15:50:09.513+0000] {dag.py:4138} INFO - Setting next_dagrun for example_kubernetes_executor to None, run_after=None
[2024-09-12T15:50:09.644+0000] {processor.py:208} INFO - Processing /home/airflow/.local/lib/python3.12/site-packages/airflow/example_dags/example_kubernetes_executor.py took 0.595 seconds
[2024-09-12T15:51:42.166+0000] {processor.py:186} INFO - Started process (PID=2413) to work on /home/airflow/.local/lib/python3.12/site-packages/airflow/example_dags/example_kubernetes_executor.py
[2024-09-12T15:51:42.184+0000] {processor.py:914} INFO - Processing file /home/airflow/.local/lib/python3.12/site-packages/airflow/example_dags/example_kubernetes_executor.py for tasks to queue
[2024-09-12T15:51:42.190+0000] {logging_mixin.py:190} INFO - [2024-09-12T15:51:42.189+0000] {dagbag.py:587} INFO - Filling up the DagBag from /home/airflow/.local/lib/python3.12/site-packages/airflow/example_dags/example_kubernetes_executor.py
[2024-09-12T15:51:42.284+0000] {processor.py:925} INFO - DAG(s) 'example_kubernetes_executor' retrieved from /home/airflow/.local/lib/python3.12/site-packages/airflow/example_dags/example_kubernetes_executor.py
[2024-09-12T15:51:42.476+0000] {logging_mixin.py:190} INFO - [2024-09-12T15:51:42.476+0000] {dag.py:3211} INFO - Sync 1 DAGs
[2024-09-12T15:51:42.547+0000] {logging_mixin.py:190} INFO - [2024-09-12T15:51:42.547+0000] {dag.py:4138} INFO - Setting next_dagrun for example_kubernetes_executor to None, run_after=None
[2024-09-12T15:51:42.721+0000] {processor.py:208} INFO - Processing /home/airflow/.local/lib/python3.12/site-packages/airflow/example_dags/example_kubernetes_executor.py took 0.587 seconds
[2024-09-12T15:52:19.961+0000] {processor.py:186} INFO - Started process (PID=2484) to work on /home/airflow/.local/lib/python3.12/site-packages/airflow/example_dags/example_kubernetes_executor.py
[2024-09-12T15:52:19.965+0000] {processor.py:914} INFO - Processing file /home/airflow/.local/lib/python3.12/site-packages/airflow/example_dags/example_kubernetes_executor.py for tasks to queue
[2024-09-12T15:52:19.975+0000] {logging_mixin.py:190} INFO - [2024-09-12T15:52:19.974+0000] {dagbag.py:587} INFO - Filling up the DagBag from /home/airflow/.local/lib/python3.12/site-packages/airflow/example_dags/example_kubernetes_executor.py
[2024-09-12T15:52:20.057+0000] {processor.py:925} INFO - DAG(s) 'example_kubernetes_executor' retrieved from /home/airflow/.local/lib/python3.12/site-packages/airflow/example_dags/example_kubernetes_executor.py
[2024-09-12T15:52:20.339+0000] {logging_mixin.py:190} INFO - [2024-09-12T15:52:20.338+0000] {dag.py:3211} INFO - Sync 1 DAGs
[2024-09-12T15:52:20.406+0000] {logging_mixin.py:190} INFO - [2024-09-12T15:52:20.406+0000] {dag.py:4138} INFO - Setting next_dagrun for example_kubernetes_executor to None, run_after=None
[2024-09-12T15:52:20.498+0000] {processor.py:208} INFO - Processing /home/airflow/.local/lib/python3.12/site-packages/airflow/example_dags/example_kubernetes_executor.py took 0.577 seconds
[2024-09-12T15:53:11.868+0000] {processor.py:186} INFO - Started process (PID=2567) to work on /home/airflow/.local/lib/python3.12/site-packages/airflow/example_dags/example_kubernetes_executor.py
[2024-09-12T15:53:11.874+0000] {processor.py:914} INFO - Processing file /home/airflow/.local/lib/python3.12/site-packages/airflow/example_dags/example_kubernetes_executor.py for tasks to queue
[2024-09-12T15:53:11.890+0000] {logging_mixin.py:190} INFO - [2024-09-12T15:53:11.885+0000] {dagbag.py:587} INFO - Filling up the DagBag from /home/airflow/.local/lib/python3.12/site-packages/airflow/example_dags/example_kubernetes_executor.py
[2024-09-12T15:53:12.137+0000] {processor.py:925} INFO - DAG(s) 'example_kubernetes_executor' retrieved from /home/airflow/.local/lib/python3.12/site-packages/airflow/example_dags/example_kubernetes_executor.py
[2024-09-12T15:53:12.569+0000] {logging_mixin.py:190} INFO - [2024-09-12T15:53:12.569+0000] {dag.py:3211} INFO - Sync 1 DAGs
[2024-09-12T15:53:12.695+0000] {logging_mixin.py:190} INFO - [2024-09-12T15:53:12.694+0000] {dag.py:4138} INFO - Setting next_dagrun for example_kubernetes_executor to None, run_after=None
[2024-09-12T15:53:12.833+0000] {processor.py:208} INFO - Processing /home/airflow/.local/lib/python3.12/site-packages/airflow/example_dags/example_kubernetes_executor.py took 1.059 seconds
[2024-09-12T15:53:43.525+0000] {processor.py:186} INFO - Started process (PID=2629) to work on /home/airflow/.local/lib/python3.12/site-packages/airflow/example_dags/example_kubernetes_executor.py
[2024-09-12T15:53:43.529+0000] {processor.py:914} INFO - Processing file /home/airflow/.local/lib/python3.12/site-packages/airflow/example_dags/example_kubernetes_executor.py for tasks to queue
[2024-09-12T15:53:43.541+0000] {logging_mixin.py:190} INFO - [2024-09-12T15:53:43.535+0000] {dagbag.py:587} INFO - Filling up the DagBag from /home/airflow/.local/lib/python3.12/site-packages/airflow/example_dags/example_kubernetes_executor.py
[2024-09-12T15:53:43.653+0000] {processor.py:925} INFO - DAG(s) 'example_kubernetes_executor' retrieved from /home/airflow/.local/lib/python3.12/site-packages/airflow/example_dags/example_kubernetes_executor.py
[2024-09-12T15:53:43.880+0000] {logging_mixin.py:190} INFO - [2024-09-12T15:53:43.879+0000] {dag.py:3211} INFO - Sync 1 DAGs
[2024-09-12T15:53:43.996+0000] {logging_mixin.py:190} INFO - [2024-09-12T15:53:43.995+0000] {dag.py:4138} INFO - Setting next_dagrun for example_kubernetes_executor to None, run_after=None
[2024-09-12T15:53:44.110+0000] {processor.py:208} INFO - Processing /home/airflow/.local/lib/python3.12/site-packages/airflow/example_dags/example_kubernetes_executor.py took 0.635 seconds
[2024-09-12T15:55:37.725+0000] {processor.py:186} INFO - Started process (PID=2734) to work on /home/airflow/.local/lib/python3.12/site-packages/airflow/example_dags/example_kubernetes_executor.py
[2024-09-12T15:55:37.734+0000] {processor.py:914} INFO - Processing file /home/airflow/.local/lib/python3.12/site-packages/airflow/example_dags/example_kubernetes_executor.py for tasks to queue
[2024-09-12T15:55:37.742+0000] {logging_mixin.py:190} INFO - [2024-09-12T15:55:37.742+0000] {dagbag.py:587} INFO - Filling up the DagBag from /home/airflow/.local/lib/python3.12/site-packages/airflow/example_dags/example_kubernetes_executor.py
[2024-09-12T15:55:37.855+0000] {processor.py:925} INFO - DAG(s) 'example_kubernetes_executor' retrieved from /home/airflow/.local/lib/python3.12/site-packages/airflow/example_dags/example_kubernetes_executor.py
[2024-09-12T15:55:38.237+0000] {logging_mixin.py:190} INFO - [2024-09-12T15:55:38.237+0000] {dag.py:3211} INFO - Sync 1 DAGs
[2024-09-12T15:55:38.423+0000] {logging_mixin.py:190} INFO - [2024-09-12T15:55:38.407+0000] {dag.py:4138} INFO - Setting next_dagrun for example_kubernetes_executor to None, run_after=None
[2024-09-12T15:55:38.694+0000] {processor.py:208} INFO - Processing /home/airflow/.local/lib/python3.12/site-packages/airflow/example_dags/example_kubernetes_executor.py took 0.988 seconds
[2024-09-12T15:57:02.311+0000] {processor.py:186} INFO - Started process (PID=2846) to work on /home/airflow/.local/lib/python3.12/site-packages/airflow/example_dags/example_kubernetes_executor.py
[2024-09-12T15:57:02.313+0000] {processor.py:914} INFO - Processing file /home/airflow/.local/lib/python3.12/site-packages/airflow/example_dags/example_kubernetes_executor.py for tasks to queue
[2024-09-12T15:57:02.316+0000] {logging_mixin.py:190} INFO - [2024-09-12T15:57:02.315+0000] {dagbag.py:587} INFO - Filling up the DagBag from /home/airflow/.local/lib/python3.12/site-packages/airflow/example_dags/example_kubernetes_executor.py
[2024-09-12T15:57:02.379+0000] {processor.py:925} INFO - DAG(s) 'example_kubernetes_executor' retrieved from /home/airflow/.local/lib/python3.12/site-packages/airflow/example_dags/example_kubernetes_executor.py
[2024-09-12T15:57:02.545+0000] {logging_mixin.py:190} INFO - [2024-09-12T15:57:02.544+0000] {dag.py:3211} INFO - Sync 1 DAGs
[2024-09-12T15:57:02.608+0000] {logging_mixin.py:190} INFO - [2024-09-12T15:57:02.607+0000] {dag.py:4138} INFO - Setting next_dagrun for example_kubernetes_executor to None, run_after=None
[2024-09-12T15:57:02.687+0000] {processor.py:208} INFO - Processing /home/airflow/.local/lib/python3.12/site-packages/airflow/example_dags/example_kubernetes_executor.py took 0.405 seconds
[2024-09-12T15:57:47.511+0000] {processor.py:186} INFO - Started process (PID=2921) to work on /home/airflow/.local/lib/python3.12/site-packages/airflow/example_dags/example_kubernetes_executor.py
[2024-09-12T15:57:47.522+0000] {processor.py:914} INFO - Processing file /home/airflow/.local/lib/python3.12/site-packages/airflow/example_dags/example_kubernetes_executor.py for tasks to queue
[2024-09-12T15:57:47.526+0000] {logging_mixin.py:190} INFO - [2024-09-12T15:57:47.525+0000] {dagbag.py:587} INFO - Filling up the DagBag from /home/airflow/.local/lib/python3.12/site-packages/airflow/example_dags/example_kubernetes_executor.py
[2024-09-12T15:57:47.614+0000] {processor.py:925} INFO - DAG(s) 'example_kubernetes_executor' retrieved from /home/airflow/.local/lib/python3.12/site-packages/airflow/example_dags/example_kubernetes_executor.py
[2024-09-12T15:57:47.925+0000] {logging_mixin.py:190} INFO - [2024-09-12T15:57:47.924+0000] {dag.py:3211} INFO - Sync 1 DAGs
[2024-09-12T15:57:48.039+0000] {logging_mixin.py:190} INFO - [2024-09-12T15:57:48.038+0000] {dag.py:4138} INFO - Setting next_dagrun for example_kubernetes_executor to None, run_after=None
[2024-09-12T15:57:48.263+0000] {processor.py:208} INFO - Processing /home/airflow/.local/lib/python3.12/site-packages/airflow/example_dags/example_kubernetes_executor.py took 0.771 seconds
[2024-09-12T15:59:37.973+0000] {processor.py:186} INFO - Started process (PID=3026) to work on /home/airflow/.local/lib/python3.12/site-packages/airflow/example_dags/example_kubernetes_executor.py
[2024-09-12T15:59:37.980+0000] {processor.py:914} INFO - Processing file /home/airflow/.local/lib/python3.12/site-packages/airflow/example_dags/example_kubernetes_executor.py for tasks to queue
[2024-09-12T15:59:37.983+0000] {logging_mixin.py:190} INFO - [2024-09-12T15:59:37.982+0000] {dagbag.py:587} INFO - Filling up the DagBag from /home/airflow/.local/lib/python3.12/site-packages/airflow/example_dags/example_kubernetes_executor.py
[2024-09-12T15:59:38.053+0000] {processor.py:925} INFO - DAG(s) 'example_kubernetes_executor' retrieved from /home/airflow/.local/lib/python3.12/site-packages/airflow/example_dags/example_kubernetes_executor.py
[2024-09-12T15:59:38.235+0000] {logging_mixin.py:190} INFO - [2024-09-12T15:59:38.235+0000] {dag.py:3211} INFO - Sync 1 DAGs
[2024-09-12T15:59:38.302+0000] {logging_mixin.py:190} INFO - [2024-09-12T15:59:38.290+0000] {dag.py:4138} INFO - Setting next_dagrun for example_kubernetes_executor to None, run_after=None
[2024-09-12T15:59:38.403+0000] {processor.py:208} INFO - Processing /home/airflow/.local/lib/python3.12/site-packages/airflow/example_dags/example_kubernetes_executor.py took 0.462 seconds
[2024-09-12T16:00:34.293+0000] {processor.py:186} INFO - Started process (PID=3102) to work on /home/airflow/.local/lib/python3.12/site-packages/airflow/example_dags/example_kubernetes_executor.py
[2024-09-12T16:00:34.298+0000] {processor.py:914} INFO - Processing file /home/airflow/.local/lib/python3.12/site-packages/airflow/example_dags/example_kubernetes_executor.py for tasks to queue
[2024-09-12T16:00:34.302+0000] {logging_mixin.py:190} INFO - [2024-09-12T16:00:34.301+0000] {dagbag.py:587} INFO - Filling up the DagBag from /home/airflow/.local/lib/python3.12/site-packages/airflow/example_dags/example_kubernetes_executor.py
[2024-09-12T16:00:34.380+0000] {processor.py:925} INFO - DAG(s) 'example_kubernetes_executor' retrieved from /home/airflow/.local/lib/python3.12/site-packages/airflow/example_dags/example_kubernetes_executor.py
[2024-09-12T16:00:34.667+0000] {logging_mixin.py:190} INFO - [2024-09-12T16:00:34.667+0000] {dag.py:3211} INFO - Sync 1 DAGs
[2024-09-12T16:00:34.729+0000] {logging_mixin.py:190} INFO - [2024-09-12T16:00:34.729+0000] {dag.py:4138} INFO - Setting next_dagrun for example_kubernetes_executor to None, run_after=None
[2024-09-12T16:00:34.870+0000] {processor.py:208} INFO - Processing /home/airflow/.local/lib/python3.12/site-packages/airflow/example_dags/example_kubernetes_executor.py took 0.618 seconds
[2024-09-12T16:01:06.811+0000] {processor.py:186} INFO - Started process (PID=3167) to work on /home/airflow/.local/lib/python3.12/site-packages/airflow/example_dags/example_kubernetes_executor.py
[2024-09-12T16:01:06.824+0000] {processor.py:914} INFO - Processing file /home/airflow/.local/lib/python3.12/site-packages/airflow/example_dags/example_kubernetes_executor.py for tasks to queue
[2024-09-12T16:01:06.828+0000] {logging_mixin.py:190} INFO - [2024-09-12T16:01:06.827+0000] {dagbag.py:587} INFO - Filling up the DagBag from /home/airflow/.local/lib/python3.12/site-packages/airflow/example_dags/example_kubernetes_executor.py
[2024-09-12T16:01:06.916+0000] {processor.py:925} INFO - DAG(s) 'example_kubernetes_executor' retrieved from /home/airflow/.local/lib/python3.12/site-packages/airflow/example_dags/example_kubernetes_executor.py
[2024-09-12T16:01:07.407+0000] {logging_mixin.py:190} INFO - [2024-09-12T16:01:07.389+0000] {dag.py:3211} INFO - Sync 1 DAGs
[2024-09-12T16:01:07.569+0000] {logging_mixin.py:190} INFO - [2024-09-12T16:01:07.568+0000] {dag.py:4138} INFO - Setting next_dagrun for example_kubernetes_executor to None, run_after=None
[2024-09-12T16:01:07.821+0000] {processor.py:208} INFO - Processing /home/airflow/.local/lib/python3.12/site-packages/airflow/example_dags/example_kubernetes_executor.py took 1.007 seconds
[2024-09-12T16:02:18.194+0000] {processor.py:186} INFO - Started process (PID=3233) to work on /home/airflow/.local/lib/python3.12/site-packages/airflow/example_dags/example_kubernetes_executor.py
[2024-09-12T16:02:18.199+0000] {processor.py:914} INFO - Processing file /home/airflow/.local/lib/python3.12/site-packages/airflow/example_dags/example_kubernetes_executor.py for tasks to queue
[2024-09-12T16:02:18.208+0000] {logging_mixin.py:190} INFO - [2024-09-12T16:02:18.203+0000] {dagbag.py:587} INFO - Filling up the DagBag from /home/airflow/.local/lib/python3.12/site-packages/airflow/example_dags/example_kubernetes_executor.py
[2024-09-12T16:02:18.334+0000] {processor.py:925} INFO - DAG(s) 'example_kubernetes_executor' retrieved from /home/airflow/.local/lib/python3.12/site-packages/airflow/example_dags/example_kubernetes_executor.py
[2024-09-12T16:02:18.568+0000] {logging_mixin.py:190} INFO - [2024-09-12T16:02:18.567+0000] {dag.py:3211} INFO - Sync 1 DAGs
[2024-09-12T16:02:18.648+0000] {logging_mixin.py:190} INFO - [2024-09-12T16:02:18.647+0000] {dag.py:4138} INFO - Setting next_dagrun for example_kubernetes_executor to None, run_after=None
[2024-09-12T16:02:18.816+0000] {processor.py:208} INFO - Processing /home/airflow/.local/lib/python3.12/site-packages/airflow/example_dags/example_kubernetes_executor.py took 0.664 seconds
[2024-09-12T16:03:39.622+0000] {processor.py:186} INFO - Started process (PID=3337) to work on /home/airflow/.local/lib/python3.12/site-packages/airflow/example_dags/example_kubernetes_executor.py
[2024-09-12T16:03:39.625+0000] {processor.py:914} INFO - Processing file /home/airflow/.local/lib/python3.12/site-packages/airflow/example_dags/example_kubernetes_executor.py for tasks to queue
[2024-09-12T16:03:39.633+0000] {logging_mixin.py:190} INFO - [2024-09-12T16:03:39.632+0000] {dagbag.py:587} INFO - Filling up the DagBag from /home/airflow/.local/lib/python3.12/site-packages/airflow/example_dags/example_kubernetes_executor.py
[2024-09-12T16:03:39.781+0000] {processor.py:925} INFO - DAG(s) 'example_kubernetes_executor' retrieved from /home/airflow/.local/lib/python3.12/site-packages/airflow/example_dags/example_kubernetes_executor.py
[2024-09-12T16:03:40.178+0000] {logging_mixin.py:190} INFO - [2024-09-12T16:03:40.177+0000] {dag.py:3211} INFO - Sync 1 DAGs
[2024-09-12T16:03:40.245+0000] {logging_mixin.py:190} INFO - [2024-09-12T16:03:40.245+0000] {dag.py:4138} INFO - Setting next_dagrun for example_kubernetes_executor to None, run_after=None
[2024-09-12T16:03:40.362+0000] {processor.py:208} INFO - Processing /home/airflow/.local/lib/python3.12/site-packages/airflow/example_dags/example_kubernetes_executor.py took 0.797 seconds
[2024-09-12T16:04:49.091+0000] {processor.py:186} INFO - Started process (PID=3420) to work on /home/airflow/.local/lib/python3.12/site-packages/airflow/example_dags/example_kubernetes_executor.py
[2024-09-12T16:04:49.112+0000] {processor.py:914} INFO - Processing file /home/airflow/.local/lib/python3.12/site-packages/airflow/example_dags/example_kubernetes_executor.py for tasks to queue
[2024-09-12T16:04:49.123+0000] {logging_mixin.py:190} INFO - [2024-09-12T16:04:49.115+0000] {dagbag.py:587} INFO - Filling up the DagBag from /home/airflow/.local/lib/python3.12/site-packages/airflow/example_dags/example_kubernetes_executor.py
[2024-09-12T16:04:49.313+0000] {processor.py:925} INFO - DAG(s) 'example_kubernetes_executor' retrieved from /home/airflow/.local/lib/python3.12/site-packages/airflow/example_dags/example_kubernetes_executor.py
[2024-09-12T16:04:50.293+0000] {logging_mixin.py:190} INFO - [2024-09-12T16:04:50.293+0000] {dag.py:3211} INFO - Sync 1 DAGs
[2024-09-12T16:04:50.427+0000] {logging_mixin.py:190} INFO - [2024-09-12T16:04:50.427+0000] {dag.py:4138} INFO - Setting next_dagrun for example_kubernetes_executor to None, run_after=None
[2024-09-12T16:04:50.540+0000] {processor.py:208} INFO - Processing /home/airflow/.local/lib/python3.12/site-packages/airflow/example_dags/example_kubernetes_executor.py took 1.501 seconds
[2024-09-12T16:07:17.406+0000] {processor.py:186} INFO - Started process (PID=3514) to work on /home/airflow/.local/lib/python3.12/site-packages/airflow/example_dags/example_kubernetes_executor.py
[2024-09-12T16:07:17.420+0000] {processor.py:914} INFO - Processing file /home/airflow/.local/lib/python3.12/site-packages/airflow/example_dags/example_kubernetes_executor.py for tasks to queue
[2024-09-12T16:07:17.425+0000] {logging_mixin.py:190} INFO - [2024-09-12T16:07:17.424+0000] {dagbag.py:587} INFO - Filling up the DagBag from /home/airflow/.local/lib/python3.12/site-packages/airflow/example_dags/example_kubernetes_executor.py
[2024-09-12T16:07:17.570+0000] {processor.py:925} INFO - DAG(s) 'example_kubernetes_executor' retrieved from /home/airflow/.local/lib/python3.12/site-packages/airflow/example_dags/example_kubernetes_executor.py
[2024-09-12T16:07:19.073+0000] {logging_mixin.py:190} INFO - [2024-09-12T16:07:19.072+0000] {dag.py:3211} INFO - Sync 1 DAGs
[2024-09-12T16:07:19.179+0000] {logging_mixin.py:190} INFO - [2024-09-12T16:07:19.178+0000] {dag.py:4138} INFO - Setting next_dagrun for example_kubernetes_executor to None, run_after=None
[2024-09-12T16:07:19.286+0000] {processor.py:208} INFO - Processing /home/airflow/.local/lib/python3.12/site-packages/airflow/example_dags/example_kubernetes_executor.py took 1.914 seconds
[2024-09-12T16:08:14.474+0000] {processor.py:186} INFO - Started process (PID=3591) to work on /home/airflow/.local/lib/python3.12/site-packages/airflow/example_dags/example_kubernetes_executor.py
[2024-09-12T16:08:14.502+0000] {processor.py:914} INFO - Processing file /home/airflow/.local/lib/python3.12/site-packages/airflow/example_dags/example_kubernetes_executor.py for tasks to queue
[2024-09-12T16:08:14.527+0000] {logging_mixin.py:190} INFO - [2024-09-12T16:08:14.526+0000] {dagbag.py:587} INFO - Filling up the DagBag from /home/airflow/.local/lib/python3.12/site-packages/airflow/example_dags/example_kubernetes_executor.py
[2024-09-12T16:08:14.807+0000] {processor.py:925} INFO - DAG(s) 'example_kubernetes_executor' retrieved from /home/airflow/.local/lib/python3.12/site-packages/airflow/example_dags/example_kubernetes_executor.py
[2024-09-12T16:08:15.300+0000] {logging_mixin.py:190} INFO - [2024-09-12T16:08:15.298+0000] {dag.py:3211} INFO - Sync 1 DAGs
[2024-09-12T16:08:15.406+0000] {logging_mixin.py:190} INFO - [2024-09-12T16:08:15.406+0000] {dag.py:4138} INFO - Setting next_dagrun for example_kubernetes_executor to None, run_after=None
[2024-09-12T16:08:15.465+0000] {processor.py:208} INFO - Processing /home/airflow/.local/lib/python3.12/site-packages/airflow/example_dags/example_kubernetes_executor.py took 1.033 seconds
[2024-09-12T16:09:14.541+0000] {processor.py:186} INFO - Started process (PID=3672) to work on /home/airflow/.local/lib/python3.12/site-packages/airflow/example_dags/example_kubernetes_executor.py
[2024-09-12T16:09:14.545+0000] {processor.py:914} INFO - Processing file /home/airflow/.local/lib/python3.12/site-packages/airflow/example_dags/example_kubernetes_executor.py for tasks to queue
[2024-09-12T16:09:14.596+0000] {logging_mixin.py:190} INFO - [2024-09-12T16:09:14.596+0000] {dagbag.py:587} INFO - Filling up the DagBag from /home/airflow/.local/lib/python3.12/site-packages/airflow/example_dags/example_kubernetes_executor.py
[2024-09-12T16:09:14.685+0000] {processor.py:925} INFO - DAG(s) 'example_kubernetes_executor' retrieved from /home/airflow/.local/lib/python3.12/site-packages/airflow/example_dags/example_kubernetes_executor.py
[2024-09-12T16:09:14.928+0000] {logging_mixin.py:190} INFO - [2024-09-12T16:09:14.927+0000] {dag.py:3211} INFO - Sync 1 DAGs
[2024-09-12T16:09:15.043+0000] {logging_mixin.py:190} INFO - [2024-09-12T16:09:15.042+0000] {dag.py:4138} INFO - Setting next_dagrun for example_kubernetes_executor to None, run_after=None
[2024-09-12T16:09:15.160+0000] {processor.py:208} INFO - Processing /home/airflow/.local/lib/python3.12/site-packages/airflow/example_dags/example_kubernetes_executor.py took 0.660 seconds
[2024-09-12T16:10:48.166+0000] {processor.py:186} INFO - Started process (PID=3782) to work on /home/airflow/.local/lib/python3.12/site-packages/airflow/example_dags/example_kubernetes_executor.py
[2024-09-12T16:10:48.172+0000] {processor.py:914} INFO - Processing file /home/airflow/.local/lib/python3.12/site-packages/airflow/example_dags/example_kubernetes_executor.py for tasks to queue
[2024-09-12T16:10:48.195+0000] {logging_mixin.py:190} INFO - [2024-09-12T16:10:48.194+0000] {dagbag.py:587} INFO - Filling up the DagBag from /home/airflow/.local/lib/python3.12/site-packages/airflow/example_dags/example_kubernetes_executor.py
[2024-09-12T16:10:48.285+0000] {processor.py:925} INFO - DAG(s) 'example_kubernetes_executor' retrieved from /home/airflow/.local/lib/python3.12/site-packages/airflow/example_dags/example_kubernetes_executor.py
[2024-09-12T16:10:48.637+0000] {logging_mixin.py:190} INFO - [2024-09-12T16:10:48.635+0000] {dag.py:3211} INFO - Sync 1 DAGs
[2024-09-12T16:10:48.750+0000] {logging_mixin.py:190} INFO - [2024-09-12T16:10:48.749+0000] {dag.py:4138} INFO - Setting next_dagrun for example_kubernetes_executor to None, run_after=None
[2024-09-12T16:10:48.876+0000] {processor.py:208} INFO - Processing /home/airflow/.local/lib/python3.12/site-packages/airflow/example_dags/example_kubernetes_executor.py took 0.745 seconds
[2024-09-12T16:11:45.015+0000] {processor.py:186} INFO - Started process (PID=3880) to work on /home/airflow/.local/lib/python3.12/site-packages/airflow/example_dags/example_kubernetes_executor.py
[2024-09-12T16:11:45.017+0000] {processor.py:914} INFO - Processing file /home/airflow/.local/lib/python3.12/site-packages/airflow/example_dags/example_kubernetes_executor.py for tasks to queue
[2024-09-12T16:11:45.021+0000] {logging_mixin.py:190} INFO - [2024-09-12T16:11:45.020+0000] {dagbag.py:587} INFO - Filling up the DagBag from /home/airflow/.local/lib/python3.12/site-packages/airflow/example_dags/example_kubernetes_executor.py
[2024-09-12T16:11:45.074+0000] {processor.py:925} INFO - DAG(s) 'example_kubernetes_executor' retrieved from /home/airflow/.local/lib/python3.12/site-packages/airflow/example_dags/example_kubernetes_executor.py
[2024-09-12T16:11:45.397+0000] {logging_mixin.py:190} INFO - [2024-09-12T16:11:45.378+0000] {dag.py:3211} INFO - Sync 1 DAGs
[2024-09-12T16:11:45.513+0000] {logging_mixin.py:190} INFO - [2024-09-12T16:11:45.513+0000] {dag.py:4138} INFO - Setting next_dagrun for example_kubernetes_executor to None, run_after=None
[2024-09-12T16:11:45.655+0000] {processor.py:208} INFO - Processing /home/airflow/.local/lib/python3.12/site-packages/airflow/example_dags/example_kubernetes_executor.py took 0.672 seconds
[2024-09-12T16:12:49.698+0000] {processor.py:186} INFO - Started process (PID=3952) to work on /home/airflow/.local/lib/python3.12/site-packages/airflow/example_dags/example_kubernetes_executor.py
[2024-09-12T16:12:49.701+0000] {processor.py:914} INFO - Processing file /home/airflow/.local/lib/python3.12/site-packages/airflow/example_dags/example_kubernetes_executor.py for tasks to queue
[2024-09-12T16:12:49.706+0000] {logging_mixin.py:190} INFO - [2024-09-12T16:12:49.705+0000] {dagbag.py:587} INFO - Filling up the DagBag from /home/airflow/.local/lib/python3.12/site-packages/airflow/example_dags/example_kubernetes_executor.py
[2024-09-12T16:12:49.843+0000] {processor.py:925} INFO - DAG(s) 'example_kubernetes_executor' retrieved from /home/airflow/.local/lib/python3.12/site-packages/airflow/example_dags/example_kubernetes_executor.py
[2024-09-12T16:12:50.046+0000] {logging_mixin.py:190} INFO - [2024-09-12T16:12:50.046+0000] {dag.py:3211} INFO - Sync 1 DAGs
[2024-09-12T16:12:50.174+0000] {logging_mixin.py:190} INFO - [2024-09-12T16:12:50.173+0000] {dag.py:4138} INFO - Setting next_dagrun for example_kubernetes_executor to None, run_after=None
[2024-09-12T16:12:50.288+0000] {processor.py:208} INFO - Processing /home/airflow/.local/lib/python3.12/site-packages/airflow/example_dags/example_kubernetes_executor.py took 0.629 seconds
[2024-09-12T16:14:32.437+0000] {processor.py:186} INFO - Started process (PID=4060) to work on /home/airflow/.local/lib/python3.12/site-packages/airflow/example_dags/example_kubernetes_executor.py
[2024-09-12T16:14:32.444+0000] {processor.py:914} INFO - Processing file /home/airflow/.local/lib/python3.12/site-packages/airflow/example_dags/example_kubernetes_executor.py for tasks to queue
[2024-09-12T16:14:32.449+0000] {logging_mixin.py:190} INFO - [2024-09-12T16:14:32.448+0000] {dagbag.py:587} INFO - Filling up the DagBag from /home/airflow/.local/lib/python3.12/site-packages/airflow/example_dags/example_kubernetes_executor.py
[2024-09-12T16:14:32.649+0000] {processor.py:925} INFO - DAG(s) 'example_kubernetes_executor' retrieved from /home/airflow/.local/lib/python3.12/site-packages/airflow/example_dags/example_kubernetes_executor.py
[2024-09-12T16:14:32.855+0000] {logging_mixin.py:190} INFO - [2024-09-12T16:14:32.854+0000] {dag.py:3211} INFO - Sync 1 DAGs
[2024-09-12T16:14:32.921+0000] {logging_mixin.py:190} INFO - [2024-09-12T16:14:32.921+0000] {dag.py:4138} INFO - Setting next_dagrun for example_kubernetes_executor to None, run_after=None
[2024-09-12T16:14:32.985+0000] {processor.py:208} INFO - Processing /home/airflow/.local/lib/python3.12/site-packages/airflow/example_dags/example_kubernetes_executor.py took 0.574 seconds
[2024-09-12T16:15:04.774+0000] {processor.py:186} INFO - Started process (PID=4125) to work on /home/airflow/.local/lib/python3.12/site-packages/airflow/example_dags/example_kubernetes_executor.py
[2024-09-12T16:15:04.787+0000] {processor.py:914} INFO - Processing file /home/airflow/.local/lib/python3.12/site-packages/airflow/example_dags/example_kubernetes_executor.py for tasks to queue
[2024-09-12T16:15:04.792+0000] {logging_mixin.py:190} INFO - [2024-09-12T16:15:04.791+0000] {dagbag.py:587} INFO - Filling up the DagBag from /home/airflow/.local/lib/python3.12/site-packages/airflow/example_dags/example_kubernetes_executor.py
[2024-09-12T16:15:04.906+0000] {processor.py:925} INFO - DAG(s) 'example_kubernetes_executor' retrieved from /home/airflow/.local/lib/python3.12/site-packages/airflow/example_dags/example_kubernetes_executor.py
[2024-09-12T16:15:05.099+0000] {logging_mixin.py:190} INFO - [2024-09-12T16:15:05.096+0000] {dag.py:3211} INFO - Sync 1 DAGs
[2024-09-12T16:15:05.157+0000] {logging_mixin.py:190} INFO - [2024-09-12T16:15:05.157+0000] {dag.py:4138} INFO - Setting next_dagrun for example_kubernetes_executor to None, run_after=None
[2024-09-12T16:15:05.236+0000] {processor.py:208} INFO - Processing /home/airflow/.local/lib/python3.12/site-packages/airflow/example_dags/example_kubernetes_executor.py took 0.479 seconds
[2024-09-12T16:15:36.577+0000] {processor.py:186} INFO - Started process (PID=4195) to work on /home/airflow/.local/lib/python3.12/site-packages/airflow/example_dags/example_kubernetes_executor.py
[2024-09-12T16:15:36.580+0000] {processor.py:914} INFO - Processing file /home/airflow/.local/lib/python3.12/site-packages/airflow/example_dags/example_kubernetes_executor.py for tasks to queue
[2024-09-12T16:15:36.591+0000] {logging_mixin.py:190} INFO - [2024-09-12T16:15:36.590+0000] {dagbag.py:587} INFO - Filling up the DagBag from /home/airflow/.local/lib/python3.12/site-packages/airflow/example_dags/example_kubernetes_executor.py
[2024-09-12T16:15:36.677+0000] {processor.py:925} INFO - DAG(s) 'example_kubernetes_executor' retrieved from /home/airflow/.local/lib/python3.12/site-packages/airflow/example_dags/example_kubernetes_executor.py
[2024-09-12T16:15:36.902+0000] {logging_mixin.py:190} INFO - [2024-09-12T16:15:36.901+0000] {dag.py:3211} INFO - Sync 1 DAGs
[2024-09-12T16:15:37.033+0000] {logging_mixin.py:190} INFO - [2024-09-12T16:15:37.033+0000] {dag.py:4138} INFO - Setting next_dagrun for example_kubernetes_executor to None, run_after=None
[2024-09-12T16:15:37.193+0000] {processor.py:208} INFO - Processing /home/airflow/.local/lib/python3.12/site-packages/airflow/example_dags/example_kubernetes_executor.py took 0.631 seconds
[2024-09-12T16:16:48.887+0000] {processor.py:186} INFO - Started process (PID=4304) to work on /home/airflow/.local/lib/python3.12/site-packages/airflow/example_dags/example_kubernetes_executor.py
[2024-09-12T16:16:48.891+0000] {processor.py:914} INFO - Processing file /home/airflow/.local/lib/python3.12/site-packages/airflow/example_dags/example_kubernetes_executor.py for tasks to queue
[2024-09-12T16:16:48.900+0000] {logging_mixin.py:190} INFO - [2024-09-12T16:16:48.894+0000] {dagbag.py:587} INFO - Filling up the DagBag from /home/airflow/.local/lib/python3.12/site-packages/airflow/example_dags/example_kubernetes_executor.py
[2024-09-12T16:16:48.989+0000] {processor.py:925} INFO - DAG(s) 'example_kubernetes_executor' retrieved from /home/airflow/.local/lib/python3.12/site-packages/airflow/example_dags/example_kubernetes_executor.py
[2024-09-12T16:16:51.335+0000] {logging_mixin.py:190} INFO - [2024-09-12T16:16:51.335+0000] {dag.py:3211} INFO - Sync 1 DAGs
[2024-09-12T16:16:51.408+0000] {logging_mixin.py:190} INFO - [2024-09-12T16:16:51.407+0000] {dag.py:4138} INFO - Setting next_dagrun for example_kubernetes_executor to None, run_after=None
[2024-09-12T16:16:51.528+0000] {processor.py:208} INFO - Processing /home/airflow/.local/lib/python3.12/site-packages/airflow/example_dags/example_kubernetes_executor.py took 2.680 seconds
[2024-09-12T16:17:45.711+0000] {processor.py:186} INFO - Started process (PID=4387) to work on /home/airflow/.local/lib/python3.12/site-packages/airflow/example_dags/example_kubernetes_executor.py
[2024-09-12T16:17:45.719+0000] {processor.py:914} INFO - Processing file /home/airflow/.local/lib/python3.12/site-packages/airflow/example_dags/example_kubernetes_executor.py for tasks to queue
[2024-09-12T16:17:45.722+0000] {logging_mixin.py:190} INFO - [2024-09-12T16:17:45.721+0000] {dagbag.py:587} INFO - Filling up the DagBag from /home/airflow/.local/lib/python3.12/site-packages/airflow/example_dags/example_kubernetes_executor.py
[2024-09-12T16:17:45.783+0000] {processor.py:925} INFO - DAG(s) 'example_kubernetes_executor' retrieved from /home/airflow/.local/lib/python3.12/site-packages/airflow/example_dags/example_kubernetes_executor.py
[2024-09-12T16:17:46.179+0000] {logging_mixin.py:190} INFO - [2024-09-12T16:17:46.178+0000] {dag.py:3211} INFO - Sync 1 DAGs
[2024-09-12T16:17:46.380+0000] {logging_mixin.py:190} INFO - [2024-09-12T16:17:46.380+0000] {dag.py:4138} INFO - Setting next_dagrun for example_kubernetes_executor to None, run_after=None
[2024-09-12T16:17:46.539+0000] {processor.py:208} INFO - Processing /home/airflow/.local/lib/python3.12/site-packages/airflow/example_dags/example_kubernetes_executor.py took 0.858 seconds
[2024-09-12T16:18:46.339+0000] {processor.py:186} INFO - Started process (PID=4482) to work on /home/airflow/.local/lib/python3.12/site-packages/airflow/example_dags/example_kubernetes_executor.py
[2024-09-12T16:18:46.341+0000] {processor.py:914} INFO - Processing file /home/airflow/.local/lib/python3.12/site-packages/airflow/example_dags/example_kubernetes_executor.py for tasks to queue
[2024-09-12T16:18:46.347+0000] {logging_mixin.py:190} INFO - [2024-09-12T16:18:46.347+0000] {dagbag.py:587} INFO - Filling up the DagBag from /home/airflow/.local/lib/python3.12/site-packages/airflow/example_dags/example_kubernetes_executor.py
[2024-09-12T16:18:46.439+0000] {processor.py:925} INFO - DAG(s) 'example_kubernetes_executor' retrieved from /home/airflow/.local/lib/python3.12/site-packages/airflow/example_dags/example_kubernetes_executor.py
[2024-09-12T16:18:46.688+0000] {logging_mixin.py:190} INFO - [2024-09-12T16:18:46.688+0000] {dag.py:3211} INFO - Sync 1 DAGs
[2024-09-12T16:18:46.779+0000] {logging_mixin.py:190} INFO - [2024-09-12T16:18:46.779+0000] {dag.py:4138} INFO - Setting next_dagrun for example_kubernetes_executor to None, run_after=None
[2024-09-12T16:18:46.988+0000] {processor.py:208} INFO - Processing /home/airflow/.local/lib/python3.12/site-packages/airflow/example_dags/example_kubernetes_executor.py took 0.688 seconds
[2024-09-12T16:19:27.404+0000] {processor.py:186} INFO - Started process (PID=4551) to work on /home/airflow/.local/lib/python3.12/site-packages/airflow/example_dags/example_kubernetes_executor.py
[2024-09-12T16:19:27.419+0000] {processor.py:914} INFO - Processing file /home/airflow/.local/lib/python3.12/site-packages/airflow/example_dags/example_kubernetes_executor.py for tasks to queue
[2024-09-12T16:19:27.425+0000] {logging_mixin.py:190} INFO - [2024-09-12T16:19:27.424+0000] {dagbag.py:587} INFO - Filling up the DagBag from /home/airflow/.local/lib/python3.12/site-packages/airflow/example_dags/example_kubernetes_executor.py
[2024-09-12T16:19:27.488+0000] {processor.py:925} INFO - DAG(s) 'example_kubernetes_executor' retrieved from /home/airflow/.local/lib/python3.12/site-packages/airflow/example_dags/example_kubernetes_executor.py
[2024-09-12T16:19:27.681+0000] {logging_mixin.py:190} INFO - [2024-09-12T16:19:27.681+0000] {dag.py:3211} INFO - Sync 1 DAGs
[2024-09-12T16:19:27.756+0000] {logging_mixin.py:190} INFO - [2024-09-12T16:19:27.756+0000] {dag.py:4138} INFO - Setting next_dagrun for example_kubernetes_executor to None, run_after=None
[2024-09-12T16:19:27.913+0000] {processor.py:208} INFO - Processing /home/airflow/.local/lib/python3.12/site-packages/airflow/example_dags/example_kubernetes_executor.py took 0.531 seconds
[2024-09-12T16:20:05.456+0000] {processor.py:186} INFO - Started process (PID=4620) to work on /home/airflow/.local/lib/python3.12/site-packages/airflow/example_dags/example_kubernetes_executor.py
[2024-09-12T16:20:05.462+0000] {processor.py:914} INFO - Processing file /home/airflow/.local/lib/python3.12/site-packages/airflow/example_dags/example_kubernetes_executor.py for tasks to queue
[2024-09-12T16:20:05.481+0000] {logging_mixin.py:190} INFO - [2024-09-12T16:20:05.481+0000] {dagbag.py:587} INFO - Filling up the DagBag from /home/airflow/.local/lib/python3.12/site-packages/airflow/example_dags/example_kubernetes_executor.py
[2024-09-12T16:20:05.663+0000] {processor.py:925} INFO - DAG(s) 'example_kubernetes_executor' retrieved from /home/airflow/.local/lib/python3.12/site-packages/airflow/example_dags/example_kubernetes_executor.py
[2024-09-12T16:20:05.906+0000] {logging_mixin.py:190} INFO - [2024-09-12T16:20:05.905+0000] {dag.py:3211} INFO - Sync 1 DAGs
[2024-09-12T16:20:05.990+0000] {logging_mixin.py:190} INFO - [2024-09-12T16:20:05.989+0000] {dag.py:4138} INFO - Setting next_dagrun for example_kubernetes_executor to None, run_after=None
[2024-09-12T16:20:06.148+0000] {processor.py:208} INFO - Processing /home/airflow/.local/lib/python3.12/site-packages/airflow/example_dags/example_kubernetes_executor.py took 0.741 seconds
[2024-09-12T16:21:11.214+0000] {processor.py:186} INFO - Started process (PID=4706) to work on /home/airflow/.local/lib/python3.12/site-packages/airflow/example_dags/example_kubernetes_executor.py
[2024-09-12T16:21:11.226+0000] {processor.py:914} INFO - Processing file /home/airflow/.local/lib/python3.12/site-packages/airflow/example_dags/example_kubernetes_executor.py for tasks to queue
[2024-09-12T16:21:11.232+0000] {logging_mixin.py:190} INFO - [2024-09-12T16:21:11.231+0000] {dagbag.py:587} INFO - Filling up the DagBag from /home/airflow/.local/lib/python3.12/site-packages/airflow/example_dags/example_kubernetes_executor.py
[2024-09-12T16:21:11.373+0000] {processor.py:925} INFO - DAG(s) 'example_kubernetes_executor' retrieved from /home/airflow/.local/lib/python3.12/site-packages/airflow/example_dags/example_kubernetes_executor.py
[2024-09-12T16:21:11.809+0000] {logging_mixin.py:190} INFO - [2024-09-12T16:21:11.809+0000] {dag.py:3211} INFO - Sync 1 DAGs
[2024-09-12T16:21:11.974+0000] {logging_mixin.py:190} INFO - [2024-09-12T16:21:11.973+0000] {dag.py:4138} INFO - Setting next_dagrun for example_kubernetes_executor to None, run_after=None
[2024-09-12T16:21:12.172+0000] {processor.py:208} INFO - Processing /home/airflow/.local/lib/python3.12/site-packages/airflow/example_dags/example_kubernetes_executor.py took 1.007 seconds
[2024-09-12T16:22:30.620+0000] {processor.py:186} INFO - Started process (PID=4792) to work on /home/airflow/.local/lib/python3.12/site-packages/airflow/example_dags/example_kubernetes_executor.py
[2024-09-12T16:22:30.640+0000] {processor.py:914} INFO - Processing file /home/airflow/.local/lib/python3.12/site-packages/airflow/example_dags/example_kubernetes_executor.py for tasks to queue
[2024-09-12T16:22:30.651+0000] {logging_mixin.py:190} INFO - [2024-09-12T16:22:30.650+0000] {dagbag.py:587} INFO - Filling up the DagBag from /home/airflow/.local/lib/python3.12/site-packages/airflow/example_dags/example_kubernetes_executor.py
[2024-09-12T16:22:30.942+0000] {processor.py:925} INFO - DAG(s) 'example_kubernetes_executor' retrieved from /home/airflow/.local/lib/python3.12/site-packages/airflow/example_dags/example_kubernetes_executor.py
[2024-09-12T16:22:31.318+0000] {logging_mixin.py:190} INFO - [2024-09-12T16:22:31.315+0000] {dag.py:3211} INFO - Sync 1 DAGs
[2024-09-12T16:22:31.554+0000] {logging_mixin.py:190} INFO - [2024-09-12T16:22:31.554+0000] {dag.py:4138} INFO - Setting next_dagrun for example_kubernetes_executor to None, run_after=None
[2024-09-12T16:22:31.831+0000] {processor.py:208} INFO - Processing /home/airflow/.local/lib/python3.12/site-packages/airflow/example_dags/example_kubernetes_executor.py took 1.244 seconds
[2024-09-12T16:23:11.935+0000] {processor.py:186} INFO - Started process (PID=4858) to work on /home/airflow/.local/lib/python3.12/site-packages/airflow/example_dags/example_kubernetes_executor.py
[2024-09-12T16:23:11.950+0000] {processor.py:914} INFO - Processing file /home/airflow/.local/lib/python3.12/site-packages/airflow/example_dags/example_kubernetes_executor.py for tasks to queue
[2024-09-12T16:23:11.955+0000] {logging_mixin.py:190} INFO - [2024-09-12T16:23:11.954+0000] {dagbag.py:587} INFO - Filling up the DagBag from /home/airflow/.local/lib/python3.12/site-packages/airflow/example_dags/example_kubernetes_executor.py
[2024-09-12T16:23:12.086+0000] {processor.py:925} INFO - DAG(s) 'example_kubernetes_executor' retrieved from /home/airflow/.local/lib/python3.12/site-packages/airflow/example_dags/example_kubernetes_executor.py
[2024-09-12T16:23:12.292+0000] {logging_mixin.py:190} INFO - [2024-09-12T16:23:12.292+0000] {dag.py:3211} INFO - Sync 1 DAGs
[2024-09-12T16:23:12.385+0000] {logging_mixin.py:190} INFO - [2024-09-12T16:23:12.384+0000] {dag.py:4138} INFO - Setting next_dagrun for example_kubernetes_executor to None, run_after=None
[2024-09-12T16:23:12.513+0000] {processor.py:208} INFO - Processing /home/airflow/.local/lib/python3.12/site-packages/airflow/example_dags/example_kubernetes_executor.py took 0.654 seconds
