[2024-09-12T14:59:14.532+0000] {processor.py:186} INFO - Started process (PID=131) to work on /home/airflow/.local/lib/python3.12/site-packages/airflow/example_dags/example_task_group_decorator.py
[2024-09-12T14:59:14.544+0000] {processor.py:914} INFO - Processing file /home/airflow/.local/lib/python3.12/site-packages/airflow/example_dags/example_task_group_decorator.py for tasks to queue
[2024-09-12T14:59:14.561+0000] {logging_mixin.py:190} INFO - [2024-09-12T14:59:14.561+0000] {dagbag.py:587} INFO - Filling up the DagBag from /home/airflow/.local/lib/python3.12/site-packages/airflow/example_dags/example_task_group_decorator.py
[2024-09-12T14:59:14.986+0000] {processor.py:925} INFO - DAG(s) 'example_task_group_decorator' retrieved from /home/airflow/.local/lib/python3.12/site-packages/airflow/example_dags/example_task_group_decorator.py
[2024-09-12T14:59:15.405+0000] {logging_mixin.py:190} INFO - [2024-09-12T14:59:15.404+0000] {dag.py:3211} INFO - Sync 1 DAGs
[2024-09-12T14:59:15.726+0000] {logging_mixin.py:190} INFO - [2024-09-12T14:59:15.702+0000] {dag.py:4138} INFO - Setting next_dagrun for example_task_group_decorator to 2024-09-11 00:00:00+00:00, run_after=2024-09-12 00:00:00+00:00
[2024-09-12T14:59:15.905+0000] {processor.py:208} INFO - Processing /home/airflow/.local/lib/python3.12/site-packages/airflow/example_dags/example_task_group_decorator.py took 1.421 seconds
[2024-09-12T15:00:12.771+0000] {processor.py:186} INFO - Started process (PID=207) to work on /home/airflow/.local/lib/python3.12/site-packages/airflow/example_dags/example_task_group_decorator.py
[2024-09-12T15:00:12.803+0000] {processor.py:914} INFO - Processing file /home/airflow/.local/lib/python3.12/site-packages/airflow/example_dags/example_task_group_decorator.py for tasks to queue
[2024-09-12T15:00:12.824+0000] {logging_mixin.py:190} INFO - [2024-09-12T15:00:12.824+0000] {dagbag.py:587} INFO - Filling up the DagBag from /home/airflow/.local/lib/python3.12/site-packages/airflow/example_dags/example_task_group_decorator.py
[2024-09-12T15:00:12.980+0000] {processor.py:925} INFO - DAG(s) 'example_task_group_decorator' retrieved from /home/airflow/.local/lib/python3.12/site-packages/airflow/example_dags/example_task_group_decorator.py
[2024-09-12T15:00:13.201+0000] {logging_mixin.py:190} INFO - [2024-09-12T15:00:13.201+0000] {dag.py:3211} INFO - Sync 1 DAGs
[2024-09-12T15:00:13.385+0000] {logging_mixin.py:190} INFO - [2024-09-12T15:00:13.385+0000] {dag.py:4138} INFO - Setting next_dagrun for example_task_group_decorator to 2024-09-11 00:00:00+00:00, run_after=2024-09-12 00:00:00+00:00
[2024-09-12T15:00:13.554+0000] {processor.py:208} INFO - Processing /home/airflow/.local/lib/python3.12/site-packages/airflow/example_dags/example_task_group_decorator.py took 0.829 seconds
[2024-09-12T15:01:26.254+0000] {processor.py:186} INFO - Started process (PID=289) to work on /home/airflow/.local/lib/python3.12/site-packages/airflow/example_dags/example_task_group_decorator.py
[2024-09-12T15:01:26.283+0000] {processor.py:914} INFO - Processing file /home/airflow/.local/lib/python3.12/site-packages/airflow/example_dags/example_task_group_decorator.py for tasks to queue
[2024-09-12T15:01:26.320+0000] {logging_mixin.py:190} INFO - [2024-09-12T15:01:26.320+0000] {dagbag.py:587} INFO - Filling up the DagBag from /home/airflow/.local/lib/python3.12/site-packages/airflow/example_dags/example_task_group_decorator.py
[2024-09-12T15:01:26.560+0000] {processor.py:925} INFO - DAG(s) 'example_task_group_decorator' retrieved from /home/airflow/.local/lib/python3.12/site-packages/airflow/example_dags/example_task_group_decorator.py
[2024-09-12T15:01:27.152+0000] {logging_mixin.py:190} INFO - [2024-09-12T15:01:27.151+0000] {dag.py:3211} INFO - Sync 1 DAGs
[2024-09-12T15:01:27.565+0000] {logging_mixin.py:190} INFO - [2024-09-12T15:01:27.565+0000] {dag.py:4138} INFO - Setting next_dagrun for example_task_group_decorator to 2024-09-11 00:00:00+00:00, run_after=2024-09-12 00:00:00+00:00
[2024-09-12T15:01:27.814+0000] {processor.py:208} INFO - Processing /home/airflow/.local/lib/python3.12/site-packages/airflow/example_dags/example_task_group_decorator.py took 1.627 seconds
[2024-09-12T15:03:41.710+0000] {processor.py:186} INFO - Started process (PID=386) to work on /home/airflow/.local/lib/python3.12/site-packages/airflow/example_dags/example_task_group_decorator.py
[2024-09-12T15:03:41.712+0000] {processor.py:914} INFO - Processing file /home/airflow/.local/lib/python3.12/site-packages/airflow/example_dags/example_task_group_decorator.py for tasks to queue
[2024-09-12T15:03:41.742+0000] {logging_mixin.py:190} INFO - [2024-09-12T15:03:41.714+0000] {dagbag.py:587} INFO - Filling up the DagBag from /home/airflow/.local/lib/python3.12/site-packages/airflow/example_dags/example_task_group_decorator.py
[2024-09-12T15:03:42.146+0000] {processor.py:925} INFO - DAG(s) 'example_task_group_decorator' retrieved from /home/airflow/.local/lib/python3.12/site-packages/airflow/example_dags/example_task_group_decorator.py
[2024-09-12T15:03:42.877+0000] {logging_mixin.py:190} INFO - [2024-09-12T15:03:42.877+0000] {dag.py:3211} INFO - Sync 1 DAGs
[2024-09-12T15:03:43.229+0000] {logging_mixin.py:190} INFO - [2024-09-12T15:03:43.229+0000] {dag.py:4138} INFO - Setting next_dagrun for example_task_group_decorator to 2024-09-11 00:00:00+00:00, run_after=2024-09-12 00:00:00+00:00
[2024-09-12T15:03:43.500+0000] {processor.py:208} INFO - Processing /home/airflow/.local/lib/python3.12/site-packages/airflow/example_dags/example_task_group_decorator.py took 1.962 seconds
[2024-09-12T15:04:37.595+0000] {processor.py:186} INFO - Started process (PID=458) to work on /home/airflow/.local/lib/python3.12/site-packages/airflow/example_dags/example_task_group_decorator.py
[2024-09-12T15:04:37.607+0000] {processor.py:914} INFO - Processing file /home/airflow/.local/lib/python3.12/site-packages/airflow/example_dags/example_task_group_decorator.py for tasks to queue
[2024-09-12T15:04:37.612+0000] {logging_mixin.py:190} INFO - [2024-09-12T15:04:37.612+0000] {dagbag.py:587} INFO - Filling up the DagBag from /home/airflow/.local/lib/python3.12/site-packages/airflow/example_dags/example_task_group_decorator.py
[2024-09-12T15:04:37.715+0000] {processor.py:925} INFO - DAG(s) 'example_task_group_decorator' retrieved from /home/airflow/.local/lib/python3.12/site-packages/airflow/example_dags/example_task_group_decorator.py
[2024-09-12T15:04:37.926+0000] {logging_mixin.py:190} INFO - [2024-09-12T15:04:37.925+0000] {dag.py:3211} INFO - Sync 1 DAGs
[2024-09-12T15:04:38.268+0000] {logging_mixin.py:190} INFO - [2024-09-12T15:04:38.267+0000] {dag.py:4138} INFO - Setting next_dagrun for example_task_group_decorator to 2024-09-11 00:00:00+00:00, run_after=2024-09-12 00:00:00+00:00
[2024-09-12T15:04:38.544+0000] {processor.py:208} INFO - Processing /home/airflow/.local/lib/python3.12/site-packages/airflow/example_dags/example_task_group_decorator.py took 1.005 seconds
[2024-09-12T15:06:10.321+0000] {processor.py:186} INFO - Started process (PID=558) to work on /home/airflow/.local/lib/python3.12/site-packages/airflow/example_dags/example_task_group_decorator.py
[2024-09-12T15:06:10.330+0000] {processor.py:914} INFO - Processing file /home/airflow/.local/lib/python3.12/site-packages/airflow/example_dags/example_task_group_decorator.py for tasks to queue
[2024-09-12T15:06:10.352+0000] {logging_mixin.py:190} INFO - [2024-09-12T15:06:10.351+0000] {dagbag.py:587} INFO - Filling up the DagBag from /home/airflow/.local/lib/python3.12/site-packages/airflow/example_dags/example_task_group_decorator.py
[2024-09-12T15:06:10.617+0000] {processor.py:925} INFO - DAG(s) 'example_task_group_decorator' retrieved from /home/airflow/.local/lib/python3.12/site-packages/airflow/example_dags/example_task_group_decorator.py
[2024-09-12T15:06:10.826+0000] {logging_mixin.py:190} INFO - [2024-09-12T15:06:10.826+0000] {dag.py:3211} INFO - Sync 1 DAGs
[2024-09-12T15:06:11.051+0000] {logging_mixin.py:190} INFO - [2024-09-12T15:06:11.050+0000] {dag.py:4138} INFO - Setting next_dagrun for example_task_group_decorator to 2024-09-11 00:00:00+00:00, run_after=2024-09-12 00:00:00+00:00
[2024-09-12T15:06:11.175+0000] {processor.py:208} INFO - Processing /home/airflow/.local/lib/python3.12/site-packages/airflow/example_dags/example_task_group_decorator.py took 0.930 seconds
[2024-09-12T15:07:30.197+0000] {processor.py:186} INFO - Started process (PID=654) to work on /home/airflow/.local/lib/python3.12/site-packages/airflow/example_dags/example_task_group_decorator.py
[2024-09-12T15:07:30.208+0000] {processor.py:914} INFO - Processing file /home/airflow/.local/lib/python3.12/site-packages/airflow/example_dags/example_task_group_decorator.py for tasks to queue
[2024-09-12T15:07:30.267+0000] {logging_mixin.py:190} INFO - [2024-09-12T15:07:30.266+0000] {dagbag.py:587} INFO - Filling up the DagBag from /home/airflow/.local/lib/python3.12/site-packages/airflow/example_dags/example_task_group_decorator.py
[2024-09-12T15:07:30.700+0000] {processor.py:925} INFO - DAG(s) 'example_task_group_decorator' retrieved from /home/airflow/.local/lib/python3.12/site-packages/airflow/example_dags/example_task_group_decorator.py
[2024-09-12T15:07:31.103+0000] {logging_mixin.py:190} INFO - [2024-09-12T15:07:31.102+0000] {dag.py:3211} INFO - Sync 1 DAGs
[2024-09-12T15:07:31.431+0000] {logging_mixin.py:190} INFO - [2024-09-12T15:07:31.431+0000] {dag.py:4138} INFO - Setting next_dagrun for example_task_group_decorator to 2024-09-11 00:00:00+00:00, run_after=2024-09-12 00:00:00+00:00
[2024-09-12T15:07:31.927+0000] {processor.py:208} INFO - Processing /home/airflow/.local/lib/python3.12/site-packages/airflow/example_dags/example_task_group_decorator.py took 1.819 seconds
[2024-09-12T15:09:00.153+0000] {processor.py:186} INFO - Started process (PID=737) to work on /home/airflow/.local/lib/python3.12/site-packages/airflow/example_dags/example_task_group_decorator.py
[2024-09-12T15:09:00.203+0000] {processor.py:914} INFO - Processing file /home/airflow/.local/lib/python3.12/site-packages/airflow/example_dags/example_task_group_decorator.py for tasks to queue
[2024-09-12T15:09:00.206+0000] {logging_mixin.py:190} INFO - [2024-09-12T15:09:00.205+0000] {dagbag.py:587} INFO - Filling up the DagBag from /home/airflow/.local/lib/python3.12/site-packages/airflow/example_dags/example_task_group_decorator.py
[2024-09-12T15:09:00.443+0000] {processor.py:925} INFO - DAG(s) 'example_task_group_decorator' retrieved from /home/airflow/.local/lib/python3.12/site-packages/airflow/example_dags/example_task_group_decorator.py
[2024-09-12T15:09:00.601+0000] {logging_mixin.py:190} INFO - [2024-09-12T15:09:00.600+0000] {dag.py:3211} INFO - Sync 1 DAGs
[2024-09-12T15:09:01.250+0000] {logging_mixin.py:190} INFO - [2024-09-12T15:09:01.234+0000] {dag.py:4138} INFO - Setting next_dagrun for example_task_group_decorator to 2024-09-11 00:00:00+00:00, run_after=2024-09-12 00:00:00+00:00
[2024-09-12T15:09:01.482+0000] {processor.py:208} INFO - Processing /home/airflow/.local/lib/python3.12/site-packages/airflow/example_dags/example_task_group_decorator.py took 1.354 seconds
[2024-09-12T15:10:10.592+0000] {processor.py:186} INFO - Started process (PID=822) to work on /home/airflow/.local/lib/python3.12/site-packages/airflow/example_dags/example_task_group_decorator.py
[2024-09-12T15:10:10.606+0000] {processor.py:914} INFO - Processing file /home/airflow/.local/lib/python3.12/site-packages/airflow/example_dags/example_task_group_decorator.py for tasks to queue
[2024-09-12T15:10:10.630+0000] {logging_mixin.py:190} INFO - [2024-09-12T15:10:10.630+0000] {dagbag.py:587} INFO - Filling up the DagBag from /home/airflow/.local/lib/python3.12/site-packages/airflow/example_dags/example_task_group_decorator.py
[2024-09-12T15:10:10.887+0000] {processor.py:925} INFO - DAG(s) 'example_task_group_decorator' retrieved from /home/airflow/.local/lib/python3.12/site-packages/airflow/example_dags/example_task_group_decorator.py
[2024-09-12T15:10:11.223+0000] {logging_mixin.py:190} INFO - [2024-09-12T15:10:11.223+0000] {dag.py:3211} INFO - Sync 1 DAGs
[2024-09-12T15:10:11.558+0000] {logging_mixin.py:190} INFO - [2024-09-12T15:10:11.557+0000] {dag.py:4138} INFO - Setting next_dagrun for example_task_group_decorator to 2024-09-11 00:00:00+00:00, run_after=2024-09-12 00:00:00+00:00
[2024-09-12T15:10:12.108+0000] {processor.py:208} INFO - Processing /home/airflow/.local/lib/python3.12/site-packages/airflow/example_dags/example_task_group_decorator.py took 1.586 seconds
[2024-09-12T15:11:07.050+0000] {processor.py:186} INFO - Started process (PID=889) to work on /home/airflow/.local/lib/python3.12/site-packages/airflow/example_dags/example_task_group_decorator.py
[2024-09-12T15:11:07.053+0000] {processor.py:914} INFO - Processing file /home/airflow/.local/lib/python3.12/site-packages/airflow/example_dags/example_task_group_decorator.py for tasks to queue
[2024-09-12T15:11:07.055+0000] {logging_mixin.py:190} INFO - [2024-09-12T15:11:07.055+0000] {dagbag.py:587} INFO - Filling up the DagBag from /home/airflow/.local/lib/python3.12/site-packages/airflow/example_dags/example_task_group_decorator.py
[2024-09-12T15:11:07.187+0000] {processor.py:925} INFO - DAG(s) 'example_task_group_decorator' retrieved from /home/airflow/.local/lib/python3.12/site-packages/airflow/example_dags/example_task_group_decorator.py
[2024-09-12T15:11:07.402+0000] {logging_mixin.py:190} INFO - [2024-09-12T15:11:07.401+0000] {dag.py:3211} INFO - Sync 1 DAGs
[2024-09-12T15:11:08.160+0000] {logging_mixin.py:190} INFO - [2024-09-12T15:11:08.160+0000] {dag.py:4138} INFO - Setting next_dagrun for example_task_group_decorator to 2024-09-11 00:00:00+00:00, run_after=2024-09-12 00:00:00+00:00
[2024-09-12T15:11:08.701+0000] {processor.py:208} INFO - Processing /home/airflow/.local/lib/python3.12/site-packages/airflow/example_dags/example_task_group_decorator.py took 1.701 seconds
[2024-09-12T15:15:38.710+0000] {processor.py:186} INFO - Started process (PID=133) to work on /home/airflow/.local/lib/python3.12/site-packages/airflow/example_dags/example_task_group_decorator.py
[2024-09-12T15:15:38.724+0000] {processor.py:914} INFO - Processing file /home/airflow/.local/lib/python3.12/site-packages/airflow/example_dags/example_task_group_decorator.py for tasks to queue
[2024-09-12T15:15:38.741+0000] {logging_mixin.py:190} INFO - [2024-09-12T15:15:38.740+0000] {dagbag.py:587} INFO - Filling up the DagBag from /home/airflow/.local/lib/python3.12/site-packages/airflow/example_dags/example_task_group_decorator.py
[2024-09-12T15:15:39.021+0000] {processor.py:925} INFO - DAG(s) 'example_task_group_decorator' retrieved from /home/airflow/.local/lib/python3.12/site-packages/airflow/example_dags/example_task_group_decorator.py
[2024-09-12T15:15:39.213+0000] {logging_mixin.py:190} INFO - [2024-09-12T15:15:39.212+0000] {dag.py:3211} INFO - Sync 1 DAGs
[2024-09-12T15:15:39.495+0000] {logging_mixin.py:190} INFO - [2024-09-12T15:15:39.494+0000] {dag.py:4138} INFO - Setting next_dagrun for example_task_group_decorator to 2024-09-11 00:00:00+00:00, run_after=2024-09-12 00:00:00+00:00
[2024-09-12T15:15:40.126+0000] {processor.py:208} INFO - Processing /home/airflow/.local/lib/python3.12/site-packages/airflow/example_dags/example_task_group_decorator.py took 1.454 seconds
[2024-09-12T15:17:26.288+0000] {processor.py:186} INFO - Started process (PID=248) to work on /home/airflow/.local/lib/python3.12/site-packages/airflow/example_dags/example_task_group_decorator.py
[2024-09-12T15:17:26.305+0000] {processor.py:914} INFO - Processing file /home/airflow/.local/lib/python3.12/site-packages/airflow/example_dags/example_task_group_decorator.py for tasks to queue
[2024-09-12T15:17:26.322+0000] {logging_mixin.py:190} INFO - [2024-09-12T15:17:26.321+0000] {dagbag.py:587} INFO - Filling up the DagBag from /home/airflow/.local/lib/python3.12/site-packages/airflow/example_dags/example_task_group_decorator.py
[2024-09-12T15:17:26.838+0000] {processor.py:925} INFO - DAG(s) 'example_task_group_decorator' retrieved from /home/airflow/.local/lib/python3.12/site-packages/airflow/example_dags/example_task_group_decorator.py
[2024-09-12T15:17:27.533+0000] {logging_mixin.py:190} INFO - [2024-09-12T15:17:27.532+0000] {dag.py:3211} INFO - Sync 1 DAGs
[2024-09-12T15:17:27.855+0000] {logging_mixin.py:190} INFO - [2024-09-12T15:17:27.854+0000] {dag.py:4138} INFO - Setting next_dagrun for example_task_group_decorator to 2024-09-11 00:00:00+00:00, run_after=2024-09-12 00:00:00+00:00
[2024-09-12T15:17:28.048+0000] {processor.py:208} INFO - Processing /home/airflow/.local/lib/python3.12/site-packages/airflow/example_dags/example_task_group_decorator.py took 1.930 seconds
[2024-09-12T15:18:19.269+0000] {processor.py:186} INFO - Started process (PID=317) to work on /home/airflow/.local/lib/python3.12/site-packages/airflow/example_dags/example_task_group_decorator.py
[2024-09-12T15:18:19.272+0000] {processor.py:914} INFO - Processing file /home/airflow/.local/lib/python3.12/site-packages/airflow/example_dags/example_task_group_decorator.py for tasks to queue
[2024-09-12T15:18:19.289+0000] {logging_mixin.py:190} INFO - [2024-09-12T15:18:19.288+0000] {dagbag.py:587} INFO - Filling up the DagBag from /home/airflow/.local/lib/python3.12/site-packages/airflow/example_dags/example_task_group_decorator.py
[2024-09-12T15:18:19.399+0000] {processor.py:925} INFO - DAG(s) 'example_task_group_decorator' retrieved from /home/airflow/.local/lib/python3.12/site-packages/airflow/example_dags/example_task_group_decorator.py
[2024-09-12T15:18:19.812+0000] {logging_mixin.py:190} INFO - [2024-09-12T15:18:19.811+0000] {dag.py:3211} INFO - Sync 1 DAGs
[2024-09-12T15:18:20.101+0000] {logging_mixin.py:190} INFO - [2024-09-12T15:18:20.101+0000] {dag.py:4138} INFO - Setting next_dagrun for example_task_group_decorator to 2024-09-11 00:00:00+00:00, run_after=2024-09-12 00:00:00+00:00
[2024-09-12T15:18:20.534+0000] {processor.py:208} INFO - Processing /home/airflow/.local/lib/python3.12/site-packages/airflow/example_dags/example_task_group_decorator.py took 1.319 seconds
[2024-09-12T15:19:37.534+0000] {processor.py:186} INFO - Started process (PID=408) to work on /home/airflow/.local/lib/python3.12/site-packages/airflow/example_dags/example_task_group_decorator.py
[2024-09-12T15:19:37.537+0000] {processor.py:914} INFO - Processing file /home/airflow/.local/lib/python3.12/site-packages/airflow/example_dags/example_task_group_decorator.py for tasks to queue
[2024-09-12T15:19:37.596+0000] {logging_mixin.py:190} INFO - [2024-09-12T15:19:37.569+0000] {dagbag.py:587} INFO - Filling up the DagBag from /home/airflow/.local/lib/python3.12/site-packages/airflow/example_dags/example_task_group_decorator.py
[2024-09-12T15:19:37.827+0000] {processor.py:925} INFO - DAG(s) 'example_task_group_decorator' retrieved from /home/airflow/.local/lib/python3.12/site-packages/airflow/example_dags/example_task_group_decorator.py
[2024-09-12T15:19:38.139+0000] {logging_mixin.py:190} INFO - [2024-09-12T15:19:38.138+0000] {dag.py:3211} INFO - Sync 1 DAGs
[2024-09-12T15:19:38.802+0000] {logging_mixin.py:190} INFO - [2024-09-12T15:19:38.801+0000] {dag.py:4138} INFO - Setting next_dagrun for example_task_group_decorator to 2024-09-11 00:00:00+00:00, run_after=2024-09-12 00:00:00+00:00
[2024-09-12T15:19:39.042+0000] {processor.py:208} INFO - Processing /home/airflow/.local/lib/python3.12/site-packages/airflow/example_dags/example_task_group_decorator.py took 1.569 seconds
[2024-09-12T15:20:37.398+0000] {processor.py:186} INFO - Started process (PID=493) to work on /home/airflow/.local/lib/python3.12/site-packages/airflow/example_dags/example_task_group_decorator.py
[2024-09-12T15:20:37.401+0000] {processor.py:914} INFO - Processing file /home/airflow/.local/lib/python3.12/site-packages/airflow/example_dags/example_task_group_decorator.py for tasks to queue
[2024-09-12T15:20:37.411+0000] {logging_mixin.py:190} INFO - [2024-09-12T15:20:37.411+0000] {dagbag.py:587} INFO - Filling up the DagBag from /home/airflow/.local/lib/python3.12/site-packages/airflow/example_dags/example_task_group_decorator.py
[2024-09-12T15:20:37.537+0000] {processor.py:925} INFO - DAG(s) 'example_task_group_decorator' retrieved from /home/airflow/.local/lib/python3.12/site-packages/airflow/example_dags/example_task_group_decorator.py
[2024-09-12T15:20:37.651+0000] {logging_mixin.py:190} INFO - [2024-09-12T15:20:37.651+0000] {dag.py:3211} INFO - Sync 1 DAGs
[2024-09-12T15:20:38.004+0000] {logging_mixin.py:190} INFO - [2024-09-12T15:20:37.998+0000] {dag.py:4138} INFO - Setting next_dagrun for example_task_group_decorator to 2024-09-11 00:00:00+00:00, run_after=2024-09-12 00:00:00+00:00
[2024-09-12T15:20:38.253+0000] {processor.py:208} INFO - Processing /home/airflow/.local/lib/python3.12/site-packages/airflow/example_dags/example_task_group_decorator.py took 0.881 seconds
[2024-09-12T15:22:14.737+0000] {processor.py:186} INFO - Started process (PID=595) to work on /home/airflow/.local/lib/python3.12/site-packages/airflow/example_dags/example_task_group_decorator.py
[2024-09-12T15:22:14.750+0000] {processor.py:914} INFO - Processing file /home/airflow/.local/lib/python3.12/site-packages/airflow/example_dags/example_task_group_decorator.py for tasks to queue
[2024-09-12T15:22:14.767+0000] {logging_mixin.py:190} INFO - [2024-09-12T15:22:14.766+0000] {dagbag.py:587} INFO - Filling up the DagBag from /home/airflow/.local/lib/python3.12/site-packages/airflow/example_dags/example_task_group_decorator.py
[2024-09-12T15:22:14.967+0000] {processor.py:925} INFO - DAG(s) 'example_task_group_decorator' retrieved from /home/airflow/.local/lib/python3.12/site-packages/airflow/example_dags/example_task_group_decorator.py
[2024-09-12T15:22:15.269+0000] {logging_mixin.py:190} INFO - [2024-09-12T15:22:15.269+0000] {dag.py:3211} INFO - Sync 1 DAGs
[2024-09-12T15:22:15.481+0000] {logging_mixin.py:190} INFO - [2024-09-12T15:22:15.479+0000] {dag.py:4138} INFO - Setting next_dagrun for example_task_group_decorator to 2024-09-11 00:00:00+00:00, run_after=2024-09-12 00:00:00+00:00
[2024-09-12T15:22:15.719+0000] {processor.py:208} INFO - Processing /home/airflow/.local/lib/python3.12/site-packages/airflow/example_dags/example_task_group_decorator.py took 1.036 seconds
[2024-09-12T15:23:17.746+0000] {processor.py:186} INFO - Started process (PID=672) to work on /home/airflow/.local/lib/python3.12/site-packages/airflow/example_dags/example_task_group_decorator.py
[2024-09-12T15:23:17.754+0000] {processor.py:914} INFO - Processing file /home/airflow/.local/lib/python3.12/site-packages/airflow/example_dags/example_task_group_decorator.py for tasks to queue
[2024-09-12T15:23:17.769+0000] {logging_mixin.py:190} INFO - [2024-09-12T15:23:17.768+0000] {dagbag.py:587} INFO - Filling up the DagBag from /home/airflow/.local/lib/python3.12/site-packages/airflow/example_dags/example_task_group_decorator.py
[2024-09-12T15:23:17.923+0000] {processor.py:925} INFO - DAG(s) 'example_task_group_decorator' retrieved from /home/airflow/.local/lib/python3.12/site-packages/airflow/example_dags/example_task_group_decorator.py
[2024-09-12T15:23:18.325+0000] {logging_mixin.py:190} INFO - [2024-09-12T15:23:18.325+0000] {dag.py:3211} INFO - Sync 1 DAGs
[2024-09-12T15:23:18.626+0000] {logging_mixin.py:190} INFO - [2024-09-12T15:23:18.626+0000] {dag.py:4138} INFO - Setting next_dagrun for example_task_group_decorator to 2024-09-11 00:00:00+00:00, run_after=2024-09-12 00:00:00+00:00
[2024-09-12T15:23:19.000+0000] {processor.py:208} INFO - Processing /home/airflow/.local/lib/python3.12/site-packages/airflow/example_dags/example_task_group_decorator.py took 1.280 seconds
[2024-09-12T15:24:23.902+0000] {processor.py:186} INFO - Started process (PID=748) to work on /home/airflow/.local/lib/python3.12/site-packages/airflow/example_dags/example_task_group_decorator.py
[2024-09-12T15:24:23.918+0000] {processor.py:914} INFO - Processing file /home/airflow/.local/lib/python3.12/site-packages/airflow/example_dags/example_task_group_decorator.py for tasks to queue
[2024-09-12T15:24:23.935+0000] {logging_mixin.py:190} INFO - [2024-09-12T15:24:23.935+0000] {dagbag.py:587} INFO - Filling up the DagBag from /home/airflow/.local/lib/python3.12/site-packages/airflow/example_dags/example_task_group_decorator.py
[2024-09-12T15:24:24.210+0000] {processor.py:925} INFO - DAG(s) 'example_task_group_decorator' retrieved from /home/airflow/.local/lib/python3.12/site-packages/airflow/example_dags/example_task_group_decorator.py
[2024-09-12T15:24:24.560+0000] {logging_mixin.py:190} INFO - [2024-09-12T15:24:24.560+0000] {dag.py:3211} INFO - Sync 1 DAGs
[2024-09-12T15:24:24.932+0000] {logging_mixin.py:190} INFO - [2024-09-12T15:24:24.931+0000] {dag.py:4138} INFO - Setting next_dagrun for example_task_group_decorator to 2024-09-11 00:00:00+00:00, run_after=2024-09-12 00:00:00+00:00
[2024-09-12T15:24:25.054+0000] {processor.py:208} INFO - Processing /home/airflow/.local/lib/python3.12/site-packages/airflow/example_dags/example_task_group_decorator.py took 1.274 seconds
[2024-09-12T15:26:24.980+0000] {processor.py:186} INFO - Started process (PID=838) to work on /home/airflow/.local/lib/python3.12/site-packages/airflow/example_dags/example_task_group_decorator.py
[2024-09-12T15:26:24.994+0000] {processor.py:914} INFO - Processing file /home/airflow/.local/lib/python3.12/site-packages/airflow/example_dags/example_task_group_decorator.py for tasks to queue
[2024-09-12T15:26:25.011+0000] {logging_mixin.py:190} INFO - [2024-09-12T15:26:25.010+0000] {dagbag.py:587} INFO - Filling up the DagBag from /home/airflow/.local/lib/python3.12/site-packages/airflow/example_dags/example_task_group_decorator.py
[2024-09-12T15:26:25.279+0000] {processor.py:925} INFO - DAG(s) 'example_task_group_decorator' retrieved from /home/airflow/.local/lib/python3.12/site-packages/airflow/example_dags/example_task_group_decorator.py
[2024-09-12T15:26:25.793+0000] {logging_mixin.py:190} INFO - [2024-09-12T15:26:25.792+0000] {dag.py:3211} INFO - Sync 1 DAGs
[2024-09-12T15:26:26.160+0000] {logging_mixin.py:190} INFO - [2024-09-12T15:26:26.160+0000] {dag.py:4138} INFO - Setting next_dagrun for example_task_group_decorator to 2024-09-11 00:00:00+00:00, run_after=2024-09-12 00:00:00+00:00
[2024-09-12T15:26:26.587+0000] {processor.py:208} INFO - Processing /home/airflow/.local/lib/python3.12/site-packages/airflow/example_dags/example_task_group_decorator.py took 1.737 seconds
[2024-09-12T15:27:31.428+0000] {processor.py:186} INFO - Started process (PID=913) to work on /home/airflow/.local/lib/python3.12/site-packages/airflow/example_dags/example_task_group_decorator.py
[2024-09-12T15:27:31.435+0000] {processor.py:914} INFO - Processing file /home/airflow/.local/lib/python3.12/site-packages/airflow/example_dags/example_task_group_decorator.py for tasks to queue
[2024-09-12T15:27:31.445+0000] {logging_mixin.py:190} INFO - [2024-09-12T15:27:31.444+0000] {dagbag.py:587} INFO - Filling up the DagBag from /home/airflow/.local/lib/python3.12/site-packages/airflow/example_dags/example_task_group_decorator.py
[2024-09-12T15:27:31.693+0000] {processor.py:925} INFO - DAG(s) 'example_task_group_decorator' retrieved from /home/airflow/.local/lib/python3.12/site-packages/airflow/example_dags/example_task_group_decorator.py
[2024-09-12T15:27:32.153+0000] {logging_mixin.py:190} INFO - [2024-09-12T15:27:32.153+0000] {dag.py:3211} INFO - Sync 1 DAGs
[2024-09-12T15:27:32.291+0000] {logging_mixin.py:190} INFO - [2024-09-12T15:27:32.291+0000] {dag.py:4138} INFO - Setting next_dagrun for example_task_group_decorator to 2024-09-11 00:00:00+00:00, run_after=2024-09-12 00:00:00+00:00
[2024-09-12T15:27:32.573+0000] {processor.py:208} INFO - Processing /home/airflow/.local/lib/python3.12/site-packages/airflow/example_dags/example_task_group_decorator.py took 1.188 seconds
[2024-09-12T15:28:23.073+0000] {processor.py:186} INFO - Started process (PID=985) to work on /home/airflow/.local/lib/python3.12/site-packages/airflow/example_dags/example_task_group_decorator.py
[2024-09-12T15:28:23.087+0000] {processor.py:914} INFO - Processing file /home/airflow/.local/lib/python3.12/site-packages/airflow/example_dags/example_task_group_decorator.py for tasks to queue
[2024-09-12T15:28:23.108+0000] {logging_mixin.py:190} INFO - [2024-09-12T15:28:23.107+0000] {dagbag.py:587} INFO - Filling up the DagBag from /home/airflow/.local/lib/python3.12/site-packages/airflow/example_dags/example_task_group_decorator.py
[2024-09-12T15:28:23.240+0000] {processor.py:925} INFO - DAG(s) 'example_task_group_decorator' retrieved from /home/airflow/.local/lib/python3.12/site-packages/airflow/example_dags/example_task_group_decorator.py
[2024-09-12T15:28:23.348+0000] {logging_mixin.py:190} INFO - [2024-09-12T15:28:23.348+0000] {dag.py:3211} INFO - Sync 1 DAGs
[2024-09-12T15:28:23.545+0000] {logging_mixin.py:190} INFO - [2024-09-12T15:28:23.545+0000] {dag.py:4138} INFO - Setting next_dagrun for example_task_group_decorator to 2024-09-11 00:00:00+00:00, run_after=2024-09-12 00:00:00+00:00
[2024-09-12T15:28:23.697+0000] {processor.py:208} INFO - Processing /home/airflow/.local/lib/python3.12/site-packages/airflow/example_dags/example_task_group_decorator.py took 0.697 seconds
[2024-09-12T15:29:25.885+0000] {processor.py:186} INFO - Started process (PID=1074) to work on /home/airflow/.local/lib/python3.12/site-packages/airflow/example_dags/example_task_group_decorator.py
[2024-09-12T15:29:25.905+0000] {processor.py:914} INFO - Processing file /home/airflow/.local/lib/python3.12/site-packages/airflow/example_dags/example_task_group_decorator.py for tasks to queue
[2024-09-12T15:29:25.991+0000] {logging_mixin.py:190} INFO - [2024-09-12T15:29:25.976+0000] {dagbag.py:587} INFO - Filling up the DagBag from /home/airflow/.local/lib/python3.12/site-packages/airflow/example_dags/example_task_group_decorator.py
[2024-09-12T15:29:26.257+0000] {processor.py:925} INFO - DAG(s) 'example_task_group_decorator' retrieved from /home/airflow/.local/lib/python3.12/site-packages/airflow/example_dags/example_task_group_decorator.py
[2024-09-12T15:29:26.519+0000] {logging_mixin.py:190} INFO - [2024-09-12T15:29:26.518+0000] {dag.py:3211} INFO - Sync 1 DAGs
[2024-09-12T15:29:26.812+0000] {logging_mixin.py:190} INFO - [2024-09-12T15:29:26.812+0000] {dag.py:4138} INFO - Setting next_dagrun for example_task_group_decorator to 2024-09-11 00:00:00+00:00, run_after=2024-09-12 00:00:00+00:00
[2024-09-12T15:29:27.258+0000] {processor.py:208} INFO - Processing /home/airflow/.local/lib/python3.12/site-packages/airflow/example_dags/example_task_group_decorator.py took 1.486 seconds
[2024-09-12T15:31:39.014+0000] {processor.py:186} INFO - Started process (PID=1179) to work on /home/airflow/.local/lib/python3.12/site-packages/airflow/example_dags/example_task_group_decorator.py
[2024-09-12T15:31:39.024+0000] {processor.py:914} INFO - Processing file /home/airflow/.local/lib/python3.12/site-packages/airflow/example_dags/example_task_group_decorator.py for tasks to queue
[2024-09-12T15:31:39.028+0000] {logging_mixin.py:190} INFO - [2024-09-12T15:31:39.027+0000] {dagbag.py:587} INFO - Filling up the DagBag from /home/airflow/.local/lib/python3.12/site-packages/airflow/example_dags/example_task_group_decorator.py
[2024-09-12T15:31:39.215+0000] {processor.py:925} INFO - DAG(s) 'example_task_group_decorator' retrieved from /home/airflow/.local/lib/python3.12/site-packages/airflow/example_dags/example_task_group_decorator.py
[2024-09-12T15:31:39.496+0000] {logging_mixin.py:190} INFO - [2024-09-12T15:31:39.495+0000] {dag.py:3211} INFO - Sync 1 DAGs
[2024-09-12T15:31:39.710+0000] {logging_mixin.py:190} INFO - [2024-09-12T15:31:39.710+0000] {dag.py:4138} INFO - Setting next_dagrun for example_task_group_decorator to 2024-09-11 00:00:00+00:00, run_after=2024-09-12 00:00:00+00:00
[2024-09-12T15:31:39.832+0000] {processor.py:208} INFO - Processing /home/airflow/.local/lib/python3.12/site-packages/airflow/example_dags/example_task_group_decorator.py took 0.853 seconds
[2024-09-12T15:32:23.263+0000] {processor.py:186} INFO - Started process (PID=1250) to work on /home/airflow/.local/lib/python3.12/site-packages/airflow/example_dags/example_task_group_decorator.py
[2024-09-12T15:32:23.308+0000] {processor.py:914} INFO - Processing file /home/airflow/.local/lib/python3.12/site-packages/airflow/example_dags/example_task_group_decorator.py for tasks to queue
[2024-09-12T15:32:23.315+0000] {logging_mixin.py:190} INFO - [2024-09-12T15:32:23.314+0000] {dagbag.py:587} INFO - Filling up the DagBag from /home/airflow/.local/lib/python3.12/site-packages/airflow/example_dags/example_task_group_decorator.py
[2024-09-12T15:32:23.546+0000] {processor.py:925} INFO - DAG(s) 'example_task_group_decorator' retrieved from /home/airflow/.local/lib/python3.12/site-packages/airflow/example_dags/example_task_group_decorator.py
[2024-09-12T15:32:23.685+0000] {logging_mixin.py:190} INFO - [2024-09-12T15:32:23.684+0000] {dag.py:3211} INFO - Sync 1 DAGs
[2024-09-12T15:32:23.829+0000] {logging_mixin.py:190} INFO - [2024-09-12T15:32:23.829+0000] {dag.py:4138} INFO - Setting next_dagrun for example_task_group_decorator to 2024-09-11 00:00:00+00:00, run_after=2024-09-12 00:00:00+00:00
[2024-09-12T15:32:23.925+0000] {processor.py:208} INFO - Processing /home/airflow/.local/lib/python3.12/site-packages/airflow/example_dags/example_task_group_decorator.py took 0.714 seconds
[2024-09-12T15:33:24.911+0000] {processor.py:186} INFO - Started process (PID=1326) to work on /home/airflow/.local/lib/python3.12/site-packages/airflow/example_dags/example_task_group_decorator.py
[2024-09-12T15:33:24.926+0000] {processor.py:914} INFO - Processing file /home/airflow/.local/lib/python3.12/site-packages/airflow/example_dags/example_task_group_decorator.py for tasks to queue
[2024-09-12T15:33:24.943+0000] {logging_mixin.py:190} INFO - [2024-09-12T15:33:24.942+0000] {dagbag.py:587} INFO - Filling up the DagBag from /home/airflow/.local/lib/python3.12/site-packages/airflow/example_dags/example_task_group_decorator.py
[2024-09-12T15:33:25.210+0000] {processor.py:925} INFO - DAG(s) 'example_task_group_decorator' retrieved from /home/airflow/.local/lib/python3.12/site-packages/airflow/example_dags/example_task_group_decorator.py
[2024-09-12T15:33:25.549+0000] {logging_mixin.py:190} INFO - [2024-09-12T15:33:25.548+0000] {dag.py:3211} INFO - Sync 1 DAGs
[2024-09-12T15:33:25.853+0000] {logging_mixin.py:190} INFO - [2024-09-12T15:33:25.852+0000] {dag.py:4138} INFO - Setting next_dagrun for example_task_group_decorator to 2024-09-11 00:00:00+00:00, run_after=2024-09-12 00:00:00+00:00
[2024-09-12T15:33:26.052+0000] {processor.py:208} INFO - Processing /home/airflow/.local/lib/python3.12/site-packages/airflow/example_dags/example_task_group_decorator.py took 1.182 seconds
[2024-09-12T15:34:04.533+0000] {processor.py:186} INFO - Started process (PID=1398) to work on /home/airflow/.local/lib/python3.12/site-packages/airflow/example_dags/example_task_group_decorator.py
[2024-09-12T15:34:04.562+0000] {processor.py:914} INFO - Processing file /home/airflow/.local/lib/python3.12/site-packages/airflow/example_dags/example_task_group_decorator.py for tasks to queue
[2024-09-12T15:34:04.601+0000] {logging_mixin.py:190} INFO - [2024-09-12T15:34:04.600+0000] {dagbag.py:587} INFO - Filling up the DagBag from /home/airflow/.local/lib/python3.12/site-packages/airflow/example_dags/example_task_group_decorator.py
[2024-09-12T15:34:04.894+0000] {processor.py:925} INFO - DAG(s) 'example_task_group_decorator' retrieved from /home/airflow/.local/lib/python3.12/site-packages/airflow/example_dags/example_task_group_decorator.py
[2024-09-12T15:34:05.193+0000] {logging_mixin.py:190} INFO - [2024-09-12T15:34:05.192+0000] {dag.py:3211} INFO - Sync 1 DAGs
[2024-09-12T15:34:05.477+0000] {logging_mixin.py:190} INFO - [2024-09-12T15:34:05.476+0000] {dag.py:4138} INFO - Setting next_dagrun for example_task_group_decorator to 2024-09-11 00:00:00+00:00, run_after=2024-09-12 00:00:00+00:00
[2024-09-12T15:34:05.638+0000] {processor.py:208} INFO - Processing /home/airflow/.local/lib/python3.12/site-packages/airflow/example_dags/example_task_group_decorator.py took 1.162 seconds
[2024-09-12T15:34:45.435+0000] {processor.py:186} INFO - Started process (PID=1468) to work on /home/airflow/.local/lib/python3.12/site-packages/airflow/example_dags/example_task_group_decorator.py
[2024-09-12T15:34:45.456+0000] {processor.py:914} INFO - Processing file /home/airflow/.local/lib/python3.12/site-packages/airflow/example_dags/example_task_group_decorator.py for tasks to queue
[2024-09-12T15:34:45.472+0000] {logging_mixin.py:190} INFO - [2024-09-12T15:34:45.471+0000] {dagbag.py:587} INFO - Filling up the DagBag from /home/airflow/.local/lib/python3.12/site-packages/airflow/example_dags/example_task_group_decorator.py
[2024-09-12T15:34:45.700+0000] {processor.py:925} INFO - DAG(s) 'example_task_group_decorator' retrieved from /home/airflow/.local/lib/python3.12/site-packages/airflow/example_dags/example_task_group_decorator.py
[2024-09-12T15:34:45.989+0000] {logging_mixin.py:190} INFO - [2024-09-12T15:34:45.989+0000] {dag.py:3211} INFO - Sync 1 DAGs
[2024-09-12T15:34:46.362+0000] {logging_mixin.py:190} INFO - [2024-09-12T15:34:46.361+0000] {dag.py:4138} INFO - Setting next_dagrun for example_task_group_decorator to 2024-09-11 00:00:00+00:00, run_after=2024-09-12 00:00:00+00:00
[2024-09-12T15:34:46.458+0000] {processor.py:208} INFO - Processing /home/airflow/.local/lib/python3.12/site-packages/airflow/example_dags/example_task_group_decorator.py took 1.111 seconds
[2024-09-12T15:35:58.134+0000] {processor.py:186} INFO - Started process (PID=1540) to work on /home/airflow/.local/lib/python3.12/site-packages/airflow/example_dags/example_task_group_decorator.py
[2024-09-12T15:35:58.151+0000] {processor.py:914} INFO - Processing file /home/airflow/.local/lib/python3.12/site-packages/airflow/example_dags/example_task_group_decorator.py for tasks to queue
[2024-09-12T15:35:58.181+0000] {logging_mixin.py:190} INFO - [2024-09-12T15:35:58.180+0000] {dagbag.py:587} INFO - Filling up the DagBag from /home/airflow/.local/lib/python3.12/site-packages/airflow/example_dags/example_task_group_decorator.py
[2024-09-12T15:35:58.392+0000] {processor.py:925} INFO - DAG(s) 'example_task_group_decorator' retrieved from /home/airflow/.local/lib/python3.12/site-packages/airflow/example_dags/example_task_group_decorator.py
[2024-09-12T15:35:58.746+0000] {logging_mixin.py:190} INFO - [2024-09-12T15:35:58.746+0000] {dag.py:3211} INFO - Sync 1 DAGs
[2024-09-12T15:35:58.993+0000] {logging_mixin.py:190} INFO - [2024-09-12T15:35:58.993+0000] {dag.py:4138} INFO - Setting next_dagrun for example_task_group_decorator to 2024-09-11 00:00:00+00:00, run_after=2024-09-12 00:00:00+00:00
[2024-09-12T15:35:59.186+0000] {processor.py:208} INFO - Processing /home/airflow/.local/lib/python3.12/site-packages/airflow/example_dags/example_task_group_decorator.py took 1.133 seconds
[2024-09-12T15:37:06.707+0000] {processor.py:186} INFO - Started process (PID=1622) to work on /home/airflow/.local/lib/python3.12/site-packages/airflow/example_dags/example_task_group_decorator.py
[2024-09-12T15:37:06.754+0000] {processor.py:914} INFO - Processing file /home/airflow/.local/lib/python3.12/site-packages/airflow/example_dags/example_task_group_decorator.py for tasks to queue
[2024-09-12T15:37:06.802+0000] {logging_mixin.py:190} INFO - [2024-09-12T15:37:06.801+0000] {dagbag.py:587} INFO - Filling up the DagBag from /home/airflow/.local/lib/python3.12/site-packages/airflow/example_dags/example_task_group_decorator.py
[2024-09-12T15:37:07.326+0000] {processor.py:925} INFO - DAG(s) 'example_task_group_decorator' retrieved from /home/airflow/.local/lib/python3.12/site-packages/airflow/example_dags/example_task_group_decorator.py
[2024-09-12T15:37:07.777+0000] {logging_mixin.py:190} INFO - [2024-09-12T15:37:07.776+0000] {dag.py:3211} INFO - Sync 1 DAGs
[2024-09-12T15:37:08.094+0000] {logging_mixin.py:190} INFO - [2024-09-12T15:37:08.066+0000] {dag.py:4138} INFO - Setting next_dagrun for example_task_group_decorator to 2024-09-11 00:00:00+00:00, run_after=2024-09-12 00:00:00+00:00
[2024-09-12T15:37:08.350+0000] {processor.py:208} INFO - Processing /home/airflow/.local/lib/python3.12/site-packages/airflow/example_dags/example_task_group_decorator.py took 1.768 seconds
[2024-09-12T15:38:26.005+0000] {processor.py:186} INFO - Started process (PID=1705) to work on /home/airflow/.local/lib/python3.12/site-packages/airflow/example_dags/example_task_group_decorator.py
[2024-09-12T15:38:26.035+0000] {processor.py:914} INFO - Processing file /home/airflow/.local/lib/python3.12/site-packages/airflow/example_dags/example_task_group_decorator.py for tasks to queue
[2024-09-12T15:38:26.052+0000] {logging_mixin.py:190} INFO - [2024-09-12T15:38:26.051+0000] {dagbag.py:587} INFO - Filling up the DagBag from /home/airflow/.local/lib/python3.12/site-packages/airflow/example_dags/example_task_group_decorator.py
[2024-09-12T15:38:26.560+0000] {processor.py:925} INFO - DAG(s) 'example_task_group_decorator' retrieved from /home/airflow/.local/lib/python3.12/site-packages/airflow/example_dags/example_task_group_decorator.py
[2024-09-12T15:38:27.391+0000] {logging_mixin.py:190} INFO - [2024-09-12T15:38:27.391+0000] {dag.py:3211} INFO - Sync 1 DAGs
[2024-09-12T15:38:27.631+0000] {logging_mixin.py:190} INFO - [2024-09-12T15:38:27.631+0000] {dag.py:4138} INFO - Setting next_dagrun for example_task_group_decorator to 2024-09-11 00:00:00+00:00, run_after=2024-09-12 00:00:00+00:00
[2024-09-12T15:38:27.768+0000] {processor.py:208} INFO - Processing /home/airflow/.local/lib/python3.12/site-packages/airflow/example_dags/example_task_group_decorator.py took 1.591 seconds
[2024-09-12T15:40:13.725+0000] {processor.py:186} INFO - Started process (PID=1803) to work on /home/airflow/.local/lib/python3.12/site-packages/airflow/example_dags/example_task_group_decorator.py
[2024-09-12T15:40:13.743+0000] {processor.py:914} INFO - Processing file /home/airflow/.local/lib/python3.12/site-packages/airflow/example_dags/example_task_group_decorator.py for tasks to queue
[2024-09-12T15:40:13.761+0000] {logging_mixin.py:190} INFO - [2024-09-12T15:40:13.760+0000] {dagbag.py:587} INFO - Filling up the DagBag from /home/airflow/.local/lib/python3.12/site-packages/airflow/example_dags/example_task_group_decorator.py
[2024-09-12T15:40:14.008+0000] {processor.py:925} INFO - DAG(s) 'example_task_group_decorator' retrieved from /home/airflow/.local/lib/python3.12/site-packages/airflow/example_dags/example_task_group_decorator.py
[2024-09-12T15:40:15.068+0000] {logging_mixin.py:190} INFO - [2024-09-12T15:40:15.067+0000] {dag.py:3211} INFO - Sync 1 DAGs
[2024-09-12T15:40:15.504+0000] {logging_mixin.py:190} INFO - [2024-09-12T15:40:15.503+0000] {dag.py:4138} INFO - Setting next_dagrun for example_task_group_decorator to 2024-09-11 00:00:00+00:00, run_after=2024-09-12 00:00:00+00:00
[2024-09-12T15:40:15.831+0000] {processor.py:208} INFO - Processing /home/airflow/.local/lib/python3.12/site-packages/airflow/example_dags/example_task_group_decorator.py took 2.204 seconds
[2024-09-12T15:45:09.897+0000] {processor.py:186} INFO - Started process (PID=1942) to work on /home/airflow/.local/lib/python3.12/site-packages/airflow/example_dags/example_task_group_decorator.py
[2024-09-12T15:45:09.908+0000] {processor.py:914} INFO - Processing file /home/airflow/.local/lib/python3.12/site-packages/airflow/example_dags/example_task_group_decorator.py for tasks to queue
[2024-09-12T15:45:09.916+0000] {logging_mixin.py:190} INFO - [2024-09-12T15:45:09.915+0000] {dagbag.py:587} INFO - Filling up the DagBag from /home/airflow/.local/lib/python3.12/site-packages/airflow/example_dags/example_task_group_decorator.py
[2024-09-12T15:45:10.096+0000] {processor.py:925} INFO - DAG(s) 'example_task_group_decorator' retrieved from /home/airflow/.local/lib/python3.12/site-packages/airflow/example_dags/example_task_group_decorator.py
[2024-09-12T15:45:10.394+0000] {logging_mixin.py:190} INFO - [2024-09-12T15:45:10.393+0000] {dag.py:3211} INFO - Sync 1 DAGs
[2024-09-12T15:45:10.606+0000] {logging_mixin.py:190} INFO - [2024-09-12T15:45:10.606+0000] {dag.py:4138} INFO - Setting next_dagrun for example_task_group_decorator to 2024-09-11 00:00:00+00:00, run_after=2024-09-12 00:00:00+00:00
[2024-09-12T15:45:10.921+0000] {processor.py:208} INFO - Processing /home/airflow/.local/lib/python3.12/site-packages/airflow/example_dags/example_task_group_decorator.py took 1.068 seconds
[2024-09-12T15:46:10.908+0000] {processor.py:186} INFO - Started process (PID=2020) to work on /home/airflow/.local/lib/python3.12/site-packages/airflow/example_dags/example_task_group_decorator.py
[2024-09-12T15:46:10.970+0000] {processor.py:914} INFO - Processing file /home/airflow/.local/lib/python3.12/site-packages/airflow/example_dags/example_task_group_decorator.py for tasks to queue
[2024-09-12T15:46:11.020+0000] {logging_mixin.py:190} INFO - [2024-09-12T15:46:11.019+0000] {dagbag.py:587} INFO - Filling up the DagBag from /home/airflow/.local/lib/python3.12/site-packages/airflow/example_dags/example_task_group_decorator.py
[2024-09-12T15:46:11.329+0000] {processor.py:925} INFO - DAG(s) 'example_task_group_decorator' retrieved from /home/airflow/.local/lib/python3.12/site-packages/airflow/example_dags/example_task_group_decorator.py
[2024-09-12T15:46:11.953+0000] {logging_mixin.py:190} INFO - [2024-09-12T15:46:11.952+0000] {dag.py:3211} INFO - Sync 1 DAGs
[2024-09-12T15:46:12.605+0000] {logging_mixin.py:190} INFO - [2024-09-12T15:46:12.605+0000] {dag.py:4138} INFO - Setting next_dagrun for example_task_group_decorator to 2024-09-11 00:00:00+00:00, run_after=2024-09-12 00:00:00+00:00
[2024-09-12T15:46:13.288+0000] {processor.py:208} INFO - Processing /home/airflow/.local/lib/python3.12/site-packages/airflow/example_dags/example_task_group_decorator.py took 2.462 seconds
[2024-09-12T15:47:08.244+0000] {processor.py:186} INFO - Started process (PID=2093) to work on /home/airflow/.local/lib/python3.12/site-packages/airflow/example_dags/example_task_group_decorator.py
[2024-09-12T15:47:08.258+0000] {processor.py:914} INFO - Processing file /home/airflow/.local/lib/python3.12/site-packages/airflow/example_dags/example_task_group_decorator.py for tasks to queue
[2024-09-12T15:47:08.274+0000] {logging_mixin.py:190} INFO - [2024-09-12T15:47:08.271+0000] {dagbag.py:587} INFO - Filling up the DagBag from /home/airflow/.local/lib/python3.12/site-packages/airflow/example_dags/example_task_group_decorator.py
[2024-09-12T15:47:08.461+0000] {processor.py:925} INFO - DAG(s) 'example_task_group_decorator' retrieved from /home/airflow/.local/lib/python3.12/site-packages/airflow/example_dags/example_task_group_decorator.py
[2024-09-12T15:47:08.637+0000] {logging_mixin.py:190} INFO - [2024-09-12T15:47:08.637+0000] {dag.py:3211} INFO - Sync 1 DAGs
[2024-09-12T15:47:08.815+0000] {logging_mixin.py:190} INFO - [2024-09-12T15:47:08.814+0000] {dag.py:4138} INFO - Setting next_dagrun for example_task_group_decorator to 2024-09-11 00:00:00+00:00, run_after=2024-09-12 00:00:00+00:00
[2024-09-12T15:47:08.983+0000] {processor.py:208} INFO - Processing /home/airflow/.local/lib/python3.12/site-packages/airflow/example_dags/example_task_group_decorator.py took 0.778 seconds
[2024-09-12T15:48:05.428+0000] {processor.py:186} INFO - Started process (PID=2167) to work on /home/airflow/.local/lib/python3.12/site-packages/airflow/example_dags/example_task_group_decorator.py
[2024-09-12T15:48:05.431+0000] {processor.py:914} INFO - Processing file /home/airflow/.local/lib/python3.12/site-packages/airflow/example_dags/example_task_group_decorator.py for tasks to queue
[2024-09-12T15:48:05.438+0000] {logging_mixin.py:190} INFO - [2024-09-12T15:48:05.438+0000] {dagbag.py:587} INFO - Filling up the DagBag from /home/airflow/.local/lib/python3.12/site-packages/airflow/example_dags/example_task_group_decorator.py
[2024-09-12T15:48:05.630+0000] {processor.py:925} INFO - DAG(s) 'example_task_group_decorator' retrieved from /home/airflow/.local/lib/python3.12/site-packages/airflow/example_dags/example_task_group_decorator.py
[2024-09-12T15:48:05.741+0000] {logging_mixin.py:190} INFO - [2024-09-12T15:48:05.741+0000] {dag.py:3211} INFO - Sync 1 DAGs
[2024-09-12T15:48:05.873+0000] {logging_mixin.py:190} INFO - [2024-09-12T15:48:05.872+0000] {dag.py:4138} INFO - Setting next_dagrun for example_task_group_decorator to 2024-09-11 00:00:00+00:00, run_after=2024-09-12 00:00:00+00:00
[2024-09-12T15:48:05.953+0000] {processor.py:208} INFO - Processing /home/airflow/.local/lib/python3.12/site-packages/airflow/example_dags/example_task_group_decorator.py took 0.604 seconds
[2024-09-12T15:48:54.717+0000] {processor.py:186} INFO - Started process (PID=2235) to work on /home/airflow/.local/lib/python3.12/site-packages/airflow/example_dags/example_task_group_decorator.py
[2024-09-12T15:48:54.731+0000] {processor.py:914} INFO - Processing file /home/airflow/.local/lib/python3.12/site-packages/airflow/example_dags/example_task_group_decorator.py for tasks to queue
[2024-09-12T15:48:54.748+0000] {logging_mixin.py:190} INFO - [2024-09-12T15:48:54.748+0000] {dagbag.py:587} INFO - Filling up the DagBag from /home/airflow/.local/lib/python3.12/site-packages/airflow/example_dags/example_task_group_decorator.py
[2024-09-12T15:48:54.897+0000] {processor.py:925} INFO - DAG(s) 'example_task_group_decorator' retrieved from /home/airflow/.local/lib/python3.12/site-packages/airflow/example_dags/example_task_group_decorator.py
[2024-09-12T15:48:55.134+0000] {logging_mixin.py:190} INFO - [2024-09-12T15:48:55.133+0000] {dag.py:3211} INFO - Sync 1 DAGs
[2024-09-12T15:48:55.408+0000] {logging_mixin.py:190} INFO - [2024-09-12T15:48:55.407+0000] {dag.py:4138} INFO - Setting next_dagrun for example_task_group_decorator to 2024-09-11 00:00:00+00:00, run_after=2024-09-12 00:00:00+00:00
[2024-09-12T15:48:55.678+0000] {processor.py:208} INFO - Processing /home/airflow/.local/lib/python3.12/site-packages/airflow/example_dags/example_task_group_decorator.py took 1.002 seconds
[2024-09-12T15:50:08.009+0000] {processor.py:186} INFO - Started process (PID=2313) to work on /home/airflow/.local/lib/python3.12/site-packages/airflow/example_dags/example_task_group_decorator.py
[2024-09-12T15:50:08.026+0000] {processor.py:914} INFO - Processing file /home/airflow/.local/lib/python3.12/site-packages/airflow/example_dags/example_task_group_decorator.py for tasks to queue
[2024-09-12T15:50:08.035+0000] {logging_mixin.py:190} INFO - [2024-09-12T15:50:08.034+0000] {dagbag.py:587} INFO - Filling up the DagBag from /home/airflow/.local/lib/python3.12/site-packages/airflow/example_dags/example_task_group_decorator.py
[2024-09-12T15:50:08.387+0000] {processor.py:925} INFO - DAG(s) 'example_task_group_decorator' retrieved from /home/airflow/.local/lib/python3.12/site-packages/airflow/example_dags/example_task_group_decorator.py
[2024-09-12T15:50:08.794+0000] {logging_mixin.py:190} INFO - [2024-09-12T15:50:08.793+0000] {dag.py:3211} INFO - Sync 1 DAGs
[2024-09-12T15:50:08.949+0000] {logging_mixin.py:190} INFO - [2024-09-12T15:50:08.949+0000] {dag.py:4138} INFO - Setting next_dagrun for example_task_group_decorator to 2024-09-11 00:00:00+00:00, run_after=2024-09-12 00:00:00+00:00
[2024-09-12T15:50:09.094+0000] {processor.py:208} INFO - Processing /home/airflow/.local/lib/python3.12/site-packages/airflow/example_dags/example_task_group_decorator.py took 1.120 seconds
[2024-09-12T15:51:41.579+0000] {processor.py:186} INFO - Started process (PID=2412) to work on /home/airflow/.local/lib/python3.12/site-packages/airflow/example_dags/example_task_group_decorator.py
[2024-09-12T15:51:41.590+0000] {processor.py:914} INFO - Processing file /home/airflow/.local/lib/python3.12/site-packages/airflow/example_dags/example_task_group_decorator.py for tasks to queue
[2024-09-12T15:51:41.593+0000] {logging_mixin.py:190} INFO - [2024-09-12T15:51:41.592+0000] {dagbag.py:587} INFO - Filling up the DagBag from /home/airflow/.local/lib/python3.12/site-packages/airflow/example_dags/example_task_group_decorator.py
[2024-09-12T15:51:41.735+0000] {processor.py:925} INFO - DAG(s) 'example_task_group_decorator' retrieved from /home/airflow/.local/lib/python3.12/site-packages/airflow/example_dags/example_task_group_decorator.py
[2024-09-12T15:51:41.839+0000] {logging_mixin.py:190} INFO - [2024-09-12T15:51:41.838+0000] {dag.py:3211} INFO - Sync 1 DAGs
[2024-09-12T15:51:41.953+0000] {logging_mixin.py:190} INFO - [2024-09-12T15:51:41.952+0000] {dag.py:4138} INFO - Setting next_dagrun for example_task_group_decorator to 2024-09-11 00:00:00+00:00, run_after=2024-09-12 00:00:00+00:00
[2024-09-12T15:51:42.017+0000] {processor.py:208} INFO - Processing /home/airflow/.local/lib/python3.12/site-packages/airflow/example_dags/example_task_group_decorator.py took 0.455 seconds
[2024-09-12T15:52:19.887+0000] {processor.py:186} INFO - Started process (PID=2483) to work on /home/airflow/.local/lib/python3.12/site-packages/airflow/example_dags/example_task_group_decorator.py
[2024-09-12T15:52:19.894+0000] {processor.py:914} INFO - Processing file /home/airflow/.local/lib/python3.12/site-packages/airflow/example_dags/example_task_group_decorator.py for tasks to queue
[2024-09-12T15:52:19.904+0000] {logging_mixin.py:190} INFO - [2024-09-12T15:52:19.903+0000] {dagbag.py:587} INFO - Filling up the DagBag from /home/airflow/.local/lib/python3.12/site-packages/airflow/example_dags/example_task_group_decorator.py
[2024-09-12T15:52:19.997+0000] {processor.py:925} INFO - DAG(s) 'example_task_group_decorator' retrieved from /home/airflow/.local/lib/python3.12/site-packages/airflow/example_dags/example_task_group_decorator.py
[2024-09-12T15:52:20.114+0000] {logging_mixin.py:190} INFO - [2024-09-12T15:52:20.114+0000] {dag.py:3211} INFO - Sync 1 DAGs
[2024-09-12T15:52:20.229+0000] {logging_mixin.py:190} INFO - [2024-09-12T15:52:20.228+0000] {dag.py:4138} INFO - Setting next_dagrun for example_task_group_decorator to 2024-09-11 00:00:00+00:00, run_after=2024-09-12 00:00:00+00:00
[2024-09-12T15:52:20.361+0000] {processor.py:208} INFO - Processing /home/airflow/.local/lib/python3.12/site-packages/airflow/example_dags/example_task_group_decorator.py took 0.572 seconds
[2024-09-12T15:53:10.528+0000] {processor.py:186} INFO - Started process (PID=2566) to work on /home/airflow/.local/lib/python3.12/site-packages/airflow/example_dags/example_task_group_decorator.py
[2024-09-12T15:53:10.536+0000] {processor.py:914} INFO - Processing file /home/airflow/.local/lib/python3.12/site-packages/airflow/example_dags/example_task_group_decorator.py for tasks to queue
[2024-09-12T15:53:10.543+0000] {logging_mixin.py:190} INFO - [2024-09-12T15:53:10.542+0000] {dagbag.py:587} INFO - Filling up the DagBag from /home/airflow/.local/lib/python3.12/site-packages/airflow/example_dags/example_task_group_decorator.py
[2024-09-12T15:53:10.728+0000] {processor.py:925} INFO - DAG(s) 'example_task_group_decorator' retrieved from /home/airflow/.local/lib/python3.12/site-packages/airflow/example_dags/example_task_group_decorator.py
[2024-09-12T15:53:10.890+0000] {logging_mixin.py:190} INFO - [2024-09-12T15:53:10.890+0000] {dag.py:3211} INFO - Sync 1 DAGs
[2024-09-12T15:53:11.189+0000] {logging_mixin.py:190} INFO - [2024-09-12T15:53:11.171+0000] {dag.py:4138} INFO - Setting next_dagrun for example_task_group_decorator to 2024-09-11 00:00:00+00:00, run_after=2024-09-12 00:00:00+00:00
[2024-09-12T15:53:11.479+0000] {processor.py:208} INFO - Processing /home/airflow/.local/lib/python3.12/site-packages/airflow/example_dags/example_task_group_decorator.py took 0.981 seconds
[2024-09-12T15:53:41.983+0000] {processor.py:186} INFO - Started process (PID=2628) to work on /home/airflow/.local/lib/python3.12/site-packages/airflow/example_dags/example_task_group_decorator.py
[2024-09-12T15:53:41.993+0000] {processor.py:914} INFO - Processing file /home/airflow/.local/lib/python3.12/site-packages/airflow/example_dags/example_task_group_decorator.py for tasks to queue
[2024-09-12T15:53:42.010+0000] {logging_mixin.py:190} INFO - [2024-09-12T15:53:42.009+0000] {dagbag.py:587} INFO - Filling up the DagBag from /home/airflow/.local/lib/python3.12/site-packages/airflow/example_dags/example_task_group_decorator.py
[2024-09-12T15:53:42.211+0000] {processor.py:925} INFO - DAG(s) 'example_task_group_decorator' retrieved from /home/airflow/.local/lib/python3.12/site-packages/airflow/example_dags/example_task_group_decorator.py
[2024-09-12T15:53:42.358+0000] {logging_mixin.py:190} INFO - [2024-09-12T15:53:42.358+0000] {dag.py:3211} INFO - Sync 1 DAGs
[2024-09-12T15:53:42.600+0000] {logging_mixin.py:190} INFO - [2024-09-12T15:53:42.599+0000] {dag.py:4138} INFO - Setting next_dagrun for example_task_group_decorator to 2024-09-11 00:00:00+00:00, run_after=2024-09-12 00:00:00+00:00
[2024-09-12T15:53:42.721+0000] {processor.py:208} INFO - Processing /home/airflow/.local/lib/python3.12/site-packages/airflow/example_dags/example_task_group_decorator.py took 0.829 seconds
[2024-09-12T15:55:37.533+0000] {processor.py:186} INFO - Started process (PID=2733) to work on /home/airflow/.local/lib/python3.12/site-packages/airflow/example_dags/example_task_group_decorator.py
[2024-09-12T15:55:37.542+0000] {processor.py:914} INFO - Processing file /home/airflow/.local/lib/python3.12/site-packages/airflow/example_dags/example_task_group_decorator.py for tasks to queue
[2024-09-12T15:55:37.548+0000] {logging_mixin.py:190} INFO - [2024-09-12T15:55:37.547+0000] {dagbag.py:587} INFO - Filling up the DagBag from /home/airflow/.local/lib/python3.12/site-packages/airflow/example_dags/example_task_group_decorator.py
[2024-09-12T15:55:37.663+0000] {processor.py:925} INFO - DAG(s) 'example_task_group_decorator' retrieved from /home/airflow/.local/lib/python3.12/site-packages/airflow/example_dags/example_task_group_decorator.py
[2024-09-12T15:55:37.738+0000] {logging_mixin.py:190} INFO - [2024-09-12T15:55:37.737+0000] {dag.py:3211} INFO - Sync 1 DAGs
[2024-09-12T15:55:37.820+0000] {logging_mixin.py:190} INFO - [2024-09-12T15:55:37.816+0000] {dag.py:4138} INFO - Setting next_dagrun for example_task_group_decorator to 2024-09-11 00:00:00+00:00, run_after=2024-09-12 00:00:00+00:00
[2024-09-12T15:55:37.903+0000] {processor.py:208} INFO - Processing /home/airflow/.local/lib/python3.12/site-packages/airflow/example_dags/example_task_group_decorator.py took 0.390 seconds
[2024-09-12T15:57:02.208+0000] {processor.py:186} INFO - Started process (PID=2845) to work on /home/airflow/.local/lib/python3.12/site-packages/airflow/example_dags/example_task_group_decorator.py
[2024-09-12T15:57:02.211+0000] {processor.py:914} INFO - Processing file /home/airflow/.local/lib/python3.12/site-packages/airflow/example_dags/example_task_group_decorator.py for tasks to queue
[2024-09-12T15:57:02.222+0000] {logging_mixin.py:190} INFO - [2024-09-12T15:57:02.221+0000] {dagbag.py:587} INFO - Filling up the DagBag from /home/airflow/.local/lib/python3.12/site-packages/airflow/example_dags/example_task_group_decorator.py
[2024-09-12T15:57:02.300+0000] {processor.py:925} INFO - DAG(s) 'example_task_group_decorator' retrieved from /home/airflow/.local/lib/python3.12/site-packages/airflow/example_dags/example_task_group_decorator.py
[2024-09-12T15:57:02.368+0000] {logging_mixin.py:190} INFO - [2024-09-12T15:57:02.367+0000] {dag.py:3211} INFO - Sync 1 DAGs
[2024-09-12T15:57:02.446+0000] {logging_mixin.py:190} INFO - [2024-09-12T15:57:02.446+0000] {dag.py:4138} INFO - Setting next_dagrun for example_task_group_decorator to 2024-09-11 00:00:00+00:00, run_after=2024-09-12 00:00:00+00:00
[2024-09-12T15:57:02.514+0000] {processor.py:208} INFO - Processing /home/airflow/.local/lib/python3.12/site-packages/airflow/example_dags/example_task_group_decorator.py took 0.347 seconds
[2024-09-12T15:57:46.802+0000] {processor.py:186} INFO - Started process (PID=2920) to work on /home/airflow/.local/lib/python3.12/site-packages/airflow/example_dags/example_task_group_decorator.py
[2024-09-12T15:57:46.804+0000] {processor.py:914} INFO - Processing file /home/airflow/.local/lib/python3.12/site-packages/airflow/example_dags/example_task_group_decorator.py for tasks to queue
[2024-09-12T15:57:46.809+0000] {logging_mixin.py:190} INFO - [2024-09-12T15:57:46.808+0000] {dagbag.py:587} INFO - Filling up the DagBag from /home/airflow/.local/lib/python3.12/site-packages/airflow/example_dags/example_task_group_decorator.py
[2024-09-12T15:57:46.911+0000] {processor.py:925} INFO - DAG(s) 'example_task_group_decorator' retrieved from /home/airflow/.local/lib/python3.12/site-packages/airflow/example_dags/example_task_group_decorator.py
[2024-09-12T15:57:47.056+0000] {logging_mixin.py:190} INFO - [2024-09-12T15:57:47.054+0000] {dag.py:3211} INFO - Sync 1 DAGs
[2024-09-12T15:57:47.191+0000] {logging_mixin.py:190} INFO - [2024-09-12T15:57:47.191+0000] {dag.py:4138} INFO - Setting next_dagrun for example_task_group_decorator to 2024-09-11 00:00:00+00:00, run_after=2024-09-12 00:00:00+00:00
[2024-09-12T15:57:47.341+0000] {processor.py:208} INFO - Processing /home/airflow/.local/lib/python3.12/site-packages/airflow/example_dags/example_task_group_decorator.py took 0.583 seconds
[2024-09-12T15:58:52.294+0000] {processor.py:186} INFO - Started process (PID=2988) to work on /home/airflow/.local/lib/python3.12/site-packages/airflow/example_dags/example_task_group_decorator.py
[2024-09-12T15:58:52.304+0000] {processor.py:914} INFO - Processing file /home/airflow/.local/lib/python3.12/site-packages/airflow/example_dags/example_task_group_decorator.py for tasks to queue
[2024-09-12T15:58:52.309+0000] {logging_mixin.py:190} INFO - [2024-09-12T15:58:52.308+0000] {dagbag.py:587} INFO - Filling up the DagBag from /home/airflow/.local/lib/python3.12/site-packages/airflow/example_dags/example_task_group_decorator.py
[2024-09-12T15:58:52.432+0000] {processor.py:925} INFO - DAG(s) 'example_task_group_decorator' retrieved from /home/airflow/.local/lib/python3.12/site-packages/airflow/example_dags/example_task_group_decorator.py
[2024-09-12T15:58:52.602+0000] {logging_mixin.py:190} INFO - [2024-09-12T15:58:52.601+0000] {dag.py:3211} INFO - Sync 1 DAGs
[2024-09-12T15:58:52.853+0000] {logging_mixin.py:190} INFO - [2024-09-12T15:58:52.853+0000] {dag.py:4138} INFO - Setting next_dagrun for example_task_group_decorator to 2024-09-11 00:00:00+00:00, run_after=2024-09-12 00:00:00+00:00
[2024-09-12T15:58:53.119+0000] {processor.py:208} INFO - Processing /home/airflow/.local/lib/python3.12/site-packages/airflow/example_dags/example_task_group_decorator.py took 0.849 seconds
[2024-09-12T16:00:08.321+0000] {processor.py:186} INFO - Started process (PID=3068) to work on /home/airflow/.local/lib/python3.12/site-packages/airflow/example_dags/example_task_group_decorator.py
[2024-09-12T16:00:08.324+0000] {processor.py:914} INFO - Processing file /home/airflow/.local/lib/python3.12/site-packages/airflow/example_dags/example_task_group_decorator.py for tasks to queue
[2024-09-12T16:00:08.332+0000] {logging_mixin.py:190} INFO - [2024-09-12T16:00:08.330+0000] {dagbag.py:587} INFO - Filling up the DagBag from /home/airflow/.local/lib/python3.12/site-packages/airflow/example_dags/example_task_group_decorator.py
[2024-09-12T16:00:08.564+0000] {processor.py:925} INFO - DAG(s) 'example_task_group_decorator' retrieved from /home/airflow/.local/lib/python3.12/site-packages/airflow/example_dags/example_task_group_decorator.py
[2024-09-12T16:00:08.747+0000] {logging_mixin.py:190} INFO - [2024-09-12T16:00:08.746+0000] {dag.py:3211} INFO - Sync 1 DAGs
[2024-09-12T16:00:09.233+0000] {logging_mixin.py:190} INFO - [2024-09-12T16:00:09.232+0000] {dag.py:4138} INFO - Setting next_dagrun for example_task_group_decorator to 2024-09-11 00:00:00+00:00, run_after=2024-09-12 00:00:00+00:00
[2024-09-12T16:00:09.390+0000] {processor.py:208} INFO - Processing /home/airflow/.local/lib/python3.12/site-packages/airflow/example_dags/example_task_group_decorator.py took 1.130 seconds
[2024-09-12T16:00:58.843+0000] {processor.py:186} INFO - Started process (PID=3154) to work on /home/airflow/.local/lib/python3.12/site-packages/airflow/example_dags/example_task_group_decorator.py
[2024-09-12T16:00:58.855+0000] {processor.py:914} INFO - Processing file /home/airflow/.local/lib/python3.12/site-packages/airflow/example_dags/example_task_group_decorator.py for tasks to queue
[2024-09-12T16:00:58.864+0000] {logging_mixin.py:190} INFO - [2024-09-12T16:00:58.863+0000] {dagbag.py:587} INFO - Filling up the DagBag from /home/airflow/.local/lib/python3.12/site-packages/airflow/example_dags/example_task_group_decorator.py
[2024-09-12T16:00:59.081+0000] {processor.py:925} INFO - DAG(s) 'example_task_group_decorator' retrieved from /home/airflow/.local/lib/python3.12/site-packages/airflow/example_dags/example_task_group_decorator.py
[2024-09-12T16:00:59.232+0000] {logging_mixin.py:190} INFO - [2024-09-12T16:00:59.231+0000] {dag.py:3211} INFO - Sync 1 DAGs
[2024-09-12T16:00:59.351+0000] {logging_mixin.py:190} INFO - [2024-09-12T16:00:59.351+0000] {dag.py:4138} INFO - Setting next_dagrun for example_task_group_decorator to 2024-09-11 00:00:00+00:00, run_after=2024-09-12 00:00:00+00:00
[2024-09-12T16:00:59.483+0000] {processor.py:208} INFO - Processing /home/airflow/.local/lib/python3.12/site-packages/airflow/example_dags/example_task_group_decorator.py took 0.687 seconds
[2024-09-12T16:02:18.084+0000] {processor.py:186} INFO - Started process (PID=3232) to work on /home/airflow/.local/lib/python3.12/site-packages/airflow/example_dags/example_task_group_decorator.py
[2024-09-12T16:02:18.087+0000] {processor.py:914} INFO - Processing file /home/airflow/.local/lib/python3.12/site-packages/airflow/example_dags/example_task_group_decorator.py for tasks to queue
[2024-09-12T16:02:18.119+0000] {logging_mixin.py:190} INFO - [2024-09-12T16:02:18.118+0000] {dagbag.py:587} INFO - Filling up the DagBag from /home/airflow/.local/lib/python3.12/site-packages/airflow/example_dags/example_task_group_decorator.py
[2024-09-12T16:02:18.280+0000] {processor.py:925} INFO - DAG(s) 'example_task_group_decorator' retrieved from /home/airflow/.local/lib/python3.12/site-packages/airflow/example_dags/example_task_group_decorator.py
[2024-09-12T16:02:18.404+0000] {logging_mixin.py:190} INFO - [2024-09-12T16:02:18.404+0000] {dag.py:3211} INFO - Sync 1 DAGs
[2024-09-12T16:02:18.552+0000] {logging_mixin.py:190} INFO - [2024-09-12T16:02:18.551+0000] {dag.py:4138} INFO - Setting next_dagrun for example_task_group_decorator to 2024-09-11 00:00:00+00:00, run_after=2024-09-12 00:00:00+00:00
[2024-09-12T16:02:18.654+0000] {processor.py:208} INFO - Processing /home/airflow/.local/lib/python3.12/site-packages/airflow/example_dags/example_task_group_decorator.py took 0.618 seconds
[2024-09-12T16:03:39.364+0000] {processor.py:186} INFO - Started process (PID=3336) to work on /home/airflow/.local/lib/python3.12/site-packages/airflow/example_dags/example_task_group_decorator.py
[2024-09-12T16:03:39.389+0000] {processor.py:914} INFO - Processing file /home/airflow/.local/lib/python3.12/site-packages/airflow/example_dags/example_task_group_decorator.py for tasks to queue
[2024-09-12T16:03:39.401+0000] {logging_mixin.py:190} INFO - [2024-09-12T16:03:39.400+0000] {dagbag.py:587} INFO - Filling up the DagBag from /home/airflow/.local/lib/python3.12/site-packages/airflow/example_dags/example_task_group_decorator.py
[2024-09-12T16:03:39.537+0000] {processor.py:925} INFO - DAG(s) 'example_task_group_decorator' retrieved from /home/airflow/.local/lib/python3.12/site-packages/airflow/example_dags/example_task_group_decorator.py
[2024-09-12T16:03:39.788+0000] {logging_mixin.py:190} INFO - [2024-09-12T16:03:39.788+0000] {dag.py:3211} INFO - Sync 1 DAGs
[2024-09-12T16:03:40.003+0000] {logging_mixin.py:190} INFO - [2024-09-12T16:03:40.002+0000] {dag.py:4138} INFO - Setting next_dagrun for example_task_group_decorator to 2024-09-11 00:00:00+00:00, run_after=2024-09-12 00:00:00+00:00
[2024-09-12T16:03:40.133+0000] {processor.py:208} INFO - Processing /home/airflow/.local/lib/python3.12/site-packages/airflow/example_dags/example_task_group_decorator.py took 0.810 seconds
[2024-09-12T16:04:48.180+0000] {processor.py:186} INFO - Started process (PID=3419) to work on /home/airflow/.local/lib/python3.12/site-packages/airflow/example_dags/example_task_group_decorator.py
[2024-09-12T16:04:48.188+0000] {processor.py:914} INFO - Processing file /home/airflow/.local/lib/python3.12/site-packages/airflow/example_dags/example_task_group_decorator.py for tasks to queue
[2024-09-12T16:04:48.204+0000] {logging_mixin.py:190} INFO - [2024-09-12T16:04:48.198+0000] {dagbag.py:587} INFO - Filling up the DagBag from /home/airflow/.local/lib/python3.12/site-packages/airflow/example_dags/example_task_group_decorator.py
[2024-09-12T16:04:48.378+0000] {processor.py:925} INFO - DAG(s) 'example_task_group_decorator' retrieved from /home/airflow/.local/lib/python3.12/site-packages/airflow/example_dags/example_task_group_decorator.py
[2024-09-12T16:04:50.138+0000] {logging_mixin.py:190} INFO - [2024-09-12T16:04:50.137+0000] {dag.py:3211} INFO - Sync 1 DAGs
[2024-09-12T16:04:50.366+0000] {logging_mixin.py:190} INFO - [2024-09-12T16:04:50.366+0000] {dag.py:4138} INFO - Setting next_dagrun for example_task_group_decorator to 2024-09-11 00:00:00+00:00, run_after=2024-09-12 00:00:00+00:00
[2024-09-12T16:04:50.459+0000] {processor.py:208} INFO - Processing /home/airflow/.local/lib/python3.12/site-packages/airflow/example_dags/example_task_group_decorator.py took 2.336 seconds
[2024-09-12T16:07:14.635+0000] {processor.py:186} INFO - Started process (PID=3512) to work on /home/airflow/.local/lib/python3.12/site-packages/airflow/example_dags/example_task_group_decorator.py
[2024-09-12T16:07:14.663+0000] {processor.py:914} INFO - Processing file /home/airflow/.local/lib/python3.12/site-packages/airflow/example_dags/example_task_group_decorator.py for tasks to queue
[2024-09-12T16:07:14.685+0000] {logging_mixin.py:190} INFO - [2024-09-12T16:07:14.684+0000] {dagbag.py:587} INFO - Filling up the DagBag from /home/airflow/.local/lib/python3.12/site-packages/airflow/example_dags/example_task_group_decorator.py
[2024-09-12T16:07:14.904+0000] {processor.py:925} INFO - DAG(s) 'example_task_group_decorator' retrieved from /home/airflow/.local/lib/python3.12/site-packages/airflow/example_dags/example_task_group_decorator.py
[2024-09-12T16:07:15.105+0000] {logging_mixin.py:190} INFO - [2024-09-12T16:07:15.104+0000] {dag.py:3211} INFO - Sync 1 DAGs
[2024-09-12T16:07:16.664+0000] {logging_mixin.py:190} INFO - [2024-09-12T16:07:16.663+0000] {dag.py:4138} INFO - Setting next_dagrun for example_task_group_decorator to 2024-09-11 00:00:00+00:00, run_after=2024-09-12 00:00:00+00:00
[2024-09-12T16:07:16.857+0000] {processor.py:208} INFO - Processing /home/airflow/.local/lib/python3.12/site-packages/airflow/example_dags/example_task_group_decorator.py took 2.283 seconds
[2024-09-12T16:08:14.076+0000] {processor.py:186} INFO - Started process (PID=3590) to work on /home/airflow/.local/lib/python3.12/site-packages/airflow/example_dags/example_task_group_decorator.py
[2024-09-12T16:08:14.088+0000] {processor.py:914} INFO - Processing file /home/airflow/.local/lib/python3.12/site-packages/airflow/example_dags/example_task_group_decorator.py for tasks to queue
[2024-09-12T16:08:14.097+0000] {logging_mixin.py:190} INFO - [2024-09-12T16:08:14.096+0000] {dagbag.py:587} INFO - Filling up the DagBag from /home/airflow/.local/lib/python3.12/site-packages/airflow/example_dags/example_task_group_decorator.py
[2024-09-12T16:08:14.239+0000] {processor.py:925} INFO - DAG(s) 'example_task_group_decorator' retrieved from /home/airflow/.local/lib/python3.12/site-packages/airflow/example_dags/example_task_group_decorator.py
[2024-09-12T16:08:14.577+0000] {logging_mixin.py:190} INFO - [2024-09-12T16:08:14.576+0000] {dag.py:3211} INFO - Sync 1 DAGs
[2024-09-12T16:08:14.786+0000] {logging_mixin.py:190} INFO - [2024-09-12T16:08:14.786+0000] {dag.py:4138} INFO - Setting next_dagrun for example_task_group_decorator to 2024-09-11 00:00:00+00:00, run_after=2024-09-12 00:00:00+00:00
[2024-09-12T16:08:14.944+0000] {processor.py:208} INFO - Processing /home/airflow/.local/lib/python3.12/site-packages/airflow/example_dags/example_task_group_decorator.py took 0.906 seconds
[2024-09-12T16:09:14.328+0000] {processor.py:186} INFO - Started process (PID=3671) to work on /home/airflow/.local/lib/python3.12/site-packages/airflow/example_dags/example_task_group_decorator.py
[2024-09-12T16:09:14.337+0000] {processor.py:914} INFO - Processing file /home/airflow/.local/lib/python3.12/site-packages/airflow/example_dags/example_task_group_decorator.py for tasks to queue
[2024-09-12T16:09:14.341+0000] {logging_mixin.py:190} INFO - [2024-09-12T16:09:14.340+0000] {dagbag.py:587} INFO - Filling up the DagBag from /home/airflow/.local/lib/python3.12/site-packages/airflow/example_dags/example_task_group_decorator.py
[2024-09-12T16:09:14.465+0000] {processor.py:925} INFO - DAG(s) 'example_task_group_decorator' retrieved from /home/airflow/.local/lib/python3.12/site-packages/airflow/example_dags/example_task_group_decorator.py
[2024-09-12T16:09:14.592+0000] {logging_mixin.py:190} INFO - [2024-09-12T16:09:14.590+0000] {dag.py:3211} INFO - Sync 1 DAGs
[2024-09-12T16:09:14.733+0000] {logging_mixin.py:190} INFO - [2024-09-12T16:09:14.732+0000] {dag.py:4138} INFO - Setting next_dagrun for example_task_group_decorator to 2024-09-11 00:00:00+00:00, run_after=2024-09-12 00:00:00+00:00
[2024-09-12T16:09:14.822+0000] {processor.py:208} INFO - Processing /home/airflow/.local/lib/python3.12/site-packages/airflow/example_dags/example_task_group_decorator.py took 0.529 seconds
[2024-09-12T16:10:47.892+0000] {processor.py:186} INFO - Started process (PID=3781) to work on /home/airflow/.local/lib/python3.12/site-packages/airflow/example_dags/example_task_group_decorator.py
[2024-09-12T16:10:47.901+0000] {processor.py:914} INFO - Processing file /home/airflow/.local/lib/python3.12/site-packages/airflow/example_dags/example_task_group_decorator.py for tasks to queue
[2024-09-12T16:10:47.905+0000] {logging_mixin.py:190} INFO - [2024-09-12T16:10:47.904+0000] {dagbag.py:587} INFO - Filling up the DagBag from /home/airflow/.local/lib/python3.12/site-packages/airflow/example_dags/example_task_group_decorator.py
[2024-09-12T16:10:48.038+0000] {processor.py:925} INFO - DAG(s) 'example_task_group_decorator' retrieved from /home/airflow/.local/lib/python3.12/site-packages/airflow/example_dags/example_task_group_decorator.py
[2024-09-12T16:10:48.127+0000] {logging_mixin.py:190} INFO - [2024-09-12T16:10:48.126+0000] {dag.py:3211} INFO - Sync 1 DAGs
[2024-09-12T16:10:48.294+0000] {logging_mixin.py:190} INFO - [2024-09-12T16:10:48.294+0000] {dag.py:4138} INFO - Setting next_dagrun for example_task_group_decorator to 2024-09-11 00:00:00+00:00, run_after=2024-09-12 00:00:00+00:00
[2024-09-12T16:10:48.434+0000] {processor.py:208} INFO - Processing /home/airflow/.local/lib/python3.12/site-packages/airflow/example_dags/example_task_group_decorator.py took 0.566 seconds
[2024-09-12T16:11:44.775+0000] {processor.py:186} INFO - Started process (PID=3879) to work on /home/airflow/.local/lib/python3.12/site-packages/airflow/example_dags/example_task_group_decorator.py
[2024-09-12T16:11:44.791+0000] {processor.py:914} INFO - Processing file /home/airflow/.local/lib/python3.12/site-packages/airflow/example_dags/example_task_group_decorator.py for tasks to queue
[2024-09-12T16:11:44.799+0000] {logging_mixin.py:190} INFO - [2024-09-12T16:11:44.798+0000] {dagbag.py:587} INFO - Filling up the DagBag from /home/airflow/.local/lib/python3.12/site-packages/airflow/example_dags/example_task_group_decorator.py
[2024-09-12T16:11:44.906+0000] {processor.py:925} INFO - DAG(s) 'example_task_group_decorator' retrieved from /home/airflow/.local/lib/python3.12/site-packages/airflow/example_dags/example_task_group_decorator.py
[2024-09-12T16:11:45.069+0000] {logging_mixin.py:190} INFO - [2024-09-12T16:11:45.068+0000] {dag.py:3211} INFO - Sync 1 DAGs
[2024-09-12T16:11:45.253+0000] {logging_mixin.py:190} INFO - [2024-09-12T16:11:45.253+0000] {dag.py:4138} INFO - Setting next_dagrun for example_task_group_decorator to 2024-09-11 00:00:00+00:00, run_after=2024-09-12 00:00:00+00:00
[2024-09-12T16:11:45.472+0000] {processor.py:208} INFO - Processing /home/airflow/.local/lib/python3.12/site-packages/airflow/example_dags/example_task_group_decorator.py took 0.729 seconds
[2024-09-12T16:12:48.727+0000] {processor.py:186} INFO - Started process (PID=3945) to work on /home/airflow/.local/lib/python3.12/site-packages/airflow/example_dags/example_task_group_decorator.py
[2024-09-12T16:12:48.734+0000] {processor.py:914} INFO - Processing file /home/airflow/.local/lib/python3.12/site-packages/airflow/example_dags/example_task_group_decorator.py for tasks to queue
[2024-09-12T16:12:48.743+0000] {logging_mixin.py:190} INFO - [2024-09-12T16:12:48.743+0000] {dagbag.py:587} INFO - Filling up the DagBag from /home/airflow/.local/lib/python3.12/site-packages/airflow/example_dags/example_task_group_decorator.py
[2024-09-12T16:12:48.981+0000] {processor.py:925} INFO - DAG(s) 'example_task_group_decorator' retrieved from /home/airflow/.local/lib/python3.12/site-packages/airflow/example_dags/example_task_group_decorator.py
[2024-09-12T16:12:49.288+0000] {logging_mixin.py:190} INFO - [2024-09-12T16:12:49.288+0000] {dag.py:3211} INFO - Sync 1 DAGs
[2024-09-12T16:12:49.477+0000] {logging_mixin.py:190} INFO - [2024-09-12T16:12:49.477+0000] {dag.py:4138} INFO - Setting next_dagrun for example_task_group_decorator to 2024-09-11 00:00:00+00:00, run_after=2024-09-12 00:00:00+00:00
[2024-09-12T16:12:49.671+0000] {processor.py:208} INFO - Processing /home/airflow/.local/lib/python3.12/site-packages/airflow/example_dags/example_task_group_decorator.py took 1.008 seconds
[2024-09-12T16:14:32.324+0000] {processor.py:186} INFO - Started process (PID=4059) to work on /home/airflow/.local/lib/python3.12/site-packages/airflow/example_dags/example_task_group_decorator.py
[2024-09-12T16:14:32.327+0000] {processor.py:914} INFO - Processing file /home/airflow/.local/lib/python3.12/site-packages/airflow/example_dags/example_task_group_decorator.py for tasks to queue
[2024-09-12T16:14:32.339+0000] {logging_mixin.py:190} INFO - [2024-09-12T16:14:32.338+0000] {dagbag.py:587} INFO - Filling up the DagBag from /home/airflow/.local/lib/python3.12/site-packages/airflow/example_dags/example_task_group_decorator.py
[2024-09-12T16:14:32.454+0000] {processor.py:925} INFO - DAG(s) 'example_task_group_decorator' retrieved from /home/airflow/.local/lib/python3.12/site-packages/airflow/example_dags/example_task_group_decorator.py
[2024-09-12T16:14:32.546+0000] {logging_mixin.py:190} INFO - [2024-09-12T16:14:32.542+0000] {dag.py:3211} INFO - Sync 1 DAGs
[2024-09-12T16:14:32.697+0000] {logging_mixin.py:190} INFO - [2024-09-12T16:14:32.697+0000] {dag.py:4138} INFO - Setting next_dagrun for example_task_group_decorator to 2024-09-11 00:00:00+00:00, run_after=2024-09-12 00:00:00+00:00
[2024-09-12T16:14:32.786+0000] {processor.py:208} INFO - Processing /home/airflow/.local/lib/python3.12/site-packages/airflow/example_dags/example_task_group_decorator.py took 0.476 seconds
[2024-09-12T16:15:03.904+0000] {processor.py:186} INFO - Started process (PID=4124) to work on /home/airflow/.local/lib/python3.12/site-packages/airflow/example_dags/example_task_group_decorator.py
[2024-09-12T16:15:03.914+0000] {processor.py:914} INFO - Processing file /home/airflow/.local/lib/python3.12/site-packages/airflow/example_dags/example_task_group_decorator.py for tasks to queue
[2024-09-12T16:15:03.917+0000] {logging_mixin.py:190} INFO - [2024-09-12T16:15:03.916+0000] {dagbag.py:587} INFO - Filling up the DagBag from /home/airflow/.local/lib/python3.12/site-packages/airflow/example_dags/example_task_group_decorator.py
[2024-09-12T16:15:03.985+0000] {processor.py:925} INFO - DAG(s) 'example_task_group_decorator' retrieved from /home/airflow/.local/lib/python3.12/site-packages/airflow/example_dags/example_task_group_decorator.py
[2024-09-12T16:15:04.092+0000] {logging_mixin.py:190} INFO - [2024-09-12T16:15:04.092+0000] {dag.py:3211} INFO - Sync 1 DAGs
[2024-09-12T16:15:04.182+0000] {logging_mixin.py:190} INFO - [2024-09-12T16:15:04.181+0000] {dag.py:4138} INFO - Setting next_dagrun for example_task_group_decorator to 2024-09-11 00:00:00+00:00, run_after=2024-09-12 00:00:00+00:00
[2024-09-12T16:15:04.259+0000] {processor.py:208} INFO - Processing /home/airflow/.local/lib/python3.12/site-packages/airflow/example_dags/example_task_group_decorator.py took 0.367 seconds
[2024-09-12T16:15:36.387+0000] {processor.py:186} INFO - Started process (PID=4194) to work on /home/airflow/.local/lib/python3.12/site-packages/airflow/example_dags/example_task_group_decorator.py
[2024-09-12T16:15:36.395+0000] {processor.py:914} INFO - Processing file /home/airflow/.local/lib/python3.12/site-packages/airflow/example_dags/example_task_group_decorator.py for tasks to queue
[2024-09-12T16:15:36.409+0000] {logging_mixin.py:190} INFO - [2024-09-12T16:15:36.408+0000] {dagbag.py:587} INFO - Filling up the DagBag from /home/airflow/.local/lib/python3.12/site-packages/airflow/example_dags/example_task_group_decorator.py
[2024-09-12T16:15:36.523+0000] {processor.py:925} INFO - DAG(s) 'example_task_group_decorator' retrieved from /home/airflow/.local/lib/python3.12/site-packages/airflow/example_dags/example_task_group_decorator.py
[2024-09-12T16:15:36.692+0000] {logging_mixin.py:190} INFO - [2024-09-12T16:15:36.692+0000] {dag.py:3211} INFO - Sync 1 DAGs
[2024-09-12T16:15:36.936+0000] {logging_mixin.py:190} INFO - [2024-09-12T16:15:36.935+0000] {dag.py:4138} INFO - Setting next_dagrun for example_task_group_decorator to 2024-09-11 00:00:00+00:00, run_after=2024-09-12 00:00:00+00:00
[2024-09-12T16:15:37.104+0000] {processor.py:208} INFO - Processing /home/airflow/.local/lib/python3.12/site-packages/airflow/example_dags/example_task_group_decorator.py took 0.773 seconds
[2024-09-12T16:16:47.690+0000] {processor.py:186} INFO - Started process (PID=4303) to work on /home/airflow/.local/lib/python3.12/site-packages/airflow/example_dags/example_task_group_decorator.py
[2024-09-12T16:16:47.716+0000] {processor.py:914} INFO - Processing file /home/airflow/.local/lib/python3.12/site-packages/airflow/example_dags/example_task_group_decorator.py for tasks to queue
[2024-09-12T16:16:47.722+0000] {logging_mixin.py:190} INFO - [2024-09-12T16:16:47.721+0000] {dagbag.py:587} INFO - Filling up the DagBag from /home/airflow/.local/lib/python3.12/site-packages/airflow/example_dags/example_task_group_decorator.py
[2024-09-12T16:16:47.926+0000] {processor.py:925} INFO - DAG(s) 'example_task_group_decorator' retrieved from /home/airflow/.local/lib/python3.12/site-packages/airflow/example_dags/example_task_group_decorator.py
[2024-09-12T16:16:48.274+0000] {logging_mixin.py:190} INFO - [2024-09-12T16:16:48.271+0000] {dag.py:3211} INFO - Sync 1 DAGs
[2024-09-12T16:16:48.571+0000] {logging_mixin.py:190} INFO - [2024-09-12T16:16:48.571+0000] {dag.py:4138} INFO - Setting next_dagrun for example_task_group_decorator to 2024-09-11 00:00:00+00:00, run_after=2024-09-12 00:00:00+00:00
[2024-09-12T16:16:48.731+0000] {processor.py:208} INFO - Processing /home/airflow/.local/lib/python3.12/site-packages/airflow/example_dags/example_task_group_decorator.py took 1.084 seconds
[2024-09-12T16:17:45.171+0000] {processor.py:186} INFO - Started process (PID=4386) to work on /home/airflow/.local/lib/python3.12/site-packages/airflow/example_dags/example_task_group_decorator.py
[2024-09-12T16:17:45.183+0000] {processor.py:914} INFO - Processing file /home/airflow/.local/lib/python3.12/site-packages/airflow/example_dags/example_task_group_decorator.py for tasks to queue
[2024-09-12T16:17:45.187+0000] {logging_mixin.py:190} INFO - [2024-09-12T16:17:45.186+0000] {dagbag.py:587} INFO - Filling up the DagBag from /home/airflow/.local/lib/python3.12/site-packages/airflow/example_dags/example_task_group_decorator.py
[2024-09-12T16:17:45.344+0000] {processor.py:925} INFO - DAG(s) 'example_task_group_decorator' retrieved from /home/airflow/.local/lib/python3.12/site-packages/airflow/example_dags/example_task_group_decorator.py
[2024-09-12T16:17:45.441+0000] {logging_mixin.py:190} INFO - [2024-09-12T16:17:45.441+0000] {dag.py:3211} INFO - Sync 1 DAGs
[2024-09-12T16:17:45.504+0000] {logging_mixin.py:190} INFO - [2024-09-12T16:17:45.503+0000] {dag.py:4138} INFO - Setting next_dagrun for example_task_group_decorator to 2024-09-11 00:00:00+00:00, run_after=2024-09-12 00:00:00+00:00
[2024-09-12T16:17:45.579+0000] {processor.py:208} INFO - Processing /home/airflow/.local/lib/python3.12/site-packages/airflow/example_dags/example_task_group_decorator.py took 0.423 seconds
[2024-09-12T16:18:45.765+0000] {processor.py:186} INFO - Started process (PID=4481) to work on /home/airflow/.local/lib/python3.12/site-packages/airflow/example_dags/example_task_group_decorator.py
[2024-09-12T16:18:45.767+0000] {processor.py:914} INFO - Processing file /home/airflow/.local/lib/python3.12/site-packages/airflow/example_dags/example_task_group_decorator.py for tasks to queue
[2024-09-12T16:18:45.771+0000] {logging_mixin.py:190} INFO - [2024-09-12T16:18:45.770+0000] {dagbag.py:587} INFO - Filling up the DagBag from /home/airflow/.local/lib/python3.12/site-packages/airflow/example_dags/example_task_group_decorator.py
[2024-09-12T16:18:45.927+0000] {processor.py:925} INFO - DAG(s) 'example_task_group_decorator' retrieved from /home/airflow/.local/lib/python3.12/site-packages/airflow/example_dags/example_task_group_decorator.py
[2024-09-12T16:18:46.097+0000] {logging_mixin.py:190} INFO - [2024-09-12T16:18:46.096+0000] {dag.py:3211} INFO - Sync 1 DAGs
[2024-09-12T16:18:46.237+0000] {logging_mixin.py:190} INFO - [2024-09-12T16:18:46.236+0000] {dag.py:4138} INFO - Setting next_dagrun for example_task_group_decorator to 2024-09-11 00:00:00+00:00, run_after=2024-09-12 00:00:00+00:00
[2024-09-12T16:18:46.361+0000] {processor.py:208} INFO - Processing /home/airflow/.local/lib/python3.12/site-packages/airflow/example_dags/example_task_group_decorator.py took 0.637 seconds
[2024-09-12T16:19:27.013+0000] {processor.py:186} INFO - Started process (PID=4550) to work on /home/airflow/.local/lib/python3.12/site-packages/airflow/example_dags/example_task_group_decorator.py
[2024-09-12T16:19:27.031+0000] {processor.py:914} INFO - Processing file /home/airflow/.local/lib/python3.12/site-packages/airflow/example_dags/example_task_group_decorator.py for tasks to queue
[2024-09-12T16:19:27.040+0000] {logging_mixin.py:190} INFO - [2024-09-12T16:19:27.039+0000] {dagbag.py:587} INFO - Filling up the DagBag from /home/airflow/.local/lib/python3.12/site-packages/airflow/example_dags/example_task_group_decorator.py
[2024-09-12T16:19:27.165+0000] {processor.py:925} INFO - DAG(s) 'example_task_group_decorator' retrieved from /home/airflow/.local/lib/python3.12/site-packages/airflow/example_dags/example_task_group_decorator.py
[2024-09-12T16:19:27.273+0000] {logging_mixin.py:190} INFO - [2024-09-12T16:19:27.273+0000] {dag.py:3211} INFO - Sync 1 DAGs
[2024-09-12T16:19:27.391+0000] {logging_mixin.py:190} INFO - [2024-09-12T16:19:27.391+0000] {dag.py:4138} INFO - Setting next_dagrun for example_task_group_decorator to 2024-09-11 00:00:00+00:00, run_after=2024-09-12 00:00:00+00:00
[2024-09-12T16:19:27.450+0000] {processor.py:208} INFO - Processing /home/airflow/.local/lib/python3.12/site-packages/airflow/example_dags/example_task_group_decorator.py took 0.460 seconds
[2024-09-12T16:20:05.426+0000] {processor.py:186} INFO - Started process (PID=4619) to work on /home/airflow/.local/lib/python3.12/site-packages/airflow/example_dags/example_task_group_decorator.py
[2024-09-12T16:20:05.431+0000] {processor.py:914} INFO - Processing file /home/airflow/.local/lib/python3.12/site-packages/airflow/example_dags/example_task_group_decorator.py for tasks to queue
[2024-09-12T16:20:05.438+0000] {logging_mixin.py:190} INFO - [2024-09-12T16:20:05.434+0000] {dagbag.py:587} INFO - Filling up the DagBag from /home/airflow/.local/lib/python3.12/site-packages/airflow/example_dags/example_task_group_decorator.py
[2024-09-12T16:20:05.606+0000] {processor.py:925} INFO - DAG(s) 'example_task_group_decorator' retrieved from /home/airflow/.local/lib/python3.12/site-packages/airflow/example_dags/example_task_group_decorator.py
[2024-09-12T16:20:05.847+0000] {logging_mixin.py:190} INFO - [2024-09-12T16:20:05.846+0000] {dag.py:3211} INFO - Sync 1 DAGs
[2024-09-12T16:20:06.014+0000] {logging_mixin.py:190} INFO - [2024-09-12T16:20:06.013+0000] {dag.py:4138} INFO - Setting next_dagrun for example_task_group_decorator to 2024-09-11 00:00:00+00:00, run_after=2024-09-12 00:00:00+00:00
[2024-09-12T16:20:06.117+0000] {processor.py:208} INFO - Processing /home/airflow/.local/lib/python3.12/site-packages/airflow/example_dags/example_task_group_decorator.py took 0.735 seconds
[2024-09-12T16:21:10.731+0000] {processor.py:186} INFO - Started process (PID=4705) to work on /home/airflow/.local/lib/python3.12/site-packages/airflow/example_dags/example_task_group_decorator.py
[2024-09-12T16:21:10.756+0000] {processor.py:914} INFO - Processing file /home/airflow/.local/lib/python3.12/site-packages/airflow/example_dags/example_task_group_decorator.py for tasks to queue
[2024-09-12T16:21:10.759+0000] {logging_mixin.py:190} INFO - [2024-09-12T16:21:10.759+0000] {dagbag.py:587} INFO - Filling up the DagBag from /home/airflow/.local/lib/python3.12/site-packages/airflow/example_dags/example_task_group_decorator.py
[2024-09-12T16:21:11.002+0000] {processor.py:925} INFO - DAG(s) 'example_task_group_decorator' retrieved from /home/airflow/.local/lib/python3.12/site-packages/airflow/example_dags/example_task_group_decorator.py
[2024-09-12T16:21:11.183+0000] {logging_mixin.py:190} INFO - [2024-09-12T16:21:11.183+0000] {dag.py:3211} INFO - Sync 1 DAGs
[2024-09-12T16:21:11.326+0000] {logging_mixin.py:190} INFO - [2024-09-12T16:21:11.325+0000] {dag.py:4138} INFO - Setting next_dagrun for example_task_group_decorator to 2024-09-11 00:00:00+00:00, run_after=2024-09-12 00:00:00+00:00
[2024-09-12T16:21:11.478+0000] {processor.py:208} INFO - Processing /home/airflow/.local/lib/python3.12/site-packages/airflow/example_dags/example_task_group_decorator.py took 0.773 seconds
[2024-09-12T16:22:30.169+0000] {processor.py:186} INFO - Started process (PID=4791) to work on /home/airflow/.local/lib/python3.12/site-packages/airflow/example_dags/example_task_group_decorator.py
[2024-09-12T16:22:30.173+0000] {processor.py:914} INFO - Processing file /home/airflow/.local/lib/python3.12/site-packages/airflow/example_dags/example_task_group_decorator.py for tasks to queue
[2024-09-12T16:22:30.183+0000] {logging_mixin.py:190} INFO - [2024-09-12T16:22:30.182+0000] {dagbag.py:587} INFO - Filling up the DagBag from /home/airflow/.local/lib/python3.12/site-packages/airflow/example_dags/example_task_group_decorator.py
[2024-09-12T16:22:30.337+0000] {processor.py:925} INFO - DAG(s) 'example_task_group_decorator' retrieved from /home/airflow/.local/lib/python3.12/site-packages/airflow/example_dags/example_task_group_decorator.py
[2024-09-12T16:22:30.515+0000] {logging_mixin.py:190} INFO - [2024-09-12T16:22:30.515+0000] {dag.py:3211} INFO - Sync 1 DAGs
[2024-09-12T16:22:30.642+0000] {logging_mixin.py:190} INFO - [2024-09-12T16:22:30.642+0000] {dag.py:4138} INFO - Setting next_dagrun for example_task_group_decorator to 2024-09-11 00:00:00+00:00, run_after=2024-09-12 00:00:00+00:00
[2024-09-12T16:22:30.757+0000] {processor.py:208} INFO - Processing /home/airflow/.local/lib/python3.12/site-packages/airflow/example_dags/example_task_group_decorator.py took 0.652 seconds
[2024-09-12T16:23:11.657+0000] {processor.py:186} INFO - Started process (PID=4857) to work on /home/airflow/.local/lib/python3.12/site-packages/airflow/example_dags/example_task_group_decorator.py
[2024-09-12T16:23:11.665+0000] {processor.py:914} INFO - Processing file /home/airflow/.local/lib/python3.12/site-packages/airflow/example_dags/example_task_group_decorator.py for tasks to queue
[2024-09-12T16:23:11.668+0000] {logging_mixin.py:190} INFO - [2024-09-12T16:23:11.667+0000] {dagbag.py:587} INFO - Filling up the DagBag from /home/airflow/.local/lib/python3.12/site-packages/airflow/example_dags/example_task_group_decorator.py
[2024-09-12T16:23:11.817+0000] {processor.py:925} INFO - DAG(s) 'example_task_group_decorator' retrieved from /home/airflow/.local/lib/python3.12/site-packages/airflow/example_dags/example_task_group_decorator.py
[2024-09-12T16:23:11.965+0000] {logging_mixin.py:190} INFO - [2024-09-12T16:23:11.961+0000] {dag.py:3211} INFO - Sync 1 DAGs
[2024-09-12T16:23:12.075+0000] {logging_mixin.py:190} INFO - [2024-09-12T16:23:12.075+0000] {dag.py:4138} INFO - Setting next_dagrun for example_task_group_decorator to 2024-09-11 00:00:00+00:00, run_after=2024-09-12 00:00:00+00:00
[2024-09-12T16:23:12.165+0000] {processor.py:208} INFO - Processing /home/airflow/.local/lib/python3.12/site-packages/airflow/example_dags/example_task_group_decorator.py took 0.559 seconds
