[2024-09-12T14:58:57.469+0000] {processor.py:186} INFO - Started process (PID=114) to work on /home/airflow/.local/lib/python3.12/site-packages/airflow/example_dags/tutorial_objectstorage.py
[2024-09-12T14:58:57.476+0000] {processor.py:914} INFO - Processing file /home/airflow/.local/lib/python3.12/site-packages/airflow/example_dags/tutorial_objectstorage.py for tasks to queue
[2024-09-12T14:58:57.525+0000] {logging_mixin.py:190} INFO - [2024-09-12T14:58:57.525+0000] {dagbag.py:587} INFO - Filling up the DagBag from /home/airflow/.local/lib/python3.12/site-packages/airflow/example_dags/tutorial_objectstorage.py
[2024-09-12T14:58:57.621+0000] {processor.py:925} INFO - DAG(s) 'tutorial_objectstorage' retrieved from /home/airflow/.local/lib/python3.12/site-packages/airflow/example_dags/tutorial_objectstorage.py
[2024-09-12T14:58:57.905+0000] {logging_mixin.py:190} INFO - [2024-09-12T14:58:57.905+0000] {dag.py:3211} INFO - Sync 1 DAGs
[2024-09-12T14:58:58.044+0000] {logging_mixin.py:190} INFO - [2024-09-12T14:58:58.043+0000] {dag.py:4138} INFO - Setting next_dagrun for tutorial_objectstorage to None, run_after=None
[2024-09-12T14:58:58.232+0000] {processor.py:208} INFO - Processing /home/airflow/.local/lib/python3.12/site-packages/airflow/example_dags/tutorial_objectstorage.py took 0.799 seconds
[2024-09-12T14:59:54.740+0000] {processor.py:186} INFO - Started process (PID=190) to work on /home/airflow/.local/lib/python3.12/site-packages/airflow/example_dags/tutorial_objectstorage.py
[2024-09-12T14:59:54.747+0000] {processor.py:914} INFO - Processing file /home/airflow/.local/lib/python3.12/site-packages/airflow/example_dags/tutorial_objectstorage.py for tasks to queue
[2024-09-12T14:59:54.752+0000] {logging_mixin.py:190} INFO - [2024-09-12T14:59:54.751+0000] {dagbag.py:587} INFO - Filling up the DagBag from /home/airflow/.local/lib/python3.12/site-packages/airflow/example_dags/tutorial_objectstorage.py
[2024-09-12T14:59:54.806+0000] {processor.py:925} INFO - DAG(s) 'tutorial_objectstorage' retrieved from /home/airflow/.local/lib/python3.12/site-packages/airflow/example_dags/tutorial_objectstorage.py
[2024-09-12T14:59:55.129+0000] {logging_mixin.py:190} INFO - [2024-09-12T14:59:55.129+0000] {dag.py:3211} INFO - Sync 1 DAGs
[2024-09-12T14:59:55.289+0000] {logging_mixin.py:190} INFO - [2024-09-12T14:59:55.288+0000] {dag.py:4138} INFO - Setting next_dagrun for tutorial_objectstorage to None, run_after=None
[2024-09-12T14:59:55.453+0000] {processor.py:208} INFO - Processing /home/airflow/.local/lib/python3.12/site-packages/airflow/example_dags/tutorial_objectstorage.py took 0.747 seconds
[2024-09-12T15:00:59.893+0000] {processor.py:186} INFO - Started process (PID=266) to work on /home/airflow/.local/lib/python3.12/site-packages/airflow/example_dags/tutorial_objectstorage.py
[2024-09-12T15:00:59.907+0000] {processor.py:914} INFO - Processing file /home/airflow/.local/lib/python3.12/site-packages/airflow/example_dags/tutorial_objectstorage.py for tasks to queue
[2024-09-12T15:00:59.952+0000] {logging_mixin.py:190} INFO - [2024-09-12T15:00:59.952+0000] {dagbag.py:587} INFO - Filling up the DagBag from /home/airflow/.local/lib/python3.12/site-packages/airflow/example_dags/tutorial_objectstorage.py
[2024-09-12T15:01:00.061+0000] {processor.py:925} INFO - DAG(s) 'tutorial_objectstorage' retrieved from /home/airflow/.local/lib/python3.12/site-packages/airflow/example_dags/tutorial_objectstorage.py
[2024-09-12T15:01:00.316+0000] {logging_mixin.py:190} INFO - [2024-09-12T15:01:00.316+0000] {dag.py:3211} INFO - Sync 1 DAGs
[2024-09-12T15:01:00.592+0000] {logging_mixin.py:190} INFO - [2024-09-12T15:01:00.578+0000] {dag.py:4138} INFO - Setting next_dagrun for tutorial_objectstorage to None, run_after=None
[2024-09-12T15:01:00.840+0000] {processor.py:208} INFO - Processing /home/airflow/.local/lib/python3.12/site-packages/airflow/example_dags/tutorial_objectstorage.py took 0.969 seconds
[2024-09-12T15:03:01.158+0000] {processor.py:186} INFO - Started process (PID=363) to work on /home/airflow/.local/lib/python3.12/site-packages/airflow/example_dags/tutorial_objectstorage.py
[2024-09-12T15:03:01.368+0000] {processor.py:914} INFO - Processing file /home/airflow/.local/lib/python3.12/site-packages/airflow/example_dags/tutorial_objectstorage.py for tasks to queue
[2024-09-12T15:03:01.687+0000] {logging_mixin.py:190} INFO - [2024-09-12T15:03:01.686+0000] {dagbag.py:587} INFO - Filling up the DagBag from /home/airflow/.local/lib/python3.12/site-packages/airflow/example_dags/tutorial_objectstorage.py
[2024-09-12T15:03:02.706+0000] {processor.py:925} INFO - DAG(s) 'tutorial_objectstorage' retrieved from /home/airflow/.local/lib/python3.12/site-packages/airflow/example_dags/tutorial_objectstorage.py
[2024-09-12T15:03:03.328+0000] {logging_mixin.py:190} INFO - [2024-09-12T15:03:03.283+0000] {dag.py:3211} INFO - Sync 1 DAGs
[2024-09-12T15:03:03.654+0000] {logging_mixin.py:190} INFO - [2024-09-12T15:03:03.654+0000] {dag.py:4138} INFO - Setting next_dagrun for tutorial_objectstorage to None, run_after=None
[2024-09-12T15:03:04.429+0000] {processor.py:208} INFO - Processing /home/airflow/.local/lib/python3.12/site-packages/airflow/example_dags/tutorial_objectstorage.py took 3.409 seconds
[2024-09-12T15:04:17.041+0000] {processor.py:186} INFO - Started process (PID=429) to work on /home/airflow/.local/lib/python3.12/site-packages/airflow/example_dags/tutorial_objectstorage.py
[2024-09-12T15:04:17.081+0000] {processor.py:914} INFO - Processing file /home/airflow/.local/lib/python3.12/site-packages/airflow/example_dags/tutorial_objectstorage.py for tasks to queue
[2024-09-12T15:04:17.099+0000] {logging_mixin.py:190} INFO - [2024-09-12T15:04:17.098+0000] {dagbag.py:587} INFO - Filling up the DagBag from /home/airflow/.local/lib/python3.12/site-packages/airflow/example_dags/tutorial_objectstorage.py
[2024-09-12T15:04:17.226+0000] {processor.py:925} INFO - DAG(s) 'tutorial_objectstorage' retrieved from /home/airflow/.local/lib/python3.12/site-packages/airflow/example_dags/tutorial_objectstorage.py
[2024-09-12T15:04:17.477+0000] {logging_mixin.py:190} INFO - [2024-09-12T15:04:17.476+0000] {dag.py:3211} INFO - Sync 1 DAGs
[2024-09-12T15:04:17.702+0000] {logging_mixin.py:190} INFO - [2024-09-12T15:04:17.702+0000] {dag.py:4138} INFO - Setting next_dagrun for tutorial_objectstorage to None, run_after=None
[2024-09-12T15:04:18.001+0000] {processor.py:208} INFO - Processing /home/airflow/.local/lib/python3.12/site-packages/airflow/example_dags/tutorial_objectstorage.py took 0.993 seconds
[2024-09-12T15:05:15.704+0000] {processor.py:186} INFO - Started process (PID=501) to work on /home/airflow/.local/lib/python3.12/site-packages/airflow/example_dags/tutorial_objectstorage.py
[2024-09-12T15:05:15.741+0000] {processor.py:914} INFO - Processing file /home/airflow/.local/lib/python3.12/site-packages/airflow/example_dags/tutorial_objectstorage.py for tasks to queue
[2024-09-12T15:05:15.768+0000] {logging_mixin.py:190} INFO - [2024-09-12T15:05:15.766+0000] {dagbag.py:587} INFO - Filling up the DagBag from /home/airflow/.local/lib/python3.12/site-packages/airflow/example_dags/tutorial_objectstorage.py
[2024-09-12T15:05:15.917+0000] {processor.py:925} INFO - DAG(s) 'tutorial_objectstorage' retrieved from /home/airflow/.local/lib/python3.12/site-packages/airflow/example_dags/tutorial_objectstorage.py
[2024-09-12T15:05:16.225+0000] {logging_mixin.py:190} INFO - [2024-09-12T15:05:16.209+0000] {dag.py:3211} INFO - Sync 1 DAGs
[2024-09-12T15:05:16.512+0000] {logging_mixin.py:190} INFO - [2024-09-12T15:05:16.512+0000] {dag.py:4138} INFO - Setting next_dagrun for tutorial_objectstorage to None, run_after=None
[2024-09-12T15:05:16.756+0000] {processor.py:208} INFO - Processing /home/airflow/.local/lib/python3.12/site-packages/airflow/example_dags/tutorial_objectstorage.py took 1.084 seconds
[2024-09-12T15:06:22.890+0000] {processor.py:186} INFO - Started process (PID=575) to work on /home/airflow/.local/lib/python3.12/site-packages/airflow/example_dags/tutorial_objectstorage.py
[2024-09-12T15:06:22.901+0000] {processor.py:914} INFO - Processing file /home/airflow/.local/lib/python3.12/site-packages/airflow/example_dags/tutorial_objectstorage.py for tasks to queue
[2024-09-12T15:06:22.905+0000] {logging_mixin.py:190} INFO - [2024-09-12T15:06:22.904+0000] {dagbag.py:587} INFO - Filling up the DagBag from /home/airflow/.local/lib/python3.12/site-packages/airflow/example_dags/tutorial_objectstorage.py
[2024-09-12T15:06:23.025+0000] {processor.py:925} INFO - DAG(s) 'tutorial_objectstorage' retrieved from /home/airflow/.local/lib/python3.12/site-packages/airflow/example_dags/tutorial_objectstorage.py
[2024-09-12T15:06:23.259+0000] {logging_mixin.py:190} INFO - [2024-09-12T15:06:23.258+0000] {dag.py:3211} INFO - Sync 1 DAGs
[2024-09-12T15:06:23.395+0000] {logging_mixin.py:190} INFO - [2024-09-12T15:06:23.395+0000] {dag.py:4138} INFO - Setting next_dagrun for tutorial_objectstorage to None, run_after=None
[2024-09-12T15:06:23.558+0000] {processor.py:208} INFO - Processing /home/airflow/.local/lib/python3.12/site-packages/airflow/example_dags/tutorial_objectstorage.py took 0.706 seconds
[2024-09-12T15:07:18.162+0000] {processor.py:186} INFO - Started process (PID=637) to work on /home/airflow/.local/lib/python3.12/site-packages/airflow/example_dags/tutorial_objectstorage.py
[2024-09-12T15:07:18.182+0000] {processor.py:914} INFO - Processing file /home/airflow/.local/lib/python3.12/site-packages/airflow/example_dags/tutorial_objectstorage.py for tasks to queue
[2024-09-12T15:07:18.191+0000] {logging_mixin.py:190} INFO - [2024-09-12T15:07:18.190+0000] {dagbag.py:587} INFO - Filling up the DagBag from /home/airflow/.local/lib/python3.12/site-packages/airflow/example_dags/tutorial_objectstorage.py
[2024-09-12T15:07:18.384+0000] {processor.py:925} INFO - DAG(s) 'tutorial_objectstorage' retrieved from /home/airflow/.local/lib/python3.12/site-packages/airflow/example_dags/tutorial_objectstorage.py
[2024-09-12T15:07:18.683+0000] {logging_mixin.py:190} INFO - [2024-09-12T15:07:18.683+0000] {dag.py:3211} INFO - Sync 1 DAGs
[2024-09-12T15:07:18.971+0000] {logging_mixin.py:190} INFO - [2024-09-12T15:07:18.970+0000] {dag.py:4138} INFO - Setting next_dagrun for tutorial_objectstorage to None, run_after=None
[2024-09-12T15:07:19.300+0000] {processor.py:208} INFO - Processing /home/airflow/.local/lib/python3.12/site-packages/airflow/example_dags/tutorial_objectstorage.py took 1.190 seconds
[2024-09-12T15:08:43.888+0000] {processor.py:186} INFO - Started process (PID=726) to work on /home/airflow/.local/lib/python3.12/site-packages/airflow/example_dags/tutorial_objectstorage.py
[2024-09-12T15:08:43.912+0000] {processor.py:914} INFO - Processing file /home/airflow/.local/lib/python3.12/site-packages/airflow/example_dags/tutorial_objectstorage.py for tasks to queue
[2024-09-12T15:08:43.920+0000] {logging_mixin.py:190} INFO - [2024-09-12T15:08:43.919+0000] {dagbag.py:587} INFO - Filling up the DagBag from /home/airflow/.local/lib/python3.12/site-packages/airflow/example_dags/tutorial_objectstorage.py
[2024-09-12T15:08:44.050+0000] {processor.py:925} INFO - DAG(s) 'tutorial_objectstorage' retrieved from /home/airflow/.local/lib/python3.12/site-packages/airflow/example_dags/tutorial_objectstorage.py
[2024-09-12T15:08:44.491+0000] {logging_mixin.py:190} INFO - [2024-09-12T15:08:44.491+0000] {dag.py:3211} INFO - Sync 1 DAGs
[2024-09-12T15:08:44.856+0000] {logging_mixin.py:190} INFO - [2024-09-12T15:08:44.855+0000] {dag.py:4138} INFO - Setting next_dagrun for tutorial_objectstorage to None, run_after=None
[2024-09-12T15:08:45.354+0000] {processor.py:208} INFO - Processing /home/airflow/.local/lib/python3.12/site-packages/airflow/example_dags/tutorial_objectstorage.py took 1.657 seconds
[2024-09-12T15:10:00.184+0000] {processor.py:186} INFO - Started process (PID=805) to work on /home/airflow/.local/lib/python3.12/site-packages/airflow/example_dags/tutorial_objectstorage.py
[2024-09-12T15:10:00.198+0000] {processor.py:914} INFO - Processing file /home/airflow/.local/lib/python3.12/site-packages/airflow/example_dags/tutorial_objectstorage.py for tasks to queue
[2024-09-12T15:10:00.204+0000] {logging_mixin.py:190} INFO - [2024-09-12T15:10:00.204+0000] {dagbag.py:587} INFO - Filling up the DagBag from /home/airflow/.local/lib/python3.12/site-packages/airflow/example_dags/tutorial_objectstorage.py
[2024-09-12T15:10:00.294+0000] {processor.py:925} INFO - DAG(s) 'tutorial_objectstorage' retrieved from /home/airflow/.local/lib/python3.12/site-packages/airflow/example_dags/tutorial_objectstorage.py
[2024-09-12T15:10:00.499+0000] {logging_mixin.py:190} INFO - [2024-09-12T15:10:00.498+0000] {dag.py:3211} INFO - Sync 1 DAGs
[2024-09-12T15:10:00.969+0000] {logging_mixin.py:190} INFO - [2024-09-12T15:10:00.969+0000] {dag.py:4138} INFO - Setting next_dagrun for tutorial_objectstorage to None, run_after=None
[2024-09-12T15:10:01.425+0000] {processor.py:208} INFO - Processing /home/airflow/.local/lib/python3.12/site-packages/airflow/example_dags/tutorial_objectstorage.py took 1.280 seconds
[2024-09-12T15:10:56.175+0000] {processor.py:186} INFO - Started process (PID=871) to work on /home/airflow/.local/lib/python3.12/site-packages/airflow/example_dags/tutorial_objectstorage.py
[2024-09-12T15:10:56.191+0000] {processor.py:914} INFO - Processing file /home/airflow/.local/lib/python3.12/site-packages/airflow/example_dags/tutorial_objectstorage.py for tasks to queue
[2024-09-12T15:10:56.194+0000] {logging_mixin.py:190} INFO - [2024-09-12T15:10:56.193+0000] {dagbag.py:587} INFO - Filling up the DagBag from /home/airflow/.local/lib/python3.12/site-packages/airflow/example_dags/tutorial_objectstorage.py
[2024-09-12T15:10:56.360+0000] {processor.py:925} INFO - DAG(s) 'tutorial_objectstorage' retrieved from /home/airflow/.local/lib/python3.12/site-packages/airflow/example_dags/tutorial_objectstorage.py
[2024-09-12T15:10:56.566+0000] {logging_mixin.py:190} INFO - [2024-09-12T15:10:56.565+0000] {dag.py:3211} INFO - Sync 1 DAGs
[2024-09-12T15:10:56.689+0000] {logging_mixin.py:190} INFO - [2024-09-12T15:10:56.689+0000] {dag.py:4138} INFO - Setting next_dagrun for tutorial_objectstorage to None, run_after=None
[2024-09-12T15:10:56.904+0000] {processor.py:208} INFO - Processing /home/airflow/.local/lib/python3.12/site-packages/airflow/example_dags/tutorial_objectstorage.py took 0.872 seconds
[2024-09-12T15:15:21.646+0000] {processor.py:186} INFO - Started process (PID=111) to work on /home/airflow/.local/lib/python3.12/site-packages/airflow/example_dags/tutorial_objectstorage.py
[2024-09-12T15:15:21.702+0000] {processor.py:914} INFO - Processing file /home/airflow/.local/lib/python3.12/site-packages/airflow/example_dags/tutorial_objectstorage.py for tasks to queue
[2024-09-12T15:15:21.749+0000] {logging_mixin.py:190} INFO - [2024-09-12T15:15:21.748+0000] {dagbag.py:587} INFO - Filling up the DagBag from /home/airflow/.local/lib/python3.12/site-packages/airflow/example_dags/tutorial_objectstorage.py
[2024-09-12T15:15:21.883+0000] {processor.py:925} INFO - DAG(s) 'tutorial_objectstorage' retrieved from /home/airflow/.local/lib/python3.12/site-packages/airflow/example_dags/tutorial_objectstorage.py
[2024-09-12T15:15:22.164+0000] {logging_mixin.py:190} INFO - [2024-09-12T15:15:22.164+0000] {dag.py:3211} INFO - Sync 1 DAGs
[2024-09-12T15:15:22.416+0000] {logging_mixin.py:190} INFO - [2024-09-12T15:15:22.415+0000] {dag.py:4138} INFO - Setting next_dagrun for tutorial_objectstorage to None, run_after=None
[2024-09-12T15:15:22.632+0000] {processor.py:208} INFO - Processing /home/airflow/.local/lib/python3.12/site-packages/airflow/example_dags/tutorial_objectstorage.py took 1.054 seconds
[2024-09-12T15:16:21.768+0000] {processor.py:186} INFO - Started process (PID=182) to work on /home/airflow/.local/lib/python3.12/site-packages/airflow/example_dags/tutorial_objectstorage.py
[2024-09-12T15:16:21.770+0000] {processor.py:914} INFO - Processing file /home/airflow/.local/lib/python3.12/site-packages/airflow/example_dags/tutorial_objectstorage.py for tasks to queue
[2024-09-12T15:16:21.832+0000] {logging_mixin.py:190} INFO - [2024-09-12T15:16:21.831+0000] {dagbag.py:587} INFO - Filling up the DagBag from /home/airflow/.local/lib/python3.12/site-packages/airflow/example_dags/tutorial_objectstorage.py
[2024-09-12T15:16:22.033+0000] {processor.py:925} INFO - DAG(s) 'tutorial_objectstorage' retrieved from /home/airflow/.local/lib/python3.12/site-packages/airflow/example_dags/tutorial_objectstorage.py
[2024-09-12T15:16:22.368+0000] {logging_mixin.py:190} INFO - [2024-09-12T15:16:22.367+0000] {dag.py:3211} INFO - Sync 1 DAGs
[2024-09-12T15:16:23.158+0000] {logging_mixin.py:190} INFO - [2024-09-12T15:16:23.157+0000] {dag.py:4138} INFO - Setting next_dagrun for tutorial_objectstorage to None, run_after=None
[2024-09-12T15:16:23.859+0000] {processor.py:208} INFO - Processing /home/airflow/.local/lib/python3.12/site-packages/airflow/example_dags/tutorial_objectstorage.py took 2.154 seconds
[2024-09-12T15:17:42.167+0000] {processor.py:186} INFO - Started process (PID=271) to work on /home/airflow/.local/lib/python3.12/site-packages/airflow/example_dags/tutorial_objectstorage.py
[2024-09-12T15:17:42.169+0000] {processor.py:914} INFO - Processing file /home/airflow/.local/lib/python3.12/site-packages/airflow/example_dags/tutorial_objectstorage.py for tasks to queue
[2024-09-12T15:17:42.238+0000] {logging_mixin.py:190} INFO - [2024-09-12T15:17:42.209+0000] {dagbag.py:587} INFO - Filling up the DagBag from /home/airflow/.local/lib/python3.12/site-packages/airflow/example_dags/tutorial_objectstorage.py
[2024-09-12T15:17:42.302+0000] {processor.py:925} INFO - DAG(s) 'tutorial_objectstorage' retrieved from /home/airflow/.local/lib/python3.12/site-packages/airflow/example_dags/tutorial_objectstorage.py
[2024-09-12T15:17:42.464+0000] {logging_mixin.py:190} INFO - [2024-09-12T15:17:42.463+0000] {dag.py:3211} INFO - Sync 1 DAGs
[2024-09-12T15:17:42.576+0000] {logging_mixin.py:190} INFO - [2024-09-12T15:17:42.575+0000] {dag.py:4138} INFO - Setting next_dagrun for tutorial_objectstorage to None, run_after=None
[2024-09-12T15:17:42.717+0000] {processor.py:208} INFO - Processing /home/airflow/.local/lib/python3.12/site-packages/airflow/example_dags/tutorial_objectstorage.py took 0.591 seconds
[2024-09-12T15:18:32.126+0000] {processor.py:186} INFO - Started process (PID=336) to work on /home/airflow/.local/lib/python3.12/site-packages/airflow/example_dags/tutorial_objectstorage.py
[2024-09-12T15:18:32.141+0000] {processor.py:914} INFO - Processing file /home/airflow/.local/lib/python3.12/site-packages/airflow/example_dags/tutorial_objectstorage.py for tasks to queue
[2024-09-12T15:18:32.156+0000] {logging_mixin.py:190} INFO - [2024-09-12T15:18:32.155+0000] {dagbag.py:587} INFO - Filling up the DagBag from /home/airflow/.local/lib/python3.12/site-packages/airflow/example_dags/tutorial_objectstorage.py
[2024-09-12T15:18:32.213+0000] {processor.py:925} INFO - DAG(s) 'tutorial_objectstorage' retrieved from /home/airflow/.local/lib/python3.12/site-packages/airflow/example_dags/tutorial_objectstorage.py
[2024-09-12T15:18:32.399+0000] {logging_mixin.py:190} INFO - [2024-09-12T15:18:32.399+0000] {dag.py:3211} INFO - Sync 1 DAGs
[2024-09-12T15:18:32.732+0000] {logging_mixin.py:190} INFO - [2024-09-12T15:18:32.731+0000] {dag.py:4138} INFO - Setting next_dagrun for tutorial_objectstorage to None, run_after=None
[2024-09-12T15:18:32.987+0000] {processor.py:208} INFO - Processing /home/airflow/.local/lib/python3.12/site-packages/airflow/example_dags/tutorial_objectstorage.py took 0.903 seconds
[2024-09-12T15:19:35.724+0000] {processor.py:186} INFO - Started process (PID=406) to work on /home/airflow/.local/lib/python3.12/site-packages/airflow/example_dags/tutorial_objectstorage.py
[2024-09-12T15:19:35.776+0000] {processor.py:914} INFO - Processing file /home/airflow/.local/lib/python3.12/site-packages/airflow/example_dags/tutorial_objectstorage.py for tasks to queue
[2024-09-12T15:19:35.810+0000] {logging_mixin.py:190} INFO - [2024-09-12T15:19:35.809+0000] {dagbag.py:587} INFO - Filling up the DagBag from /home/airflow/.local/lib/python3.12/site-packages/airflow/example_dags/tutorial_objectstorage.py
[2024-09-12T15:19:35.855+0000] {processor.py:925} INFO - DAG(s) 'tutorial_objectstorage' retrieved from /home/airflow/.local/lib/python3.12/site-packages/airflow/example_dags/tutorial_objectstorage.py
[2024-09-12T15:19:36.147+0000] {logging_mixin.py:190} INFO - [2024-09-12T15:19:36.146+0000] {dag.py:3211} INFO - Sync 1 DAGs
[2024-09-12T15:19:36.452+0000] {logging_mixin.py:190} INFO - [2024-09-12T15:19:36.451+0000] {dag.py:4138} INFO - Setting next_dagrun for tutorial_objectstorage to None, run_after=None
[2024-09-12T15:19:36.998+0000] {processor.py:208} INFO - Processing /home/airflow/.local/lib/python3.12/site-packages/airflow/example_dags/tutorial_objectstorage.py took 1.325 seconds
[2024-09-12T15:20:36.164+0000] {processor.py:186} INFO - Started process (PID=491) to work on /home/airflow/.local/lib/python3.12/site-packages/airflow/example_dags/tutorial_objectstorage.py
[2024-09-12T15:20:36.176+0000] {processor.py:914} INFO - Processing file /home/airflow/.local/lib/python3.12/site-packages/airflow/example_dags/tutorial_objectstorage.py for tasks to queue
[2024-09-12T15:20:36.185+0000] {logging_mixin.py:190} INFO - [2024-09-12T15:20:36.184+0000] {dagbag.py:587} INFO - Filling up the DagBag from /home/airflow/.local/lib/python3.12/site-packages/airflow/example_dags/tutorial_objectstorage.py
[2024-09-12T15:20:36.281+0000] {processor.py:925} INFO - DAG(s) 'tutorial_objectstorage' retrieved from /home/airflow/.local/lib/python3.12/site-packages/airflow/example_dags/tutorial_objectstorage.py
[2024-09-12T15:20:36.579+0000] {logging_mixin.py:190} INFO - [2024-09-12T15:20:36.578+0000] {dag.py:3211} INFO - Sync 1 DAGs
[2024-09-12T15:20:36.807+0000] {logging_mixin.py:190} INFO - [2024-09-12T15:20:36.806+0000] {dag.py:4138} INFO - Setting next_dagrun for tutorial_objectstorage to None, run_after=None
[2024-09-12T15:20:37.168+0000] {processor.py:208} INFO - Processing /home/airflow/.local/lib/python3.12/site-packages/airflow/example_dags/tutorial_objectstorage.py took 1.117 seconds
[2024-09-12T15:21:51.119+0000] {processor.py:186} INFO - Started process (PID=573) to work on /home/airflow/.local/lib/python3.12/site-packages/airflow/example_dags/tutorial_objectstorage.py
[2024-09-12T15:21:51.135+0000] {processor.py:914} INFO - Processing file /home/airflow/.local/lib/python3.12/site-packages/airflow/example_dags/tutorial_objectstorage.py for tasks to queue
[2024-09-12T15:21:51.153+0000] {logging_mixin.py:190} INFO - [2024-09-12T15:21:51.153+0000] {dagbag.py:587} INFO - Filling up the DagBag from /home/airflow/.local/lib/python3.12/site-packages/airflow/example_dags/tutorial_objectstorage.py
[2024-09-12T15:21:51.241+0000] {processor.py:925} INFO - DAG(s) 'tutorial_objectstorage' retrieved from /home/airflow/.local/lib/python3.12/site-packages/airflow/example_dags/tutorial_objectstorage.py
[2024-09-12T15:21:51.416+0000] {logging_mixin.py:190} INFO - [2024-09-12T15:21:51.416+0000] {dag.py:3211} INFO - Sync 1 DAGs
[2024-09-12T15:21:51.557+0000] {logging_mixin.py:190} INFO - [2024-09-12T15:21:51.557+0000] {dag.py:4138} INFO - Setting next_dagrun for tutorial_objectstorage to None, run_after=None
[2024-09-12T15:21:51.765+0000] {processor.py:208} INFO - Processing /home/airflow/.local/lib/python3.12/site-packages/airflow/example_dags/tutorial_objectstorage.py took 0.712 seconds
[2024-09-12T15:22:56.598+0000] {processor.py:186} INFO - Started process (PID=648) to work on /home/airflow/.local/lib/python3.12/site-packages/airflow/example_dags/tutorial_objectstorage.py
[2024-09-12T15:22:56.615+0000] {processor.py:914} INFO - Processing file /home/airflow/.local/lib/python3.12/site-packages/airflow/example_dags/tutorial_objectstorage.py for tasks to queue
[2024-09-12T15:22:56.633+0000] {logging_mixin.py:190} INFO - [2024-09-12T15:22:56.632+0000] {dagbag.py:587} INFO - Filling up the DagBag from /home/airflow/.local/lib/python3.12/site-packages/airflow/example_dags/tutorial_objectstorage.py
[2024-09-12T15:22:56.876+0000] {processor.py:925} INFO - DAG(s) 'tutorial_objectstorage' retrieved from /home/airflow/.local/lib/python3.12/site-packages/airflow/example_dags/tutorial_objectstorage.py
[2024-09-12T15:22:57.121+0000] {logging_mixin.py:190} INFO - [2024-09-12T15:22:57.120+0000] {dag.py:3211} INFO - Sync 1 DAGs
[2024-09-12T15:22:57.375+0000] {logging_mixin.py:190} INFO - [2024-09-12T15:22:57.374+0000] {dag.py:4138} INFO - Setting next_dagrun for tutorial_objectstorage to None, run_after=None
[2024-09-12T15:22:57.653+0000] {processor.py:208} INFO - Processing /home/airflow/.local/lib/python3.12/site-packages/airflow/example_dags/tutorial_objectstorage.py took 1.093 seconds
[2024-09-12T15:24:02.683+0000] {processor.py:186} INFO - Started process (PID=731) to work on /home/airflow/.local/lib/python3.12/site-packages/airflow/example_dags/tutorial_objectstorage.py
[2024-09-12T15:24:02.710+0000] {processor.py:914} INFO - Processing file /home/airflow/.local/lib/python3.12/site-packages/airflow/example_dags/tutorial_objectstorage.py for tasks to queue
[2024-09-12T15:24:02.742+0000] {logging_mixin.py:190} INFO - [2024-09-12T15:24:02.740+0000] {dagbag.py:587} INFO - Filling up the DagBag from /home/airflow/.local/lib/python3.12/site-packages/airflow/example_dags/tutorial_objectstorage.py
[2024-09-12T15:24:02.841+0000] {processor.py:925} INFO - DAG(s) 'tutorial_objectstorage' retrieved from /home/airflow/.local/lib/python3.12/site-packages/airflow/example_dags/tutorial_objectstorage.py
[2024-09-12T15:24:03.193+0000] {logging_mixin.py:190} INFO - [2024-09-12T15:24:03.192+0000] {dag.py:3211} INFO - Sync 1 DAGs
[2024-09-12T15:24:03.413+0000] {logging_mixin.py:190} INFO - [2024-09-12T15:24:03.413+0000] {dag.py:4138} INFO - Setting next_dagrun for tutorial_objectstorage to None, run_after=None
[2024-09-12T15:24:03.681+0000] {processor.py:208} INFO - Processing /home/airflow/.local/lib/python3.12/site-packages/airflow/example_dags/tutorial_objectstorage.py took 1.041 seconds
[2024-09-12T15:25:35.403+0000] {processor.py:186} INFO - Started process (PID=816) to work on /home/airflow/.local/lib/python3.12/site-packages/airflow/example_dags/tutorial_objectstorage.py
[2024-09-12T15:25:35.418+0000] {processor.py:914} INFO - Processing file /home/airflow/.local/lib/python3.12/site-packages/airflow/example_dags/tutorial_objectstorage.py for tasks to queue
[2024-09-12T15:25:35.435+0000] {logging_mixin.py:190} INFO - [2024-09-12T15:25:35.435+0000] {dagbag.py:587} INFO - Filling up the DagBag from /home/airflow/.local/lib/python3.12/site-packages/airflow/example_dags/tutorial_objectstorage.py
[2024-09-12T15:25:35.896+0000] {processor.py:925} INFO - DAG(s) 'tutorial_objectstorage' retrieved from /home/airflow/.local/lib/python3.12/site-packages/airflow/example_dags/tutorial_objectstorage.py
[2024-09-12T15:25:36.100+0000] {logging_mixin.py:190} INFO - [2024-09-12T15:25:36.100+0000] {dag.py:3211} INFO - Sync 1 DAGs
[2024-09-12T15:25:36.632+0000] {logging_mixin.py:190} INFO - [2024-09-12T15:25:36.632+0000] {dag.py:4138} INFO - Setting next_dagrun for tutorial_objectstorage to None, run_after=None
[2024-09-12T15:25:40.717+0000] {processor.py:208} INFO - Processing /home/airflow/.local/lib/python3.12/site-packages/airflow/example_dags/tutorial_objectstorage.py took 5.667 seconds
[2024-09-12T15:27:08.390+0000] {processor.py:186} INFO - Started process (PID=893) to work on /home/airflow/.local/lib/python3.12/site-packages/airflow/example_dags/tutorial_objectstorage.py
[2024-09-12T15:27:08.396+0000] {processor.py:914} INFO - Processing file /home/airflow/.local/lib/python3.12/site-packages/airflow/example_dags/tutorial_objectstorage.py for tasks to queue
[2024-09-12T15:27:08.430+0000] {logging_mixin.py:190} INFO - [2024-09-12T15:27:08.429+0000] {dagbag.py:587} INFO - Filling up the DagBag from /home/airflow/.local/lib/python3.12/site-packages/airflow/example_dags/tutorial_objectstorage.py
[2024-09-12T15:27:08.489+0000] {processor.py:925} INFO - DAG(s) 'tutorial_objectstorage' retrieved from /home/airflow/.local/lib/python3.12/site-packages/airflow/example_dags/tutorial_objectstorage.py
[2024-09-12T15:27:08.685+0000] {logging_mixin.py:190} INFO - [2024-09-12T15:27:08.685+0000] {dag.py:3211} INFO - Sync 1 DAGs
[2024-09-12T15:27:08.878+0000] {logging_mixin.py:190} INFO - [2024-09-12T15:27:08.877+0000] {dag.py:4138} INFO - Setting next_dagrun for tutorial_objectstorage to None, run_after=None
[2024-09-12T15:27:09.176+0000] {processor.py:208} INFO - Processing /home/airflow/.local/lib/python3.12/site-packages/airflow/example_dags/tutorial_objectstorage.py took 0.820 seconds
[2024-09-12T15:28:07.322+0000] {processor.py:186} INFO - Started process (PID=968) to work on /home/airflow/.local/lib/python3.12/site-packages/airflow/example_dags/tutorial_objectstorage.py
[2024-09-12T15:28:07.341+0000] {processor.py:914} INFO - Processing file /home/airflow/.local/lib/python3.12/site-packages/airflow/example_dags/tutorial_objectstorage.py for tasks to queue
[2024-09-12T15:28:07.353+0000] {logging_mixin.py:190} INFO - [2024-09-12T15:28:07.346+0000] {dagbag.py:587} INFO - Filling up the DagBag from /home/airflow/.local/lib/python3.12/site-packages/airflow/example_dags/tutorial_objectstorage.py
[2024-09-12T15:28:07.412+0000] {processor.py:925} INFO - DAG(s) 'tutorial_objectstorage' retrieved from /home/airflow/.local/lib/python3.12/site-packages/airflow/example_dags/tutorial_objectstorage.py
[2024-09-12T15:28:07.704+0000] {logging_mixin.py:190} INFO - [2024-09-12T15:28:07.703+0000] {dag.py:3211} INFO - Sync 1 DAGs
[2024-09-12T15:28:07.890+0000] {logging_mixin.py:190} INFO - [2024-09-12T15:28:07.889+0000] {dag.py:4138} INFO - Setting next_dagrun for tutorial_objectstorage to None, run_after=None
[2024-09-12T15:28:08.156+0000] {processor.py:208} INFO - Processing /home/airflow/.local/lib/python3.12/site-packages/airflow/example_dags/tutorial_objectstorage.py took 0.857 seconds
[2024-09-12T15:28:58.589+0000] {processor.py:186} INFO - Started process (PID=1035) to work on /home/airflow/.local/lib/python3.12/site-packages/airflow/example_dags/tutorial_objectstorage.py
[2024-09-12T15:28:58.599+0000] {processor.py:914} INFO - Processing file /home/airflow/.local/lib/python3.12/site-packages/airflow/example_dags/tutorial_objectstorage.py for tasks to queue
[2024-09-12T15:28:58.603+0000] {logging_mixin.py:190} INFO - [2024-09-12T15:28:58.603+0000] {dagbag.py:587} INFO - Filling up the DagBag from /home/airflow/.local/lib/python3.12/site-packages/airflow/example_dags/tutorial_objectstorage.py
[2024-09-12T15:28:58.647+0000] {processor.py:925} INFO - DAG(s) 'tutorial_objectstorage' retrieved from /home/airflow/.local/lib/python3.12/site-packages/airflow/example_dags/tutorial_objectstorage.py
[2024-09-12T15:28:58.779+0000] {logging_mixin.py:190} INFO - [2024-09-12T15:28:58.779+0000] {dag.py:3211} INFO - Sync 1 DAGs
[2024-09-12T15:28:58.928+0000] {logging_mixin.py:190} INFO - [2024-09-12T15:28:58.927+0000] {dag.py:4138} INFO - Setting next_dagrun for tutorial_objectstorage to None, run_after=None
[2024-09-12T15:28:59.127+0000] {processor.py:208} INFO - Processing /home/airflow/.local/lib/python3.12/site-packages/airflow/example_dags/tutorial_objectstorage.py took 0.621 seconds
[2024-09-12T15:29:45.297+0000] {processor.py:186} INFO - Started process (PID=1103) to work on /home/airflow/.local/lib/python3.12/site-packages/airflow/example_dags/tutorial_objectstorage.py
[2024-09-12T15:29:45.329+0000] {processor.py:914} INFO - Processing file /home/airflow/.local/lib/python3.12/site-packages/airflow/example_dags/tutorial_objectstorage.py for tasks to queue
[2024-09-12T15:29:45.346+0000] {logging_mixin.py:190} INFO - [2024-09-12T15:29:45.345+0000] {dagbag.py:587} INFO - Filling up the DagBag from /home/airflow/.local/lib/python3.12/site-packages/airflow/example_dags/tutorial_objectstorage.py
[2024-09-12T15:29:45.482+0000] {processor.py:925} INFO - DAG(s) 'tutorial_objectstorage' retrieved from /home/airflow/.local/lib/python3.12/site-packages/airflow/example_dags/tutorial_objectstorage.py
[2024-09-12T15:29:45.640+0000] {logging_mixin.py:190} INFO - [2024-09-12T15:29:45.640+0000] {dag.py:3211} INFO - Sync 1 DAGs
[2024-09-12T15:29:45.781+0000] {logging_mixin.py:190} INFO - [2024-09-12T15:29:45.780+0000] {dag.py:4138} INFO - Setting next_dagrun for tutorial_objectstorage to None, run_after=None
[2024-09-12T15:29:45.873+0000] {processor.py:208} INFO - Processing /home/airflow/.local/lib/python3.12/site-packages/airflow/example_dags/tutorial_objectstorage.py took 0.610 seconds
[2024-09-12T15:31:32.039+0000] {processor.py:186} INFO - Started process (PID=1169) to work on /home/airflow/.local/lib/python3.12/site-packages/airflow/example_dags/tutorial_objectstorage.py
[2024-09-12T15:31:32.048+0000] {processor.py:914} INFO - Processing file /home/airflow/.local/lib/python3.12/site-packages/airflow/example_dags/tutorial_objectstorage.py for tasks to queue
[2024-09-12T15:31:32.058+0000] {logging_mixin.py:190} INFO - [2024-09-12T15:31:32.057+0000] {dagbag.py:587} INFO - Filling up the DagBag from /home/airflow/.local/lib/python3.12/site-packages/airflow/example_dags/tutorial_objectstorage.py
[2024-09-12T15:31:32.134+0000] {processor.py:925} INFO - DAG(s) 'tutorial_objectstorage' retrieved from /home/airflow/.local/lib/python3.12/site-packages/airflow/example_dags/tutorial_objectstorage.py
[2024-09-12T15:31:32.237+0000] {logging_mixin.py:190} INFO - [2024-09-12T15:31:32.237+0000] {dag.py:3211} INFO - Sync 1 DAGs
[2024-09-12T15:31:32.332+0000] {logging_mixin.py:190} INFO - [2024-09-12T15:31:32.332+0000] {dag.py:4138} INFO - Setting next_dagrun for tutorial_objectstorage to None, run_after=None
[2024-09-12T15:31:32.503+0000] {processor.py:208} INFO - Processing /home/airflow/.local/lib/python3.12/site-packages/airflow/example_dags/tutorial_objectstorage.py took 0.509 seconds
[2024-09-12T15:32:13.074+0000] {processor.py:186} INFO - Started process (PID=1235) to work on /home/airflow/.local/lib/python3.12/site-packages/airflow/example_dags/tutorial_objectstorage.py
[2024-09-12T15:32:13.085+0000] {processor.py:914} INFO - Processing file /home/airflow/.local/lib/python3.12/site-packages/airflow/example_dags/tutorial_objectstorage.py for tasks to queue
[2024-09-12T15:32:13.091+0000] {logging_mixin.py:190} INFO - [2024-09-12T15:32:13.087+0000] {dagbag.py:587} INFO - Filling up the DagBag from /home/airflow/.local/lib/python3.12/site-packages/airflow/example_dags/tutorial_objectstorage.py
[2024-09-12T15:32:13.176+0000] {processor.py:925} INFO - DAG(s) 'tutorial_objectstorage' retrieved from /home/airflow/.local/lib/python3.12/site-packages/airflow/example_dags/tutorial_objectstorage.py
[2024-09-12T15:32:13.450+0000] {logging_mixin.py:190} INFO - [2024-09-12T15:32:13.449+0000] {dag.py:3211} INFO - Sync 1 DAGs
[2024-09-12T15:32:13.564+0000] {logging_mixin.py:190} INFO - [2024-09-12T15:32:13.563+0000] {dag.py:4138} INFO - Setting next_dagrun for tutorial_objectstorage to None, run_after=None
[2024-09-12T15:32:13.689+0000] {processor.py:208} INFO - Processing /home/airflow/.local/lib/python3.12/site-packages/airflow/example_dags/tutorial_objectstorage.py took 0.688 seconds
[2024-09-12T15:33:15.854+0000] {processor.py:186} INFO - Started process (PID=1316) to work on /home/airflow/.local/lib/python3.12/site-packages/airflow/example_dags/tutorial_objectstorage.py
[2024-09-12T15:33:15.871+0000] {processor.py:914} INFO - Processing file /home/airflow/.local/lib/python3.12/site-packages/airflow/example_dags/tutorial_objectstorage.py for tasks to queue
[2024-09-12T15:33:15.881+0000] {logging_mixin.py:190} INFO - [2024-09-12T15:33:15.880+0000] {dagbag.py:587} INFO - Filling up the DagBag from /home/airflow/.local/lib/python3.12/site-packages/airflow/example_dags/tutorial_objectstorage.py
[2024-09-12T15:33:15.968+0000] {processor.py:925} INFO - DAG(s) 'tutorial_objectstorage' retrieved from /home/airflow/.local/lib/python3.12/site-packages/airflow/example_dags/tutorial_objectstorage.py
[2024-09-12T15:33:16.170+0000] {logging_mixin.py:190} INFO - [2024-09-12T15:33:16.168+0000] {dag.py:3211} INFO - Sync 1 DAGs
[2024-09-12T15:33:16.278+0000] {logging_mixin.py:190} INFO - [2024-09-12T15:33:16.278+0000] {dag.py:4138} INFO - Setting next_dagrun for tutorial_objectstorage to None, run_after=None
[2024-09-12T15:33:16.434+0000] {processor.py:208} INFO - Processing /home/airflow/.local/lib/python3.12/site-packages/airflow/example_dags/tutorial_objectstorage.py took 0.610 seconds
[2024-09-12T15:33:58.344+0000] {processor.py:186} INFO - Started process (PID=1387) to work on /home/airflow/.local/lib/python3.12/site-packages/airflow/example_dags/tutorial_objectstorage.py
[2024-09-12T15:33:58.356+0000] {processor.py:914} INFO - Processing file /home/airflow/.local/lib/python3.12/site-packages/airflow/example_dags/tutorial_objectstorage.py for tasks to queue
[2024-09-12T15:33:58.385+0000] {logging_mixin.py:190} INFO - [2024-09-12T15:33:58.383+0000] {dagbag.py:587} INFO - Filling up the DagBag from /home/airflow/.local/lib/python3.12/site-packages/airflow/example_dags/tutorial_objectstorage.py
[2024-09-12T15:33:58.553+0000] {processor.py:925} INFO - DAG(s) 'tutorial_objectstorage' retrieved from /home/airflow/.local/lib/python3.12/site-packages/airflow/example_dags/tutorial_objectstorage.py
[2024-09-12T15:33:58.734+0000] {logging_mixin.py:190} INFO - [2024-09-12T15:33:58.733+0000] {dag.py:3211} INFO - Sync 1 DAGs
[2024-09-12T15:33:58.942+0000] {logging_mixin.py:190} INFO - [2024-09-12T15:33:58.937+0000] {dag.py:4138} INFO - Setting next_dagrun for tutorial_objectstorage to None, run_after=None
[2024-09-12T15:33:59.213+0000] {processor.py:208} INFO - Processing /home/airflow/.local/lib/python3.12/site-packages/airflow/example_dags/tutorial_objectstorage.py took 0.929 seconds
[2024-09-12T15:34:36.995+0000] {processor.py:186} INFO - Started process (PID=1453) to work on /home/airflow/.local/lib/python3.12/site-packages/airflow/example_dags/tutorial_objectstorage.py
[2024-09-12T15:34:37.021+0000] {processor.py:914} INFO - Processing file /home/airflow/.local/lib/python3.12/site-packages/airflow/example_dags/tutorial_objectstorage.py for tasks to queue
[2024-09-12T15:34:37.029+0000] {logging_mixin.py:190} INFO - [2024-09-12T15:34:37.023+0000] {dagbag.py:587} INFO - Filling up the DagBag from /home/airflow/.local/lib/python3.12/site-packages/airflow/example_dags/tutorial_objectstorage.py
[2024-09-12T15:34:37.161+0000] {processor.py:925} INFO - DAG(s) 'tutorial_objectstorage' retrieved from /home/airflow/.local/lib/python3.12/site-packages/airflow/example_dags/tutorial_objectstorage.py
[2024-09-12T15:34:37.369+0000] {logging_mixin.py:190} INFO - [2024-09-12T15:34:37.368+0000] {dag.py:3211} INFO - Sync 1 DAGs
[2024-09-12T15:34:37.529+0000] {logging_mixin.py:190} INFO - [2024-09-12T15:34:37.528+0000] {dag.py:4138} INFO - Setting next_dagrun for tutorial_objectstorage to None, run_after=None
[2024-09-12T15:34:37.752+0000] {processor.py:208} INFO - Processing /home/airflow/.local/lib/python3.12/site-packages/airflow/example_dags/tutorial_objectstorage.py took 0.808 seconds
[2024-09-12T15:35:37.740+0000] {processor.py:186} INFO - Started process (PID=1524) to work on /home/airflow/.local/lib/python3.12/site-packages/airflow/example_dags/tutorial_objectstorage.py
[2024-09-12T15:35:37.865+0000] {processor.py:914} INFO - Processing file /home/airflow/.local/lib/python3.12/site-packages/airflow/example_dags/tutorial_objectstorage.py for tasks to queue
[2024-09-12T15:35:37.934+0000] {logging_mixin.py:190} INFO - [2024-09-12T15:35:37.934+0000] {dagbag.py:587} INFO - Filling up the DagBag from /home/airflow/.local/lib/python3.12/site-packages/airflow/example_dags/tutorial_objectstorage.py
[2024-09-12T15:35:38.240+0000] {processor.py:925} INFO - DAG(s) 'tutorial_objectstorage' retrieved from /home/airflow/.local/lib/python3.12/site-packages/airflow/example_dags/tutorial_objectstorage.py
[2024-09-12T15:35:39.340+0000] {logging_mixin.py:190} INFO - [2024-09-12T15:35:39.340+0000] {dag.py:3211} INFO - Sync 1 DAGs
[2024-09-12T15:35:39.757+0000] {logging_mixin.py:190} INFO - [2024-09-12T15:35:39.742+0000] {dag.py:4138} INFO - Setting next_dagrun for tutorial_objectstorage to None, run_after=None
[2024-09-12T15:35:40.275+0000] {processor.py:208} INFO - Processing /home/airflow/.local/lib/python3.12/site-packages/airflow/example_dags/tutorial_objectstorage.py took 2.661 seconds
[2024-09-12T15:36:50.193+0000] {processor.py:186} INFO - Started process (PID=1600) to work on /home/airflow/.local/lib/python3.12/site-packages/airflow/example_dags/tutorial_objectstorage.py
[2024-09-12T15:36:50.212+0000] {processor.py:914} INFO - Processing file /home/airflow/.local/lib/python3.12/site-packages/airflow/example_dags/tutorial_objectstorage.py for tasks to queue
[2024-09-12T15:36:50.264+0000] {logging_mixin.py:190} INFO - [2024-09-12T15:36:50.232+0000] {dagbag.py:587} INFO - Filling up the DagBag from /home/airflow/.local/lib/python3.12/site-packages/airflow/example_dags/tutorial_objectstorage.py
[2024-09-12T15:36:50.366+0000] {processor.py:925} INFO - DAG(s) 'tutorial_objectstorage' retrieved from /home/airflow/.local/lib/python3.12/site-packages/airflow/example_dags/tutorial_objectstorage.py
[2024-09-12T15:36:50.581+0000] {logging_mixin.py:190} INFO - [2024-09-12T15:36:50.580+0000] {dag.py:3211} INFO - Sync 1 DAGs
[2024-09-12T15:36:50.716+0000] {logging_mixin.py:190} INFO - [2024-09-12T15:36:50.715+0000] {dag.py:4138} INFO - Setting next_dagrun for tutorial_objectstorage to None, run_after=None
[2024-09-12T15:36:51.020+0000] {processor.py:208} INFO - Processing /home/airflow/.local/lib/python3.12/site-packages/airflow/example_dags/tutorial_objectstorage.py took 0.901 seconds
[2024-09-12T15:38:01.773+0000] {processor.py:186} INFO - Started process (PID=1683) to work on /home/airflow/.local/lib/python3.12/site-packages/airflow/example_dags/tutorial_objectstorage.py
[2024-09-12T15:38:01.800+0000] {processor.py:914} INFO - Processing file /home/airflow/.local/lib/python3.12/site-packages/airflow/example_dags/tutorial_objectstorage.py for tasks to queue
[2024-09-12T15:38:01.807+0000] {logging_mixin.py:190} INFO - [2024-09-12T15:38:01.807+0000] {dagbag.py:587} INFO - Filling up the DagBag from /home/airflow/.local/lib/python3.12/site-packages/airflow/example_dags/tutorial_objectstorage.py
[2024-09-12T15:38:01.997+0000] {processor.py:925} INFO - DAG(s) 'tutorial_objectstorage' retrieved from /home/airflow/.local/lib/python3.12/site-packages/airflow/example_dags/tutorial_objectstorage.py
[2024-09-12T15:38:02.299+0000] {logging_mixin.py:190} INFO - [2024-09-12T15:38:02.298+0000] {dag.py:3211} INFO - Sync 1 DAGs
[2024-09-12T15:38:02.486+0000] {logging_mixin.py:190} INFO - [2024-09-12T15:38:02.485+0000] {dag.py:4138} INFO - Setting next_dagrun for tutorial_objectstorage to None, run_after=None
[2024-09-12T15:38:02.875+0000] {processor.py:208} INFO - Processing /home/airflow/.local/lib/python3.12/site-packages/airflow/example_dags/tutorial_objectstorage.py took 1.153 seconds
[2024-09-12T15:39:49.984+0000] {processor.py:186} INFO - Started process (PID=1787) to work on /home/airflow/.local/lib/python3.12/site-packages/airflow/example_dags/tutorial_objectstorage.py
[2024-09-12T15:39:50.014+0000] {processor.py:914} INFO - Processing file /home/airflow/.local/lib/python3.12/site-packages/airflow/example_dags/tutorial_objectstorage.py for tasks to queue
[2024-09-12T15:39:50.047+0000] {logging_mixin.py:190} INFO - [2024-09-12T15:39:50.046+0000] {dagbag.py:587} INFO - Filling up the DagBag from /home/airflow/.local/lib/python3.12/site-packages/airflow/example_dags/tutorial_objectstorage.py
[2024-09-12T15:39:50.299+0000] {processor.py:925} INFO - DAG(s) 'tutorial_objectstorage' retrieved from /home/airflow/.local/lib/python3.12/site-packages/airflow/example_dags/tutorial_objectstorage.py
[2024-09-12T15:39:50.710+0000] {logging_mixin.py:190} INFO - [2024-09-12T15:39:50.709+0000] {dag.py:3211} INFO - Sync 1 DAGs
[2024-09-12T15:39:51.187+0000] {logging_mixin.py:190} INFO - [2024-09-12T15:39:51.186+0000] {dag.py:4138} INFO - Setting next_dagrun for tutorial_objectstorage to None, run_after=None
[2024-09-12T15:39:51.732+0000] {processor.py:208} INFO - Processing /home/airflow/.local/lib/python3.12/site-packages/airflow/example_dags/tutorial_objectstorage.py took 1.878 seconds
[2024-09-12T15:44:53.141+0000] {processor.py:186} INFO - Started process (PID=1925) to work on /home/airflow/.local/lib/python3.12/site-packages/airflow/example_dags/tutorial_objectstorage.py
[2024-09-12T15:44:53.160+0000] {processor.py:914} INFO - Processing file /home/airflow/.local/lib/python3.12/site-packages/airflow/example_dags/tutorial_objectstorage.py for tasks to queue
[2024-09-12T15:44:53.177+0000] {logging_mixin.py:190} INFO - [2024-09-12T15:44:53.176+0000] {dagbag.py:587} INFO - Filling up the DagBag from /home/airflow/.local/lib/python3.12/site-packages/airflow/example_dags/tutorial_objectstorage.py
[2024-09-12T15:44:53.281+0000] {processor.py:925} INFO - DAG(s) 'tutorial_objectstorage' retrieved from /home/airflow/.local/lib/python3.12/site-packages/airflow/example_dags/tutorial_objectstorage.py
[2024-09-12T15:44:53.504+0000] {logging_mixin.py:190} INFO - [2024-09-12T15:44:53.503+0000] {dag.py:3211} INFO - Sync 1 DAGs
[2024-09-12T15:44:53.647+0000] {logging_mixin.py:190} INFO - [2024-09-12T15:44:53.646+0000] {dag.py:4138} INFO - Setting next_dagrun for tutorial_objectstorage to None, run_after=None
[2024-09-12T15:44:53.892+0000] {processor.py:208} INFO - Processing /home/airflow/.local/lib/python3.12/site-packages/airflow/example_dags/tutorial_objectstorage.py took 0.773 seconds
[2024-09-12T15:45:47.231+0000] {processor.py:186} INFO - Started process (PID=1990) to work on /home/airflow/.local/lib/python3.12/site-packages/airflow/example_dags/tutorial_objectstorage.py
[2024-09-12T15:45:47.237+0000] {processor.py:914} INFO - Processing file /home/airflow/.local/lib/python3.12/site-packages/airflow/example_dags/tutorial_objectstorage.py for tasks to queue
[2024-09-12T15:45:47.248+0000] {logging_mixin.py:190} INFO - [2024-09-12T15:45:47.248+0000] {dagbag.py:587} INFO - Filling up the DagBag from /home/airflow/.local/lib/python3.12/site-packages/airflow/example_dags/tutorial_objectstorage.py
[2024-09-12T15:45:47.362+0000] {processor.py:925} INFO - DAG(s) 'tutorial_objectstorage' retrieved from /home/airflow/.local/lib/python3.12/site-packages/airflow/example_dags/tutorial_objectstorage.py
[2024-09-12T15:45:47.573+0000] {logging_mixin.py:190} INFO - [2024-09-12T15:45:47.572+0000] {dag.py:3211} INFO - Sync 1 DAGs
[2024-09-12T15:45:47.762+0000] {logging_mixin.py:190} INFO - [2024-09-12T15:45:47.762+0000] {dag.py:4138} INFO - Setting next_dagrun for tutorial_objectstorage to None, run_after=None
[2024-09-12T15:45:47.990+0000] {processor.py:208} INFO - Processing /home/airflow/.local/lib/python3.12/site-packages/airflow/example_dags/tutorial_objectstorage.py took 0.818 seconds
[2024-09-12T15:46:45.633+0000] {processor.py:186} INFO - Started process (PID=2060) to work on /home/airflow/.local/lib/python3.12/site-packages/airflow/example_dags/tutorial_objectstorage.py
[2024-09-12T15:46:45.651+0000] {processor.py:914} INFO - Processing file /home/airflow/.local/lib/python3.12/site-packages/airflow/example_dags/tutorial_objectstorage.py for tasks to queue
[2024-09-12T15:46:45.658+0000] {logging_mixin.py:190} INFO - [2024-09-12T15:46:45.656+0000] {dagbag.py:587} INFO - Filling up the DagBag from /home/airflow/.local/lib/python3.12/site-packages/airflow/example_dags/tutorial_objectstorage.py
[2024-09-12T15:46:45.759+0000] {processor.py:925} INFO - DAG(s) 'tutorial_objectstorage' retrieved from /home/airflow/.local/lib/python3.12/site-packages/airflow/example_dags/tutorial_objectstorage.py
[2024-09-12T15:46:45.993+0000] {logging_mixin.py:190} INFO - [2024-09-12T15:46:45.992+0000] {dag.py:3211} INFO - Sync 1 DAGs
[2024-09-12T15:46:46.207+0000] {logging_mixin.py:190} INFO - [2024-09-12T15:46:46.181+0000] {dag.py:4138} INFO - Setting next_dagrun for tutorial_objectstorage to None, run_after=None
[2024-09-12T15:46:46.424+0000] {processor.py:208} INFO - Processing /home/airflow/.local/lib/python3.12/site-packages/airflow/example_dags/tutorial_objectstorage.py took 0.841 seconds
[2024-09-12T15:47:49.605+0000] {processor.py:186} INFO - Started process (PID=2144) to work on /home/airflow/.local/lib/python3.12/site-packages/airflow/example_dags/tutorial_objectstorage.py
[2024-09-12T15:47:49.613+0000] {processor.py:914} INFO - Processing file /home/airflow/.local/lib/python3.12/site-packages/airflow/example_dags/tutorial_objectstorage.py for tasks to queue
[2024-09-12T15:47:49.623+0000] {logging_mixin.py:190} INFO - [2024-09-12T15:47:49.618+0000] {dagbag.py:587} INFO - Filling up the DagBag from /home/airflow/.local/lib/python3.12/site-packages/airflow/example_dags/tutorial_objectstorage.py
[2024-09-12T15:47:49.707+0000] {processor.py:925} INFO - DAG(s) 'tutorial_objectstorage' retrieved from /home/airflow/.local/lib/python3.12/site-packages/airflow/example_dags/tutorial_objectstorage.py
[2024-09-12T15:47:49.939+0000] {logging_mixin.py:190} INFO - [2024-09-12T15:47:49.938+0000] {dag.py:3211} INFO - Sync 1 DAGs
[2024-09-12T15:47:50.071+0000] {logging_mixin.py:190} INFO - [2024-09-12T15:47:50.042+0000] {dag.py:4138} INFO - Setting next_dagrun for tutorial_objectstorage to None, run_after=None
[2024-09-12T15:47:50.256+0000] {processor.py:208} INFO - Processing /home/airflow/.local/lib/python3.12/site-packages/airflow/example_dags/tutorial_objectstorage.py took 0.690 seconds
[2024-09-12T15:48:35.968+0000] {processor.py:186} INFO - Started process (PID=2212) to work on /home/airflow/.local/lib/python3.12/site-packages/airflow/example_dags/tutorial_objectstorage.py
[2024-09-12T15:48:35.987+0000] {processor.py:914} INFO - Processing file /home/airflow/.local/lib/python3.12/site-packages/airflow/example_dags/tutorial_objectstorage.py for tasks to queue
[2024-09-12T15:48:36.013+0000] {logging_mixin.py:190} INFO - [2024-09-12T15:48:36.012+0000] {dagbag.py:587} INFO - Filling up the DagBag from /home/airflow/.local/lib/python3.12/site-packages/airflow/example_dags/tutorial_objectstorage.py
[2024-09-12T15:48:36.173+0000] {processor.py:925} INFO - DAG(s) 'tutorial_objectstorage' retrieved from /home/airflow/.local/lib/python3.12/site-packages/airflow/example_dags/tutorial_objectstorage.py
[2024-09-12T15:48:36.278+0000] {logging_mixin.py:190} INFO - [2024-09-12T15:48:36.277+0000] {dag.py:3211} INFO - Sync 1 DAGs
[2024-09-12T15:48:36.383+0000] {logging_mixin.py:190} INFO - [2024-09-12T15:48:36.382+0000] {dag.py:4138} INFO - Setting next_dagrun for tutorial_objectstorage to None, run_after=None
[2024-09-12T15:48:36.552+0000] {processor.py:208} INFO - Processing /home/airflow/.local/lib/python3.12/site-packages/airflow/example_dags/tutorial_objectstorage.py took 0.632 seconds
[2024-09-12T15:49:53.036+0000] {processor.py:186} INFO - Started process (PID=2290) to work on /home/airflow/.local/lib/python3.12/site-packages/airflow/example_dags/tutorial_objectstorage.py
[2024-09-12T15:49:53.097+0000] {processor.py:914} INFO - Processing file /home/airflow/.local/lib/python3.12/site-packages/airflow/example_dags/tutorial_objectstorage.py for tasks to queue
[2024-09-12T15:49:53.114+0000] {logging_mixin.py:190} INFO - [2024-09-12T15:49:53.113+0000] {dagbag.py:587} INFO - Filling up the DagBag from /home/airflow/.local/lib/python3.12/site-packages/airflow/example_dags/tutorial_objectstorage.py
[2024-09-12T15:49:53.211+0000] {processor.py:925} INFO - DAG(s) 'tutorial_objectstorage' retrieved from /home/airflow/.local/lib/python3.12/site-packages/airflow/example_dags/tutorial_objectstorage.py
[2024-09-12T15:49:53.358+0000] {logging_mixin.py:190} INFO - [2024-09-12T15:49:53.357+0000] {dag.py:3211} INFO - Sync 1 DAGs
[2024-09-12T15:49:53.592+0000] {logging_mixin.py:190} INFO - [2024-09-12T15:49:53.592+0000] {dag.py:4138} INFO - Setting next_dagrun for tutorial_objectstorage to None, run_after=None
[2024-09-12T15:49:53.891+0000] {processor.py:208} INFO - Processing /home/airflow/.local/lib/python3.12/site-packages/airflow/example_dags/tutorial_objectstorage.py took 0.897 seconds
[2024-09-12T15:50:36.304+0000] {processor.py:186} INFO - Started process (PID=2365) to work on /home/airflow/.local/lib/python3.12/site-packages/airflow/example_dags/tutorial_objectstorage.py
[2024-09-12T15:50:36.315+0000] {processor.py:914} INFO - Processing file /home/airflow/.local/lib/python3.12/site-packages/airflow/example_dags/tutorial_objectstorage.py for tasks to queue
[2024-09-12T15:50:36.325+0000] {logging_mixin.py:190} INFO - [2024-09-12T15:50:36.324+0000] {dagbag.py:587} INFO - Filling up the DagBag from /home/airflow/.local/lib/python3.12/site-packages/airflow/example_dags/tutorial_objectstorage.py
[2024-09-12T15:50:36.412+0000] {processor.py:925} INFO - DAG(s) 'tutorial_objectstorage' retrieved from /home/airflow/.local/lib/python3.12/site-packages/airflow/example_dags/tutorial_objectstorage.py
[2024-09-12T15:50:36.570+0000] {logging_mixin.py:190} INFO - [2024-09-12T15:50:36.570+0000] {dag.py:3211} INFO - Sync 1 DAGs
[2024-09-12T15:50:36.681+0000] {logging_mixin.py:190} INFO - [2024-09-12T15:50:36.680+0000] {dag.py:4138} INFO - Setting next_dagrun for tutorial_objectstorage to None, run_after=None
[2024-09-12T15:50:36.833+0000] {processor.py:208} INFO - Processing /home/airflow/.local/lib/python3.12/site-packages/airflow/example_dags/tutorial_objectstorage.py took 0.549 seconds
[2024-09-12T15:51:58.377+0000] {processor.py:186} INFO - Started process (PID=2444) to work on /home/airflow/.local/lib/python3.12/site-packages/airflow/example_dags/tutorial_objectstorage.py
[2024-09-12T15:51:58.388+0000] {processor.py:914} INFO - Processing file /home/airflow/.local/lib/python3.12/site-packages/airflow/example_dags/tutorial_objectstorage.py for tasks to queue
[2024-09-12T15:51:58.396+0000] {logging_mixin.py:190} INFO - [2024-09-12T15:51:58.395+0000] {dagbag.py:587} INFO - Filling up the DagBag from /home/airflow/.local/lib/python3.12/site-packages/airflow/example_dags/tutorial_objectstorage.py
[2024-09-12T15:51:58.504+0000] {processor.py:925} INFO - DAG(s) 'tutorial_objectstorage' retrieved from /home/airflow/.local/lib/python3.12/site-packages/airflow/example_dags/tutorial_objectstorage.py
[2024-09-12T15:51:58.633+0000] {logging_mixin.py:190} INFO - [2024-09-12T15:51:58.632+0000] {dag.py:3211} INFO - Sync 1 DAGs
[2024-09-12T15:51:58.744+0000] {logging_mixin.py:190} INFO - [2024-09-12T15:51:58.743+0000] {dag.py:4138} INFO - Setting next_dagrun for tutorial_objectstorage to None, run_after=None
[2024-09-12T15:51:58.925+0000] {processor.py:208} INFO - Processing /home/airflow/.local/lib/python3.12/site-packages/airflow/example_dags/tutorial_objectstorage.py took 0.612 seconds
[2024-09-12T15:52:29.897+0000] {processor.py:186} INFO - Started process (PID=2509) to work on /home/airflow/.local/lib/python3.12/site-packages/airflow/example_dags/tutorial_objectstorage.py
[2024-09-12T15:52:29.899+0000] {processor.py:914} INFO - Processing file /home/airflow/.local/lib/python3.12/site-packages/airflow/example_dags/tutorial_objectstorage.py for tasks to queue
[2024-09-12T15:52:29.909+0000] {logging_mixin.py:190} INFO - [2024-09-12T15:52:29.908+0000] {dagbag.py:587} INFO - Filling up the DagBag from /home/airflow/.local/lib/python3.12/site-packages/airflow/example_dags/tutorial_objectstorage.py
[2024-09-12T15:52:30.000+0000] {processor.py:925} INFO - DAG(s) 'tutorial_objectstorage' retrieved from /home/airflow/.local/lib/python3.12/site-packages/airflow/example_dags/tutorial_objectstorage.py
[2024-09-12T15:52:30.286+0000] {logging_mixin.py:190} INFO - [2024-09-12T15:52:30.286+0000] {dag.py:3211} INFO - Sync 1 DAGs
[2024-09-12T15:52:30.418+0000] {logging_mixin.py:190} INFO - [2024-09-12T15:52:30.418+0000] {dag.py:4138} INFO - Setting next_dagrun for tutorial_objectstorage to None, run_after=None
[2024-09-12T15:52:30.523+0000] {processor.py:208} INFO - Processing /home/airflow/.local/lib/python3.12/site-packages/airflow/example_dags/tutorial_objectstorage.py took 0.651 seconds
[2024-09-12T15:53:22.961+0000] {processor.py:186} INFO - Started process (PID=2587) to work on /home/airflow/.local/lib/python3.12/site-packages/airflow/example_dags/tutorial_objectstorage.py
[2024-09-12T15:53:22.967+0000] {processor.py:914} INFO - Processing file /home/airflow/.local/lib/python3.12/site-packages/airflow/example_dags/tutorial_objectstorage.py for tasks to queue
[2024-09-12T15:53:22.972+0000] {logging_mixin.py:190} INFO - [2024-09-12T15:53:22.971+0000] {dagbag.py:587} INFO - Filling up the DagBag from /home/airflow/.local/lib/python3.12/site-packages/airflow/example_dags/tutorial_objectstorage.py
[2024-09-12T15:53:23.024+0000] {processor.py:925} INFO - DAG(s) 'tutorial_objectstorage' retrieved from /home/airflow/.local/lib/python3.12/site-packages/airflow/example_dags/tutorial_objectstorage.py
[2024-09-12T15:53:23.080+0000] {logging_mixin.py:190} INFO - [2024-09-12T15:53:23.079+0000] {dag.py:3211} INFO - Sync 1 DAGs
[2024-09-12T15:53:23.125+0000] {logging_mixin.py:190} INFO - [2024-09-12T15:53:23.125+0000] {dag.py:4138} INFO - Setting next_dagrun for tutorial_objectstorage to None, run_after=None
[2024-09-12T15:53:23.186+0000] {processor.py:208} INFO - Processing /home/airflow/.local/lib/python3.12/site-packages/airflow/example_dags/tutorial_objectstorage.py took 0.249 seconds
[2024-09-12T15:54:02.546+0000] {processor.py:186} INFO - Started process (PID=2659) to work on /home/airflow/.local/lib/python3.12/site-packages/airflow/example_dags/tutorial_objectstorage.py
[2024-09-12T15:54:02.549+0000] {processor.py:914} INFO - Processing file /home/airflow/.local/lib/python3.12/site-packages/airflow/example_dags/tutorial_objectstorage.py for tasks to queue
[2024-09-12T15:54:02.553+0000] {logging_mixin.py:190} INFO - [2024-09-12T15:54:02.553+0000] {dagbag.py:587} INFO - Filling up the DagBag from /home/airflow/.local/lib/python3.12/site-packages/airflow/example_dags/tutorial_objectstorage.py
[2024-09-12T15:54:02.659+0000] {processor.py:925} INFO - DAG(s) 'tutorial_objectstorage' retrieved from /home/airflow/.local/lib/python3.12/site-packages/airflow/example_dags/tutorial_objectstorage.py
[2024-09-12T15:54:02.783+0000] {logging_mixin.py:190} INFO - [2024-09-12T15:54:02.783+0000] {dag.py:3211} INFO - Sync 1 DAGs
[2024-09-12T15:54:02.867+0000] {logging_mixin.py:190} INFO - [2024-09-12T15:54:02.866+0000] {dag.py:4138} INFO - Setting next_dagrun for tutorial_objectstorage to None, run_after=None
[2024-09-12T15:54:02.982+0000] {processor.py:208} INFO - Processing /home/airflow/.local/lib/python3.12/site-packages/airflow/example_dags/tutorial_objectstorage.py took 0.481 seconds
[2024-09-12T15:55:52.718+0000] {processor.py:186} INFO - Started process (PID=2767) to work on /home/airflow/.local/lib/python3.12/site-packages/airflow/example_dags/tutorial_objectstorage.py
[2024-09-12T15:55:52.736+0000] {processor.py:914} INFO - Processing file /home/airflow/.local/lib/python3.12/site-packages/airflow/example_dags/tutorial_objectstorage.py for tasks to queue
[2024-09-12T15:55:52.743+0000] {logging_mixin.py:190} INFO - [2024-09-12T15:55:52.742+0000] {dagbag.py:587} INFO - Filling up the DagBag from /home/airflow/.local/lib/python3.12/site-packages/airflow/example_dags/tutorial_objectstorage.py
[2024-09-12T15:55:52.810+0000] {processor.py:925} INFO - DAG(s) 'tutorial_objectstorage' retrieved from /home/airflow/.local/lib/python3.12/site-packages/airflow/example_dags/tutorial_objectstorage.py
[2024-09-12T15:55:52.989+0000] {logging_mixin.py:190} INFO - [2024-09-12T15:55:52.989+0000] {dag.py:3211} INFO - Sync 1 DAGs
[2024-09-12T15:55:53.096+0000] {logging_mixin.py:190} INFO - [2024-09-12T15:55:53.095+0000] {dag.py:4138} INFO - Setting next_dagrun for tutorial_objectstorage to None, run_after=None
[2024-09-12T15:55:53.223+0000] {processor.py:208} INFO - Processing /home/airflow/.local/lib/python3.12/site-packages/airflow/example_dags/tutorial_objectstorage.py took 0.523 seconds
[2024-09-12T15:56:54.571+0000] {processor.py:186} INFO - Started process (PID=2832) to work on /home/airflow/.local/lib/python3.12/site-packages/airflow/example_dags/tutorial_objectstorage.py
[2024-09-12T15:56:54.582+0000] {processor.py:914} INFO - Processing file /home/airflow/.local/lib/python3.12/site-packages/airflow/example_dags/tutorial_objectstorage.py for tasks to queue
[2024-09-12T15:56:54.596+0000] {logging_mixin.py:190} INFO - [2024-09-12T15:56:54.586+0000] {dagbag.py:587} INFO - Filling up the DagBag from /home/airflow/.local/lib/python3.12/site-packages/airflow/example_dags/tutorial_objectstorage.py
[2024-09-12T15:56:54.689+0000] {processor.py:925} INFO - DAG(s) 'tutorial_objectstorage' retrieved from /home/airflow/.local/lib/python3.12/site-packages/airflow/example_dags/tutorial_objectstorage.py
[2024-09-12T15:56:54.822+0000] {logging_mixin.py:190} INFO - [2024-09-12T15:56:54.817+0000] {dag.py:3211} INFO - Sync 1 DAGs
[2024-09-12T15:56:54.928+0000] {logging_mixin.py:190} INFO - [2024-09-12T15:56:54.927+0000] {dag.py:4138} INFO - Setting next_dagrun for tutorial_objectstorage to None, run_after=None
[2024-09-12T15:56:55.078+0000] {processor.py:208} INFO - Processing /home/airflow/.local/lib/python3.12/site-packages/airflow/example_dags/tutorial_objectstorage.py took 0.560 seconds
[2024-09-12T15:57:30.391+0000] {processor.py:186} INFO - Started process (PID=2897) to work on /home/airflow/.local/lib/python3.12/site-packages/airflow/example_dags/tutorial_objectstorage.py
[2024-09-12T15:57:30.394+0000] {processor.py:914} INFO - Processing file /home/airflow/.local/lib/python3.12/site-packages/airflow/example_dags/tutorial_objectstorage.py for tasks to queue
[2024-09-12T15:57:30.398+0000] {logging_mixin.py:190} INFO - [2024-09-12T15:57:30.397+0000] {dagbag.py:587} INFO - Filling up the DagBag from /home/airflow/.local/lib/python3.12/site-packages/airflow/example_dags/tutorial_objectstorage.py
[2024-09-12T15:57:30.650+0000] {processor.py:925} INFO - DAG(s) 'tutorial_objectstorage' retrieved from /home/airflow/.local/lib/python3.12/site-packages/airflow/example_dags/tutorial_objectstorage.py
[2024-09-12T15:57:30.959+0000] {logging_mixin.py:190} INFO - [2024-09-12T15:57:30.957+0000] {dag.py:3211} INFO - Sync 1 DAGs
[2024-09-12T15:57:31.034+0000] {logging_mixin.py:190} INFO - [2024-09-12T15:57:31.033+0000] {dag.py:4138} INFO - Setting next_dagrun for tutorial_objectstorage to None, run_after=None
[2024-09-12T15:57:31.123+0000] {processor.py:208} INFO - Processing /home/airflow/.local/lib/python3.12/site-packages/airflow/example_dags/tutorial_objectstorage.py took 0.796 seconds
[2024-09-12T15:58:33.453+0000] {processor.py:186} INFO - Started process (PID=2969) to work on /home/airflow/.local/lib/python3.12/site-packages/airflow/example_dags/tutorial_objectstorage.py
[2024-09-12T15:58:33.469+0000] {processor.py:914} INFO - Processing file /home/airflow/.local/lib/python3.12/site-packages/airflow/example_dags/tutorial_objectstorage.py for tasks to queue
[2024-09-12T15:58:33.485+0000] {logging_mixin.py:190} INFO - [2024-09-12T15:58:33.475+0000] {dagbag.py:587} INFO - Filling up the DagBag from /home/airflow/.local/lib/python3.12/site-packages/airflow/example_dags/tutorial_objectstorage.py
[2024-09-12T15:58:33.764+0000] {processor.py:925} INFO - DAG(s) 'tutorial_objectstorage' retrieved from /home/airflow/.local/lib/python3.12/site-packages/airflow/example_dags/tutorial_objectstorage.py
[2024-09-12T15:58:35.308+0000] {logging_mixin.py:190} INFO - [2024-09-12T15:58:35.270+0000] {dag.py:3211} INFO - Sync 1 DAGs
[2024-09-12T15:58:35.427+0000] {logging_mixin.py:190} INFO - [2024-09-12T15:58:35.427+0000] {dag.py:4138} INFO - Setting next_dagrun for tutorial_objectstorage to None, run_after=None
[2024-09-12T15:58:35.615+0000] {processor.py:208} INFO - Processing /home/airflow/.local/lib/python3.12/site-packages/airflow/example_dags/tutorial_objectstorage.py took 2.251 seconds
[2024-09-12T15:59:44.299+0000] {processor.py:186} INFO - Started process (PID=3040) to work on /home/airflow/.local/lib/python3.12/site-packages/airflow/example_dags/tutorial_objectstorage.py
[2024-09-12T15:59:44.310+0000] {processor.py:914} INFO - Processing file /home/airflow/.local/lib/python3.12/site-packages/airflow/example_dags/tutorial_objectstorage.py for tasks to queue
[2024-09-12T15:59:44.316+0000] {logging_mixin.py:190} INFO - [2024-09-12T15:59:44.315+0000] {dagbag.py:587} INFO - Filling up the DagBag from /home/airflow/.local/lib/python3.12/site-packages/airflow/example_dags/tutorial_objectstorage.py
[2024-09-12T15:59:44.409+0000] {processor.py:925} INFO - DAG(s) 'tutorial_objectstorage' retrieved from /home/airflow/.local/lib/python3.12/site-packages/airflow/example_dags/tutorial_objectstorage.py
[2024-09-12T15:59:44.538+0000] {logging_mixin.py:190} INFO - [2024-09-12T15:59:44.538+0000] {dag.py:3211} INFO - Sync 1 DAGs
[2024-09-12T15:59:44.724+0000] {logging_mixin.py:190} INFO - [2024-09-12T15:59:44.723+0000] {dag.py:4138} INFO - Setting next_dagrun for tutorial_objectstorage to None, run_after=None
[2024-09-12T15:59:44.853+0000] {processor.py:208} INFO - Processing /home/airflow/.local/lib/python3.12/site-packages/airflow/example_dags/tutorial_objectstorage.py took 0.588 seconds
[2024-09-12T16:00:40.470+0000] {processor.py:186} INFO - Started process (PID=3108) to work on /home/airflow/.local/lib/python3.12/site-packages/airflow/example_dags/tutorial_objectstorage.py
[2024-09-12T16:00:40.480+0000] {processor.py:914} INFO - Processing file /home/airflow/.local/lib/python3.12/site-packages/airflow/example_dags/tutorial_objectstorage.py for tasks to queue
[2024-09-12T16:00:40.485+0000] {logging_mixin.py:190} INFO - [2024-09-12T16:00:40.483+0000] {dagbag.py:587} INFO - Filling up the DagBag from /home/airflow/.local/lib/python3.12/site-packages/airflow/example_dags/tutorial_objectstorage.py
[2024-09-12T16:00:40.570+0000] {processor.py:925} INFO - DAG(s) 'tutorial_objectstorage' retrieved from /home/airflow/.local/lib/python3.12/site-packages/airflow/example_dags/tutorial_objectstorage.py
[2024-09-12T16:00:40.732+0000] {logging_mixin.py:190} INFO - [2024-09-12T16:00:40.731+0000] {dag.py:3211} INFO - Sync 1 DAGs
[2024-09-12T16:00:40.848+0000] {logging_mixin.py:190} INFO - [2024-09-12T16:00:40.848+0000] {dag.py:4138} INFO - Setting next_dagrun for tutorial_objectstorage to None, run_after=None
[2024-09-12T16:00:40.987+0000] {processor.py:208} INFO - Processing /home/airflow/.local/lib/python3.12/site-packages/airflow/example_dags/tutorial_objectstorage.py took 0.571 seconds
[2024-09-12T16:01:17.901+0000] {processor.py:186} INFO - Started process (PID=3174) to work on /home/airflow/.local/lib/python3.12/site-packages/airflow/example_dags/tutorial_objectstorage.py
[2024-09-12T16:01:17.903+0000] {processor.py:914} INFO - Processing file /home/airflow/.local/lib/python3.12/site-packages/airflow/example_dags/tutorial_objectstorage.py for tasks to queue
[2024-09-12T16:01:17.925+0000] {logging_mixin.py:190} INFO - [2024-09-12T16:01:17.914+0000] {dagbag.py:587} INFO - Filling up the DagBag from /home/airflow/.local/lib/python3.12/site-packages/airflow/example_dags/tutorial_objectstorage.py
[2024-09-12T16:01:17.966+0000] {processor.py:925} INFO - DAG(s) 'tutorial_objectstorage' retrieved from /home/airflow/.local/lib/python3.12/site-packages/airflow/example_dags/tutorial_objectstorage.py
[2024-09-12T16:01:18.064+0000] {logging_mixin.py:190} INFO - [2024-09-12T16:01:18.063+0000] {dag.py:3211} INFO - Sync 1 DAGs
[2024-09-12T16:01:18.257+0000] {logging_mixin.py:190} INFO - [2024-09-12T16:01:18.257+0000] {dag.py:4138} INFO - Setting next_dagrun for tutorial_objectstorage to None, run_after=None
[2024-09-12T16:01:18.555+0000] {processor.py:208} INFO - Processing /home/airflow/.local/lib/python3.12/site-packages/airflow/example_dags/tutorial_objectstorage.py took 0.723 seconds
[2024-09-12T16:02:34.217+0000] {processor.py:186} INFO - Started process (PID=3263) to work on /home/airflow/.local/lib/python3.12/site-packages/airflow/example_dags/tutorial_objectstorage.py
[2024-09-12T16:02:34.223+0000] {processor.py:914} INFO - Processing file /home/airflow/.local/lib/python3.12/site-packages/airflow/example_dags/tutorial_objectstorage.py for tasks to queue
[2024-09-12T16:02:34.235+0000] {logging_mixin.py:190} INFO - [2024-09-12T16:02:34.234+0000] {dagbag.py:587} INFO - Filling up the DagBag from /home/airflow/.local/lib/python3.12/site-packages/airflow/example_dags/tutorial_objectstorage.py
[2024-09-12T16:02:34.328+0000] {processor.py:925} INFO - DAG(s) 'tutorial_objectstorage' retrieved from /home/airflow/.local/lib/python3.12/site-packages/airflow/example_dags/tutorial_objectstorage.py
[2024-09-12T16:02:34.457+0000] {logging_mixin.py:190} INFO - [2024-09-12T16:02:34.456+0000] {dag.py:3211} INFO - Sync 1 DAGs
[2024-09-12T16:02:34.744+0000] {logging_mixin.py:190} INFO - [2024-09-12T16:02:34.743+0000] {dag.py:4138} INFO - Setting next_dagrun for tutorial_objectstorage to None, run_after=None
[2024-09-12T16:02:34.886+0000] {processor.py:208} INFO - Processing /home/airflow/.local/lib/python3.12/site-packages/airflow/example_dags/tutorial_objectstorage.py took 0.718 seconds
[2024-09-12T16:03:36.161+0000] {processor.py:186} INFO - Started process (PID=3327) to work on /home/airflow/.local/lib/python3.12/site-packages/airflow/example_dags/tutorial_objectstorage.py
[2024-09-12T16:03:36.167+0000] {processor.py:914} INFO - Processing file /home/airflow/.local/lib/python3.12/site-packages/airflow/example_dags/tutorial_objectstorage.py for tasks to queue
[2024-09-12T16:03:36.172+0000] {logging_mixin.py:190} INFO - [2024-09-12T16:03:36.172+0000] {dagbag.py:587} INFO - Filling up the DagBag from /home/airflow/.local/lib/python3.12/site-packages/airflow/example_dags/tutorial_objectstorage.py
[2024-09-12T16:03:36.215+0000] {processor.py:925} INFO - DAG(s) 'tutorial_objectstorage' retrieved from /home/airflow/.local/lib/python3.12/site-packages/airflow/example_dags/tutorial_objectstorage.py
[2024-09-12T16:03:36.310+0000] {logging_mixin.py:190} INFO - [2024-09-12T16:03:36.310+0000] {dag.py:3211} INFO - Sync 1 DAGs
[2024-09-12T16:03:36.359+0000] {logging_mixin.py:190} INFO - [2024-09-12T16:03:36.359+0000] {dag.py:4138} INFO - Setting next_dagrun for tutorial_objectstorage to None, run_after=None
[2024-09-12T16:03:36.448+0000] {processor.py:208} INFO - Processing /home/airflow/.local/lib/python3.12/site-packages/airflow/example_dags/tutorial_objectstorage.py took 0.306 seconds
[2024-09-12T16:04:28.956+0000] {processor.py:186} INFO - Started process (PID=3397) to work on /home/airflow/.local/lib/python3.12/site-packages/airflow/example_dags/tutorial_objectstorage.py
[2024-09-12T16:04:28.969+0000] {processor.py:914} INFO - Processing file /home/airflow/.local/lib/python3.12/site-packages/airflow/example_dags/tutorial_objectstorage.py for tasks to queue
[2024-09-12T16:04:28.991+0000] {logging_mixin.py:190} INFO - [2024-09-12T16:04:28.990+0000] {dagbag.py:587} INFO - Filling up the DagBag from /home/airflow/.local/lib/python3.12/site-packages/airflow/example_dags/tutorial_objectstorage.py
[2024-09-12T16:04:29.081+0000] {processor.py:925} INFO - DAG(s) 'tutorial_objectstorage' retrieved from /home/airflow/.local/lib/python3.12/site-packages/airflow/example_dags/tutorial_objectstorage.py
[2024-09-12T16:04:29.222+0000] {logging_mixin.py:190} INFO - [2024-09-12T16:04:29.221+0000] {dag.py:3211} INFO - Sync 1 DAGs
[2024-09-12T16:04:30.426+0000] {logging_mixin.py:190} INFO - [2024-09-12T16:04:30.424+0000] {dag.py:4138} INFO - Setting next_dagrun for tutorial_objectstorage to None, run_after=None
[2024-09-12T16:04:30.599+0000] {processor.py:208} INFO - Processing /home/airflow/.local/lib/python3.12/site-packages/airflow/example_dags/tutorial_objectstorage.py took 1.677 seconds
[2024-09-12T16:06:37.587+0000] {processor.py:186} INFO - Started process (PID=3489) to work on /home/airflow/.local/lib/python3.12/site-packages/airflow/example_dags/tutorial_objectstorage.py
[2024-09-12T16:06:37.607+0000] {processor.py:914} INFO - Processing file /home/airflow/.local/lib/python3.12/site-packages/airflow/example_dags/tutorial_objectstorage.py for tasks to queue
[2024-09-12T16:06:37.621+0000] {logging_mixin.py:190} INFO - [2024-09-12T16:06:37.620+0000] {dagbag.py:587} INFO - Filling up the DagBag from /home/airflow/.local/lib/python3.12/site-packages/airflow/example_dags/tutorial_objectstorage.py
[2024-09-12T16:06:37.735+0000] {processor.py:925} INFO - DAG(s) 'tutorial_objectstorage' retrieved from /home/airflow/.local/lib/python3.12/site-packages/airflow/example_dags/tutorial_objectstorage.py
[2024-09-12T16:06:37.968+0000] {logging_mixin.py:190} INFO - [2024-09-12T16:06:37.968+0000] {dag.py:3211} INFO - Sync 1 DAGs
[2024-09-12T16:06:38.133+0000] {logging_mixin.py:190} INFO - [2024-09-12T16:06:38.133+0000] {dag.py:4138} INFO - Setting next_dagrun for tutorial_objectstorage to None, run_after=None
[2024-09-12T16:06:38.328+0000] {processor.py:208} INFO - Processing /home/airflow/.local/lib/python3.12/site-packages/airflow/example_dags/tutorial_objectstorage.py took 0.820 seconds
[2024-09-12T16:07:53.340+0000] {processor.py:186} INFO - Started process (PID=3559) to work on /home/airflow/.local/lib/python3.12/site-packages/airflow/example_dags/tutorial_objectstorage.py
[2024-09-12T16:07:53.356+0000] {processor.py:914} INFO - Processing file /home/airflow/.local/lib/python3.12/site-packages/airflow/example_dags/tutorial_objectstorage.py for tasks to queue
[2024-09-12T16:07:53.367+0000] {logging_mixin.py:190} INFO - [2024-09-12T16:07:53.367+0000] {dagbag.py:587} INFO - Filling up the DagBag from /home/airflow/.local/lib/python3.12/site-packages/airflow/example_dags/tutorial_objectstorage.py
[2024-09-12T16:07:53.427+0000] {processor.py:925} INFO - DAG(s) 'tutorial_objectstorage' retrieved from /home/airflow/.local/lib/python3.12/site-packages/airflow/example_dags/tutorial_objectstorage.py
[2024-09-12T16:07:53.524+0000] {logging_mixin.py:190} INFO - [2024-09-12T16:07:53.522+0000] {dag.py:3211} INFO - Sync 1 DAGs
[2024-09-12T16:07:53.588+0000] {logging_mixin.py:190} INFO - [2024-09-12T16:07:53.587+0000] {dag.py:4138} INFO - Setting next_dagrun for tutorial_objectstorage to None, run_after=None
[2024-09-12T16:07:53.741+0000] {processor.py:208} INFO - Processing /home/airflow/.local/lib/python3.12/site-packages/airflow/example_dags/tutorial_objectstorage.py took 0.428 seconds
[2024-09-12T16:08:57.759+0000] {processor.py:186} INFO - Started process (PID=3636) to work on /home/airflow/.local/lib/python3.12/site-packages/airflow/example_dags/tutorial_objectstorage.py
[2024-09-12T16:08:57.764+0000] {processor.py:914} INFO - Processing file /home/airflow/.local/lib/python3.12/site-packages/airflow/example_dags/tutorial_objectstorage.py for tasks to queue
[2024-09-12T16:08:57.792+0000] {logging_mixin.py:190} INFO - [2024-09-12T16:08:57.778+0000] {dagbag.py:587} INFO - Filling up the DagBag from /home/airflow/.local/lib/python3.12/site-packages/airflow/example_dags/tutorial_objectstorage.py
[2024-09-12T16:08:58.041+0000] {processor.py:925} INFO - DAG(s) 'tutorial_objectstorage' retrieved from /home/airflow/.local/lib/python3.12/site-packages/airflow/example_dags/tutorial_objectstorage.py
[2024-09-12T16:08:58.275+0000] {logging_mixin.py:190} INFO - [2024-09-12T16:08:58.274+0000] {dag.py:3211} INFO - Sync 1 DAGs
[2024-09-12T16:08:58.404+0000] {logging_mixin.py:190} INFO - [2024-09-12T16:08:58.403+0000] {dag.py:4138} INFO - Setting next_dagrun for tutorial_objectstorage to None, run_after=None
[2024-09-12T16:08:58.514+0000] {processor.py:208} INFO - Processing /home/airflow/.local/lib/python3.12/site-packages/airflow/example_dags/tutorial_objectstorage.py took 0.855 seconds
[2024-09-12T16:09:29.956+0000] {processor.py:186} INFO - Started process (PID=3702) to work on /home/airflow/.local/lib/python3.12/site-packages/airflow/example_dags/tutorial_objectstorage.py
[2024-09-12T16:09:29.969+0000] {processor.py:914} INFO - Processing file /home/airflow/.local/lib/python3.12/site-packages/airflow/example_dags/tutorial_objectstorage.py for tasks to queue
[2024-09-12T16:09:29.979+0000] {logging_mixin.py:190} INFO - [2024-09-12T16:09:29.978+0000] {dagbag.py:587} INFO - Filling up the DagBag from /home/airflow/.local/lib/python3.12/site-packages/airflow/example_dags/tutorial_objectstorage.py
[2024-09-12T16:09:30.049+0000] {processor.py:925} INFO - DAG(s) 'tutorial_objectstorage' retrieved from /home/airflow/.local/lib/python3.12/site-packages/airflow/example_dags/tutorial_objectstorage.py
[2024-09-12T16:09:30.175+0000] {logging_mixin.py:190} INFO - [2024-09-12T16:09:30.174+0000] {dag.py:3211} INFO - Sync 1 DAGs
[2024-09-12T16:09:30.355+0000] {logging_mixin.py:190} INFO - [2024-09-12T16:09:30.354+0000] {dag.py:4138} INFO - Setting next_dagrun for tutorial_objectstorage to None, run_after=None
[2024-09-12T16:09:30.464+0000] {processor.py:208} INFO - Processing /home/airflow/.local/lib/python3.12/site-packages/airflow/example_dags/tutorial_objectstorage.py took 0.539 seconds
[2024-09-12T16:10:40.070+0000] {processor.py:186} INFO - Started process (PID=3767) to work on /home/airflow/.local/lib/python3.12/site-packages/airflow/example_dags/tutorial_objectstorage.py
[2024-09-12T16:10:40.074+0000] {processor.py:914} INFO - Processing file /home/airflow/.local/lib/python3.12/site-packages/airflow/example_dags/tutorial_objectstorage.py for tasks to queue
[2024-09-12T16:10:40.087+0000] {logging_mixin.py:190} INFO - [2024-09-12T16:10:40.086+0000] {dagbag.py:587} INFO - Filling up the DagBag from /home/airflow/.local/lib/python3.12/site-packages/airflow/example_dags/tutorial_objectstorage.py
[2024-09-12T16:10:40.236+0000] {processor.py:925} INFO - DAG(s) 'tutorial_objectstorage' retrieved from /home/airflow/.local/lib/python3.12/site-packages/airflow/example_dags/tutorial_objectstorage.py
[2024-09-12T16:10:40.372+0000] {logging_mixin.py:190} INFO - [2024-09-12T16:10:40.371+0000] {dag.py:3211} INFO - Sync 1 DAGs
[2024-09-12T16:10:40.518+0000] {logging_mixin.py:190} INFO - [2024-09-12T16:10:40.518+0000] {dag.py:4138} INFO - Setting next_dagrun for tutorial_objectstorage to None, run_after=None
[2024-09-12T16:10:40.647+0000] {processor.py:208} INFO - Processing /home/airflow/.local/lib/python3.12/site-packages/airflow/example_dags/tutorial_objectstorage.py took 0.612 seconds
[2024-09-12T16:11:24.280+0000] {processor.py:186} INFO - Started process (PID=3838) to work on /home/airflow/.local/lib/python3.12/site-packages/airflow/example_dags/tutorial_objectstorage.py
[2024-09-12T16:11:24.291+0000] {processor.py:914} INFO - Processing file /home/airflow/.local/lib/python3.12/site-packages/airflow/example_dags/tutorial_objectstorage.py for tasks to queue
[2024-09-12T16:11:24.295+0000] {logging_mixin.py:190} INFO - [2024-09-12T16:11:24.294+0000] {dagbag.py:587} INFO - Filling up the DagBag from /home/airflow/.local/lib/python3.12/site-packages/airflow/example_dags/tutorial_objectstorage.py
[2024-09-12T16:11:24.352+0000] {processor.py:925} INFO - DAG(s) 'tutorial_objectstorage' retrieved from /home/airflow/.local/lib/python3.12/site-packages/airflow/example_dags/tutorial_objectstorage.py
[2024-09-12T16:11:24.507+0000] {logging_mixin.py:190} INFO - [2024-09-12T16:11:24.498+0000] {dag.py:3211} INFO - Sync 1 DAGs
[2024-09-12T16:11:24.707+0000] {logging_mixin.py:190} INFO - [2024-09-12T16:11:24.707+0000] {dag.py:4138} INFO - Setting next_dagrun for tutorial_objectstorage to None, run_after=None
[2024-09-12T16:11:24.825+0000] {processor.py:208} INFO - Processing /home/airflow/.local/lib/python3.12/site-packages/airflow/example_dags/tutorial_objectstorage.py took 0.604 seconds
[2024-09-12T16:12:23.641+0000] {processor.py:186} INFO - Started process (PID=3908) to work on /home/airflow/.local/lib/python3.12/site-packages/airflow/example_dags/tutorial_objectstorage.py
[2024-09-12T16:12:23.645+0000] {processor.py:914} INFO - Processing file /home/airflow/.local/lib/python3.12/site-packages/airflow/example_dags/tutorial_objectstorage.py for tasks to queue
[2024-09-12T16:12:23.648+0000] {logging_mixin.py:190} INFO - [2024-09-12T16:12:23.647+0000] {dagbag.py:587} INFO - Filling up the DagBag from /home/airflow/.local/lib/python3.12/site-packages/airflow/example_dags/tutorial_objectstorage.py
[2024-09-12T16:12:23.696+0000] {processor.py:925} INFO - DAG(s) 'tutorial_objectstorage' retrieved from /home/airflow/.local/lib/python3.12/site-packages/airflow/example_dags/tutorial_objectstorage.py
[2024-09-12T16:12:23.773+0000] {logging_mixin.py:190} INFO - [2024-09-12T16:12:23.773+0000] {dag.py:3211} INFO - Sync 1 DAGs
[2024-09-12T16:12:23.844+0000] {logging_mixin.py:190} INFO - [2024-09-12T16:12:23.843+0000] {dag.py:4138} INFO - Setting next_dagrun for tutorial_objectstorage to None, run_after=None
[2024-09-12T16:12:23.925+0000] {processor.py:208} INFO - Processing /home/airflow/.local/lib/python3.12/site-packages/airflow/example_dags/tutorial_objectstorage.py took 0.308 seconds
[2024-09-12T16:12:57.945+0000] {processor.py:186} INFO - Started process (PID=3974) to work on /home/airflow/.local/lib/python3.12/site-packages/airflow/example_dags/tutorial_objectstorage.py
[2024-09-12T16:12:57.949+0000] {processor.py:914} INFO - Processing file /home/airflow/.local/lib/python3.12/site-packages/airflow/example_dags/tutorial_objectstorage.py for tasks to queue
[2024-09-12T16:12:57.968+0000] {logging_mixin.py:190} INFO - [2024-09-12T16:12:57.967+0000] {dagbag.py:587} INFO - Filling up the DagBag from /home/airflow/.local/lib/python3.12/site-packages/airflow/example_dags/tutorial_objectstorage.py
[2024-09-12T16:12:58.103+0000] {processor.py:925} INFO - DAG(s) 'tutorial_objectstorage' retrieved from /home/airflow/.local/lib/python3.12/site-packages/airflow/example_dags/tutorial_objectstorage.py
[2024-09-12T16:12:58.279+0000] {logging_mixin.py:190} INFO - [2024-09-12T16:12:58.279+0000] {dag.py:3211} INFO - Sync 1 DAGs
[2024-09-12T16:12:58.390+0000] {logging_mixin.py:190} INFO - [2024-09-12T16:12:58.389+0000] {dag.py:4138} INFO - Setting next_dagrun for tutorial_objectstorage to None, run_after=None
[2024-09-12T16:12:58.487+0000] {processor.py:208} INFO - Processing /home/airflow/.local/lib/python3.12/site-packages/airflow/example_dags/tutorial_objectstorage.py took 0.601 seconds
[2024-09-12T16:13:59.945+0000] {processor.py:186} INFO - Started process (PID=4037) to work on /home/airflow/.local/lib/python3.12/site-packages/airflow/example_dags/tutorial_objectstorage.py
[2024-09-12T16:13:59.966+0000] {processor.py:914} INFO - Processing file /home/airflow/.local/lib/python3.12/site-packages/airflow/example_dags/tutorial_objectstorage.py for tasks to queue
[2024-09-12T16:13:59.976+0000] {logging_mixin.py:190} INFO - [2024-09-12T16:13:59.975+0000] {dagbag.py:587} INFO - Filling up the DagBag from /home/airflow/.local/lib/python3.12/site-packages/airflow/example_dags/tutorial_objectstorage.py
[2024-09-12T16:14:00.068+0000] {processor.py:925} INFO - DAG(s) 'tutorial_objectstorage' retrieved from /home/airflow/.local/lib/python3.12/site-packages/airflow/example_dags/tutorial_objectstorage.py
[2024-09-12T16:14:00.476+0000] {logging_mixin.py:190} INFO - [2024-09-12T16:14:00.476+0000] {dag.py:3211} INFO - Sync 1 DAGs
[2024-09-12T16:14:00.762+0000] {logging_mixin.py:190} INFO - [2024-09-12T16:14:00.762+0000] {dag.py:4138} INFO - Setting next_dagrun for tutorial_objectstorage to None, run_after=None
[2024-09-12T16:14:01.254+0000] {processor.py:208} INFO - Processing /home/airflow/.local/lib/python3.12/site-packages/airflow/example_dags/tutorial_objectstorage.py took 1.336 seconds
[2024-09-12T16:14:51.863+0000] {processor.py:186} INFO - Started process (PID=4102) to work on /home/airflow/.local/lib/python3.12/site-packages/airflow/example_dags/tutorial_objectstorage.py
[2024-09-12T16:14:51.889+0000] {processor.py:914} INFO - Processing file /home/airflow/.local/lib/python3.12/site-packages/airflow/example_dags/tutorial_objectstorage.py for tasks to queue
[2024-09-12T16:14:51.892+0000] {logging_mixin.py:190} INFO - [2024-09-12T16:14:51.891+0000] {dagbag.py:587} INFO - Filling up the DagBag from /home/airflow/.local/lib/python3.12/site-packages/airflow/example_dags/tutorial_objectstorage.py
[2024-09-12T16:14:51.964+0000] {processor.py:925} INFO - DAG(s) 'tutorial_objectstorage' retrieved from /home/airflow/.local/lib/python3.12/site-packages/airflow/example_dags/tutorial_objectstorage.py
[2024-09-12T16:14:52.118+0000] {logging_mixin.py:190} INFO - [2024-09-12T16:14:52.117+0000] {dag.py:3211} INFO - Sync 1 DAGs
[2024-09-12T16:14:52.250+0000] {logging_mixin.py:190} INFO - [2024-09-12T16:14:52.250+0000] {dag.py:4138} INFO - Setting next_dagrun for tutorial_objectstorage to None, run_after=None
[2024-09-12T16:14:52.442+0000] {processor.py:208} INFO - Processing /home/airflow/.local/lib/python3.12/site-packages/airflow/example_dags/tutorial_objectstorage.py took 0.612 seconds
[2024-09-12T16:15:23.969+0000] {processor.py:186} INFO - Started process (PID=4167) to work on /home/airflow/.local/lib/python3.12/site-packages/airflow/example_dags/tutorial_objectstorage.py
[2024-09-12T16:15:23.981+0000] {processor.py:914} INFO - Processing file /home/airflow/.local/lib/python3.12/site-packages/airflow/example_dags/tutorial_objectstorage.py for tasks to queue
[2024-09-12T16:15:23.985+0000] {logging_mixin.py:190} INFO - [2024-09-12T16:15:23.984+0000] {dagbag.py:587} INFO - Filling up the DagBag from /home/airflow/.local/lib/python3.12/site-packages/airflow/example_dags/tutorial_objectstorage.py
[2024-09-12T16:15:24.017+0000] {processor.py:925} INFO - DAG(s) 'tutorial_objectstorage' retrieved from /home/airflow/.local/lib/python3.12/site-packages/airflow/example_dags/tutorial_objectstorage.py
[2024-09-12T16:15:24.132+0000] {logging_mixin.py:190} INFO - [2024-09-12T16:15:24.132+0000] {dag.py:3211} INFO - Sync 1 DAGs
[2024-09-12T16:15:24.210+0000] {logging_mixin.py:190} INFO - [2024-09-12T16:15:24.210+0000] {dag.py:4138} INFO - Setting next_dagrun for tutorial_objectstorage to None, run_after=None
[2024-09-12T16:15:24.322+0000] {processor.py:208} INFO - Processing /home/airflow/.local/lib/python3.12/site-packages/airflow/example_dags/tutorial_objectstorage.py took 0.383 seconds
[2024-09-12T16:15:55.050+0000] {processor.py:186} INFO - Started process (PID=4233) to work on /home/airflow/.local/lib/python3.12/site-packages/airflow/example_dags/tutorial_objectstorage.py
[2024-09-12T16:15:55.058+0000] {processor.py:914} INFO - Processing file /home/airflow/.local/lib/python3.12/site-packages/airflow/example_dags/tutorial_objectstorage.py for tasks to queue
[2024-09-12T16:15:55.062+0000] {logging_mixin.py:190} INFO - [2024-09-12T16:15:55.061+0000] {dagbag.py:587} INFO - Filling up the DagBag from /home/airflow/.local/lib/python3.12/site-packages/airflow/example_dags/tutorial_objectstorage.py
[2024-09-12T16:15:55.101+0000] {processor.py:925} INFO - DAG(s) 'tutorial_objectstorage' retrieved from /home/airflow/.local/lib/python3.12/site-packages/airflow/example_dags/tutorial_objectstorage.py
[2024-09-12T16:15:55.186+0000] {logging_mixin.py:190} INFO - [2024-09-12T16:15:55.185+0000] {dag.py:3211} INFO - Sync 1 DAGs
[2024-09-12T16:15:55.272+0000] {logging_mixin.py:190} INFO - [2024-09-12T16:15:55.272+0000] {dag.py:4138} INFO - Setting next_dagrun for tutorial_objectstorage to None, run_after=None
[2024-09-12T16:15:55.421+0000] {processor.py:208} INFO - Processing /home/airflow/.local/lib/python3.12/site-packages/airflow/example_dags/tutorial_objectstorage.py took 0.388 seconds
[2024-09-12T16:16:53.301+0000] {processor.py:186} INFO - Started process (PID=4313) to work on /home/airflow/.local/lib/python3.12/site-packages/airflow/example_dags/tutorial_objectstorage.py
[2024-09-12T16:16:53.307+0000] {processor.py:914} INFO - Processing file /home/airflow/.local/lib/python3.12/site-packages/airflow/example_dags/tutorial_objectstorage.py for tasks to queue
[2024-09-12T16:16:53.313+0000] {logging_mixin.py:190} INFO - [2024-09-12T16:16:53.312+0000] {dagbag.py:587} INFO - Filling up the DagBag from /home/airflow/.local/lib/python3.12/site-packages/airflow/example_dags/tutorial_objectstorage.py
[2024-09-12T16:16:53.352+0000] {processor.py:925} INFO - DAG(s) 'tutorial_objectstorage' retrieved from /home/airflow/.local/lib/python3.12/site-packages/airflow/example_dags/tutorial_objectstorage.py
[2024-09-12T16:16:53.462+0000] {logging_mixin.py:190} INFO - [2024-09-12T16:16:53.462+0000] {dag.py:3211} INFO - Sync 1 DAGs
[2024-09-12T16:16:53.587+0000] {logging_mixin.py:190} INFO - [2024-09-12T16:16:53.586+0000] {dag.py:4138} INFO - Setting next_dagrun for tutorial_objectstorage to None, run_after=None
[2024-09-12T16:16:53.786+0000] {processor.py:208} INFO - Processing /home/airflow/.local/lib/python3.12/site-packages/airflow/example_dags/tutorial_objectstorage.py took 0.514 seconds
[2024-09-12T16:17:37.385+0000] {processor.py:186} INFO - Started process (PID=4368) to work on /home/airflow/.local/lib/python3.12/site-packages/airflow/example_dags/tutorial_objectstorage.py
[2024-09-12T16:17:37.414+0000] {processor.py:914} INFO - Processing file /home/airflow/.local/lib/python3.12/site-packages/airflow/example_dags/tutorial_objectstorage.py for tasks to queue
[2024-09-12T16:17:37.431+0000] {logging_mixin.py:190} INFO - [2024-09-12T16:17:37.430+0000] {dagbag.py:587} INFO - Filling up the DagBag from /home/airflow/.local/lib/python3.12/site-packages/airflow/example_dags/tutorial_objectstorage.py
[2024-09-12T16:17:37.501+0000] {processor.py:925} INFO - DAG(s) 'tutorial_objectstorage' retrieved from /home/airflow/.local/lib/python3.12/site-packages/airflow/example_dags/tutorial_objectstorage.py
[2024-09-12T16:17:37.573+0000] {logging_mixin.py:190} INFO - [2024-09-12T16:17:37.572+0000] {dag.py:3211} INFO - Sync 1 DAGs
[2024-09-12T16:17:37.707+0000] {logging_mixin.py:190} INFO - [2024-09-12T16:17:37.706+0000] {dag.py:4138} INFO - Setting next_dagrun for tutorial_objectstorage to None, run_after=None
[2024-09-12T16:17:37.842+0000] {processor.py:208} INFO - Processing /home/airflow/.local/lib/python3.12/site-packages/airflow/example_dags/tutorial_objectstorage.py took 0.523 seconds
[2024-09-12T16:18:14.657+0000] {processor.py:186} INFO - Started process (PID=4439) to work on /home/airflow/.local/lib/python3.12/site-packages/airflow/example_dags/tutorial_objectstorage.py
[2024-09-12T16:18:14.671+0000] {processor.py:914} INFO - Processing file /home/airflow/.local/lib/python3.12/site-packages/airflow/example_dags/tutorial_objectstorage.py for tasks to queue
[2024-09-12T16:18:14.674+0000] {logging_mixin.py:190} INFO - [2024-09-12T16:18:14.673+0000] {dagbag.py:587} INFO - Filling up the DagBag from /home/airflow/.local/lib/python3.12/site-packages/airflow/example_dags/tutorial_objectstorage.py
[2024-09-12T16:18:14.749+0000] {processor.py:925} INFO - DAG(s) 'tutorial_objectstorage' retrieved from /home/airflow/.local/lib/python3.12/site-packages/airflow/example_dags/tutorial_objectstorage.py
[2024-09-12T16:18:14.870+0000] {logging_mixin.py:190} INFO - [2024-09-12T16:18:14.870+0000] {dag.py:3211} INFO - Sync 1 DAGs
[2024-09-12T16:18:14.947+0000] {logging_mixin.py:190} INFO - [2024-09-12T16:18:14.946+0000] {dag.py:4138} INFO - Setting next_dagrun for tutorial_objectstorage to None, run_after=None
[2024-09-12T16:18:15.071+0000] {processor.py:208} INFO - Processing /home/airflow/.local/lib/python3.12/site-packages/airflow/example_dags/tutorial_objectstorage.py took 0.463 seconds
[2024-09-12T16:19:00.597+0000] {processor.py:186} INFO - Started process (PID=4505) to work on /home/airflow/.local/lib/python3.12/site-packages/airflow/example_dags/tutorial_objectstorage.py
[2024-09-12T16:19:00.617+0000] {processor.py:914} INFO - Processing file /home/airflow/.local/lib/python3.12/site-packages/airflow/example_dags/tutorial_objectstorage.py for tasks to queue
[2024-09-12T16:19:00.635+0000] {logging_mixin.py:190} INFO - [2024-09-12T16:19:00.634+0000] {dagbag.py:587} INFO - Filling up the DagBag from /home/airflow/.local/lib/python3.12/site-packages/airflow/example_dags/tutorial_objectstorage.py
[2024-09-12T16:19:00.953+0000] {processor.py:925} INFO - DAG(s) 'tutorial_objectstorage' retrieved from /home/airflow/.local/lib/python3.12/site-packages/airflow/example_dags/tutorial_objectstorage.py
[2024-09-12T16:19:01.259+0000] {logging_mixin.py:190} INFO - [2024-09-12T16:19:01.258+0000] {dag.py:3211} INFO - Sync 1 DAGs
[2024-09-12T16:19:01.424+0000] {logging_mixin.py:190} INFO - [2024-09-12T16:19:01.424+0000] {dag.py:4138} INFO - Setting next_dagrun for tutorial_objectstorage to None, run_after=None
[2024-09-12T16:19:01.585+0000] {processor.py:208} INFO - Processing /home/airflow/.local/lib/python3.12/site-packages/airflow/example_dags/tutorial_objectstorage.py took 1.091 seconds
[2024-09-12T16:19:34.376+0000] {processor.py:186} INFO - Started process (PID=4569) to work on /home/airflow/.local/lib/python3.12/site-packages/airflow/example_dags/tutorial_objectstorage.py
[2024-09-12T16:19:34.378+0000] {processor.py:914} INFO - Processing file /home/airflow/.local/lib/python3.12/site-packages/airflow/example_dags/tutorial_objectstorage.py for tasks to queue
[2024-09-12T16:19:34.410+0000] {logging_mixin.py:190} INFO - [2024-09-12T16:19:34.389+0000] {dagbag.py:587} INFO - Filling up the DagBag from /home/airflow/.local/lib/python3.12/site-packages/airflow/example_dags/tutorial_objectstorage.py
[2024-09-12T16:19:34.532+0000] {processor.py:925} INFO - DAG(s) 'tutorial_objectstorage' retrieved from /home/airflow/.local/lib/python3.12/site-packages/airflow/example_dags/tutorial_objectstorage.py
[2024-09-12T16:19:34.768+0000] {logging_mixin.py:190} INFO - [2024-09-12T16:19:34.767+0000] {dag.py:3211} INFO - Sync 1 DAGs
[2024-09-12T16:19:34.994+0000] {logging_mixin.py:190} INFO - [2024-09-12T16:19:34.993+0000] {dag.py:4138} INFO - Setting next_dagrun for tutorial_objectstorage to None, run_after=None
[2024-09-12T16:19:35.202+0000] {processor.py:208} INFO - Processing /home/airflow/.local/lib/python3.12/site-packages/airflow/example_dags/tutorial_objectstorage.py took 0.861 seconds
[2024-09-12T16:20:10.940+0000] {processor.py:186} INFO - Started process (PID=4630) to work on /home/airflow/.local/lib/python3.12/site-packages/airflow/example_dags/tutorial_objectstorage.py
[2024-09-12T16:20:10.951+0000] {processor.py:914} INFO - Processing file /home/airflow/.local/lib/python3.12/site-packages/airflow/example_dags/tutorial_objectstorage.py for tasks to queue
[2024-09-12T16:20:10.959+0000] {logging_mixin.py:190} INFO - [2024-09-12T16:20:10.958+0000] {dagbag.py:587} INFO - Filling up the DagBag from /home/airflow/.local/lib/python3.12/site-packages/airflow/example_dags/tutorial_objectstorage.py
[2024-09-12T16:20:11.076+0000] {processor.py:925} INFO - DAG(s) 'tutorial_objectstorage' retrieved from /home/airflow/.local/lib/python3.12/site-packages/airflow/example_dags/tutorial_objectstorage.py
[2024-09-12T16:20:11.490+0000] {logging_mixin.py:190} INFO - [2024-09-12T16:20:11.489+0000] {dag.py:3211} INFO - Sync 1 DAGs
[2024-09-12T16:20:11.601+0000] {logging_mixin.py:190} INFO - [2024-09-12T16:20:11.600+0000] {dag.py:4138} INFO - Setting next_dagrun for tutorial_objectstorage to None, run_after=None
[2024-09-12T16:20:11.967+0000] {processor.py:208} INFO - Processing /home/airflow/.local/lib/python3.12/site-packages/airflow/example_dags/tutorial_objectstorage.py took 1.095 seconds
[2024-09-12T16:21:04.387+0000] {processor.py:186} INFO - Started process (PID=4694) to work on /home/airflow/.local/lib/python3.12/site-packages/airflow/example_dags/tutorial_objectstorage.py
[2024-09-12T16:21:04.389+0000] {processor.py:914} INFO - Processing file /home/airflow/.local/lib/python3.12/site-packages/airflow/example_dags/tutorial_objectstorage.py for tasks to queue
[2024-09-12T16:21:04.392+0000] {logging_mixin.py:190} INFO - [2024-09-12T16:21:04.391+0000] {dagbag.py:587} INFO - Filling up the DagBag from /home/airflow/.local/lib/python3.12/site-packages/airflow/example_dags/tutorial_objectstorage.py
[2024-09-12T16:21:04.471+0000] {processor.py:925} INFO - DAG(s) 'tutorial_objectstorage' retrieved from /home/airflow/.local/lib/python3.12/site-packages/airflow/example_dags/tutorial_objectstorage.py
[2024-09-12T16:21:04.592+0000] {logging_mixin.py:190} INFO - [2024-09-12T16:21:04.591+0000] {dag.py:3211} INFO - Sync 1 DAGs
[2024-09-12T16:21:04.691+0000] {logging_mixin.py:190} INFO - [2024-09-12T16:21:04.691+0000] {dag.py:4138} INFO - Setting next_dagrun for tutorial_objectstorage to None, run_after=None
[2024-09-12T16:21:04.787+0000] {processor.py:208} INFO - Processing /home/airflow/.local/lib/python3.12/site-packages/airflow/example_dags/tutorial_objectstorage.py took 0.438 seconds
[2024-09-12T16:22:22.818+0000] {processor.py:186} INFO - Started process (PID=4772) to work on /home/airflow/.local/lib/python3.12/site-packages/airflow/example_dags/tutorial_objectstorage.py
[2024-09-12T16:22:22.823+0000] {processor.py:914} INFO - Processing file /home/airflow/.local/lib/python3.12/site-packages/airflow/example_dags/tutorial_objectstorage.py for tasks to queue
[2024-09-12T16:22:22.827+0000] {logging_mixin.py:190} INFO - [2024-09-12T16:22:22.826+0000] {dagbag.py:587} INFO - Filling up the DagBag from /home/airflow/.local/lib/python3.12/site-packages/airflow/example_dags/tutorial_objectstorage.py
[2024-09-12T16:22:22.917+0000] {processor.py:925} INFO - DAG(s) 'tutorial_objectstorage' retrieved from /home/airflow/.local/lib/python3.12/site-packages/airflow/example_dags/tutorial_objectstorage.py
[2024-09-12T16:22:23.065+0000] {logging_mixin.py:190} INFO - [2024-09-12T16:22:23.064+0000] {dag.py:3211} INFO - Sync 1 DAGs
[2024-09-12T16:22:23.138+0000] {logging_mixin.py:190} INFO - [2024-09-12T16:22:23.137+0000] {dag.py:4138} INFO - Setting next_dagrun for tutorial_objectstorage to None, run_after=None
[2024-09-12T16:22:23.367+0000] {processor.py:208} INFO - Processing /home/airflow/.local/lib/python3.12/site-packages/airflow/example_dags/tutorial_objectstorage.py took 0.578 seconds
[2024-09-12T16:23:04.265+0000] {processor.py:186} INFO - Started process (PID=4845) to work on /home/airflow/.local/lib/python3.12/site-packages/airflow/example_dags/tutorial_objectstorage.py
[2024-09-12T16:23:04.267+0000] {processor.py:914} INFO - Processing file /home/airflow/.local/lib/python3.12/site-packages/airflow/example_dags/tutorial_objectstorage.py for tasks to queue
[2024-09-12T16:23:04.276+0000] {logging_mixin.py:190} INFO - [2024-09-12T16:23:04.276+0000] {dagbag.py:587} INFO - Filling up the DagBag from /home/airflow/.local/lib/python3.12/site-packages/airflow/example_dags/tutorial_objectstorage.py
[2024-09-12T16:23:04.321+0000] {processor.py:925} INFO - DAG(s) 'tutorial_objectstorage' retrieved from /home/airflow/.local/lib/python3.12/site-packages/airflow/example_dags/tutorial_objectstorage.py
[2024-09-12T16:23:04.460+0000] {logging_mixin.py:190} INFO - [2024-09-12T16:23:04.459+0000] {dag.py:3211} INFO - Sync 1 DAGs
[2024-09-12T16:23:04.541+0000] {logging_mixin.py:190} INFO - [2024-09-12T16:23:04.540+0000] {dag.py:4138} INFO - Setting next_dagrun for tutorial_objectstorage to None, run_after=None
[2024-09-12T16:23:04.671+0000] {processor.py:208} INFO - Processing /home/airflow/.local/lib/python3.12/site-packages/airflow/example_dags/tutorial_objectstorage.py took 0.421 seconds
