[2024-09-12T16:07:05.352+0000] {local_task_job_runner.py:123} INFO - ::group::Pre task execution logs
[2024-09-12T16:07:08.304+0000] {taskinstance.py:2603} INFO - Dependencies all met for dep_context=non-requeueable deps ti=<TaskInstance: car_price_prediction.pipeline scheduled__2022-10-03T15:00:00+00:00 [queued]>
[2024-09-12T16:07:08.633+0000] {taskinstance.py:2603} INFO - Dependencies all met for dep_context=requeueable deps ti=<TaskInstance: car_price_prediction.pipeline scheduled__2022-10-03T15:00:00+00:00 [queued]>
[2024-09-12T16:07:08.710+0000] {taskinstance.py:2856} INFO - Starting attempt 1 of 2
[2024-09-12T16:07:09.642+0000] {taskinstance.py:2879} INFO - Executing <Task(PythonOperator): pipeline> on 2022-10-03 15:00:00+00:00
[2024-09-12T16:07:09.907+0000] {standard_task_runner.py:104} INFO - Running: ['***', 'tasks', 'run', 'car_price_prediction', 'pipeline', 'scheduled__2022-10-03T15:00:00+00:00', '--job-id', '61', '--raw', '--subdir', 'DAGS_FOLDER/hw_dag.py', '--cfg-path', '/tmp/tmp92e8f6aj']
[2024-09-12T16:07:09.929+0000] {standard_task_runner.py:105} INFO - Job 61: Subtask pipeline
[2024-09-12T16:07:09.898+0000] {warnings.py:112} WARNING - /home/***/.local/lib/python3.12/site-packages/***/task/task_runner/standard_task_runner.py:70: DeprecationWarning: This process (pid=1322) is multi-threaded, use of fork() may lead to deadlocks in the child.
  pid = os.fork()

[2024-09-12T16:07:09.931+0000] {standard_task_runner.py:72} INFO - Started process 1363 to run task
[2024-09-12T16:07:10.688+0000] {task_command.py:467} INFO - Running <TaskInstance: car_price_prediction.pipeline scheduled__2022-10-03T15:00:00+00:00 [running]> on host 6d94a8a19157
[2024-09-12T16:07:11.818+0000] {taskinstance.py:3122} INFO - Exporting env vars: AIRFLOW_CTX_DAG_OWNER='***' AIRFLOW_CTX_DAG_ID='car_price_prediction' AIRFLOW_CTX_TASK_ID='pipeline' AIRFLOW_CTX_EXECUTION_DATE='2022-10-03T15:00:00+00:00' AIRFLOW_CTX_TRY_NUMBER='1' AIRFLOW_CTX_DAG_RUN_ID='scheduled__2022-10-03T15:00:00+00:00'
[2024-09-12T16:07:11.839+0000] {logging_mixin.py:190} INFO - Task instance is in running state
[2024-09-12T16:07:11.854+0000] {logging_mixin.py:190} INFO -  Previous state of the Task instance: queued
[2024-09-12T16:07:11.870+0000] {logging_mixin.py:190} INFO - Current task name:pipeline state:running start_date:2024-09-12 16:07:08.342852+00:00
[2024-09-12T16:07:11.880+0000] {logging_mixin.py:190} INFO - Dag name:car_price_prediction and current dag run status:running
[2024-09-12T16:07:11.885+0000] {taskinstance.py:731} INFO - ::endgroup::
[2024-09-12T16:07:15.461+0000] {job.py:229} INFO - Heartbeat recovered after 10.84 seconds
[2024-09-12T16:07:55.769+0000] {pipeline.py:116} INFO - model: LogisticRegression, acc_mean: 0.7591, acc_std: 0.0075
[2024-09-12T16:09:56.104+0000] {job.py:229} INFO - Heartbeat recovered after 11.07 seconds
[2024-09-12T16:10:19.685+0000] {job.py:229} INFO - Heartbeat recovered after 23.73 seconds
[2024-09-12T16:10:19.945+0000] {local_task_job_runner.py:261} INFO - Task exited with return code -9For more information, see https://***.apache.org/docs/apache-***/stable/troubleshooting.html#LocalTaskJob-killed
[2024-09-12T16:10:20.088+0000] {local_task_job_runner.py:240} INFO - ::endgroup::
