[2024-09-12T15:57:45.582+0000] {local_task_job_runner.py:123} INFO - ::group::Pre task execution logs
[2024-09-12T15:57:45.820+0000] {taskinstance.py:2603} INFO - Dependencies all met for dep_context=non-requeueable deps ti=<TaskInstance: car_price_prediction.pipeline scheduled__2022-09-15T15:00:00+00:00 [queued]>
[2024-09-12T15:57:45.955+0000] {taskinstance.py:2603} INFO - Dependencies all met for dep_context=requeueable deps ti=<TaskInstance: car_price_prediction.pipeline scheduled__2022-09-15T15:00:00+00:00 [queued]>
[2024-09-12T15:57:45.970+0000] {taskinstance.py:2856} INFO - Starting attempt 2 of 2
[2024-09-12T15:57:46.276+0000] {taskinstance.py:2879} INFO - Executing <Task(PythonOperator): pipeline> on 2022-09-15 15:00:00+00:00
[2024-09-12T15:57:46.366+0000] {warnings.py:112} WARNING - /home/***/.local/lib/python3.12/site-packages/***/task/task_runner/standard_task_runner.py:70: DeprecationWarning: This process (pid=1078) is multi-threaded, use of fork() may lead to deadlocks in the child.
  pid = os.fork()

[2024-09-12T15:57:46.385+0000] {standard_task_runner.py:72} INFO - Started process 1116 to run task
[2024-09-12T15:57:46.400+0000] {standard_task_runner.py:104} INFO - Running: ['***', 'tasks', 'run', 'car_price_prediction', 'pipeline', 'scheduled__2022-09-15T15:00:00+00:00', '--job-id', '54', '--raw', '--subdir', 'DAGS_FOLDER/hw_dag.py', '--cfg-path', '/tmp/tmpbdo0f749']
[2024-09-12T15:57:46.414+0000] {standard_task_runner.py:105} INFO - Job 54: Subtask pipeline
[2024-09-12T15:57:47.182+0000] {task_command.py:467} INFO - Running <TaskInstance: car_price_prediction.pipeline scheduled__2022-09-15T15:00:00+00:00 [running]> on host 6d94a8a19157
[2024-09-12T15:57:50.834+0000] {taskinstance.py:3122} INFO - Exporting env vars: AIRFLOW_CTX_DAG_OWNER='***' AIRFLOW_CTX_DAG_ID='car_price_prediction' AIRFLOW_CTX_TASK_ID='pipeline' AIRFLOW_CTX_EXECUTION_DATE='2022-09-15T15:00:00+00:00' AIRFLOW_CTX_TRY_NUMBER='2' AIRFLOW_CTX_DAG_RUN_ID='scheduled__2022-09-15T15:00:00+00:00'
[2024-09-12T15:57:50.855+0000] {logging_mixin.py:190} INFO - Task instance is in running state
[2024-09-12T15:57:50.856+0000] {logging_mixin.py:190} INFO -  Previous state of the Task instance: queued
[2024-09-12T15:57:50.858+0000] {logging_mixin.py:190} INFO - Current task name:pipeline state:running start_date:2024-09-12 15:57:45.827019+00:00
[2024-09-12T15:57:50.862+0000] {logging_mixin.py:190} INFO - Dag name:car_price_prediction and current dag run status:running
[2024-09-12T15:57:50.871+0000] {taskinstance.py:731} INFO - ::endgroup::
[2024-09-12T15:58:24.739+0000] {pipeline.py:116} INFO - model: LogisticRegression, acc_mean: 0.7591, acc_std: 0.0075
[2024-09-12T15:59:08.969+0000] {job.py:229} INFO - Heartbeat recovered after 13.83 seconds
[2024-09-12T15:59:35.955+0000] {job.py:229} INFO - Heartbeat recovered after 10.91 seconds
[2024-09-12T16:02:48.220+0000] {job.py:229} INFO - Heartbeat recovered after 11.51 seconds
[2024-09-12T16:05:04.671+0000] {job.py:229} INFO - Heartbeat recovered after 14.61 seconds
[2024-09-12T16:05:40.229+0000] {local_task_job_runner.py:261} INFO - Task exited with return code -9For more information, see https://***.apache.org/docs/apache-***/stable/troubleshooting.html#LocalTaskJob-killed
[2024-09-12T16:05:40.986+0000] {taskinstance.py:3891} INFO - 0 downstream tasks scheduled from follow-on schedule check
[2024-09-12T16:05:41.019+0000] {local_task_job_runner.py:240} INFO - ::endgroup::
